info: solver_name; value: dec-mcts-bp-1
info: reward_function; value: reward00
info: replica; value: 2
info: filename; value: ../logs/ablacion_blockprob/scenario_1E_20t_4r_dec-mcts-bp-1_reward00_002.log
info: scenario_name; value: scenario_1E_20t_4r
info: scenario_name; value: scenario_1E_20t_4r
info: number_of_tasks; value: 20
info: number_of_robots; value: 4
info: number_of_recharging_stations; value: 1
info: scenario_size; value: (15,15)
event: recharging_station_spawn; timestamp: 0; recharging_station: 1; pos: (0, 0)
event: task_spawn; timestamp: 0; task: 1; pos: (0, 5); earliest_start: 31; latest_start: 39.6; state: PENDING; required_workers: 1; success_prob: 1; max_attempts: 1
event: task_spawn; timestamp: 0; task: 2; pos: (0.95, 4.31); earliest_start: 38; latest_start: 48.39; state: PENDING; required_workers: 1; success_prob: 1; max_attempts: 1
event: task_spawn; timestamp: 0; task: 3; pos: (0.59, 3.19); earliest_start: 36; latest_start: 41.87; state: PENDING; required_workers: 1; success_prob: 1; max_attempts: 1
event: task_spawn; timestamp: 0; task: 4; pos: (-0.59, 3.19); earliest_start: 15; latest_start: 24.05; state: PENDING; required_workers: 1; success_prob: 1; max_attempts: 1
event: task_spawn; timestamp: 0; task: 5; pos: (-0.95, 4.31); earliest_start: 0; latest_start: 9.51; state: PENDING; required_workers: 1; success_prob: 1; max_attempts: 1
event: task_spawn; timestamp: 0; task: 6; pos: (4, 1); earliest_start: 39; latest_start: 46.56; state: PENDING; required_workers: 1; success_prob: 1; max_attempts: 1
event: task_spawn; timestamp: 0; task: 7; pos: (4.95, 0.31); earliest_start: 11; latest_start: 18.65; state: PENDING; required_workers: 1; success_prob: 1; max_attempts: 1
event: task_spawn; timestamp: 0; task: 8; pos: (4.59, -0.81); earliest_start: 5; latest_start: 18.12; state: PENDING; required_workers: 1; success_prob: 1; max_attempts: 1
event: task_spawn; timestamp: 0; task: 9; pos: (3.41, -0.81); earliest_start: 33; latest_start: 40.19; state: PENDING; required_workers: 1; success_prob: 1; max_attempts: 1
event: task_spawn; timestamp: 0; task: 10; pos: (3.05, 0.31); earliest_start: 34; latest_start: 43.58; state: PENDING; required_workers: 1; success_prob: 1; max_attempts: 1
event: task_spawn; timestamp: 0; task: 11; pos: (0, -3); earliest_start: 35; latest_start: 36.06; state: PENDING; required_workers: 1; success_prob: 1; max_attempts: 1
event: task_spawn; timestamp: 0; task: 12; pos: (0.95, -3.69); earliest_start: 1; latest_start: 10.59; state: PENDING; required_workers: 1; success_prob: 1; max_attempts: 1
event: task_spawn; timestamp: 0; task: 13; pos: (0.59, -4.81); earliest_start: 40; latest_start: 47.39; state: PENDING; required_workers: 1; success_prob: 1; max_attempts: 1
event: task_spawn; timestamp: 0; task: 14; pos: (-0.59, -4.81); earliest_start: 24; latest_start: 36.15; state: PENDING; required_workers: 1; success_prob: 1; max_attempts: 1
event: task_spawn; timestamp: 0; task: 15; pos: (-0.95, -3.69); earliest_start: 1; latest_start: 13.28; state: PENDING; required_workers: 1; success_prob: 1; max_attempts: 1
event: task_spawn; timestamp: 0; task: 16; pos: (-4, 1); earliest_start: 22; latest_start: 31.73; state: PENDING; required_workers: 1; success_prob: 1; max_attempts: 1
event: task_spawn; timestamp: 0; task: 17; pos: (-3.05, 0.31); earliest_start: 40; latest_start: 50.66; state: PENDING; required_workers: 1; success_prob: 1; max_attempts: 1
event: task_spawn; timestamp: 0; task: 18; pos: (-3.41, -0.81); earliest_start: 6; latest_start: 13.32; state: PENDING; required_workers: 1; success_prob: 1; max_attempts: 1
event: task_spawn; timestamp: 0; task: 19; pos: (-4.59, -0.81); earliest_start: 21; latest_start: 31.66; state: PENDING; required_workers: 1; success_prob: 1; max_attempts: 1
event: task_spawn; timestamp: 0; task: 20; pos: (-4.95, 0.31); earliest_start: 8; latest_start: 13.15; state: PENDING; required_workers: 1; success_prob: 1; max_attempts: 1
event: robot_spawn; timestamp: 0; robot: 1; pos: (0, 0); state: AVAILABLE; battery_level: 100; battery_capacity: 100; velocity: 1; battery_rate_nav: 1
event: robot_spawn; timestamp: 0; robot: 2; pos: (0, 0); state: AVAILABLE; battery_level: 100; battery_capacity: 100; velocity: 1; battery_rate_nav: 1
event: robot_spawn; timestamp: 0; robot: 3; pos: (0, 0); state: AVAILABLE; battery_level: 100; battery_capacity: 100; velocity: 1; battery_rate_nav: 1
event: robot_spawn; timestamp: 0; robot: 4; pos: (0, 0); state: AVAILABLE; battery_level: 100; battery_capacity: 100; velocity: 1; battery_rate_nav: 1
event: battery_consumption; timestamp: 0; robot: 4; time: 4.66092; initial_level: 100; final_level: 95.3391
event: navigation; timestamp: 0; robot: 4; time: 4.66092; src: (0, 0); dst: (4.59, -0.81)
event: battery_consumption; timestamp: 0; robot: 2; time: 3.50488; initial_level: 100; final_level: 96.4951
event: navigation; timestamp: 0; robot: 2; time: 3.50488; src: (0, 0); dst: (-3.41, -0.81)
event: battery_consumption; timestamp: 0; robot: 1; time: 4.9597; initial_level: 100; final_level: 95.0403
event: navigation; timestamp: 0; robot: 1; time: 4.9597; src: (0, 0); dst: (-4.95, 0.31)
event: battery_consumption; timestamp: 1; robot: 3; time: 3.81033; initial_level: 100; final_level: 96.1897
event: navigation; timestamp: 1; robot: 3; time: 3.81033; src: (0, 0); dst: (-0.95, -3.69)
event: task_execution; timestamp: 4.81033; task: 15; robot: 3; pos: (-0.95, -3.69); time: 10
event: battery_consumption; timestamp: 4.81033; robot: 3; time: 10; initial_level: 96.1897; final_level: 86.1897
event: task_resolution; timestamp: 14.8103; task: 15; pos: (-0.95, -3.69); status: COMPLETED; attempt: 1
event: battery_consumption; timestamp: 14.8103; robot: 3; time: 4.64155; initial_level: 86.1897; final_level: 81.5481
event: navigation; timestamp: 14.8103; robot: 3; time: 4.64155; src: (-0.95, -3.69); dst: (-4.59, -0.81)
event: task_execution; timestamp: 5; task: 8; robot: 4; pos: (4.59, -0.81); time: 10
event: battery_consumption; timestamp: 5; robot: 4; time: 10; initial_level: 95.3391; final_level: 85.3391
event: task_resolution; timestamp: 15; task: 8; pos: (4.59, -0.81); status: COMPLETED; attempt: 1
event: battery_consumption; timestamp: 15; robot: 4; time: 1.17644; initial_level: 85.3391; final_level: 84.1626
event: navigation; timestamp: 15; robot: 4; time: 1.17644; src: (4.59, -0.81); dst: (4.95, 0.31)
event: task_execution; timestamp: 6; task: 18; robot: 2; pos: (-3.41, -0.81); time: 10
event: battery_consumption; timestamp: 6; robot: 2; time: 10; initial_level: 96.4951; final_level: 86.4951
event: task_resolution; timestamp: 16; task: 18; pos: (-3.41, -0.81); status: COMPLETED; attempt: 1
event: battery_consumption; timestamp: 16; robot: 2; time: 4.89412; initial_level: 86.4951; final_level: 81.601
event: navigation; timestamp: 16; robot: 2; time: 4.89412; src: (-3.41, -0.81); dst: (-0.59, 3.19)
event: task_execution; timestamp: 8; task: 20; robot: 1; pos: (-4.95, 0.31); time: 10
event: battery_consumption; timestamp: 8; robot: 1; time: 10; initial_level: 95.0403; final_level: 85.0403
event: task_resolution; timestamp: 18; task: 20; pos: (-4.95, 0.31); status: COMPLETED; attempt: 1
event: battery_consumption; timestamp: 18; robot: 1; time: 6.72488; initial_level: 85.0403; final_level: 78.3154
event: navigation; timestamp: 18; robot: 1; time: 6.72488; src: (-4.95, 0.31); dst: (-0.59, -4.81)
event: task_execution; timestamp: 16.1764; task: 7; robot: 4; pos: (4.95, 0.31); time: 10
event: battery_consumption; timestamp: 16.1764; robot: 4; time: 10; initial_level: 84.1626; final_level: 74.1626
event: task_resolution; timestamp: 26.1764; task: 7; pos: (4.95, 0.31); status: COMPLETED; attempt: 1
event: battery_consumption; timestamp: 26.1764; robot: 4; time: 1.90421; initial_level: 74.1626; final_level: 72.2584
event: navigation; timestamp: 26.1764; robot: 4; time: 1.90421; src: (4.95, 0.31); dst: (3.41, -0.81)
event: task_execution; timestamp: 20.8941; task: 4; robot: 2; pos: (-0.59, 3.19); time: 10
event: battery_consumption; timestamp: 20.8941; robot: 2; time: 10; initial_level: 81.601; final_level: 71.601
event: task_resolution; timestamp: 30.8941; task: 4; pos: (-0.59, 3.19); status: COMPLETED; attempt: 1
event: battery_consumption; timestamp: 30.8941; robot: 2; time: 1.90373; initial_level: 71.601; final_level: 69.6973
event: navigation; timestamp: 30.8941; robot: 2; time: 1.90373; src: (-0.59, 3.19); dst: (0, 5)
event: task_execution; timestamp: 21; task: 19; robot: 3; pos: (-4.59, -0.81); time: 10
event: battery_consumption; timestamp: 21; robot: 3; time: 10; initial_level: 81.5481; final_level: 71.5481
event: task_resolution; timestamp: 31; task: 19; pos: (-4.59, -0.81); status: COMPLETED; attempt: 1
event: battery_consumption; timestamp: 32; robot: 3; time: 6.54465; initial_level: 71.5481; final_level: 65.0035
event: navigation; timestamp: 32; robot: 3; time: 6.54465; src: (-4.59, -0.81); dst: (0.59, -4.81)
event: task_execution; timestamp: 24.7249; task: 14; robot: 1; pos: (-0.59, -4.81); time: 10
event: battery_consumption; timestamp: 24.7249; robot: 1; time: 10; initial_level: 78.3154; final_level: 68.3154
event: task_resolution; timestamp: 34.7249; task: 14; pos: (-0.59, -4.81); status: COMPLETED; attempt: 1
event: battery_consumption; timestamp: 34.7249; robot: 1; time: 1.90373; initial_level: 68.3154; final_level: 66.4117
event: navigation; timestamp: 34.7249; robot: 1; time: 1.90373; src: (-0.59, -4.81); dst: (0, -3)
event: task_execution; timestamp: 32.7979; task: 1; robot: 2; pos: (0, 5); time: 10
event: battery_consumption; timestamp: 32.7979; robot: 2; time: 10; initial_level: 69.6973; final_level: 59.6973
event: task_resolution; timestamp: 42.7979; task: 1; pos: (0, 5); status: COMPLETED; attempt: 1
event: battery_consumption; timestamp: 42.7979; robot: 2; time: 5.59452; initial_level: 59.6973; final_level: 54.1028
event: navigation; timestamp: 42.7979; robot: 2; time: 5.59452; src: (0, 5); dst: (3.05, 0.31)
event: task_execution; timestamp: 33; task: 9; robot: 4; pos: (3.41, -0.81); time: 10
event: battery_consumption; timestamp: 33; robot: 4; time: 10; initial_level: 72.2584; final_level: 62.2584
event: task_resolution; timestamp: 43; task: 9; pos: (3.41, -0.81); status: COMPLETED; attempt: 1
event: battery_consumption; timestamp: 43; robot: 4; time: 1.90373; initial_level: 62.2584; final_level: 60.3547
event: navigation; timestamp: 43; robot: 4; time: 1.90373; src: (3.41, -0.81); dst: (4, 1)
event: task_execution; timestamp: 36.6286; task: 11; robot: 1; pos: (0, -3); time: 10
event: battery_consumption; timestamp: 36.6286; robot: 1; time: 10; initial_level: 66.4117; final_level: 56.4117
event: task_resolution; timestamp: 46.6286; task: 11; pos: (0, -3); status: COMPLETED; attempt: 1
event: battery_consumption; timestamp: 46.6286; robot: 1; time: 7.37147; initial_level: 56.4117; final_level: 49.0402
event: navigation; timestamp: 46.6286; robot: 1; time: 7.37147; src: (0, -3); dst: (0.95, 4.31)
event: task_execution; timestamp: 40; task: 13; robot: 3; pos: (0.59, -4.81); time: 10
event: battery_consumption; timestamp: 40; robot: 3; time: 10; initial_level: 65.0035; final_level: 55.0035
event: task_resolution; timestamp: 50; task: 13; pos: (0.59, -4.81); status: COMPLETED; attempt: 1
event: battery_consumption; timestamp: 51; robot: 3; time: 4.84605; initial_level: 55.0035; final_level: 50.1574
event: navigation; timestamp: 51; robot: 3; time: 4.84605; src: (0.59, -4.81); dst: (0, 0)
event: robot_finished; timestamp: 55.846; robot: 3; pos: (0, 0); battery: 50.1574
event: task_execution; timestamp: 44.9037; task: 6; robot: 4; pos: (4, 1); time: 10
event: battery_consumption; timestamp: 44.9037; robot: 4; time: 10; initial_level: 60.3547; final_level: 50.3547
event: task_resolution; timestamp: 54.9037; task: 6; pos: (4, 1); status: COMPLETED; attempt: 1
event: battery_consumption; timestamp: 54.9037; robot: 4; time: 4.12311; initial_level: 50.3547; final_level: 46.2316
event: navigation; timestamp: 54.9037; robot: 4; time: 4.12311; src: (4, 1); dst: (0, 0)
event: robot_finished; timestamp: 59.0268; robot: 4; pos: (0, 0); battery: 46.2316
event: task_execution; timestamp: 48.3924; task: 10; robot: 2; pos: (3.05, 0.31); time: 10
event: battery_consumption; timestamp: 48.3924; robot: 2; time: 10; initial_level: 54.1028; final_level: 44.1028
event: task_resolution; timestamp: 58.3924; task: 10; pos: (3.05, 0.31); status: COMPLETED; attempt: 1
event: battery_consumption; timestamp: 58.3924; robot: 2; time: 3.06571; initial_level: 44.1028; final_level: 41.037
event: navigation; timestamp: 58.3924; robot: 2; time: 3.06571; src: (3.05, 0.31); dst: (0, 0)
event: recharge; timestamp: 61.4581; robot: 2; recharging_station: 1; pos: (0, 0); level: 100
event: robot_finished; timestamp: 61.4581; robot: 2; pos: (0, 0); battery: 100
event: task_execution; timestamp: 54.0001; task: 2; robot: 1; pos: (0.95, 4.31); time: 10
event: battery_consumption; timestamp: 54.0001; robot: 1; time: 10; initial_level: 49.0402; final_level: 39.0402
event: task_resolution; timestamp: 64.0001; task: 2; pos: (0.95, 4.31); status: COMPLETED; attempt: 1
event: battery_consumption; timestamp: 65.0001; robot: 1; time: 4.41346; initial_level: 39.0402; final_level: 34.6268
event: navigation; timestamp: 65.0001; robot: 1; time: 4.41346; src: (0.95, 4.31); dst: (0, 0)
event: robot_finished; timestamp: 69.4135; robot: 1; pos: (0, 0); battery: 34.6268
metric: available_agents; value: 0
metric: failed_agents; value: 0
metric: finished_agents; value: 4
metric: completed_tasks; value: 15
metric: pending_tasks; value: 0
metric: failed_tasks; value: 5
metric: average_robot_makespan; value: 61.4361
metric: sd_robot_makespan; value: 5.79348
metric: max_robot_makespan; value: 69.4135
metric: min_robot_makespan; value: 55.846
metric: average_robot_travel_distance; value: 19.4868
metric: sd_robot_travel_distance; value: 4.75223
metric: max_robot_travel_distance; value: 25.3732
metric: min_robot_travel_distance; value: 13.7684
metric: sum_robot_travel_distance; value: 77.9472
metric: average_completed_tasks_by_robot; value: 0
metric: sd_completed_tasks_by_robot; value: 0
metric: max_completed_tasks_by_robot; value: 0
metric: min_completed_tasks_by_robot; value: 0
metric: final_reward; value: 0.75
metric: computing_time; value: 0.991314
