info: solver_name; value: dec-mcts-bp-1
info: reward_function; value: reward00
info: replica; value: 1
info: filename; value: ../logs/ablacion_blockprob/scenario_1E_24t_5r_dec-mcts-bp-1_reward00_001.log
info: scenario_name; value: scenario_1E_24t_5r
info: scenario_name; value: scenario_1E_24t_5r
info: number_of_tasks; value: 24
info: number_of_robots; value: 5
info: number_of_recharging_stations; value: 1
info: scenario_size; value: (15,15)
event: recharging_station_spawn; timestamp: 0; recharging_station: 1; pos: (0, 0)
event: task_spawn; timestamp: 0; task: 1; pos: (0, 5); earliest_start: 40; latest_start: 51.29; state: PENDING; required_workers: 1; success_prob: 1; max_attempts: 1
event: task_spawn; timestamp: 0; task: 2; pos: (0.87, 4.5); earliest_start: 35; latest_start: 43.12; state: PENDING; required_workers: 1; success_prob: 1; max_attempts: 1
event: task_spawn; timestamp: 0; task: 3; pos: (0.87, 3.5); earliest_start: 39; latest_start: 48.36; state: PENDING; required_workers: 1; success_prob: 1; max_attempts: 1
event: task_spawn; timestamp: 0; task: 4; pos: (0, 3); earliest_start: 34; latest_start: 48.15; state: PENDING; required_workers: 1; success_prob: 1; max_attempts: 1
event: task_spawn; timestamp: 0; task: 5; pos: (-0.87, 3.5); earliest_start: 37; latest_start: 50.58; state: PENDING; required_workers: 1; success_prob: 1; max_attempts: 1
event: task_spawn; timestamp: 0; task: 6; pos: (-0.87, 4.5); earliest_start: 37; latest_start: 49.38; state: PENDING; required_workers: 1; success_prob: 1; max_attempts: 1
event: task_spawn; timestamp: 0; task: 7; pos: (4, 1); earliest_start: 46; latest_start: 58.49; state: PENDING; required_workers: 1; success_prob: 1; max_attempts: 1
event: task_spawn; timestamp: 0; task: 8; pos: (4.87, 0.5); earliest_start: 38; latest_start: 51.63; state: PENDING; required_workers: 1; success_prob: 1; max_attempts: 1
event: task_spawn; timestamp: 0; task: 9; pos: (4.87, -0.5); earliest_start: 2; latest_start: 8.44; state: PENDING; required_workers: 1; success_prob: 1; max_attempts: 1
event: task_spawn; timestamp: 0; task: 10; pos: (4, -1); earliest_start: 1; latest_start: 16.8; state: PENDING; required_workers: 1; success_prob: 1; max_attempts: 1
event: task_spawn; timestamp: 0; task: 11; pos: (3.13, -0.5); earliest_start: 49; latest_start: 65.38; state: PENDING; required_workers: 1; success_prob: 1; max_attempts: 1
event: task_spawn; timestamp: 0; task: 12; pos: (3.13, 0.5); earliest_start: 36; latest_start: 49.57; state: PENDING; required_workers: 1; success_prob: 1; max_attempts: 1
event: task_spawn; timestamp: 0; task: 13; pos: (0, -3); earliest_start: 36; latest_start: 45.81; state: PENDING; required_workers: 1; success_prob: 1; max_attempts: 1
event: task_spawn; timestamp: 0; task: 14; pos: (0.87, -3.5); earliest_start: 26; latest_start: 38.06; state: PENDING; required_workers: 1; success_prob: 1; max_attempts: 1
event: task_spawn; timestamp: 0; task: 15; pos: (0.87, -4.5); earliest_start: 40; latest_start: 49.45; state: PENDING; required_workers: 1; success_prob: 1; max_attempts: 1
event: task_spawn; timestamp: 0; task: 16; pos: (0, -5); earliest_start: 34; latest_start: 43.5; state: PENDING; required_workers: 1; success_prob: 1; max_attempts: 1
event: task_spawn; timestamp: 0; task: 17; pos: (-0.87, -4.5); earliest_start: 30; latest_start: 38.15; state: PENDING; required_workers: 1; success_prob: 1; max_attempts: 1
event: task_spawn; timestamp: 0; task: 18; pos: (-0.87, -3.5); earliest_start: 15; latest_start: 32.28; state: PENDING; required_workers: 1; success_prob: 1; max_attempts: 1
event: task_spawn; timestamp: 0; task: 19; pos: (-4, 1); earliest_start: 19; latest_start: 30.54; state: PENDING; required_workers: 1; success_prob: 1; max_attempts: 1
event: task_spawn; timestamp: 0; task: 20; pos: (-3.13, 0.5); earliest_start: 29; latest_start: 34.71; state: PENDING; required_workers: 1; success_prob: 1; max_attempts: 1
event: task_spawn; timestamp: 0; task: 21; pos: (-3.13, -0.5); earliest_start: 28; latest_start: 38.95; state: PENDING; required_workers: 1; success_prob: 1; max_attempts: 1
event: task_spawn; timestamp: 0; task: 22; pos: (-4, -1); earliest_start: 26; latest_start: 36.47; state: PENDING; required_workers: 1; success_prob: 1; max_attempts: 1
event: task_spawn; timestamp: 0; task: 23; pos: (-4.87, -0.5); earliest_start: 38; latest_start: 45.98; state: PENDING; required_workers: 1; success_prob: 1; max_attempts: 1
event: task_spawn; timestamp: 0; task: 24; pos: (-4.87, 0.5); earliest_start: 9; latest_start: 19.2; state: PENDING; required_workers: 1; success_prob: 1; max_attempts: 1
event: robot_spawn; timestamp: 0; robot: 1; pos: (0, 0); state: AVAILABLE; battery_level: 100; battery_capacity: 100; velocity: 1; battery_rate_nav: 1
event: robot_spawn; timestamp: 0; robot: 2; pos: (0, 0); state: AVAILABLE; battery_level: 100; battery_capacity: 100; velocity: 1; battery_rate_nav: 1
event: robot_spawn; timestamp: 0; robot: 3; pos: (0, 0); state: AVAILABLE; battery_level: 100; battery_capacity: 100; velocity: 1; battery_rate_nav: 1
event: robot_spawn; timestamp: 0; robot: 4; pos: (0, 0); state: AVAILABLE; battery_level: 100; battery_capacity: 100; velocity: 1; battery_rate_nav: 1
event: robot_spawn; timestamp: 0; robot: 5; pos: (0, 0); state: AVAILABLE; battery_level: 100; battery_capacity: 100; velocity: 1; battery_rate_nav: 1
event: battery_consumption; timestamp: 0; robot: 1; time: 3.60651; initial_level: 100; final_level: 96.3935
event: navigation; timestamp: 0; robot: 1; time: 3.60651; src: (0, 0); dst: (-0.87, -3.5)
event: battery_consumption; timestamp: 0; robot: 4; time: 4.8956; initial_level: 100; final_level: 95.1044
event: navigation; timestamp: 0; robot: 4; time: 4.8956; src: (0, 0); dst: (4.87, -0.5)
event: battery_consumption; timestamp: 0; robot: 5; time: 4.12311; initial_level: 100; final_level: 95.8769
event: navigation; timestamp: 0; robot: 5; time: 4.12311; src: (0, 0); dst: (4, -1)
event: battery_consumption; timestamp: 0; robot: 2; time: 4.12311; initial_level: 100; final_level: 95.8769
event: navigation; timestamp: 0; robot: 2; time: 4.12311; src: (0, 0); dst: (-4, 1)
event: battery_consumption; timestamp: 1; robot: 3; time: 4.8956; initial_level: 100; final_level: 95.1044
event: navigation; timestamp: 1; robot: 3; time: 4.8956; src: (0, 0); dst: (-4.87, 0.5)
event: task_execution; timestamp: 4.12311; task: 10; robot: 5; pos: (4, -1); time: 10
event: battery_consumption; timestamp: 4.12311; robot: 5; time: 10; initial_level: 95.8769; final_level: 85.8769
event: task_resolution; timestamp: 14.1231; task: 10; pos: (4, -1); status: COMPLETED; attempt: 1
event: battery_consumption; timestamp: 14.1231; robot: 5; time: 8; initial_level: 85.8769; final_level: 77.8769
event: navigation; timestamp: 14.1231; robot: 5; time: 8; src: (4, -1); dst: (-4, -1)
event: task_execution; timestamp: 4.8956; task: 9; robot: 4; pos: (4.87, -0.5); time: 10
event: battery_consumption; timestamp: 4.8956; robot: 4; time: 10; initial_level: 95.1044; final_level: 85.1044
event: task_resolution; timestamp: 14.8956; task: 9; pos: (4.87, -0.5); status: COMPLETED; attempt: 1
event: battery_consumption; timestamp: 14.8956; robot: 4; time: 6.63075; initial_level: 85.1044; final_level: 78.4736
event: navigation; timestamp: 14.8956; robot: 4; time: 6.63075; src: (4.87, -0.5); dst: (0, -5)
event: task_execution; timestamp: 9; task: 24; robot: 3; pos: (-4.87, 0.5); time: 10
event: battery_consumption; timestamp: 9; robot: 3; time: 10; initial_level: 95.1044; final_level: 85.1044
event: task_resolution; timestamp: 19; task: 24; pos: (-4.87, 0.5); status: COMPLETED; attempt: 1
event: battery_consumption; timestamp: 19; robot: 3; time: 6.40312; initial_level: 85.1044; final_level: 78.7013
event: navigation; timestamp: 19; robot: 3; time: 6.40312; src: (-4.87, 0.5); dst: (-0.87, -4.5)
event: task_execution; timestamp: 15; task: 18; robot: 1; pos: (-0.87, -3.5); time: 10
event: battery_consumption; timestamp: 15; robot: 1; time: 10; initial_level: 96.3935; final_level: 86.3935
event: task_resolution; timestamp: 25; task: 18; pos: (-0.87, -3.5); status: COMPLETED; attempt: 1
event: battery_consumption; timestamp: 25; robot: 1; time: 1.74; initial_level: 86.3935; final_level: 84.6535
event: navigation; timestamp: 25; robot: 1; time: 1.74; src: (-0.87, -3.5); dst: (0.87, -3.5)
event: task_execution; timestamp: 19; task: 19; robot: 2; pos: (-4, 1); time: 10
event: battery_consumption; timestamp: 19; robot: 2; time: 10; initial_level: 95.8769; final_level: 85.8769
event: task_resolution; timestamp: 29; task: 19; pos: (-4, 1); status: COMPLETED; attempt: 1
event: battery_consumption; timestamp: 29; robot: 2; time: 1.00344; initial_level: 85.8769; final_level: 84.8735
event: navigation; timestamp: 29; robot: 2; time: 1.00344; src: (-4, 1); dst: (-3.13, 0.5)
event: task_execution; timestamp: 26; task: 22; robot: 5; pos: (-4, -1); time: 10
event: battery_consumption; timestamp: 26; robot: 5; time: 10; initial_level: 77.8769; final_level: 67.8769
event: task_resolution; timestamp: 36; task: 22; pos: (-4, -1); status: COMPLETED; attempt: 1
event: battery_consumption; timestamp: 36; robot: 5; time: 1.00344; initial_level: 67.8769; final_level: 66.8735
event: navigation; timestamp: 36; robot: 5; time: 1.00344; src: (-4, -1); dst: (-3.13, -0.5)
event: task_execution; timestamp: 26.74; task: 14; robot: 1; pos: (0.87, -3.5); time: 10
event: battery_consumption; timestamp: 26.74; robot: 1; time: 10; initial_level: 84.6535; final_level: 74.6535
event: task_resolution; timestamp: 36.74; task: 14; pos: (0.87, -3.5); status: COMPLETED; attempt: 1
event: battery_consumption; timestamp: 36.74; robot: 1; time: 1.00344; initial_level: 74.6535; final_level: 73.65
event: navigation; timestamp: 36.74; robot: 1; time: 1.00344; src: (0.87, -3.5); dst: (0, -3)
event: task_execution; timestamp: 30; task: 17; robot: 3; pos: (-0.87, -4.5); time: 10
event: battery_consumption; timestamp: 30; robot: 3; time: 10; initial_level: 78.7013; final_level: 68.7013
event: task_resolution; timestamp: 40; task: 17; pos: (-0.87, -4.5); status: COMPLETED; attempt: 1
event: battery_consumption; timestamp: 40; robot: 3; time: 5.65685; initial_level: 68.7013; final_level: 63.0444
event: navigation; timestamp: 40; robot: 3; time: 5.65685; src: (-0.87, -4.5); dst: (-4.87, -0.5)
event: task_execution; timestamp: 30.0034; task: 20; robot: 2; pos: (-3.13, 0.5); time: 10
event: battery_consumption; timestamp: 30.0034; robot: 2; time: 10; initial_level: 84.8735; final_level: 74.8735
event: task_resolution; timestamp: 40.0034; task: 20; pos: (-3.13, 0.5); status: COMPLETED; attempt: 1
event: battery_consumption; timestamp: 40.0034; robot: 2; time: 4.5943; initial_level: 74.8735; final_level: 70.2791
event: navigation; timestamp: 40.0034; robot: 2; time: 4.5943; src: (-3.13, 0.5); dst: (-0.87, 4.5)
event: task_execution; timestamp: 34; task: 16; robot: 4; pos: (0, -5); time: 10
event: battery_consumption; timestamp: 34; robot: 4; time: 10; initial_level: 78.4736; final_level: 68.4736
event: task_resolution; timestamp: 44; task: 16; pos: (0, -5); status: COMPLETED; attempt: 1
event: battery_consumption; timestamp: 44; robot: 4; time: 6.32826; initial_level: 68.4736; final_level: 62.1454
event: navigation; timestamp: 44; robot: 4; time: 6.32826; src: (0, -5); dst: (3.13, 0.5)
event: task_execution; timestamp: 37.0034; task: 21; robot: 5; pos: (-3.13, -0.5); time: 10
event: battery_consumption; timestamp: 37.0034; robot: 5; time: 10; initial_level: 66.8735; final_level: 56.8735
event: task_resolution; timestamp: 47.0034; task: 21; pos: (-3.13, -0.5); status: COMPLETED; attempt: 1
event: battery_consumption; timestamp: 47.0034; robot: 5; time: 8.06226; initial_level: 56.8735; final_level: 48.8112
event: navigation; timestamp: 47.0034; robot: 5; time: 8.06226; src: (-3.13, -0.5); dst: (4.87, 0.5)
event: task_execution; timestamp: 37.7434; task: 13; robot: 1; pos: (0, -3); time: 10
event: battery_consumption; timestamp: 37.7434; robot: 1; time: 10; initial_level: 73.65; final_level: 63.65
event: task_resolution; timestamp: 47.7434; task: 13; pos: (0, -3); status: COMPLETED; attempt: 1
event: battery_consumption; timestamp: 47.7434; robot: 1; time: 6.55796; initial_level: 63.65; final_level: 57.0921
event: navigation; timestamp: 47.7434; robot: 1; time: 6.55796; src: (0, -3); dst: (-0.87, 3.5)
event: task_execution; timestamp: 44.5977; task: 6; robot: 2; pos: (-0.87, 4.5); time: 10
event: battery_consumption; timestamp: 44.5977; robot: 2; time: 10; initial_level: 70.2791; final_level: 60.2791
event: task_resolution; timestamp: 54.5977; task: 6; pos: (-0.87, 4.5); status: COMPLETED; attempt: 1
event: battery_consumption; timestamp: 54.5977; robot: 2; time: 5.99724; initial_level: 60.2791; final_level: 54.2819
event: navigation; timestamp: 54.5977; robot: 2; time: 5.99724; src: (-0.87, 4.5); dst: (4, 1)
event: task_execution; timestamp: 45.6569; task: 23; robot: 3; pos: (-4.87, -0.5); time: 10
event: battery_consumption; timestamp: 45.6569; robot: 3; time: 10; initial_level: 63.0444; final_level: 53.0444
event: task_resolution; timestamp: 55.6569; task: 23; pos: (-4.87, -0.5); status: COMPLETED; attempt: 1
event: battery_consumption; timestamp: 56.6569; robot: 3; time: 8; initial_level: 53.0444; final_level: 45.0444
event: navigation; timestamp: 56.6569; robot: 3; time: 8; src: (-4.87, -0.5); dst: (3.13, -0.5)
event: task_execution; timestamp: 50.3283; task: 12; robot: 4; pos: (3.13, 0.5); time: 10
event: battery_consumption; timestamp: 50.3283; robot: 4; time: 10; initial_level: 62.1454; final_level: 52.1454
event: task_resolution; timestamp: 60.3283; task: 12; pos: (3.13, 0.5); status: COMPLETED; attempt: 1
event: battery_consumption; timestamp: 61.3283; robot: 4; time: 3.16968; initial_level: 52.1454; final_level: 48.9757
event: navigation; timestamp: 61.3283; robot: 4; time: 3.16968; src: (3.13, 0.5); dst: (0, 0)
event: robot_finished; timestamp: 64.4979; robot: 4; pos: (0, 0); battery: 48.9757
event: task_execution; timestamp: 54.3014; task: 5; robot: 1; pos: (-0.87, 3.5); time: 10
event: battery_consumption; timestamp: 54.3014; robot: 1; time: 10; initial_level: 57.0921; final_level: 47.0921
event: task_resolution; timestamp: 64.3014; task: 5; pos: (-0.87, 3.5); status: COMPLETED; attempt: 1
event: task_execution; timestamp: 55.0657; task: 8; robot: 5; pos: (4.87, 0.5); time: 10
event: battery_consumption; timestamp: 55.0657; robot: 5; time: 10; initial_level: 48.8112; final_level: 38.8112
event: task_resolution; timestamp: 65.0657; task: 8; pos: (4.87, 0.5); status: COMPLETED; attempt: 1
event: battery_consumption; timestamp: 65.0657; robot: 5; time: 4.8956; initial_level: 38.8112; final_level: 33.9156
event: navigation; timestamp: 65.0657; robot: 5; time: 4.8956; src: (4.87, 0.5); dst: (0, 0)
event: recharge; timestamp: 69.9613; robot: 5; recharging_station: 1; pos: (0, 0); level: 100
event: battery_consumption; timestamp: 66.3014; robot: 1; time: 3.60651; initial_level: 47.0921; final_level: 43.4856
event: navigation; timestamp: 66.3014; robot: 1; time: 3.60651; src: (-0.87, 3.5); dst: (0, 0)
event: robot_finished; timestamp: 69.9079; robot: 1; pos: (0, 0); battery: 43.4856
event: task_execution; timestamp: 60.595; task: 7; robot: 2; pos: (4, 1); time: 10
event: battery_consumption; timestamp: 60.595; robot: 2; time: 10; initial_level: 54.2819; final_level: 44.2819
event: task_resolution; timestamp: 70.595; task: 7; pos: (4, 1); status: COMPLETED; attempt: 1
event: robot_finished; timestamp: 70.9613; robot: 5; pos: (0, 0); battery: 100
event: battery_consumption; timestamp: 71.595; robot: 2; time: 4.12311; initial_level: 44.2819; final_level: 40.1588
event: navigation; timestamp: 71.595; robot: 2; time: 4.12311; src: (4, 1); dst: (0, 0)
event: robot_finished; timestamp: 75.7181; robot: 2; pos: (0, 0); battery: 40.1588
event: task_execution; timestamp: 64.6569; task: 11; robot: 3; pos: (3.13, -0.5); time: 10
event: battery_consumption; timestamp: 64.6569; robot: 3; time: 10; initial_level: 45.0444; final_level: 35.0444
event: task_resolution; timestamp: 74.6569; task: 11; pos: (3.13, -0.5); status: COMPLETED; attempt: 1
event: battery_consumption; timestamp: 74.6569; robot: 3; time: 3.16968; initial_level: 35.0444; final_level: 31.8747
event: navigation; timestamp: 74.6569; robot: 3; time: 3.16968; src: (3.13, -0.5); dst: (0, 0)
event: robot_finished; timestamp: 77.8265; robot: 3; pos: (0, 0); battery: 31.8747
metric: available_agents; value: 0
metric: failed_agents; value: 0
metric: finished_agents; value: 5
metric: completed_tasks; value: 19
metric: pending_tasks; value: 0
metric: failed_tasks; value: 5
metric: average_robot_makespan; value: 71.7824
metric: sd_robot_makespan; value: 5.22667
metric: max_robot_makespan; value: 77.8265
metric: min_robot_makespan; value: 64.4979
metric: average_robot_travel_distance; value: 22.3179
metric: sd_robot_travel_distance; value: 4.72757
metric: max_robot_travel_distance; value: 28.1253
metric: min_robot_travel_distance; value: 16.5144
metric: sum_robot_travel_distance; value: 111.59
metric: average_completed_tasks_by_robot; value: 0
metric: sd_completed_tasks_by_robot; value: 0
metric: max_completed_tasks_by_robot; value: 0
metric: min_completed_tasks_by_robot; value: 0
metric: final_reward; value: 0.791667
metric: computing_time; value: 2.04899
