info: solver_name; value: dec-mcts-bp-1
info: reward_function; value: reward00
info: replica; value: 3
info: filename; value: ../logs/ablacion_blockprob/scenario_1E_20t_4r_dec-mcts-bp-1_reward00_003.log
info: scenario_name; value: scenario_1E_20t_4r
info: scenario_name; value: scenario_1E_20t_4r
info: number_of_tasks; value: 20
info: number_of_robots; value: 4
info: number_of_recharging_stations; value: 1
info: scenario_size; value: (15,15)
event: recharging_station_spawn; timestamp: 0; recharging_station: 1; pos: (0, 0)
event: task_spawn; timestamp: 0; task: 1; pos: (0, 5); earliest_start: 31; latest_start: 39.6; state: PENDING; required_workers: 1; success_prob: 1; max_attempts: 1
event: task_spawn; timestamp: 0; task: 2; pos: (0.95, 4.31); earliest_start: 38; latest_start: 48.39; state: PENDING; required_workers: 1; success_prob: 1; max_attempts: 1
event: task_spawn; timestamp: 0; task: 3; pos: (0.59, 3.19); earliest_start: 36; latest_start: 41.87; state: PENDING; required_workers: 1; success_prob: 1; max_attempts: 1
event: task_spawn; timestamp: 0; task: 4; pos: (-0.59, 3.19); earliest_start: 15; latest_start: 24.05; state: PENDING; required_workers: 1; success_prob: 1; max_attempts: 1
event: task_spawn; timestamp: 0; task: 5; pos: (-0.95, 4.31); earliest_start: 0; latest_start: 9.51; state: PENDING; required_workers: 1; success_prob: 1; max_attempts: 1
event: task_spawn; timestamp: 0; task: 6; pos: (4, 1); earliest_start: 39; latest_start: 46.56; state: PENDING; required_workers: 1; success_prob: 1; max_attempts: 1
event: task_spawn; timestamp: 0; task: 7; pos: (4.95, 0.31); earliest_start: 11; latest_start: 18.65; state: PENDING; required_workers: 1; success_prob: 1; max_attempts: 1
event: task_spawn; timestamp: 0; task: 8; pos: (4.59, -0.81); earliest_start: 5; latest_start: 18.12; state: PENDING; required_workers: 1; success_prob: 1; max_attempts: 1
event: task_spawn; timestamp: 0; task: 9; pos: (3.41, -0.81); earliest_start: 33; latest_start: 40.19; state: PENDING; required_workers: 1; success_prob: 1; max_attempts: 1
event: task_spawn; timestamp: 0; task: 10; pos: (3.05, 0.31); earliest_start: 34; latest_start: 43.58; state: PENDING; required_workers: 1; success_prob: 1; max_attempts: 1
event: task_spawn; timestamp: 0; task: 11; pos: (0, -3); earliest_start: 35; latest_start: 36.06; state: PENDING; required_workers: 1; success_prob: 1; max_attempts: 1
event: task_spawn; timestamp: 0; task: 12; pos: (0.95, -3.69); earliest_start: 1; latest_start: 10.59; state: PENDING; required_workers: 1; success_prob: 1; max_attempts: 1
event: task_spawn; timestamp: 0; task: 13; pos: (0.59, -4.81); earliest_start: 40; latest_start: 47.39; state: PENDING; required_workers: 1; success_prob: 1; max_attempts: 1
event: task_spawn; timestamp: 0; task: 14; pos: (-0.59, -4.81); earliest_start: 24; latest_start: 36.15; state: PENDING; required_workers: 1; success_prob: 1; max_attempts: 1
event: task_spawn; timestamp: 0; task: 15; pos: (-0.95, -3.69); earliest_start: 1; latest_start: 13.28; state: PENDING; required_workers: 1; success_prob: 1; max_attempts: 1
event: task_spawn; timestamp: 0; task: 16; pos: (-4, 1); earliest_start: 22; latest_start: 31.73; state: PENDING; required_workers: 1; success_prob: 1; max_attempts: 1
event: task_spawn; timestamp: 0; task: 17; pos: (-3.05, 0.31); earliest_start: 40; latest_start: 50.66; state: PENDING; required_workers: 1; success_prob: 1; max_attempts: 1
event: task_spawn; timestamp: 0; task: 18; pos: (-3.41, -0.81); earliest_start: 6; latest_start: 13.32; state: PENDING; required_workers: 1; success_prob: 1; max_attempts: 1
event: task_spawn; timestamp: 0; task: 19; pos: (-4.59, -0.81); earliest_start: 21; latest_start: 31.66; state: PENDING; required_workers: 1; success_prob: 1; max_attempts: 1
event: task_spawn; timestamp: 0; task: 20; pos: (-4.95, 0.31); earliest_start: 8; latest_start: 13.15; state: PENDING; required_workers: 1; success_prob: 1; max_attempts: 1
event: robot_spawn; timestamp: 0; robot: 1; pos: (0, 0); state: AVAILABLE; battery_level: 100; battery_capacity: 100; velocity: 1; battery_rate_nav: 1
event: robot_spawn; timestamp: 0; robot: 2; pos: (0, 0); state: AVAILABLE; battery_level: 100; battery_capacity: 100; velocity: 1; battery_rate_nav: 1
event: robot_spawn; timestamp: 0; robot: 3; pos: (0, 0); state: AVAILABLE; battery_level: 100; battery_capacity: 100; velocity: 1; battery_rate_nav: 1
event: robot_spawn; timestamp: 0; robot: 4; pos: (0, 0); state: AVAILABLE; battery_level: 100; battery_capacity: 100; velocity: 1; battery_rate_nav: 1
event: battery_consumption; timestamp: 0; robot: 2; time: 4.66092; initial_level: 100; final_level: 95.3391
event: navigation; timestamp: 0; robot: 2; time: 4.66092; src: (0, 0); dst: (4.59, -0.81)
event: battery_consumption; timestamp: 0; robot: 4; time: 4.9597; initial_level: 100; final_level: 95.0403
event: navigation; timestamp: 0; robot: 4; time: 4.9597; src: (0, 0); dst: (-4.95, 0.31)
event: battery_consumption; timestamp: 0; robot: 1; time: 4.41346; initial_level: 100; final_level: 95.5865
event: navigation; timestamp: 0; robot: 1; time: 4.41346; src: (0, 0); dst: (-0.95, 4.31)
event: battery_consumption; timestamp: 0; robot: 3; time: 3.81033; initial_level: 100; final_level: 96.1897
event: navigation; timestamp: 0; robot: 3; time: 3.81033; src: (0, 0); dst: (-0.95, -3.69)
event: task_execution; timestamp: 3.81033; task: 15; robot: 3; pos: (-0.95, -3.69); time: 10
event: battery_consumption; timestamp: 3.81033; robot: 3; time: 10; initial_level: 96.1897; final_level: 86.1897
event: task_resolution; timestamp: 13.8103; task: 15; pos: (-0.95, -3.69); status: COMPLETED; attempt: 1
event: battery_consumption; timestamp: 13.8103; robot: 3; time: 6.88941; initial_level: 86.1897; final_level: 79.3003
event: navigation; timestamp: 13.8103; robot: 3; time: 6.88941; src: (-0.95, -3.69); dst: (-0.59, 3.19)
event: task_execution; timestamp: 4.41346; task: 5; robot: 1; pos: (-0.95, 4.31); time: 10
event: battery_consumption; timestamp: 4.41346; robot: 1; time: 10; initial_level: 95.5865; final_level: 85.5865
event: task_resolution; timestamp: 14.4135; task: 5; pos: (-0.95, 4.31); status: COMPLETED; attempt: 1
event: task_execution; timestamp: 5; task: 8; robot: 2; pos: (4.59, -0.81); time: 10
event: battery_consumption; timestamp: 5; robot: 2; time: 10; initial_level: 95.3391; final_level: 85.3391
event: task_resolution; timestamp: 15; task: 8; pos: (4.59, -0.81); status: COMPLETED; attempt: 1
event: battery_consumption; timestamp: 15; robot: 2; time: 1.17644; initial_level: 85.3391; final_level: 84.1626
event: navigation; timestamp: 15; robot: 2; time: 1.17644; src: (4.59, -0.81); dst: (4.95, 0.31)
event: battery_consumption; timestamp: 15.4135; robot: 1; time: 9.1271; initial_level: 85.5865; final_level: 76.4594
event: navigation; timestamp: 15.4135; robot: 1; time: 9.1271; src: (-0.95, 4.31); dst: (-0.59, -4.81)
event: task_execution; timestamp: 8; task: 20; robot: 4; pos: (-4.95, 0.31); time: 10
event: battery_consumption; timestamp: 8; robot: 4; time: 10; initial_level: 95.0403; final_level: 85.0403
event: task_resolution; timestamp: 18; task: 20; pos: (-4.95, 0.31); status: COMPLETED; attempt: 1
event: battery_consumption; timestamp: 18; robot: 4; time: 1.17644; initial_level: 85.0403; final_level: 83.8639
event: navigation; timestamp: 18; robot: 4; time: 1.17644; src: (-4.95, 0.31); dst: (-4.59, -0.81)
event: task_execution; timestamp: 16.1764; task: 7; robot: 2; pos: (4.95, 0.31); time: 10
event: battery_consumption; timestamp: 16.1764; robot: 2; time: 10; initial_level: 84.1626; final_level: 74.1626
event: task_resolution; timestamp: 26.1764; task: 7; pos: (4.95, 0.31); status: COMPLETED; attempt: 1
event: battery_consumption; timestamp: 26.1764; robot: 2; time: 1.90421; initial_level: 74.1626; final_level: 72.2584
event: navigation; timestamp: 26.1764; robot: 2; time: 1.90421; src: (4.95, 0.31); dst: (3.41, -0.81)
event: task_execution; timestamp: 20.6997; task: 4; robot: 3; pos: (-0.59, 3.19); time: 10
event: battery_consumption; timestamp: 20.6997; robot: 3; time: 10; initial_level: 79.3003; final_level: 69.3003
event: task_resolution; timestamp: 30.6997; task: 4; pos: (-0.59, 3.19); status: COMPLETED; attempt: 1
event: battery_consumption; timestamp: 30.6997; robot: 3; time: 1.90373; initial_level: 69.3003; final_level: 67.3965
event: navigation; timestamp: 30.6997; robot: 3; time: 1.90373; src: (-0.59, 3.19); dst: (0, 5)
event: task_execution; timestamp: 21; task: 19; robot: 4; pos: (-4.59, -0.81); time: 10
event: battery_consumption; timestamp: 21; robot: 4; time: 10; initial_level: 83.8639; final_level: 73.8639
event: task_resolution; timestamp: 31; task: 19; pos: (-4.59, -0.81); status: COMPLETED; attempt: 1
event: battery_consumption; timestamp: 31; robot: 4; time: 1.90373; initial_level: 73.8639; final_level: 71.9601
event: navigation; timestamp: 31; robot: 4; time: 1.90373; src: (-4.59, -0.81); dst: (-4, 1)
event: task_execution; timestamp: 24.5406; task: 14; robot: 1; pos: (-0.59, -4.81); time: 10
event: battery_consumption; timestamp: 24.5406; robot: 1; time: 10; initial_level: 76.4594; final_level: 66.4594
event: task_resolution; timestamp: 34.5406; task: 14; pos: (-0.59, -4.81); status: COMPLETED; attempt: 1
event: battery_consumption; timestamp: 34.5406; robot: 1; time: 1.90373; initial_level: 66.4594; final_level: 64.5557
event: navigation; timestamp: 34.5406; robot: 1; time: 1.90373; src: (-0.59, -4.81); dst: (0, -3)
event: task_execution; timestamp: 32.6035; task: 1; robot: 3; pos: (0, 5); time: 10
event: battery_consumption; timestamp: 32.6035; robot: 3; time: 10; initial_level: 67.3965; final_level: 57.3965
event: task_resolution; timestamp: 42.6035; task: 1; pos: (0, 5); status: COMPLETED; attempt: 1
event: battery_consumption; timestamp: 42.6035; robot: 3; time: 5.59452; initial_level: 57.3965; final_level: 51.802
event: navigation; timestamp: 42.6035; robot: 3; time: 5.59452; src: (0, 5); dst: (3.05, 0.31)
event: task_execution; timestamp: 32.9037; task: 16; robot: 4; pos: (-4, 1); time: 10
event: battery_consumption; timestamp: 32.9037; robot: 4; time: 10; initial_level: 71.9601; final_level: 61.9601
event: task_resolution; timestamp: 42.9037; task: 16; pos: (-4, 1); status: COMPLETED; attempt: 1
event: task_execution; timestamp: 33; task: 9; robot: 2; pos: (3.41, -0.81); time: 10
event: battery_consumption; timestamp: 33; robot: 2; time: 10; initial_level: 72.2584; final_level: 62.2584
event: task_resolution; timestamp: 43; task: 9; pos: (3.41, -0.81); status: COMPLETED; attempt: 1
event: battery_consumption; timestamp: 43; robot: 2; time: 4.89412; initial_level: 62.2584; final_level: 57.3643
event: navigation; timestamp: 43; robot: 2; time: 4.89412; src: (3.41, -0.81); dst: (0.59, -4.81)
event: battery_consumption; timestamp: 43.9037; robot: 4; time: 1.17414; initial_level: 61.9601; final_level: 60.786
event: navigation; timestamp: 43.9037; robot: 4; time: 1.17414; src: (-4, 1); dst: (-3.05, 0.31)
event: task_execution; timestamp: 36.4443; task: 11; robot: 1; pos: (0, -3); time: 10
event: battery_consumption; timestamp: 36.4443; robot: 1; time: 10; initial_level: 64.5557; final_level: 54.5557
event: task_resolution; timestamp: 46.4443; task: 11; pos: (0, -3); status: COMPLETED; attempt: 1
event: battery_consumption; timestamp: 46.4443; robot: 1; time: 7.37147; initial_level: 54.5557; final_level: 47.1842
event: navigation; timestamp: 46.4443; robot: 1; time: 7.37147; src: (0, -3); dst: (0.95, 4.31)
event: task_execution; timestamp: 45.0779; task: 17; robot: 4; pos: (-3.05, 0.31); time: 10
event: battery_consumption; timestamp: 45.0779; robot: 4; time: 10; initial_level: 60.786; final_level: 50.786
event: task_resolution; timestamp: 55.0779; task: 17; pos: (-3.05, 0.31); status: COMPLETED; attempt: 1
event: battery_consumption; timestamp: 55.0779; robot: 4; time: 3.06571; initial_level: 50.786; final_level: 47.7203
event: navigation; timestamp: 55.0779; robot: 4; time: 3.06571; src: (-3.05, 0.31); dst: (0, 0)
event: robot_finished; timestamp: 58.1436; robot: 4; pos: (0, 0); battery: 47.7203
event: task_execution; timestamp: 47.8941; task: 13; robot: 2; pos: (0.59, -4.81); time: 10
event: battery_consumption; timestamp: 47.8941; robot: 2; time: 10; initial_level: 57.3643; final_level: 47.3643
event: task_resolution; timestamp: 57.8941; task: 13; pos: (0.59, -4.81); status: COMPLETED; attempt: 1
event: task_execution; timestamp: 48.198; task: 10; robot: 3; pos: (3.05, 0.31); time: 10
event: battery_consumption; timestamp: 48.198; robot: 3; time: 10; initial_level: 51.802; final_level: 41.802
event: task_resolution; timestamp: 58.198; task: 10; pos: (3.05, 0.31); status: COMPLETED; attempt: 1
event: battery_consumption; timestamp: 58.8941; robot: 2; time: 4.84605; initial_level: 47.3643; final_level: 42.5183
event: navigation; timestamp: 58.8941; robot: 2; time: 4.84605; src: (0.59, -4.81); dst: (0, 0)
event: robot_finished; timestamp: 63.7402; robot: 2; pos: (0, 0); battery: 42.5183
event: battery_consumption; timestamp: 60.198; robot: 3; time: 3.06571; initial_level: 41.802; final_level: 38.7363
event: navigation; timestamp: 60.198; robot: 3; time: 3.06571; src: (3.05, 0.31); dst: (0, 0)
event: robot_finished; timestamp: 63.2637; robot: 3; pos: (0, 0); battery: 38.7363
event: task_execution; timestamp: 53.8158; task: 2; robot: 1; pos: (0.95, 4.31); time: 10
event: battery_consumption; timestamp: 53.8158; robot: 1; time: 10; initial_level: 47.1842; final_level: 37.1842
event: task_resolution; timestamp: 63.8158; task: 2; pos: (0.95, 4.31); status: COMPLETED; attempt: 1
event: battery_consumption; timestamp: 63.8158; robot: 1; time: 4.41346; initial_level: 37.1842; final_level: 32.7708
event: navigation; timestamp: 63.8158; robot: 1; time: 4.41346; src: (0.95, 4.31); dst: (0, 0)
event: robot_finished; timestamp: 68.2292; robot: 1; pos: (0, 0); battery: 32.7708
metric: available_agents; value: 0
metric: failed_agents; value: 0
metric: finished_agents; value: 4
metric: completed_tasks; value: 16
metric: pending_tasks; value: 0
metric: failed_tasks; value: 4
metric: average_robot_makespan; value: 63.3442
metric: sd_robot_makespan; value: 4.12606
metric: max_robot_makespan; value: 68.2292
metric: min_robot_makespan; value: 58.1436
metric: average_robot_travel_distance; value: 19.5636
metric: sd_robot_travel_distance; value: 6.29924
metric: max_robot_travel_distance; value: 27.2292
metric: min_robot_travel_distance; value: 12.2797
metric: sum_robot_travel_distance; value: 78.2544
metric: average_completed_tasks_by_robot; value: 0
metric: sd_completed_tasks_by_robot; value: 0
metric: max_completed_tasks_by_robot; value: 0
metric: min_completed_tasks_by_robot; value: 0
metric: final_reward; value: 0.8
metric: computing_time; value: 1.04491
