info: solver_name; value: dec-mcts-bp-sp
info: reward_function; value: reward00
info: replica; value: 1
info: filename; value: ../logs/ablacion_blockprob/scenario_1E_12t_3r_dec-mcts-bp-sp_reward00_001.log
info: scenario_name; value: scenario_1E_12t_3r
info: scenario_name; value: scenario_1E_12t_3r
info: number_of_tasks; value: 12
info: number_of_robots; value: 3
info: number_of_recharging_stations; value: 1
info: scenario_size; value: (15,15)
event: recharging_station_spawn; timestamp: 0; recharging_station: 1; pos: (0, 0)
event: task_spawn; timestamp: 0; task: 1; pos: (0, 5); earliest_start: 15; latest_start: 24.63; state: PENDING; required_workers: 1; success_prob: 1; max_attempts: 1
event: task_spawn; timestamp: 0; task: 2; pos: (0.87, 3.5); earliest_start: 13; latest_start: 24.47; state: PENDING; required_workers: 1; success_prob: 1; max_attempts: 1
event: task_spawn; timestamp: 0; task: 3; pos: (-0.87, 3.5); earliest_start: 7; latest_start: 18.32; state: PENDING; required_workers: 1; success_prob: 1; max_attempts: 1
event: task_spawn; timestamp: 0; task: 4; pos: (4, 1); earliest_start: 16; latest_start: 28.62; state: PENDING; required_workers: 1; success_prob: 1; max_attempts: 1
event: task_spawn; timestamp: 0; task: 5; pos: (4.87, -0.5); earliest_start: 11; latest_start: 16.84; state: PENDING; required_workers: 1; success_prob: 1; max_attempts: 1
event: task_spawn; timestamp: 0; task: 6; pos: (3.13, -0.5); earliest_start: 2; latest_start: 10.39; state: PENDING; required_workers: 1; success_prob: 1; max_attempts: 1
event: task_spawn; timestamp: 0; task: 7; pos: (0, -3); earliest_start: 13; latest_start: 19.06; state: PENDING; required_workers: 1; success_prob: 1; max_attempts: 1
event: task_spawn; timestamp: 0; task: 8; pos: (0.87, -4.5); earliest_start: 0; latest_start: 12.98; state: PENDING; required_workers: 1; success_prob: 1; max_attempts: 1
event: task_spawn; timestamp: 0; task: 9; pos: (-0.87, -4.5); earliest_start: 10; latest_start: 18.83; state: PENDING; required_workers: 1; success_prob: 1; max_attempts: 1
event: task_spawn; timestamp: 0; task: 10; pos: (-4, 1); earliest_start: 18; latest_start: 28.3; state: PENDING; required_workers: 1; success_prob: 1; max_attempts: 1
event: task_spawn; timestamp: 0; task: 11; pos: (-3.13, -0.5); earliest_start: 20; latest_start: 27.24; state: PENDING; required_workers: 1; success_prob: 1; max_attempts: 1
event: task_spawn; timestamp: 0; task: 12; pos: (-4.87, -0.5); earliest_start: 13; latest_start: 24.31; state: PENDING; required_workers: 1; success_prob: 1; max_attempts: 1
event: robot_spawn; timestamp: 0; robot: 1; pos: (0, 0); state: AVAILABLE; battery_level: 100; battery_capacity: 100; velocity: 1; battery_rate_nav: 1
event: robot_spawn; timestamp: 0; robot: 2; pos: (0, 0); state: AVAILABLE; battery_level: 100; battery_capacity: 100; velocity: 1; battery_rate_nav: 1
event: robot_spawn; timestamp: 0; robot: 3; pos: (0, 0); state: AVAILABLE; battery_level: 100; battery_capacity: 100; velocity: 1; battery_rate_nav: 1
event: battery_consumption; timestamp: 0; robot: 3; time: 4.58333; initial_level: 100; final_level: 95.4167
event: navigation; timestamp: 0; robot: 3; time: 4.58333; src: (0, 0); dst: (0.87, -4.5)
event: battery_consumption; timestamp: 0; robot: 1; time: 3.60651; initial_level: 100; final_level: 96.3935
event: navigation; timestamp: 0; robot: 1; time: 3.60651; src: (0, 0); dst: (-0.87, 3.5)
event: battery_consumption; timestamp: 1; robot: 2; time: 3.16968; initial_level: 100; final_level: 96.8303
event: navigation; timestamp: 1; robot: 2; time: 3.16968; src: (0, 0); dst: (3.13, -0.5)
event: task_execution; timestamp: 4.16968; task: 6; robot: 2; pos: (3.13, -0.5); time: 10
event: battery_consumption; timestamp: 4.16968; robot: 2; time: 10; initial_level: 96.8303; final_level: 86.8303
event: task_resolution; timestamp: 14.1697; task: 6; pos: (3.13, -0.5); status: COMPLETED; attempt: 1
event: battery_consumption; timestamp: 14.1697; robot: 2; time: 1.74; initial_level: 86.8303; final_level: 85.0903
event: navigation; timestamp: 14.1697; robot: 2; time: 1.74; src: (3.13, -0.5); dst: (4.87, -0.5)
event: task_execution; timestamp: 4.58333; task: 8; robot: 3; pos: (0.87, -4.5); time: 10
event: battery_consumption; timestamp: 4.58333; robot: 3; time: 10; initial_level: 95.4167; final_level: 85.4167
event: task_resolution; timestamp: 14.5833; task: 8; pos: (0.87, -4.5); status: COMPLETED; attempt: 1
event: battery_consumption; timestamp: 14.5833; robot: 3; time: 1.74; initial_level: 85.4167; final_level: 83.6767
event: navigation; timestamp: 14.5833; robot: 3; time: 1.74; src: (0.87, -4.5); dst: (-0.87, -4.5)
event: task_execution; timestamp: 7; task: 3; robot: 1; pos: (-0.87, 3.5); time: 10
event: battery_consumption; timestamp: 7; robot: 1; time: 10; initial_level: 96.3935; final_level: 86.3935
event: task_resolution; timestamp: 17; task: 3; pos: (-0.87, 3.5); status: COMPLETED; attempt: 1
event: battery_consumption; timestamp: 17; robot: 1; time: 1.74; initial_level: 86.3935; final_level: 84.6535
event: navigation; timestamp: 17; robot: 1; time: 1.74; src: (-0.87, 3.5); dst: (0.87, 3.5)
event: task_execution; timestamp: 15.9097; task: 5; robot: 2; pos: (4.87, -0.5); time: 10
event: battery_consumption; timestamp: 15.9097; robot: 2; time: 10; initial_level: 85.0903; final_level: 75.0903
event: task_resolution; timestamp: 25.9097; task: 5; pos: (4.87, -0.5); status: COMPLETED; attempt: 1
event: battery_consumption; timestamp: 25.9097; robot: 2; time: 1.73404; initial_level: 75.0903; final_level: 73.3563
event: navigation; timestamp: 25.9097; robot: 2; time: 1.73404; src: (4.87, -0.5); dst: (4, 1)
event: task_execution; timestamp: 16.3233; task: 9; robot: 3; pos: (-0.87, -4.5); time: 10
event: battery_consumption; timestamp: 16.3233; robot: 3; time: 10; initial_level: 83.6767; final_level: 73.6767
event: task_resolution; timestamp: 26.3233; task: 9; pos: (-0.87, -4.5); status: COMPLETED; attempt: 1
event: battery_consumption; timestamp: 26.3233; robot: 3; time: 4.5943; initial_level: 73.6767; final_level: 69.0824
event: navigation; timestamp: 26.3233; robot: 3; time: 4.5943; src: (-0.87, -4.5); dst: (-3.13, -0.5)
event: task_execution; timestamp: 18.74; task: 2; robot: 1; pos: (0.87, 3.5); time: 10
event: battery_consumption; timestamp: 18.74; robot: 1; time: 10; initial_level: 84.6535; final_level: 74.6535
event: task_resolution; timestamp: 28.74; task: 2; pos: (0.87, 3.5); status: COMPLETED; attempt: 1
event: battery_consumption; timestamp: 28.74; robot: 1; time: 3.60651; initial_level: 74.6535; final_level: 71.047
event: navigation; timestamp: 28.74; robot: 1; time: 3.60651; src: (0.87, 3.5); dst: (0, 0)
event: recharge; timestamp: 32.3465; robot: 1; recharging_station: 1; pos: (0, 0); level: 100
event: robot_finished; timestamp: 34.3465; robot: 1; pos: (0, 0); battery: 100
event: task_execution; timestamp: 27.6437; task: 4; robot: 2; pos: (4, 1); time: 10
event: battery_consumption; timestamp: 27.6437; robot: 2; time: 10; initial_level: 73.3563; final_level: 63.3563
event: task_resolution; timestamp: 37.6437; task: 4; pos: (4, 1); status: COMPLETED; attempt: 1
event: battery_consumption; timestamp: 37.6437; robot: 2; time: 4.12311; initial_level: 63.3563; final_level: 59.2332
event: navigation; timestamp: 37.6437; robot: 2; time: 4.12311; src: (4, 1); dst: (0, 0)
event: robot_finished; timestamp: 41.7668; robot: 2; pos: (0, 0); battery: 59.2332
event: task_execution; timestamp: 30.9176; task: 11; robot: 3; pos: (-3.13, -0.5); time: 10
event: battery_consumption; timestamp: 30.9176; robot: 3; time: 10; initial_level: 69.0824; final_level: 59.0824
event: task_resolution; timestamp: 40.9176; task: 11; pos: (-3.13, -0.5); status: COMPLETED; attempt: 1
event: battery_consumption; timestamp: 40.9176; robot: 3; time: 3.16968; initial_level: 59.0824; final_level: 55.9127
event: navigation; timestamp: 40.9176; robot: 3; time: 3.16968; src: (-3.13, -0.5); dst: (0, 0)
event: robot_finished; timestamp: 44.0873; robot: 3; pos: (0, 0); battery: 55.9127
metric: available_agents; value: 0
metric: failed_agents; value: 0
metric: finished_agents; value: 3
metric: completed_tasks; value: 8
metric: pending_tasks; value: 0
metric: failed_tasks; value: 4
metric: average_robot_makespan; value: 40.0669
metric: sd_robot_makespan; value: 5.08804
metric: max_robot_makespan; value: 44.0873
metric: min_robot_makespan; value: 34.3465
metric: average_robot_travel_distance; value: 11.2691
metric: sd_robot_travel_distance; value: 2.60373
metric: max_robot_travel_distance; value: 14.0873
metric: min_robot_travel_distance; value: 8.95302
metric: sum_robot_travel_distance; value: 33.8072
metric: average_completed_tasks_by_robot; value: 0
metric: sd_completed_tasks_by_robot; value: 0
metric: max_completed_tasks_by_robot; value: 0
metric: min_completed_tasks_by_robot; value: 0
metric: final_reward; value: 0.666667
metric: computing_time; value: 0.315647
