info: solver_name; value: dec-mcts-bp-1
info: reward_function; value: reward00
info: replica; value: 1
info: filename; value: ../logs/ablacion_blockprob/scenario_1E_16t_4r_dec-mcts-bp-1_reward00_001.log
info: scenario_name; value: scenario_1E_16t_4r
info: scenario_name; value: scenario_1E_16t_4r
info: number_of_tasks; value: 16
info: number_of_robots; value: 4
info: number_of_recharging_stations; value: 1
info: scenario_size; value: (15,15)
event: recharging_station_spawn; timestamp: 0; recharging_station: 1; pos: (0, 0)
event: task_spawn; timestamp: 0; task: 1; pos: (0, 5); earliest_start: 21; latest_start: 29.98; state: PENDING; required_workers: 1; success_prob: 1; max_attempts: 1
event: task_spawn; timestamp: 0; task: 2; pos: (1, 4); earliest_start: 30; latest_start: 44.7; state: PENDING; required_workers: 1; success_prob: 1; max_attempts: 1
event: task_spawn; timestamp: 0; task: 3; pos: (0, 3); earliest_start: 10; latest_start: 25.07; state: PENDING; required_workers: 1; success_prob: 1; max_attempts: 1
event: task_spawn; timestamp: 0; task: 4; pos: (-1, 4); earliest_start: 2; latest_start: 8.62; state: PENDING; required_workers: 1; success_prob: 1; max_attempts: 1
event: task_spawn; timestamp: 0; task: 5; pos: (4, 1); earliest_start: 11; latest_start: 19.56; state: PENDING; required_workers: 1; success_prob: 1; max_attempts: 1
event: task_spawn; timestamp: 0; task: 6; pos: (5, 0); earliest_start: 9; latest_start: 18.18; state: PENDING; required_workers: 1; success_prob: 1; max_attempts: 1
event: task_spawn; timestamp: 0; task: 7; pos: (4, -1); earliest_start: 12; latest_start: 26.55; state: PENDING; required_workers: 1; success_prob: 1; max_attempts: 1
event: task_spawn; timestamp: 0; task: 8; pos: (3, -0); earliest_start: 4; latest_start: 13.06; state: PENDING; required_workers: 1; success_prob: 1; max_attempts: 1
event: task_spawn; timestamp: 0; task: 9; pos: (0, -3); earliest_start: 9; latest_start: 13.15; state: PENDING; required_workers: 1; success_prob: 1; max_attempts: 1
event: task_spawn; timestamp: 0; task: 10; pos: (1, -4); earliest_start: 17; latest_start: 23.02; state: PENDING; required_workers: 1; success_prob: 1; max_attempts: 1
event: task_spawn; timestamp: 0; task: 11; pos: (0, -5); earliest_start: 26; latest_start: 32.2; state: PENDING; required_workers: 1; success_prob: 1; max_attempts: 1
event: task_spawn; timestamp: 0; task: 12; pos: (-1, -4); earliest_start: 4; latest_start: 17.72; state: PENDING; required_workers: 1; success_prob: 1; max_attempts: 1
event: task_spawn; timestamp: 0; task: 13; pos: (-4, 1); earliest_start: 23; latest_start: 30.29; state: PENDING; required_workers: 1; success_prob: 1; max_attempts: 1
event: task_spawn; timestamp: 0; task: 14; pos: (-3, 0); earliest_start: 21; latest_start: 26.06; state: PENDING; required_workers: 1; success_prob: 1; max_attempts: 1
event: task_spawn; timestamp: 0; task: 15; pos: (-4, -1); earliest_start: 21; latest_start: 32.13; state: PENDING; required_workers: 1; success_prob: 1; max_attempts: 1
event: task_spawn; timestamp: 0; task: 16; pos: (-5, -0); earliest_start: 13; latest_start: 22.31; state: PENDING; required_workers: 1; success_prob: 1; max_attempts: 1
event: robot_spawn; timestamp: 0; robot: 1; pos: (0, 0); state: AVAILABLE; battery_level: 100; battery_capacity: 100; velocity: 1; battery_rate_nav: 1
event: robot_spawn; timestamp: 0; robot: 2; pos: (0, 0); state: AVAILABLE; battery_level: 100; battery_capacity: 100; velocity: 1; battery_rate_nav: 1
event: robot_spawn; timestamp: 0; robot: 3; pos: (0, 0); state: AVAILABLE; battery_level: 100; battery_capacity: 100; velocity: 1; battery_rate_nav: 1
event: robot_spawn; timestamp: 0; robot: 4; pos: (0, 0); state: AVAILABLE; battery_level: 100; battery_capacity: 100; velocity: 1; battery_rate_nav: 1
event: battery_consumption; timestamp: 0; robot: 2; time: 3; initial_level: 100; final_level: 97
event: navigation; timestamp: 0; robot: 2; time: 3; src: (0, 0); dst: (3, -0)
event: battery_consumption; timestamp: 1; robot: 3; time: 4.12311; initial_level: 100; final_level: 95.8769
event: navigation; timestamp: 1; robot: 3; time: 4.12311; src: (0, 0); dst: (4, 1)
event: battery_consumption; timestamp: 1; robot: 1; time: 5; initial_level: 100; final_level: 95
event: navigation; timestamp: 1; robot: 1; time: 5; src: (0, 0); dst: (5, 0)
event: battery_consumption; timestamp: 1; robot: 4; time: 4.12311; initial_level: 100; final_level: 95.8769
event: navigation; timestamp: 1; robot: 4; time: 4.12311; src: (0, 0); dst: (-1, 4)
event: task_execution; timestamp: 4; task: 8; robot: 2; pos: (3, -0); time: 10
event: battery_consumption; timestamp: 4; robot: 2; time: 10; initial_level: 97; final_level: 87
event: task_resolution; timestamp: 14; task: 8; pos: (3, -0); status: COMPLETED; attempt: 1
event: battery_consumption; timestamp: 14; robot: 2; time: 4.47214; initial_level: 87; final_level: 82.5279
event: navigation; timestamp: 14; robot: 2; time: 4.47214; src: (3, -0); dst: (1, -4)
event: task_execution; timestamp: 5.12311; task: 4; robot: 4; pos: (-1, 4); time: 10
event: battery_consumption; timestamp: 5.12311; robot: 4; time: 10; initial_level: 95.8769; final_level: 85.8769
event: task_resolution; timestamp: 15.1231; task: 4; pos: (-1, 4); status: COMPLETED; attempt: 1
event: battery_consumption; timestamp: 15.1231; robot: 4; time: 1.41421; initial_level: 85.8769; final_level: 84.4627
event: navigation; timestamp: 15.1231; robot: 4; time: 1.41421; src: (-1, 4); dst: (0, 3)
event: task_execution; timestamp: 9; task: 6; robot: 1; pos: (5, 0); time: 10
event: battery_consumption; timestamp: 9; robot: 1; time: 10; initial_level: 95; final_level: 85
event: task_resolution; timestamp: 19; task: 6; pos: (5, 0); status: COMPLETED; attempt: 1
event: battery_consumption; timestamp: 19; robot: 1; time: 1.41421; initial_level: 85; final_level: 83.5858
event: navigation; timestamp: 19; robot: 1; time: 1.41421; src: (5, 0); dst: (4, -1)
event: task_execution; timestamp: 11; task: 5; robot: 3; pos: (4, 1); time: 10
event: battery_consumption; timestamp: 11; robot: 3; time: 10; initial_level: 95.8769; final_level: 85.8769
event: task_resolution; timestamp: 21; task: 5; pos: (4, 1); status: COMPLETED; attempt: 1
event: battery_consumption; timestamp: 21; robot: 3; time: 7.07107; initial_level: 85.8769; final_level: 78.8058
event: navigation; timestamp: 21; robot: 3; time: 7.07107; src: (4, 1); dst: (-3, 0)
event: task_execution; timestamp: 16.5373; task: 3; robot: 4; pos: (0, 3); time: 10
event: battery_consumption; timestamp: 16.5373; robot: 4; time: 10; initial_level: 84.4627; final_level: 74.4627
event: task_resolution; timestamp: 26.5373; task: 3; pos: (0, 3); status: COMPLETED; attempt: 1
event: battery_consumption; timestamp: 26.5373; robot: 4; time: 2; initial_level: 74.4627; final_level: 72.4627
event: navigation; timestamp: 26.5373; robot: 4; time: 2; src: (0, 3); dst: (0, 5)
event: task_execution; timestamp: 18.4721; task: 10; robot: 2; pos: (1, -4); time: 10
event: battery_consumption; timestamp: 18.4721; robot: 2; time: 10; initial_level: 82.5279; final_level: 72.5279
event: task_resolution; timestamp: 28.4721; task: 10; pos: (1, -4); status: COMPLETED; attempt: 1
event: battery_consumption; timestamp: 28.4721; robot: 2; time: 7.07107; initial_level: 72.5279; final_level: 65.4568
event: navigation; timestamp: 28.4721; robot: 2; time: 7.07107; src: (1, -4); dst: (-4, 1)
event: task_execution; timestamp: 20.4142; task: 7; robot: 1; pos: (4, -1); time: 10
event: battery_consumption; timestamp: 20.4142; robot: 1; time: 10; initial_level: 83.5858; final_level: 73.5858
event: task_resolution; timestamp: 30.4142; task: 7; pos: (4, -1); status: COMPLETED; attempt: 1
event: battery_consumption; timestamp: 30.4142; robot: 1; time: 8; initial_level: 73.5858; final_level: 65.5858
event: navigation; timestamp: 30.4142; robot: 1; time: 8; src: (4, -1); dst: (-4, -1)
event: task_execution; timestamp: 28.0711; task: 14; robot: 3; pos: (-3, 0); time: 10
event: battery_consumption; timestamp: 28.0711; robot: 3; time: 10; initial_level: 78.8058; final_level: 68.8058
event: task_resolution; timestamp: 38.0711; task: 14; pos: (-3, 0); status: COMPLETED; attempt: 1
event: battery_consumption; timestamp: 38.0711; robot: 3; time: 5.65685; initial_level: 68.8058; final_level: 63.149
event: navigation; timestamp: 38.0711; robot: 3; time: 5.65685; src: (-3, 0); dst: (1, 4)
event: task_execution; timestamp: 28.5373; task: 1; robot: 4; pos: (0, 5); time: 10
event: battery_consumption; timestamp: 28.5373; robot: 4; time: 10; initial_level: 72.4627; final_level: 62.4627
event: task_resolution; timestamp: 38.5373; task: 1; pos: (0, 5); status: COMPLETED; attempt: 1
event: battery_consumption; timestamp: 39.5373; robot: 4; time: 5; initial_level: 62.4627; final_level: 57.4627
event: navigation; timestamp: 39.5373; robot: 4; time: 5; src: (0, 5); dst: (0, 0)
event: robot_finished; timestamp: 44.5373; robot: 4; pos: (0, 0); battery: 57.4627
event: task_execution; timestamp: 35.5432; task: 13; robot: 2; pos: (-4, 1); time: 10
event: battery_consumption; timestamp: 35.5432; robot: 2; time: 10; initial_level: 65.4568; final_level: 55.4568
event: task_resolution; timestamp: 45.5432; task: 13; pos: (-4, 1); status: COMPLETED; attempt: 1
event: battery_consumption; timestamp: 46.5432; robot: 2; time: 4.12311; initial_level: 55.4568; final_level: 51.3337
event: navigation; timestamp: 46.5432; robot: 2; time: 4.12311; src: (-4, 1); dst: (0, 0)
event: robot_finished; timestamp: 50.6663; robot: 2; pos: (0, 0); battery: 51.3337
event: task_execution; timestamp: 38.4142; task: 15; robot: 1; pos: (-4, -1); time: 10
event: battery_consumption; timestamp: 38.4142; robot: 1; time: 10; initial_level: 65.5858; final_level: 55.5858
event: task_resolution; timestamp: 48.4142; task: 15; pos: (-4, -1); status: COMPLETED; attempt: 1
event: battery_consumption; timestamp: 49.4142; robot: 1; time: 4.12311; initial_level: 55.5858; final_level: 51.4627
event: navigation; timestamp: 49.4142; robot: 1; time: 4.12311; src: (-4, -1); dst: (0, 0)
event: robot_finished; timestamp: 53.5373; robot: 1; pos: (0, 0); battery: 51.4627
event: task_execution; timestamp: 43.7279; task: 2; robot: 3; pos: (1, 4); time: 10
event: battery_consumption; timestamp: 43.7279; robot: 3; time: 10; initial_level: 63.149; final_level: 53.149
event: task_resolution; timestamp: 53.7279; task: 2; pos: (1, 4); status: COMPLETED; attempt: 1
event: battery_consumption; timestamp: 54.7279; robot: 3; time: 4.12311; initial_level: 53.149; final_level: 49.0259
event: navigation; timestamp: 54.7279; robot: 3; time: 4.12311; src: (1, 4); dst: (0, 0)
event: robot_finished; timestamp: 58.851; robot: 3; pos: (0, 0); battery: 49.0259
metric: available_agents; value: 0
metric: failed_agents; value: 0
metric: finished_agents; value: 4
metric: completed_tasks; value: 12
metric: pending_tasks; value: 0
metric: failed_tasks; value: 4
metric: average_robot_makespan; value: 51.898
metric: sd_robot_makespan; value: 5.96458
metric: max_robot_makespan; value: 58.851
metric: min_robot_makespan; value: 44.5373
metric: average_robot_travel_distance; value: 17.6788
metric: sd_robot_travel_distance; value: 3.60584
metric: max_robot_travel_distance; value: 20.9741
metric: min_robot_travel_distance; value: 12.5373
metric: sum_robot_travel_distance; value: 70.7151
metric: average_completed_tasks_by_robot; value: 0
metric: sd_completed_tasks_by_robot; value: 0
metric: max_completed_tasks_by_robot; value: 0
metric: min_completed_tasks_by_robot; value: 0
metric: final_reward; value: 0.75
metric: computing_time; value: 0.728164
