info: solver_name; value: dec-mcts-bp-sp
info: reward_function; value: reward00
info: replica; value: 3
info: filename; value: ../logs/ablacion_blockprob/scenario_1E_20t_5r_dec-mcts-bp-sp_reward00_003.log
info: scenario_name; value: scenario_1E_20t_5r
info: scenario_name; value: scenario_1E_20t_5r
info: number_of_tasks; value: 20
info: number_of_robots; value: 5
info: number_of_recharging_stations; value: 1
info: scenario_size; value: (15,15)
event: recharging_station_spawn; timestamp: 0; recharging_station: 1; pos: (0, 0)
event: task_spawn; timestamp: 0; task: 1; pos: (0, 5); earliest_start: 11; latest_start: 24.62; state: PENDING; required_workers: 1; success_prob: 1; max_attempts: 1
event: task_spawn; timestamp: 0; task: 2; pos: (0.95, 4.31); earliest_start: 29; latest_start: 40.04; state: PENDING; required_workers: 1; success_prob: 1; max_attempts: 1
event: task_spawn; timestamp: 0; task: 3; pos: (0.59, 3.19); earliest_start: 11; latest_start: 24.4; state: PENDING; required_workers: 1; success_prob: 1; max_attempts: 1
event: task_spawn; timestamp: 0; task: 4; pos: (-0.59, 3.19); earliest_start: 8; latest_start: 17.59; state: PENDING; required_workers: 1; success_prob: 1; max_attempts: 1
event: task_spawn; timestamp: 0; task: 5; pos: (-0.95, 4.31); earliest_start: 29; latest_start: 43.79; state: PENDING; required_workers: 1; success_prob: 1; max_attempts: 1
event: task_spawn; timestamp: 0; task: 6; pos: (4, 1); earliest_start: 2; latest_start: 14; state: PENDING; required_workers: 1; success_prob: 1; max_attempts: 1
event: task_spawn; timestamp: 0; task: 7; pos: (4.95, 0.31); earliest_start: 12; latest_start: 21.76; state: PENDING; required_workers: 1; success_prob: 1; max_attempts: 1
event: task_spawn; timestamp: 0; task: 8; pos: (4.59, -0.81); earliest_start: 2; latest_start: 12.86; state: PENDING; required_workers: 1; success_prob: 1; max_attempts: 1
event: task_spawn; timestamp: 0; task: 9; pos: (3.41, -0.81); earliest_start: 25; latest_start: 33.96; state: PENDING; required_workers: 1; success_prob: 1; max_attempts: 1
event: task_spawn; timestamp: 0; task: 10; pos: (3.05, 0.31); earliest_start: 34; latest_start: 46.37; state: PENDING; required_workers: 1; success_prob: 1; max_attempts: 1
event: task_spawn; timestamp: 0; task: 11; pos: (0, -3); earliest_start: 12; latest_start: 21.19; state: PENDING; required_workers: 1; success_prob: 1; max_attempts: 1
event: task_spawn; timestamp: 0; task: 12; pos: (0.95, -3.69); earliest_start: 18; latest_start: 28.14; state: PENDING; required_workers: 1; success_prob: 1; max_attempts: 1
event: task_spawn; timestamp: 0; task: 13; pos: (0.59, -4.81); earliest_start: 21; latest_start: 27.75; state: PENDING; required_workers: 1; success_prob: 1; max_attempts: 1
event: task_spawn; timestamp: 0; task: 14; pos: (-0.59, -4.81); earliest_start: 17; latest_start: 31.09; state: PENDING; required_workers: 1; success_prob: 1; max_attempts: 1
event: task_spawn; timestamp: 0; task: 15; pos: (-0.95, -3.69); earliest_start: 25; latest_start: 37.04; state: PENDING; required_workers: 1; success_prob: 1; max_attempts: 1
event: task_spawn; timestamp: 0; task: 16; pos: (-4, 1); earliest_start: 28; latest_start: 40.03; state: PENDING; required_workers: 1; success_prob: 1; max_attempts: 1
event: task_spawn; timestamp: 0; task: 17; pos: (-3.05, 0.31); earliest_start: 11; latest_start: 23.34; state: PENDING; required_workers: 1; success_prob: 1; max_attempts: 1
event: task_spawn; timestamp: 0; task: 18; pos: (-3.41, -0.81); earliest_start: 31; latest_start: 39.18; state: PENDING; required_workers: 1; success_prob: 1; max_attempts: 1
event: task_spawn; timestamp: 0; task: 19; pos: (-4.59, -0.81); earliest_start: 33; latest_start: 41.98; state: PENDING; required_workers: 1; success_prob: 1; max_attempts: 1
event: task_spawn; timestamp: 0; task: 20; pos: (-4.95, 0.31); earliest_start: 17; latest_start: 24.32; state: PENDING; required_workers: 1; success_prob: 1; max_attempts: 1
event: robot_spawn; timestamp: 0; robot: 1; pos: (0, 0); state: AVAILABLE; battery_level: 100; battery_capacity: 100; velocity: 1; battery_rate_nav: 1
event: robot_spawn; timestamp: 0; robot: 2; pos: (0, 0); state: AVAILABLE; battery_level: 100; battery_capacity: 100; velocity: 1; battery_rate_nav: 1
event: robot_spawn; timestamp: 0; robot: 3; pos: (0, 0); state: AVAILABLE; battery_level: 100; battery_capacity: 100; velocity: 1; battery_rate_nav: 1
event: robot_spawn; timestamp: 0; robot: 4; pos: (0, 0); state: AVAILABLE; battery_level: 100; battery_capacity: 100; velocity: 1; battery_rate_nav: 1
event: robot_spawn; timestamp: 0; robot: 5; pos: (0, 0); state: AVAILABLE; battery_level: 100; battery_capacity: 100; velocity: 1; battery_rate_nav: 1
event: battery_consumption; timestamp: 0; robot: 5; time: 4.66092; initial_level: 100; final_level: 95.3391
event: navigation; timestamp: 0; robot: 5; time: 4.66092; src: (0, 0); dst: (4.59, -0.81)
event: battery_consumption; timestamp: 0; robot: 4; time: 3.2441; initial_level: 100; final_level: 96.7559
event: navigation; timestamp: 0; robot: 4; time: 3.2441; src: (0, 0); dst: (-0.59, 3.19)
event: battery_consumption; timestamp: 0; robot: 3; time: 4.12311; initial_level: 100; final_level: 95.8769
event: navigation; timestamp: 0; robot: 3; time: 4.12311; src: (0, 0); dst: (4, 1)
event: battery_consumption; timestamp: 1; robot: 2; time: 3.81033; initial_level: 100; final_level: 96.1897
event: navigation; timestamp: 1; robot: 2; time: 3.81033; src: (0, 0); dst: (0.95, -3.69)
event: battery_consumption; timestamp: 1; robot: 1; time: 3.06571; initial_level: 100; final_level: 96.9343
event: navigation; timestamp: 1; robot: 1; time: 3.06571; src: (0, 0); dst: (-3.05, 0.31)
event: task_execution; timestamp: 4.12311; task: 6; robot: 3; pos: (4, 1); time: 10
event: battery_consumption; timestamp: 4.12311; robot: 3; time: 10; initial_level: 95.8769; final_level: 85.8769
event: task_resolution; timestamp: 14.1231; task: 6; pos: (4, 1); status: COMPLETED; attempt: 1
event: battery_consumption; timestamp: 14.1231; robot: 3; time: 1.17414; initial_level: 85.8769; final_level: 84.7028
event: navigation; timestamp: 14.1231; robot: 3; time: 1.17414; src: (4, 1); dst: (4.95, 0.31)
event: task_execution; timestamp: 4.66092; task: 8; robot: 5; pos: (4.59, -0.81); time: 10
event: battery_consumption; timestamp: 4.66092; robot: 5; time: 10; initial_level: 95.3391; final_level: 85.3391
event: task_resolution; timestamp: 14.6609; task: 8; pos: (4.59, -0.81); status: COMPLETED; attempt: 1
event: battery_consumption; timestamp: 14.6609; robot: 5; time: 5.65685; initial_level: 85.3391; final_level: 79.6822
event: navigation; timestamp: 14.6609; robot: 5; time: 5.65685; src: (4.59, -0.81); dst: (0.59, -4.81)
event: task_execution; timestamp: 8; task: 4; robot: 4; pos: (-0.59, 3.19); time: 10
event: battery_consumption; timestamp: 8; robot: 4; time: 10; initial_level: 96.7559; final_level: 86.7559
event: task_resolution; timestamp: 18; task: 4; pos: (-0.59, 3.19); status: COMPLETED; attempt: 1
event: battery_consumption; timestamp: 18; robot: 4; time: 1.90373; initial_level: 86.7559; final_level: 84.8522
event: navigation; timestamp: 18; robot: 4; time: 1.90373; src: (-0.59, 3.19); dst: (0, 5)
event: task_execution; timestamp: 11; task: 17; robot: 1; pos: (-3.05, 0.31); time: 10
event: battery_consumption; timestamp: 11; robot: 1; time: 10; initial_level: 96.9343; final_level: 86.9343
event: task_resolution; timestamp: 21; task: 17; pos: (-3.05, 0.31); status: COMPLETED; attempt: 1
event: battery_consumption; timestamp: 21; robot: 1; time: 1.9; initial_level: 86.9343; final_level: 85.0343
event: navigation; timestamp: 21; robot: 1; time: 1.9; src: (-3.05, 0.31); dst: (-4.95, 0.31)
event: task_execution; timestamp: 15.2972; task: 7; robot: 3; pos: (4.95, 0.31); time: 10
event: battery_consumption; timestamp: 15.2972; robot: 3; time: 10; initial_level: 84.7028; final_level: 74.7028
event: task_resolution; timestamp: 25.2972; task: 7; pos: (4.95, 0.31); status: COMPLETED; attempt: 1
event: battery_consumption; timestamp: 25.2972; robot: 3; time: 1.90421; initial_level: 74.7028; final_level: 72.7986
event: navigation; timestamp: 25.2972; robot: 3; time: 1.90421; src: (4.95, 0.31); dst: (3.41, -0.81)
event: task_execution; timestamp: 18; task: 12; robot: 2; pos: (0.95, -3.69); time: 10
event: battery_consumption; timestamp: 18; robot: 2; time: 10; initial_level: 96.1897; final_level: 86.1897
event: task_resolution; timestamp: 28; task: 12; pos: (0.95, -3.69); status: COMPLETED; attempt: 1
event: battery_consumption; timestamp: 28; robot: 2; time: 1.90421; initial_level: 86.1897; final_level: 84.2855
event: navigation; timestamp: 28; robot: 2; time: 1.90421; src: (0.95, -3.69); dst: (-0.59, -4.81)
event: task_execution; timestamp: 19.9037; task: 1; robot: 4; pos: (0, 5); time: 10
event: battery_consumption; timestamp: 19.9037; robot: 4; time: 10; initial_level: 84.8522; final_level: 74.8522
event: task_resolution; timestamp: 29.9037; task: 1; pos: (0, 5); status: COMPLETED; attempt: 1
event: battery_consumption; timestamp: 29.9037; robot: 4; time: 8.74177; initial_level: 74.8522; final_level: 66.1104
event: navigation; timestamp: 29.9037; robot: 4; time: 8.74177; src: (0, 5); dst: (-0.95, -3.69)
event: task_execution; timestamp: 21; task: 13; robot: 5; pos: (0.59, -4.81); time: 10
event: battery_consumption; timestamp: 21; robot: 5; time: 10; initial_level: 79.6822; final_level: 69.6822
event: task_resolution; timestamp: 31; task: 13; pos: (0.59, -4.81); status: COMPLETED; attempt: 1
event: battery_consumption; timestamp: 31; robot: 5; time: 7.40434; initial_level: 69.6822; final_level: 62.2779
event: navigation; timestamp: 31; robot: 5; time: 7.40434; src: (0.59, -4.81); dst: (-4, 1)
event: task_execution; timestamp: 22.9; task: 20; robot: 1; pos: (-4.95, 0.31); time: 10
event: battery_consumption; timestamp: 22.9; robot: 1; time: 10; initial_level: 85.0343; final_level: 75.0343
event: task_resolution; timestamp: 32.9; task: 20; pos: (-4.95, 0.31); status: COMPLETED; attempt: 1
event: battery_consumption; timestamp: 32.9; robot: 1; time: 1.17644; initial_level: 75.0343; final_level: 73.8579
event: navigation; timestamp: 32.9; robot: 1; time: 1.17644; src: (-4.95, 0.31); dst: (-4.59, -0.81)
event: task_execution; timestamp: 27.2014; task: 9; robot: 3; pos: (3.41, -0.81); time: 10
event: battery_consumption; timestamp: 27.2014; robot: 3; time: 10; initial_level: 72.7986; final_level: 62.7986
event: task_resolution; timestamp: 37.2014; task: 9; pos: (3.41, -0.81); status: COMPLETED; attempt: 1
event: battery_consumption; timestamp: 37.2014; robot: 3; time: 6.82; initial_level: 62.7986; final_level: 55.9786
event: navigation; timestamp: 37.2014; robot: 3; time: 6.82; src: (3.41, -0.81); dst: (-3.41, -0.81)
event: task_execution; timestamp: 29.9042; task: 14; robot: 2; pos: (-0.59, -4.81); time: 10
event: battery_consumption; timestamp: 29.9042; robot: 2; time: 10; initial_level: 84.2855; final_level: 74.2855
event: task_resolution; timestamp: 39.9042; task: 14; pos: (-0.59, -4.81); status: COMPLETED; attempt: 1
event: battery_consumption; timestamp: 39.9042; robot: 2; time: 9.24911; initial_level: 74.2855; final_level: 65.0364
event: navigation; timestamp: 39.9042; robot: 2; time: 9.24911; src: (-0.59, -4.81); dst: (0.95, 4.31)
event: task_execution; timestamp: 34.0764; task: 19; robot: 1; pos: (-4.59, -0.81); time: 10
event: battery_consumption; timestamp: 34.0764; robot: 1; time: 10; initial_level: 73.8579; final_level: 63.8579
event: task_resolution; timestamp: 44.0764; task: 19; pos: (-4.59, -0.81); status: COMPLETED; attempt: 1
event: battery_consumption; timestamp: 44.0764; robot: 1; time: 7.72166; initial_level: 63.8579; final_level: 56.1362
event: navigation; timestamp: 44.0764; robot: 1; time: 7.72166; src: (-4.59, -0.81); dst: (3.05, 0.31)
event: task_execution; timestamp: 38.4043; task: 16; robot: 5; pos: (-4, 1); time: 10
event: battery_consumption; timestamp: 38.4043; robot: 5; time: 10; initial_level: 62.2779; final_level: 52.2779
event: task_resolution; timestamp: 48.4043; task: 16; pos: (-4, 1); status: COMPLETED; attempt: 1
event: task_execution; timestamp: 38.6455; task: 15; robot: 4; pos: (-0.95, -3.69); time: 10
event: battery_consumption; timestamp: 38.6455; robot: 4; time: 10; initial_level: 66.1104; final_level: 56.1104
event: task_resolution; timestamp: 48.6455; task: 15; pos: (-0.95, -3.69); status: COMPLETED; attempt: 1
event: battery_consumption; timestamp: 49.4043; robot: 5; time: 4.12311; initial_level: 52.2779; final_level: 48.1548
event: navigation; timestamp: 49.4043; robot: 5; time: 4.12311; src: (-4, 1); dst: (0, 0)
event: robot_finished; timestamp: 53.5274; robot: 5; pos: (0, 0); battery: 48.1548
event: battery_consumption; timestamp: 49.6455; robot: 4; time: 3.81033; initial_level: 56.1104; final_level: 52.3001
event: navigation; timestamp: 49.6455; robot: 4; time: 3.81033; src: (-0.95, -3.69); dst: (0, 0)
event: robot_finished; timestamp: 53.4558; robot: 4; pos: (0, 0); battery: 52.3001
event: task_execution; timestamp: 44.0214; task: 18; robot: 3; pos: (-3.41, -0.81); time: 10
event: battery_consumption; timestamp: 44.0214; robot: 3; time: 10; initial_level: 55.9786; final_level: 45.9786
event: task_resolution; timestamp: 54.0214; task: 18; pos: (-3.41, -0.81); status: COMPLETED; attempt: 1
event: battery_consumption; timestamp: 54.0214; robot: 3; time: 3.50488; initial_level: 45.9786; final_level: 42.4737
event: navigation; timestamp: 54.0214; robot: 3; time: 3.50488; src: (-3.41, -0.81); dst: (0, 0)
event: recharge; timestamp: 57.5263; robot: 3; recharging_station: 1; pos: (0, 0); level: 100
event: robot_finished; timestamp: 57.5263; robot: 3; pos: (0, 0); battery: 100
event: task_execution; timestamp: 49.1533; task: 2; robot: 2; pos: (0.95, 4.31); time: 10
event: battery_consumption; timestamp: 49.1533; robot: 2; time: 10; initial_level: 65.0364; final_level: 55.0364
event: task_resolution; timestamp: 59.1533; task: 2; pos: (0.95, 4.31); status: COMPLETED; attempt: 1
event: battery_consumption; timestamp: 60.1533; robot: 2; time: 4.41346; initial_level: 55.0364; final_level: 50.6229
event: navigation; timestamp: 60.1533; robot: 2; time: 4.41346; src: (0.95, 4.31); dst: (0, 0)
event: robot_finished; timestamp: 64.5668; robot: 2; pos: (0, 0); battery: 50.6229
event: task_execution; timestamp: 51.7981; task: 10; robot: 1; pos: (3.05, 0.31); time: 10
event: battery_consumption; timestamp: 51.7981; robot: 1; time: 10; initial_level: 56.1362; final_level: 46.1362
event: task_resolution; timestamp: 61.7981; task: 10; pos: (3.05, 0.31); status: COMPLETED; attempt: 1
event: battery_consumption; timestamp: 61.7981; robot: 1; time: 3.06571; initial_level: 46.1362; final_level: 43.0705
event: navigation; timestamp: 61.7981; robot: 1; time: 3.06571; src: (3.05, 0.31); dst: (0, 0)
event: recharge; timestamp: 64.8638; robot: 1; recharging_station: 1; pos: (0, 0); level: 100
event: robot_finished; timestamp: 64.8638; robot: 1; pos: (0, 0); battery: 100
metric: available_agents; value: 0
metric: failed_agents; value: 0
metric: finished_agents; value: 5
metric: completed_tasks; value: 17
metric: pending_tasks; value: 0
metric: failed_tasks; value: 3
metric: average_robot_makespan; value: 58.788
metric: sd_robot_makespan; value: 5.65701
metric: max_robot_makespan; value: 64.8638
metric: min_robot_makespan; value: 53.4558
metric: average_robot_travel_distance; value: 18.6756
metric: sd_robot_travel_distance; value: 1.99124
metric: max_robot_travel_distance; value: 21.8452
metric: min_robot_travel_distance; value: 16.9295
metric: sum_robot_travel_distance; value: 93.3781
metric: average_completed_tasks_by_robot; value: 0
metric: sd_completed_tasks_by_robot; value: 0
metric: max_completed_tasks_by_robot; value: 0
metric: min_completed_tasks_by_robot; value: 0
metric: final_reward; value: 0.85
metric: computing_time; value: 1.47297
