info: solver_name; value: dec-mcts-bp-1
info: reward_function; value: reward00
info: replica; value: 2
info: filename; value: ../logs/ablacion_blockprob/scenario_1E_12t_5r_dec-mcts-bp-1_reward00_002.log
info: scenario_name; value: scenario_1E_12t_5r
info: scenario_name; value: scenario_1E_12t_5r
info: number_of_tasks; value: 12
info: number_of_robots; value: 5
info: number_of_recharging_stations; value: 1
info: scenario_size; value: (15,15)
event: recharging_station_spawn; timestamp: 0; recharging_station: 1; pos: (0, 0)
event: task_spawn; timestamp: 0; task: 1; pos: (0, 5); earliest_start: 20; latest_start: 25.51; state: PENDING; required_workers: 1; success_prob: 1; max_attempts: 1
event: task_spawn; timestamp: 0; task: 2; pos: (0.87, 3.5); earliest_start: 4; latest_start: 20.09; state: PENDING; required_workers: 1; success_prob: 1; max_attempts: 1
event: task_spawn; timestamp: 0; task: 3; pos: (-0.87, 3.5); earliest_start: 6; latest_start: 16.15; state: PENDING; required_workers: 1; success_prob: 1; max_attempts: 1
event: task_spawn; timestamp: 0; task: 4; pos: (4, 1); earliest_start: 5; latest_start: 16.68; state: PENDING; required_workers: 1; success_prob: 1; max_attempts: 1
event: task_spawn; timestamp: 0; task: 5; pos: (4.87, -0.5); earliest_start: 20; latest_start: 25.94; state: PENDING; required_workers: 1; success_prob: 1; max_attempts: 1
event: task_spawn; timestamp: 0; task: 6; pos: (3.13, -0.5); earliest_start: 2; latest_start: 8.96; state: PENDING; required_workers: 1; success_prob: 1; max_attempts: 1
event: task_spawn; timestamp: 0; task: 7; pos: (0, -3); earliest_start: 15; latest_start: 27.28; state: PENDING; required_workers: 1; success_prob: 1; max_attempts: 1
event: task_spawn; timestamp: 0; task: 8; pos: (0.87, -4.5); earliest_start: 14; latest_start: 28.63; state: PENDING; required_workers: 1; success_prob: 1; max_attempts: 1
event: task_spawn; timestamp: 0; task: 9; pos: (-0.87, -4.5); earliest_start: 14; latest_start: 24.14; state: PENDING; required_workers: 1; success_prob: 1; max_attempts: 1
event: task_spawn; timestamp: 0; task: 10; pos: (-4, 1); earliest_start: 18; latest_start: 22.93; state: PENDING; required_workers: 1; success_prob: 1; max_attempts: 1
event: task_spawn; timestamp: 0; task: 11; pos: (-3.13, -0.5); earliest_start: 10; latest_start: 14.52; state: PENDING; required_workers: 1; success_prob: 1; max_attempts: 1
event: task_spawn; timestamp: 0; task: 12; pos: (-4.87, -0.5); earliest_start: 20; latest_start: 23.11; state: PENDING; required_workers: 1; success_prob: 1; max_attempts: 1
event: robot_spawn; timestamp: 0; robot: 1; pos: (0, 0); state: AVAILABLE; battery_level: 100; battery_capacity: 100; velocity: 1; battery_rate_nav: 1
event: robot_spawn; timestamp: 0; robot: 2; pos: (0, 0); state: AVAILABLE; battery_level: 100; battery_capacity: 100; velocity: 1; battery_rate_nav: 1
event: robot_spawn; timestamp: 0; robot: 3; pos: (0, 0); state: AVAILABLE; battery_level: 100; battery_capacity: 100; velocity: 1; battery_rate_nav: 1
event: robot_spawn; timestamp: 0; robot: 4; pos: (0, 0); state: AVAILABLE; battery_level: 100; battery_capacity: 100; velocity: 1; battery_rate_nav: 1
event: robot_spawn; timestamp: 0; robot: 5; pos: (0, 0); state: AVAILABLE; battery_level: 100; battery_capacity: 100; velocity: 1; battery_rate_nav: 1
event: battery_consumption; timestamp: 0; robot: 3; time: 3.16968; initial_level: 100; final_level: 96.8303
event: navigation; timestamp: 0; robot: 3; time: 3.16968; src: (0, 0); dst: (3.13, -0.5)
event: battery_consumption; timestamp: 1; robot: 2; time: 3.16968; initial_level: 100; final_level: 96.8303
event: navigation; timestamp: 1; robot: 2; time: 3.16968; src: (0, 0); dst: (-3.13, -0.5)
event: battery_consumption; timestamp: 1; robot: 5; time: 3.60651; initial_level: 100; final_level: 96.3935
event: navigation; timestamp: 1; robot: 5; time: 3.60651; src: (0, 0); dst: (-0.87, 3.5)
event: battery_consumption; timestamp: 1; robot: 1; time: 3.60651; initial_level: 100; final_level: 96.3935
event: navigation; timestamp: 1; robot: 1; time: 3.60651; src: (0, 0); dst: (0.87, 3.5)
event: battery_consumption; timestamp: 1; robot: 4; time: 4.12311; initial_level: 100; final_level: 95.8769
event: navigation; timestamp: 1; robot: 4; time: 4.12311; src: (0, 0); dst: (4, 1)
event: task_execution; timestamp: 3.16968; task: 6; robot: 3; pos: (3.13, -0.5); time: 10
event: battery_consumption; timestamp: 3.16968; robot: 3; time: 10; initial_level: 96.8303; final_level: 86.8303
event: task_resolution; timestamp: 13.1697; task: 6; pos: (3.13, -0.5); status: COMPLETED; attempt: 1
event: battery_consumption; timestamp: 13.1697; robot: 3; time: 4.00586; initial_level: 86.8303; final_level: 82.8245
event: navigation; timestamp: 13.1697; robot: 3; time: 4.00586; src: (3.13, -0.5); dst: (0, -3)
event: task_execution; timestamp: 4.60651; task: 2; robot: 1; pos: (0.87, 3.5); time: 10
event: battery_consumption; timestamp: 4.60651; robot: 1; time: 10; initial_level: 96.3935; final_level: 86.3935
event: task_resolution; timestamp: 14.6065; task: 2; pos: (0.87, 3.5); status: COMPLETED; attempt: 1
event: battery_consumption; timestamp: 14.6065; robot: 1; time: 8.18704; initial_level: 86.3935; final_level: 78.2065
event: navigation; timestamp: 14.6065; robot: 1; time: 8.18704; src: (0.87, 3.5); dst: (-0.87, -4.5)
event: task_execution; timestamp: 5.12311; task: 4; robot: 4; pos: (4, 1); time: 10
event: battery_consumption; timestamp: 5.12311; robot: 4; time: 10; initial_level: 95.8769; final_level: 85.8769
event: task_resolution; timestamp: 15.1231; task: 4; pos: (4, 1); status: COMPLETED; attempt: 1
event: battery_consumption; timestamp: 15.1231; robot: 4; time: 1.73404; initial_level: 85.8769; final_level: 84.1429
event: navigation; timestamp: 15.1231; robot: 4; time: 1.73404; src: (4, 1); dst: (4.87, -0.5)
event: task_execution; timestamp: 6; task: 3; robot: 5; pos: (-0.87, 3.5); time: 10
event: battery_consumption; timestamp: 6; robot: 5; time: 10; initial_level: 96.3935; final_level: 86.3935
event: task_resolution; timestamp: 16; task: 3; pos: (-0.87, 3.5); status: COMPLETED; attempt: 1
event: battery_consumption; timestamp: 16; robot: 5; time: 1.73404; initial_level: 86.3935; final_level: 84.6595
event: navigation; timestamp: 16; robot: 5; time: 1.73404; src: (-0.87, 3.5); dst: (0, 5)
event: task_execution; timestamp: 10; task: 11; robot: 2; pos: (-3.13, -0.5); time: 10
event: battery_consumption; timestamp: 10; robot: 2; time: 10; initial_level: 96.8303; final_level: 86.8303
event: task_resolution; timestamp: 20; task: 11; pos: (-3.13, -0.5); status: COMPLETED; attempt: 1
event: battery_consumption; timestamp: 20; robot: 2; time: 1.73404; initial_level: 86.8303; final_level: 85.0963
event: navigation; timestamp: 20; robot: 2; time: 1.73404; src: (-3.13, -0.5); dst: (-4, 1)
event: task_execution; timestamp: 17.1755; task: 7; robot: 3; pos: (0, -3); time: 10
event: battery_consumption; timestamp: 17.1755; robot: 3; time: 10; initial_level: 82.8245; final_level: 72.8245
event: task_resolution; timestamp: 27.1755; task: 7; pos: (0, -3); status: COMPLETED; attempt: 1
event: battery_consumption; timestamp: 27.1755; robot: 3; time: 1.73404; initial_level: 72.8245; final_level: 71.0904
event: navigation; timestamp: 27.1755; robot: 3; time: 1.73404; src: (0, -3); dst: (0.87, -4.5)
event: task_execution; timestamp: 20; task: 5; robot: 4; pos: (4.87, -0.5); time: 10
event: battery_consumption; timestamp: 20; robot: 4; time: 10; initial_level: 84.1429; final_level: 74.1429
event: task_resolution; timestamp: 30; task: 5; pos: (4.87, -0.5); status: COMPLETED; attempt: 1
event: task_execution; timestamp: 20; task: 1; robot: 5; pos: (0, 5); time: 10
event: battery_consumption; timestamp: 20; robot: 5; time: 10; initial_level: 84.6595; final_level: 74.6595
event: task_resolution; timestamp: 30; task: 1; pos: (0, 5); status: COMPLETED; attempt: 1
event: battery_consumption; timestamp: 30; robot: 5; time: 5; initial_level: 74.6595; final_level: 69.6595
event: navigation; timestamp: 30; robot: 5; time: 5; src: (0, 5); dst: (0, 0)
event: recharge; timestamp: 35; robot: 5; recharging_station: 1; pos: (0, 0); level: 100
event: battery_consumption; timestamp: 30; robot: 4; time: 4.8956; initial_level: 74.1429; final_level: 69.2473
event: navigation; timestamp: 30; robot: 4; time: 4.8956; src: (4.87, -0.5); dst: (0, 0)
event: robot_finished; timestamp: 34.8956; robot: 4; pos: (0, 0); battery: 69.2473
event: task_execution; timestamp: 21.734; task: 10; robot: 2; pos: (-4, 1); time: 10
event: battery_consumption; timestamp: 21.734; robot: 2; time: 10; initial_level: 85.0963; final_level: 75.0963
event: task_resolution; timestamp: 31.734; task: 10; pos: (-4, 1); status: COMPLETED; attempt: 1
event: task_execution; timestamp: 22.7935; task: 9; robot: 1; pos: (-0.87, -4.5); time: 10
event: battery_consumption; timestamp: 22.7935; robot: 1; time: 10; initial_level: 78.2065; final_level: 68.2065
event: task_resolution; timestamp: 32.7935; task: 9; pos: (-0.87, -4.5); status: COMPLETED; attempt: 1
event: battery_consumption; timestamp: 33.734; robot: 2; time: 4.12311; initial_level: 75.0963; final_level: 70.9732
event: navigation; timestamp: 33.734; robot: 2; time: 4.12311; src: (-4, 1); dst: (0, 0)
event: robot_finished; timestamp: 37.8571; robot: 2; pos: (0, 0); battery: 70.9732
event: battery_consumption; timestamp: 33.7935; robot: 1; time: 4.58333; initial_level: 68.2065; final_level: 63.6231
event: navigation; timestamp: 33.7935; robot: 1; time: 4.58333; src: (-0.87, -4.5); dst: (0, 0)
event: robot_finished; timestamp: 38.3769; robot: 1; pos: (0, 0); battery: 63.6231
event: robot_finished; timestamp: 37; robot: 5; pos: (0, 0); battery: 100
event: task_execution; timestamp: 28.9096; task: 8; robot: 3; pos: (0.87, -4.5); time: 10
event: battery_consumption; timestamp: 28.9096; robot: 3; time: 10; initial_level: 71.0904; final_level: 61.0904
event: task_resolution; timestamp: 38.9096; task: 8; pos: (0.87, -4.5); status: COMPLETED; attempt: 1
event: battery_consumption; timestamp: 38.9096; robot: 3; time: 4.58333; initial_level: 61.0904; final_level: 56.5071
event: navigation; timestamp: 38.9096; robot: 3; time: 4.58333; src: (0.87, -4.5); dst: (0, 0)
event: robot_finished; timestamp: 43.4929; robot: 3; pos: (0, 0); battery: 56.5071
metric: available_agents; value: 0
metric: failed_agents; value: 0
metric: finished_agents; value: 5
metric: completed_tasks; value: 11
metric: pending_tasks; value: 0
metric: failed_tasks; value: 1
metric: average_robot_makespan; value: 38.3245
metric: sd_robot_makespan; value: 3.17983
metric: max_robot_makespan; value: 43.4929
metric: min_robot_makespan; value: 34.8956
metric: average_robot_travel_distance; value: 11.998
metric: sd_robot_travel_distance; value: 2.93832
metric: max_robot_travel_distance; value: 16.3769
metric: min_robot_travel_distance; value: 9.02683
metric: sum_robot_travel_distance; value: 59.9899
metric: average_completed_tasks_by_robot; value: 0
metric: sd_completed_tasks_by_robot; value: 0
metric: max_completed_tasks_by_robot; value: 0
metric: min_completed_tasks_by_robot; value: 0
metric: final_reward; value: 0.916667
metric: computing_time; value: 0.729328
