info: solver_name; value: dec-mcts
info: reward_function; value: reward00
info: replica; value: 1
info: filename; value: ../logs/prueba/c104_10r_100t_cdb2cd8a_dec-mcts_reward00_001.log
info: scenario_name; value: c104_10r_100t_cdb2cd8a
info: scenario_name; value: c104_10r_100t_cdb2cd8a
info: number_of_tasks; value: 100
info: number_of_robots; value: 10
info: number_of_recharging_stations; value: 1
info: scenario_size; value: (132,132)
event: recharging_station_spawn; timestamp: 0; recharging_station: 1; pos: (0, 0)
event: task_spawn; timestamp: 0; task: 1; pos: (5, 18); earliest_start: 0; latest_start: 1127; state: PENDING; required_workers: 1; success_prob: 0.2; max_attempts: 1
event: task_spawn; timestamp: 0; task: 2; pos: (5, 20); earliest_start: 0; latest_start: 1125; state: PENDING; required_workers: 1; success_prob: 0.2; max_attempts: 1
event: task_spawn; timestamp: 0; task: 3; pos: (2, 16); earliest_start: 0; latest_start: 1129; state: PENDING; required_workers: 1; success_prob: 0.2; max_attempts: 1
event: task_spawn; timestamp: 0; task: 4; pos: (2, 18); earliest_start: 727; latest_start: 782; state: PENDING; required_workers: 1; success_prob: 0.2; max_attempts: 1
event: task_spawn; timestamp: 0; task: 5; pos: (2, 15); earliest_start: 0; latest_start: 1130; state: PENDING; required_workers: 1; success_prob: 0.2; max_attempts: 1
event: task_spawn; timestamp: 0; task: 6; pos: (0, 19); earliest_start: 0; latest_start: 1127; state: PENDING; required_workers: 1; success_prob: 0.2; max_attempts: 1
event: task_spawn; timestamp: 0; task: 7; pos: (0, 16); earliest_start: 0; latest_start: 1130; state: PENDING; required_workers: 1; success_prob: 0.2; max_attempts: 1
event: task_spawn; timestamp: 0; task: 8; pos: (-2, 18); earliest_start: 255; latest_start: 324; state: PENDING; required_workers: 1; success_prob: 0.2; max_attempts: 1
event: task_spawn; timestamp: 0; task: 9; pos: (-2, 20); earliest_start: 534; latest_start: 605; state: PENDING; required_workers: 1; success_prob: 0.2; max_attempts: 1
event: task_spawn; timestamp: 0; task: 10; pos: (-5, 16); earliest_start: 0; latest_start: 1129; state: PENDING; required_workers: 1; success_prob: 0.2; max_attempts: 1
event: task_spawn; timestamp: 0; task: 11; pos: (-5, 19); earliest_start: 448; latest_start: 505; state: PENDING; required_workers: 2; success_prob: 0.2; max_attempts: 1
event: task_spawn; timestamp: 0; task: 12; pos: (-15, 35); earliest_start: 0; latest_start: 1107; state: PENDING; required_workers: 2; success_prob: 0.2; max_attempts: 1
event: task_spawn; timestamp: 0; task: 13; pos: (-18, 25); earliest_start: 30; latest_start: 92; state: PENDING; required_workers: 2; success_prob: 0.2; max_attempts: 1
event: task_spawn; timestamp: 0; task: 14; pos: (-18, 35); earliest_start: 0; latest_start: 1106; state: PENDING; required_workers: 2; success_prob: 0.2; max_attempts: 1
event: task_spawn; timestamp: 0; task: 15; pos: (-20, 30); earliest_start: 384; latest_start: 429; state: PENDING; required_workers: 2; success_prob: 0.2; max_attempts: 1
event: task_spawn; timestamp: 0; task: 16; pos: (-20, 35); earliest_start: 0; latest_start: 1105; state: PENDING; required_workers: 2; success_prob: 0.2; max_attempts: 1
event: task_spawn; timestamp: 0; task: 17; pos: (-22, 25); earliest_start: 0; latest_start: 1112; state: PENDING; required_workers: 3; success_prob: 0.2; max_attempts: 1
event: task_spawn; timestamp: 0; task: 18; pos: (-25, 25); earliest_start: 0; latest_start: 1110; state: PENDING; required_workers: 3; success_prob: 0.2; max_attempts: 1
event: task_spawn; timestamp: 0; task: 19; pos: (-25, 30); earliest_start: 0; latest_start: 1106; state: PENDING; required_workers: 3; success_prob: 0.2; max_attempts: 1
event: task_spawn; timestamp: 0; task: 20; pos: (-10, 0); earliest_start: 0; latest_start: 1136; state: PENDING; required_workers: 3; success_prob: 0.2; max_attempts: 1
event: task_spawn; timestamp: 0; task: 21; pos: (-10, 2); earliest_start: 0; latest_start: 1135; state: PENDING; required_workers: 1; success_prob: 0.4; max_attempts: 1
event: task_spawn; timestamp: 0; task: 22; pos: (-12, 2); earliest_start: 0; latest_start: 1133; state: PENDING; required_workers: 1; success_prob: 0.4; max_attempts: 1
event: task_spawn; timestamp: 0; task: 23; pos: (-12, 5); earliest_start: 732; latest_start: 777; state: PENDING; required_workers: 1; success_prob: 0.4; max_attempts: 1
event: task_spawn; timestamp: 0; task: 24; pos: (-15, 0); earliest_start: 0; latest_start: 1131; state: PENDING; required_workers: 1; success_prob: 0.4; max_attempts: 1
event: task_spawn; timestamp: 0; task: 25; pos: (-15, 2); earliest_start: 169; latest_start: 224; state: PENDING; required_workers: 1; success_prob: 0.4; max_attempts: 1
event: task_spawn; timestamp: 0; task: 26; pos: (-15, 5); earliest_start: 0; latest_start: 1130; state: PENDING; required_workers: 1; success_prob: 0.4; max_attempts: 1
event: task_spawn; timestamp: 0; task: 27; pos: (-17, 2); earliest_start: 0; latest_start: 1128; state: PENDING; required_workers: 1; success_prob: 0.4; max_attempts: 1
event: task_spawn; timestamp: 0; task: 28; pos: (-17, 5); earliest_start: 0; latest_start: 1128; state: PENDING; required_workers: 1; success_prob: 0.4; max_attempts: 1
event: task_spawn; timestamp: 0; task: 29; pos: (-20, 0); earliest_start: 0; latest_start: 1126; state: PENDING; required_workers: 1; success_prob: 0.4; max_attempts: 1
event: task_spawn; timestamp: 0; task: 30; pos: (-20, 5); earliest_start: 0; latest_start: 1125; state: PENDING; required_workers: 1; success_prob: 0.4; max_attempts: 1
event: task_spawn; timestamp: 0; task: 31; pos: (-30, -15); earliest_start: 0; latest_start: 1112; state: PENDING; required_workers: 2; success_prob: 0.4; max_attempts: 1
event: task_spawn; timestamp: 0; task: 32; pos: (-30, -10); earliest_start: 0; latest_start: 1114; state: PENDING; required_workers: 2; success_prob: 0.4; max_attempts: 1
event: task_spawn; timestamp: 0; task: 33; pos: (-32, -10); earliest_start: 0; latest_start: 1112; state: PENDING; required_workers: 2; success_prob: 0.4; max_attempts: 1
event: task_spawn; timestamp: 0; task: 34; pos: (-32, -5); earliest_start: 0; latest_start: 1113; state: PENDING; required_workers: 2; success_prob: 0.4; max_attempts: 1
event: task_spawn; timestamp: 0; task: 35; pos: (-35, -15); earliest_start: 0; latest_start: 1107; state: PENDING; required_workers: 2; success_prob: 0.4; max_attempts: 1
event: task_spawn; timestamp: 0; task: 36; pos: (-35, -5); earliest_start: 0; latest_start: 1110; state: PENDING; required_workers: 2; success_prob: 0.4; max_attempts: 1
event: task_spawn; timestamp: 0; task: 37; pos: (-38, -10); earliest_start: 0; latest_start: 1106; state: PENDING; required_workers: 3; success_prob: 0.4; max_attempts: 1
event: task_spawn; timestamp: 0; task: 38; pos: (-40, -10); earliest_start: 479; latest_start: 522; state: PENDING; required_workers: 3; success_prob: 0.4; max_attempts: 1
event: task_spawn; timestamp: 0; task: 39; pos: (-40, -5); earliest_start: 0; latest_start: 1105; state: PENDING; required_workers: 3; success_prob: 0.4; max_attempts: 1
event: task_spawn; timestamp: 0; task: 40; pos: (-5, -20); earliest_start: 0; latest_start: 1125; state: PENDING; required_workers: 3; success_prob: 0.4; max_attempts: 1
event: task_spawn; timestamp: 0; task: 41; pos: (-5, -18); earliest_start: 0; latest_start: 1127; state: PENDING; required_workers: 1; success_prob: 0.6; max_attempts: 1
event: task_spawn; timestamp: 0; task: 42; pos: (-7, -18); earliest_start: 0; latest_start: 1126; state: PENDING; required_workers: 1; success_prob: 0.6; max_attempts: 1
event: task_spawn; timestamp: 0; task: 43; pos: (-7, -15); earliest_start: 0; latest_start: 1129; state: PENDING; required_workers: 1; success_prob: 0.6; max_attempts: 1
event: task_spawn; timestamp: 0; task: 44; pos: (-8, -20); earliest_start: 359; latest_start: 412; state: PENDING; required_workers: 1; success_prob: 0.6; max_attempts: 1
event: task_spawn; timestamp: 0; task: 45; pos: (-10, -20); earliest_start: 0; latest_start: 1123; state: PENDING; required_workers: 1; success_prob: 0.6; max_attempts: 1
event: task_spawn; timestamp: 0; task: 46; pos: (-10, -18); earliest_start: 0; latest_start: 1125; state: PENDING; required_workers: 1; success_prob: 0.6; max_attempts: 1
event: task_spawn; timestamp: 0; task: 47; pos: (-10, -15); earliest_start: 0; latest_start: 1127; state: PENDING; required_workers: 1; success_prob: 0.6; max_attempts: 1
event: task_spawn; timestamp: 0; task: 48; pos: (-12, -20); earliest_start: 0; latest_start: 1122; state: PENDING; required_workers: 1; success_prob: 0.6; max_attempts: 1
event: task_spawn; timestamp: 0; task: 49; pos: (-12, -15); earliest_start: 0; latest_start: 1126; state: PENDING; required_workers: 1; success_prob: 0.6; max_attempts: 1
event: task_spawn; timestamp: 0; task: 50; pos: (-14, -18); earliest_start: 0; latest_start: 1123; state: PENDING; required_workers: 1; success_prob: 0.6; max_attempts: 1
event: task_spawn; timestamp: 0; task: 51; pos: (-15, -20); earliest_start: 0; latest_start: 1121; state: PENDING; required_workers: 2; success_prob: 0.6; max_attempts: 1
event: task_spawn; timestamp: 0; task: 52; pos: (-15, -15); earliest_start: 0; latest_start: 1124; state: PENDING; required_workers: 2; success_prob: 0.6; max_attempts: 1
event: task_spawn; timestamp: 0; task: 53; pos: (4, -45); earliest_start: 286; latest_start: 347; state: PENDING; required_workers: 2; success_prob: 0.6; max_attempts: 1
event: task_spawn; timestamp: 0; task: 54; pos: (2, -40); earliest_start: 0; latest_start: 1105; state: PENDING; required_workers: 2; success_prob: 0.6; max_attempts: 1
event: task_spawn; timestamp: 0; task: 55; pos: (2, -35); earliest_start: 95; latest_start: 158; state: PENDING; required_workers: 2; success_prob: 0.6; max_attempts: 1
event: task_spawn; timestamp: 0; task: 56; pos: (0, -45); earliest_start: 0; latest_start: 1101; state: PENDING; required_workers: 2; success_prob: 0.6; max_attempts: 1
event: task_spawn; timestamp: 0; task: 57; pos: (0, -35); earliest_start: 0; latest_start: 1111; state: PENDING; required_workers: 3; success_prob: 0.6; max_attempts: 1
event: task_spawn; timestamp: 0; task: 58; pos: (-2, -45); earliest_start: 471; latest_start: 534; state: PENDING; required_workers: 3; success_prob: 0.6; max_attempts: 1
event: task_spawn; timestamp: 0; task: 59; pos: (-2, -35); earliest_start: 0; latest_start: 1110; state: PENDING; required_workers: 3; success_prob: 0.6; max_attempts: 1
event: task_spawn; timestamp: 0; task: 60; pos: (-5, -45); earliest_start: 0; latest_start: 1100; state: PENDING; required_workers: 3; success_prob: 0.6; max_attempts: 1
event: task_spawn; timestamp: 0; task: 61; pos: (10, -20); earliest_start: 0; latest_start: 1123; state: PENDING; required_workers: 1; success_prob: 0.8; max_attempts: 1
event: task_spawn; timestamp: 0; task: 62; pos: (10, -15); earliest_start: 262; latest_start: 317; state: PENDING; required_workers: 1; success_prob: 0.8; max_attempts: 1
event: task_spawn; timestamp: 0; task: 63; pos: (10, -10); earliest_start: 0; latest_start: 1131; state: PENDING; required_workers: 1; success_prob: 0.8; max_attempts: 1
event: task_spawn; timestamp: 0; task: 64; pos: (8, -20); earliest_start: 0; latest_start: 1124; state: PENDING; required_workers: 1; success_prob: 0.8; max_attempts: 1
event: task_spawn; timestamp: 0; task: 65; pos: (8, -10); earliest_start: 0; latest_start: 1133; state: PENDING; required_workers: 1; success_prob: 0.8; max_attempts: 1
event: task_spawn; timestamp: 0; task: 66; pos: (7, -15); earliest_start: 0; latest_start: 1129; state: PENDING; required_workers: 1; success_prob: 0.8; max_attempts: 1
event: task_spawn; timestamp: 0; task: 67; pos: (7, -10); earliest_start: 12; latest_start: 77; state: PENDING; required_workers: 1; success_prob: 0.8; max_attempts: 1
event: task_spawn; timestamp: 0; task: 68; pos: (5, -20); earliest_start: 0; latest_start: 1125; state: PENDING; required_workers: 1; success_prob: 0.8; max_attempts: 1
event: task_spawn; timestamp: 0; task: 69; pos: (5, -15); earliest_start: 916; latest_start: 969; state: PENDING; required_workers: 1; success_prob: 0.8; max_attempts: 1
event: task_spawn; timestamp: 0; task: 70; pos: (55, -20); earliest_start: 0; latest_start: 1087; state: PENDING; required_workers: 1; success_prob: 0.8; max_attempts: 1
event: task_spawn; timestamp: 0; task: 71; pos: (55, -15); earliest_start: 0; latest_start: 1088; state: PENDING; required_workers: 2; success_prob: 0.8; max_attempts: 1
event: task_spawn; timestamp: 0; task: 72; pos: (13, -20); earliest_start: 0; latest_start: 1122; state: PENDING; required_workers: 2; success_prob: 0.8; max_attempts: 1
event: task_spawn; timestamp: 0; task: 73; pos: (52, -20); earliest_start: 0; latest_start: 1090; state: PENDING; required_workers: 2; success_prob: 0.8; max_attempts: 1
event: task_spawn; timestamp: 0; task: 74; pos: (13, -15); earliest_start: 353; latest_start: 412; state: PENDING; required_workers: 2; success_prob: 0.8; max_attempts: 1
event: task_spawn; timestamp: 0; task: 75; pos: (5, 15); earliest_start: 0; latest_start: 1130; state: PENDING; required_workers: 2; success_prob: 0.8; max_attempts: 1
event: task_spawn; timestamp: 0; task: 76; pos: (50, -15); earliest_start: 203; latest_start: 260; state: PENDING; required_workers: 2; success_prob: 0.8; max_attempts: 1
event: task_spawn; timestamp: 0; task: 77; pos: (48, -20); earliest_start: 574; latest_start: 643; state: PENDING; required_workers: 3; success_prob: 0.8; max_attempts: 1
event: task_spawn; timestamp: 0; task: 78; pos: (48, -15); earliest_start: 0; latest_start: 1095; state: PENDING; required_workers: 3; success_prob: 0.8; max_attempts: 1
event: task_spawn; timestamp: 0; task: 79; pos: (47, -20); earliest_start: 668; latest_start: 731; state: PENDING; required_workers: 3; success_prob: 0.8; max_attempts: 1
event: task_spawn; timestamp: 0; task: 80; pos: (45, -25); earliest_start: 0; latest_start: 1094; state: PENDING; required_workers: 3; success_prob: 0.8; max_attempts: 1
event: task_spawn; timestamp: 0; task: 81; pos: (45, -15); earliest_start: 0; latest_start: 1098; state: PENDING; required_workers: 1; success_prob: 1; max_attempts: 1
event: task_spawn; timestamp: 0; task: 82; pos: (35, 5); earliest_start: 0; latest_start: 1110; state: PENDING; required_workers: 1; success_prob: 1; max_attempts: 1
event: task_spawn; timestamp: 0; task: 83; pos: (32, 5); earliest_start: 0; latest_start: 1113; state: PENDING; required_workers: 1; success_prob: 1; max_attempts: 1
event: task_spawn; timestamp: 0; task: 84; pos: (30, 8); earliest_start: 458; latest_start: 523; state: PENDING; required_workers: 1; success_prob: 1; max_attempts: 1
event: task_spawn; timestamp: 0; task: 85; pos: (28, 10); earliest_start: 0; latest_start: 1116; state: PENDING; required_workers: 1; success_prob: 1; max_attempts: 1
event: task_spawn; timestamp: 0; task: 86; pos: (26, 5); earliest_start: 0; latest_start: 1119; state: PENDING; required_workers: 1; success_prob: 1; max_attempts: 1
event: task_spawn; timestamp: 0; task: 87; pos: (25, 5); earliest_start: 85; latest_start: 144; state: PENDING; required_workers: 1; success_prob: 1; max_attempts: 1
event: task_spawn; timestamp: 0; task: 88; pos: (25, 10); earliest_start: 0; latest_start: 1119; state: PENDING; required_workers: 1; success_prob: 1; max_attempts: 1
event: task_spawn; timestamp: 0; task: 89; pos: (23, 8); earliest_start: 0; latest_start: 1121; state: PENDING; required_workers: 1; success_prob: 1; max_attempts: 1
event: task_spawn; timestamp: 0; task: 90; pos: (20, 5); earliest_start: 0; latest_start: 1125; state: PENDING; required_workers: 1; success_prob: 1; max_attempts: 1
event: task_spawn; timestamp: 0; task: 91; pos: (20, 10); earliest_start: 0; latest_start: 1123; state: PENDING; required_workers: 2; success_prob: 1; max_attempts: 1
event: task_spawn; timestamp: 0; task: 92; pos: (27, 35); earliest_start: 368; latest_start: 441; state: PENDING; required_workers: 2; success_prob: 1; max_attempts: 1
event: task_spawn; timestamp: 0; task: 93; pos: (25, 35); earliest_start: 0; latest_start: 1102; state: PENDING; required_workers: 2; success_prob: 1; max_attempts: 1
event: task_spawn; timestamp: 0; task: 94; pos: (25, 32); earliest_start: 0; latest_start: 1105; state: PENDING; required_workers: 2; success_prob: 1; max_attempts: 1
event: task_spawn; timestamp: 0; task: 95; pos: (22, 30); earliest_start: 0; latest_start: 1108; state: PENDING; required_workers: 2; success_prob: 1; max_attempts: 1
event: task_spawn; timestamp: 0; task: 96; pos: (20, 30); earliest_start: 0; latest_start: 1109; state: PENDING; required_workers: 2; success_prob: 1; max_attempts: 1
event: task_spawn; timestamp: 0; task: 97; pos: (20, 35); earliest_start: 0; latest_start: 1105; state: PENDING; required_workers: 3; success_prob: 1; max_attempts: 1
event: task_spawn; timestamp: 0; task: 98; pos: (18, 25); earliest_start: 0; latest_start: 1115; state: PENDING; required_workers: 3; success_prob: 1; max_attempts: 1
event: task_spawn; timestamp: 0; task: 99; pos: (15, 30); earliest_start: 743; latest_start: 820; state: PENDING; required_workers: 3; success_prob: 1; max_attempts: 1
event: task_spawn; timestamp: 0; task: 100; pos: (15, 35); earliest_start: 647; latest_start: 726; state: PENDING; required_workers: 3; success_prob: 1; max_attempts: 1
event: robot_spawn; timestamp: 0; robot: 1; pos: (0, 0); state: AVAILABLE; battery_level: 200; battery_capacity: 200; velocity: 1; battery_rate_nav: 0
event: robot_spawn; timestamp: 0; robot: 2; pos: (0, 0); state: AVAILABLE; battery_level: 200; battery_capacity: 200; velocity: 1; battery_rate_nav: 0
event: robot_spawn; timestamp: 0; robot: 3; pos: (0, 0); state: AVAILABLE; battery_level: 200; battery_capacity: 200; velocity: 1; battery_rate_nav: 0
event: robot_spawn; timestamp: 0; robot: 4; pos: (0, 0); state: AVAILABLE; battery_level: 200; battery_capacity: 200; velocity: 1; battery_rate_nav: 0
event: robot_spawn; timestamp: 0; robot: 5; pos: (0, 0); state: AVAILABLE; battery_level: 200; battery_capacity: 200; velocity: 1; battery_rate_nav: 0
event: robot_spawn; timestamp: 0; robot: 6; pos: (0, 0); state: AVAILABLE; battery_level: 200; battery_capacity: 200; velocity: 1; battery_rate_nav: 0
event: robot_spawn; timestamp: 0; robot: 7; pos: (0, 0); state: AVAILABLE; battery_level: 200; battery_capacity: 200; velocity: 1; battery_rate_nav: 0
event: robot_spawn; timestamp: 0; robot: 8; pos: (0, 0); state: AVAILABLE; battery_level: 200; battery_capacity: 200; velocity: 1; battery_rate_nav: 0
event: robot_spawn; timestamp: 0; robot: 9; pos: (0, 0); state: AVAILABLE; battery_level: 200; battery_capacity: 200; velocity: 1; battery_rate_nav: 0
event: robot_spawn; timestamp: 0; robot: 10; pos: (0, 0); state: AVAILABLE; battery_level: 200; battery_capacity: 200; velocity: 1; battery_rate_nav: 0
event: battery_consumption; timestamp: 0; robot: 8; time: 20.6155; initial_level: 200; final_level: 200
event: navigation; timestamp: 0; robot: 8; time: 20.6155; src: (0, 0); dst: (20, 5)
event: battery_consumption; timestamp: 0; robot: 6; time: 20.6155; initial_level: 200; final_level: 200
event: navigation; timestamp: 0; robot: 6; time: 20.6155; src: (0, 0); dst: (20, 5)
event: battery_consumption; timestamp: 0; robot: 10; time: 20.6155; initial_level: 200; final_level: 200
event: navigation; timestamp: 0; robot: 10; time: 20.6155; src: (0, 0); dst: (20, 5)
event: battery_consumption; timestamp: 0; robot: 2; time: 20.6155; initial_level: 200; final_level: 200
event: navigation; timestamp: 0; robot: 2; time: 20.6155; src: (0, 0); dst: (20, 5)
event: battery_consumption; timestamp: 0; robot: 7; time: 20.6155; initial_level: 200; final_level: 200
event: navigation; timestamp: 0; robot: 7; time: 20.6155; src: (0, 0); dst: (20, 5)
event: battery_consumption; timestamp: 0; robot: 5; time: 20.6155; initial_level: 200; final_level: 200
event: navigation; timestamp: 0; robot: 5; time: 20.6155; src: (0, 0); dst: (20, 5)
event: battery_consumption; timestamp: 0; robot: 9; time: 20.6155; initial_level: 200; final_level: 200
event: navigation; timestamp: 0; robot: 9; time: 20.6155; src: (0, 0); dst: (20, 5)
event: battery_consumption; timestamp: 0; robot: 3; time: 20.6155; initial_level: 200; final_level: 200
event: navigation; timestamp: 0; robot: 3; time: 20.6155; src: (0, 0); dst: (20, 5)
event: battery_consumption; timestamp: 0; robot: 1; time: 20.6155; initial_level: 200; final_level: 200
event: navigation; timestamp: 0; robot: 1; time: 20.6155; src: (0, 0); dst: (20, 5)
event: battery_consumption; timestamp: 0; robot: 4; time: 20.6155; initial_level: 200; final_level: 200
event: navigation; timestamp: 0; robot: 4; time: 20.6155; src: (0, 0); dst: (20, 5)
event: task_execution; timestamp: 20.6155; task: 90; robot: 1; pos: (20, 5); time: 82.645
event: battery_consumption; timestamp: 20.6155; robot: 1; time: 82.645; initial_level: 200; final_level: 190.817
event: task_execution; timestamp: 20.6155; task: 90; robot: 2; pos: (20, 5); time: 82.645
event: battery_consumption; timestamp: 20.6155; robot: 2; time: 82.645; initial_level: 200; final_level: 190.817
event: task_execution; timestamp: 20.6155; task: 90; robot: 3; pos: (20, 5); time: 82.645
event: battery_consumption; timestamp: 20.6155; robot: 3; time: 82.645; initial_level: 200; final_level: 190.817
event: task_execution; timestamp: 20.6155; task: 90; robot: 4; pos: (20, 5); time: 82.645
event: battery_consumption; timestamp: 20.6155; robot: 4; time: 82.645; initial_level: 200; final_level: 190.817
event: task_execution; timestamp: 20.6155; task: 90; robot: 5; pos: (20, 5); time: 82.645
event: battery_consumption; timestamp: 20.6155; robot: 5; time: 82.645; initial_level: 200; final_level: 190.817
event: task_execution; timestamp: 20.6155; task: 90; robot: 6; pos: (20, 5); time: 82.645
event: battery_consumption; timestamp: 20.6155; robot: 6; time: 82.645; initial_level: 200; final_level: 190.817
event: task_execution; timestamp: 20.6155; task: 90; robot: 7; pos: (20, 5); time: 82.645
event: battery_consumption; timestamp: 20.6155; robot: 7; time: 82.645; initial_level: 200; final_level: 190.817
event: task_execution; timestamp: 20.6155; task: 90; robot: 8; pos: (20, 5); time: 82.645
event: battery_consumption; timestamp: 20.6155; robot: 8; time: 82.645; initial_level: 200; final_level: 190.817
event: task_execution; timestamp: 20.6155; task: 90; robot: 9; pos: (20, 5); time: 82.645
event: battery_consumption; timestamp: 20.6155; robot: 9; time: 82.645; initial_level: 200; final_level: 190.817
event: task_execution; timestamp: 20.6155; task: 90; robot: 10; pos: (20, 5); time: 82.645
event: battery_consumption; timestamp: 20.6155; robot: 10; time: 82.645; initial_level: 200; final_level: 190.817
event: task_resolution; timestamp: 103.26; task: 90; pos: (20, 5); status: COMPLETED; attempt: 1
event: battery_consumption; timestamp: 103.26; robot: 4; time: 4.24264; initial_level: 190.817; final_level: 190.817
event: navigation; timestamp: 103.26; robot: 4; time: 4.24264; src: (20, 5); dst: (23, 8)
event: battery_consumption; timestamp: 103.26; robot: 9; time: 6; initial_level: 190.817; final_level: 190.817
event: navigation; timestamp: 103.26; robot: 9; time: 6; src: (20, 5); dst: (26, 5)
event: battery_consumption; timestamp: 103.26; robot: 1; time: 5; initial_level: 190.817; final_level: 190.817
event: navigation; timestamp: 103.26; robot: 1; time: 5; src: (20, 5); dst: (25, 5)
event: battery_consumption; timestamp: 103.26; robot: 5; time: 12; initial_level: 190.817; final_level: 190.817
event: navigation; timestamp: 103.26; robot: 5; time: 12; src: (20, 5); dst: (32, 5)
event: battery_consumption; timestamp: 103.26; robot: 3; time: 7.07107; initial_level: 190.817; final_level: 190.817
event: navigation; timestamp: 103.26; robot: 3; time: 7.07107; src: (20, 5); dst: (25, 10)
event: battery_consumption; timestamp: 103.26; robot: 8; time: 15; initial_level: 190.817; final_level: 190.817
event: navigation; timestamp: 103.26; robot: 8; time: 15; src: (20, 5); dst: (35, 5)
event: battery_consumption; timestamp: 103.26; robot: 7; time: 9.43398; initial_level: 190.817; final_level: 190.817
event: navigation; timestamp: 103.26; robot: 7; time: 9.43398; src: (20, 5); dst: (28, 10)
event: battery_consumption; timestamp: 103.26; robot: 6; time: 32.0156; initial_level: 190.817; final_level: 190.817
event: navigation; timestamp: 103.26; robot: 6; time: 32.0156; src: (20, 5); dst: (45, -15)
event: battery_consumption; timestamp: 103.26; robot: 2; time: 10.4403; initial_level: 190.817; final_level: 190.817
event: navigation; timestamp: 103.26; robot: 2; time: 10.4403; src: (20, 5); dst: (30, 8)
event: battery_consumption; timestamp: 103.26; robot: 10; time: 19.2094; initial_level: 190.817; final_level: 190.817
event: navigation; timestamp: 103.26; robot: 10; time: 19.2094; src: (20, 5); dst: (8, -10)
event: battery_consumption; timestamp: 144; robot: 1; time: 26.9072; initial_level: 190.817; final_level: 190.817
event: navigation; timestamp: 144; robot: 1; time: 26.9072; src: (25, 5); dst: (7, -15)
event: task_execution; timestamp: 112.694; task: 85; robot: 7; pos: (28, 10); time: 70.1441
event: battery_consumption; timestamp: 112.694; robot: 7; time: 70.1441; initial_level: 190.817; final_level: 167.436
event: task_resolution; timestamp: 182.839; task: 85; pos: (28, 10); status: COMPLETED; attempt: 1
event: battery_consumption; timestamp: 182.839; robot: 7; time: 34.9857; initial_level: 167.436; final_level: 167.436
event: navigation; timestamp: 182.839; robot: 7; time: 34.9857; src: (28, 10); dst: (10, -20)
event: task_execution; timestamp: 110.332; task: 88; robot: 3; pos: (25, 10); time: 74.0542
event: battery_consumption; timestamp: 110.332; robot: 3; time: 74.0542; initial_level: 190.817; final_level: 166.132
event: task_resolution; timestamp: 184.386; task: 88; pos: (25, 10); status: COMPLETED; attempt: 1
event: battery_consumption; timestamp: 184.386; robot: 3; time: 34.4819; initial_level: 166.132; final_level: 166.132
event: navigation; timestamp: 184.386; robot: 3; time: 34.4819; src: (25, 10); dst: (8, -20)
event: task_execution; timestamp: 107.503; task: 89; robot: 4; pos: (23, 8); time: 89.7718
event: battery_consumption; timestamp: 107.503; robot: 4; time: 89.7718; initial_level: 190.817; final_level: 180.843
event: task_resolution; timestamp: 197.275; task: 89; pos: (23, 8); status: COMPLETED; attempt: 1
event: battery_consumption; timestamp: 197.275; robot: 4; time: 33.2866; initial_level: 180.843; final_level: 180.843
event: navigation; timestamp: 197.275; robot: 4; time: 33.2866; src: (23, 8); dst: (5, -20)
event: task_execution; timestamp: 118.26; task: 82; robot: 8; pos: (35, 5); time: 80.2862
event: battery_consumption; timestamp: 118.26; robot: 8; time: 80.2862; initial_level: 190.817; final_level: 172.976
event: task_resolution; timestamp: 198.547; task: 82; pos: (35, 5); status: COMPLETED; attempt: 1
event: battery_consumption; timestamp: 198.547; robot: 8; time: 32.0156; initial_level: 172.976; final_level: 172.976
event: navigation; timestamp: 198.547; robot: 8; time: 32.0156; src: (35, 5); dst: (10, -15)
event: task_resolution; timestamp: 199.692; task: 87; pos: (25, 5); status: COMPLETED; attempt: 1
event: task_execution; timestamp: 115.26; task: 83; robot: 5; pos: (32, 5); time: 91.8776
event: battery_consumption; timestamp: 115.26; robot: 5; time: 91.8776; initial_level: 190.817; final_level: 180.609
event: task_resolution; timestamp: 207.138; task: 83; pos: (32, 5); status: COMPLETED; attempt: 1
event: battery_consumption; timestamp: 207.138; robot: 5; time: 26.6271; initial_level: 180.609; final_level: 180.609
event: navigation; timestamp: 207.138; robot: 5; time: 26.6271; src: (32, 5); dst: (10, -10)
event: task_execution; timestamp: 109.26; task: 86; robot: 9; pos: (26, 5); time: 98.054
event: battery_consumption; timestamp: 109.26; robot: 9; time: 98.054; initial_level: 190.817; final_level: 179.922
event: task_resolution; timestamp: 207.315; task: 86; pos: (26, 5); status: COMPLETED; attempt: 1
event: battery_consumption; timestamp: 207.315; robot: 9; time: 38.2884; initial_level: 179.922; final_level: 179.922
event: navigation; timestamp: 207.315; robot: 9; time: 38.2884; src: (26, 5); dst: (55, -20)
event: task_execution; timestamp: 122.47; task: 65; robot: 10; pos: (8, -10); time: 92.2957
event: battery_consumption; timestamp: 122.47; robot: 10; time: 92.2957; initial_level: 190.817; final_level: 180.562
event: task_resolution; timestamp: 214.766; task: 65; pos: (8, -10); status: COMPLETED; attempt: 1
event: battery_consumption; timestamp: 214.766; robot: 10; time: 5.83095; initial_level: 180.562; final_level: 180.562
event: navigation; timestamp: 214.766; robot: 10; time: 5.83095; src: (8, -10); dst: (5, -15)
event: task_execution; timestamp: 135.276; task: 81; robot: 6; pos: (45, -15); time: 87.0017
event: battery_consumption; timestamp: 135.276; robot: 6; time: 87.0017; initial_level: 190.817; final_level: 161.817
event: task_resolution; timestamp: 222.278; task: 81; pos: (45, -15); status: COMPLETED; attempt: 1
event: battery_consumption; timestamp: 222.278; robot: 6; time: 50.0899; initial_level: 161.817; final_level: 161.817
event: navigation; timestamp: 222.278; robot: 6; time: 50.0899; src: (45, -15); dst: (-5, -18)
event: task_execution; timestamp: 170.907; task: 66; robot: 1; pos: (7, -15); time: 88.0248
event: battery_consumption; timestamp: 170.907; robot: 1; time: 88.0248; initial_level: 190.817; final_level: 181.037
event: task_resolution; timestamp: 258.932; task: 66; pos: (7, -15); status: COMPLETED; attempt: 1
event: battery_consumption; timestamp: 258.932; robot: 1; time: 14; initial_level: 181.037; final_level: 181.037
event: navigation; timestamp: 258.932; robot: 1; time: 14; src: (7, -15); dst: (-7, -15)
event: task_execution; timestamp: 218.868; task: 64; robot: 3; pos: (8, -20); time: 97.2701
event: battery_consumption; timestamp: 218.868; robot: 3; time: 97.2701; initial_level: 166.132; final_level: 155.325
event: task_resolution; timestamp: 316.138; task: 64; pos: (8, -20); status: COMPLETED; attempt: 1
event: battery_consumption; timestamp: 316.138; robot: 3; time: 18.6815; initial_level: 155.325; final_level: 155.325
event: navigation; timestamp: 316.138; robot: 3; time: 18.6815; src: (8, -20); dst: (-10, -15)
event: task_execution; timestamp: 245.603; task: 70; robot: 9; pos: (55, -20); time: 71.3691
event: battery_consumption; timestamp: 245.603; robot: 9; time: 71.3691; initial_level: 179.922; final_level: 156.133
event: task_resolution; timestamp: 316.972; task: 70; pos: (55, -20); status: FAILED; attempt: 1
event: battery_consumption; timestamp: 316.972; robot: 9; time: 63; initial_level: 156.133; final_level: 156.133
event: navigation; timestamp: 316.972; robot: 9; time: 63; src: (55, -20); dst: (-8, -20)
event: battery_consumption; timestamp: 317; robot: 8; time: 22; initial_level: 172.976; final_level: 172.976
event: navigation; timestamp: 317; robot: 8; time: 22; src: (10, -15); dst: (-12, -15)
event: task_execution; timestamp: 230.562; task: 68; robot: 4; pos: (5, -20); time: 90.1403
event: battery_consumption; timestamp: 230.562; robot: 4; time: 90.1403; initial_level: 180.843; final_level: 170.827
event: task_resolution; timestamp: 320.702; task: 68; pos: (5, -20); status: COMPLETED; attempt: 1
event: battery_consumption; timestamp: 320.702; robot: 4; time: 15; initial_level: 170.827; final_level: 170.827
event: navigation; timestamp: 320.702; robot: 4; time: 15; src: (5, -20); dst: (-10, -20)
event: task_execution; timestamp: 233.765; task: 63; robot: 5; pos: (10, -10); time: 89.0678
event: battery_consumption; timestamp: 233.765; robot: 5; time: 89.0678; initial_level: 180.609; final_level: 131.127
event: task_resolution; timestamp: 322.833; task: 63; pos: (10, -10); status: COMPLETED; attempt: 1
event: battery_consumption; timestamp: 322.833; robot: 5; time: 41.2311; initial_level: 131.127; final_level: 131.127
event: navigation; timestamp: 322.833; robot: 5; time: 41.2311; src: (10, -10); dst: (20, 30)
event: task_execution; timestamp: 217.824; task: 61; robot: 7; pos: (10, -20); time: 108.999
event: battery_consumption; timestamp: 217.824; robot: 7; time: 108.999; initial_level: 167.436; final_level: 155.325
event: task_resolution; timestamp: 326.823; task: 61; pos: (10, -20); status: COMPLETED; attempt: 1
event: battery_consumption; timestamp: 326.823; robot: 7; time: 50.9902; initial_level: 155.325; final_level: 155.325
event: navigation; timestamp: 326.823; robot: 7; time: 50.9902; src: (10, -20); dst: (20, 30)
event: task_resolution; timestamp: 353.84; task: 62; pos: (10, -15); status: FAILED; attempt: 1
event: task_execution; timestamp: 272.932; task: 43; robot: 1; pos: (-7, -15); time: 87.2053
event: battery_consumption; timestamp: 272.932; robot: 1; time: 87.2053; initial_level: 181.037; final_level: 171.347
event: task_resolution; timestamp: 360.137; task: 43; pos: (-7, -15); status: COMPLETED; attempt: 1
event: battery_consumption; timestamp: 360.137; robot: 1; time: 36.7967; initial_level: 171.347; final_level: 171.347
event: navigation; timestamp: 360.137; robot: 1; time: 36.7967; src: (-7, -15); dst: (20, 10)
event: task_execution; timestamp: 272.368; task: 41; robot: 6; pos: (-5, -18); time: 97.2304
event: battery_consumption; timestamp: 272.368; robot: 6; time: 97.2304; initial_level: 161.817; final_level: 151.013
event: task_resolution; timestamp: 369.598; task: 41; pos: (-5, -18); status: COMPLETED; attempt: 1
event: battery_consumption; timestamp: 369.598; robot: 6; time: 37.5366; initial_level: 151.013; final_level: 151.013
event: navigation; timestamp: 369.598; robot: 6; time: 37.5366; src: (-5, -18); dst: (20, 10)
event: task_execution; timestamp: 334.819; task: 47; robot: 3; pos: (-10, -15); time: 73.986
event: battery_consumption; timestamp: 334.819; robot: 3; time: 73.986; initial_level: 155.325; final_level: 147.104
event: task_resolution; timestamp: 408.805; task: 47; pos: (-10, -15); status: FAILED; attempt: 1
event: battery_consumption; timestamp: 408.805; robot: 3; time: 58.6003; initial_level: 147.104; final_level: 147.104
event: navigation; timestamp: 408.805; robot: 3; time: 58.6003; src: (-10, -15); dst: (25, 32)
event: battery_consumption; timestamp: 412; robot: 9; time: 61.5873; initial_level: 156.133; final_level: 156.133
event: navigation; timestamp: 412; robot: 9; time: 61.5873; src: (-8, -20); dst: (25, 32)
event: task_execution; timestamp: 335.702; task: 45; robot: 4; pos: (-10, -20); time: 91.8354
event: battery_consumption; timestamp: 335.702; robot: 4; time: 91.8354; initial_level: 170.827; final_level: 160.623
event: task_resolution; timestamp: 427.537; task: 45; pos: (-10, -20); status: COMPLETED; attempt: 1
event: battery_consumption; timestamp: 427.537; robot: 4; time: 59.3633; initial_level: 160.623; final_level: 160.623
event: navigation; timestamp: 427.537; robot: 4; time: 59.3633; src: (-10, -20); dst: (22, 30)
event: task_execution; timestamp: 339; task: 49; robot: 8; pos: (-12, -15); time: 102.148
event: battery_consumption; timestamp: 339; robot: 8; time: 102.148; initial_level: 172.976; final_level: 161.626
event: task_resolution; timestamp: 441.148; task: 49; pos: (-12, -15); status: FAILED; attempt: 1
event: battery_consumption; timestamp: 441.148; robot: 8; time: 56.4004; initial_level: 161.626; final_level: 161.626
event: navigation; timestamp: 441.148; robot: 8; time: 56.4004; src: (-12, -15); dst: (22, 30)
event: task_execution; timestamp: 377.813; task: 96; robot: 5; pos: (20, 30); time: 91.6637
event: battery_consumption; timestamp: 377.813; robot: 5; time: 91.6637; initial_level: 131.127; final_level: 120.942
event: task_execution; timestamp: 377.813; task: 96; robot: 7; pos: (20, 30); time: 91.6637
event: battery_consumption; timestamp: 377.813; robot: 7; time: 91.6637; initial_level: 155.325; final_level: 145.14
event: task_resolution; timestamp: 469.477; task: 96; pos: (20, 30); status: COMPLETED; attempt: 1
event: battery_consumption; timestamp: 469.477; robot: 5; time: 7.07107; initial_level: 120.942; final_level: 120.942
event: navigation; timestamp: 469.477; robot: 5; time: 7.07107; src: (20, 30); dst: (25, 35)
event: battery_consumption; timestamp: 469.477; robot: 7; time: 7.07107; initial_level: 145.14; final_level: 145.14
event: navigation; timestamp: 469.477; robot: 7; time: 7.07107; src: (20, 30); dst: (25, 35)
event: task_resolution; timestamp: 479.103; task: 44; pos: (-8, -20); status: FAILED; attempt: 1
event: task_execution; timestamp: 407.135; task: 91; robot: 1; pos: (20, 10); time: 93.6844
event: battery_consumption; timestamp: 407.135; robot: 1; time: 93.6844; initial_level: 171.347; final_level: 160.938
event: task_execution; timestamp: 407.135; task: 91; robot: 6; pos: (20, 10); time: 93.6844
event: battery_consumption; timestamp: 407.135; robot: 6; time: 93.6844; initial_level: 151.013; final_level: 140.604
event: task_resolution; timestamp: 500.819; task: 91; pos: (20, 10); status: COMPLETED; attempt: 1
event: battery_consumption; timestamp: 500.819; robot: 1; time: 15.8114; initial_level: 160.938; final_level: 160.938
event: navigation; timestamp: 500.819; robot: 1; time: 15.8114; src: (20, 10); dst: (5, 15)
event: battery_consumption; timestamp: 500.819; robot: 6; time: 15.8114; initial_level: 140.604; final_level: 140.604
event: navigation; timestamp: 500.819; robot: 6; time: 15.8114; src: (20, 10); dst: (5, 15)
event: battery_consumption; timestamp: 523; robot: 2; time: 32.7567; initial_level: 190.817; final_level: 190.817
event: navigation; timestamp: 523; robot: 2; time: 32.7567; src: (30, 8); dst: (13, -20)
event: task_execution; timestamp: 473.587; task: 94; robot: 3; pos: (25, 32); time: 84.2304
event: battery_consumption; timestamp: 473.587; robot: 3; time: 84.2304; initial_level: 147.104; final_level: 137.745
event: task_execution; timestamp: 473.587; task: 94; robot: 9; pos: (25, 32); time: 84.2304
event: battery_consumption; timestamp: 473.587; robot: 9; time: 84.2304; initial_level: 156.133; final_level: 146.774
event: task_resolution; timestamp: 557.818; task: 94; pos: (25, 32); status: COMPLETED; attempt: 1
event: battery_consumption; timestamp: 557.818; robot: 9; time: 53.3667; initial_level: 146.774; final_level: 146.774
event: navigation; timestamp: 557.818; robot: 9; time: 53.3667; src: (25, 32); dst: (13, -20)
event: battery_consumption; timestamp: 557.818; robot: 3; time: 63.4114; initial_level: 137.745; final_level: 137.745
event: navigation; timestamp: 557.818; robot: 3; time: 63.4114; src: (25, 32); dst: (-14, -18)
event: task_resolution; timestamp: 563.319; task: 84; pos: (30, 8); status: COMPLETED; attempt: 1
event: task_execution; timestamp: 476.548; task: 93; robot: 5; pos: (25, 35); time: 92.018
event: battery_consumption; timestamp: 476.548; robot: 5; time: 92.018; initial_level: 120.942; final_level: 80.0448
event: task_execution; timestamp: 476.548; task: 93; robot: 7; pos: (25, 35); time: 92.018
event: battery_consumption; timestamp: 476.548; robot: 7; time: 92.018; initial_level: 145.14; final_level: 104.243
event: task_resolution; timestamp: 568.566; task: 93; pos: (25, 35); status: COMPLETED; attempt: 1
event: battery_consumption; timestamp: 568.566; robot: 7; time: 66.2873; initial_level: 104.243; final_level: 104.243
event: navigation; timestamp: 568.566; robot: 7; time: 66.2873; src: (25, 35); dst: (-12, -20)
event: battery_consumption; timestamp: 568.566; robot: 5; time: 61.9112; initial_level: 80.0448; final_level: 80.0448
event: navigation; timestamp: 568.566; robot: 5; time: 61.9112; src: (25, 35); dst: (-7, -18)
event: task_execution; timestamp: 497.549; task: 95; robot: 4; pos: (22, 30); time: 76.6566
event: battery_consumption; timestamp: 497.549; robot: 4; time: 76.6566; initial_level: 160.623; final_level: 135.071
event: task_execution; timestamp: 497.549; task: 95; robot: 8; pos: (22, 30); time: 76.6566
event: battery_consumption; timestamp: 497.549; robot: 8; time: 76.6566; initial_level: 161.626; final_level: 136.074
event: task_resolution; timestamp: 574.205; task: 95; pos: (22, 30); status: COMPLETED; attempt: 1
event: battery_consumption; timestamp: 574.205; robot: 4; time: 57.6888; initial_level: 135.071; final_level: 135.071
event: navigation; timestamp: 574.205; robot: 4; time: 57.6888; src: (22, 30); dst: (-10, -18)
event: battery_consumption; timestamp: 574.205; robot: 8; time: 44.6542; initial_level: 136.074; final_level: 136.074
event: navigation; timestamp: 574.205; robot: 8; time: 44.6542; src: (22, 30); dst: (-15, 5)
event: task_execution; timestamp: 516.631; task: 75; robot: 1; pos: (5, 15); time: 90.03
event: battery_consumption; timestamp: 516.631; robot: 1; time: 90.03; initial_level: 160.938; final_level: 140.931
event: task_execution; timestamp: 516.631; task: 75; robot: 6; pos: (5, 15); time: 90.03
event: battery_consumption; timestamp: 516.631; robot: 6; time: 90.03; initial_level: 140.604; final_level: 120.597
event: task_resolution; timestamp: 606.661; task: 75; pos: (5, 15); status: FAILED; attempt: 1
event: battery_consumption; timestamp: 606.661; robot: 6; time: 16.4012; initial_level: 120.597; final_level: 120.597
event: navigation; timestamp: 606.661; robot: 6; time: 16.4012; src: (5, 15); dst: (18, 25)
event: battery_consumption; timestamp: 606.661; robot: 1; time: 16.4012; initial_level: 140.931; final_level: 140.931
event: navigation; timestamp: 606.661; robot: 1; time: 16.4012; src: (5, 15); dst: (18, 25)
event: task_execution; timestamp: 630.477; task: 42; robot: 5; pos: (-7, -18); time: 76.5745
event: battery_consumption; timestamp: 630.477; robot: 5; time: 76.5745; initial_level: 80.0448; final_level: 63.0282
event: task_resolution; timestamp: 707.051; task: 42; pos: (-7, -18); status: FAILED; attempt: 1
event: battery_consumption; timestamp: 707.051; robot: 5; time: 49.7393; initial_level: 63.0282; final_level: 63.0282
event: navigation; timestamp: 707.051; robot: 5; time: 49.7393; src: (-7, -18); dst: (18, 25)
event: task_execution; timestamp: 611.184; task: 72; robot: 2; pos: (13, -20); time: 95.9749
event: battery_consumption; timestamp: 611.184; robot: 2; time: 95.9749; initial_level: 190.817; final_level: 180.153
event: task_execution; timestamp: 611.184; task: 72; robot: 9; pos: (13, -20); time: 95.9749
event: battery_consumption; timestamp: 611.184; robot: 9; time: 95.9749; initial_level: 146.774; final_level: 136.11
event: task_resolution; timestamp: 707.159; task: 72; pos: (13, -20); status: COMPLETED; attempt: 1
event: battery_consumption; timestamp: 707.159; robot: 9; time: 55.4437; initial_level: 136.11; final_level: 136.11
event: navigation; timestamp: 707.159; robot: 9; time: 55.4437; src: (13, -20); dst: (20, 35)
event: battery_consumption; timestamp: 707.159; robot: 2; time: 55.4437; initial_level: 180.153; final_level: 180.153
event: navigation; timestamp: 707.159; robot: 2; time: 55.4437; src: (13, -20); dst: (20, 35)
event: task_execution; timestamp: 631.894; task: 46; robot: 4; pos: (-10, -18); time: 77.0461
event: battery_consumption; timestamp: 631.894; robot: 4; time: 77.0461; initial_level: 135.071; final_level: 109.389
event: task_resolution; timestamp: 708.94; task: 46; pos: (-10, -18); status: COMPLETED; attempt: 1
event: battery_consumption; timestamp: 708.94; robot: 4; time: 60.9016; initial_level: 109.389; final_level: 109.389
event: navigation; timestamp: 708.94; robot: 4; time: 60.9016; src: (-10, -18); dst: (20, 35)
event: task_execution; timestamp: 618.86; task: 26; robot: 8; pos: (-15, 5); time: 90.849
event: battery_consumption; timestamp: 618.86; robot: 8; time: 90.849; initial_level: 136.074; final_level: 125.979
event: task_resolution; timestamp: 709.709; task: 26; pos: (-15, 5); status: COMPLETED; attempt: 1
event: battery_consumption; timestamp: 709.709; robot: 8; time: 67.082; initial_level: 125.979; final_level: 125.979
event: navigation; timestamp: 709.709; robot: 8; time: 67.082; src: (-15, 5); dst: (45, -25)
event: task_execution; timestamp: 621.229; task: 50; robot: 3; pos: (-14, -18); time: 94.9614
event: battery_consumption; timestamp: 621.229; robot: 3; time: 94.9614; initial_level: 137.745; final_level: 127.194
event: task_resolution; timestamp: 716.19; task: 50; pos: (-14, -18); status: FAILED; attempt: 1
event: battery_consumption; timestamp: 716.19; robot: 3; time: 59.4138; initial_level: 127.194; final_level: 127.194
event: navigation; timestamp: 716.19; robot: 3; time: 59.4138; src: (-14, -18); dst: (45, -25)
event: task_execution; timestamp: 634.853; task: 48; robot: 7; pos: (-12, -20); time: 109.214
event: battery_consumption; timestamp: 634.853; robot: 7; time: 109.214; initial_level: 104.243; final_level: 92.1083
event: task_resolution; timestamp: 744.067; task: 48; pos: (-12, -20); status: FAILED; attempt: 1
event: battery_consumption; timestamp: 744.067; robot: 7; time: 57.2189; initial_level: 92.1083; final_level: 92.1083
event: navigation; timestamp: 744.067; robot: 7; time: 57.2189; src: (-12, -20); dst: (45, -25)
event: task_execution; timestamp: 756.791; task: 98; robot: 1; pos: (18, 25); time: 93.409
event: battery_consumption; timestamp: 756.791; robot: 1; time: 93.409; initial_level: 140.931; final_level: 120.174
event: task_execution; timestamp: 756.791; task: 98; robot: 5; pos: (18, 25); time: 93.409
event: battery_consumption; timestamp: 756.791; robot: 5; time: 93.409; initial_level: 63.0282; final_level: 42.2707
event: task_execution; timestamp: 756.791; task: 98; robot: 6; pos: (18, 25); time: 93.409
event: battery_consumption; timestamp: 756.791; robot: 6; time: 93.409; initial_level: 120.597; final_level: 99.8397
event: task_resolution; timestamp: 850.2; task: 98; pos: (18, 25); status: COMPLETED; attempt: 1
event: battery_consumption; timestamp: 850.2; robot: 5; time: 56.4004; initial_level: 42.2707; final_level: 42.2707
event: navigation; timestamp: 850.2; robot: 5; time: 56.4004; src: (18, 25); dst: (52, -20)
event: battery_consumption; timestamp: 850.2; robot: 6; time: 56.4004; initial_level: 99.8397; final_level: 99.8397
event: navigation; timestamp: 850.2; robot: 6; time: 56.4004; src: (18, 25); dst: (52, -20)
event: battery_consumption; timestamp: 850.2; robot: 1; time: 41.4005; initial_level: 120.174; final_level: 120.174
event: navigation; timestamp: 850.2; robot: 1; time: 41.4005; src: (18, 25); dst: (-15, 0)
event: task_execution; timestamp: 769.842; task: 97; robot: 2; pos: (20, 35); time: 93.5852
event: battery_consumption; timestamp: 769.842; robot: 2; time: 93.5852; initial_level: 180.153; final_level: 148.958
event: task_execution; timestamp: 769.842; task: 97; robot: 4; pos: (20, 35); time: 93.5852
event: battery_consumption; timestamp: 769.842; robot: 4; time: 93.5852; initial_level: 109.389; final_level: 78.1938
event: task_execution; timestamp: 769.842; task: 97; robot: 9; pos: (20, 35); time: 93.5852
event: battery_consumption; timestamp: 769.842; robot: 9; time: 93.5852; initial_level: 136.11; final_level: 104.915
event: task_resolution; timestamp: 863.427; task: 97; pos: (20, 35); status: COMPLETED; attempt: 1
event: battery_consumption; timestamp: 863.427; robot: 4; time: 49.5782; initial_level: 78.1938; final_level: 78.1938
event: navigation; timestamp: 863.427; robot: 4; time: 49.5782; src: (20, 35); dst: (-17, 2)
event: battery_consumption; timestamp: 863.427; robot: 2; time: 44.5982; initial_level: 148.958; final_level: 148.958
event: navigation; timestamp: 863.427; robot: 2; time: 44.5982; src: (20, 35); dst: (-10, 2)
event: battery_consumption; timestamp: 863.427; robot: 9; time: 50; initial_level: 104.915; final_level: 104.915
event: navigation; timestamp: 863.427; robot: 9; time: 50; src: (20, 35); dst: (-20, 5)
event: task_execution; timestamp: 801.286; task: 80; robot: 3; pos: (45, -25); time: 81.3921
event: battery_consumption; timestamp: 801.286; robot: 3; time: 81.3921; initial_level: 127.194; final_level: 118.15
event: task_execution; timestamp: 801.286; task: 80; robot: 7; pos: (45, -25); time: 81.3921
event: battery_consumption; timestamp: 801.286; robot: 7; time: 81.3921; initial_level: 92.1083; final_level: 83.0647
event: task_execution; timestamp: 801.286; task: 80; robot: 8; pos: (45, -25); time: 81.3921
event: battery_consumption; timestamp: 801.286; robot: 8; time: 81.3921; initial_level: 125.979; final_level: 116.936
event: task_resolution; timestamp: 882.678; task: 80; pos: (45, -25); status: FAILED; attempt: 1
event: battery_consumption; timestamp: 882.678; robot: 8; time: 69.6419; initial_level: 116.936; final_level: 116.936
event: navigation; timestamp: 882.678; robot: 8; time: 69.6419; src: (45, -25); dst: (-20, 0)
event: battery_consumption; timestamp: 882.678; robot: 7; time: 63.0714; initial_level: 83.0647; final_level: 83.0647
event: navigation; timestamp: 882.678; robot: 7; time: 63.0714; src: (45, -25); dst: (-12, 2)
event: battery_consumption; timestamp: 882.678; robot: 3; time: 68.8767; initial_level: 118.15; final_level: 118.15
event: navigation; timestamp: 882.678; robot: 3; time: 68.8767; src: (45, -25); dst: (-17, 5)
event: battery_consumption; timestamp: 969; robot: 10; time: 43; initial_level: 180.562; final_level: 180.562
event: navigation; timestamp: 969; robot: 10; time: 43; src: (5, -15); dst: (48, -15)
event: task_execution; timestamp: 891.6; task: 24; robot: 1; pos: (-15, 0); time: 84.1563
event: battery_consumption; timestamp: 891.6; robot: 1; time: 84.1563; initial_level: 120.174; final_level: 110.823
event: task_resolution; timestamp: 975.757; task: 24; pos: (-15, 0); status: FAILED; attempt: 1
event: battery_consumption; timestamp: 975.757; robot: 1; time: 64.7611; initial_level: 110.823; final_level: 110.823
event: navigation; timestamp: 975.757; robot: 1; time: 64.7611; src: (-15, 0); dst: (48, -15)
event: task_execution; timestamp: 906.6; task: 73; robot: 5; pos: (52, -20); time: 83.2673
event: battery_consumption; timestamp: 906.6; robot: 5; time: 83.2673; initial_level: 42.2707; final_level: 33.0187
event: task_execution; timestamp: 906.6; task: 73; robot: 6; pos: (52, -20); time: 83.2673
event: battery_consumption; timestamp: 906.6; robot: 6; time: 83.2673; initial_level: 99.8397; final_level: 90.5877
event: task_resolution; timestamp: 989.867; task: 73; pos: (52, -20); status: COMPLETED; attempt: 1
event: battery_consumption; timestamp: 989.867; robot: 5; time: 6.40312; initial_level: 33.0187; final_level: 33.0187
event: navigation; timestamp: 989.867; robot: 5; time: 6.40312; src: (52, -20); dst: (48, -15)
event: battery_consumption; timestamp: 989.867; robot: 6; time: 5.83095; initial_level: 90.5877; final_level: 90.5877
event: navigation; timestamp: 989.867; robot: 6; time: 5.83095; src: (52, -20); dst: (55, -15)
event: task_resolution; timestamp: 995.021; task: 69; pos: (5, -15); status: FAILED; attempt: 1
event: task_execution; timestamp: 908.025; task: 21; robot: 2; pos: (-10, 2); time: 93.928
event: battery_consumption; timestamp: 908.025; robot: 2; time: 93.928; initial_level: 148.958; final_level: 128.085
event: task_resolution; timestamp: 1001.95; task: 21; pos: (-10, 2); status: FAILED; attempt: 1
event: battery_consumption; timestamp: 1001.95; robot: 2; time: 67.1863; initial_level: 128.085; final_level: 128.085
event: navigation; timestamp: 1001.95; robot: 2; time: 67.1863; src: (-10, 2); dst: (55, -15)
event: task_execution; timestamp: 913.427; task: 30; robot: 9; pos: (-20, 5); time: 97.206
event: battery_consumption; timestamp: 913.427; robot: 9; time: 97.206; initial_level: 104.915; final_level: 94.1141
event: task_resolution; timestamp: 1010.63; task: 30; pos: (-20, 5); status: FAILED; attempt: 1
event: battery_consumption; timestamp: 1010.63; robot: 9; time: 20.6155; initial_level: 94.1141; final_level: 94.1141
event: navigation; timestamp: 1010.63; robot: 9; time: 20.6155; src: (-20, 5); dst: (-15, -15)
event: task_execution; timestamp: 913.005; task: 27; robot: 4; pos: (-17, 2); time: 102.32
event: battery_consumption; timestamp: 913.005; robot: 4; time: 102.32; initial_level: 78.1938; final_level: 66.8248
event: task_resolution; timestamp: 1015.33; task: 27; pos: (-17, 2); status: FAILED; attempt: 1
event: battery_consumption; timestamp: 1015.33; robot: 4; time: 17.1172; initial_level: 66.8248; final_level: 66.8248
event: navigation; timestamp: 1015.33; robot: 4; time: 17.1172; src: (-17, 2); dst: (-15, -15)
event: task_execution; timestamp: 945.75; task: 22; robot: 7; pos: (-12, 2); time: 95.6175
event: battery_consumption; timestamp: 945.75; robot: 7; time: 95.6175; initial_level: 83.0647; final_level: 61.8164
event: task_resolution; timestamp: 1041.37; task: 22; pos: (-12, 2); status: FAILED; attempt: 1
event: battery_consumption; timestamp: 1041.37; robot: 7; time: 22.2036; initial_level: 61.8164; final_level: 61.8164
event: navigation; timestamp: 1041.37; robot: 7; time: 22.2036; src: (-12, 2); dst: (-15, -20)
event: task_execution; timestamp: 951.555; task: 28; robot: 3; pos: (-17, 5); time: 93.8827
event: battery_consumption; timestamp: 951.555; robot: 3; time: 93.8827; initial_level: 118.15; final_level: 97.2874
event: task_resolution; timestamp: 1045.44; task: 28; pos: (-17, 5); status: FAILED; attempt: 1
event: battery_consumption; timestamp: 1045.44; robot: 3; time: 25.0799; initial_level: 97.2874; final_level: 97.2874
event: navigation; timestamp: 1045.44; robot: 3; time: 25.0799; src: (-17, 5); dst: (-15, -20)
event: task_execution; timestamp: 952.32; task: 29; robot: 8; pos: (-20, 0); time: 123.616
event: battery_consumption; timestamp: 952.32; robot: 8; time: 123.616; initial_level: 116.936; final_level: 103.201
event: task_resolution; timestamp: 1075.94; task: 29; pos: (-20, 0); status: FAILED; attempt: 1
event: battery_consumption; timestamp: 1075.94; robot: 8; time: 10; initial_level: 103.201; final_level: 103.201
event: navigation; timestamp: 1075.94; robot: 8; time: 10; src: (-20, 0); dst: (-10, 0)
event: battery_consumption; timestamp: 1088; robot: 2; time: 57.0088; initial_level: 128.085; final_level: 128.085
event: navigation; timestamp: 1088; robot: 2; time: 57.0088; src: (55, -15); dst: (0, 0)
event: recharge; timestamp: 1145.01; robot: 2; recharging_station: 1; pos: (0, 0); level: 200
event: battery_consumption; timestamp: 1088; robot: 6; time: 57.0088; initial_level: 90.5877; final_level: 90.5877
event: navigation; timestamp: 1088; robot: 6; time: 57.0088; src: (55, -15); dst: (0, 0)
event: recharge; timestamp: 1145.01; robot: 6; recharging_station: 1; pos: (0, 0); level: 200
event: battery_consumption; timestamp: 1095; robot: 1; time: 50.2892; initial_level: 110.823; final_level: 110.823
event: navigation; timestamp: 1095; robot: 1; time: 50.2892; src: (48, -15); dst: (0, 0)
event: recharge; timestamp: 1145.29; robot: 1; recharging_station: 1; pos: (0, 0); level: 200
event: battery_consumption; timestamp: 1095; robot: 5; time: 50.2892; initial_level: 33.0187; final_level: 33.0187
event: navigation; timestamp: 1095; robot: 5; time: 50.2892; src: (48, -15); dst: (0, 0)
event: recharge; timestamp: 1145.29; robot: 5; recharging_station: 1; pos: (0, 0); level: 200
event: battery_consumption; timestamp: 1095; robot: 10; time: 50.2892; initial_level: 180.562; final_level: 180.562
event: navigation; timestamp: 1095; robot: 10; time: 50.2892; src: (48, -15); dst: (0, 0)
event: robot_finished; timestamp: 1145.29; robot: 10; pos: (0, 0); battery: 180.562
event: task_execution; timestamp: 1032.44; task: 52; robot: 4; pos: (-15, -15); time: 83.2576
event: battery_consumption; timestamp: 1032.44; robot: 4; time: 83.2576; initial_level: 66.8248; final_level: 57.574
event: task_execution; timestamp: 1032.44; task: 52; robot: 9; pos: (-15, -15); time: 83.2576
event: battery_consumption; timestamp: 1032.44; robot: 9; time: 83.2576; initial_level: 94.1141; final_level: 84.8633
event: task_resolution; timestamp: 1115.7; task: 52; pos: (-15, -15); status: COMPLETED; attempt: 1
event: battery_consumption; timestamp: 1115.7; robot: 9; time: 15.8114; initial_level: 84.8633; final_level: 84.8633
event: navigation; timestamp: 1115.7; robot: 9; time: 15.8114; src: (-15, -15); dst: (-10, 0)
event: battery_consumption; timestamp: 1115.7; robot: 4; time: 15.8114; initial_level: 57.574; final_level: 57.574
event: navigation; timestamp: 1115.7; robot: 4; time: 15.8114; src: (-15, -15); dst: (-10, 0)
event: battery_consumption; timestamp: 1121; robot: 3; time: 25; initial_level: 97.2874; final_level: 97.2874
event: navigation; timestamp: 1121; robot: 3; time: 25; src: (-15, -20); dst: (0, 0)
event: recharge; timestamp: 1146; robot: 3; recharging_station: 1; pos: (0, 0); level: 200
event: battery_consumption; timestamp: 1121; robot: 7; time: 25; initial_level: 61.8164; final_level: 61.8164
event: navigation; timestamp: 1121; robot: 7; time: 25; src: (-15, -20); dst: (0, 0)
event: recharge; timestamp: 1146; robot: 7; recharging_station: 1; pos: (0, 0); level: 200
event: task_resolution; timestamp: 1126.02; task: 78; pos: (48, -15); status: COMPLETED; attempt: 1
event: battery_consumption; timestamp: 1136; robot: 4; time: 10; initial_level: 57.574; final_level: 57.574
event: navigation; timestamp: 1136; robot: 4; time: 10; src: (-10, 0); dst: (0, 0)
event: recharge; timestamp: 1146; robot: 4; recharging_station: 1; pos: (0, 0); level: 200
event: battery_consumption; timestamp: 1136; robot: 9; time: 10; initial_level: 84.8633; final_level: 84.8633
event: navigation; timestamp: 1136; robot: 9; time: 10; src: (-10, 0); dst: (0, 0)
event: recharge; timestamp: 1146; robot: 9; recharging_station: 1; pos: (0, 0); level: 200
event: battery_consumption; timestamp: 1136; robot: 8; time: 10; initial_level: 103.201; final_level: 103.201
event: navigation; timestamp: 1136; robot: 8; time: 10; src: (-10, 0); dst: (0, 0)
event: recharge; timestamp: 1146; robot: 8; recharging_station: 1; pos: (0, 0); level: 200
event: robot_finished; timestamp: 1145.01; robot: 2; pos: (0, 0); battery: 200
event: robot_finished; timestamp: 1145.01; robot: 6; pos: (0, 0); battery: 200
event: robot_finished; timestamp: 1145.29; robot: 5; pos: (0, 0); battery: 200
event: robot_finished; timestamp: 1145.29; robot: 1; pos: (0, 0); battery: 200
event: robot_finished; timestamp: 1146; robot: 8; pos: (0, 0); battery: 200
event: robot_finished; timestamp: 1146; robot: 4; pos: (0, 0); battery: 200
event: robot_finished; timestamp: 1146; robot: 7; pos: (0, 0); battery: 200
event: robot_finished; timestamp: 1146; robot: 3; pos: (0, 0); battery: 200
event: robot_finished; timestamp: 1146; robot: 9; pos: (0, 0); battery: 200
metric: available_agents; value: 0
metric: failed_agents; value: 0
metric: finished_agents; value: 10
metric: completed_tasks; value: 32
metric: pending_tasks; value: 0
metric: failed_tasks; value: 68
metric: average_robot_makespan; value: 1145.59
metric: sd_robot_makespan; value: 0.445675
metric: max_robot_makespan; value: 1146
metric: min_robot_makespan; value: 1145.01
metric: average_robot_travel_distance; value: 316.683
metric: sd_robot_travel_distance; value: 72.5949
metric: max_robot_travel_distance; value: 394.728
metric: min_robot_travel_distance; value: 138.945
metric: sum_robot_travel_distance; value: 3166.83
metric: average_completed_tasks_by_robot; value: 0
metric: sd_completed_tasks_by_robot; value: 0
metric: max_completed_tasks_by_robot; value: 0
metric: min_completed_tasks_by_robot; value: 0
metric: final_reward; value: 0.32
metric: computing_time; value: 292.763
