info: solver_name; value: greedy
info: reward_function; value: reward00
info: replica; value: 1
info: filename; value: ../logs/prueba/c106_10r_100t_cdb2cd8a_greedy_reward00_001.log
info: scenario_name; value: c106_10r_100t_cdb2cd8a
info: scenario_name; value: c106_10r_100t_cdb2cd8a
info: number_of_tasks; value: 100
info: number_of_robots; value: 10
info: number_of_recharging_stations; value: 1
info: scenario_size; value: (132,132)
event: recharging_station_spawn; timestamp: 0; recharging_station: 1; pos: (0, 0)
event: task_spawn; timestamp: 0; task: 1; pos: (5, 18); earliest_start: 890; latest_start: 989; state: PENDING; required_workers: 1; success_prob: 0.2; max_attempts: 1
event: task_spawn; timestamp: 0; task: 2; pos: (5, 20); earliest_start: 816; latest_start: 879; state: PENDING; required_workers: 1; success_prob: 0.2; max_attempts: 1
event: task_spawn; timestamp: 0; task: 3; pos: (2, 16); earliest_start: 55; latest_start: 156; state: PENDING; required_workers: 1; success_prob: 0.2; max_attempts: 1
event: task_spawn; timestamp: 0; task: 4; pos: (2, 18); earliest_start: 703; latest_start: 806; state: PENDING; required_workers: 1; success_prob: 0.2; max_attempts: 1
event: task_spawn; timestamp: 0; task: 5; pos: (2, 15); earliest_start: 15; latest_start: 60; state: PENDING; required_workers: 1; success_prob: 0.2; max_attempts: 1
event: task_spawn; timestamp: 0; task: 6; pos: (0, 19); earliest_start: 559; latest_start: 764; state: PENDING; required_workers: 1; success_prob: 0.2; max_attempts: 1
event: task_spawn; timestamp: 0; task: 7; pos: (0, 16); earliest_start: 172; latest_start: 223; state: PENDING; required_workers: 1; success_prob: 0.2; max_attempts: 1
event: task_spawn; timestamp: 0; task: 8; pos: (-2, 18); earliest_start: 250; latest_start: 329; state: PENDING; required_workers: 1; success_prob: 0.2; max_attempts: 1
event: task_spawn; timestamp: 0; task: 9; pos: (-2, 20); earliest_start: 489; latest_start: 650; state: PENDING; required_workers: 1; success_prob: 0.2; max_attempts: 1
event: task_spawn; timestamp: 0; task: 10; pos: (-5, 16); earliest_start: 361; latest_start: 406; state: PENDING; required_workers: 1; success_prob: 0.2; max_attempts: 1
event: task_spawn; timestamp: 0; task: 11; pos: (-5, 19); earliest_start: 450; latest_start: 503; state: PENDING; required_workers: 2; success_prob: 0.2; max_attempts: 1
event: task_spawn; timestamp: 0; task: 12; pos: (-15, 35); earliest_start: 647; latest_start: 726; state: PENDING; required_workers: 2; success_prob: 0.2; max_attempts: 1
event: task_spawn; timestamp: 0; task: 13; pos: (-18, 25); earliest_start: 30; latest_start: 95; state: PENDING; required_workers: 2; success_prob: 0.2; max_attempts: 1
event: task_spawn; timestamp: 0; task: 14; pos: (-18, 35); earliest_start: 571; latest_start: 616; state: PENDING; required_workers: 2; success_prob: 0.2; max_attempts: 1
event: task_spawn; timestamp: 0; task: 15; pos: (-20, 30); earliest_start: 392; latest_start: 421; state: PENDING; required_workers: 2; success_prob: 0.2; max_attempts: 1
event: task_spawn; timestamp: 0; task: 16; pos: (-20, 35); earliest_start: 478; latest_start: 525; state: PENDING; required_workers: 2; success_prob: 0.2; max_attempts: 1
event: task_spawn; timestamp: 0; task: 17; pos: (-22, 25); earliest_start: 105; latest_start: 142; state: PENDING; required_workers: 3; success_prob: 0.2; max_attempts: 1
event: task_spawn; timestamp: 0; task: 18; pos: (-25, 25); earliest_start: 172; latest_start: 261; state: PENDING; required_workers: 3; success_prob: 0.2; max_attempts: 1
event: task_spawn; timestamp: 0; task: 19; pos: (-25, 30); earliest_start: 274; latest_start: 349; state: PENDING; required_workers: 3; success_prob: 0.2; max_attempts: 1
event: task_spawn; timestamp: 0; task: 20; pos: (-10, 0); earliest_start: 10; latest_start: 77; state: PENDING; required_workers: 3; success_prob: 0.2; max_attempts: 1
event: task_spawn; timestamp: 0; task: 21; pos: (-10, 2); earliest_start: 918; latest_start: 961; state: PENDING; required_workers: 1; success_prob: 0.4; max_attempts: 1
event: task_spawn; timestamp: 0; task: 22; pos: (-12, 2); earliest_start: 806; latest_start: 889; state: PENDING; required_workers: 1; success_prob: 0.4; max_attempts: 1
event: task_spawn; timestamp: 0; task: 23; pos: (-12, 5); earliest_start: 739; latest_start: 770; state: PENDING; required_workers: 1; success_prob: 0.4; max_attempts: 1
event: task_spawn; timestamp: 0; task: 24; pos: (-15, 0); earliest_start: 55; latest_start: 154; state: PENDING; required_workers: 1; success_prob: 0.4; max_attempts: 1
event: task_spawn; timestamp: 0; task: 25; pos: (-15, 2); earliest_start: 172; latest_start: 221; state: PENDING; required_workers: 1; success_prob: 0.4; max_attempts: 1
event: task_spawn; timestamp: 0; task: 26; pos: (-15, 5); earliest_start: 612; latest_start: 711; state: PENDING; required_workers: 1; success_prob: 0.4; max_attempts: 1
event: task_spawn; timestamp: 0; task: 27; pos: (-17, 2); earliest_start: 264; latest_start: 313; state: PENDING; required_workers: 1; success_prob: 0.4; max_attempts: 1
event: task_spawn; timestamp: 0; task: 28; pos: (-17, 5); earliest_start: 553; latest_start: 586; state: PENDING; required_workers: 1; success_prob: 0.4; max_attempts: 1
event: task_spawn; timestamp: 0; task: 29; pos: (-20, 0); earliest_start: 365; latest_start: 398; state: PENDING; required_workers: 1; success_prob: 0.4; max_attempts: 1
event: task_spawn; timestamp: 0; task: 30; pos: (-20, 5); earliest_start: 452; latest_start: 501; state: PENDING; required_workers: 1; success_prob: 0.4; max_attempts: 1
event: task_spawn; timestamp: 0; task: 31; pos: (-30, -15); earliest_start: 204; latest_start: 233; state: PENDING; required_workers: 2; success_prob: 0.4; max_attempts: 1
event: task_spawn; timestamp: 0; task: 32; pos: (-30, -10); earliest_start: 31; latest_start: 189; state: PENDING; required_workers: 2; success_prob: 0.4; max_attempts: 1
event: task_spawn; timestamp: 0; task: 33; pos: (-32, -10); earliest_start: 42; latest_start: 203; state: PENDING; required_workers: 2; success_prob: 0.4; max_attempts: 1
event: task_spawn; timestamp: 0; task: 34; pos: (-32, -5); earliest_start: 715; latest_start: 852; state: PENDING; required_workers: 2; success_prob: 0.4; max_attempts: 1
event: task_spawn; timestamp: 0; task: 35; pos: (-35, -15); earliest_start: 251; latest_start: 376; state: PENDING; required_workers: 2; success_prob: 0.4; max_attempts: 1
event: task_spawn; timestamp: 0; task: 36; pos: (-35, -5); earliest_start: 648; latest_start: 733; state: PENDING; required_workers: 2; success_prob: 0.4; max_attempts: 1
event: task_spawn; timestamp: 0; task: 37; pos: (-38, -10); earliest_start: 365; latest_start: 452; state: PENDING; required_workers: 3; success_prob: 0.4; max_attempts: 1
event: task_spawn; timestamp: 0; task: 38; pos: (-40, -10); earliest_start: 474; latest_start: 527; state: PENDING; required_workers: 3; success_prob: 0.4; max_attempts: 1
event: task_spawn; timestamp: 0; task: 39; pos: (-40, -5); earliest_start: 541; latest_start: 650; state: PENDING; required_workers: 3; success_prob: 0.4; max_attempts: 1
event: task_spawn; timestamp: 0; task: 40; pos: (-5, -20); earliest_start: 240; latest_start: 345; state: PENDING; required_workers: 3; success_prob: 0.4; max_attempts: 1
event: task_spawn; timestamp: 0; task: 41; pos: (-5, -18); earliest_start: 123; latest_start: 278; state: PENDING; required_workers: 1; success_prob: 0.6; max_attempts: 1
event: task_spawn; timestamp: 0; task: 42; pos: (-7, -18); earliest_start: 19; latest_start: 225; state: PENDING; required_workers: 1; success_prob: 0.6; max_attempts: 1
event: task_spawn; timestamp: 0; task: 43; pos: (-7, -15); earliest_start: 16; latest_start: 153; state: PENDING; required_workers: 1; success_prob: 0.6; max_attempts: 1
event: task_spawn; timestamp: 0; task: 44; pos: (-8, -20); earliest_start: 338; latest_start: 433; state: PENDING; required_workers: 1; success_prob: 0.6; max_attempts: 1
event: task_spawn; timestamp: 0; task: 45; pos: (-10, -20); earliest_start: 513; latest_start: 628; state: PENDING; required_workers: 1; success_prob: 0.6; max_attempts: 1
event: task_spawn; timestamp: 0; task: 46; pos: (-10, -18); earliest_start: 415; latest_start: 542; state: PENDING; required_workers: 1; success_prob: 0.6; max_attempts: 1
event: task_spawn; timestamp: 0; task: 47; pos: (-10, -15); earliest_start: 872; latest_start: 1127; state: PENDING; required_workers: 1; success_prob: 0.6; max_attempts: 1
event: task_spawn; timestamp: 0; task: 48; pos: (-12, -20); earliest_start: 599; latest_start: 726; state: PENDING; required_workers: 1; success_prob: 0.6; max_attempts: 1
event: task_spawn; timestamp: 0; task: 49; pos: (-12, -15); earliest_start: 917; latest_start: 1126; state: PENDING; required_workers: 1; success_prob: 0.6; max_attempts: 1
event: task_spawn; timestamp: 0; task: 50; pos: (-14, -18); earliest_start: 779; latest_start: 916; state: PENDING; required_workers: 1; success_prob: 0.6; max_attempts: 1
event: task_spawn; timestamp: 0; task: 51; pos: (-15, -20); earliest_start: 695; latest_start: 816; state: PENDING; required_workers: 2; success_prob: 0.6; max_attempts: 1
event: task_spawn; timestamp: 0; task: 52; pos: (-15, -15); earliest_start: 857; latest_start: 1024; state: PENDING; required_workers: 2; success_prob: 0.6; max_attempts: 1
event: task_spawn; timestamp: 0; task: 53; pos: (4, -45); earliest_start: 221; latest_start: 412; state: PENDING; required_workers: 2; success_prob: 0.6; max_attempts: 1
event: task_spawn; timestamp: 0; task: 54; pos: (2, -40); earliest_start: 96; latest_start: 347; state: PENDING; required_workers: 2; success_prob: 0.6; max_attempts: 1
event: task_spawn; timestamp: 0; task: 55; pos: (2, -35); earliest_start: 35; latest_start: 233; state: PENDING; required_workers: 2; success_prob: 0.6; max_attempts: 1
event: task_spawn; timestamp: 0; task: 56; pos: (0, -45); earliest_start: 347; latest_start: 474; state: PENDING; required_workers: 2; success_prob: 0.6; max_attempts: 1
event: task_spawn; timestamp: 0; task: 57; pos: (0, -35); earliest_start: 35; latest_start: 172; state: PENDING; required_workers: 3; success_prob: 0.6; max_attempts: 1
event: task_spawn; timestamp: 0; task: 58; pos: (-2, -45); earliest_start: 403; latest_start: 602; state: PENDING; required_workers: 3; success_prob: 0.6; max_attempts: 1
event: task_spawn; timestamp: 0; task: 59; pos: (-2, -35); earliest_start: 521; latest_start: 870; state: PENDING; required_workers: 3; success_prob: 0.6; max_attempts: 1
event: task_spawn; timestamp: 0; task: 60; pos: (-5, -45); earliest_start: 487; latest_start: 704; state: PENDING; required_workers: 3; success_prob: 0.6; max_attempts: 1
event: task_spawn; timestamp: 0; task: 61; pos: (10, -20); earliest_start: 422; latest_start: 719; state: PENDING; required_workers: 1; success_prob: 0.8; max_attempts: 1
event: task_spawn; timestamp: 0; task: 62; pos: (10, -15); earliest_start: 217; latest_start: 362; state: PENDING; required_workers: 1; success_prob: 0.8; max_attempts: 1
event: task_spawn; timestamp: 0; task: 63; pos: (10, -10); earliest_start: 142; latest_start: 247; state: PENDING; required_workers: 1; success_prob: 0.8; max_attempts: 1
event: task_spawn; timestamp: 0; task: 64; pos: (8, -20); earliest_start: 567; latest_start: 758; state: PENDING; required_workers: 1; success_prob: 0.8; max_attempts: 1
event: task_spawn; timestamp: 0; task: 65; pos: (8, -10); earliest_start: 34; latest_start: 171; state: PENDING; required_workers: 1; success_prob: 0.8; max_attempts: 1
event: task_spawn; timestamp: 0; task: 66; pos: (7, -15); earliest_start: 794; latest_start: 907; state: PENDING; required_workers: 1; success_prob: 0.8; max_attempts: 1
event: task_spawn; timestamp: 0; task: 67; pos: (7, -10); earliest_start: 12; latest_start: 226; state: PENDING; required_workers: 1; success_prob: 0.8; max_attempts: 1
event: task_spawn; timestamp: 0; task: 68; pos: (5, -20); earliest_start: 716; latest_start: 795; state: PENDING; required_workers: 1; success_prob: 0.8; max_attempts: 1
event: task_spawn; timestamp: 0; task: 69; pos: (5, -15); earliest_start: 873; latest_start: 1012; state: PENDING; required_workers: 1; success_prob: 0.8; max_attempts: 1
event: task_spawn; timestamp: 0; task: 70; pos: (55, -20); earliest_start: 266; latest_start: 577; state: PENDING; required_workers: 1; success_prob: 0.8; max_attempts: 1
event: task_spawn; timestamp: 0; task: 71; pos: (55, -15); earliest_start: 181; latest_start: 472; state: PENDING; required_workers: 2; success_prob: 0.8; max_attempts: 1
event: task_spawn; timestamp: 0; task: 72; pos: (13, -20); earliest_start: 402; latest_start: 553; state: PENDING; required_workers: 2; success_prob: 0.8; max_attempts: 1
event: task_spawn; timestamp: 0; task: 73; pos: (52, -20); earliest_start: 345; latest_start: 684; state: PENDING; required_workers: 2; success_prob: 0.8; max_attempts: 1
event: task_spawn; timestamp: 0; task: 74; pos: (13, -15); earliest_start: 294; latest_start: 471; state: PENDING; required_workers: 2; success_prob: 0.8; max_attempts: 1
event: task_spawn; timestamp: 0; task: 75; pos: (5, 15); earliest_start: 951; latest_start: 1114; state: PENDING; required_workers: 2; success_prob: 0.8; max_attempts: 1
event: task_spawn; timestamp: 0; task: 76; pos: (50, -15); earliest_start: 153; latest_start: 310; state: PENDING; required_workers: 2; success_prob: 0.8; max_attempts: 1
event: task_spawn; timestamp: 0; task: 77; pos: (48, -20); earliest_start: 450; latest_start: 767; state: PENDING; required_workers: 3; success_prob: 0.8; max_attempts: 1
event: task_spawn; timestamp: 0; task: 78; pos: (48, -15); earliest_start: 50; latest_start: 237; state: PENDING; required_workers: 3; success_prob: 0.8; max_attempts: 1
event: task_spawn; timestamp: 0; task: 79; pos: (47, -20); earliest_start: 567; latest_start: 832; state: PENDING; required_workers: 3; success_prob: 0.8; max_attempts: 1
event: task_spawn; timestamp: 0; task: 80; pos: (45, -25); earliest_start: 713; latest_start: 876; state: PENDING; required_workers: 3; success_prob: 0.8; max_attempts: 1
event: task_spawn; timestamp: 0; task: 81; pos: (45, -15); earliest_start: 47; latest_start: 331; state: PENDING; required_workers: 1; success_prob: 1; max_attempts: 1
event: task_spawn; timestamp: 0; task: 82; pos: (35, 5); earliest_start: 311; latest_start: 478; state: PENDING; required_workers: 1; success_prob: 1; max_attempts: 1
event: task_spawn; timestamp: 0; task: 83; pos: (32, 5); earliest_start: 127; latest_start: 476; state: PENDING; required_workers: 1; success_prob: 1; max_attempts: 1
event: task_spawn; timestamp: 0; task: 84; pos: (30, 8); earliest_start: 349; latest_start: 632; state: PENDING; required_workers: 1; success_prob: 1; max_attempts: 1
event: task_spawn; timestamp: 0; task: 85; pos: (28, 10); earliest_start: 476; latest_start: 691; state: PENDING; required_workers: 1; success_prob: 1; max_attempts: 1
event: task_spawn; timestamp: 0; task: 86; pos: (26, 5); earliest_start: 67; latest_start: 344; state: PENDING; required_workers: 1; success_prob: 1; max_attempts: 1
event: task_spawn; timestamp: 0; task: 87; pos: (25, 5); earliest_start: 25; latest_start: 256; state: PENDING; required_workers: 1; success_prob: 1; max_attempts: 1
event: task_spawn; timestamp: 0; task: 88; pos: (25, 10); earliest_start: 546; latest_start: 807; state: PENDING; required_workers: 1; success_prob: 1; max_attempts: 1
event: task_spawn; timestamp: 0; task: 89; pos: (23, 8); earliest_start: 630; latest_start: 909; state: PENDING; required_workers: 1; success_prob: 1; max_attempts: 1
event: task_spawn; timestamp: 0; task: 90; pos: (20, 5); earliest_start: 20; latest_start: 293; state: PENDING; required_workers: 1; success_prob: 1; max_attempts: 1
event: task_spawn; timestamp: 0; task: 91; pos: (20, 10); earliest_start: 769; latest_start: 956; state: PENDING; required_workers: 2; success_prob: 1; max_attempts: 1
event: task_spawn; timestamp: 0; task: 92; pos: (27, 35); earliest_start: 229; latest_start: 580; state: PENDING; required_workers: 2; success_prob: 1; max_attempts: 1
event: task_spawn; timestamp: 0; task: 93; pos: (25, 35); earliest_start: 442; latest_start: 551; state: PENDING; required_workers: 2; success_prob: 1; max_attempts: 1
event: task_spawn; timestamp: 0; task: 94; pos: (25, 32); earliest_start: 227; latest_start: 394; state: PENDING; required_workers: 2; success_prob: 1; max_attempts: 1
event: task_spawn; timestamp: 0; task: 95; pos: (22, 30); earliest_start: 163; latest_start: 272; state: PENDING; required_workers: 2; success_prob: 1; max_attempts: 1
event: task_spawn; timestamp: 0; task: 96; pos: (20, 30); earliest_start: 36; latest_start: 291; state: PENDING; required_workers: 2; success_prob: 1; max_attempts: 1
event: task_spawn; timestamp: 0; task: 97; pos: (20, 35); earliest_start: 469; latest_start: 714; state: PENDING; required_workers: 3; success_prob: 1; max_attempts: 1
event: task_spawn; timestamp: 0; task: 98; pos: (18, 25); earliest_start: 30; latest_start: 227; state: PENDING; required_workers: 3; success_prob: 1; max_attempts: 1
event: task_spawn; timestamp: 0; task: 99; pos: (15, 30); earliest_start: 595; latest_start: 968; state: PENDING; required_workers: 3; success_prob: 1; max_attempts: 1
event: task_spawn; timestamp: 0; task: 100; pos: (15, 35); earliest_start: 493; latest_start: 880; state: PENDING; required_workers: 3; success_prob: 1; max_attempts: 1
event: robot_spawn; timestamp: 0; robot: 1; pos: (0, 0); state: AVAILABLE; battery_level: 200; battery_capacity: 200; velocity: 1; battery_rate_nav: 0
event: robot_spawn; timestamp: 0; robot: 2; pos: (0, 0); state: AVAILABLE; battery_level: 200; battery_capacity: 200; velocity: 1; battery_rate_nav: 0
event: robot_spawn; timestamp: 0; robot: 3; pos: (0, 0); state: AVAILABLE; battery_level: 200; battery_capacity: 200; velocity: 1; battery_rate_nav: 0
event: robot_spawn; timestamp: 0; robot: 4; pos: (0, 0); state: AVAILABLE; battery_level: 200; battery_capacity: 200; velocity: 1; battery_rate_nav: 0
event: robot_spawn; timestamp: 0; robot: 5; pos: (0, 0); state: AVAILABLE; battery_level: 200; battery_capacity: 200; velocity: 1; battery_rate_nav: 0
event: robot_spawn; timestamp: 0; robot: 6; pos: (0, 0); state: AVAILABLE; battery_level: 200; battery_capacity: 200; velocity: 1; battery_rate_nav: 0
event: robot_spawn; timestamp: 0; robot: 7; pos: (0, 0); state: AVAILABLE; battery_level: 200; battery_capacity: 200; velocity: 1; battery_rate_nav: 0
event: robot_spawn; timestamp: 0; robot: 8; pos: (0, 0); state: AVAILABLE; battery_level: 200; battery_capacity: 200; velocity: 1; battery_rate_nav: 0
event: robot_spawn; timestamp: 0; robot: 9; pos: (0, 0); state: AVAILABLE; battery_level: 200; battery_capacity: 200; velocity: 1; battery_rate_nav: 0
event: robot_spawn; timestamp: 0; robot: 10; pos: (0, 0); state: AVAILABLE; battery_level: 200; battery_capacity: 200; velocity: 1; battery_rate_nav: 0
event: battery_consumption; timestamp: 0; robot: 4; time: 10; initial_level: 200; final_level: 200
event: navigation; timestamp: 0; robot: 4; time: 10; src: (0, 0); dst: (-10, 0)
event: battery_consumption; timestamp: 0; robot: 9; time: 10; initial_level: 200; final_level: 200
event: navigation; timestamp: 0; robot: 9; time: 10; src: (0, 0); dst: (-10, 0)
event: battery_consumption; timestamp: 0; robot: 3; time: 10; initial_level: 200; final_level: 200
event: navigation; timestamp: 0; robot: 3; time: 10; src: (0, 0); dst: (-10, 0)
event: battery_consumption; timestamp: 0; robot: 2; time: 10.198; initial_level: 200; final_level: 200
event: navigation; timestamp: 0; robot: 2; time: 10.198; src: (0, 0); dst: (-10, 2)
event: battery_consumption; timestamp: 0; robot: 8; time: 12.1655; initial_level: 200; final_level: 200
event: navigation; timestamp: 0; robot: 8; time: 12.1655; src: (0, 0); dst: (-12, 2)
event: battery_consumption; timestamp: 0; robot: 6; time: 12.2066; initial_level: 200; final_level: 200
event: navigation; timestamp: 0; robot: 6; time: 12.2066; src: (0, 0); dst: (7, -10)
event: battery_consumption; timestamp: 0; robot: 5; time: 12.8062; initial_level: 200; final_level: 200
event: navigation; timestamp: 0; robot: 5; time: 12.8062; src: (0, 0); dst: (8, -10)
event: battery_consumption; timestamp: 0; robot: 10; time: 13; initial_level: 200; final_level: 200
event: navigation; timestamp: 0; robot: 10; time: 13; src: (0, 0); dst: (-12, 5)
event: battery_consumption; timestamp: 0; robot: 7; time: 14.1421; initial_level: 200; final_level: 200
event: navigation; timestamp: 0; robot: 7; time: 14.1421; src: (0, 0); dst: (10, -10)
event: battery_consumption; timestamp: 0; robot: 1; time: 15; initial_level: 200; final_level: 200
event: navigation; timestamp: 0; robot: 1; time: 15; src: (0, 0); dst: (-15, 0)
event: battery_consumption; timestamp: 77; robot: 4; time: 5.38516; initial_level: 200; final_level: 200
event: navigation; timestamp: 77; robot: 4; time: 5.38516; src: (-10, 0); dst: (-15, 2)
event: battery_consumption; timestamp: 77; robot: 9; time: 7.07107; initial_level: 200; final_level: 200
event: navigation; timestamp: 77; robot: 9; time: 7.07107; src: (-10, 0); dst: (-15, 5)
event: battery_consumption; timestamp: 77; robot: 3; time: 7.28011; initial_level: 200; final_level: 200
event: navigation; timestamp: 77; robot: 3; time: 7.28011; src: (-10, 0); dst: (-17, 2)
event: task_resolution; timestamp: 96.1849; task: 20; pos: (-10, 0); status: FAILED; attempt: 1
event: task_execution; timestamp: 12.2066; task: 67; robot: 6; pos: (7, -10); time: 96.3985
event: battery_consumption; timestamp: 12.2066; robot: 6; time: 96.3985; initial_level: 200; final_level: 189.289
event: task_resolution; timestamp: 108.605; task: 67; pos: (7, -10); status: COMPLETED; attempt: 1
event: battery_consumption; timestamp: 108.605; robot: 6; time: 5; initial_level: 189.289; final_level: 189.289
event: navigation; timestamp: 108.605; robot: 6; time: 5; src: (7, -10); dst: (7, -15)
event: task_execution; timestamp: 55; task: 24; robot: 1; pos: (-15, 0); time: 70.4263
event: battery_consumption; timestamp: 55; robot: 1; time: 70.4263; initial_level: 200; final_level: 192.175
event: task_resolution; timestamp: 125.426; task: 24; pos: (-15, 0); status: FAILED; attempt: 1
event: battery_consumption; timestamp: 125.426; robot: 1; time: 5; initial_level: 192.175; final_level: 192.175
event: navigation; timestamp: 125.426; robot: 1; time: 5; src: (-15, 0); dst: (-20, 0)
event: task_execution; timestamp: 34; task: 65; robot: 5; pos: (8, -10); time: 99.8302
event: battery_consumption; timestamp: 34; robot: 5; time: 99.8302; initial_level: 200; final_level: 188.908
event: task_resolution; timestamp: 133.83; task: 65; pos: (8, -10); status: COMPLETED; attempt: 1
event: battery_consumption; timestamp: 133.83; robot: 5; time: 5.38516; initial_level: 188.908; final_level: 188.908
event: navigation; timestamp: 133.83; robot: 5; time: 5.38516; src: (8, -10); dst: (10, -15)
event: battery_consumption; timestamp: 221; robot: 4; time: 3.60555; initial_level: 200; final_level: 200
event: navigation; timestamp: 221; robot: 4; time: 3.60555; src: (-15, 2); dst: (-17, 5)
event: task_execution; timestamp: 142; task: 63; robot: 7; pos: (10, -10); time: 104.278
event: battery_consumption; timestamp: 142; robot: 7; time: 104.278; initial_level: 200; final_level: 142.068
event: task_resolution; timestamp: 246.278; task: 63; pos: (10, -10); status: COMPLETED; attempt: 1
event: battery_consumption; timestamp: 246.278; robot: 7; time: 5.83095; initial_level: 142.068; final_level: 142.068
event: navigation; timestamp: 246.278; robot: 7; time: 5.83095; src: (10, -10); dst: (13, -15)
event: task_resolution; timestamp: 264.336; task: 25; pos: (-15, 2); status: FAILED; attempt: 1
event: task_execution; timestamp: 217; task: 62; robot: 5; pos: (10, -15); time: 81.9132
event: battery_consumption; timestamp: 217; robot: 5; time: 81.9132; initial_level: 188.908; final_level: 170.705
event: task_resolution; timestamp: 298.913; task: 62; pos: (10, -15); status: COMPLETED; attempt: 1
event: battery_consumption; timestamp: 298.913; robot: 5; time: 3; initial_level: 170.705; final_level: 170.705
event: navigation; timestamp: 298.913; robot: 5; time: 3; src: (10, -15); dst: (13, -15)
event: battery_consumption; timestamp: 313; robot: 3; time: 4.24264; initial_level: 200; final_level: 200
event: navigation; timestamp: 313; robot: 3; time: 4.24264; src: (-17, 2); dst: (-20, 5)
event: task_resolution; timestamp: 349.765; task: 27; pos: (-17, 2); status: FAILED; attempt: 1
event: task_execution; timestamp: 301.913; task: 74; robot: 5; pos: (13, -15); time: 95.459
event: battery_consumption; timestamp: 301.913; robot: 5; time: 95.459; initial_level: 170.705; final_level: 117.672
event: task_execution; timestamp: 301.913; task: 74; robot: 7; pos: (13, -15); time: 95.459
event: battery_consumption; timestamp: 301.913; robot: 7; time: 95.459; initial_level: 142.068; final_level: 89.0349
event: task_resolution; timestamp: 397.372; task: 74; pos: (13, -15); status: COMPLETED; attempt: 1
event: battery_consumption; timestamp: 397.372; robot: 7; time: 5; initial_level: 89.0349; final_level: 89.0349
event: navigation; timestamp: 397.372; robot: 7; time: 5; src: (13, -15); dst: (13, -20)
event: battery_consumption; timestamp: 397.372; robot: 5; time: 5; initial_level: 117.672; final_level: 117.672
event: navigation; timestamp: 397.372; robot: 5; time: 5; src: (13, -15); dst: (13, -20)
event: battery_consumption; timestamp: 398; robot: 1; time: 13; initial_level: 192.175; final_level: 192.175
event: navigation; timestamp: 398; robot: 1; time: 13; src: (-20, 0); dst: (-32, -5)
event: task_resolution; timestamp: 460.823; task: 29; pos: (-20, 0); status: COMPLETED; attempt: 1
event: battery_consumption; timestamp: 501; robot: 3; time: 15.6205; initial_level: 200; final_level: 200
event: navigation; timestamp: 501; robot: 3; time: 15.6205; src: (-20, 5); dst: (-32, -5)
event: task_execution; timestamp: 402.372; task: 72; robot: 5; pos: (13, -20); time: 99.1501
event: battery_consumption; timestamp: 402.372; robot: 5; time: 99.1501; initial_level: 117.672; final_level: 106.655
event: task_execution; timestamp: 402.372; task: 72; robot: 7; pos: (13, -20); time: 99.1501
event: battery_consumption; timestamp: 402.372; robot: 7; time: 99.1501; initial_level: 89.0349; final_level: 78.0183
event: task_resolution; timestamp: 501.522; task: 72; pos: (13, -20); status: COMPLETED; attempt: 1
event: battery_consumption; timestamp: 501.522; robot: 7; time: 3; initial_level: 78.0183; final_level: 78.0183
event: navigation; timestamp: 501.522; robot: 7; time: 3; src: (13, -20); dst: (10, -20)
event: battery_consumption; timestamp: 501.522; robot: 5; time: 5; initial_level: 106.655; final_level: 106.655
event: navigation; timestamp: 501.522; robot: 5; time: 5; src: (13, -20); dst: (8, -20)
event: task_resolution; timestamp: 549.702; task: 30; pos: (-20, 5); status: FAILED; attempt: 1
event: battery_consumption; timestamp: 586; robot: 4; time: 20.0998; initial_level: 200; final_level: 200
event: navigation; timestamp: 586; robot: 4; time: 20.0998; src: (-17, 5); dst: (-15, -15)
event: task_execution; timestamp: 504.522; task: 61; robot: 7; pos: (10, -20); time: 109.491
event: battery_consumption; timestamp: 504.522; robot: 7; time: 109.491; initial_level: 78.0183; final_level: 65.8526
event: task_resolution; timestamp: 614.013; task: 61; pos: (10, -20); status: COMPLETED; attempt: 1
event: battery_consumption; timestamp: 614.013; robot: 7; time: 5; initial_level: 65.8526; final_level: 65.8526
event: navigation; timestamp: 614.013; robot: 7; time: 5; src: (10, -20); dst: (5, -20)
event: task_resolution; timestamp: 663.239; task: 28; pos: (-17, 5); status: COMPLETED; attempt: 1
event: task_execution; timestamp: 567; task: 64; robot: 5; pos: (8, -20); time: 100.226
event: battery_consumption; timestamp: 567; robot: 5; time: 100.226; initial_level: 106.655; final_level: 95.5192
event: task_resolution; timestamp: 667.226; task: 64; pos: (8, -20); status: COMPLETED; attempt: 1
event: battery_consumption; timestamp: 667.226; robot: 5; time: 5.83095; initial_level: 95.5192; final_level: 95.5192
event: navigation; timestamp: 667.226; robot: 5; time: 5.83095; src: (8, -20); dst: (5, -15)
event: task_execution; timestamp: 612; task: 26; robot: 9; pos: (-15, 5); time: 81.9143
event: battery_consumption; timestamp: 612; robot: 9; time: 81.9143; initial_level: 200; final_level: 190.898
event: task_resolution; timestamp: 693.914; task: 26; pos: (-15, 5); status: COMPLETED; attempt: 1
event: battery_consumption; timestamp: 693.914; robot: 9; time: 20; initial_level: 190.898; final_level: 190.898
event: navigation; timestamp: 693.914; robot: 9; time: 20; src: (-15, 5); dst: (-15, -15)
event: battery_consumption; timestamp: 770; robot: 10; time: 19.105; initial_level: 200; final_level: 200
event: navigation; timestamp: 770; robot: 10; time: 19.105; src: (-12, 5); dst: (2, 18)
event: battery_consumption; timestamp: 795; robot: 7; time: 15.8114; initial_level: 65.8526; final_level: 65.8526
event: navigation; timestamp: 795; robot: 7; time: 15.8114; src: (5, -20); dst: (-10, -15)
event: battery_consumption; timestamp: 806; robot: 10; time: 3; initial_level: 200; final_level: 200
event: navigation; timestamp: 806; robot: 10; time: 3; src: (2, 18); dst: (5, 18)
event: task_resolution; timestamp: 812.266; task: 68; pos: (5, -20); status: COMPLETED; attempt: 1
event: task_execution; timestamp: 715; task: 34; robot: 1; pos: (-32, -5); time: 106.359
event: battery_consumption; timestamp: 715; robot: 1; time: 106.359; initial_level: 192.175; final_level: 168.54
event: task_execution; timestamp: 715; task: 34; robot: 3; pos: (-32, -5); time: 106.359
event: battery_consumption; timestamp: 715; robot: 3; time: 106.359; initial_level: 200; final_level: 176.365
event: task_resolution; timestamp: 821.359; task: 34; pos: (-32, -5); status: FAILED; attempt: 1
event: battery_consumption; timestamp: 821.359; robot: 1; time: 22.2036; initial_level: 168.54; final_level: 168.54
event: navigation; timestamp: 821.359; robot: 1; time: 22.2036; src: (-32, -5); dst: (-14, -18)
event: battery_consumption; timestamp: 821.359; robot: 3; time: 22.3607; initial_level: 176.365; final_level: 176.365
event: navigation; timestamp: 821.359; robot: 3; time: 22.3607; src: (-32, -5); dst: (-12, -15)
event: task_resolution; timestamp: 822.929; task: 23; pos: (-12, 5); status: FAILED; attempt: 1
event: task_execution; timestamp: 794; task: 66; robot: 6; pos: (7, -15); time: 77.7598
event: battery_consumption; timestamp: 794; robot: 6; time: 77.7598; initial_level: 189.289; final_level: 180.649
event: task_resolution; timestamp: 871.76; task: 66; pos: (7, -15); status: COMPLETED; attempt: 1
event: battery_consumption; timestamp: 871.76; robot: 6; time: 28.0179; initial_level: 180.649; final_level: 180.649
event: navigation; timestamp: 871.76; robot: 6; time: 28.0179; src: (7, -15); dst: (23, 8)
event: task_execution; timestamp: 806; task: 22; robot: 8; pos: (-12, 2); time: 76.0201
event: battery_consumption; timestamp: 806; robot: 8; time: 76.0201; initial_level: 200; final_level: 183.107
event: task_resolution; timestamp: 882.02; task: 22; pos: (-12, 2); status: FAILED; attempt: 1
event: battery_consumption; timestamp: 882.02; robot: 8; time: 21.4009; initial_level: 183.107; final_level: 183.107
event: navigation; timestamp: 882.02; robot: 8; time: 21.4009; src: (-12, 2); dst: (5, 15)
event: task_resolution; timestamp: 889.05; task: 4; pos: (2, 18); status: FAILED; attempt: 1
event: battery_consumption; timestamp: 909; robot: 6; time: 3.60555; initial_level: 180.649; final_level: 180.649
event: navigation; timestamp: 909; robot: 6; time: 3.60555; src: (23, 8); dst: (20, 10)
event: battery_consumption; timestamp: 916; robot: 1; time: 38.0789; initial_level: 168.54; final_level: 168.54
event: navigation; timestamp: 916; robot: 1; time: 38.0789; src: (-14, -18); dst: (5, 15)
event: task_resolution; timestamp: 933.096; task: 50; pos: (-14, -18); status: COMPLETED; attempt: 1
event: task_execution; timestamp: 857; task: 52; robot: 4; pos: (-15, -15); time: 93.3474
event: battery_consumption; timestamp: 857; robot: 4; time: 93.3474; initial_level: 200; final_level: 189.628
event: task_execution; timestamp: 857; task: 52; robot: 9; pos: (-15, -15); time: 93.3474
event: battery_consumption; timestamp: 857; robot: 9; time: 93.3474; initial_level: 190.898; final_level: 180.526
event: task_resolution; timestamp: 950.347; task: 52; pos: (-15, -15); status: COMPLETED; attempt: 1
event: battery_consumption; timestamp: 950.347; robot: 4; time: 43.0116; initial_level: 189.628; final_level: 189.628
event: navigation; timestamp: 950.347; robot: 4; time: 43.0116; src: (-15, -15); dst: (20, 10)
event: battery_consumption; timestamp: 950.347; robot: 9; time: 54.0833; initial_level: 180.526; final_level: 180.526
event: navigation; timestamp: 950.347; robot: 9; time: 54.0833; src: (-15, -15); dst: (15, 30)
event: task_execution; timestamp: 872; task: 47; robot: 7; pos: (-10, -15); time: 88.2321
event: battery_consumption; timestamp: 872; robot: 7; time: 88.2321; initial_level: 65.8526; final_level: 56.0491
event: task_resolution; timestamp: 960.232; task: 47; pos: (-10, -15); status: COMPLETED; attempt: 1
event: battery_consumption; timestamp: 960.232; robot: 7; time: 51.4782; initial_level: 56.0491; final_level: 56.0491
event: navigation; timestamp: 960.232; robot: 7; time: 51.4782; src: (-10, -15); dst: (15, 30)
event: battery_consumption; timestamp: 961; robot: 2; time: 37.5366; initial_level: 200; final_level: 200
event: navigation; timestamp: 961; robot: 2; time: 37.5366; src: (-10, 2); dst: (15, 30)
event: task_execution; timestamp: 873; task: 69; robot: 5; pos: (5, -15); time: 89.6371
event: battery_consumption; timestamp: 873; robot: 5; time: 89.6371; initial_level: 95.5192; final_level: 85.5595
event: task_resolution; timestamp: 962.637; task: 69; pos: (5, -15); status: COMPLETED; attempt: 1
event: battery_consumption; timestamp: 962.637; robot: 5; time: 15.8114; initial_level: 85.5595; final_level: 85.5595
event: navigation; timestamp: 962.637; robot: 5; time: 15.8114; src: (5, -15); dst: (0, 0)
event: robot_finished; timestamp: 978.448; robot: 5; pos: (0, 0); battery: 85.5595
event: task_execution; timestamp: 890; task: 1; robot: 10; pos: (5, 18); time: 79.0445
event: battery_consumption; timestamp: 890; robot: 10; time: 79.0445; initial_level: 200; final_level: 191.217
event: task_resolution; timestamp: 969.044; task: 1; pos: (5, 18); status: FAILED; attempt: 1
event: battery_consumption; timestamp: 969.044; robot: 10; time: 18.6815; initial_level: 191.217; final_level: 191.217
event: navigation; timestamp: 969.044; robot: 10; time: 18.6815; src: (5, 18); dst: (0, 0)
event: robot_finished; timestamp: 987.726; robot: 10; pos: (0, 0); battery: 191.217
event: task_resolution; timestamp: 999.608; task: 89; pos: (23, 8); status: COMPLETED; attempt: 1
event: task_resolution; timestamp: 1009; task: 21; pos: (-10, 2); status: FAILED; attempt: 1
event: task_execution; timestamp: 917; task: 49; robot: 3; pos: (-12, -15); time: 96.2451
event: battery_consumption; timestamp: 917; robot: 3; time: 96.2451; initial_level: 176.365; final_level: 165.671
event: task_resolution; timestamp: 1013.25; task: 49; pos: (-12, -15); status: COMPLETED; attempt: 1
event: battery_consumption; timestamp: 1013.25; robot: 3; time: 19.2094; initial_level: 165.671; final_level: 165.671
event: navigation; timestamp: 1013.25; robot: 3; time: 19.2094; src: (-12, -15); dst: (0, 0)
event: robot_finished; timestamp: 1032.45; robot: 3; pos: (0, 0); battery: 165.671
event: task_execution; timestamp: 954.079; task: 75; robot: 1; pos: (5, 15); time: 80.8433
event: battery_consumption; timestamp: 954.079; robot: 1; time: 80.8433; initial_level: 168.54; final_level: 150.574
event: task_execution; timestamp: 954.079; task: 75; robot: 8; pos: (5, 15); time: 80.8433
event: battery_consumption; timestamp: 954.079; robot: 8; time: 80.8433; initial_level: 183.107; final_level: 165.141
event: task_resolution; timestamp: 1034.92; task: 75; pos: (5, 15); status: FAILED; attempt: 1
event: battery_consumption; timestamp: 1034.92; robot: 1; time: 15.8114; initial_level: 150.574; final_level: 150.574
event: navigation; timestamp: 1034.92; robot: 1; time: 15.8114; src: (5, 15); dst: (0, 0)
event: robot_finished; timestamp: 1050.73; robot: 1; pos: (0, 0); battery: 150.574
event: battery_consumption; timestamp: 1034.92; robot: 8; time: 15.8114; initial_level: 165.141; final_level: 165.141
event: navigation; timestamp: 1034.92; robot: 8; time: 15.8114; src: (5, 15); dst: (0, 0)
event: robot_finished; timestamp: 1050.73; robot: 8; pos: (0, 0); battery: 165.141
event: task_execution; timestamp: 993.359; task: 91; robot: 4; pos: (20, 10); time: 91.6504
event: battery_consumption; timestamp: 993.359; robot: 4; time: 91.6504; initial_level: 189.628; final_level: 179.445
event: task_execution; timestamp: 993.359; task: 91; robot: 6; pos: (20, 10); time: 91.6504
event: battery_consumption; timestamp: 993.359; robot: 6; time: 91.6504; initial_level: 180.649; final_level: 170.466
event: task_resolution; timestamp: 1085.01; task: 91; pos: (20, 10); status: COMPLETED; attempt: 1
event: battery_consumption; timestamp: 1085.01; robot: 6; time: 22.3607; initial_level: 170.466; final_level: 170.466
event: navigation; timestamp: 1085.01; robot: 6; time: 22.3607; src: (20, 10); dst: (0, 0)
event: robot_finished; timestamp: 1107.37; robot: 6; pos: (0, 0); battery: 170.466
event: battery_consumption; timestamp: 1085.01; robot: 4; time: 22.3607; initial_level: 179.445; final_level: 179.445
event: navigation; timestamp: 1085.01; robot: 4; time: 22.3607; src: (20, 10); dst: (0, 0)
event: robot_finished; timestamp: 1107.37; robot: 4; pos: (0, 0); battery: 179.445
event: task_execution; timestamp: 1011.71; task: 99; robot: 2; pos: (15, 30); time: 101.946
event: battery_consumption; timestamp: 1011.71; robot: 2; time: 101.946; initial_level: 200; final_level: 188.673
event: task_execution; timestamp: 1011.71; task: 99; robot: 7; pos: (15, 30); time: 101.946
event: battery_consumption; timestamp: 1011.71; robot: 7; time: 101.946; initial_level: 56.0491; final_level: 44.7217
event: task_execution; timestamp: 1011.71; task: 99; robot: 9; pos: (15, 30); time: 101.946
event: battery_consumption; timestamp: 1011.71; robot: 9; time: 101.946; initial_level: 180.526; final_level: 169.199
event: task_resolution; timestamp: 1113.66; task: 99; pos: (15, 30); status: COMPLETED; attempt: 1
event: battery_consumption; timestamp: 1113.66; robot: 9; time: 33.541; initial_level: 169.199; final_level: 169.199
event: navigation; timestamp: 1113.66; robot: 9; time: 33.541; src: (15, 30); dst: (0, 0)
event: robot_finished; timestamp: 1147.2; robot: 9; pos: (0, 0); battery: 169.199
event: battery_consumption; timestamp: 1113.66; robot: 2; time: 33.541; initial_level: 188.673; final_level: 188.673
event: navigation; timestamp: 1113.66; robot: 2; time: 33.541; src: (15, 30); dst: (0, 0)
event: robot_finished; timestamp: 1147.2; robot: 2; pos: (0, 0); battery: 188.673
event: battery_consumption; timestamp: 1113.66; robot: 7; time: 33.541; initial_level: 44.7217; final_level: 44.7217
event: navigation; timestamp: 1113.66; robot: 7; time: 33.541; src: (15, 30); dst: (0, 0)
event: robot_finished; timestamp: 1147.2; robot: 7; pos: (0, 0); battery: 44.7217
metric: available_agents; value: 0
metric: failed_agents; value: 0
metric: finished_agents; value: 10
metric: completed_tasks; value: 21
metric: pending_tasks; value: 0
metric: failed_tasks; value: 79
metric: average_robot_makespan; value: 1075.64
metric: sd_robot_makespan; value: 64.6837
metric: max_robot_makespan; value: 1147.2
metric: min_robot_makespan; value: 978.448
metric: average_robot_travel_distance; value: 85.9233
metric: sd_robot_travel_distance; value: 30.6055
metric: max_robot_travel_distance; value: 133.804
metric: min_robot_travel_distance; value: 49.3778
metric: sum_robot_travel_distance; value: 859.233
metric: average_completed_tasks_by_robot; value: 0
metric: sd_completed_tasks_by_robot; value: 0
metric: max_completed_tasks_by_robot; value: 0
metric: min_completed_tasks_by_robot; value: 0
metric: final_reward; value: 0.21
metric: computing_time; value: 0.00450304
