info: solver_name; value: greedy
info: reward_function; value: reward00
info: replica; value: 1
info: filename; value: ../logs/prueba/c109_10r_100t_cdb2cd8a_greedy_reward00_001.log
info: scenario_name; value: c109_10r_100t_cdb2cd8a
info: scenario_name; value: c109_10r_100t_cdb2cd8a
info: number_of_tasks; value: 100
info: number_of_robots; value: 10
info: number_of_recharging_stations; value: 1
info: scenario_size; value: (132,132)
event: recharging_station_spawn; timestamp: 0; recharging_station: 1; pos: (0, 0)
event: task_spawn; timestamp: 0; task: 1; pos: (5, 18); earliest_start: 760; latest_start: 1120; state: PENDING; required_workers: 1; success_prob: 0.2; max_attempts: 1
event: task_spawn; timestamp: 0; task: 2; pos: (5, 20); earliest_start: 668; latest_start: 1028; state: PENDING; required_workers: 1; success_prob: 0.2; max_attempts: 1
event: task_spawn; timestamp: 0; task: 3; pos: (2, 16); earliest_start: 16; latest_start: 376; state: PENDING; required_workers: 1; success_prob: 0.2; max_attempts: 1
event: task_spawn; timestamp: 0; task: 4; pos: (2, 18); earliest_start: 575; latest_start: 935; state: PENDING; required_workers: 1; success_prob: 0.2; max_attempts: 1
event: task_spawn; timestamp: 0; task: 5; pos: (2, 15); earliest_start: 15; latest_start: 375; state: PENDING; required_workers: 1; success_prob: 0.2; max_attempts: 1
event: task_spawn; timestamp: 0; task: 6; pos: (0, 19); earliest_start: 482; latest_start: 842; state: PENDING; required_workers: 1; success_prob: 0.2; max_attempts: 1
event: task_spawn; timestamp: 0; task: 7; pos: (0, 16); earliest_start: 18; latest_start: 378; state: PENDING; required_workers: 1; success_prob: 0.2; max_attempts: 1
event: task_spawn; timestamp: 0; task: 8; pos: (-2, 18); earliest_start: 110; latest_start: 470; state: PENDING; required_workers: 1; success_prob: 0.2; max_attempts: 1
event: task_spawn; timestamp: 0; task: 9; pos: (-2, 20); earliest_start: 390; latest_start: 750; state: PENDING; required_workers: 1; success_prob: 0.2; max_attempts: 1
event: task_spawn; timestamp: 0; task: 10; pos: (-5, 16); earliest_start: 204; latest_start: 564; state: PENDING; required_workers: 1; success_prob: 0.2; max_attempts: 1
event: task_spawn; timestamp: 0; task: 11; pos: (-5, 19); earliest_start: 297; latest_start: 657; state: PENDING; required_workers: 2; success_prob: 0.2; max_attempts: 1
event: task_spawn; timestamp: 0; task: 12; pos: (-15, 35); earliest_start: 507; latest_start: 867; state: PENDING; required_workers: 2; success_prob: 0.2; max_attempts: 1
event: task_spawn; timestamp: 0; task: 13; pos: (-18, 25); earliest_start: 30; latest_start: 390; state: PENDING; required_workers: 2; success_prob: 0.2; max_attempts: 1
event: task_spawn; timestamp: 0; task: 14; pos: (-18, 35); earliest_start: 414; latest_start: 774; state: PENDING; required_workers: 2; success_prob: 0.2; max_attempts: 1
event: task_spawn; timestamp: 0; task: 15; pos: (-20, 30); earliest_start: 227; latest_start: 587; state: PENDING; required_workers: 2; success_prob: 0.2; max_attempts: 1
event: task_spawn; timestamp: 0; task: 16; pos: (-20, 35); earliest_start: 322; latest_start: 682; state: PENDING; required_workers: 2; success_prob: 0.2; max_attempts: 1
event: task_spawn; timestamp: 0; task: 17; pos: (-22, 25); earliest_start: 33; latest_start: 393; state: PENDING; required_workers: 3; success_prob: 0.2; max_attempts: 1
event: task_spawn; timestamp: 0; task: 18; pos: (-25, 25); earliest_start: 37; latest_start: 397; state: PENDING; required_workers: 3; success_prob: 0.2; max_attempts: 1
event: task_spawn; timestamp: 0; task: 19; pos: (-25, 30); earliest_start: 132; latest_start: 492; state: PENDING; required_workers: 3; success_prob: 0.2; max_attempts: 1
event: task_spawn; timestamp: 0; task: 20; pos: (-10, 0); earliest_start: 10; latest_start: 370; state: PENDING; required_workers: 3; success_prob: 0.2; max_attempts: 1
event: task_spawn; timestamp: 0; task: 21; pos: (-10, 2); earliest_start: 760; latest_start: 1120; state: PENDING; required_workers: 1; success_prob: 0.4; max_attempts: 1
event: task_spawn; timestamp: 0; task: 22; pos: (-12, 2); earliest_start: 668; latest_start: 1028; state: PENDING; required_workers: 1; success_prob: 0.4; max_attempts: 1
event: task_spawn; timestamp: 0; task: 23; pos: (-12, 5); earliest_start: 575; latest_start: 935; state: PENDING; required_workers: 1; success_prob: 0.4; max_attempts: 1
event: task_spawn; timestamp: 0; task: 24; pos: (-15, 0); earliest_start: 15; latest_start: 375; state: PENDING; required_workers: 1; success_prob: 0.4; max_attempts: 1
event: task_spawn; timestamp: 0; task: 25; pos: (-15, 2); earliest_start: 17; latest_start: 377; state: PENDING; required_workers: 1; success_prob: 0.4; max_attempts: 1
event: task_spawn; timestamp: 0; task: 26; pos: (-15, 5); earliest_start: 482; latest_start: 842; state: PENDING; required_workers: 1; success_prob: 0.4; max_attempts: 1
event: task_spawn; timestamp: 0; task: 27; pos: (-17, 2); earliest_start: 109; latest_start: 469; state: PENDING; required_workers: 1; success_prob: 0.4; max_attempts: 1
event: task_spawn; timestamp: 0; task: 28; pos: (-17, 5); earliest_start: 390; latest_start: 750; state: PENDING; required_workers: 1; success_prob: 0.4; max_attempts: 1
event: task_spawn; timestamp: 0; task: 29; pos: (-20, 0); earliest_start: 202; latest_start: 562; state: PENDING; required_workers: 1; success_prob: 0.4; max_attempts: 1
event: task_spawn; timestamp: 0; task: 30; pos: (-20, 5); earliest_start: 297; latest_start: 657; state: PENDING; required_workers: 1; success_prob: 0.4; max_attempts: 1
event: task_spawn; timestamp: 0; task: 31; pos: (-30, -15); earliest_start: 39; latest_start: 399; state: PENDING; required_workers: 2; success_prob: 0.4; max_attempts: 1
event: task_spawn; timestamp: 0; task: 32; pos: (-30, -10); earliest_start: 31; latest_start: 391; state: PENDING; required_workers: 2; success_prob: 0.4; max_attempts: 1
event: task_spawn; timestamp: 0; task: 33; pos: (-32, -10); earliest_start: 33; latest_start: 393; state: PENDING; required_workers: 2; success_prob: 0.4; max_attempts: 1
event: task_spawn; timestamp: 0; task: 34; pos: (-32, -5); earliest_start: 604; latest_start: 964; state: PENDING; required_workers: 2; success_prob: 0.4; max_attempts: 1
event: task_spawn; timestamp: 0; task: 35; pos: (-35, -15); earliest_start: 134; latest_start: 494; state: PENDING; required_workers: 2; success_prob: 0.4; max_attempts: 1
event: task_spawn; timestamp: 0; task: 36; pos: (-35, -5); earliest_start: 511; latest_start: 871; state: PENDING; required_workers: 2; success_prob: 0.4; max_attempts: 1
event: task_spawn; timestamp: 0; task: 37; pos: (-38, -10); earliest_start: 229; latest_start: 589; state: PENDING; required_workers: 3; success_prob: 0.4; max_attempts: 1
event: task_spawn; timestamp: 0; task: 38; pos: (-40, -10); earliest_start: 321; latest_start: 681; state: PENDING; required_workers: 3; success_prob: 0.4; max_attempts: 1
event: task_spawn; timestamp: 0; task: 39; pos: (-40, -5); earliest_start: 416; latest_start: 776; state: PENDING; required_workers: 3; success_prob: 0.4; max_attempts: 1
event: task_spawn; timestamp: 0; task: 40; pos: (-5, -20); earliest_start: 113; latest_start: 473; state: PENDING; required_workers: 3; success_prob: 0.4; max_attempts: 1
event: task_spawn; timestamp: 0; task: 41; pos: (-5, -18); earliest_start: 21; latest_start: 381; state: PENDING; required_workers: 1; success_prob: 0.6; max_attempts: 1
event: task_spawn; timestamp: 0; task: 42; pos: (-7, -18); earliest_start: 19; latest_start: 379; state: PENDING; required_workers: 1; success_prob: 0.6; max_attempts: 1
event: task_spawn; timestamp: 0; task: 43; pos: (-7, -15); earliest_start: 16; latest_start: 376; state: PENDING; required_workers: 1; success_prob: 0.6; max_attempts: 1
event: task_spawn; timestamp: 0; task: 44; pos: (-8, -20); earliest_start: 206; latest_start: 566; state: PENDING; required_workers: 1; success_prob: 0.6; max_attempts: 1
event: task_spawn; timestamp: 0; task: 45; pos: (-10, -20); earliest_start: 391; latest_start: 751; state: PENDING; required_workers: 1; success_prob: 0.6; max_attempts: 1
event: task_spawn; timestamp: 0; task: 46; pos: (-10, -18); earliest_start: 299; latest_start: 659; state: PENDING; required_workers: 1; success_prob: 0.6; max_attempts: 1
event: task_spawn; timestamp: 0; task: 47; pos: (-10, -15); earliest_start: 767; latest_start: 1127; state: PENDING; required_workers: 1; success_prob: 0.6; max_attempts: 1
event: task_spawn; timestamp: 0; task: 48; pos: (-12, -20); earliest_start: 483; latest_start: 843; state: PENDING; required_workers: 1; success_prob: 0.6; max_attempts: 1
event: task_spawn; timestamp: 0; task: 49; pos: (-12, -15); earliest_start: 766; latest_start: 1126; state: PENDING; required_workers: 1; success_prob: 0.6; max_attempts: 1
event: task_spawn; timestamp: 0; task: 50; pos: (-14, -18); earliest_start: 668; latest_start: 1028; state: PENDING; required_workers: 1; success_prob: 0.6; max_attempts: 1
event: task_spawn; timestamp: 0; task: 51; pos: (-15, -20); earliest_start: 576; latest_start: 936; state: PENDING; required_workers: 2; success_prob: 0.6; max_attempts: 1
event: task_spawn; timestamp: 0; task: 52; pos: (-15, -15); earliest_start: 761; latest_start: 1121; state: PENDING; required_workers: 2; success_prob: 0.6; max_attempts: 1
event: task_spawn; timestamp: 0; task: 53; pos: (4, -45); earliest_start: 137; latest_start: 497; state: PENDING; required_workers: 2; success_prob: 0.6; max_attempts: 1
event: task_spawn; timestamp: 0; task: 54; pos: (2, -40); earliest_start: 42; latest_start: 402; state: PENDING; required_workers: 2; success_prob: 0.6; max_attempts: 1
event: task_spawn; timestamp: 0; task: 55; pos: (2, -35); earliest_start: 35; latest_start: 395; state: PENDING; required_workers: 2; success_prob: 0.6; max_attempts: 1
event: task_spawn; timestamp: 0; task: 56; pos: (0, -45); earliest_start: 231; latest_start: 591; state: PENDING; required_workers: 2; success_prob: 0.6; max_attempts: 1
event: task_spawn; timestamp: 0; task: 57; pos: (0, -35); earliest_start: 35; latest_start: 395; state: PENDING; required_workers: 3; success_prob: 0.6; max_attempts: 1
event: task_spawn; timestamp: 0; task: 58; pos: (-2, -45); earliest_start: 323; latest_start: 683; state: PENDING; required_workers: 3; success_prob: 0.6; max_attempts: 1
event: task_spawn; timestamp: 0; task: 59; pos: (-2, -35); earliest_start: 516; latest_start: 876; state: PENDING; required_workers: 3; success_prob: 0.6; max_attempts: 1
event: task_spawn; timestamp: 0; task: 60; pos: (-5, -45); earliest_start: 416; latest_start: 776; state: PENDING; required_workers: 3; success_prob: 0.6; max_attempts: 1
event: task_spawn; timestamp: 0; task: 61; pos: (10, -20); earliest_start: 391; latest_start: 751; state: PENDING; required_workers: 1; success_prob: 0.8; max_attempts: 1
event: task_spawn; timestamp: 0; task: 62; pos: (10, -15); earliest_start: 110; latest_start: 470; state: PENDING; required_workers: 1; success_prob: 0.8; max_attempts: 1
event: task_spawn; timestamp: 0; task: 63; pos: (10, -10); earliest_start: 15; latest_start: 375; state: PENDING; required_workers: 1; success_prob: 0.8; max_attempts: 1
event: task_spawn; timestamp: 0; task: 64; pos: (8, -20); earliest_start: 483; latest_start: 843; state: PENDING; required_workers: 1; success_prob: 0.8; max_attempts: 1
event: task_spawn; timestamp: 0; task: 65; pos: (8, -10); earliest_start: 12; latest_start: 372; state: PENDING; required_workers: 1; success_prob: 0.8; max_attempts: 1
event: task_spawn; timestamp: 0; task: 66; pos: (7, -15); earliest_start: 671; latest_start: 1031; state: PENDING; required_workers: 1; success_prob: 0.8; max_attempts: 1
event: task_spawn; timestamp: 0; task: 67; pos: (7, -10); earliest_start: 12; latest_start: 372; state: PENDING; required_workers: 1; success_prob: 0.8; max_attempts: 1
event: task_spawn; timestamp: 0; task: 68; pos: (5, -20); earliest_start: 576; latest_start: 936; state: PENDING; required_workers: 1; success_prob: 0.8; max_attempts: 1
event: task_spawn; timestamp: 0; task: 69; pos: (5, -15); earliest_start: 763; latest_start: 1123; state: PENDING; required_workers: 1; success_prob: 0.8; max_attempts: 1
event: task_spawn; timestamp: 0; task: 70; pos: (55, -20); earliest_start: 242; latest_start: 602; state: PENDING; required_workers: 1; success_prob: 0.8; max_attempts: 1
event: task_spawn; timestamp: 0; task: 71; pos: (55, -15); earliest_start: 147; latest_start: 507; state: PENDING; required_workers: 2; success_prob: 0.8; max_attempts: 1
event: task_spawn; timestamp: 0; task: 72; pos: (13, -20); earliest_start: 298; latest_start: 658; state: PENDING; required_workers: 2; success_prob: 0.8; max_attempts: 1
event: task_spawn; timestamp: 0; task: 73; pos: (52, -20); earliest_start: 335; latest_start: 695; state: PENDING; required_workers: 2; success_prob: 0.8; max_attempts: 1
event: task_spawn; timestamp: 0; task: 74; pos: (13, -15); earliest_start: 203; latest_start: 563; state: PENDING; required_workers: 2; success_prob: 0.8; max_attempts: 1
event: task_spawn; timestamp: 0; task: 75; pos: (5, 15); earliest_start: 770; latest_start: 1130; state: PENDING; required_workers: 2; success_prob: 0.8; max_attempts: 1
event: task_spawn; timestamp: 0; task: 76; pos: (50, -15); earliest_start: 52; latest_start: 412; state: PENDING; required_workers: 2; success_prob: 0.8; max_attempts: 1
event: task_spawn; timestamp: 0; task: 77; pos: (48, -20); earliest_start: 429; latest_start: 789; state: PENDING; required_workers: 3; success_prob: 0.8; max_attempts: 1
event: task_spawn; timestamp: 0; task: 78; pos: (48, -15); earliest_start: 50; latest_start: 410; state: PENDING; required_workers: 3; success_prob: 0.8; max_attempts: 1
event: task_spawn; timestamp: 0; task: 79; pos: (47, -20); earliest_start: 520; latest_start: 880; state: PENDING; required_workers: 3; success_prob: 0.8; max_attempts: 1
event: task_spawn; timestamp: 0; task: 80; pos: (45, -25); earliest_start: 615; latest_start: 975; state: PENDING; required_workers: 3; success_prob: 0.8; max_attempts: 1
event: task_spawn; timestamp: 0; task: 81; pos: (45, -15); earliest_start: 47; latest_start: 407; state: PENDING; required_workers: 1; success_prob: 1; max_attempts: 1
event: task_spawn; timestamp: 0; task: 82; pos: (35, 5); earliest_start: 215; latest_start: 575; state: PENDING; required_workers: 1; success_prob: 1; max_attempts: 1
event: task_spawn; timestamp: 0; task: 83; pos: (32, 5); earliest_start: 122; latest_start: 482; state: PENDING; required_workers: 1; success_prob: 1; max_attempts: 1
event: task_spawn; timestamp: 0; task: 84; pos: (30, 8); earliest_start: 311; latest_start: 671; state: PENDING; required_workers: 1; success_prob: 1; max_attempts: 1
event: task_spawn; timestamp: 0; task: 85; pos: (28, 10); earliest_start: 404; latest_start: 764; state: PENDING; required_workers: 1; success_prob: 1; max_attempts: 1
event: task_spawn; timestamp: 0; task: 86; pos: (26, 5); earliest_start: 26; latest_start: 386; state: PENDING; required_workers: 1; success_prob: 1; max_attempts: 1
event: task_spawn; timestamp: 0; task: 87; pos: (25, 5); earliest_start: 25; latest_start: 385; state: PENDING; required_workers: 1; success_prob: 1; max_attempts: 1
event: task_spawn; timestamp: 0; task: 88; pos: (25, 10); earliest_start: 497; latest_start: 857; state: PENDING; required_workers: 1; success_prob: 1; max_attempts: 1
event: task_spawn; timestamp: 0; task: 89; pos: (23, 8); earliest_start: 590; latest_start: 950; state: PENDING; required_workers: 1; success_prob: 1; max_attempts: 1
event: task_spawn; timestamp: 0; task: 90; pos: (20, 5); earliest_start: 20; latest_start: 380; state: PENDING; required_workers: 1; success_prob: 1; max_attempts: 1
event: task_spawn; timestamp: 0; task: 91; pos: (20, 10); earliest_start: 683; latest_start: 1043; state: PENDING; required_workers: 2; success_prob: 1; max_attempts: 1
event: task_spawn; timestamp: 0; task: 92; pos: (27, 35); earliest_start: 225; latest_start: 585; state: PENDING; required_workers: 2; success_prob: 1; max_attempts: 1
event: task_spawn; timestamp: 0; task: 93; pos: (25, 35); earliest_start: 317; latest_start: 677; state: PENDING; required_workers: 2; success_prob: 1; max_attempts: 1
event: task_spawn; timestamp: 0; task: 94; pos: (25, 32); earliest_start: 131; latest_start: 491; state: PENDING; required_workers: 2; success_prob: 1; max_attempts: 1
event: task_spawn; timestamp: 0; task: 95; pos: (22, 30); earliest_start: 38; latest_start: 398; state: PENDING; required_workers: 2; success_prob: 1; max_attempts: 1
event: task_spawn; timestamp: 0; task: 96; pos: (20, 30); earliest_start: 36; latest_start: 396; state: PENDING; required_workers: 2; success_prob: 1; max_attempts: 1
event: task_spawn; timestamp: 0; task: 97; pos: (20, 35); earliest_start: 412; latest_start: 772; state: PENDING; required_workers: 3; success_prob: 1; max_attempts: 1
event: task_spawn; timestamp: 0; task: 98; pos: (18, 25); earliest_start: 30; latest_start: 390; state: PENDING; required_workers: 3; success_prob: 1; max_attempts: 1
event: task_spawn; timestamp: 0; task: 99; pos: (15, 30); earliest_start: 602; latest_start: 962; state: PENDING; required_workers: 3; success_prob: 1; max_attempts: 1
event: task_spawn; timestamp: 0; task: 100; pos: (15, 35); earliest_start: 507; latest_start: 867; state: PENDING; required_workers: 3; success_prob: 1; max_attempts: 1
event: robot_spawn; timestamp: 0; robot: 1; pos: (0, 0); state: AVAILABLE; battery_level: 200; battery_capacity: 200; velocity: 1; battery_rate_nav: 0
event: robot_spawn; timestamp: 0; robot: 2; pos: (0, 0); state: AVAILABLE; battery_level: 200; battery_capacity: 200; velocity: 1; battery_rate_nav: 0
event: robot_spawn; timestamp: 0; robot: 3; pos: (0, 0); state: AVAILABLE; battery_level: 200; battery_capacity: 200; velocity: 1; battery_rate_nav: 0
event: robot_spawn; timestamp: 0; robot: 4; pos: (0, 0); state: AVAILABLE; battery_level: 200; battery_capacity: 200; velocity: 1; battery_rate_nav: 0
event: robot_spawn; timestamp: 0; robot: 5; pos: (0, 0); state: AVAILABLE; battery_level: 200; battery_capacity: 200; velocity: 1; battery_rate_nav: 0
event: robot_spawn; timestamp: 0; robot: 6; pos: (0, 0); state: AVAILABLE; battery_level: 200; battery_capacity: 200; velocity: 1; battery_rate_nav: 0
event: robot_spawn; timestamp: 0; robot: 7; pos: (0, 0); state: AVAILABLE; battery_level: 200; battery_capacity: 200; velocity: 1; battery_rate_nav: 0
event: robot_spawn; timestamp: 0; robot: 8; pos: (0, 0); state: AVAILABLE; battery_level: 200; battery_capacity: 200; velocity: 1; battery_rate_nav: 0
event: robot_spawn; timestamp: 0; robot: 9; pos: (0, 0); state: AVAILABLE; battery_level: 200; battery_capacity: 200; velocity: 1; battery_rate_nav: 0
event: robot_spawn; timestamp: 0; robot: 10; pos: (0, 0); state: AVAILABLE; battery_level: 200; battery_capacity: 200; velocity: 1; battery_rate_nav: 0
event: battery_consumption; timestamp: 0; robot: 2; time: 10; initial_level: 200; final_level: 200
event: navigation; timestamp: 0; robot: 2; time: 10; src: (0, 0); dst: (-10, 0)
event: battery_consumption; timestamp: 0; robot: 6; time: 10; initial_level: 200; final_level: 200
event: navigation; timestamp: 0; robot: 6; time: 10; src: (0, 0); dst: (-10, 0)
event: battery_consumption; timestamp: 0; robot: 9; time: 10; initial_level: 200; final_level: 200
event: navigation; timestamp: 0; robot: 9; time: 10; src: (0, 0); dst: (-10, 0)
event: battery_consumption; timestamp: 0; robot: 4; time: 10.198; initial_level: 200; final_level: 200
event: navigation; timestamp: 0; robot: 4; time: 10.198; src: (0, 0); dst: (-10, 2)
event: battery_consumption; timestamp: 0; robot: 3; time: 12.1655; initial_level: 200; final_level: 200
event: navigation; timestamp: 0; robot: 3; time: 12.1655; src: (0, 0); dst: (-12, 2)
event: battery_consumption; timestamp: 0; robot: 1; time: 12.2066; initial_level: 200; final_level: 200
event: navigation; timestamp: 0; robot: 1; time: 12.2066; src: (0, 0); dst: (7, -10)
event: battery_consumption; timestamp: 0; robot: 7; time: 12.8062; initial_level: 200; final_level: 200
event: navigation; timestamp: 0; robot: 7; time: 12.8062; src: (0, 0); dst: (8, -10)
event: battery_consumption; timestamp: 0; robot: 10; time: 13; initial_level: 200; final_level: 200
event: navigation; timestamp: 0; robot: 10; time: 13; src: (0, 0); dst: (-12, 5)
event: battery_consumption; timestamp: 0; robot: 8; time: 14.1421; initial_level: 200; final_level: 200
event: navigation; timestamp: 0; robot: 8; time: 14.1421; src: (0, 0); dst: (10, -10)
event: battery_consumption; timestamp: 0; robot: 5; time: 15; initial_level: 200; final_level: 200
event: navigation; timestamp: 0; robot: 5; time: 15; src: (0, 0); dst: (-15, 0)
event: task_execution; timestamp: 15; task: 63; robot: 8; pos: (10, -10); time: 69.7919
event: battery_consumption; timestamp: 15; robot: 8; time: 69.7919; initial_level: 200; final_level: 161.227
event: task_resolution; timestamp: 84.7919; task: 63; pos: (10, -10); status: COMPLETED; attempt: 1
event: battery_consumption; timestamp: 84.7919; robot: 8; time: 5; initial_level: 161.227; final_level: 161.227
event: navigation; timestamp: 84.7919; robot: 8; time: 5; src: (10, -10); dst: (10, -15)
event: task_execution; timestamp: 10; task: 20; robot: 2; pos: (-10, 0); time: 95.1963
event: battery_consumption; timestamp: 10; robot: 2; time: 95.1963; initial_level: 200; final_level: 189.423
event: task_execution; timestamp: 10; task: 20; robot: 6; pos: (-10, 0); time: 95.1963
event: battery_consumption; timestamp: 10; robot: 6; time: 95.1963; initial_level: 200; final_level: 189.423
event: task_execution; timestamp: 10; task: 20; robot: 9; pos: (-10, 0); time: 95.1963
event: battery_consumption; timestamp: 10; robot: 9; time: 95.1963; initial_level: 200; final_level: 189.423
event: task_resolution; timestamp: 105.196; task: 20; pos: (-10, 0); status: FAILED; attempt: 1
event: battery_consumption; timestamp: 105.196; robot: 6; time: 5.38516; initial_level: 189.423; final_level: 189.423
event: navigation; timestamp: 105.196; robot: 6; time: 5.38516; src: (-10, 0); dst: (-15, 2)
event: battery_consumption; timestamp: 105.196; robot: 9; time: 7.07107; initial_level: 189.423; final_level: 189.423
event: navigation; timestamp: 105.196; robot: 9; time: 7.07107; src: (-10, 0); dst: (-15, 5)
event: battery_consumption; timestamp: 105.196; robot: 2; time: 7.28011; initial_level: 189.423; final_level: 189.423
event: navigation; timestamp: 105.196; robot: 2; time: 7.28011; src: (-10, 0); dst: (-17, 2)
event: task_execution; timestamp: 15; task: 24; robot: 5; pos: (-15, 0); time: 92.7675
event: battery_consumption; timestamp: 15; robot: 5; time: 92.7675; initial_level: 200; final_level: 189.693
event: task_resolution; timestamp: 107.767; task: 24; pos: (-15, 0); status: FAILED; attempt: 1
event: battery_consumption; timestamp: 107.767; robot: 5; time: 5; initial_level: 189.693; final_level: 189.693
event: navigation; timestamp: 107.767; robot: 5; time: 5; src: (-15, 0); dst: (-20, 0)
event: task_execution; timestamp: 12.2066; task: 67; robot: 1; pos: (7, -10); time: 98.4081
event: battery_consumption; timestamp: 12.2066; robot: 1; time: 98.4081; initial_level: 200; final_level: 189.066
event: task_resolution; timestamp: 110.615; task: 67; pos: (7, -10); status: FAILED; attempt: 1
event: battery_consumption; timestamp: 110.615; robot: 1; time: 5; initial_level: 189.066; final_level: 189.066
event: navigation; timestamp: 110.615; robot: 1; time: 5; src: (7, -10); dst: (7, -15)
event: task_execution; timestamp: 12.8062; task: 65; robot: 7; pos: (8, -10); time: 102.288
event: battery_consumption; timestamp: 12.8062; robot: 7; time: 102.288; initial_level: 200; final_level: 188.635
event: task_resolution; timestamp: 115.094; task: 65; pos: (8, -10); status: COMPLETED; attempt: 1
event: battery_consumption; timestamp: 115.094; robot: 7; time: 5.83095; initial_level: 188.635; final_level: 188.635
event: navigation; timestamp: 115.094; robot: 7; time: 5.83095; src: (8, -10); dst: (5, -15)
event: task_execution; timestamp: 112.476; task: 27; robot: 2; pos: (-17, 2); time: 64.4639
event: battery_consumption; timestamp: 112.476; robot: 2; time: 64.4639; initial_level: 189.423; final_level: 182.26
event: task_resolution; timestamp: 176.94; task: 27; pos: (-17, 2); status: FAILED; attempt: 1
event: battery_consumption; timestamp: 176.94; robot: 2; time: 3; initial_level: 182.26; final_level: 182.26
event: navigation; timestamp: 176.94; robot: 2; time: 3; src: (-17, 2); dst: (-17, 5)
event: task_execution; timestamp: 110; task: 62; robot: 8; pos: (10, -15); time: 87.0375
event: battery_consumption; timestamp: 110; robot: 8; time: 87.0375; initial_level: 161.227; final_level: 141.885
event: task_resolution; timestamp: 197.037; task: 62; pos: (10, -15); status: FAILED; attempt: 1
event: battery_consumption; timestamp: 197.037; robot: 8; time: 3; initial_level: 141.885; final_level: 141.885
event: navigation; timestamp: 197.037; robot: 8; time: 3; src: (10, -15); dst: (13, -15)
event: task_execution; timestamp: 110.581; task: 25; robot: 6; pos: (-15, 2); time: 91.4145
event: battery_consumption; timestamp: 110.581; robot: 6; time: 91.4145; initial_level: 189.423; final_level: 148.794
event: task_resolution; timestamp: 201.996; task: 25; pos: (-15, 2); status: FAILED; attempt: 1
event: battery_consumption; timestamp: 201.996; robot: 6; time: 5.83095; initial_level: 148.794; final_level: 148.794
event: navigation; timestamp: 201.996; robot: 6; time: 5.83095; src: (-15, 2); dst: (-20, 5)
event: task_execution; timestamp: 202; task: 29; robot: 5; pos: (-20, 0); time: 103.171
event: battery_consumption; timestamp: 202; robot: 5; time: 103.171; initial_level: 189.693; final_level: 178.229
event: task_resolution; timestamp: 305.171; task: 29; pos: (-20, 0); status: FAILED; attempt: 1
event: battery_consumption; timestamp: 305.171; robot: 5; time: 13; initial_level: 178.229; final_level: 178.229
event: navigation; timestamp: 305.171; robot: 5; time: 13; src: (-20, 0); dst: (-32, -5)
event: task_execution; timestamp: 297; task: 30; robot: 6; pos: (-20, 5); time: 102.119
event: battery_consumption; timestamp: 297; robot: 6; time: 102.119; initial_level: 148.794; final_level: 137.447
event: task_resolution; timestamp: 399.119; task: 30; pos: (-20, 5); status: FAILED; attempt: 1
event: battery_consumption; timestamp: 399.119; robot: 6; time: 15.6205; initial_level: 137.447; final_level: 137.447
event: navigation; timestamp: 399.119; robot: 6; time: 15.6205; src: (-20, 5); dst: (-32, -5)
event: task_execution; timestamp: 390; task: 28; robot: 2; pos: (-17, 5); time: 89.2062
event: battery_consumption; timestamp: 390; robot: 2; time: 89.2062; initial_level: 182.26; final_level: 162.436
event: task_resolution; timestamp: 479.206; task: 28; pos: (-17, 5); status: COMPLETED; attempt: 1
event: battery_consumption; timestamp: 479.206; robot: 2; time: 16.2788; initial_level: 162.436; final_level: 162.436
event: navigation; timestamp: 479.206; robot: 2; time: 16.2788; src: (-17, 5); dst: (-5, 16)
event: battery_consumption; timestamp: 563; robot: 8; time: 5; initial_level: 141.885; final_level: 141.885
event: navigation; timestamp: 563; robot: 8; time: 5; src: (13, -15); dst: (13, -20)
event: battery_consumption; timestamp: 564; robot: 2; time: 3; initial_level: 162.436; final_level: 162.436
event: navigation; timestamp: 564; robot: 2; time: 3; src: (-5, 16); dst: (-5, 19)
event: task_execution; timestamp: 482; task: 26; robot: 9; pos: (-15, 5); time: 87.1865
event: battery_consumption; timestamp: 482; robot: 9; time: 87.1865; initial_level: 189.423; final_level: 179.735
event: task_resolution; timestamp: 569.186; task: 26; pos: (-15, 5); status: FAILED; attempt: 1
event: battery_consumption; timestamp: 569.186; robot: 9; time: 17.2047; initial_level: 179.735; final_level: 179.735
event: navigation; timestamp: 569.186; robot: 9; time: 17.2047; src: (-15, 5); dst: (-5, 19)
event: task_resolution; timestamp: 590.304; task: 10; pos: (-5, 16); status: FAILED; attempt: 1
event: battery_consumption; timestamp: 657; robot: 9; time: 3.16228; initial_level: 179.735; final_level: 179.735
event: navigation; timestamp: 657; robot: 9; time: 3.16228; src: (-5, 19); dst: (-2, 20)
event: battery_consumption; timestamp: 657; robot: 2; time: 5; initial_level: 162.436; final_level: 162.436
event: navigation; timestamp: 657; robot: 2; time: 5; src: (-5, 19); dst: (0, 19)
event: battery_consumption; timestamp: 658; robot: 8; time: 3; initial_level: 141.885; final_level: 141.885
event: navigation; timestamp: 658; robot: 8; time: 3; src: (13, -20); dst: (10, -20)
event: task_execution; timestamp: 575; task: 23; robot: 10; pos: (-12, 5); time: 85.1446
event: battery_consumption; timestamp: 575; robot: 10; time: 85.1446; initial_level: 200; final_level: 190.539
event: task_resolution; timestamp: 660.145; task: 23; pos: (-12, 5); status: COMPLETED; attempt: 1
event: battery_consumption; timestamp: 660.145; robot: 10; time: 19.105; initial_level: 190.539; final_level: 190.539
event: navigation; timestamp: 660.145; robot: 10; time: 19.105; src: (-12, 5); dst: (2, 18)
event: task_resolution; timestamp: 673.932; task: 11; pos: (-5, 19); status: FAILED; attempt: 1
event: task_execution; timestamp: 604; task: 34; robot: 5; pos: (-32, -5); time: 102.109
event: battery_consumption; timestamp: 604; robot: 5; time: 102.109; initial_level: 178.229; final_level: 155.538
event: task_execution; timestamp: 604; task: 34; robot: 6; pos: (-32, -5); time: 102.109
event: battery_consumption; timestamp: 604; robot: 6; time: 102.109; initial_level: 137.447; final_level: 114.757
event: task_resolution; timestamp: 706.109; task: 34; pos: (-32, -5); status: COMPLETED; attempt: 1
event: battery_consumption; timestamp: 706.109; robot: 5; time: 3; initial_level: 155.538; final_level: 155.538
event: navigation; timestamp: 706.109; robot: 5; time: 3; src: (-32, -5); dst: (-35, -5)
event: battery_consumption; timestamp: 706.109; robot: 6; time: 3; initial_level: 114.757; final_level: 114.757
event: navigation; timestamp: 706.109; robot: 6; time: 3; src: (-32, -5); dst: (-35, -5)
event: task_execution; timestamp: 660.162; task: 9; robot: 9; pos: (-2, 20); time: 80.8662
event: battery_consumption; timestamp: 660.162; robot: 9; time: 80.8662; initial_level: 179.735; final_level: 170.75
event: task_resolution; timestamp: 741.029; task: 9; pos: (-2, 20); status: FAILED; attempt: 1
event: battery_consumption; timestamp: 741.029; robot: 9; time: 7; initial_level: 170.75; final_level: 170.75
event: navigation; timestamp: 741.029; robot: 9; time: 7; src: (-2, 20); dst: (5, 20)
event: task_execution; timestamp: 671; task: 66; robot: 1; pos: (7, -15); time: 77.0359
event: battery_consumption; timestamp: 671; robot: 1; time: 77.0359; initial_level: 189.066; final_level: 180.506
event: task_resolution; timestamp: 748.036; task: 66; pos: (7, -15); status: COMPLETED; attempt: 1
event: battery_consumption; timestamp: 748.036; robot: 1; time: 5.09902; initial_level: 180.506; final_level: 180.506
event: navigation; timestamp: 748.036; robot: 1; time: 5.09902; src: (7, -15); dst: (8, -20)
event: task_execution; timestamp: 661; task: 61; robot: 8; pos: (10, -20); time: 87.1203
event: battery_consumption; timestamp: 661; robot: 8; time: 87.1203; initial_level: 141.885; final_level: 132.205
event: task_resolution; timestamp: 748.12; task: 61; pos: (10, -20); status: COMPLETED; attempt: 1
event: battery_consumption; timestamp: 748.12; robot: 8; time: 5; initial_level: 132.205; final_level: 132.205
event: navigation; timestamp: 748.12; robot: 8; time: 5; src: (10, -20); dst: (5, -20)
event: task_execution; timestamp: 668; task: 22; robot: 3; pos: (-12, 2); time: 90.6705
event: battery_consumption; timestamp: 668; robot: 3; time: 90.6705; initial_level: 200; final_level: 179.851
event: task_resolution; timestamp: 758.671; task: 22; pos: (-12, 2); status: FAILED; attempt: 1
event: battery_consumption; timestamp: 758.671; robot: 3; time: 17; initial_level: 179.851; final_level: 179.851
event: navigation; timestamp: 758.671; robot: 3; time: 17; src: (-12, 2); dst: (-12, -15)
event: task_execution; timestamp: 662; task: 6; robot: 2; pos: (0, 19); time: 104.504
event: battery_consumption; timestamp: 662; robot: 2; time: 104.504; initial_level: 162.436; final_level: 139.213
event: task_resolution; timestamp: 766.504; task: 6; pos: (0, 19); status: FAILED; attempt: 1
event: battery_consumption; timestamp: 766.504; robot: 2; time: 5.09902; initial_level: 139.213; final_level: 139.213
event: navigation; timestamp: 766.504; robot: 2; time: 5.09902; src: (0, 19); dst: (5, 18)
event: task_execution; timestamp: 679.25; task: 4; robot: 10; pos: (2, 18); time: 94.8955
event: battery_consumption; timestamp: 679.25; robot: 10; time: 94.8955; initial_level: 190.539; final_level: 179.996
event: task_resolution; timestamp: 774.145; task: 4; pos: (2, 18); status: FAILED; attempt: 1
event: battery_consumption; timestamp: 774.145; robot: 10; time: 4.24264; initial_level: 179.996; final_level: 179.996
event: navigation; timestamp: 774.145; robot: 10; time: 4.24264; src: (2, 18); dst: (5, 15)
event: task_execution; timestamp: 709.109; task: 36; robot: 5; pos: (-35, -5); time: 81.3389
event: battery_consumption; timestamp: 709.109; robot: 5; time: 81.3389; initial_level: 155.538; final_level: 146.501
event: task_execution; timestamp: 709.109; task: 36; robot: 6; pos: (-35, -5); time: 81.3389
event: battery_consumption; timestamp: 709.109; robot: 6; time: 81.3389; initial_level: 114.757; final_level: 105.719
event: task_resolution; timestamp: 790.448; task: 36; pos: (-35, -5); status: FAILED; attempt: 1
event: battery_consumption; timestamp: 790.448; robot: 5; time: 22.3607; initial_level: 146.501; final_level: 146.501
event: navigation; timestamp: 790.448; robot: 5; time: 22.3607; src: (-35, -5); dst: (-15, -15)
event: battery_consumption; timestamp: 790.448; robot: 6; time: 22.3607; initial_level: 105.719; final_level: 105.719
event: navigation; timestamp: 790.448; robot: 6; time: 22.3607; src: (-35, -5); dst: (-15, -15)
event: task_execution; timestamp: 760; task: 21; robot: 4; pos: (-10, 2); time: 80.6881
event: battery_consumption; timestamp: 760; robot: 4; time: 80.6881; initial_level: 200; final_level: 182.069
event: task_resolution; timestamp: 840.688; task: 21; pos: (-10, 2); status: COMPLETED; attempt: 1
event: battery_consumption; timestamp: 840.688; robot: 4; time: 17; initial_level: 182.069; final_level: 182.069
event: navigation; timestamp: 840.688; robot: 4; time: 17; src: (-10, 2); dst: (-10, -15)
event: battery_consumption; timestamp: 843; robot: 1; time: 18.0278; initial_level: 180.506; final_level: 180.506
event: navigation; timestamp: 843; robot: 1; time: 18.0278; src: (8, -20); dst: (-2, -35)
event: task_execution; timestamp: 763; task: 69; robot: 7; pos: (5, -15); time: 81.2133
event: battery_consumption; timestamp: 763; robot: 7; time: 81.2133; initial_level: 188.635; final_level: 179.611
event: task_resolution; timestamp: 844.213; task: 69; pos: (5, -15); status: COMPLETED; attempt: 1
event: battery_consumption; timestamp: 844.213; robot: 7; time: 19.2354; initial_level: 179.611; final_level: 179.611
event: navigation; timestamp: 844.213; robot: 7; time: 19.2354; src: (5, -15); dst: (-14, -18)
event: task_resolution; timestamp: 854.692; task: 64; pos: (8, -20); status: COMPLETED; attempt: 1
event: task_execution; timestamp: 748.029; task: 2; robot: 9; pos: (5, 20); time: 107.004
event: battery_consumption; timestamp: 748.029; robot: 9; time: 107.004; initial_level: 170.75; final_level: 135.082
event: task_resolution; timestamp: 855.033; task: 2; pos: (5, 20); status: FAILED; attempt: 1
event: battery_consumption; timestamp: 855.033; robot: 9; time: 5; initial_level: 135.082; final_level: 135.082
event: navigation; timestamp: 855.033; robot: 9; time: 5; src: (5, 20); dst: (5, 15)
event: task_execution; timestamp: 753.12; task: 68; robot: 8; pos: (5, -20); time: 103.746
event: battery_consumption; timestamp: 753.12; robot: 8; time: 103.746; initial_level: 132.205; final_level: 120.678
event: task_resolution; timestamp: 856.866; task: 68; pos: (5, -20); status: COMPLETED; attempt: 1
event: battery_consumption; timestamp: 856.866; robot: 8; time: 16.5529; initial_level: 120.678; final_level: 120.678
event: navigation; timestamp: 856.866; robot: 8; time: 16.5529; src: (5, -20); dst: (-2, -35)
event: task_execution; timestamp: 771.603; task: 1; robot: 2; pos: (5, 18); time: 94.3173
event: battery_consumption; timestamp: 771.603; robot: 2; time: 94.3173; initial_level: 139.213; final_level: 128.734
event: task_resolution; timestamp: 865.92; task: 1; pos: (5, 18); status: FAILED; attempt: 1
event: battery_consumption; timestamp: 865.92; robot: 2; time: 15.6205; initial_level: 128.734; final_level: 128.734
event: navigation; timestamp: 865.92; robot: 2; time: 15.6205; src: (5, 18); dst: (15, 30)
event: task_execution; timestamp: 775.671; task: 49; robot: 3; pos: (-12, -15); time: 93.1679
event: battery_consumption; timestamp: 775.671; robot: 3; time: 93.1679; initial_level: 179.851; final_level: 169.499
event: task_resolution; timestamp: 868.838; task: 49; pos: (-12, -15); status: COMPLETED; attempt: 1
event: battery_consumption; timestamp: 868.838; robot: 3; time: 5.83095; initial_level: 169.499; final_level: 169.499
event: navigation; timestamp: 868.838; robot: 3; time: 5.83095; src: (-12, -15); dst: (-15, -20)
event: battery_consumption; timestamp: 876; robot: 8; time: 19.8494; initial_level: 120.678; final_level: 120.678
event: navigation; timestamp: 876; robot: 8; time: 19.8494; src: (-2, -35); dst: (-15, -20)
event: battery_consumption; timestamp: 876; robot: 1; time: 48.0521; initial_level: 180.506; final_level: 180.506
event: navigation; timestamp: 876; robot: 1; time: 48.0521; src: (-2, -35); dst: (45, -25)
event: task_execution; timestamp: 812.808; task: 52; robot: 5; pos: (-15, -15); time: 96.3845
event: battery_consumption; timestamp: 812.808; robot: 5; time: 96.3845; initial_level: 146.501; final_level: 135.791
event: task_execution; timestamp: 812.808; task: 52; robot: 6; pos: (-15, -15); time: 96.3845
event: battery_consumption; timestamp: 812.808; robot: 6; time: 96.3845; initial_level: 105.719; final_level: 95.0095
event: task_resolution; timestamp: 909.193; task: 52; pos: (-15, -15); status: COMPLETED; attempt: 1
event: battery_consumption; timestamp: 909.193; robot: 5; time: 43.0116; initial_level: 135.791; final_level: 135.791
event: navigation; timestamp: 909.193; robot: 5; time: 43.0116; src: (-15, -15); dst: (20, 10)
event: battery_consumption; timestamp: 909.193; robot: 6; time: 43.0116; initial_level: 95.0095; final_level: 95.0095
event: navigation; timestamp: 909.193; robot: 6; time: 43.0116; src: (-15, -15); dst: (20, 10)
event: battery_consumption; timestamp: 936; robot: 3; time: 47.2017; initial_level: 169.499; final_level: 169.499
event: navigation; timestamp: 936; robot: 3; time: 47.2017; src: (-15, -20); dst: (23, 8)
event: battery_consumption; timestamp: 936; robot: 8; time: 58.3095; initial_level: 120.678; final_level: 120.678
event: navigation; timestamp: 936; robot: 8; time: 58.3095; src: (-15, -20); dst: (15, 30)
event: task_execution; timestamp: 860.033; task: 75; robot: 9; pos: (5, 15); time: 77.8245
event: battery_consumption; timestamp: 860.033; robot: 9; time: 77.8245; initial_level: 135.082; final_level: 117.788
event: task_execution; timestamp: 860.033; task: 75; robot: 10; pos: (5, 15); time: 77.8245
event: battery_consumption; timestamp: 860.033; robot: 10; time: 77.8245; initial_level: 179.996; final_level: 162.701
event: task_resolution; timestamp: 937.857; task: 75; pos: (5, 15); status: COMPLETED; attempt: 1
event: battery_consumption; timestamp: 937.857; robot: 10; time: 18.0278; initial_level: 162.701; final_level: 162.701
event: navigation; timestamp: 937.857; robot: 10; time: 18.0278; src: (5, 15); dst: (15, 30)
event: battery_consumption; timestamp: 937.857; robot: 9; time: 56.5685; initial_level: 117.788; final_level: 117.788
event: navigation; timestamp: 937.857; robot: 9; time: 56.5685; src: (5, 15); dst: (45, -25)
event: task_execution; timestamp: 857.688; task: 47; robot: 4; pos: (-10, -15); time: 82.3995
event: battery_consumption; timestamp: 857.688; robot: 4; time: 82.3995; initial_level: 182.069; final_level: 172.914
event: task_resolution; timestamp: 940.088; task: 47; pos: (-10, -15); status: FAILED; attempt: 1
event: battery_consumption; timestamp: 940.088; robot: 4; time: 55.9017; initial_level: 172.914; final_level: 172.914
event: navigation; timestamp: 940.088; robot: 4; time: 55.9017; src: (-10, -15); dst: (45, -25)
event: task_execution; timestamp: 863.449; task: 50; robot: 7; pos: (-14, -18); time: 90.7248
event: battery_consumption; timestamp: 863.449; robot: 7; time: 90.7248; initial_level: 179.611; final_level: 169.53
event: task_resolution; timestamp: 954.174; task: 50; pos: (-14, -18); status: FAILED; attempt: 1
event: battery_consumption; timestamp: 954.174; robot: 7; time: 22.8035; initial_level: 169.53; final_level: 169.53
event: navigation; timestamp: 954.174; robot: 7; time: 22.8035; src: (-14, -18); dst: (0, 0)
event: robot_finished; timestamp: 976.977; robot: 7; pos: (0, 0); battery: 169.53
event: task_resolution; timestamp: 972.602; task: 51; pos: (-15, -20); status: COMPLETED; attempt: 1
event: battery_consumption; timestamp: 1043; robot: 6; time: 22.3607; initial_level: 95.0095; final_level: 95.0095
event: navigation; timestamp: 1043; robot: 6; time: 22.3607; src: (20, 10); dst: (0, 0)
event: robot_finished; timestamp: 1065.36; robot: 6; pos: (0, 0); battery: 95.0095
event: battery_consumption; timestamp: 1043; robot: 5; time: 22.3607; initial_level: 135.791; final_level: 135.791
event: navigation; timestamp: 1043; robot: 5; time: 22.3607; src: (20, 10); dst: (0, 0)
event: robot_finished; timestamp: 1065.36; robot: 5; pos: (0, 0); battery: 135.791
event: task_resolution; timestamp: 1053.83; task: 91; pos: (20, 10); status: COMPLETED; attempt: 1
event: task_execution; timestamp: 983.202; task: 89; robot: 3; pos: (23, 8); time: 89.5859
event: battery_consumption; timestamp: 983.202; robot: 3; time: 89.5859; initial_level: 169.499; final_level: 159.545
event: task_resolution; timestamp: 1072.79; task: 89; pos: (23, 8); status: COMPLETED; attempt: 1
event: battery_consumption; timestamp: 1072.79; robot: 3; time: 24.3516; initial_level: 159.545; final_level: 159.545
event: navigation; timestamp: 1072.79; robot: 3; time: 24.3516; src: (23, 8); dst: (0, 0)
event: robot_finished; timestamp: 1097.14; robot: 3; pos: (0, 0); battery: 159.545
event: task_execution; timestamp: 995.989; task: 80; robot: 1; pos: (45, -25); time: 91.1039
event: battery_consumption; timestamp: 995.989; robot: 1; time: 91.1039; initial_level: 180.506; final_level: 170.384
event: task_execution; timestamp: 995.989; task: 80; robot: 4; pos: (45, -25); time: 91.1039
event: battery_consumption; timestamp: 995.989; robot: 4; time: 91.1039; initial_level: 172.914; final_level: 162.791
event: task_execution; timestamp: 995.989; task: 80; robot: 9; pos: (45, -25); time: 91.1039
event: battery_consumption; timestamp: 995.989; robot: 9; time: 91.1039; initial_level: 117.788; final_level: 107.665
event: task_resolution; timestamp: 1087.09; task: 80; pos: (45, -25); status: COMPLETED; attempt: 1
event: battery_consumption; timestamp: 1087.09; robot: 1; time: 51.4782; initial_level: 170.384; final_level: 170.384
event: navigation; timestamp: 1087.09; robot: 1; time: 51.4782; src: (45, -25); dst: (0, 0)
event: robot_finished; timestamp: 1138.57; robot: 1; pos: (0, 0); battery: 170.384
event: battery_consumption; timestamp: 1087.09; robot: 4; time: 51.4782; initial_level: 162.791; final_level: 162.791
event: navigation; timestamp: 1087.09; robot: 4; time: 51.4782; src: (45, -25); dst: (0, 0)
event: robot_finished; timestamp: 1138.57; robot: 4; pos: (0, 0); battery: 162.791
event: battery_consumption; timestamp: 1087.09; robot: 9; time: 51.4782; initial_level: 107.665; final_level: 107.665
event: navigation; timestamp: 1087.09; robot: 9; time: 51.4782; src: (45, -25); dst: (0, 0)
event: robot_finished; timestamp: 1138.57; robot: 9; pos: (0, 0); battery: 107.665
event: task_execution; timestamp: 994.31; task: 99; robot: 2; pos: (15, 30); time: 100.263
event: battery_consumption; timestamp: 994.31; robot: 2; time: 100.263; initial_level: 128.734; final_level: 117.593
event: task_execution; timestamp: 994.31; task: 99; robot: 8; pos: (15, 30); time: 100.263
event: battery_consumption; timestamp: 994.31; robot: 8; time: 100.263; initial_level: 120.678; final_level: 109.537
event: task_execution; timestamp: 994.31; task: 99; robot: 10; pos: (15, 30); time: 100.263
event: battery_consumption; timestamp: 994.31; robot: 10; time: 100.263; initial_level: 162.701; final_level: 151.561
event: task_resolution; timestamp: 1094.57; task: 99; pos: (15, 30); status: COMPLETED; attempt: 1
event: battery_consumption; timestamp: 1094.57; robot: 8; time: 33.541; initial_level: 109.537; final_level: 109.537
event: navigation; timestamp: 1094.57; robot: 8; time: 33.541; src: (15, 30); dst: (0, 0)
event: robot_finished; timestamp: 1128.11; robot: 8; pos: (0, 0); battery: 109.537
event: battery_consumption; timestamp: 1094.57; robot: 2; time: 33.541; initial_level: 117.593; final_level: 117.593
event: navigation; timestamp: 1094.57; robot: 2; time: 33.541; src: (15, 30); dst: (0, 0)
event: robot_finished; timestamp: 1128.11; robot: 2; pos: (0, 0); battery: 117.593
event: battery_consumption; timestamp: 1094.57; robot: 10; time: 33.541; initial_level: 151.561; final_level: 151.561
event: navigation; timestamp: 1094.57; robot: 10; time: 33.541; src: (15, 30); dst: (0, 0)
event: robot_finished; timestamp: 1128.11; robot: 10; pos: (0, 0); battery: 151.561
metric: available_agents; value: 0
metric: failed_agents; value: 0
metric: finished_agents; value: 10
metric: completed_tasks; value: 19
metric: pending_tasks; value: 0
metric: failed_tasks; value: 81
metric: average_robot_makespan; value: 1100.49
metric: sd_robot_makespan; value: 52.0413
metric: max_robot_makespan; value: 1138.57
metric: min_robot_makespan; value: 976.977
metric: average_robot_travel_distance; value: 120.059
metric: sd_robot_travel_distance; value: 31.876
metric: max_robot_travel_distance; value: 163.395
metric: min_robot_travel_distance; value: 60.6761
metric: sum_robot_travel_distance; value: 1200.59
metric: average_completed_tasks_by_robot; value: 0
metric: sd_completed_tasks_by_robot; value: 0
metric: max_completed_tasks_by_robot; value: 0
metric: min_completed_tasks_by_robot; value: 0
metric: final_reward; value: 0.19
metric: computing_time; value: 0.00570703
