info: solver_name; value: greedy
info: reward_function; value: reward00
info: replica; value: 1
info: filename; value: ../logs/prueba/c202_10r_100t_cdb2cd8a_greedy_reward00_001.log
info: scenario_name; value: c202_10r_100t_cdb2cd8a
info: scenario_name; value: c202_10r_100t_cdb2cd8a
info: number_of_tasks; value: 100
info: number_of_robots; value: 10
info: number_of_recharging_stations; value: 1
info: scenario_size; value: (132,132)
event: recharging_station_spawn; timestamp: 0; recharging_station: 1; pos: (0, 0)
event: task_spawn; timestamp: 0; task: 1; pos: (12, 25); earliest_start: 0; latest_start: 3272; state: PENDING; required_workers: 1; success_prob: 0.2; max_attempts: 1
event: task_spawn; timestamp: 0; task: 2; pos: (5, 20); earliest_start: 0; latest_start: 3279; state: PENDING; required_workers: 1; success_prob: 0.2; max_attempts: 1
event: task_spawn; timestamp: 0; task: 3; pos: (22, 19); earliest_start: 0; latest_start: 3270; state: PENDING; required_workers: 1; success_prob: 0.2; max_attempts: 1
event: task_spawn; timestamp: 0; task: 4; pos: (20, 16); earliest_start: 1261; latest_start: 1421; state: PENDING; required_workers: 1; success_prob: 0.2; max_attempts: 1
event: task_spawn; timestamp: 0; task: 5; pos: (2, 15); earliest_start: 0; latest_start: 3284; state: PENDING; required_workers: 1; success_prob: 0.2; max_attempts: 1
event: task_spawn; timestamp: 0; task: 6; pos: (-24, -8); earliest_start: 497; latest_start: 657; state: PENDING; required_workers: 1; success_prob: 0.2; max_attempts: 1
event: task_spawn; timestamp: 0; task: 7; pos: (18, 20); earliest_start: 0; latest_start: 3273; state: PENDING; required_workers: 1; success_prob: 0.2; max_attempts: 1
event: task_spawn; timestamp: 0; task: 8; pos: (-6, 10); earliest_start: 2887; latest_start: 3047; state: PENDING; required_workers: 1; success_prob: 0.2; max_attempts: 1
event: task_spawn; timestamp: 0; task: 9; pos: (-12, 20); earliest_start: 2601; latest_start: 2761; state: PENDING; required_workers: 1; success_prob: 0.2; max_attempts: 1
event: task_spawn; timestamp: 0; task: 10; pos: (-5, 16); earliest_start: 2791; latest_start: 2951; state: PENDING; required_workers: 1; success_prob: 0.2; max_attempts: 1
event: task_spawn; timestamp: 0; task: 11; pos: (-5, 19); earliest_start: 2698; latest_start: 2858; state: PENDING; required_workers: 2; success_prob: 0.2; max_attempts: 1
event: task_spawn; timestamp: 0; task: 12; pos: (-15, 35); earliest_start: 0; latest_start: 3261; state: PENDING; required_workers: 2; success_prob: 0.2; max_attempts: 1
event: task_spawn; timestamp: 0; task: 13; pos: (-18, 25); earliest_start: 2405; latest_start: 2565; state: PENDING; required_workers: 2; success_prob: 0.2; max_attempts: 1
event: task_spawn; timestamp: 0; task: 14; pos: (-18, 35); earliest_start: 2026; latest_start: 2186; state: PENDING; required_workers: 2; success_prob: 0.2; max_attempts: 1
event: task_spawn; timestamp: 0; task: 15; pos: (-20, 30); earliest_start: 2216; latest_start: 2376; state: PENDING; required_workers: 2; success_prob: 0.2; max_attempts: 1
event: task_spawn; timestamp: 0; task: 16; pos: (-20, 35); earliest_start: 1934; latest_start: 2094; state: PENDING; required_workers: 2; success_prob: 0.2; max_attempts: 1
event: task_spawn; timestamp: 0; task: 17; pos: (-22, 25); earliest_start: 2311; latest_start: 2471; state: PENDING; required_workers: 3; success_prob: 0.2; max_attempts: 1
event: task_spawn; timestamp: 0; task: 18; pos: (-25, 25); earliest_start: 1742; latest_start: 1902; state: PENDING; required_workers: 3; success_prob: 0.2; max_attempts: 1
event: task_spawn; timestamp: 0; task: 19; pos: (-25, 30); earliest_start: 1837; latest_start: 1997; state: PENDING; required_workers: 3; success_prob: 0.2; max_attempts: 1
event: task_spawn; timestamp: 0; task: 20; pos: (-10, 0); earliest_start: 10; latest_start: 170; state: PENDING; required_workers: 3; success_prob: 0.2; max_attempts: 1
event: task_spawn; timestamp: 0; task: 21; pos: (-10, 6); earliest_start: 0; latest_start: 3288; state: PENDING; required_workers: 1; success_prob: 0.4; max_attempts: 1
event: task_spawn; timestamp: 0; task: 22; pos: (-12, 2); earliest_start: 22; latest_start: 182; state: PENDING; required_workers: 1; success_prob: 0.4; max_attempts: 1
event: task_spawn; timestamp: 0; task: 23; pos: (-26, 16); earliest_start: 1643; latest_start: 1803; state: PENDING; required_workers: 1; success_prob: 0.4; max_attempts: 1
event: task_spawn; timestamp: 0; task: 24; pos: (-15, 0); earliest_start: 116; latest_start: 276; state: PENDING; required_workers: 1; success_prob: 0.4; max_attempts: 1
event: task_spawn; timestamp: 0; task: 25; pos: (-18, 16); earliest_start: 2504; latest_start: 2664; state: PENDING; required_workers: 1; success_prob: 0.4; max_attempts: 1
event: task_spawn; timestamp: 0; task: 26; pos: (-32, 12); earliest_start: 0; latest_start: 3265; state: PENDING; required_workers: 1; success_prob: 0.4; max_attempts: 1
event: task_spawn; timestamp: 0; task: 27; pos: (-17, 2); earliest_start: 209; latest_start: 369; state: PENDING; required_workers: 1; success_prob: 0.4; max_attempts: 1
event: task_spawn; timestamp: 0; task: 28; pos: (-36, 5); earliest_start: 1447; latest_start: 1607; state: PENDING; required_workers: 1; success_prob: 0.4; max_attempts: 1
event: task_spawn; timestamp: 0; task: 29; pos: (-20, 0); earliest_start: 398; latest_start: 558; state: PENDING; required_workers: 1; success_prob: 0.4; max_attempts: 1
event: task_spawn; timestamp: 0; task: 30; pos: (-20, 5); earliest_start: 303; latest_start: 463; state: PENDING; required_workers: 1; success_prob: 0.4; max_attempts: 1
event: task_spawn; timestamp: 0; task: 31; pos: (-30, -15); earliest_start: 0; latest_start: 3266; state: PENDING; required_workers: 2; success_prob: 0.4; max_attempts: 1
event: task_spawn; timestamp: 0; task: 32; pos: (-30, -10); earliest_start: 593; latest_start: 753; state: PENDING; required_workers: 2; success_prob: 0.4; max_attempts: 1
event: task_spawn; timestamp: 0; task: 33; pos: (-32, -10); earliest_start: 685; latest_start: 845; state: PENDING; required_workers: 2; success_prob: 0.4; max_attempts: 1
event: task_spawn; timestamp: 0; task: 34; pos: (-32, -5); earliest_start: 0; latest_start: 3267; state: PENDING; required_workers: 2; success_prob: 0.4; max_attempts: 1
event: task_spawn; timestamp: 0; task: 35; pos: (-35, -15); earliest_start: 876; latest_start: 1036; state: PENDING; required_workers: 2; success_prob: 0.4; max_attempts: 1
event: task_spawn; timestamp: 0; task: 36; pos: (-35, -5); earliest_start: 1253; latest_start: 1413; state: PENDING; required_workers: 2; success_prob: 0.4; max_attempts: 1
event: task_spawn; timestamp: 0; task: 37; pos: (-38, -10); earliest_start: 0; latest_start: 3260; state: PENDING; required_workers: 3; success_prob: 0.4; max_attempts: 1
event: task_spawn; timestamp: 0; task: 38; pos: (-40, -10); earliest_start: 1063; latest_start: 1223; state: PENDING; required_workers: 3; success_prob: 0.4; max_attempts: 1
event: task_spawn; timestamp: 0; task: 39; pos: (-40, -5); earliest_start: 1158; latest_start: 1318; state: PENDING; required_workers: 3; success_prob: 0.4; max_attempts: 1
event: task_spawn; timestamp: 0; task: 40; pos: (-4, -32); earliest_start: 1819; latest_start: 1979; state: PENDING; required_workers: 3; success_prob: 0.4; max_attempts: 1
event: task_spawn; timestamp: 0; task: 41; pos: (-5, -18); earliest_start: 2758; latest_start: 2918; state: PENDING; required_workers: 1; success_prob: 0.6; max_attempts: 1
event: task_spawn; timestamp: 0; task: 42; pos: (-7, -18); earliest_start: 2666; latest_start: 2826; state: PENDING; required_workers: 1; success_prob: 0.6; max_attempts: 1
event: task_spawn; timestamp: 0; task: 43; pos: (-7, -15); earliest_start: 2573; latest_start: 2733; state: PENDING; required_workers: 1; success_prob: 0.6; max_attempts: 1
event: task_spawn; timestamp: 0; task: 44; pos: (-8, -30); earliest_start: 1913; latest_start: 2073; state: PENDING; required_workers: 1; success_prob: 0.6; max_attempts: 1
event: task_spawn; timestamp: 0; task: 45; pos: (-10, -20); earliest_start: 2105; latest_start: 2265; state: PENDING; required_workers: 1; success_prob: 0.6; max_attempts: 1
event: task_spawn; timestamp: 0; task: 46; pos: (-6, -25); earliest_start: 2009; latest_start: 2169; state: PENDING; required_workers: 1; success_prob: 0.6; max_attempts: 1
event: task_spawn; timestamp: 0; task: 47; pos: (-10, -15); earliest_start: 2480; latest_start: 2640; state: PENDING; required_workers: 1; success_prob: 0.6; max_attempts: 1
event: task_spawn; timestamp: 0; task: 48; pos: (-4, -10); earliest_start: 0; latest_start: 3289; state: PENDING; required_workers: 1; success_prob: 0.6; max_attempts: 1
event: task_spawn; timestamp: 0; task: 49; pos: (8, -30); earliest_start: 967; latest_start: 1127; state: PENDING; required_workers: 1; success_prob: 0.6; max_attempts: 1
event: task_spawn; timestamp: 0; task: 50; pos: (-14, -18); earliest_start: 0; latest_start: 3277; state: PENDING; required_workers: 1; success_prob: 0.6; max_attempts: 1
event: task_spawn; timestamp: 0; task: 51; pos: (-15, -20); earliest_start: 2200; latest_start: 2360; state: PENDING; required_workers: 2; success_prob: 0.6; max_attempts: 1
event: task_spawn; timestamp: 0; task: 52; pos: (-15, -15); earliest_start: 0; latest_start: 3278; state: PENDING; required_workers: 2; success_prob: 0.6; max_attempts: 1
event: task_spawn; timestamp: 0; task: 53; pos: (4, -45); earliest_start: 1256; latest_start: 1416; state: PENDING; required_workers: 2; success_prob: 0.6; max_attempts: 1
event: task_spawn; timestamp: 0; task: 54; pos: (2, -40); earliest_start: 1160; latest_start: 1320; state: PENDING; required_workers: 2; success_prob: 0.6; max_attempts: 1
event: task_spawn; timestamp: 0; task: 55; pos: (2, -35); earliest_start: 1065; latest_start: 1225; state: PENDING; required_workers: 2; success_prob: 0.6; max_attempts: 1
event: task_spawn; timestamp: 0; task: 56; pos: (0, -45); earliest_start: 1350; latest_start: 1510; state: PENDING; required_workers: 2; success_prob: 0.6; max_attempts: 1
event: task_spawn; timestamp: 0; task: 57; pos: (-2, -35); earliest_start: 1725; latest_start: 1885; state: PENDING; required_workers: 3; success_prob: 0.6; max_attempts: 1
event: task_spawn; timestamp: 0; task: 58; pos: (-2, -45); earliest_start: 1442; latest_start: 1602; state: PENDING; required_workers: 3; success_prob: 0.6; max_attempts: 1
event: task_spawn; timestamp: 0; task: 59; pos: (-2, -40); earliest_start: 0; latest_start: 3259; state: PENDING; required_workers: 3; success_prob: 0.6; max_attempts: 1
event: task_spawn; timestamp: 0; task: 60; pos: (-5, -45); earliest_start: 1535; latest_start: 1695; state: PENDING; required_workers: 3; success_prob: 0.6; max_attempts: 1
event: task_spawn; timestamp: 0; task: 61; pos: (10, -20); earliest_start: 401; latest_start: 561; state: PENDING; required_workers: 1; success_prob: 0.8; max_attempts: 1
event: task_spawn; timestamp: 0; task: 62; pos: (10, -15); earliest_start: 120; latest_start: 280; state: PENDING; required_workers: 1; success_prob: 0.8; max_attempts: 1
event: task_spawn; timestamp: 0; task: 63; pos: (10, -10); earliest_start: 25; latest_start: 185; state: PENDING; required_workers: 1; success_prob: 0.8; max_attempts: 1
event: task_spawn; timestamp: 0; task: 64; pos: (8, -20); earliest_start: 493; latest_start: 653; state: PENDING; required_workers: 1; success_prob: 0.8; max_attempts: 1
event: task_spawn; timestamp: 0; task: 65; pos: (4, -25); earliest_start: 871; latest_start: 1031; state: PENDING; required_workers: 1; success_prob: 0.8; max_attempts: 1
event: task_spawn; timestamp: 0; task: 66; pos: (7, -15); earliest_start: 588; latest_start: 748; state: PENDING; required_workers: 1; success_prob: 0.8; max_attempts: 1
event: task_spawn; timestamp: 0; task: 67; pos: (7, -10); earliest_start: 12; latest_start: 172; state: PENDING; required_workers: 1; success_prob: 0.8; max_attempts: 1
event: task_spawn; timestamp: 0; task: 68; pos: (2, -20); earliest_start: 776; latest_start: 936; state: PENDING; required_workers: 1; success_prob: 0.8; max_attempts: 1
event: task_spawn; timestamp: 0; task: 69; pos: (5, -15); earliest_start: 680; latest_start: 840; state: PENDING; required_workers: 1; success_prob: 0.8; max_attempts: 1
event: task_spawn; timestamp: 0; task: 70; pos: (55, -20); earliest_start: 2321; latest_start: 2481; state: PENDING; required_workers: 1; success_prob: 0.8; max_attempts: 1
event: task_spawn; timestamp: 0; task: 71; pos: (55, -15); earliest_start: 2226; latest_start: 2386; state: PENDING; required_workers: 2; success_prob: 0.8; max_attempts: 1
event: task_spawn; timestamp: 0; task: 72; pos: (13, -20); earliest_start: 0; latest_start: 3276; state: PENDING; required_workers: 2; success_prob: 0.8; max_attempts: 1
event: task_spawn; timestamp: 0; task: 73; pos: (52, -20); earliest_start: 2414; latest_start: 2574; state: PENDING; required_workers: 2; success_prob: 0.8; max_attempts: 1
event: task_spawn; timestamp: 0; task: 74; pos: (13, -15); earliest_start: 213; latest_start: 373; state: PENDING; required_workers: 2; success_prob: 0.8; max_attempts: 1
event: task_spawn; timestamp: 0; task: 75; pos: (5, 15); earliest_start: 0; latest_start: 3284; state: PENDING; required_workers: 2; success_prob: 0.8; max_attempts: 1
event: task_spawn; timestamp: 0; task: 76; pos: (50, -15); earliest_start: 2131; latest_start: 2291; state: PENDING; required_workers: 2; success_prob: 0.8; max_attempts: 1
event: task_spawn; timestamp: 0; task: 77; pos: (32, -5); earliest_start: 2900; latest_start: 3060; state: PENDING; required_workers: 3; success_prob: 0.8; max_attempts: 1
event: task_spawn; timestamp: 0; task: 78; pos: (38, -10); earliest_start: 2802; latest_start: 2962; state: PENDING; required_workers: 3; success_prob: 0.8; max_attempts: 1
event: task_spawn; timestamp: 0; task: 79; pos: (47, -20); earliest_start: 2608; latest_start: 2768; state: PENDING; required_workers: 3; success_prob: 0.8; max_attempts: 1
event: task_spawn; timestamp: 0; task: 80; pos: (45, -25); earliest_start: 2513; latest_start: 2673; state: PENDING; required_workers: 3; success_prob: 0.8; max_attempts: 1
event: task_spawn; timestamp: 0; task: 81; pos: (45, -15); earliest_start: 2703; latest_start: 2863; state: PENDING; required_workers: 1; success_prob: 1; max_attempts: 1
event: task_spawn; timestamp: 0; task: 82; pos: (35, 5); earliest_start: 0; latest_start: 3264; state: PENDING; required_workers: 1; success_prob: 1; max_attempts: 1
event: task_spawn; timestamp: 0; task: 83; pos: (32, 5); earliest_start: 0; latest_start: 3267; state: PENDING; required_workers: 1; success_prob: 1; max_attempts: 1
event: task_spawn; timestamp: 0; task: 84; pos: (30, 8); earliest_start: 1641; latest_start: 1801; state: PENDING; required_workers: 1; success_prob: 1; max_attempts: 1
event: task_spawn; timestamp: 0; task: 85; pos: (46, -4); earliest_start: 0; latest_start: 3253; state: PENDING; required_workers: 1; success_prob: 1; max_attempts: 1
event: task_spawn; timestamp: 0; task: 86; pos: (26, 5); earliest_start: 1736; latest_start: 1896; state: PENDING; required_workers: 1; success_prob: 1; max_attempts: 1
event: task_spawn; timestamp: 0; task: 87; pos: (24, -4); earliest_start: 3097; latest_start: 3257; state: PENDING; required_workers: 1; success_prob: 1; max_attempts: 1
event: task_spawn; timestamp: 0; task: 88; pos: (25, 10); earliest_start: 1546; latest_start: 1706; state: PENDING; required_workers: 1; success_prob: 1; max_attempts: 1
event: task_spawn; timestamp: 0; task: 89; pos: (16, 14); earliest_start: 1355; latest_start: 1515; state: PENDING; required_workers: 1; success_prob: 1; max_attempts: 1
event: task_spawn; timestamp: 0; task: 90; pos: (20, 5); earliest_start: 3119; latest_start: 3279; state: PENDING; required_workers: 1; success_prob: 1; max_attempts: 1
event: task_spawn; timestamp: 0; task: 91; pos: (20, 10); earliest_start: 0; latest_start: 3277; state: PENDING; required_workers: 2; success_prob: 1; max_attempts: 1
event: task_spawn; timestamp: 0; task: 92; pos: (27, 35); earliest_start: 694; latest_start: 854; state: PENDING; required_workers: 2; success_prob: 1; max_attempts: 1
event: task_spawn; timestamp: 0; task: 93; pos: (2, 8); earliest_start: 8; latest_start: 168; state: PENDING; required_workers: 2; success_prob: 1; max_attempts: 1
event: task_spawn; timestamp: 0; task: 94; pos: (25, 32); earliest_start: 0; latest_start: 3259; state: PENDING; required_workers: 2; success_prob: 1; max_attempts: 1
event: task_spawn; timestamp: 0; task: 95; pos: (22, 30); earliest_start: 0; latest_start: 3262; state: PENDING; required_workers: 2; success_prob: 1; max_attempts: 1
event: task_spawn; timestamp: 0; task: 96; pos: (22, -10); earliest_start: 0; latest_start: 3275; state: PENDING; required_workers: 2; success_prob: 1; max_attempts: 1
event: task_spawn; timestamp: 0; task: 97; pos: (20, 35); earliest_start: 597; latest_start: 757; state: PENDING; required_workers: 3; success_prob: 1; max_attempts: 1
event: task_spawn; timestamp: 0; task: 98; pos: (18, 25); earliest_start: 0; latest_start: 3269; state: PENDING; required_workers: 3; success_prob: 1; max_attempts: 1
event: task_spawn; timestamp: 0; task: 99; pos: (15, 30); earliest_start: 407; latest_start: 567; state: PENDING; required_workers: 3; success_prob: 1; max_attempts: 1
event: task_spawn; timestamp: 0; task: 100; pos: (15, 35); earliest_start: 502; latest_start: 662; state: PENDING; required_workers: 3; success_prob: 1; max_attempts: 1
event: robot_spawn; timestamp: 0; robot: 1; pos: (0, 0); state: AVAILABLE; battery_level: 700; battery_capacity: 700; velocity: 1; battery_rate_nav: 0
event: robot_spawn; timestamp: 0; robot: 2; pos: (0, 0); state: AVAILABLE; battery_level: 700; battery_capacity: 700; velocity: 1; battery_rate_nav: 0
event: robot_spawn; timestamp: 0; robot: 3; pos: (0, 0); state: AVAILABLE; battery_level: 700; battery_capacity: 700; velocity: 1; battery_rate_nav: 0
event: robot_spawn; timestamp: 0; robot: 4; pos: (0, 0); state: AVAILABLE; battery_level: 700; battery_capacity: 700; velocity: 1; battery_rate_nav: 0
event: robot_spawn; timestamp: 0; robot: 5; pos: (0, 0); state: AVAILABLE; battery_level: 700; battery_capacity: 700; velocity: 1; battery_rate_nav: 0
event: robot_spawn; timestamp: 0; robot: 6; pos: (0, 0); state: AVAILABLE; battery_level: 700; battery_capacity: 700; velocity: 1; battery_rate_nav: 0
event: robot_spawn; timestamp: 0; robot: 7; pos: (0, 0); state: AVAILABLE; battery_level: 700; battery_capacity: 700; velocity: 1; battery_rate_nav: 0
event: robot_spawn; timestamp: 0; robot: 8; pos: (0, 0); state: AVAILABLE; battery_level: 700; battery_capacity: 700; velocity: 1; battery_rate_nav: 0
event: robot_spawn; timestamp: 0; robot: 9; pos: (0, 0); state: AVAILABLE; battery_level: 700; battery_capacity: 700; velocity: 1; battery_rate_nav: 0
event: robot_spawn; timestamp: 0; robot: 10; pos: (0, 0); state: AVAILABLE; battery_level: 700; battery_capacity: 700; velocity: 1; battery_rate_nav: 0
event: battery_consumption; timestamp: 0; robot: 3; time: 8.24621; initial_level: 700; final_level: 700
event: navigation; timestamp: 0; robot: 3; time: 8.24621; src: (0, 0); dst: (2, 8)
event: battery_consumption; timestamp: 0; robot: 9; time: 8.24621; initial_level: 700; final_level: 700
event: navigation; timestamp: 0; robot: 9; time: 8.24621; src: (0, 0); dst: (2, 8)
event: battery_consumption; timestamp: 0; robot: 7; time: 10; initial_level: 700; final_level: 700
event: navigation; timestamp: 0; robot: 7; time: 10; src: (0, 0); dst: (-10, 0)
event: battery_consumption; timestamp: 0; robot: 1; time: 10; initial_level: 700; final_level: 700
event: navigation; timestamp: 0; robot: 1; time: 10; src: (0, 0); dst: (-10, 0)
event: battery_consumption; timestamp: 0; robot: 8; time: 10; initial_level: 700; final_level: 700
event: navigation; timestamp: 0; robot: 8; time: 10; src: (0, 0); dst: (-10, 0)
event: battery_consumption; timestamp: 0; robot: 10; time: 10.7703; initial_level: 700; final_level: 700
event: navigation; timestamp: 0; robot: 10; time: 10.7703; src: (0, 0); dst: (-4, -10)
event: battery_consumption; timestamp: 0; robot: 2; time: 11.6619; initial_level: 700; final_level: 700
event: navigation; timestamp: 0; robot: 2; time: 11.6619; src: (0, 0); dst: (-6, 10)
event: battery_consumption; timestamp: 0; robot: 5; time: 11.6619; initial_level: 700; final_level: 700
event: navigation; timestamp: 0; robot: 5; time: 11.6619; src: (0, 0); dst: (-10, 6)
event: battery_consumption; timestamp: 0; robot: 4; time: 12.1655; initial_level: 700; final_level: 700
event: navigation; timestamp: 0; robot: 4; time: 12.1655; src: (0, 0); dst: (-12, 2)
event: battery_consumption; timestamp: 0; robot: 6; time: 12.2066; initial_level: 700; final_level: 700
event: navigation; timestamp: 0; robot: 6; time: 12.2066; src: (0, 0); dst: (7, -10)
event: task_execution; timestamp: 10; task: 20; robot: 1; pos: (-10, 0); time: 83.1801
event: battery_consumption; timestamp: 10; robot: 1; time: 83.1801; initial_level: 700; final_level: 690.758
event: task_execution; timestamp: 10; task: 20; robot: 7; pos: (-10, 0); time: 83.1801
event: battery_consumption; timestamp: 10; robot: 7; time: 83.1801; initial_level: 700; final_level: 690.758
event: task_execution; timestamp: 10; task: 20; robot: 8; pos: (-10, 0); time: 83.1801
event: battery_consumption; timestamp: 10; robot: 8; time: 83.1801; initial_level: 700; final_level: 690.758
event: task_resolution; timestamp: 93.1801; task: 20; pos: (-10, 0); status: COMPLETED; attempt: 1
event: battery_consumption; timestamp: 93.1801; robot: 1; time: 5; initial_level: 690.758; final_level: 690.758
event: navigation; timestamp: 93.1801; robot: 1; time: 5; src: (-10, 0); dst: (-15, 0)
event: battery_consumption; timestamp: 93.1801; robot: 7; time: 7.28011; initial_level: 690.758; final_level: 690.758
event: navigation; timestamp: 93.1801; robot: 7; time: 7.28011; src: (-10, 0); dst: (-17, 2)
event: battery_consumption; timestamp: 93.1801; robot: 8; time: 10; initial_level: 690.758; final_level: 690.758
event: navigation; timestamp: 93.1801; robot: 8; time: 10; src: (-10, 0); dst: (-20, 0)
event: task_execution; timestamp: 8.24621; task: 93; robot: 3; pos: (2, 8); time: 86.4904
event: battery_consumption; timestamp: 8.24621; robot: 3; time: 86.4904; initial_level: 700; final_level: 661.56
event: task_execution; timestamp: 8.24621; task: 93; robot: 9; pos: (2, 8); time: 86.4904
event: battery_consumption; timestamp: 8.24621; robot: 9; time: 86.4904; initial_level: 700; final_level: 661.56
event: task_resolution; timestamp: 94.7366; task: 93; pos: (2, 8); status: COMPLETED; attempt: 1
event: battery_consumption; timestamp: 94.7366; robot: 3; time: 7; initial_level: 661.56; final_level: 661.56
event: navigation; timestamp: 94.7366; robot: 3; time: 7; src: (2, 8); dst: (2, 15)
event: battery_consumption; timestamp: 94.7366; robot: 9; time: 7.61577; initial_level: 661.56; final_level: 661.56
event: navigation; timestamp: 94.7366; robot: 9; time: 7.61577; src: (2, 8); dst: (5, 15)
event: task_execution; timestamp: 11.6619; task: 21; robot: 5; pos: (-10, 6); time: 83.1237
event: battery_consumption; timestamp: 11.6619; robot: 5; time: 83.1237; initial_level: 700; final_level: 681.528
event: task_resolution; timestamp: 94.7856; task: 21; pos: (-10, 6); status: FAILED; attempt: 1
event: battery_consumption; timestamp: 94.7856; robot: 5; time: 10.0499; initial_level: 681.528; final_level: 681.528
event: navigation; timestamp: 94.7856; robot: 5; time: 10.0499; src: (-10, 6); dst: (-20, 5)
event: task_execution; timestamp: 12.2066; task: 67; robot: 6; pos: (7, -10); time: 85.8321
event: battery_consumption; timestamp: 12.2066; robot: 6; time: 85.8321; initial_level: 700; final_level: 690.463
event: task_resolution; timestamp: 98.0386; task: 67; pos: (7, -10); status: COMPLETED; attempt: 1
event: battery_consumption; timestamp: 98.0386; robot: 6; time: 3; initial_level: 690.463; final_level: 690.463
event: navigation; timestamp: 98.0386; robot: 6; time: 3; src: (7, -10); dst: (10, -10)
event: task_execution; timestamp: 10.7703; task: 48; robot: 10; pos: (-4, -10); time: 92.6064
event: battery_consumption; timestamp: 10.7703; robot: 10; time: 92.6064; initial_level: 700; final_level: 689.71
event: task_resolution; timestamp: 103.377; task: 48; pos: (-4, -10); status: COMPLETED; attempt: 1
event: battery_consumption; timestamp: 103.377; robot: 10; time: 5.83095; initial_level: 689.71; final_level: 689.71
event: navigation; timestamp: 103.377; robot: 10; time: 5.83095; src: (-4, -10); dst: (-7, -15)
event: task_execution; timestamp: 22; task: 22; robot: 4; pos: (-12, 2); time: 98.6935
event: battery_consumption; timestamp: 22; robot: 4; time: 98.6935; initial_level: 700; final_level: 678.068
event: task_resolution; timestamp: 120.693; task: 22; pos: (-12, 2); status: COMPLETED; attempt: 1
event: battery_consumption; timestamp: 120.693; robot: 4; time: 15.2315; initial_level: 678.068; final_level: 678.068
event: navigation; timestamp: 120.693; robot: 4; time: 15.2315; src: (-12, 2); dst: (-18, 16)
event: task_execution; timestamp: 101.039; task: 63; robot: 6; pos: (10, -10); time: 75.193
event: battery_consumption; timestamp: 101.039; robot: 6; time: 75.193; initial_level: 690.463; final_level: 648.689
event: task_resolution; timestamp: 176.232; task: 63; pos: (10, -10); status: FAILED; attempt: 1
event: battery_consumption; timestamp: 176.232; robot: 6; time: 5; initial_level: 648.689; final_level: 648.689
event: navigation; timestamp: 176.232; robot: 6; time: 5; src: (10, -10); dst: (10, -15)
event: task_execution; timestamp: 101.737; task: 5; robot: 3; pos: (2, 15); time: 89.0216
event: battery_consumption; timestamp: 101.737; robot: 3; time: 89.0216; initial_level: 661.56; final_level: 651.669
event: task_resolution; timestamp: 190.758; task: 5; pos: (2, 15); status: COMPLETED; attempt: 1
event: battery_consumption; timestamp: 190.758; robot: 3; time: 3; initial_level: 651.669; final_level: 651.669
event: navigation; timestamp: 190.758; robot: 3; time: 3; src: (2, 15); dst: (5, 15)
event: task_execution; timestamp: 116; task: 24; robot: 1; pos: (-15, 0); time: 76.4865
event: battery_consumption; timestamp: 116; robot: 1; time: 76.4865; initial_level: 690.758; final_level: 682.259
event: task_resolution; timestamp: 192.486; task: 24; pos: (-15, 0); status: FAILED; attempt: 1
event: battery_consumption; timestamp: 192.486; robot: 1; time: 12.0416; initial_level: 682.259; final_level: 682.259
event: navigation; timestamp: 192.486; robot: 1; time: 12.0416; src: (-15, 0); dst: (-24, -8)
event: task_execution; timestamp: 181.232; task: 62; robot: 6; pos: (10, -15); time: 84.9177
event: battery_consumption; timestamp: 181.232; robot: 6; time: 84.9177; initial_level: 648.689; final_level: 629.819
event: task_resolution; timestamp: 266.149; task: 62; pos: (10, -15); status: COMPLETED; attempt: 1
event: battery_consumption; timestamp: 266.149; robot: 6; time: 3; initial_level: 629.819; final_level: 629.819
event: navigation; timestamp: 266.149; robot: 6; time: 3; src: (10, -15); dst: (7, -15)
event: task_execution; timestamp: 209; task: 27; robot: 7; pos: (-17, 2); time: 85.847
event: battery_consumption; timestamp: 209; robot: 7; time: 85.847; initial_level: 690.758; final_level: 681.219
event: task_resolution; timestamp: 294.847; task: 27; pos: (-17, 2); status: FAILED; attempt: 1
event: battery_consumption; timestamp: 294.847; robot: 7; time: 16.5529; initial_level: 681.219; final_level: 681.219
event: navigation; timestamp: 294.847; robot: 7; time: 16.5529; src: (-17, 2); dst: (-32, -5)
event: task_execution; timestamp: 193.758; task: 75; robot: 3; pos: (5, 15); time: 101.106
event: battery_consumption; timestamp: 193.758; robot: 3; time: 101.106; initial_level: 651.669; final_level: 629.2
event: task_execution; timestamp: 193.758; task: 75; robot: 9; pos: (5, 15); time: 101.106
event: battery_consumption; timestamp: 193.758; robot: 9; time: 101.106; initial_level: 661.56; final_level: 639.092
event: task_resolution; timestamp: 294.865; task: 75; pos: (5, 15); status: FAILED; attempt: 1
event: battery_consumption; timestamp: 294.865; robot: 3; time: 5; initial_level: 629.2; final_level: 629.2
event: navigation; timestamp: 294.865; robot: 3; time: 5; src: (5, 15); dst: (5, 20)
event: battery_consumption; timestamp: 294.865; robot: 9; time: 10.0499; initial_level: 639.092; final_level: 639.092
event: navigation; timestamp: 294.865; robot: 9; time: 10.0499; src: (5, 15); dst: (-5, 16)
event: task_execution; timestamp: 299.865; task: 2; robot: 3; pos: (5, 20); time: 97.5595
event: battery_consumption; timestamp: 299.865; robot: 3; time: 97.5595; initial_level: 629.2; final_level: 596.681
event: task_resolution; timestamp: 397.424; task: 2; pos: (5, 20); status: FAILED; attempt: 1
event: battery_consumption; timestamp: 397.424; robot: 3; time: 8.60233; initial_level: 596.681; final_level: 596.681
event: navigation; timestamp: 397.424; robot: 3; time: 8.60233; src: (5, 20); dst: (12, 25)
event: task_execution; timestamp: 303; task: 30; robot: 5; pos: (-20, 5); time: 97.093
event: battery_consumption; timestamp: 303; robot: 5; time: 97.093; initial_level: 681.528; final_level: 670.74
event: task_resolution; timestamp: 400.093; task: 30; pos: (-20, 5); status: FAILED; attempt: 1
event: battery_consumption; timestamp: 400.093; robot: 5; time: 12.53; initial_level: 670.74; final_level: 670.74
event: navigation; timestamp: 400.093; robot: 5; time: 12.53; src: (-20, 5); dst: (-26, 16)
event: task_execution; timestamp: 406.026; task: 1; robot: 3; pos: (12, 25); time: 86.8671
event: battery_consumption; timestamp: 406.026; robot: 3; time: 86.8671; initial_level: 596.681; final_level: 587.029
event: task_resolution; timestamp: 492.893; task: 1; pos: (12, 25); status: FAILED; attempt: 1
event: battery_consumption; timestamp: 492.893; robot: 3; time: 5.83095; initial_level: 587.029; final_level: 587.029
event: navigation; timestamp: 492.893; robot: 3; time: 5.83095; src: (12, 25); dst: (15, 30)
event: task_execution; timestamp: 398; task: 29; robot: 8; pos: (-20, 0); time: 95.1683
event: battery_consumption; timestamp: 398; robot: 8; time: 95.1683; initial_level: 690.758; final_level: 680.184
event: task_resolution; timestamp: 493.168; task: 29; pos: (-20, 0); status: FAILED; attempt: 1
event: battery_consumption; timestamp: 493.168; robot: 8; time: 13; initial_level: 680.184; final_level: 680.184
event: navigation; timestamp: 493.168; robot: 8; time: 13; src: (-20, 0); dst: (-32, -5)
event: battery_consumption; timestamp: 567; robot: 3; time: 5; initial_level: 587.029; final_level: 587.029
event: navigation; timestamp: 567; robot: 3; time: 5; src: (15, 30); dst: (15, 35)
event: task_execution; timestamp: 497; task: 6; robot: 1; pos: (-24, -8); time: 87.3636
event: battery_consumption; timestamp: 497; robot: 1; time: 87.3636; initial_level: 682.259; final_level: 662.845
event: task_resolution; timestamp: 584.364; task: 6; pos: (-24, -8); status: FAILED; attempt: 1
event: battery_consumption; timestamp: 584.364; robot: 1; time: 6.32456; initial_level: 662.845; final_level: 662.845
event: navigation; timestamp: 584.364; robot: 1; time: 6.32456; src: (-24, -8); dst: (-30, -10)
event: task_execution; timestamp: 506.168; task: 34; robot: 7; pos: (-32, -5); time: 85.2931
event: battery_consumption; timestamp: 506.168; robot: 7; time: 85.2931; initial_level: 681.219; final_level: 662.265
event: task_execution; timestamp: 506.168; task: 34; robot: 8; pos: (-32, -5); time: 85.2931
event: battery_consumption; timestamp: 506.168; robot: 8; time: 85.2931; initial_level: 680.184; final_level: 661.229
event: task_resolution; timestamp: 591.461; task: 34; pos: (-32, -5); status: FAILED; attempt: 1
event: battery_consumption; timestamp: 591.461; robot: 7; time: 3; initial_level: 662.265; final_level: 662.265
event: navigation; timestamp: 591.461; robot: 7; time: 3; src: (-32, -5); dst: (-35, -5)
event: battery_consumption; timestamp: 591.461; robot: 8; time: 3; initial_level: 661.229; final_level: 661.229
event: navigation; timestamp: 591.461; robot: 8; time: 3; src: (-32, -5); dst: (-35, -5)
event: battery_consumption; timestamp: 662; robot: 3; time: 5; initial_level: 587.029; final_level: 587.029
event: navigation; timestamp: 662; robot: 3; time: 5; src: (15, 35); dst: (20, 35)
event: task_execution; timestamp: 588; task: 66; robot: 6; pos: (7, -15); time: 89.3551
event: battery_consumption; timestamp: 588; robot: 6; time: 89.3551; initial_level: 629.819; final_level: 619.89
event: task_resolution; timestamp: 677.355; task: 66; pos: (7, -15); status: COMPLETED; attempt: 1
event: battery_consumption; timestamp: 677.355; robot: 6; time: 2; initial_level: 619.89; final_level: 619.89
event: navigation; timestamp: 677.355; robot: 6; time: 2; src: (7, -15); dst: (5, -15)
event: battery_consumption; timestamp: 753; robot: 1; time: 2; initial_level: 662.845; final_level: 662.845
event: navigation; timestamp: 753; robot: 1; time: 2; src: (-30, -10); dst: (-32, -10)
event: battery_consumption; timestamp: 757; robot: 3; time: 5.38516; initial_level: 587.029; final_level: 587.029
event: navigation; timestamp: 757; robot: 3; time: 5.38516; src: (20, 35); dst: (22, 30)
event: task_execution; timestamp: 680; task: 69; robot: 6; pos: (5, -15); time: 88.4865
event: battery_consumption; timestamp: 680; robot: 6; time: 88.4865; initial_level: 619.89; final_level: 610.058
event: task_resolution; timestamp: 768.486; task: 69; pos: (5, -15); status: COMPLETED; attempt: 1
event: battery_consumption; timestamp: 768.486; robot: 6; time: 5.83095; initial_level: 610.058; final_level: 610.058
event: navigation; timestamp: 768.486; robot: 6; time: 5.83095; src: (5, -15); dst: (2, -20)
event: battery_consumption; timestamp: 845; robot: 1; time: 5.38516; initial_level: 662.845; final_level: 662.845
event: navigation; timestamp: 845; robot: 1; time: 5.38516; src: (-32, -10); dst: (-30, -15)
event: task_execution; timestamp: 776; task: 68; robot: 6; pos: (2, -20); time: 96.5689
event: battery_consumption; timestamp: 776; robot: 6; time: 96.5689; initial_level: 610.058; final_level: 599.329
event: task_resolution; timestamp: 872.569; task: 68; pos: (2, -20); status: COMPLETED; attempt: 1
event: battery_consumption; timestamp: 872.569; robot: 6; time: 5.38516; initial_level: 599.329; final_level: 599.329
event: navigation; timestamp: 872.569; robot: 6; time: 5.38516; src: (2, -20); dst: (4, -25)
event: task_execution; timestamp: 877.954; task: 65; robot: 6; pos: (4, -25); time: 93.3033
event: battery_consumption; timestamp: 877.954; robot: 6; time: 93.3033; initial_level: 599.329; final_level: 588.962
event: task_resolution; timestamp: 971.257; task: 65; pos: (4, -25); status: COMPLETED; attempt: 1
event: battery_consumption; timestamp: 971.257; robot: 6; time: 6.40312; initial_level: 588.962; final_level: 588.962
event: navigation; timestamp: 971.257; robot: 6; time: 6.40312; src: (4, -25); dst: (8, -30)
event: task_execution; timestamp: 977.661; task: 49; robot: 6; pos: (8, -30); time: 77.7553
event: battery_consumption; timestamp: 977.661; robot: 6; time: 77.7553; initial_level: 588.962; final_level: 580.322
event: task_resolution; timestamp: 1055.42; task: 49; pos: (8, -30); status: FAILED; attempt: 1
event: battery_consumption; timestamp: 1055.42; robot: 6; time: 7.81025; initial_level: 580.322; final_level: 580.322
event: navigation; timestamp: 1055.42; robot: 6; time: 7.81025; src: (8, -30); dst: (2, -35)
event: battery_consumption; timestamp: 1225; robot: 6; time: 4; initial_level: 580.322; final_level: 580.322
event: navigation; timestamp: 1225; robot: 6; time: 4; src: (2, -35); dst: (-2, -35)
event: task_execution; timestamp: 1253; task: 36; robot: 7; pos: (-35, -5); time: 96.5901
event: battery_consumption; timestamp: 1253; robot: 7; time: 96.5901; initial_level: 662.265; final_level: 651.533
event: task_execution; timestamp: 1253; task: 36; robot: 8; pos: (-35, -5); time: 96.5901
event: battery_consumption; timestamp: 1253; robot: 8; time: 96.5901; initial_level: 661.229; final_level: 650.497
event: task_resolution; timestamp: 1349.59; task: 36; pos: (-35, -5); status: COMPLETED; attempt: 1
event: battery_consumption; timestamp: 1349.59; robot: 7; time: 5.83095; initial_level: 651.533; final_level: 651.533
event: navigation; timestamp: 1349.59; robot: 7; time: 5.83095; src: (-35, -5); dst: (-38, -10)
event: battery_consumption; timestamp: 1349.59; robot: 8; time: 5.83095; initial_level: 650.497; final_level: 650.497
event: navigation; timestamp: 1349.59; robot: 8; time: 5.83095; src: (-35, -5); dst: (-38, -10)
event: task_execution; timestamp: 1643; task: 23; robot: 5; pos: (-26, 16); time: 93.4245
event: battery_consumption; timestamp: 1643; robot: 5; time: 93.4245; initial_level: 670.74; final_level: 660.359
event: task_resolution; timestamp: 1736.42; task: 23; pos: (-26, 16); status: FAILED; attempt: 1
event: battery_consumption; timestamp: 1736.42; robot: 5; time: 7.2111; initial_level: 660.359; final_level: 660.359
event: navigation; timestamp: 1736.42; robot: 5; time: 7.2111; src: (-26, 16); dst: (-32, 12)
event: task_execution; timestamp: 1743.64; task: 26; robot: 5; pos: (-32, 12); time: 106.393
event: battery_consumption; timestamp: 1743.64; robot: 5; time: 106.393; initial_level: 660.359; final_level: 648.538
event: task_resolution; timestamp: 1850.03; task: 26; pos: (-32, 12); status: COMPLETED; attempt: 1
event: battery_consumption; timestamp: 1850.03; robot: 5; time: 14.7648; initial_level: 648.538; final_level: 648.538
event: navigation; timestamp: 1850.03; robot: 5; time: 14.7648; src: (-32, 12); dst: (-25, 25)
event: battery_consumption; timestamp: 1885; robot: 6; time: 3.60555; initial_level: 580.322; final_level: 580.322
event: navigation; timestamp: 1885; robot: 6; time: 3.60555; src: (-2, -35); dst: (-4, -32)
event: battery_consumption; timestamp: 1902; robot: 5; time: 3; initial_level: 648.538; final_level: 648.538
event: navigation; timestamp: 1902; robot: 5; time: 3; src: (-25, 25); dst: (-22, 25)
event: battery_consumption; timestamp: 1979; robot: 6; time: 4.47214; initial_level: 580.322; final_level: 580.322
event: navigation; timestamp: 1979; robot: 6; time: 4.47214; src: (-4, -32); dst: (-8, -30)
event: battery_consumption; timestamp: 2073; robot: 6; time: 5.38516; initial_level: 580.322; final_level: 580.322
event: navigation; timestamp: 2073; robot: 6; time: 5.38516; src: (-8, -30); dst: (-6, -25)
event: task_resolution; timestamp: 2088.41; task: 44; pos: (-8, -30); status: COMPLETED; attempt: 1
event: battery_consumption; timestamp: 2169; robot: 6; time: 6.40312; initial_level: 580.322; final_level: 580.322
event: navigation; timestamp: 2169; robot: 6; time: 6.40312; src: (-6, -25); dst: (-10, -20)
event: task_resolution; timestamp: 2185.5; task: 46; pos: (-6, -25); status: COMPLETED; attempt: 1
event: task_execution; timestamp: 2175.4; task: 45; robot: 6; pos: (-10, -20); time: 85.7327
event: battery_consumption; timestamp: 2175.4; robot: 6; time: 85.7327; initial_level: 580.322; final_level: 570.796
event: task_resolution; timestamp: 2261.14; task: 45; pos: (-10, -20); status: COMPLETED; attempt: 1
event: battery_consumption; timestamp: 2261.14; robot: 6; time: 3.60555; initial_level: 570.796; final_level: 570.796
event: navigation; timestamp: 2261.14; robot: 6; time: 3.60555; src: (-10, -20); dst: (-7, -18)
event: battery_consumption; timestamp: 2471; robot: 5; time: 4; initial_level: 648.538; final_level: 648.538
event: navigation; timestamp: 2471; robot: 5; time: 4; src: (-22, 25); dst: (-18, 25)
event: battery_consumption; timestamp: 2565; robot: 5; time: 7.81025; initial_level: 648.538; final_level: 648.538
event: navigation; timestamp: 2565; robot: 5; time: 7.81025; src: (-18, 25); dst: (-12, 20)
event: task_execution; timestamp: 2504; task: 25; robot: 4; pos: (-18, 16); time: 104.518
event: battery_consumption; timestamp: 2504; robot: 4; time: 104.518; initial_level: 678.068; final_level: 631.616
event: task_resolution; timestamp: 2608.52; task: 25; pos: (-18, 16); status: FAILED; attempt: 1
event: battery_consumption; timestamp: 2608.52; robot: 4; time: 13.3417; initial_level: 631.616; final_level: 631.616
event: navigation; timestamp: 2608.52; robot: 4; time: 13.3417; src: (-18, 16); dst: (-5, 19)
event: task_execution; timestamp: 2573; task: 43; robot: 10; pos: (-7, -15); time: 89.9707
event: battery_consumption; timestamp: 2573; robot: 10; time: 89.9707; initial_level: 689.71; final_level: 679.714
event: task_resolution; timestamp: 2662.97; task: 43; pos: (-7, -15); status: COMPLETED; attempt: 1
event: battery_consumption; timestamp: 2662.97; robot: 10; time: 3.60555; initial_level: 679.714; final_level: 679.714
event: navigation; timestamp: 2662.97; robot: 10; time: 3.60555; src: (-7, -15); dst: (-5, -18)
event: task_execution; timestamp: 2601; task: 9; robot: 5; pos: (-12, 20); time: 104.737
event: battery_consumption; timestamp: 2601; robot: 5; time: 104.737; initial_level: 648.538; final_level: 636.901
event: task_resolution; timestamp: 2705.74; task: 9; pos: (-12, 20); status: FAILED; attempt: 1
event: battery_consumption; timestamp: 2705.74; robot: 5; time: 7.07107; initial_level: 636.901; final_level: 636.901
event: navigation; timestamp: 2705.74; robot: 5; time: 7.07107; src: (-12, 20); dst: (-5, 19)
event: task_execution; timestamp: 2666; task: 42; robot: 6; pos: (-7, -18); time: 81.9728
event: battery_consumption; timestamp: 2666; robot: 6; time: 81.9728; initial_level: 570.796; final_level: 552.58
event: task_resolution; timestamp: 2747.97; task: 42; pos: (-7, -18); status: COMPLETED; attempt: 1
event: battery_consumption; timestamp: 2747.97; robot: 6; time: 7; initial_level: 552.58; final_level: 552.58
event: navigation; timestamp: 2747.97; robot: 6; time: 7; src: (-7, -18); dst: (-14, -18)
event: task_execution; timestamp: 2712.81; task: 11; robot: 4; pos: (-5, 19); time: 88.4866
event: battery_consumption; timestamp: 2712.81; robot: 4; time: 88.4866; initial_level: 631.616; final_level: 621.784
event: task_execution; timestamp: 2712.81; task: 11; robot: 5; pos: (-5, 19); time: 88.4866
event: battery_consumption; timestamp: 2712.81; robot: 5; time: 88.4866; initial_level: 636.901; final_level: 627.069
event: task_resolution; timestamp: 2801.29; task: 11; pos: (-5, 19); status: COMPLETED; attempt: 1
event: battery_consumption; timestamp: 2801.29; robot: 5; time: 18.868; initial_level: 627.069; final_level: 627.069
event: navigation; timestamp: 2801.29; robot: 5; time: 18.868; src: (-5, 19); dst: (-15, 35)
event: battery_consumption; timestamp: 2801.29; robot: 4; time: 18.868; initial_level: 621.784; final_level: 621.784
event: navigation; timestamp: 2801.29; robot: 4; time: 18.868; src: (-5, 19); dst: (-15, 35)
event: task_execution; timestamp: 2754.97; task: 50; robot: 6; pos: (-14, -18); time: 85.2444
event: battery_consumption; timestamp: 2754.97; robot: 6; time: 85.2444; initial_level: 552.58; final_level: 543.108
event: task_resolution; timestamp: 2840.22; task: 50; pos: (-14, -18); status: COMPLETED; attempt: 1
event: battery_consumption; timestamp: 2840.22; robot: 6; time: 3.16228; initial_level: 543.108; final_level: 543.108
event: navigation; timestamp: 2840.22; robot: 6; time: 3.16228; src: (-14, -18); dst: (-15, -15)
event: task_execution; timestamp: 2758; task: 41; robot: 10; pos: (-5, -18); time: 86.5803
event: battery_consumption; timestamp: 2758; robot: 10; time: 86.5803; initial_level: 679.714; final_level: 670.094
event: task_resolution; timestamp: 2844.58; task: 41; pos: (-5, -18); status: FAILED; attempt: 1
event: battery_consumption; timestamp: 2844.58; robot: 10; time: 10.4403; initial_level: 670.094; final_level: 670.094
event: navigation; timestamp: 2844.58; robot: 10; time: 10.4403; src: (-5, -18); dst: (-15, -15)
event: task_execution; timestamp: 2791; task: 10; robot: 9; pos: (-5, 16); time: 86.3686
event: battery_consumption; timestamp: 2791; robot: 9; time: 86.3686; initial_level: 639.092; final_level: 629.495
event: task_resolution; timestamp: 2877.37; task: 10; pos: (-5, 16); status: FAILED; attempt: 1
event: battery_consumption; timestamp: 2877.37; robot: 9; time: 23.3452; initial_level: 629.495; final_level: 629.495
event: navigation; timestamp: 2877.37; robot: 9; time: 23.3452; src: (-5, 16); dst: (18, 20)
event: task_execution; timestamp: 2820.16; task: 12; robot: 4; pos: (-15, 35); time: 97.8879
event: battery_consumption; timestamp: 2820.16; robot: 4; time: 97.8879; initial_level: 621.784; final_level: 600.031
event: task_execution; timestamp: 2820.16; task: 12; robot: 5; pos: (-15, 35); time: 97.8879
event: battery_consumption; timestamp: 2820.16; robot: 5; time: 97.8879; initial_level: 627.069; final_level: 605.316
event: task_resolution; timestamp: 2918.05; task: 12; pos: (-15, 35); status: FAILED; attempt: 1
event: battery_consumption; timestamp: 2918.05; robot: 4; time: 34.4819; initial_level: 600.031; final_level: 600.031
event: navigation; timestamp: 2918.05; robot: 4; time: 34.4819; src: (-15, 35); dst: (18, 25)
event: battery_consumption; timestamp: 2918.05; robot: 5; time: 34.4819; initial_level: 605.316; final_level: 605.316
event: navigation; timestamp: 2918.05; robot: 5; time: 34.4819; src: (-15, 35); dst: (18, 25)
event: task_execution; timestamp: 2855.02; task: 52; robot: 6; pos: (-15, -15); time: 83.0632
event: battery_consumption; timestamp: 2855.02; robot: 6; time: 83.0632; initial_level: 543.108; final_level: 533.879
event: task_execution; timestamp: 2855.02; task: 52; robot: 10; pos: (-15, -15); time: 83.0632
event: battery_consumption; timestamp: 2855.02; robot: 10; time: 83.0632; initial_level: 670.094; final_level: 660.864
event: task_resolution; timestamp: 2938.08; task: 52; pos: (-15, -15); status: COMPLETED; attempt: 1
event: battery_consumption; timestamp: 2938.08; robot: 10; time: 15; initial_level: 660.864; final_level: 660.864
event: navigation; timestamp: 2938.08; robot: 10; time: 15; src: (-15, -15); dst: (-30, -15)
event: battery_consumption; timestamp: 2938.08; robot: 6; time: 23.5372; initial_level: 533.879; final_level: 533.879
event: navigation; timestamp: 2938.08; robot: 6; time: 23.5372; src: (-15, -15); dst: (-38, -10)
event: task_execution; timestamp: 2900.71; task: 7; robot: 9; pos: (18, 20); time: 82.7701
event: battery_consumption; timestamp: 2900.71; robot: 9; time: 82.7701; initial_level: 629.495; final_level: 611.102
event: task_resolution; timestamp: 2983.48; task: 7; pos: (18, 20); status: FAILED; attempt: 1
event: battery_consumption; timestamp: 2983.48; robot: 9; time: 4.12311; initial_level: 611.102; final_level: 611.102
event: navigation; timestamp: 2983.48; robot: 9; time: 4.12311; src: (18, 20); dst: (22, 19)
event: task_execution; timestamp: 2887; task: 8; robot: 2; pos: (-6, 10); time: 97.6979
event: battery_consumption; timestamp: 2887; robot: 2; time: 97.6979; initial_level: 700; final_level: 678.289
event: task_resolution; timestamp: 2984.7; task: 8; pos: (-6, 10); status: FAILED; attempt: 1
event: battery_consumption; timestamp: 2984.7; robot: 2; time: 26; initial_level: 678.289; final_level: 678.289
event: navigation; timestamp: 2984.7; robot: 2; time: 26; src: (-6, 10); dst: (20, 10)
event: task_execution; timestamp: 2961.62; task: 37; robot: 6; pos: (-38, -10); time: 80.883
event: battery_consumption; timestamp: 2961.62; robot: 6; time: 80.883; initial_level: 533.879; final_level: 515.905
event: task_execution; timestamp: 2961.62; task: 37; robot: 7; pos: (-38, -10); time: 80.883
event: battery_consumption; timestamp: 2961.62; robot: 7; time: 80.883; initial_level: 651.533; final_level: 633.559
event: task_execution; timestamp: 2961.62; task: 37; robot: 8; pos: (-38, -10); time: 80.883
event: battery_consumption; timestamp: 2961.62; robot: 8; time: 80.883; initial_level: 650.497; final_level: 632.523
event: task_resolution; timestamp: 3042.5; task: 37; pos: (-38, -10); status: FAILED; attempt: 1
event: battery_consumption; timestamp: 3042.5; robot: 7; time: 46.8615; initial_level: 633.559; final_level: 633.559
event: navigation; timestamp: 3042.5; robot: 7; time: 46.8615; src: (-38, -10); dst: (-2, -40)
event: battery_consumption; timestamp: 3042.5; robot: 8; time: 46.8615; initial_level: 632.523; final_level: 632.523
event: navigation; timestamp: 3042.5; robot: 8; time: 46.8615; src: (-38, -10); dst: (-2, -40)
event: battery_consumption; timestamp: 3042.5; robot: 6; time: 46.8615; initial_level: 515.905; final_level: 515.905
event: navigation; timestamp: 3042.5; robot: 6; time: 46.8615; src: (-38, -10); dst: (-2, -40)
event: task_execution; timestamp: 2953.08; task: 31; robot: 1; pos: (-30, -15); time: 102.359
event: battery_consumption; timestamp: 2953.08; robot: 1; time: 102.359; initial_level: 662.845; final_level: 640.099
event: task_execution; timestamp: 2953.08; task: 31; robot: 10; pos: (-30, -15); time: 102.359
event: battery_consumption; timestamp: 2953.08; robot: 10; time: 102.359; initial_level: 660.864; final_level: 638.118
event: task_resolution; timestamp: 3055.44; task: 31; pos: (-30, -15); status: COMPLETED; attempt: 1
event: battery_consumption; timestamp: 3055.44; robot: 1; time: 43.2897; initial_level: 640.099; final_level: 640.099
event: navigation; timestamp: 3055.44; robot: 1; time: 43.2897; src: (-30, -15); dst: (13, -20)
event: battery_consumption; timestamp: 3055.44; robot: 10; time: 43.2897; initial_level: 638.118; final_level: 638.118
event: navigation; timestamp: 3055.44; robot: 10; time: 43.2897; src: (-30, -15); dst: (13, -20)
event: task_execution; timestamp: 2987.61; task: 3; robot: 9; pos: (22, 19); time: 73.2308
event: battery_consumption; timestamp: 2987.61; robot: 9; time: 73.2308; initial_level: 611.102; final_level: 602.965
event: task_resolution; timestamp: 3060.84; task: 3; pos: (22, 19); status: COMPLETED; attempt: 1
event: battery_consumption; timestamp: 3060.84; robot: 9; time: 7.2111; initial_level: 602.965; final_level: 602.965
event: navigation; timestamp: 3060.84; robot: 9; time: 7.2111; src: (22, 19); dst: (18, 25)
event: task_execution; timestamp: 3068.05; task: 98; robot: 4; pos: (18, 25); time: 76.0894
event: battery_consumption; timestamp: 3068.05; robot: 4; time: 76.0894; initial_level: 600.031; final_level: 583.122
event: task_execution; timestamp: 3068.05; task: 98; robot: 5; pos: (18, 25); time: 76.0894
event: battery_consumption; timestamp: 3068.05; robot: 5; time: 76.0894; initial_level: 605.316; final_level: 588.407
event: task_execution; timestamp: 3068.05; task: 98; robot: 9; pos: (18, 25); time: 76.0894
event: battery_consumption; timestamp: 3068.05; robot: 9; time: 76.0894; initial_level: 602.965; final_level: 586.056
event: task_resolution; timestamp: 3144.14; task: 98; pos: (18, 25); status: COMPLETED; attempt: 1
event: battery_consumption; timestamp: 3144.14; robot: 9; time: 6.40312; initial_level: 586.056; final_level: 586.056
event: navigation; timestamp: 3144.14; robot: 9; time: 6.40312; src: (18, 25); dst: (22, 30)
event: battery_consumption; timestamp: 3144.14; robot: 4; time: 9.89949; initial_level: 583.122; final_level: 583.122
event: navigation; timestamp: 3144.14; robot: 4; time: 9.89949; src: (18, 25); dst: (25, 32)
event: battery_consumption; timestamp: 3144.14; robot: 5; time: 9.89949; initial_level: 588.407; final_level: 588.407
event: navigation; timestamp: 3144.14; robot: 5; time: 9.89949; src: (18, 25); dst: (25, 32)
event: task_execution; timestamp: 3098.73; task: 72; robot: 1; pos: (13, -20); time: 78.9055
event: battery_consumption; timestamp: 3098.73; robot: 1; time: 78.9055; initial_level: 640.099; final_level: 631.332
event: task_execution; timestamp: 3098.73; task: 72; robot: 10; pos: (13, -20); time: 78.9055
event: battery_consumption; timestamp: 3098.73; robot: 10; time: 78.9055; initial_level: 638.118; final_level: 629.351
event: task_resolution; timestamp: 3177.64; task: 72; pos: (13, -20); status: COMPLETED; attempt: 1
event: battery_consumption; timestamp: 3177.64; robot: 1; time: 13.4536; initial_level: 631.332; final_level: 631.332
event: navigation; timestamp: 3177.64; robot: 1; time: 13.4536; src: (13, -20); dst: (22, -10)
event: battery_consumption; timestamp: 3177.64; robot: 10; time: 13.4536; initial_level: 629.351; final_level: 629.351
event: navigation; timestamp: 3177.64; robot: 10; time: 13.4536; src: (13, -20); dst: (22, -10)
event: task_execution; timestamp: 3089.37; task: 59; robot: 6; pos: (-2, -40); time: 94.7323
event: battery_consumption; timestamp: 3089.37; robot: 6; time: 94.7323; initial_level: 515.905; final_level: 505.379
event: task_execution; timestamp: 3089.37; task: 59; robot: 7; pos: (-2, -40); time: 94.7323
event: battery_consumption; timestamp: 3089.37; robot: 7; time: 94.7323; initial_level: 633.559; final_level: 623.033
event: task_execution; timestamp: 3089.37; task: 59; robot: 8; pos: (-2, -40); time: 94.7323
event: battery_consumption; timestamp: 3089.37; robot: 8; time: 94.7323; initial_level: 632.523; final_level: 621.997
event: task_resolution; timestamp: 3184.1; task: 59; pos: (-2, -40); status: COMPLETED; attempt: 1
event: battery_consumption; timestamp: 3184.1; robot: 7; time: 44.4072; initial_level: 623.033; final_level: 623.033
event: navigation; timestamp: 3184.1; robot: 7; time: 44.4072; src: (-2, -40); dst: (24, -4)
event: battery_consumption; timestamp: 3184.1; robot: 6; time: 50.0899; initial_level: 505.379; final_level: 505.379
event: navigation; timestamp: 3184.1; robot: 6; time: 50.0899; src: (-2, -40); dst: (20, 5)
event: battery_consumption; timestamp: 3184.1; robot: 8; time: 54.626; initial_level: 621.997; final_level: 621.997
event: navigation; timestamp: 3184.1; robot: 8; time: 54.626; src: (-2, -40); dst: (20, 10)
event: task_execution; timestamp: 3150.54; task: 95; robot: 3; pos: (22, 30); time: 95.2213
event: battery_consumption; timestamp: 3150.54; robot: 3; time: 95.2213; initial_level: 587.029; final_level: 555.288
event: task_execution; timestamp: 3150.54; task: 95; robot: 9; pos: (22, 30); time: 95.2213
event: battery_consumption; timestamp: 3150.54; robot: 9; time: 95.2213; initial_level: 586.056; final_level: 554.316
event: task_resolution; timestamp: 3245.76; task: 95; pos: (22, 30); status: COMPLETED; attempt: 1
event: battery_consumption; timestamp: 3245.76; robot: 9; time: 26.9258; initial_level: 554.316; final_level: 554.316
event: navigation; timestamp: 3245.76; robot: 9; time: 26.9258; src: (22, 30); dst: (32, 5)
event: battery_consumption; timestamp: 3245.76; robot: 3; time: 28.178; initial_level: 555.288; final_level: 555.288
event: navigation; timestamp: 3245.76; robot: 3; time: 28.178; src: (22, 30); dst: (35, 5)
event: task_execution; timestamp: 3154.04; task: 94; robot: 4; pos: (25, 32); time: 92.1692
event: battery_consumption; timestamp: 3154.04; robot: 4; time: 92.1692; initial_level: 583.122; final_level: 572.881
event: task_execution; timestamp: 3154.04; task: 94; robot: 5; pos: (25, 32); time: 92.1692
event: battery_consumption; timestamp: 3154.04; robot: 5; time: 92.1692; initial_level: 588.407; final_level: 578.166
event: task_resolution; timestamp: 3246.21; task: 94; pos: (25, 32); status: COMPLETED; attempt: 1
event: battery_consumption; timestamp: 3246.21; robot: 5; time: 41.6773; initial_level: 578.166; final_level: 578.166
event: navigation; timestamp: 3246.21; robot: 5; time: 41.6773; src: (25, 32); dst: (46, -4)
event: battery_consumption; timestamp: 3246.21; robot: 4; time: 40.6079; initial_level: 572.881; final_level: 572.881
event: navigation; timestamp: 3246.21; robot: 4; time: 40.6079; src: (25, 32); dst: (0, 0)
event: robot_finished; timestamp: 3286.81; robot: 4; pos: (0, 0); battery: 572.881
event: battery_consumption; timestamp: 3257; robot: 7; time: 24.3311; initial_level: 623.033; final_level: 623.033
event: navigation; timestamp: 3257; robot: 7; time: 24.3311; src: (24, -4); dst: (0, 0)
event: robot_finished; timestamp: 3281.33; robot: 7; pos: (0, 0); battery: 623.033
event: battery_consumption; timestamp: 3275; robot: 1; time: 24.1661; initial_level: 631.332; final_level: 631.332
event: navigation; timestamp: 3275; robot: 1; time: 24.1661; src: (22, -10); dst: (0, 0)
event: robot_finished; timestamp: 3299.17; robot: 1; pos: (0, 0); battery: 631.332
event: battery_consumption; timestamp: 3275; robot: 10; time: 24.1661; initial_level: 629.351; final_level: 629.351
event: navigation; timestamp: 3275; robot: 10; time: 24.1661; src: (22, -10); dst: (0, 0)
event: robot_finished; timestamp: 3299.17; robot: 10; pos: (0, 0); battery: 629.351
event: battery_consumption; timestamp: 3277; robot: 2; time: 22.3607; initial_level: 678.289; final_level: 678.289
event: navigation; timestamp: 3277; robot: 2; time: 22.3607; src: (20, 10); dst: (0, 0)
event: robot_finished; timestamp: 3299.36; robot: 2; pos: (0, 0); battery: 678.289
event: battery_consumption; timestamp: 3277; robot: 8; time: 22.3607; initial_level: 621.997; final_level: 621.997
event: navigation; timestamp: 3277; robot: 8; time: 22.3607; src: (20, 10); dst: (0, 0)
event: robot_finished; timestamp: 3299.36; robot: 8; pos: (0, 0); battery: 621.997
event: battery_consumption; timestamp: 3279; robot: 6; time: 20.6155; initial_level: 505.379; final_level: 505.379
event: navigation; timestamp: 3279; robot: 6; time: 20.6155; src: (20, 5); dst: (0, 0)
event: robot_finished; timestamp: 3299.62; robot: 6; pos: (0, 0); battery: 505.379
event: task_resolution; timestamp: 3286.53; task: 96; pos: (22, -10); status: COMPLETED; attempt: 1
event: task_resolution; timestamp: 3292.11; task: 87; pos: (24, -4); status: COMPLETED; attempt: 1
event: task_resolution; timestamp: 3317.02; task: 90; pos: (20, 5); status: COMPLETED; attempt: 1
event: task_resolution; timestamp: 3324.27; task: 91; pos: (20, 10); status: COMPLETED; attempt: 1
event: task_execution; timestamp: 3272.69; task: 83; robot: 9; pos: (32, 5); time: 76.7672
event: battery_consumption; timestamp: 3272.69; robot: 9; time: 76.7672; initial_level: 554.316; final_level: 545.786
event: task_resolution; timestamp: 3349.46; task: 83; pos: (32, 5); status: COMPLETED; attempt: 1
event: battery_consumption; timestamp: 3349.46; robot: 9; time: 32.3883; initial_level: 545.786; final_level: 545.786
event: navigation; timestamp: 3349.46; robot: 9; time: 32.3883; src: (32, 5); dst: (0, 0)
event: robot_finished; timestamp: 3381.84; robot: 9; pos: (0, 0); battery: 545.786
event: task_execution; timestamp: 3273.94; task: 82; robot: 3; pos: (35, 5); time: 93.0668
event: battery_consumption; timestamp: 3273.94; robot: 3; time: 93.0668; initial_level: 555.288; final_level: 534.607
event: task_resolution; timestamp: 3367.01; task: 82; pos: (35, 5); status: COMPLETED; attempt: 1
event: battery_consumption; timestamp: 3367.01; robot: 3; time: 35.3553; initial_level: 534.607; final_level: 534.607
event: navigation; timestamp: 3367.01; robot: 3; time: 35.3553; src: (35, 5); dst: (0, 0)
event: robot_finished; timestamp: 3402.36; robot: 3; pos: (0, 0); battery: 534.607
event: task_execution; timestamp: 3287.88; task: 85; robot: 5; pos: (46, -4); time: 93.0239
event: battery_consumption; timestamp: 3287.88; robot: 5; time: 93.0239; initial_level: 578.166; final_level: 547.158
event: task_resolution; timestamp: 3380.91; task: 85; pos: (46, -4); status: COMPLETED; attempt: 1
event: battery_consumption; timestamp: 3380.91; robot: 5; time: 46.1736; initial_level: 547.158; final_level: 547.158
event: navigation; timestamp: 3380.91; robot: 5; time: 46.1736; src: (46, -4); dst: (0, 0)
event: robot_finished; timestamp: 3427.08; robot: 5; pos: (0, 0); battery: 547.158
metric: available_agents; value: 0
metric: failed_agents; value: 0
metric: finished_agents; value: 10
metric: completed_tasks; value: 35
metric: pending_tasks; value: 0
metric: failed_tasks; value: 65
metric: average_robot_makespan; value: 3327.61
metric: sd_robot_makespan; value: 53.9833
metric: max_robot_makespan; value: 3427.08
metric: min_robot_makespan; value: 3281.33
metric: average_robot_travel_distance; value: 147.826
metric: sd_robot_travel_distance; value: 51.6338
metric: max_robot_travel_distance; value: 229.374
metric: min_robot_travel_distance; value: 60.0226
metric: sum_robot_travel_distance; value: 1478.26
metric: average_completed_tasks_by_robot; value: 0
metric: sd_completed_tasks_by_robot; value: 0
metric: max_completed_tasks_by_robot; value: 0
metric: min_completed_tasks_by_robot; value: 0
metric: final_reward; value: 0.35
metric: computing_time; value: 0.00822155
