info: solver_name; value: cbba
info: reward_function; value: reward00
info: replica; value: 1
info: filename; value: ../logs/prueba/c205_10r_100t_cdb2cd8a_cbba_reward00_001.log
info: scenario_name; value: c205_10r_100t_cdb2cd8a
info: scenario_name; value: c205_10r_100t_cdb2cd8a
info: number_of_tasks; value: 100
info: number_of_robots; value: 10
info: number_of_recharging_stations; value: 1
info: scenario_size; value: (132,132)
event: recharging_station_spawn; timestamp: 0; recharging_station: 1; pos: (0, 0)
event: task_spawn; timestamp: 0; task: 1; pos: (12, 25); earliest_start: 231; latest_start: 551; state: PENDING; required_workers: 1; success_prob: 0.2; max_attempts: 1
event: task_spawn; timestamp: 0; task: 2; pos: (5, 20); earliest_start: 133; latest_start: 453; state: PENDING; required_workers: 1; success_prob: 0.2; max_attempts: 1
event: task_spawn; timestamp: 0; task: 3; pos: (22, 19); earliest_start: 1087; latest_start: 1407; state: PENDING; required_workers: 1; success_prob: 0.2; max_attempts: 1
event: task_spawn; timestamp: 0; task: 4; pos: (20, 16); earliest_start: 1181; latest_start: 1501; state: PENDING; required_workers: 1; success_prob: 0.2; max_attempts: 1
event: task_spawn; timestamp: 0; task: 5; pos: (2, 15); earliest_start: 15; latest_start: 335; state: PENDING; required_workers: 1; success_prob: 0.2; max_attempts: 1
event: task_spawn; timestamp: 0; task: 6; pos: (-24, -8); earliest_start: 417; latest_start: 737; state: PENDING; required_workers: 1; success_prob: 0.2; max_attempts: 1
event: task_spawn; timestamp: 0; task: 7; pos: (18, 20); earliest_start: 993; latest_start: 1313; state: PENDING; required_workers: 1; success_prob: 0.2; max_attempts: 1
event: task_spawn; timestamp: 0; task: 8; pos: (-6, 10); earliest_start: 2807; latest_start: 3127; state: PENDING; required_workers: 1; success_prob: 0.2; max_attempts: 1
event: task_spawn; timestamp: 0; task: 9; pos: (-12, 20); earliest_start: 2521; latest_start: 2841; state: PENDING; required_workers: 1; success_prob: 0.2; max_attempts: 1
event: task_spawn; timestamp: 0; task: 10; pos: (-5, 16); earliest_start: 2711; latest_start: 3031; state: PENDING; required_workers: 1; success_prob: 0.2; max_attempts: 1
event: task_spawn; timestamp: 0; task: 11; pos: (-5, 19); earliest_start: 2618; latest_start: 2938; state: PENDING; required_workers: 2; success_prob: 0.2; max_attempts: 1
event: task_spawn; timestamp: 0; task: 12; pos: (-15, 35); earliest_start: 2039; latest_start: 2359; state: PENDING; required_workers: 2; success_prob: 0.2; max_attempts: 1
event: task_spawn; timestamp: 0; task: 13; pos: (-18, 25); earliest_start: 2325; latest_start: 2645; state: PENDING; required_workers: 2; success_prob: 0.2; max_attempts: 1
event: task_spawn; timestamp: 0; task: 14; pos: (-18, 35); earliest_start: 1946; latest_start: 2266; state: PENDING; required_workers: 2; success_prob: 0.2; max_attempts: 1
event: task_spawn; timestamp: 0; task: 15; pos: (-20, 30); earliest_start: 2136; latest_start: 2456; state: PENDING; required_workers: 2; success_prob: 0.2; max_attempts: 1
event: task_spawn; timestamp: 0; task: 16; pos: (-20, 35); earliest_start: 1854; latest_start: 2174; state: PENDING; required_workers: 2; success_prob: 0.2; max_attempts: 1
event: task_spawn; timestamp: 0; task: 17; pos: (-22, 25); earliest_start: 2231; latest_start: 2551; state: PENDING; required_workers: 3; success_prob: 0.2; max_attempts: 1
event: task_spawn; timestamp: 0; task: 18; pos: (-25, 25); earliest_start: 1662; latest_start: 1982; state: PENDING; required_workers: 3; success_prob: 0.2; max_attempts: 1
event: task_spawn; timestamp: 0; task: 19; pos: (-25, 30); earliest_start: 1757; latest_start: 2077; state: PENDING; required_workers: 3; success_prob: 0.2; max_attempts: 1
event: task_spawn; timestamp: 0; task: 20; pos: (-10, 0); earliest_start: 10; latest_start: 330; state: PENDING; required_workers: 3; success_prob: 0.2; max_attempts: 1
event: task_spawn; timestamp: 0; task: 21; pos: (-10, 6); earliest_start: 2903; latest_start: 3223; state: PENDING; required_workers: 1; success_prob: 0.4; max_attempts: 1
event: task_spawn; timestamp: 0; task: 22; pos: (-12, 2); earliest_start: 12; latest_start: 332; state: PENDING; required_workers: 1; success_prob: 0.4; max_attempts: 1
event: task_spawn; timestamp: 0; task: 23; pos: (-26, 16); earliest_start: 1563; latest_start: 1883; state: PENDING; required_workers: 1; success_prob: 0.4; max_attempts: 1
event: task_spawn; timestamp: 0; task: 24; pos: (-15, 0); earliest_start: 36; latest_start: 356; state: PENDING; required_workers: 1; success_prob: 0.4; max_attempts: 1
event: task_spawn; timestamp: 0; task: 25; pos: (-18, 16); earliest_start: 2424; latest_start: 2744; state: PENDING; required_workers: 1; success_prob: 0.4; max_attempts: 1
event: task_spawn; timestamp: 0; task: 26; pos: (-32, 12); earliest_start: 1465; latest_start: 1785; state: PENDING; required_workers: 1; success_prob: 0.4; max_attempts: 1
event: task_spawn; timestamp: 0; task: 27; pos: (-17, 2); earliest_start: 129; latest_start: 449; state: PENDING; required_workers: 1; success_prob: 0.4; max_attempts: 1
event: task_spawn; timestamp: 0; task: 28; pos: (-36, 5); earliest_start: 1367; latest_start: 1687; state: PENDING; required_workers: 1; success_prob: 0.4; max_attempts: 1
event: task_spawn; timestamp: 0; task: 29; pos: (-20, 0); earliest_start: 318; latest_start: 638; state: PENDING; required_workers: 1; success_prob: 0.4; max_attempts: 1
event: task_spawn; timestamp: 0; task: 30; pos: (-20, 5); earliest_start: 223; latest_start: 543; state: PENDING; required_workers: 1; success_prob: 0.4; max_attempts: 1
event: task_spawn; timestamp: 0; task: 31; pos: (-30, -15); earliest_start: 701; latest_start: 1021; state: PENDING; required_workers: 2; success_prob: 0.4; max_attempts: 1
event: task_spawn; timestamp: 0; task: 32; pos: (-30, -10); earliest_start: 513; latest_start: 833; state: PENDING; required_workers: 2; success_prob: 0.4; max_attempts: 1
event: task_spawn; timestamp: 0; task: 33; pos: (-32, -10); earliest_start: 605; latest_start: 925; state: PENDING; required_workers: 2; success_prob: 0.4; max_attempts: 1
event: task_spawn; timestamp: 0; task: 34; pos: (-32, -5); earliest_start: 1266; latest_start: 1586; state: PENDING; required_workers: 2; success_prob: 0.4; max_attempts: 1
event: task_spawn; timestamp: 0; task: 35; pos: (-35, -15); earliest_start: 796; latest_start: 1116; state: PENDING; required_workers: 2; success_prob: 0.4; max_attempts: 1
event: task_spawn; timestamp: 0; task: 36; pos: (-35, -5); earliest_start: 1173; latest_start: 1493; state: PENDING; required_workers: 2; success_prob: 0.4; max_attempts: 1
event: task_spawn; timestamp: 0; task: 37; pos: (-38, -10); earliest_start: 891; latest_start: 1211; state: PENDING; required_workers: 3; success_prob: 0.4; max_attempts: 1
event: task_spawn; timestamp: 0; task: 38; pos: (-40, -10); earliest_start: 983; latest_start: 1303; state: PENDING; required_workers: 3; success_prob: 0.4; max_attempts: 1
event: task_spawn; timestamp: 0; task: 39; pos: (-40, -5); earliest_start: 1078; latest_start: 1398; state: PENDING; required_workers: 3; success_prob: 0.4; max_attempts: 1
event: task_spawn; timestamp: 0; task: 40; pos: (-4, -32); earliest_start: 1739; latest_start: 2059; state: PENDING; required_workers: 3; success_prob: 0.4; max_attempts: 1
event: task_spawn; timestamp: 0; task: 41; pos: (-5, -18); earliest_start: 2678; latest_start: 2998; state: PENDING; required_workers: 1; success_prob: 0.6; max_attempts: 1
event: task_spawn; timestamp: 0; task: 42; pos: (-7, -18); earliest_start: 2586; latest_start: 2906; state: PENDING; required_workers: 1; success_prob: 0.6; max_attempts: 1
event: task_spawn; timestamp: 0; task: 43; pos: (-7, -15); earliest_start: 2493; latest_start: 2813; state: PENDING; required_workers: 1; success_prob: 0.6; max_attempts: 1
event: task_spawn; timestamp: 0; task: 44; pos: (-8, -30); earliest_start: 1833; latest_start: 2153; state: PENDING; required_workers: 1; success_prob: 0.6; max_attempts: 1
event: task_spawn; timestamp: 0; task: 45; pos: (-10, -20); earliest_start: 2025; latest_start: 2345; state: PENDING; required_workers: 1; success_prob: 0.6; max_attempts: 1
event: task_spawn; timestamp: 0; task: 46; pos: (-6, -25); earliest_start: 1929; latest_start: 2249; state: PENDING; required_workers: 1; success_prob: 0.6; max_attempts: 1
event: task_spawn; timestamp: 0; task: 47; pos: (-10, -15); earliest_start: 2400; latest_start: 2720; state: PENDING; required_workers: 1; success_prob: 0.6; max_attempts: 1
event: task_spawn; timestamp: 0; task: 48; pos: (-4, -10); earliest_start: 2776; latest_start: 3096; state: PENDING; required_workers: 1; success_prob: 0.6; max_attempts: 1
event: task_spawn; timestamp: 0; task: 49; pos: (8, -30); earliest_start: 887; latest_start: 1207; state: PENDING; required_workers: 1; success_prob: 0.6; max_attempts: 1
event: task_spawn; timestamp: 0; task: 50; pos: (-14, -18); earliest_start: 2212; latest_start: 2532; state: PENDING; required_workers: 1; success_prob: 0.6; max_attempts: 1
event: task_spawn; timestamp: 0; task: 51; pos: (-15, -20); earliest_start: 2120; latest_start: 2440; state: PENDING; required_workers: 2; success_prob: 0.6; max_attempts: 1
event: task_spawn; timestamp: 0; task: 52; pos: (-15, -15); earliest_start: 2305; latest_start: 2625; state: PENDING; required_workers: 2; success_prob: 0.6; max_attempts: 1
event: task_spawn; timestamp: 0; task: 53; pos: (4, -45); earliest_start: 1176; latest_start: 1496; state: PENDING; required_workers: 2; success_prob: 0.6; max_attempts: 1
event: task_spawn; timestamp: 0; task: 54; pos: (2, -40); earliest_start: 1080; latest_start: 1400; state: PENDING; required_workers: 2; success_prob: 0.6; max_attempts: 1
event: task_spawn; timestamp: 0; task: 55; pos: (2, -35); earliest_start: 985; latest_start: 1305; state: PENDING; required_workers: 2; success_prob: 0.6; max_attempts: 1
event: task_spawn; timestamp: 0; task: 56; pos: (0, -45); earliest_start: 1270; latest_start: 1590; state: PENDING; required_workers: 2; success_prob: 0.6; max_attempts: 1
event: task_spawn; timestamp: 0; task: 57; pos: (-2, -35); earliest_start: 1645; latest_start: 1965; state: PENDING; required_workers: 3; success_prob: 0.6; max_attempts: 1
event: task_spawn; timestamp: 0; task: 58; pos: (-2, -45); earliest_start: 1362; latest_start: 1682; state: PENDING; required_workers: 3; success_prob: 0.6; max_attempts: 1
event: task_spawn; timestamp: 0; task: 59; pos: (-2, -40); earliest_start: 1550; latest_start: 1870; state: PENDING; required_workers: 3; success_prob: 0.6; max_attempts: 1
event: task_spawn; timestamp: 0; task: 60; pos: (-5, -45); earliest_start: 1455; latest_start: 1775; state: PENDING; required_workers: 3; success_prob: 0.6; max_attempts: 1
event: task_spawn; timestamp: 0; task: 61; pos: (10, -20); earliest_start: 321; latest_start: 641; state: PENDING; required_workers: 1; success_prob: 0.8; max_attempts: 1
event: task_spawn; timestamp: 0; task: 62; pos: (10, -15); earliest_start: 40; latest_start: 360; state: PENDING; required_workers: 1; success_prob: 0.8; max_attempts: 1
event: task_spawn; timestamp: 0; task: 63; pos: (10, -10); earliest_start: 14; latest_start: 334; state: PENDING; required_workers: 1; success_prob: 0.8; max_attempts: 1
event: task_spawn; timestamp: 0; task: 64; pos: (8, -20); earliest_start: 413; latest_start: 733; state: PENDING; required_workers: 1; success_prob: 0.8; max_attempts: 1
event: task_spawn; timestamp: 0; task: 65; pos: (4, -25); earliest_start: 791; latest_start: 1111; state: PENDING; required_workers: 1; success_prob: 0.8; max_attempts: 1
event: task_spawn; timestamp: 0; task: 66; pos: (7, -15); earliest_start: 508; latest_start: 828; state: PENDING; required_workers: 1; success_prob: 0.8; max_attempts: 1
event: task_spawn; timestamp: 0; task: 67; pos: (7, -10); earliest_start: 12; latest_start: 332; state: PENDING; required_workers: 1; success_prob: 0.8; max_attempts: 1
event: task_spawn; timestamp: 0; task: 68; pos: (2, -20); earliest_start: 696; latest_start: 1016; state: PENDING; required_workers: 1; success_prob: 0.8; max_attempts: 1
event: task_spawn; timestamp: 0; task: 69; pos: (5, -15); earliest_start: 600; latest_start: 920; state: PENDING; required_workers: 1; success_prob: 0.8; max_attempts: 1
event: task_spawn; timestamp: 0; task: 70; pos: (55, -20); earliest_start: 2241; latest_start: 2561; state: PENDING; required_workers: 1; success_prob: 0.8; max_attempts: 1
event: task_spawn; timestamp: 0; task: 71; pos: (55, -15); earliest_start: 2146; latest_start: 2466; state: PENDING; required_workers: 2; success_prob: 0.8; max_attempts: 1
event: task_spawn; timestamp: 0; task: 72; pos: (13, -20); earliest_start: 228; latest_start: 548; state: PENDING; required_workers: 2; success_prob: 0.8; max_attempts: 1
event: task_spawn; timestamp: 0; task: 73; pos: (52, -20); earliest_start: 2334; latest_start: 2654; state: PENDING; required_workers: 2; success_prob: 0.8; max_attempts: 1
event: task_spawn; timestamp: 0; task: 74; pos: (13, -15); earliest_start: 133; latest_start: 453; state: PENDING; required_workers: 2; success_prob: 0.8; max_attempts: 1
event: task_spawn; timestamp: 0; task: 75; pos: (5, 15); earliest_start: 38; latest_start: 358; state: PENDING; required_workers: 2; success_prob: 0.8; max_attempts: 1
event: task_spawn; timestamp: 0; task: 76; pos: (50, -15); earliest_start: 2051; latest_start: 2371; state: PENDING; required_workers: 2; success_prob: 0.8; max_attempts: 1
event: task_spawn; timestamp: 0; task: 77; pos: (32, -5); earliest_start: 2820; latest_start: 3140; state: PENDING; required_workers: 3; success_prob: 0.8; max_attempts: 1
event: task_spawn; timestamp: 0; task: 78; pos: (38, -10); earliest_start: 2722; latest_start: 3042; state: PENDING; required_workers: 3; success_prob: 0.8; max_attempts: 1
event: task_spawn; timestamp: 0; task: 79; pos: (47, -20); earliest_start: 2528; latest_start: 2848; state: PENDING; required_workers: 3; success_prob: 0.8; max_attempts: 1
event: task_spawn; timestamp: 0; task: 80; pos: (45, -25); earliest_start: 2433; latest_start: 2753; state: PENDING; required_workers: 3; success_prob: 0.8; max_attempts: 1
event: task_spawn; timestamp: 0; task: 81; pos: (45, -15); earliest_start: 2623; latest_start: 2943; state: PENDING; required_workers: 1; success_prob: 1; max_attempts: 1
event: task_spawn; timestamp: 0; task: 82; pos: (35, 5); earliest_start: 1845; latest_start: 2165; state: PENDING; required_workers: 1; success_prob: 1; max_attempts: 1
event: task_spawn; timestamp: 0; task: 83; pos: (32, 5); earliest_start: 1752; latest_start: 2072; state: PENDING; required_workers: 1; success_prob: 1; max_attempts: 1
event: task_spawn; timestamp: 0; task: 84; pos: (30, 8); earliest_start: 1561; latest_start: 1881; state: PENDING; required_workers: 1; success_prob: 1; max_attempts: 1
event: task_spawn; timestamp: 0; task: 85; pos: (46, -4); earliest_start: 1949; latest_start: 2269; state: PENDING; required_workers: 1; success_prob: 1; max_attempts: 1
event: task_spawn; timestamp: 0; task: 86; pos: (26, 5); earliest_start: 1656; latest_start: 1976; state: PENDING; required_workers: 1; success_prob: 1; max_attempts: 1
event: task_spawn; timestamp: 0; task: 87; pos: (24, -4); earliest_start: 2955; latest_start: 3275; state: PENDING; required_workers: 1; success_prob: 1; max_attempts: 1
event: task_spawn; timestamp: 0; task: 88; pos: (25, 10); earliest_start: 1466; latest_start: 1786; state: PENDING; required_workers: 1; success_prob: 1; max_attempts: 1
event: task_spawn; timestamp: 0; task: 89; pos: (16, 14); earliest_start: 1275; latest_start: 1595; state: PENDING; required_workers: 1; success_prob: 1; max_attempts: 1
event: task_spawn; timestamp: 0; task: 90; pos: (20, 5); earliest_start: 2959; latest_start: 3279; state: PENDING; required_workers: 1; success_prob: 1; max_attempts: 1
event: task_spawn; timestamp: 0; task: 91; pos: (20, 10); earliest_start: 1371; latest_start: 1691; state: PENDING; required_workers: 2; success_prob: 1; max_attempts: 1
event: task_spawn; timestamp: 0; task: 92; pos: (27, 35); earliest_start: 614; latest_start: 934; state: PENDING; required_workers: 2; success_prob: 1; max_attempts: 1
event: task_spawn; timestamp: 0; task: 93; pos: (2, 8); earliest_start: 8; latest_start: 328; state: PENDING; required_workers: 2; success_prob: 1; max_attempts: 1
event: task_spawn; timestamp: 0; task: 94; pos: (25, 32); earliest_start: 708; latest_start: 1028; state: PENDING; required_workers: 2; success_prob: 1; max_attempts: 1
event: task_spawn; timestamp: 0; task: 95; pos: (22, 30); earliest_start: 801; latest_start: 1121; state: PENDING; required_workers: 2; success_prob: 1; max_attempts: 1
event: task_spawn; timestamp: 0; task: 96; pos: (22, -10); earliest_start: 2921; latest_start: 3241; state: PENDING; required_workers: 2; success_prob: 1; max_attempts: 1
event: task_spawn; timestamp: 0; task: 97; pos: (20, 35); earliest_start: 517; latest_start: 837; state: PENDING; required_workers: 3; success_prob: 1; max_attempts: 1
event: task_spawn; timestamp: 0; task: 98; pos: (18, 25); earliest_start: 898; latest_start: 1218; state: PENDING; required_workers: 3; success_prob: 1; max_attempts: 1
event: task_spawn; timestamp: 0; task: 99; pos: (15, 30); earliest_start: 327; latest_start: 647; state: PENDING; required_workers: 3; success_prob: 1; max_attempts: 1
event: task_spawn; timestamp: 0; task: 100; pos: (15, 35); earliest_start: 422; latest_start: 742; state: PENDING; required_workers: 3; success_prob: 1; max_attempts: 1
event: robot_spawn; timestamp: 0; robot: 1; pos: (0, 0); state: AVAILABLE; battery_level: 700; battery_capacity: 700; velocity: 1; battery_rate_nav: 0
event: robot_spawn; timestamp: 0; robot: 2; pos: (0, 0); state: AVAILABLE; battery_level: 700; battery_capacity: 700; velocity: 1; battery_rate_nav: 0
event: robot_spawn; timestamp: 0; robot: 3; pos: (0, 0); state: AVAILABLE; battery_level: 700; battery_capacity: 700; velocity: 1; battery_rate_nav: 0
event: robot_spawn; timestamp: 0; robot: 4; pos: (0, 0); state: AVAILABLE; battery_level: 700; battery_capacity: 700; velocity: 1; battery_rate_nav: 0
event: robot_spawn; timestamp: 0; robot: 5; pos: (0, 0); state: AVAILABLE; battery_level: 700; battery_capacity: 700; velocity: 1; battery_rate_nav: 0
event: robot_spawn; timestamp: 0; robot: 6; pos: (0, 0); state: AVAILABLE; battery_level: 700; battery_capacity: 700; velocity: 1; battery_rate_nav: 0
event: robot_spawn; timestamp: 0; robot: 7; pos: (0, 0); state: AVAILABLE; battery_level: 700; battery_capacity: 700; velocity: 1; battery_rate_nav: 0
event: robot_spawn; timestamp: 0; robot: 8; pos: (0, 0); state: AVAILABLE; battery_level: 700; battery_capacity: 700; velocity: 1; battery_rate_nav: 0
event: robot_spawn; timestamp: 0; robot: 9; pos: (0, 0); state: AVAILABLE; battery_level: 700; battery_capacity: 700; velocity: 1; battery_rate_nav: 0
event: robot_spawn; timestamp: 0; robot: 10; pos: (0, 0); state: AVAILABLE; battery_level: 700; battery_capacity: 700; velocity: 1; battery_rate_nav: 0
event: battery_consumption; timestamp: 0; robot: 8; time: 12.2066; initial_level: 700; final_level: 700
event: navigation; timestamp: 0; robot: 8; time: 12.2066; src: (0, 0); dst: (7, -10)
event: battery_consumption; timestamp: 0; robot: 1; time: 8.24621; initial_level: 700; final_level: 700
event: navigation; timestamp: 0; robot: 1; time: 8.24621; src: (0, 0); dst: (2, 8)
event: battery_consumption; timestamp: 0; robot: 6; time: 8.24621; initial_level: 700; final_level: 700
event: navigation; timestamp: 0; robot: 6; time: 8.24621; src: (0, 0); dst: (2, 8)
event: battery_consumption; timestamp: 0; robot: 10; time: 12.1655; initial_level: 700; final_level: 700
event: navigation; timestamp: 0; robot: 10; time: 12.1655; src: (0, 0); dst: (-12, 2)
event: battery_consumption; timestamp: 0; robot: 5; time: 15; initial_level: 700; final_level: 700
event: navigation; timestamp: 0; robot: 5; time: 15; src: (0, 0); dst: (-15, 0)
event: battery_consumption; timestamp: 0; robot: 2; time: 15.8114; initial_level: 700; final_level: 700
event: navigation; timestamp: 0; robot: 2; time: 15.8114; src: (0, 0); dst: (5, 15)
event: battery_consumption; timestamp: 0; robot: 9; time: 15.1327; initial_level: 700; final_level: 700
event: navigation; timestamp: 0; robot: 9; time: 15.1327; src: (0, 0); dst: (2, 15)
event: battery_consumption; timestamp: 0; robot: 7; time: 17.1172; initial_level: 700; final_level: 700
event: navigation; timestamp: 0; robot: 7; time: 17.1172; src: (0, 0); dst: (-17, 2)
event: battery_consumption; timestamp: 0; robot: 4; time: 19.8494; initial_level: 700; final_level: 700
event: navigation; timestamp: 0; robot: 4; time: 19.8494; src: (0, 0); dst: (13, -15)
event: battery_consumption; timestamp: 0; robot: 3; time: 20.6155; initial_level: 700; final_level: 700
event: navigation; timestamp: 0; robot: 3; time: 20.6155; src: (0, 0); dst: (-20, 5)
event: task_execution; timestamp: 12.1655; task: 22; robot: 10; pos: (-12, 2); time: 75.035
event: battery_consumption; timestamp: 12.1655; robot: 10; time: 75.035; initial_level: 700; final_level: 683.326
event: task_resolution; timestamp: 87.2005; task: 22; pos: (-12, 2); status: COMPLETED; attempt: 1
event: battery_consumption; timestamp: 87.2005; robot: 10; time: 33.3017; initial_level: 683.326; final_level: 683.326
event: navigation; timestamp: 87.2005; robot: 10; time: 33.3017; src: (-12, 2); dst: (13, -20)
event: task_execution; timestamp: 8.24621; task: 93; robot: 1; pos: (2, 8); time: 83.7499
event: battery_consumption; timestamp: 8.24621; robot: 1; time: 83.7499; initial_level: 700; final_level: 662.778
event: task_execution; timestamp: 8.24621; task: 93; robot: 6; pos: (2, 8); time: 83.7499
event: battery_consumption; timestamp: 8.24621; robot: 6; time: 83.7499; initial_level: 700; final_level: 662.778
event: task_resolution; timestamp: 91.9961; task: 93; pos: (2, 8); status: COMPLETED; attempt: 1
event: battery_consumption; timestamp: 91.9961; robot: 1; time: 12.3693; initial_level: 662.778; final_level: 662.778
event: navigation; timestamp: 91.9961; robot: 1; time: 12.3693; src: (2, 8); dst: (5, 20)
event: battery_consumption; timestamp: 91.9961; robot: 6; time: 23.4094; initial_level: 662.778; final_level: 662.778
event: navigation; timestamp: 91.9961; robot: 6; time: 23.4094; src: (2, 8); dst: (-20, 0)
event: task_execution; timestamp: 12.2066; task: 67; robot: 8; pos: (7, -10); time: 87.1424
event: battery_consumption; timestamp: 12.2066; robot: 8; time: 87.1424; initial_level: 700; final_level: 690.318
event: task_resolution; timestamp: 99.3489; task: 67; pos: (7, -10); status: COMPLETED; attempt: 1
event: battery_consumption; timestamp: 99.3489; robot: 8; time: 3; initial_level: 690.318; final_level: 690.318
event: navigation; timestamp: 99.3489; robot: 8; time: 3; src: (7, -10); dst: (10, -10)
event: task_execution; timestamp: 15.1327; task: 5; robot: 9; pos: (2, 15); time: 93.7897
event: battery_consumption; timestamp: 15.1327; robot: 9; time: 93.7897; initial_level: 700; final_level: 689.579
event: task_resolution; timestamp: 108.922; task: 5; pos: (2, 15); status: COMPLETED; attempt: 1
event: battery_consumption; timestamp: 108.922; robot: 9; time: 3; initial_level: 689.579; final_level: 689.579
event: navigation; timestamp: 108.922; robot: 9; time: 3; src: (2, 15); dst: (5, 15)
event: task_execution; timestamp: 36; task: 24; robot: 5; pos: (-15, 0); time: 109.998
event: battery_consumption; timestamp: 36; robot: 5; time: 109.998; initial_level: 700; final_level: 687.778
event: task_resolution; timestamp: 145.998; task: 24; pos: (-15, 0); status: COMPLETED; attempt: 1
event: battery_consumption; timestamp: 145.998; robot: 5; time: 26.2488; initial_level: 687.778; final_level: 687.778
event: navigation; timestamp: 145.998; robot: 5; time: 26.2488; src: (-15, 0); dst: (2, -20)
event: task_execution; timestamp: 102.349; task: 63; robot: 8; pos: (10, -10); time: 89.2462
event: battery_consumption; timestamp: 102.349; robot: 8; time: 89.2462; initial_level: 690.318; final_level: 640.736
event: task_resolution; timestamp: 191.595; task: 63; pos: (10, -10); status: COMPLETED; attempt: 1
event: battery_consumption; timestamp: 191.595; robot: 8; time: 5; initial_level: 640.736; final_level: 640.736
event: navigation; timestamp: 191.595; robot: 8; time: 5; src: (10, -10); dst: (10, -15)
event: task_execution; timestamp: 111.922; task: 75; robot: 2; pos: (5, 15); time: 103.931
event: battery_consumption; timestamp: 111.922; robot: 2; time: 103.931; initial_level: 700; final_level: 676.904
event: task_execution; timestamp: 111.922; task: 75; robot: 9; pos: (5, 15); time: 103.931
event: battery_consumption; timestamp: 111.922; robot: 9; time: 103.931; initial_level: 689.579; final_level: 666.483
event: task_resolution; timestamp: 215.854; task: 75; pos: (5, 15); status: FAILED; attempt: 1
event: battery_consumption; timestamp: 215.854; robot: 2; time: 12.2066; initial_level: 676.904; final_level: 676.904
event: navigation; timestamp: 215.854; robot: 2; time: 12.2066; src: (5, 15); dst: (12, 25)
event: battery_consumption; timestamp: 215.854; robot: 9; time: 18.0278; initial_level: 666.483; final_level: 666.483
event: navigation; timestamp: 215.854; robot: 9; time: 18.0278; src: (5, 15); dst: (15, 30)
event: task_execution; timestamp: 129; task: 27; robot: 7; pos: (-17, 2); time: 92.679
event: battery_consumption; timestamp: 129; robot: 7; time: 92.679; initial_level: 700; final_level: 689.702
event: task_resolution; timestamp: 221.679; task: 27; pos: (-17, 2); status: FAILED; attempt: 1
event: battery_consumption; timestamp: 221.679; robot: 7; time: 42.5206; initial_level: 689.702; final_level: 689.702
event: navigation; timestamp: 221.679; robot: 7; time: 42.5206; src: (-17, 2); dst: (15, 30)
event: task_execution; timestamp: 133; task: 2; robot: 1; pos: (5, 20); time: 103.29
event: battery_consumption; timestamp: 133; robot: 1; time: 103.29; initial_level: 662.778; final_level: 628.348
event: task_resolution; timestamp: 236.29; task: 2; pos: (5, 20); status: FAILED; attempt: 1
event: battery_consumption; timestamp: 236.29; robot: 1; time: 18.0278; initial_level: 628.348; final_level: 628.348
event: navigation; timestamp: 236.29; robot: 1; time: 18.0278; src: (5, 20); dst: (15, 35)
event: task_execution; timestamp: 196.595; task: 62; robot: 8; pos: (10, -15); time: 87.4749
event: battery_consumption; timestamp: 196.595; robot: 8; time: 87.4749; initial_level: 640.736; final_level: 621.297
event: task_resolution; timestamp: 284.07; task: 62; pos: (10, -15); status: COMPLETED; attempt: 1
event: battery_consumption; timestamp: 284.07; robot: 8; time: 3; initial_level: 621.297; final_level: 621.297
event: navigation; timestamp: 284.07; robot: 8; time: 3; src: (10, -15); dst: (13, -15)
event: task_execution; timestamp: 231; task: 1; robot: 2; pos: (12, 25); time: 89.2354
event: battery_consumption; timestamp: 231; robot: 2; time: 89.2354; initial_level: 676.904; final_level: 666.989
event: task_resolution; timestamp: 320.235; task: 1; pos: (12, 25); status: COMPLETED; attempt: 1
event: battery_consumption; timestamp: 320.235; robot: 2; time: 5.83095; initial_level: 666.989; final_level: 666.989
event: navigation; timestamp: 320.235; robot: 2; time: 5.83095; src: (12, 25); dst: (15, 30)
event: task_execution; timestamp: 223; task: 30; robot: 3; pos: (-20, 5); time: 102.341
event: battery_consumption; timestamp: 223; robot: 3; time: 102.341; initial_level: 700; final_level: 688.629
event: task_resolution; timestamp: 325.341; task: 30; pos: (-20, 5); status: COMPLETED; attempt: 1
event: battery_consumption; timestamp: 325.341; robot: 3; time: 55.7584; initial_level: 688.629; final_level: 688.629
event: navigation; timestamp: 325.341; robot: 3; time: 55.7584; src: (-20, 5); dst: (27, 35)
event: task_execution; timestamp: 287.07; task: 74; robot: 4; pos: (13, -15); time: 80.9024
event: battery_consumption; timestamp: 287.07; robot: 4; time: 80.9024; initial_level: 700; final_level: 655.054
event: task_execution; timestamp: 287.07; task: 74; robot: 8; pos: (13, -15); time: 80.9024
event: battery_consumption; timestamp: 287.07; robot: 8; time: 80.9024; initial_level: 621.297; final_level: 576.352
event: task_resolution; timestamp: 367.973; task: 74; pos: (13, -15); status: COMPLETED; attempt: 1
event: battery_consumption; timestamp: 367.973; robot: 4; time: 5; initial_level: 655.054; final_level: 655.054
event: navigation; timestamp: 367.973; robot: 4; time: 5; src: (13, -15); dst: (13, -20)
event: battery_consumption; timestamp: 367.973; robot: 8; time: 37.6563; initial_level: 576.352; final_level: 576.352
event: navigation; timestamp: 367.973; robot: 8; time: 37.6563; src: (13, -15); dst: (-24, -8)
event: task_execution; timestamp: 318; task: 29; robot: 6; pos: (-20, 0); time: 77.5125
event: battery_consumption; timestamp: 318; robot: 6; time: 77.5125; initial_level: 662.778; final_level: 654.165
event: task_resolution; timestamp: 395.512; task: 29; pos: (-20, 0); status: FAILED; attempt: 1
event: battery_consumption; timestamp: 395.512; robot: 6; time: 53.1507; initial_level: 654.165; final_level: 654.165
event: navigation; timestamp: 395.512; robot: 6; time: 53.1507; src: (-20, 0); dst: (20, 35)
event: task_execution; timestamp: 327; task: 99; robot: 2; pos: (15, 30); time: 78.2148
event: battery_consumption; timestamp: 327; robot: 2; time: 78.2148; initial_level: 666.989; final_level: 658.299
event: task_execution; timestamp: 327; task: 99; robot: 7; pos: (15, 30); time: 78.2148
event: battery_consumption; timestamp: 327; robot: 7; time: 78.2148; initial_level: 689.702; final_level: 681.012
event: task_execution; timestamp: 327; task: 99; robot: 9; pos: (15, 30); time: 78.2148
event: battery_consumption; timestamp: 327; robot: 9; time: 78.2148; initial_level: 666.483; final_level: 657.793
event: task_resolution; timestamp: 405.215; task: 99; pos: (15, 30); status: COMPLETED; attempt: 1
event: battery_consumption; timestamp: 405.215; robot: 9; time: 5; initial_level: 657.793; final_level: 657.793
event: navigation; timestamp: 405.215; robot: 9; time: 5; src: (15, 30); dst: (15, 35)
event: battery_consumption; timestamp: 405.215; robot: 2; time: 5; initial_level: 658.299; final_level: 658.299
event: navigation; timestamp: 405.215; robot: 2; time: 5; src: (15, 30); dst: (15, 35)
event: battery_consumption; timestamp: 405.215; robot: 7; time: 7; initial_level: 681.012; final_level: 681.012
event: navigation; timestamp: 405.215; robot: 7; time: 7; src: (15, 30); dst: (22, 30)
event: task_execution; timestamp: 372.973; task: 72; robot: 4; pos: (13, -20); time: 78.6355
event: battery_consumption; timestamp: 372.973; robot: 4; time: 78.6355; initial_level: 655.054; final_level: 646.317
event: task_execution; timestamp: 372.973; task: 72; robot: 10; pos: (13, -20); time: 78.6355
event: battery_consumption; timestamp: 372.973; robot: 10; time: 78.6355; initial_level: 683.326; final_level: 674.588
event: task_resolution; timestamp: 451.608; task: 72; pos: (13, -20); status: COMPLETED; attempt: 1
event: battery_consumption; timestamp: 451.608; robot: 10; time: 3; initial_level: 674.588; final_level: 674.588
event: navigation; timestamp: 451.608; robot: 10; time: 3; src: (13, -20); dst: (10, -20)
event: battery_consumption; timestamp: 451.608; robot: 4; time: 53.3667; initial_level: 646.317; final_level: 646.317
event: navigation; timestamp: 451.608; robot: 4; time: 53.3667; src: (13, -20); dst: (25, 32)
event: task_execution; timestamp: 422; task: 100; robot: 1; pos: (15, 35); time: 86.1821
event: battery_consumption; timestamp: 422; robot: 1; time: 86.1821; initial_level: 628.348; final_level: 609.196
event: task_execution; timestamp: 422; task: 100; robot: 2; pos: (15, 35); time: 86.1821
event: battery_consumption; timestamp: 422; robot: 2; time: 86.1821; initial_level: 658.299; final_level: 639.147
event: task_execution; timestamp: 422; task: 100; robot: 9; pos: (15, 35); time: 86.1821
event: battery_consumption; timestamp: 422; robot: 9; time: 86.1821; initial_level: 657.793; final_level: 638.641
event: task_resolution; timestamp: 508.182; task: 100; pos: (15, 35); status: COMPLETED; attempt: 1
event: battery_consumption; timestamp: 508.182; robot: 1; time: 5; initial_level: 609.196; final_level: 609.196
event: navigation; timestamp: 508.182; robot: 1; time: 5; src: (15, 35); dst: (20, 35)
event: battery_consumption; timestamp: 508.182; robot: 2; time: 5; initial_level: 639.147; final_level: 639.147
event: navigation; timestamp: 508.182; robot: 2; time: 5; src: (15, 35); dst: (20, 35)
event: battery_consumption; timestamp: 508.182; robot: 9; time: 63.6396; initial_level: 638.641; final_level: 638.641
event: navigation; timestamp: 508.182; robot: 9; time: 63.6396; src: (15, 35); dst: (-30, -10)
event: task_execution; timestamp: 417; task: 6; robot: 8; pos: (-24, -8); time: 99.7182
event: battery_consumption; timestamp: 417; robot: 8; time: 99.7182; initial_level: 576.352; final_level: 554.192
event: task_resolution; timestamp: 516.718; task: 6; pos: (-24, -8); status: FAILED; attempt: 1
event: battery_consumption; timestamp: 516.718; robot: 8; time: 6.32456; initial_level: 554.192; final_level: 554.192
event: navigation; timestamp: 516.718; robot: 8; time: 6.32456; src: (-24, -8); dst: (-30, -10)
event: task_execution; timestamp: 454.608; task: 61; robot: 10; pos: (10, -20); time: 85.8057
event: battery_consumption; timestamp: 454.608; robot: 10; time: 85.8057; initial_level: 674.588; final_level: 665.054
event: task_resolution; timestamp: 540.414; task: 61; pos: (10, -20); status: COMPLETED; attempt: 1
event: battery_consumption; timestamp: 540.414; robot: 10; time: 2; initial_level: 665.054; final_level: 665.054
event: navigation; timestamp: 540.414; robot: 10; time: 2; src: (10, -20); dst: (8, -20)
event: task_execution; timestamp: 517; task: 97; robot: 1; pos: (20, 35); time: 87.029
event: battery_consumption; timestamp: 517; robot: 1; time: 87.029; initial_level: 609.196; final_level: 580.187
event: task_execution; timestamp: 517; task: 97; robot: 2; pos: (20, 35); time: 87.029
event: battery_consumption; timestamp: 517; robot: 2; time: 87.029; initial_level: 639.147; final_level: 610.137
event: task_execution; timestamp: 517; task: 97; robot: 6; pos: (20, 35); time: 87.029
event: battery_consumption; timestamp: 517; robot: 6; time: 87.029; initial_level: 654.165; final_level: 625.156
event: task_resolution; timestamp: 604.029; task: 97; pos: (20, 35); status: COMPLETED; attempt: 1
event: battery_consumption; timestamp: 604.029; robot: 1; time: 7; initial_level: 580.187; final_level: 580.187
event: navigation; timestamp: 604.029; robot: 1; time: 7; src: (20, 35); dst: (27, 35)
event: battery_consumption; timestamp: 604.029; robot: 6; time: 68.7677; initial_level: 625.156; final_level: 625.156
event: navigation; timestamp: 604.029; robot: 6; time: 68.7677; src: (20, 35); dst: (-32, -10)
event: battery_consumption; timestamp: 604.029; robot: 2; time: 68.7677; initial_level: 610.137; final_level: 610.137
event: navigation; timestamp: 604.029; robot: 2; time: 68.7677; src: (20, 35); dst: (-32, -10)
event: task_execution; timestamp: 542.414; task: 64; robot: 10; pos: (8, -20); time: 89.2126
event: battery_consumption; timestamp: 542.414; robot: 10; time: 89.2126; initial_level: 665.054; final_level: 655.142
event: task_resolution; timestamp: 631.626; task: 64; pos: (8, -20); status: COMPLETED; attempt: 1
event: battery_consumption; timestamp: 631.626; robot: 10; time: 5.83095; initial_level: 655.142; final_level: 655.142
event: navigation; timestamp: 631.626; robot: 10; time: 5.83095; src: (8, -20); dst: (5, -15)
event: task_execution; timestamp: 571.822; task: 32; robot: 8; pos: (-30, -10); time: 83.8366
event: battery_consumption; timestamp: 571.822; robot: 8; time: 83.8366; initial_level: 554.192; final_level: 526.246
event: task_execution; timestamp: 571.822; task: 32; robot: 9; pos: (-30, -10); time: 83.8366
event: battery_consumption; timestamp: 571.822; robot: 9; time: 83.8366; initial_level: 638.641; final_level: 610.695
event: task_resolution; timestamp: 655.658; task: 32; pos: (-30, -10); status: FAILED; attempt: 1
event: battery_consumption; timestamp: 655.658; robot: 8; time: 5; initial_level: 526.246; final_level: 526.246
event: navigation; timestamp: 655.658; robot: 8; time: 5; src: (-30, -10); dst: (-30, -15)
event: battery_consumption; timestamp: 655.658; robot: 9; time: 5; initial_level: 610.695; final_level: 610.695
event: navigation; timestamp: 655.658; robot: 9; time: 5; src: (-30, -10); dst: (-30, -15)
event: task_execution; timestamp: 614; task: 92; robot: 1; pos: (27, 35); time: 100.397
event: battery_consumption; timestamp: 614; robot: 1; time: 100.397; initial_level: 580.187; final_level: 557.876
event: task_execution; timestamp: 614; task: 92; robot: 3; pos: (27, 35); time: 100.397
event: battery_consumption; timestamp: 614; robot: 3; time: 100.397; initial_level: 688.629; final_level: 666.318
event: task_resolution; timestamp: 714.397; task: 92; pos: (27, 35); status: COMPLETED; attempt: 1
event: battery_consumption; timestamp: 714.397; robot: 1; time: 3.60555; initial_level: 557.876; final_level: 557.876
event: navigation; timestamp: 714.397; robot: 1; time: 3.60555; src: (27, 35); dst: (25, 32)
event: battery_consumption; timestamp: 714.397; robot: 3; time: 13.4536; initial_level: 666.318; final_level: 666.318
event: navigation; timestamp: 714.397; robot: 3; time: 13.4536; src: (27, 35); dst: (18, 25)
event: task_execution; timestamp: 637.457; task: 69; robot: 10; pos: (5, -15); time: 102.26
event: battery_consumption; timestamp: 637.457; robot: 10; time: 102.26; initial_level: 655.142; final_level: 643.78
event: task_resolution; timestamp: 739.717; task: 69; pos: (5, -15); status: COMPLETED; attempt: 1
event: battery_consumption; timestamp: 739.717; robot: 10; time: 2; initial_level: 643.78; final_level: 643.78
event: navigation; timestamp: 739.717; robot: 10; time: 2; src: (5, -15); dst: (7, -15)
event: task_execution; timestamp: 672.797; task: 33; robot: 2; pos: (-32, -10); time: 82.5756
event: battery_consumption; timestamp: 672.797; robot: 2; time: 82.5756; initial_level: 610.137; final_level: 573.437
event: task_execution; timestamp: 672.797; task: 33; robot: 6; pos: (-32, -10); time: 82.5756
event: battery_consumption; timestamp: 672.797; robot: 6; time: 82.5756; initial_level: 625.156; final_level: 588.455
event: task_resolution; timestamp: 755.372; task: 33; pos: (-32, -10); status: FAILED; attempt: 1
event: battery_consumption; timestamp: 755.372; robot: 2; time: 5.83095; initial_level: 573.437; final_level: 573.437
event: navigation; timestamp: 755.372; robot: 2; time: 5.83095; src: (-32, -10); dst: (-35, -15)
event: battery_consumption; timestamp: 755.372; robot: 6; time: 5.83095; initial_level: 588.455; final_level: 588.455
event: navigation; timestamp: 755.372; robot: 6; time: 5.83095; src: (-32, -10); dst: (-35, -15)
event: task_execution; timestamp: 696; task: 68; robot: 5; pos: (2, -20); time: 88.1613
event: battery_consumption; timestamp: 696; robot: 5; time: 88.1613; initial_level: 687.778; final_level: 677.982
event: task_resolution; timestamp: 784.161; task: 68; pos: (2, -20); status: COMPLETED; attempt: 1
event: battery_consumption; timestamp: 784.161; robot: 5; time: 5.38516; initial_level: 677.982; final_level: 677.982
event: navigation; timestamp: 784.161; robot: 5; time: 5.38516; src: (2, -20); dst: (4, -25)
event: task_execution; timestamp: 701; task: 31; robot: 8; pos: (-30, -15); time: 90.8604
event: battery_consumption; timestamp: 701; robot: 8; time: 90.8604; initial_level: 526.246; final_level: 506.055
event: task_execution; timestamp: 701; task: 31; robot: 9; pos: (-30, -15); time: 90.8604
event: battery_consumption; timestamp: 701; robot: 9; time: 90.8604; initial_level: 610.695; final_level: 590.504
event: task_resolution; timestamp: 791.86; task: 31; pos: (-30, -15); status: COMPLETED; attempt: 1
event: battery_consumption; timestamp: 791.86; robot: 8; time: 37.7359; initial_level: 506.055; final_level: 506.055
event: navigation; timestamp: 791.86; robot: 8; time: 37.7359; src: (-30, -15); dst: (2, -35)
event: battery_consumption; timestamp: 791.86; robot: 9; time: 65.146; initial_level: 590.504; final_level: 590.504
event: navigation; timestamp: 791.86; robot: 9; time: 65.146; src: (-30, -15); dst: (32, 5)
event: task_execution; timestamp: 718.002; task: 94; robot: 1; pos: (25, 32); time: 91.9778
event: battery_consumption; timestamp: 718.002; robot: 1; time: 91.9778; initial_level: 557.876; final_level: 547.657
event: task_execution; timestamp: 718.002; task: 94; robot: 4; pos: (25, 32); time: 91.9778
event: battery_consumption; timestamp: 718.002; robot: 4; time: 91.9778; initial_level: 646.317; final_level: 636.097
event: task_resolution; timestamp: 809.98; task: 94; pos: (25, 32); status: COMPLETED; attempt: 1
event: battery_consumption; timestamp: 809.98; robot: 1; time: 3.60555; initial_level: 547.657; final_level: 547.657
event: navigation; timestamp: 809.98; robot: 1; time: 3.60555; src: (25, 32); dst: (22, 30)
event: battery_consumption; timestamp: 809.98; robot: 4; time: 75.5844; initial_level: 636.097; final_level: 636.097
event: navigation; timestamp: 809.98; robot: 4; time: 75.5844; src: (25, 32); dst: (2, -40)
event: battery_consumption; timestamp: 828; robot: 10; time: 45.2769; initial_level: 643.78; final_level: 643.78
event: navigation; timestamp: 828; robot: 10; time: 45.2769; src: (7, -15); dst: (-38, -10)
event: task_resolution; timestamp: 835.496; task: 66; pos: (7, -15); status: COMPLETED; attempt: 1
event: task_execution; timestamp: 796; task: 35; robot: 2; pos: (-35, -15); time: 81.4914
event: battery_consumption; timestamp: 796; robot: 2; time: 81.4914; initial_level: 573.437; final_level: 564.382
event: task_execution; timestamp: 796; task: 35; robot: 6; pos: (-35, -15); time: 81.4914
event: battery_consumption; timestamp: 796; robot: 6; time: 81.4914; initial_level: 588.455; final_level: 579.401
event: task_resolution; timestamp: 877.491; task: 35; pos: (-35, -15); status: FAILED; attempt: 1
event: battery_consumption; timestamp: 877.491; robot: 2; time: 5.83095; initial_level: 564.382; final_level: 564.382
event: navigation; timestamp: 877.491; robot: 2; time: 5.83095; src: (-35, -15); dst: (-38, -10)
event: battery_consumption; timestamp: 877.491; robot: 6; time: 5.83095; initial_level: 579.401; final_level: 579.401
event: navigation; timestamp: 877.491; robot: 6; time: 5.83095; src: (-35, -15); dst: (-38, -10)
event: task_execution; timestamp: 791; task: 65; robot: 5; pos: (4, -25); time: 87.7722
event: battery_consumption; timestamp: 791; robot: 5; time: 87.7722; initial_level: 677.982; final_level: 668.23
event: task_resolution; timestamp: 878.772; task: 65; pos: (4, -25); status: FAILED; attempt: 1
event: battery_consumption; timestamp: 878.772; robot: 5; time: 6.40312; initial_level: 668.23; final_level: 668.23
event: navigation; timestamp: 878.772; robot: 5; time: 6.40312; src: (4, -25); dst: (8, -30)
event: task_execution; timestamp: 813.585; task: 95; robot: 1; pos: (22, 30); time: 94.3958
event: battery_consumption; timestamp: 813.585; robot: 1; time: 94.3958; initial_level: 547.657; final_level: 516.191
event: task_execution; timestamp: 813.585; task: 95; robot: 7; pos: (22, 30); time: 94.3958
event: battery_consumption; timestamp: 813.585; robot: 7; time: 94.3958; initial_level: 681.012; final_level: 649.547
event: task_resolution; timestamp: 907.981; task: 95; pos: (22, 30); status: COMPLETED; attempt: 1
event: battery_consumption; timestamp: 907.981; robot: 7; time: 6.40312; initial_level: 649.547; final_level: 649.547
event: navigation; timestamp: 907.981; robot: 7; time: 6.40312; src: (22, 30); dst: (18, 25)
event: battery_consumption; timestamp: 907.981; robot: 1; time: 6.40312; initial_level: 516.191; final_level: 516.191
event: navigation; timestamp: 907.981; robot: 1; time: 6.40312; src: (22, 30); dst: (18, 25)
event: task_execution; timestamp: 887; task: 49; robot: 5; pos: (8, -30); time: 93.0826
event: battery_consumption; timestamp: 887; robot: 5; time: 93.0826; initial_level: 668.23; final_level: 657.887
event: task_resolution; timestamp: 980.083; task: 49; pos: (8, -30); status: FAILED; attempt: 1
event: battery_consumption; timestamp: 980.083; robot: 5; time: 7.81025; initial_level: 657.887; final_level: 657.887
event: navigation; timestamp: 980.083; robot: 5; time: 7.81025; src: (8, -30); dst: (2, -35)
event: task_execution; timestamp: 891; task: 37; robot: 2; pos: (-38, -10); time: 93.7793
event: battery_consumption; timestamp: 891; robot: 2; time: 93.7793; initial_level: 564.382; final_level: 543.543
event: task_execution; timestamp: 891; task: 37; robot: 6; pos: (-38, -10); time: 93.7793
event: battery_consumption; timestamp: 891; robot: 6; time: 93.7793; initial_level: 579.401; final_level: 558.561
event: task_execution; timestamp: 891; task: 37; robot: 10; pos: (-38, -10); time: 93.7793
event: battery_consumption; timestamp: 891; robot: 10; time: 93.7793; initial_level: 643.78; final_level: 622.94
event: task_resolution; timestamp: 984.779; task: 37; pos: (-38, -10); status: FAILED; attempt: 1
event: battery_consumption; timestamp: 984.779; robot: 10; time: 2; initial_level: 622.94; final_level: 622.94
event: navigation; timestamp: 984.779; robot: 10; time: 2; src: (-38, -10); dst: (-40, -10)
event: battery_consumption; timestamp: 984.779; robot: 2; time: 2; initial_level: 543.543; final_level: 543.543
event: navigation; timestamp: 984.779; robot: 2; time: 2; src: (-38, -10); dst: (-40, -10)
event: battery_consumption; timestamp: 984.779; robot: 6; time: 2; initial_level: 558.561; final_level: 558.561
event: navigation; timestamp: 984.779; robot: 6; time: 2; src: (-38, -10); dst: (-40, -10)
event: task_execution; timestamp: 914.384; task: 98; robot: 1; pos: (18, 25); time: 100.636
event: battery_consumption; timestamp: 914.384; robot: 1; time: 100.636; initial_level: 516.191; final_level: 493.828
event: task_execution; timestamp: 914.384; task: 98; robot: 3; pos: (18, 25); time: 100.636
event: battery_consumption; timestamp: 914.384; robot: 3; time: 100.636; initial_level: 666.318; final_level: 643.955
event: task_execution; timestamp: 914.384; task: 98; robot: 7; pos: (18, 25); time: 100.636
event: battery_consumption; timestamp: 914.384; robot: 7; time: 100.636; initial_level: 649.547; final_level: 627.183
event: task_resolution; timestamp: 1015.02; task: 98; pos: (18, 25); status: COMPLETED; attempt: 1
event: battery_consumption; timestamp: 1015.02; robot: 7; time: 5; initial_level: 627.183; final_level: 627.183
event: navigation; timestamp: 1015.02; robot: 7; time: 5; src: (18, 25); dst: (18, 20)
event: battery_consumption; timestamp: 1015.02; robot: 1; time: 7.2111; initial_level: 493.828; final_level: 493.828
event: navigation; timestamp: 1015.02; robot: 1; time: 7.2111; src: (18, 25); dst: (22, 19)
event: battery_consumption; timestamp: 1015.02; robot: 3; time: 71.3863; initial_level: 643.955; final_level: 643.955
event: navigation; timestamp: 1015.02; robot: 3; time: 71.3863; src: (18, 25); dst: (4, -45)
event: task_execution; timestamp: 986.779; task: 38; robot: 2; pos: (-40, -10); time: 77.4681
event: battery_consumption; timestamp: 986.779; robot: 2; time: 77.4681; initial_level: 543.543; final_level: 517.72
event: task_execution; timestamp: 986.779; task: 38; robot: 6; pos: (-40, -10); time: 77.4681
event: battery_consumption; timestamp: 986.779; robot: 6; time: 77.4681; initial_level: 558.561; final_level: 532.738
event: task_execution; timestamp: 986.779; task: 38; robot: 10; pos: (-40, -10); time: 77.4681
event: battery_consumption; timestamp: 986.779; robot: 10; time: 77.4681; initial_level: 622.94; final_level: 597.117
event: task_resolution; timestamp: 1064.25; task: 38; pos: (-40, -10); status: FAILED; attempt: 1
event: battery_consumption; timestamp: 1064.25; robot: 10; time: 5; initial_level: 597.117; final_level: 597.117
event: navigation; timestamp: 1064.25; robot: 10; time: 5; src: (-40, -10); dst: (-40, -5)
event: battery_consumption; timestamp: 1064.25; robot: 2; time: 5; initial_level: 517.72; final_level: 517.72
event: navigation; timestamp: 1064.25; robot: 2; time: 5; src: (-40, -10); dst: (-40, -5)
event: battery_consumption; timestamp: 1064.25; robot: 6; time: 5; initial_level: 532.738; final_level: 532.738
event: navigation; timestamp: 1064.25; robot: 6; time: 5; src: (-40, -10); dst: (-40, -5)
event: task_execution; timestamp: 1020.02; task: 7; robot: 7; pos: (18, 20); time: 80.0627
event: battery_consumption; timestamp: 1020.02; robot: 7; time: 80.0627; initial_level: 627.183; final_level: 609.391
event: task_resolution; timestamp: 1100.08; task: 7; pos: (18, 20); status: FAILED; attempt: 1
event: battery_consumption; timestamp: 1100.08; robot: 7; time: 10.198; initial_level: 609.391; final_level: 609.391
event: navigation; timestamp: 1100.08; robot: 7; time: 10.198; src: (18, 20); dst: (20, 10)
event: task_execution; timestamp: 987.893; task: 55; robot: 5; pos: (2, -35); time: 113.517
event: battery_consumption; timestamp: 987.893; robot: 5; time: 113.517; initial_level: 657.887; final_level: 645.274
event: task_execution; timestamp: 987.893; task: 55; robot: 8; pos: (2, -35); time: 113.517
event: battery_consumption; timestamp: 987.893; robot: 8; time: 113.517; initial_level: 506.055; final_level: 493.442
event: task_resolution; timestamp: 1101.41; task: 55; pos: (2, -35); status: FAILED; attempt: 1
event: battery_consumption; timestamp: 1101.41; robot: 5; time: 5; initial_level: 645.274; final_level: 645.274
event: navigation; timestamp: 1101.41; robot: 5; time: 5; src: (2, -35); dst: (2, -40)
event: battery_consumption; timestamp: 1101.41; robot: 8; time: 47.634; initial_level: 493.442; final_level: 493.442
event: navigation; timestamp: 1101.41; robot: 8; time: 47.634; src: (2, -35); dst: (-35, -5)
event: task_execution; timestamp: 1078; task: 39; robot: 2; pos: (-40, -5); time: 97.637
event: battery_consumption; timestamp: 1078; robot: 2; time: 97.637; initial_level: 517.72; final_level: 496.023
event: task_execution; timestamp: 1078; task: 39; robot: 6; pos: (-40, -5); time: 97.637
event: battery_consumption; timestamp: 1078; robot: 6; time: 97.637; initial_level: 532.738; final_level: 511.041
event: task_execution; timestamp: 1078; task: 39; robot: 10; pos: (-40, -5); time: 97.637
event: battery_consumption; timestamp: 1078; robot: 10; time: 97.637; initial_level: 597.117; final_level: 575.42
event: task_resolution; timestamp: 1175.64; task: 39; pos: (-40, -5); status: COMPLETED; attempt: 1
event: battery_consumption; timestamp: 1175.64; robot: 6; time: 5; initial_level: 511.041; final_level: 511.041
event: navigation; timestamp: 1175.64; robot: 6; time: 5; src: (-40, -5); dst: (-35, -5)
event: battery_consumption; timestamp: 1175.64; robot: 10; time: 56.5685; initial_level: 575.42; final_level: 575.42
event: navigation; timestamp: 1175.64; robot: 10; time: 56.5685; src: (-40, -5); dst: (0, -45)
event: battery_consumption; timestamp: 1175.64; robot: 2; time: 56.5685; initial_level: 496.023; final_level: 496.023
event: navigation; timestamp: 1175.64; robot: 2; time: 56.5685; src: (-40, -5); dst: (0, -45)
event: task_execution; timestamp: 1087; task: 3; robot: 1; pos: (22, 19); time: 91.7595
event: battery_consumption; timestamp: 1087; robot: 1; time: 91.7595; initial_level: 493.828; final_level: 483.632
event: task_resolution; timestamp: 1178.76; task: 3; pos: (22, 19); status: FAILED; attempt: 1
event: battery_consumption; timestamp: 1178.76; robot: 1; time: 3.60555; initial_level: 483.632; final_level: 483.632
event: navigation; timestamp: 1178.76; robot: 1; time: 3.60555; src: (22, 19); dst: (20, 16)
event: task_execution; timestamp: 1106.41; task: 54; robot: 4; pos: (2, -40); time: 97.6521
event: battery_consumption; timestamp: 1106.41; robot: 4; time: 97.6521; initial_level: 636.097; final_level: 592.696
event: task_execution; timestamp: 1106.41; task: 54; robot: 5; pos: (2, -40); time: 97.6521
event: battery_consumption; timestamp: 1106.41; robot: 5; time: 97.6521; initial_level: 645.274; final_level: 601.873
event: task_resolution; timestamp: 1204.06; task: 54; pos: (2, -40); status: FAILED; attempt: 1
event: battery_consumption; timestamp: 1204.06; robot: 5; time: 5.38516; initial_level: 601.873; final_level: 601.873
event: navigation; timestamp: 1204.06; robot: 5; time: 5.38516; src: (2, -40); dst: (4, -45)
event: battery_consumption; timestamp: 1204.06; robot: 4; time: 58.8982; initial_level: 592.696; final_level: 592.696
event: navigation; timestamp: 1204.06; robot: 4; time: 58.8982; src: (2, -40); dst: (-36, 5)
event: task_execution; timestamp: 1180.64; task: 36; robot: 6; pos: (-35, -5); time: 82.1284
event: battery_consumption; timestamp: 1180.64; robot: 6; time: 82.1284; initial_level: 511.041; final_level: 501.916
event: task_execution; timestamp: 1180.64; task: 36; robot: 8; pos: (-35, -5); time: 82.1284
event: battery_consumption; timestamp: 1180.64; robot: 8; time: 82.1284; initial_level: 493.442; final_level: 484.317
event: task_resolution; timestamp: 1262.77; task: 36; pos: (-35, -5); status: COMPLETED; attempt: 1
event: battery_consumption; timestamp: 1262.77; robot: 6; time: 3; initial_level: 501.916; final_level: 501.916
event: navigation; timestamp: 1262.77; robot: 6; time: 3; src: (-35, -5); dst: (-32, -5)
event: battery_consumption; timestamp: 1262.77; robot: 8; time: 3; initial_level: 484.317; final_level: 484.317
event: navigation; timestamp: 1262.77; robot: 8; time: 3; src: (-35, -5); dst: (-32, -5)
event: task_execution; timestamp: 1182.37; task: 4; robot: 1; pos: (20, 16); time: 93.127
event: battery_consumption; timestamp: 1182.37; robot: 1; time: 93.127; initial_level: 483.632; final_level: 473.285
event: task_resolution; timestamp: 1275.49; task: 4; pos: (20, 16); status: COMPLETED; attempt: 1
event: battery_consumption; timestamp: 1275.49; robot: 1; time: 4.47214; initial_level: 473.285; final_level: 473.285
event: navigation; timestamp: 1275.49; robot: 1; time: 4.47214; src: (20, 16); dst: (16, 14)
event: task_execution; timestamp: 1209.45; task: 53; robot: 3; pos: (4, -45); time: 81.5152
event: battery_consumption; timestamp: 1209.45; robot: 3; time: 81.5152; initial_level: 643.955; final_level: 625.84
event: task_execution; timestamp: 1209.45; task: 53; robot: 5; pos: (4, -45); time: 81.5152
event: battery_consumption; timestamp: 1209.45; robot: 5; time: 81.5152; initial_level: 601.873; final_level: 583.759
event: task_resolution; timestamp: 1290.96; task: 53; pos: (4, -45); status: FAILED; attempt: 1
event: battery_consumption; timestamp: 1290.96; robot: 3; time: 67.4166; initial_level: 625.84; final_level: 625.84
event: navigation; timestamp: 1290.96; robot: 3; time: 67.4166; src: (4, -45); dst: (-32, 12)
event: battery_consumption; timestamp: 1290.96; robot: 5; time: 6; initial_level: 583.759; final_level: 583.759
event: navigation; timestamp: 1290.96; robot: 5; time: 6; src: (4, -45); dst: (-2, -45)
event: task_execution; timestamp: 1270; task: 56; robot: 2; pos: (0, -45); time: 83.3054
event: battery_consumption; timestamp: 1270; robot: 2; time: 83.3054; initial_level: 496.023; final_level: 468.254
event: task_execution; timestamp: 1270; task: 56; robot: 10; pos: (0, -45); time: 83.3054
event: battery_consumption; timestamp: 1270; robot: 10; time: 83.3054; initial_level: 575.42; final_level: 547.652
event: task_resolution; timestamp: 1353.31; task: 56; pos: (0, -45); status: COMPLETED; attempt: 1
event: battery_consumption; timestamp: 1353.31; robot: 10; time: 2; initial_level: 547.652; final_level: 547.652
event: navigation; timestamp: 1353.31; robot: 10; time: 2; src: (0, -45); dst: (-2, -45)
event: battery_consumption; timestamp: 1353.31; robot: 2; time: 2; initial_level: 468.254; final_level: 468.254
event: navigation; timestamp: 1353.31; robot: 2; time: 2; src: (0, -45); dst: (-2, -45)
event: task_execution; timestamp: 1266; task: 34; robot: 6; pos: (-32, -5); time: 100.423
event: battery_consumption; timestamp: 1266; robot: 6; time: 100.423; initial_level: 501.916; final_level: 479.6
event: task_execution; timestamp: 1266; task: 34; robot: 8; pos: (-32, -5); time: 100.423
event: battery_consumption; timestamp: 1266; robot: 8; time: 100.423; initial_level: 484.317; final_level: 462.001
event: task_resolution; timestamp: 1366.42; task: 34; pos: (-32, -5); status: FAILED; attempt: 1
event: battery_consumption; timestamp: 1366.42; robot: 8; time: 21.8403; initial_level: 462.001; final_level: 462.001
event: navigation; timestamp: 1366.42; robot: 8; time: 21.8403; src: (-32, -5); dst: (-26, 16)
event: battery_consumption; timestamp: 1366.42; robot: 6; time: 48.2597; initial_level: 479.6; final_level: 479.6
event: navigation; timestamp: 1366.42; robot: 6; time: 48.2597; src: (-32, -5); dst: (-5, -45)
event: task_execution; timestamp: 1279.96; task: 89; robot: 1; pos: (16, 14); time: 91.2635
event: battery_consumption; timestamp: 1279.96; robot: 1; time: 91.2635; initial_level: 473.285; final_level: 463.145
event: task_resolution; timestamp: 1371.23; task: 89; pos: (16, 14); status: COMPLETED; attempt: 1
event: battery_consumption; timestamp: 1371.23; robot: 1; time: 5.65685; initial_level: 463.145; final_level: 463.145
event: navigation; timestamp: 1371.23; robot: 1; time: 5.65685; src: (16, 14); dst: (20, 10)
event: task_execution; timestamp: 1367; task: 28; robot: 4; pos: (-36, 5); time: 81.4656
event: battery_consumption; timestamp: 1367; robot: 4; time: 81.4656; initial_level: 592.696; final_level: 574.593
event: task_resolution; timestamp: 1448.47; task: 28; pos: (-36, 5); status: COMPLETED; attempt: 1
event: battery_consumption; timestamp: 1448.47; robot: 4; time: 58.8303; initial_level: 574.593; final_level: 574.593
event: navigation; timestamp: 1448.47; robot: 4; time: 58.8303; src: (-36, 5); dst: (-5, -45)
event: task_execution; timestamp: 1362; task: 58; robot: 2; pos: (-2, -45); time: 88.8224
event: battery_consumption; timestamp: 1362; robot: 2; time: 88.8224; initial_level: 468.254; final_level: 438.647
event: task_execution; timestamp: 1362; task: 58; robot: 5; pos: (-2, -45); time: 88.8224
event: battery_consumption; timestamp: 1362; robot: 5; time: 88.8224; initial_level: 583.759; final_level: 554.151
event: task_execution; timestamp: 1362; task: 58; robot: 10; pos: (-2, -45); time: 88.8224
event: battery_consumption; timestamp: 1362; robot: 10; time: 88.8224; initial_level: 547.652; final_level: 518.044
event: task_resolution; timestamp: 1450.82; task: 58; pos: (-2, -45); status: FAILED; attempt: 1
event: battery_consumption; timestamp: 1450.82; robot: 10; time: 3; initial_level: 518.044; final_level: 518.044
event: navigation; timestamp: 1450.82; robot: 10; time: 3; src: (-2, -45); dst: (-5, -45)
event: battery_consumption; timestamp: 1450.82; robot: 5; time: 16.1555; initial_level: 554.151; final_level: 554.151
event: navigation; timestamp: 1450.82; robot: 5; time: 16.1555; src: (-2, -45); dst: (-8, -30)
event: battery_consumption; timestamp: 1450.82; robot: 2; time: 20.3961; initial_level: 438.647; final_level: 438.647
event: navigation; timestamp: 1450.82; robot: 2; time: 20.3961; src: (-2, -45); dst: (-6, -25)
event: task_execution; timestamp: 1376.88; task: 91; robot: 1; pos: (20, 10); time: 76.6123
event: battery_consumption; timestamp: 1376.88; robot: 1; time: 76.6123; initial_level: 463.145; final_level: 454.632
event: task_execution; timestamp: 1376.88; task: 91; robot: 7; pos: (20, 10); time: 76.6123
event: battery_consumption; timestamp: 1376.88; robot: 7; time: 76.6123; initial_level: 609.391; final_level: 600.879
event: task_resolution; timestamp: 1453.5; task: 91; pos: (20, 10); status: COMPLETED; attempt: 1
event: battery_consumption; timestamp: 1453.5; robot: 7; time: 5; initial_level: 600.879; final_level: 600.879
event: navigation; timestamp: 1453.5; robot: 7; time: 5; src: (20, 10); dst: (25, 10)
event: battery_consumption; timestamp: 1453.5; robot: 1; time: 54.626; initial_level: 454.632; final_level: 454.632
event: navigation; timestamp: 1453.5; robot: 1; time: 54.626; src: (20, 10); dst: (-2, -40)
event: task_execution; timestamp: 1466; task: 88; robot: 7; pos: (25, 10); time: 86.6714
event: battery_consumption; timestamp: 1466; robot: 7; time: 86.6714; initial_level: 600.879; final_level: 571.988
event: task_resolution; timestamp: 1552.67; task: 88; pos: (25, 10); status: COMPLETED; attempt: 1
event: battery_consumption; timestamp: 1552.67; robot: 7; time: 56.8243; initial_level: 571.988; final_level: 571.988
event: navigation; timestamp: 1552.67; robot: 7; time: 56.8243; src: (25, 10); dst: (-2, -40)
event: task_execution; timestamp: 1465; task: 26; robot: 3; pos: (-32, 12); time: 89.3286
event: battery_consumption; timestamp: 1465; robot: 3; time: 89.3286; initial_level: 625.84; final_level: 615.915
event: task_resolution; timestamp: 1554.33; task: 26; pos: (-32, 12); status: FAILED; attempt: 1
event: battery_consumption; timestamp: 1554.33; robot: 3; time: 60.0333; initial_level: 615.915; final_level: 615.915
event: navigation; timestamp: 1554.33; robot: 3; time: 60.0333; src: (-32, 12); dst: (-2, -40)
event: task_execution; timestamp: 1507.3; task: 60; robot: 4; pos: (-5, -45); time: 74.9402
event: battery_consumption; timestamp: 1507.3; robot: 4; time: 74.9402; initial_level: 574.593; final_level: 557.939
event: task_execution; timestamp: 1507.3; task: 60; robot: 6; pos: (-5, -45); time: 74.9402
event: battery_consumption; timestamp: 1507.3; robot: 6; time: 74.9402; initial_level: 479.6; final_level: 462.946
event: task_execution; timestamp: 1507.3; task: 60; robot: 10; pos: (-5, -45); time: 74.9402
event: battery_consumption; timestamp: 1507.3; robot: 10; time: 74.9402; initial_level: 518.044; final_level: 501.391
event: task_resolution; timestamp: 1582.24; task: 60; pos: (-5, -45); status: COMPLETED; attempt: 1
event: battery_consumption; timestamp: 1582.24; robot: 6; time: 10.4403; initial_level: 462.946; final_level: 462.946
event: navigation; timestamp: 1582.24; robot: 6; time: 10.4403; src: (-5, -45); dst: (-2, -35)
event: battery_consumption; timestamp: 1582.24; robot: 4; time: 10.4403; initial_level: 557.939; final_level: 557.939
event: navigation; timestamp: 1582.24; robot: 4; time: 10.4403; src: (-5, -45); dst: (-2, -35)
event: battery_consumption; timestamp: 1582.24; robot: 10; time: 10.4403; initial_level: 501.391; final_level: 501.391
event: navigation; timestamp: 1582.24; robot: 10; time: 10.4403; src: (-5, -45); dst: (-2, -35)
event: task_execution; timestamp: 1563; task: 23; robot: 8; pos: (-26, 16); time: 90.7547
event: battery_consumption; timestamp: 1563; robot: 8; time: 90.7547; initial_level: 462.001; final_level: 451.917
event: task_resolution; timestamp: 1653.75; task: 23; pos: (-26, 16); status: COMPLETED; attempt: 1
event: battery_consumption; timestamp: 1653.75; robot: 8; time: 39.3954; initial_level: 451.917; final_level: 451.917
event: navigation; timestamp: 1653.75; robot: 8; time: 39.3954; src: (-26, 16); dst: (-10, -20)
event: task_execution; timestamp: 1614.36; task: 59; robot: 1; pos: (-2, -40); time: 85.0586
event: battery_consumption; timestamp: 1614.36; robot: 1; time: 85.0586; initial_level: 454.632; final_level: 445.181
event: task_execution; timestamp: 1614.36; task: 59; robot: 3; pos: (-2, -40); time: 85.0586
event: battery_consumption; timestamp: 1614.36; robot: 3; time: 85.0586; initial_level: 615.915; final_level: 606.464
event: task_execution; timestamp: 1614.36; task: 59; robot: 7; pos: (-2, -40); time: 85.0586
event: battery_consumption; timestamp: 1614.36; robot: 7; time: 85.0586; initial_level: 571.988; final_level: 562.537
event: task_resolution; timestamp: 1699.42; task: 59; pos: (-2, -40); status: FAILED; attempt: 1
event: battery_consumption; timestamp: 1699.42; robot: 7; time: 8.24621; initial_level: 562.537; final_level: 562.537
event: navigation; timestamp: 1699.42; robot: 7; time: 8.24621; src: (-2, -40); dst: (-4, -32)
event: battery_consumption; timestamp: 1699.42; robot: 3; time: 8.24621; initial_level: 606.464; final_level: 606.464
event: navigation; timestamp: 1699.42; robot: 3; time: 8.24621; src: (-2, -40); dst: (-4, -32)
event: battery_consumption; timestamp: 1699.42; robot: 1; time: 8.24621; initial_level: 445.181; final_level: 445.181
event: navigation; timestamp: 1699.42; robot: 1; time: 8.24621; src: (-2, -40); dst: (-4, -32)
event: task_execution; timestamp: 1645; task: 57; robot: 4; pos: (-2, -35); time: 88.2051
event: battery_consumption; timestamp: 1645; robot: 4; time: 88.2051; initial_level: 557.939; final_level: 518.737
event: task_execution; timestamp: 1645; task: 57; robot: 6; pos: (-2, -35); time: 88.2051
event: battery_consumption; timestamp: 1645; robot: 6; time: 88.2051; initial_level: 462.946; final_level: 423.744
event: task_execution; timestamp: 1645; task: 57; robot: 10; pos: (-2, -35); time: 88.2051
event: battery_consumption; timestamp: 1645; robot: 10; time: 88.2051; initial_level: 501.391; final_level: 462.188
event: task_resolution; timestamp: 1733.21; task: 57; pos: (-2, -35); status: FAILED; attempt: 1
event: battery_consumption; timestamp: 1733.21; robot: 6; time: 20.8087; initial_level: 423.744; final_level: 423.744
event: navigation; timestamp: 1733.21; robot: 6; time: 20.8087; src: (-2, -35); dst: (-14, -18)
event: battery_consumption; timestamp: 1733.21; robot: 10; time: 55.7136; initial_level: 462.188; final_level: 462.188
event: navigation; timestamp: 1733.21; robot: 10; time: 55.7136; src: (-2, -35); dst: (50, -15)
event: battery_consumption; timestamp: 1733.21; robot: 4; time: 53.6004; initial_level: 518.737; final_level: 518.737
event: navigation; timestamp: 1733.21; robot: 4; time: 53.6004; src: (-2, -35); dst: (30, 8)
event: task_execution; timestamp: 1739; task: 40; robot: 1; pos: (-4, -32); time: 92.629
event: battery_consumption; timestamp: 1739; robot: 1; time: 92.629; initial_level: 445.181; final_level: 434.889
event: task_execution; timestamp: 1739; task: 40; robot: 3; pos: (-4, -32); time: 92.629
event: battery_consumption; timestamp: 1739; robot: 3; time: 92.629; initial_level: 606.464; final_level: 596.172
event: task_execution; timestamp: 1739; task: 40; robot: 7; pos: (-4, -32); time: 92.629
event: battery_consumption; timestamp: 1739; robot: 7; time: 92.629; initial_level: 562.537; final_level: 552.245
event: task_resolution; timestamp: 1831.63; task: 40; pos: (-4, -32); status: COMPLETED; attempt: 1
event: battery_consumption; timestamp: 1831.63; robot: 7; time: 61.4003; initial_level: 552.245; final_level: 552.245
event: navigation; timestamp: 1831.63; robot: 7; time: 61.4003; src: (-4, -32); dst: (55, -15)
event: battery_consumption; timestamp: 1831.63; robot: 1; time: 18.0278; initial_level: 434.889; final_level: 434.889
event: navigation; timestamp: 1831.63; robot: 1; time: 18.0278; src: (-4, -32); dst: (-10, -15)
event: battery_consumption; timestamp: 1831.63; robot: 3; time: 39.598; initial_level: 596.172; final_level: 596.172
event: navigation; timestamp: 1831.63; robot: 3; time: 39.598; src: (-4, -32); dst: (24, -4)
event: task_execution; timestamp: 1752; task: 83; robot: 9; pos: (32, 5); time: 90.9138
event: battery_consumption; timestamp: 1752; robot: 9; time: 90.9138; initial_level: 590.504; final_level: 580.403
event: task_resolution; timestamp: 1842.91; task: 83; pos: (32, 5); status: COMPLETED; attempt: 1
event: battery_consumption; timestamp: 1842.91; robot: 9; time: 3; initial_level: 580.403; final_level: 580.403
event: navigation; timestamp: 1842.91; robot: 9; time: 3; src: (32, 5); dst: (35, 5)
event: battery_consumption; timestamp: 1881; robot: 4; time: 5; initial_level: 518.737; final_level: 518.737
event: navigation; timestamp: 1881; robot: 4; time: 5; src: (30, 8); dst: (26, 5)
event: task_resolution; timestamp: 1881.2; task: 84; pos: (30, 8); status: COMPLETED; attempt: 1
event: task_execution; timestamp: 1833; task: 44; robot: 5; pos: (-8, -30); time: 86.4699
event: battery_consumption; timestamp: 1833; robot: 5; time: 86.4699; initial_level: 554.151; final_level: 544.544
event: task_resolution; timestamp: 1919.47; task: 44; pos: (-8, -30); status: FAILED; attempt: 1
event: battery_consumption; timestamp: 1919.47; robot: 5; time: 12.2066; initial_level: 544.544; final_level: 544.544
event: navigation; timestamp: 1919.47; robot: 5; time: 12.2066; src: (-8, -30); dst: (-15, -20)
event: task_execution; timestamp: 1845.91; task: 82; robot: 9; pos: (35, 5); time: 83.016
event: battery_consumption; timestamp: 1845.91; robot: 9; time: 83.016; initial_level: 580.403; final_level: 561.955
event: task_resolution; timestamp: 1928.93; task: 82; pos: (35, 5); status: COMPLETED; attempt: 1
event: battery_consumption; timestamp: 1928.93; robot: 9; time: 14.2127; initial_level: 561.955; final_level: 561.955
event: navigation; timestamp: 1928.93; robot: 9; time: 14.2127; src: (35, 5); dst: (46, -4)
event: battery_consumption; timestamp: 1976; robot: 4; time: 45.3542; initial_level: 518.737; final_level: 518.737
event: navigation; timestamp: 1976; robot: 4; time: 45.3542; src: (26, 5); dst: (-18, 16)
event: task_resolution; timestamp: 1980.34; task: 86; pos: (26, 5); status: COMPLETED; attempt: 1
event: task_execution; timestamp: 1929; task: 46; robot: 2; pos: (-6, -25); time: 95.2556
event: battery_consumption; timestamp: 1929; robot: 2; time: 95.2556; initial_level: 438.647; final_level: 406.895
event: task_resolution; timestamp: 2024.26; task: 46; pos: (-6, -25); status: COMPLETED; attempt: 1
event: battery_consumption; timestamp: 2024.26; robot: 2; time: 58.2151; initial_level: 406.895; final_level: 406.895
event: navigation; timestamp: 2024.26; robot: 2; time: 58.2151; src: (-6, -25); dst: (52, -20)
event: task_execution; timestamp: 1949; task: 85; robot: 9; pos: (46, -4); time: 95.0609
event: battery_consumption; timestamp: 1949; robot: 9; time: 95.0609; initial_level: 561.955; final_level: 530.268
event: task_resolution; timestamp: 2044.06; task: 85; pos: (46, -4); status: COMPLETED; attempt: 1
event: battery_consumption; timestamp: 2044.06; robot: 9; time: 11.7047; initial_level: 530.268; final_level: 530.268
event: navigation; timestamp: 2044.06; robot: 9; time: 11.7047; src: (46, -4); dst: (50, -15)
event: task_execution; timestamp: 2025; task: 45; robot: 8; pos: (-10, -20); time: 95.2388
event: battery_consumption; timestamp: 2025; robot: 8; time: 95.2388; initial_level: 451.917; final_level: 441.335
event: task_resolution; timestamp: 2120.24; task: 45; pos: (-10, -20); status: COMPLETED; attempt: 1
event: battery_consumption; timestamp: 2120.24; robot: 8; time: 7.07107; initial_level: 441.335; final_level: 441.335
event: navigation; timestamp: 2120.24; robot: 8; time: 7.07107; src: (-10, -20); dst: (-15, -15)
event: task_execution; timestamp: 2055.77; task: 76; robot: 9; pos: (50, -15); time: 95.053
event: battery_consumption; timestamp: 2055.77; robot: 9; time: 95.053; initial_level: 530.268; final_level: 519.706
event: task_execution; timestamp: 2055.77; task: 76; robot: 10; pos: (50, -15); time: 95.053
event: battery_consumption; timestamp: 2055.77; robot: 10; time: 95.053; initial_level: 462.188; final_level: 451.627
event: task_resolution; timestamp: 2150.82; task: 76; pos: (50, -15); status: COMPLETED; attempt: 1
event: battery_consumption; timestamp: 2150.82; robot: 9; time: 5; initial_level: 519.706; final_level: 519.706
event: navigation; timestamp: 2150.82; robot: 9; time: 5; src: (50, -15); dst: (55, -15)
event: battery_consumption; timestamp: 2150.82; robot: 10; time: 11.1803; initial_level: 451.627; final_level: 451.627
event: navigation; timestamp: 2150.82; robot: 10; time: 11.1803; src: (50, -15); dst: (45, -25)
event: task_execution; timestamp: 2155.82; task: 71; robot: 7; pos: (55, -15); time: 84.6943
event: battery_consumption; timestamp: 2155.82; robot: 7; time: 84.6943; initial_level: 552.245; final_level: 533.424
event: task_execution; timestamp: 2155.82; task: 71; robot: 9; pos: (55, -15); time: 84.6943
event: battery_consumption; timestamp: 2155.82; robot: 9; time: 84.6943; initial_level: 519.706; final_level: 500.885
event: task_resolution; timestamp: 2240.51; task: 71; pos: (55, -15); status: FAILED; attempt: 1
event: battery_consumption; timestamp: 2240.51; robot: 9; time: 5; initial_level: 500.885; final_level: 500.885
event: navigation; timestamp: 2240.51; robot: 9; time: 5; src: (55, -15); dst: (55, -20)
event: battery_consumption; timestamp: 2240.51; robot: 7; time: 62.0725; initial_level: 533.424; final_level: 533.424
event: navigation; timestamp: 2240.51; robot: 7; time: 62.0725; src: (55, -15); dst: (-7, -18)
event: task_execution; timestamp: 2212; task: 50; robot: 6; pos: (-14, -18); time: 87.9692
event: battery_consumption; timestamp: 2212; robot: 6; time: 87.9692; initial_level: 423.744; final_level: 413.97
event: task_resolution; timestamp: 2299.97; task: 50; pos: (-14, -18); status: FAILED; attempt: 1
event: battery_consumption; timestamp: 2299.97; robot: 6; time: 2.23607; initial_level: 413.97; final_level: 413.97
event: navigation; timestamp: 2299.97; robot: 6; time: 2.23607; src: (-14, -18); dst: (-15, -20)
event: task_execution; timestamp: 2245.51; task: 70; robot: 9; pos: (55, -20); time: 87.4477
event: battery_consumption; timestamp: 2245.51; robot: 9; time: 87.4477; initial_level: 500.885; final_level: 471.736
event: task_resolution; timestamp: 2332.96; task: 70; pos: (55, -20); status: COMPLETED; attempt: 1
event: battery_consumption; timestamp: 2332.96; robot: 9; time: 3; initial_level: 471.736; final_level: 471.736
event: navigation; timestamp: 2332.96; robot: 9; time: 3; src: (55, -20); dst: (52, -20)
event: task_execution; timestamp: 2302.21; task: 51; robot: 5; pos: (-15, -20); time: 106.004
event: battery_consumption; timestamp: 2302.21; robot: 5; time: 106.004; initial_level: 544.544; final_level: 532.765
event: task_execution; timestamp: 2302.21; task: 51; robot: 6; pos: (-15, -20); time: 106.004
event: battery_consumption; timestamp: 2302.21; robot: 6; time: 106.004; initial_level: 413.97; final_level: 402.191
event: task_resolution; timestamp: 2408.21; task: 51; pos: (-15, -20); status: COMPLETED; attempt: 1
event: battery_consumption; timestamp: 2408.21; robot: 6; time: 5; initial_level: 402.191; final_level: 402.191
event: navigation; timestamp: 2408.21; robot: 6; time: 5; src: (-15, -20); dst: (-15, -15)
event: battery_consumption; timestamp: 2408.21; robot: 5; time: 62; initial_level: 532.765; final_level: 532.765
event: navigation; timestamp: 2408.21; robot: 5; time: 62; src: (-15, -20); dst: (47, -20)
event: task_execution; timestamp: 2335.96; task: 73; robot: 2; pos: (52, -20); time: 87.7548
event: battery_consumption; timestamp: 2335.96; robot: 2; time: 87.7548; initial_level: 406.895; final_level: 397.144
event: task_execution; timestamp: 2335.96; task: 73; robot: 9; pos: (52, -20); time: 87.7548
event: battery_consumption; timestamp: 2335.96; robot: 9; time: 87.7548; initial_level: 471.736; final_level: 461.986
event: task_resolution; timestamp: 2423.72; task: 73; pos: (52, -20); status: COMPLETED; attempt: 1
event: battery_consumption; timestamp: 2423.72; robot: 9; time: 8.60233; initial_level: 461.986; final_level: 461.986
event: navigation; timestamp: 2423.72; robot: 9; time: 8.60233; src: (52, -20); dst: (45, -25)
event: battery_consumption; timestamp: 2423.72; robot: 2; time: 8.60233; initial_level: 397.144; final_level: 397.144
event: navigation; timestamp: 2423.72; robot: 2; time: 8.60233; src: (52, -20); dst: (45, -25)
event: task_execution; timestamp: 2400; task: 47; robot: 1; pos: (-10, -15); time: 86.5683
event: battery_consumption; timestamp: 2400; robot: 1; time: 86.5683; initial_level: 434.889; final_level: 425.27
event: task_resolution; timestamp: 2486.57; task: 47; pos: (-10, -15); status: COMPLETED; attempt: 1
event: battery_consumption; timestamp: 2486.57; robot: 1; time: 3; initial_level: 425.27; final_level: 425.27
event: navigation; timestamp: 2486.57; robot: 1; time: 3; src: (-10, -15); dst: (-7, -15)
event: task_execution; timestamp: 2413.21; task: 52; robot: 6; pos: (-15, -15); time: 95.1216
event: battery_consumption; timestamp: 2413.21; robot: 6; time: 95.1216; initial_level: 402.191; final_level: 391.622
event: task_execution; timestamp: 2413.21; task: 52; robot: 8; pos: (-15, -15); time: 95.1216
event: battery_consumption; timestamp: 2413.21; robot: 8; time: 95.1216; initial_level: 441.335; final_level: 430.766
event: task_resolution; timestamp: 2508.33; task: 52; pos: (-15, -15); status: FAILED; attempt: 1
event: battery_consumption; timestamp: 2508.33; robot: 8; time: 35.1283; initial_level: 430.766; final_level: 430.766
event: navigation; timestamp: 2508.33; robot: 8; time: 35.1283; src: (-15, -15); dst: (-12, 20)
event: battery_consumption; timestamp: 2508.33; robot: 6; time: 53.2353; initial_level: 391.622; final_level: 391.622
event: navigation; timestamp: 2508.33; robot: 6; time: 53.2353; src: (-15, -15); dst: (38, -10)
event: task_execution; timestamp: 2424; task: 25; robot: 4; pos: (-18, 16); time: 95.4217
event: battery_consumption; timestamp: 2424; robot: 4; time: 95.4217; initial_level: 518.737; final_level: 476.328
event: task_resolution; timestamp: 2519.42; task: 25; pos: (-18, 16); status: COMPLETED; attempt: 1
event: battery_consumption; timestamp: 2519.42; robot: 4; time: 36.4005; initial_level: 476.328; final_level: 476.328
event: navigation; timestamp: 2519.42; robot: 4; time: 36.4005; src: (-18, 16); dst: (-5, -18)
event: task_execution; timestamp: 2433; task: 80; robot: 2; pos: (45, -25); time: 89.0435
event: battery_consumption; timestamp: 2433; robot: 2; time: 89.0435; initial_level: 397.144; final_level: 387.251
event: task_execution; timestamp: 2433; task: 80; robot: 9; pos: (45, -25); time: 89.0435
event: battery_consumption; timestamp: 2433; robot: 9; time: 89.0435; initial_level: 461.986; final_level: 452.092
event: task_execution; timestamp: 2433; task: 80; robot: 10; pos: (45, -25); time: 89.0435
event: battery_consumption; timestamp: 2433; robot: 10; time: 89.0435; initial_level: 451.627; final_level: 441.733
event: task_resolution; timestamp: 2522.04; task: 80; pos: (45, -25); status: COMPLETED; attempt: 1
event: battery_consumption; timestamp: 2522.04; robot: 10; time: 63.1348; initial_level: 441.733; final_level: 441.733
event: navigation; timestamp: 2522.04; robot: 10; time: 63.1348; src: (45, -25); dst: (-10, 6)
event: battery_consumption; timestamp: 2522.04; robot: 2; time: 64.6607; initial_level: 387.251; final_level: 387.251
event: navigation; timestamp: 2522.04; robot: 2; time: 64.6607; src: (45, -25); dst: (-5, 16)
event: battery_consumption; timestamp: 2522.04; robot: 9; time: 16.5529; initial_level: 452.092; final_level: 452.092
event: navigation; timestamp: 2522.04; robot: 9; time: 16.5529; src: (45, -25); dst: (38, -10)
event: task_execution; timestamp: 2493; task: 43; robot: 1; pos: (-7, -15); time: 97.7141
event: battery_consumption; timestamp: 2493; robot: 1; time: 97.7141; initial_level: 425.27; final_level: 414.413
event: task_resolution; timestamp: 2590.71; task: 43; pos: (-7, -15); status: COMPLETED; attempt: 1
event: battery_consumption; timestamp: 2590.71; robot: 1; time: 54.231; initial_level: 414.413; final_level: 414.413
event: navigation; timestamp: 2590.71; robot: 1; time: 54.231; src: (-7, -15); dst: (47, -20)
event: task_execution; timestamp: 2543.46; task: 9; robot: 8; pos: (-12, 20); time: 111.294
event: battery_consumption; timestamp: 2543.46; robot: 8; time: 111.294; initial_level: 430.766; final_level: 418.4
event: task_resolution; timestamp: 2654.75; task: 9; pos: (-12, 20); status: FAILED; attempt: 1
event: battery_consumption; timestamp: 2654.75; robot: 8; time: 50.6063; initial_level: 418.4; final_level: 418.4
event: navigation; timestamp: 2654.75; robot: 8; time: 50.6063; src: (-12, 20); dst: (32, -5)
event: task_execution; timestamp: 2586; task: 42; robot: 7; pos: (-7, -18); time: 102.517
event: battery_consumption; timestamp: 2586; robot: 7; time: 102.517; initial_level: 533.424; final_level: 510.643
event: task_resolution; timestamp: 2688.52; task: 42; pos: (-7, -18); status: FAILED; attempt: 1
event: battery_consumption; timestamp: 2688.52; robot: 7; time: 54.037; initial_level: 510.643; final_level: 510.643
event: navigation; timestamp: 2688.52; robot: 7; time: 54.037; src: (-7, -18); dst: (47, -20)
event: task_execution; timestamp: 2678; task: 41; robot: 4; pos: (-5, -18); time: 87.9567
event: battery_consumption; timestamp: 2678; robot: 4; time: 87.9567; initial_level: 476.328; final_level: 466.555
event: task_resolution; timestamp: 2765.96; task: 41; pos: (-5, -18); status: FAILED; attempt: 1
event: battery_consumption; timestamp: 2765.96; robot: 4; time: 8.06226; initial_level: 466.555; final_level: 466.555
event: navigation; timestamp: 2765.96; robot: 4; time: 8.06226; src: (-5, -18); dst: (-4, -10)
event: task_execution; timestamp: 2711; task: 10; robot: 2; pos: (-5, 16); time: 97.525
event: battery_consumption; timestamp: 2711; robot: 2; time: 97.525; initial_level: 387.251; final_level: 376.415
event: task_resolution; timestamp: 2808.52; task: 10; pos: (-5, 16); status: FAILED; attempt: 1
event: battery_consumption; timestamp: 2808.52; robot: 2; time: 50.2494; initial_level: 376.415; final_level: 376.415
event: navigation; timestamp: 2808.52; robot: 2; time: 50.2494; src: (-5, 16); dst: (38, -10)
event: task_execution; timestamp: 2742.55; task: 79; robot: 1; pos: (47, -20); time: 90.1404
event: battery_consumption; timestamp: 2742.55; robot: 1; time: 90.1404; initial_level: 414.413; final_level: 404.398
event: task_execution; timestamp: 2742.55; task: 79; robot: 5; pos: (47, -20); time: 90.1404
event: battery_consumption; timestamp: 2742.55; robot: 5; time: 90.1404; initial_level: 532.765; final_level: 522.75
event: task_execution; timestamp: 2742.55; task: 79; robot: 7; pos: (47, -20); time: 90.1404
event: battery_consumption; timestamp: 2742.55; robot: 7; time: 90.1404; initial_level: 510.643; final_level: 500.627
event: task_resolution; timestamp: 2832.69; task: 79; pos: (47, -20); status: FAILED; attempt: 1
event: battery_consumption; timestamp: 2832.69; robot: 1; time: 5.38516; initial_level: 404.398; final_level: 404.398
event: navigation; timestamp: 2832.69; robot: 1; time: 5.38516; src: (47, -20); dst: (45, -15)
event: battery_consumption; timestamp: 2832.69; robot: 5; time: 60.9016; initial_level: 522.75; final_level: 522.75
event: navigation; timestamp: 2832.69; robot: 5; time: 60.9016; src: (47, -20); dst: (-6, 10)
event: battery_consumption; timestamp: 2832.69; robot: 7; time: 65; initial_level: 500.627; final_level: 500.627
event: navigation; timestamp: 2832.69; robot: 7; time: 65; src: (47, -20); dst: (-5, 19)
event: task_execution; timestamp: 2776; task: 48; robot: 4; pos: (-4, -10); time: 82.9027
event: battery_consumption; timestamp: 2776; robot: 4; time: 82.9027; initial_level: 466.555; final_level: 457.343
event: task_resolution; timestamp: 2858.9; task: 48; pos: (-4, -10); status: FAILED; attempt: 1
event: battery_consumption; timestamp: 2858.9; robot: 4; time: 29.0172; initial_level: 457.343; final_level: 457.343
event: navigation; timestamp: 2858.9; robot: 4; time: 29.0172; src: (-4, -10); dst: (-5, 19)
event: task_execution; timestamp: 2838.08; task: 81; robot: 1; pos: (45, -15); time: 88.2691
event: battery_consumption; timestamp: 2838.08; robot: 1; time: 88.2691; initial_level: 404.398; final_level: 374.975
event: task_resolution; timestamp: 2926.35; task: 81; pos: (45, -15); status: COMPLETED; attempt: 1
event: battery_consumption; timestamp: 2926.35; robot: 1; time: 47.4342; initial_level: 374.975; final_level: 374.975
event: navigation; timestamp: 2926.35; robot: 1; time: 47.4342; src: (45, -15); dst: (0, 0)
event: robot_finished; timestamp: 2973.78; robot: 1; pos: (0, 0); battery: 374.975
event: battery_consumption; timestamp: 2938; robot: 4; time: 19.6469; initial_level: 457.343; final_level: 457.343
event: navigation; timestamp: 2938; robot: 4; time: 19.6469; src: (-5, 19); dst: (0, 0)
event: robot_finished; timestamp: 2957.65; robot: 4; pos: (0, 0); battery: 457.343
event: battery_consumption; timestamp: 2938; robot: 7; time: 19.6469; initial_level: 500.627; final_level: 500.627
event: navigation; timestamp: 2938; robot: 7; time: 19.6469; src: (-5, 19); dst: (0, 0)
event: robot_finished; timestamp: 2957.65; robot: 7; pos: (0, 0); battery: 500.627
event: task_execution; timestamp: 2858.77; task: 78; robot: 2; pos: (38, -10); time: 100.113
event: battery_consumption; timestamp: 2858.77; robot: 2; time: 100.113; initial_level: 376.415; final_level: 354.167
event: task_execution; timestamp: 2858.77; task: 78; robot: 6; pos: (38, -10); time: 100.113
event: battery_consumption; timestamp: 2858.77; robot: 6; time: 100.113; initial_level: 391.622; final_level: 369.375
event: task_execution; timestamp: 2858.77; task: 78; robot: 9; pos: (38, -10); time: 100.113
event: battery_consumption; timestamp: 2858.77; robot: 9; time: 100.113; initial_level: 452.092; final_level: 429.845
event: task_resolution; timestamp: 2958.89; task: 78; pos: (38, -10); status: COMPLETED; attempt: 1
event: battery_consumption; timestamp: 2958.89; robot: 9; time: 7.81025; initial_level: 429.845; final_level: 429.845
event: navigation; timestamp: 2958.89; robot: 9; time: 7.81025; src: (38, -10); dst: (32, -5)
event: battery_consumption; timestamp: 2958.89; robot: 2; time: 7.81025; initial_level: 354.167; final_level: 354.167
event: navigation; timestamp: 2958.89; robot: 2; time: 7.81025; src: (38, -10); dst: (32, -5)
event: battery_consumption; timestamp: 2958.89; robot: 6; time: 39.2938; initial_level: 369.375; final_level: 369.375
event: navigation; timestamp: 2958.89; robot: 6; time: 39.2938; src: (38, -10); dst: (0, 0)
event: robot_finished; timestamp: 2998.18; robot: 6; pos: (0, 0); battery: 369.375
event: task_execution; timestamp: 2893.6; task: 8; robot: 5; pos: (-6, 10); time: 97.5891
event: battery_consumption; timestamp: 2893.6; robot: 5; time: 97.5891; initial_level: 522.75; final_level: 501.063
event: task_resolution; timestamp: 2991.19; task: 8; pos: (-6, 10); status: FAILED; attempt: 1
event: battery_consumption; timestamp: 2991.19; robot: 5; time: 11.6619; initial_level: 501.063; final_level: 501.063
event: navigation; timestamp: 2991.19; robot: 5; time: 11.6619; src: (-6, 10); dst: (0, 0)
event: robot_finished; timestamp: 3002.85; robot: 5; pos: (0, 0); battery: 501.063
event: task_execution; timestamp: 2903; task: 21; robot: 10; pos: (-10, 6); time: 88.2011
event: battery_consumption; timestamp: 2903; robot: 10; time: 88.2011; initial_level: 441.733; final_level: 422.133
event: task_resolution; timestamp: 2991.2; task: 21; pos: (-10, 6); status: COMPLETED; attempt: 1
event: battery_consumption; timestamp: 2991.2; robot: 10; time: 11.6619; initial_level: 422.133; final_level: 422.133
event: navigation; timestamp: 2991.2; robot: 10; time: 11.6619; src: (-10, 6); dst: (0, 0)
event: robot_finished; timestamp: 3002.86; robot: 10; pos: (0, 0); battery: 422.133
event: task_resolution; timestamp: 2994.95; task: 11; pos: (-5, 19); status: FAILED; attempt: 1
event: task_execution; timestamp: 2966.7; task: 77; robot: 2; pos: (32, -5); time: 73.1168
event: battery_consumption; timestamp: 2966.7; robot: 2; time: 73.1168; initial_level: 354.167; final_level: 346.043
event: task_execution; timestamp: 2966.7; task: 77; robot: 8; pos: (32, -5); time: 73.1168
event: battery_consumption; timestamp: 2966.7; robot: 8; time: 73.1168; initial_level: 418.4; final_level: 410.275
event: task_execution; timestamp: 2966.7; task: 77; robot: 9; pos: (32, -5); time: 73.1168
event: battery_consumption; timestamp: 2966.7; robot: 9; time: 73.1168; initial_level: 429.845; final_level: 421.72
event: task_resolution; timestamp: 3039.81; task: 77; pos: (32, -5); status: FAILED; attempt: 1
event: battery_consumption; timestamp: 3039.81; robot: 9; time: 11.1803; initial_level: 421.72; final_level: 421.72
event: navigation; timestamp: 3039.81; robot: 9; time: 11.1803; src: (32, -5); dst: (22, -10)
event: battery_consumption; timestamp: 3039.81; robot: 2; time: 32.3883; initial_level: 346.043; final_level: 346.043
event: navigation; timestamp: 3039.81; robot: 2; time: 32.3883; src: (32, -5); dst: (0, 0)
event: robot_finished; timestamp: 3072.2; robot: 2; pos: (0, 0); battery: 346.043
event: battery_consumption; timestamp: 3039.81; robot: 8; time: 32.3883; initial_level: 410.275; final_level: 410.275
event: navigation; timestamp: 3039.81; robot: 8; time: 32.3883; src: (32, -5); dst: (0, 0)
event: robot_finished; timestamp: 3072.2; robot: 8; pos: (0, 0); battery: 410.275
event: task_execution; timestamp: 2955; task: 87; robot: 3; pos: (24, -4); time: 95.2137
event: battery_consumption; timestamp: 2955; robot: 3; time: 95.2137; initial_level: 596.172; final_level: 575.013
event: task_resolution; timestamp: 3050.21; task: 87; pos: (24, -4); status: COMPLETED; attempt: 1
event: battery_consumption; timestamp: 3050.21; robot: 3; time: 6.32456; initial_level: 575.013; final_level: 575.013
event: navigation; timestamp: 3050.21; robot: 3; time: 6.32456; src: (24, -4); dst: (22, -10)
event: task_execution; timestamp: 3056.54; task: 96; robot: 3; pos: (22, -10); time: 95.2318
event: battery_consumption; timestamp: 3056.54; robot: 3; time: 95.2318; initial_level: 575.013; final_level: 564.432
event: task_execution; timestamp: 3056.54; task: 96; robot: 9; pos: (22, -10); time: 95.2318
event: battery_consumption; timestamp: 3056.54; robot: 9; time: 95.2318; initial_level: 421.72; final_level: 411.139
event: task_resolution; timestamp: 3151.77; task: 96; pos: (22, -10); status: COMPLETED; attempt: 1
event: battery_consumption; timestamp: 3151.77; robot: 9; time: 15.1327; initial_level: 411.139; final_level: 411.139
event: navigation; timestamp: 3151.77; robot: 9; time: 15.1327; src: (22, -10); dst: (20, 5)
event: battery_consumption; timestamp: 3151.77; robot: 3; time: 24.1661; initial_level: 564.432; final_level: 564.432
event: navigation; timestamp: 3151.77; robot: 3; time: 24.1661; src: (22, -10); dst: (0, 0)
event: robot_finished; timestamp: 3175.94; robot: 3; pos: (0, 0); battery: 564.432
event: task_execution; timestamp: 3166.9; task: 90; robot: 9; pos: (20, 5); time: 103.216
event: battery_consumption; timestamp: 3166.9; robot: 9; time: 103.216; initial_level: 411.139; final_level: 399.671
event: task_resolution; timestamp: 3270.12; task: 90; pos: (20, 5); status: COMPLETED; attempt: 1
event: battery_consumption; timestamp: 3270.12; robot: 9; time: 20.6155; initial_level: 399.671; final_level: 399.671
event: navigation; timestamp: 3270.12; robot: 9; time: 20.6155; src: (20, 5); dst: (0, 0)
event: robot_finished; timestamp: 3290.73; robot: 9; pos: (0, 0); battery: 399.671
metric: available_agents; value: 0
metric: failed_agents; value: 0
metric: finished_agents; value: 10
metric: completed_tasks; value: 56
metric: pending_tasks; value: 0
metric: failed_tasks; value: 44
metric: average_robot_makespan; value: 3050.4
metric: sd_robot_makespan; value: 107.907
metric: max_robot_makespan; value: 3290.73
metric: min_robot_makespan; value: 2957.65
metric: average_robot_travel_distance; value: 354.253
metric: sd_robot_travel_distance; value: 74.2324
metric: max_robot_travel_distance; value: 479.051
metric: min_robot_travel_distance; value: 240.158
metric: sum_robot_travel_distance; value: 3542.53
metric: average_completed_tasks_by_robot; value: 0
metric: sd_completed_tasks_by_robot; value: 0
metric: max_completed_tasks_by_robot; value: 0
metric: min_completed_tasks_by_robot; value: 0
metric: final_reward; value: 0.56
metric: computing_time; value: 1.88325
