info: solver_name; value: greedy
info: reward_function; value: reward00
info: replica; value: 1
info: filename; value: ../logs/prueba/c206_10r_100t_cdb2cd8a_greedy_reward00_001.log
info: scenario_name; value: c206_10r_100t_cdb2cd8a
info: scenario_name; value: c206_10r_100t_cdb2cd8a
info: number_of_tasks; value: 100
info: number_of_robots; value: 10
info: number_of_recharging_stations; value: 1
info: scenario_size; value: (132,132)
event: recharging_station_spawn; timestamp: 0; recharging_station: 1; pos: (0, 0)
event: task_spawn; timestamp: 0; task: 1; pos: (12, 25); earliest_start: 213; latest_start: 568; state: PENDING; required_workers: 1; success_prob: 0.2; max_attempts: 1
event: task_spawn; timestamp: 0; task: 2; pos: (5, 20); earliest_start: 22; latest_start: 563; state: PENDING; required_workers: 1; success_prob: 0.2; max_attempts: 1
event: task_spawn; timestamp: 0; task: 3; pos: (22, 19); earliest_start: 1030; latest_start: 1463; state: PENDING; required_workers: 1; success_prob: 0.2; max_attempts: 1
event: task_spawn; timestamp: 0; task: 4; pos: (20, 16); earliest_start: 1154; latest_start: 1527; state: PENDING; required_workers: 1; success_prob: 0.2; max_attempts: 1
event: task_spawn; timestamp: 0; task: 5; pos: (2, 15); earliest_start: 15; latest_start: 402; state: PENDING; required_workers: 1; success_prob: 0.2; max_attempts: 1
event: task_spawn; timestamp: 0; task: 6; pos: (-24, -8); earliest_start: 331; latest_start: 822; state: PENDING; required_workers: 1; success_prob: 0.2; max_attempts: 1
event: task_spawn; timestamp: 0; task: 7; pos: (18, 20); earliest_start: 965; latest_start: 1340; state: PENDING; required_workers: 1; success_prob: 0.2; max_attempts: 1
event: task_spawn; timestamp: 0; task: 8; pos: (-6, 10); earliest_start: 2653; latest_start: 3280; state: PENDING; required_workers: 1; success_prob: 0.2; max_attempts: 1
event: task_spawn; timestamp: 0; task: 9; pos: (-12, 20); earliest_start: 2385; latest_start: 2976; state: PENDING; required_workers: 1; success_prob: 0.2; max_attempts: 1
event: task_spawn; timestamp: 0; task: 10; pos: (-5, 16); earliest_start: 2628; latest_start: 3113; state: PENDING; required_workers: 1; success_prob: 0.2; max_attempts: 1
event: task_spawn; timestamp: 0; task: 11; pos: (-5, 19); earliest_start: 2603; latest_start: 2952; state: PENDING; required_workers: 2; success_prob: 0.2; max_attempts: 1
event: task_spawn; timestamp: 0; task: 12; pos: (-15, 35); earliest_start: 1985; latest_start: 2412; state: PENDING; required_workers: 2; success_prob: 0.2; max_attempts: 1
event: task_spawn; timestamp: 0; task: 13; pos: (-18, 25); earliest_start: 2310; latest_start: 2659; state: PENDING; required_workers: 2; success_prob: 0.2; max_attempts: 1
event: task_spawn; timestamp: 0; task: 14; pos: (-18, 35); earliest_start: 1846; latest_start: 2365; state: PENDING; required_workers: 2; success_prob: 0.2; max_attempts: 1
event: task_spawn; timestamp: 0; task: 15; pos: (-20, 30); earliest_start: 2077; latest_start: 2514; state: PENDING; required_workers: 2; success_prob: 0.2; max_attempts: 1
event: task_spawn; timestamp: 0; task: 16; pos: (-20, 35); earliest_start: 1763; latest_start: 2264; state: PENDING; required_workers: 2; success_prob: 0.2; max_attempts: 1
event: task_spawn; timestamp: 0; task: 17; pos: (-22, 25); earliest_start: 2143; latest_start: 2638; state: PENDING; required_workers: 3; success_prob: 0.2; max_attempts: 1
event: task_spawn; timestamp: 0; task: 18; pos: (-25, 25); earliest_start: 1560; latest_start: 2083; state: PENDING; required_workers: 3; success_prob: 0.2; max_attempts: 1
event: task_spawn; timestamp: 0; task: 19; pos: (-25, 30); earliest_start: 1689; latest_start: 2144; state: PENDING; required_workers: 3; success_prob: 0.2; max_attempts: 1
event: task_spawn; timestamp: 0; task: 20; pos: (-10, 0); earliest_start: 10; latest_start: 645; state: PENDING; required_workers: 3; success_prob: 0.2; max_attempts: 1
event: task_spawn; timestamp: 0; task: 21; pos: (-10, 6); earliest_start: 2675; latest_start: 3288; state: PENDING; required_workers: 1; success_prob: 0.4; max_attempts: 1
event: task_spawn; timestamp: 0; task: 22; pos: (-12, 2); earliest_start: 12; latest_start: 505; state: PENDING; required_workers: 1; success_prob: 0.4; max_attempts: 1
event: task_spawn; timestamp: 0; task: 23; pos: (-26, 16); earliest_start: 1519; latest_start: 1926; state: PENDING; required_workers: 1; success_prob: 0.4; max_attempts: 1
event: task_spawn; timestamp: 0; task: 24; pos: (-15, 0); earliest_start: 23; latest_start: 368; state: PENDING; required_workers: 1; success_prob: 0.4; max_attempts: 1
event: task_spawn; timestamp: 0; task: 25; pos: (-18, 16); earliest_start: 2380; latest_start: 2787; state: PENDING; required_workers: 1; success_prob: 0.4; max_attempts: 1
event: task_spawn; timestamp: 0; task: 26; pos: (-32, 12); earliest_start: 1330; latest_start: 1919; state: PENDING; required_workers: 1; success_prob: 0.4; max_attempts: 1
event: task_spawn; timestamp: 0; task: 27; pos: (-17, 2); earliest_start: 93; latest_start: 484; state: PENDING; required_workers: 1; success_prob: 0.4; max_attempts: 1
event: task_spawn; timestamp: 0; task: 28; pos: (-36, 5); earliest_start: 1268; latest_start: 1785; state: PENDING; required_workers: 1; success_prob: 0.4; max_attempts: 1
event: task_spawn; timestamp: 0; task: 29; pos: (-20, 0); earliest_start: 168; latest_start: 787; state: PENDING; required_workers: 1; success_prob: 0.4; max_attempts: 1
event: task_spawn; timestamp: 0; task: 30; pos: (-20, 5); earliest_start: 170; latest_start: 595; state: PENDING; required_workers: 1; success_prob: 0.4; max_attempts: 1
event: task_spawn; timestamp: 0; task: 31; pos: (-30, -15); earliest_start: 585; latest_start: 1136; state: PENDING; required_workers: 2; success_prob: 0.4; max_attempts: 1
event: task_spawn; timestamp: 0; task: 32; pos: (-30, -10); earliest_start: 448; latest_start: 897; state: PENDING; required_workers: 2; success_prob: 0.4; max_attempts: 1
event: task_spawn; timestamp: 0; task: 33; pos: (-32, -10); earliest_start: 499; latest_start: 1030; state: PENDING; required_workers: 2; success_prob: 0.4; max_attempts: 1
event: task_spawn; timestamp: 0; task: 34; pos: (-32, -5); earliest_start: 1190; latest_start: 1661; state: PENDING; required_workers: 2; success_prob: 0.4; max_attempts: 1
event: task_spawn; timestamp: 0; task: 35; pos: (-35, -15); earliest_start: 666; latest_start: 1245; state: PENDING; required_workers: 2; success_prob: 0.4; max_attempts: 1
event: task_spawn; timestamp: 0; task: 36; pos: (-35, -5); earliest_start: 1076; latest_start: 1589; state: PENDING; required_workers: 2; success_prob: 0.4; max_attempts: 1
event: task_spawn; timestamp: 0; task: 37; pos: (-38, -10); earliest_start: 772; latest_start: 1329; state: PENDING; required_workers: 3; success_prob: 0.4; max_attempts: 1
event: task_spawn; timestamp: 0; task: 38; pos: (-40, -10); earliest_start: 890; latest_start: 1395; state: PENDING; required_workers: 3; success_prob: 0.4; max_attempts: 1
event: task_spawn; timestamp: 0; task: 39; pos: (-40, -5); earliest_start: 1036; latest_start: 1439; state: PENDING; required_workers: 3; success_prob: 0.4; max_attempts: 1
event: task_spawn; timestamp: 0; task: 40; pos: (-4, -32); earliest_start: 1612; latest_start: 2185; state: PENDING; required_workers: 3; success_prob: 0.4; max_attempts: 1
event: task_spawn; timestamp: 0; task: 41; pos: (-5, -18); earliest_start: 2599; latest_start: 3076; state: PENDING; required_workers: 1; success_prob: 0.6; max_attempts: 1
event: task_spawn; timestamp: 0; task: 42; pos: (-7, -18); earliest_start: 2529; latest_start: 2962; state: PENDING; required_workers: 1; success_prob: 0.6; max_attempts: 1
event: task_spawn; timestamp: 0; task: 43; pos: (-7, -15); earliest_start: 2463; latest_start: 2842; state: PENDING; required_workers: 1; success_prob: 0.6; max_attempts: 1
event: task_spawn; timestamp: 0; task: 44; pos: (-8, -30); earliest_start: 1745; latest_start: 2240; state: PENDING; required_workers: 1; success_prob: 0.6; max_attempts: 1
event: task_spawn; timestamp: 0; task: 45; pos: (-10, -20); earliest_start: 1932; latest_start: 2437; state: PENDING; required_workers: 1; success_prob: 0.6; max_attempts: 1
event: task_spawn; timestamp: 0; task: 46; pos: (-6, -25); earliest_start: 1884; latest_start: 2293; state: PENDING; required_workers: 1; success_prob: 0.6; max_attempts: 1
event: task_spawn; timestamp: 0; task: 47; pos: (-10, -15); earliest_start: 2348; latest_start: 2771; state: PENDING; required_workers: 1; success_prob: 0.6; max_attempts: 1
event: task_spawn; timestamp: 0; task: 48; pos: (-4, -10); earliest_start: 2715; latest_start: 3156; state: PENDING; required_workers: 1; success_prob: 0.6; max_attempts: 1
event: task_spawn; timestamp: 0; task: 49; pos: (8, -30); earliest_start: 812; latest_start: 1281; state: PENDING; required_workers: 1; success_prob: 0.6; max_attempts: 1
event: task_spawn; timestamp: 0; task: 50; pos: (-14, -18); earliest_start: 2018; latest_start: 2725; state: PENDING; required_workers: 1; success_prob: 0.6; max_attempts: 1
event: task_spawn; timestamp: 0; task: 51; pos: (-15, -20); earliest_start: 2015; latest_start: 2544; state: PENDING; required_workers: 2; success_prob: 0.6; max_attempts: 1
event: task_spawn; timestamp: 0; task: 52; pos: (-15, -15); earliest_start: 2201; latest_start: 2728; state: PENDING; required_workers: 2; success_prob: 0.6; max_attempts: 1
event: task_spawn; timestamp: 0; task: 53; pos: (4, -45); earliest_start: 1078; latest_start: 1593; state: PENDING; required_workers: 2; success_prob: 0.6; max_attempts: 1
event: task_spawn; timestamp: 0; task: 54; pos: (2, -40); earliest_start: 998; latest_start: 1481; state: PENDING; required_workers: 2; success_prob: 0.6; max_attempts: 1
event: task_spawn; timestamp: 0; task: 55; pos: (2, -35); earliest_start: 897; latest_start: 1392; state: PENDING; required_workers: 2; success_prob: 0.6; max_attempts: 1
event: task_spawn; timestamp: 0; task: 56; pos: (0, -45); earliest_start: 1199; latest_start: 1660; state: PENDING; required_workers: 2; success_prob: 0.6; max_attempts: 1
event: task_spawn; timestamp: 0; task: 57; pos: (-2, -35); earliest_start: 1552; latest_start: 2057; state: PENDING; required_workers: 3; success_prob: 0.6; max_attempts: 1
event: task_spawn; timestamp: 0; task: 58; pos: (-2, -45); earliest_start: 1263; latest_start: 1780; state: PENDING; required_workers: 3; success_prob: 0.6; max_attempts: 1
event: task_spawn; timestamp: 0; task: 59; pos: (-2, -40); earliest_start: 1498; latest_start: 1921; state: PENDING; required_workers: 3; success_prob: 0.6; max_attempts: 1
event: task_spawn; timestamp: 0; task: 60; pos: (-5, -45); earliest_start: 1325; latest_start: 1904; state: PENDING; required_workers: 3; success_prob: 0.6; max_attempts: 1
event: task_spawn; timestamp: 0; task: 61; pos: (10, -20); earliest_start: 223; latest_start: 738; state: PENDING; required_workers: 1; success_prob: 0.8; max_attempts: 1
event: task_spawn; timestamp: 0; task: 62; pos: (10, -15); earliest_start: 18; latest_start: 474; state: PENDING; required_workers: 1; success_prob: 0.8; max_attempts: 1
event: task_spawn; timestamp: 0; task: 63; pos: (10, -10); earliest_start: 14; latest_start: 360; state: PENDING; required_workers: 1; success_prob: 0.8; max_attempts: 1
event: task_spawn; timestamp: 0; task: 64; pos: (8, -20); earliest_start: 246; latest_start: 899; state: PENDING; required_workers: 1; success_prob: 0.8; max_attempts: 1
event: task_spawn; timestamp: 0; task: 65; pos: (4, -25); earliest_start: 704; latest_start: 1197; state: PENDING; required_workers: 1; success_prob: 0.8; max_attempts: 1
event: task_spawn; timestamp: 0; task: 66; pos: (7, -15); earliest_start: 393; latest_start: 942; state: PENDING; required_workers: 1; success_prob: 0.8; max_attempts: 1
event: task_spawn; timestamp: 0; task: 67; pos: (7, -10); earliest_start: 12; latest_start: 424; state: PENDING; required_workers: 1; success_prob: 0.8; max_attempts: 1
event: task_spawn; timestamp: 0; task: 68; pos: (2, -20); earliest_start: 641; latest_start: 1070; state: PENDING; required_workers: 1; success_prob: 0.8; max_attempts: 1
event: task_spawn; timestamp: 0; task: 69; pos: (5, -15); earliest_start: 534; latest_start: 985; state: PENDING; required_workers: 1; success_prob: 0.8; max_attempts: 1
event: task_spawn; timestamp: 0; task: 70; pos: (55, -20); earliest_start: 2119; latest_start: 2682; state: PENDING; required_workers: 1; success_prob: 0.8; max_attempts: 1
event: task_spawn; timestamp: 0; task: 71; pos: (55, -15); earliest_start: 2079; latest_start: 2532; state: PENDING; required_workers: 2; success_prob: 0.8; max_attempts: 1
event: task_spawn; timestamp: 0; task: 72; pos: (13, -20); earliest_start: 131; latest_start: 644; state: PENDING; required_workers: 2; success_prob: 0.8; max_attempts: 1
event: task_spawn; timestamp: 0; task: 73; pos: (52, -20); earliest_start: 2169; latest_start: 2818; state: PENDING; required_workers: 2; success_prob: 0.8; max_attempts: 1
event: task_spawn; timestamp: 0; task: 74; pos: (13, -15); earliest_start: 87; latest_start: 498; state: PENDING; required_workers: 2; success_prob: 0.8; max_attempts: 1
event: task_spawn; timestamp: 0; task: 75; pos: (5, 15); earliest_start: 15; latest_start: 607; state: PENDING; required_workers: 2; success_prob: 0.8; max_attempts: 1
event: task_spawn; timestamp: 0; task: 76; pos: (50, -15); earliest_start: 2002; latest_start: 2419; state: PENDING; required_workers: 2; success_prob: 0.8; max_attempts: 1
event: task_spawn; timestamp: 0; task: 77; pos: (32, -5); earliest_start: 2701; latest_start: 3258; state: PENDING; required_workers: 3; success_prob: 0.8; max_attempts: 1
event: task_spawn; timestamp: 0; task: 78; pos: (38, -10); earliest_start: 2599; latest_start: 3164; state: PENDING; required_workers: 3; success_prob: 0.8; max_attempts: 1
event: task_spawn; timestamp: 0; task: 79; pos: (47, -20); earliest_start: 2505; latest_start: 2870; state: PENDING; required_workers: 3; success_prob: 0.8; max_attempts: 1
event: task_spawn; timestamp: 0; task: 80; pos: (45, -25); earliest_start: 2369; latest_start: 2816; state: PENDING; required_workers: 3; success_prob: 0.8; max_attempts: 1
event: task_spawn; timestamp: 0; task: 81; pos: (45, -15); earliest_start: 2563; latest_start: 3002; state: PENDING; required_workers: 1; success_prob: 1; max_attempts: 1
event: task_spawn; timestamp: 0; task: 82; pos: (35, 5); earliest_start: 1783; latest_start: 2226; state: PENDING; required_workers: 1; success_prob: 1; max_attempts: 1
event: task_spawn; timestamp: 0; task: 83; pos: (32, 5); earliest_start: 1591; latest_start: 2232; state: PENDING; required_workers: 1; success_prob: 1; max_attempts: 1
event: task_spawn; timestamp: 0; task: 84; pos: (30, 8); earliest_start: 1513; latest_start: 1928; state: PENDING; required_workers: 1; success_prob: 1; max_attempts: 1
event: task_spawn; timestamp: 0; task: 85; pos: (46, -4); earliest_start: 1829; latest_start: 2388; state: PENDING; required_workers: 1; success_prob: 1; max_attempts: 1
event: task_spawn; timestamp: 0; task: 86; pos: (26, 5); earliest_start: 1604; latest_start: 2027; state: PENDING; required_workers: 1; success_prob: 1; max_attempts: 1
event: task_spawn; timestamp: 0; task: 87; pos: (24, -4); earliest_start: 2976; latest_start: 3275; state: PENDING; required_workers: 1; success_prob: 1; max_attempts: 1
event: task_spawn; timestamp: 0; task: 88; pos: (25, 10); earliest_start: 1338; latest_start: 1913; state: PENDING; required_workers: 1; success_prob: 1; max_attempts: 1
event: task_spawn; timestamp: 0; task: 89; pos: (16, 14); earliest_start: 1116; latest_start: 1753; state: PENDING; required_workers: 1; success_prob: 1; max_attempts: 1
event: task_spawn; timestamp: 0; task: 90; pos: (20, 5); earliest_start: 2789; latest_start: 3279; state: PENDING; required_workers: 1; success_prob: 1; max_attempts: 1
event: task_spawn; timestamp: 0; task: 91; pos: (20, 10); earliest_start: 1349; latest_start: 1712; state: PENDING; required_workers: 2; success_prob: 1; max_attempts: 1
event: task_spawn; timestamp: 0; task: 92; pos: (27, 35); earliest_start: 518; latest_start: 1029; state: PENDING; required_workers: 2; success_prob: 1; max_attempts: 1
event: task_spawn; timestamp: 0; task: 93; pos: (2, 8); earliest_start: 8; latest_start: 509; state: PENDING; required_workers: 2; success_prob: 1; max_attempts: 1
event: task_spawn; timestamp: 0; task: 94; pos: (25, 32); earliest_start: 549; latest_start: 1186; state: PENDING; required_workers: 2; success_prob: 1; max_attempts: 1
event: task_spawn; timestamp: 0; task: 95; pos: (22, 30); earliest_start: 744; latest_start: 1177; state: PENDING; required_workers: 2; success_prob: 1; max_attempts: 1
event: task_spawn; timestamp: 0; task: 96; pos: (22, -10); earliest_start: 2713; latest_start: 3275; state: PENDING; required_workers: 2; success_prob: 1; max_attempts: 1
event: task_spawn; timestamp: 0; task: 97; pos: (20, 35); earliest_start: 397; latest_start: 956; state: PENDING; required_workers: 3; success_prob: 1; max_attempts: 1
event: task_spawn; timestamp: 0; task: 98; pos: (18, 25); earliest_start: 839; latest_start: 1276; state: PENDING; required_workers: 3; success_prob: 1; max_attempts: 1
event: task_spawn; timestamp: 0; task: 99; pos: (15, 30); earliest_start: 272; latest_start: 701; state: PENDING; required_workers: 3; success_prob: 1; max_attempts: 1
event: task_spawn; timestamp: 0; task: 100; pos: (15, 35); earliest_start: 373; latest_start: 790; state: PENDING; required_workers: 3; success_prob: 1; max_attempts: 1
event: robot_spawn; timestamp: 0; robot: 1; pos: (0, 0); state: AVAILABLE; battery_level: 700; battery_capacity: 700; velocity: 1; battery_rate_nav: 0
event: robot_spawn; timestamp: 0; robot: 2; pos: (0, 0); state: AVAILABLE; battery_level: 700; battery_capacity: 700; velocity: 1; battery_rate_nav: 0
event: robot_spawn; timestamp: 0; robot: 3; pos: (0, 0); state: AVAILABLE; battery_level: 700; battery_capacity: 700; velocity: 1; battery_rate_nav: 0
event: robot_spawn; timestamp: 0; robot: 4; pos: (0, 0); state: AVAILABLE; battery_level: 700; battery_capacity: 700; velocity: 1; battery_rate_nav: 0
event: robot_spawn; timestamp: 0; robot: 5; pos: (0, 0); state: AVAILABLE; battery_level: 700; battery_capacity: 700; velocity: 1; battery_rate_nav: 0
event: robot_spawn; timestamp: 0; robot: 6; pos: (0, 0); state: AVAILABLE; battery_level: 700; battery_capacity: 700; velocity: 1; battery_rate_nav: 0
event: robot_spawn; timestamp: 0; robot: 7; pos: (0, 0); state: AVAILABLE; battery_level: 700; battery_capacity: 700; velocity: 1; battery_rate_nav: 0
event: robot_spawn; timestamp: 0; robot: 8; pos: (0, 0); state: AVAILABLE; battery_level: 700; battery_capacity: 700; velocity: 1; battery_rate_nav: 0
event: robot_spawn; timestamp: 0; robot: 9; pos: (0, 0); state: AVAILABLE; battery_level: 700; battery_capacity: 700; velocity: 1; battery_rate_nav: 0
event: robot_spawn; timestamp: 0; robot: 10; pos: (0, 0); state: AVAILABLE; battery_level: 700; battery_capacity: 700; velocity: 1; battery_rate_nav: 0
event: battery_consumption; timestamp: 0; robot: 7; time: 8.24621; initial_level: 700; final_level: 700
event: navigation; timestamp: 0; robot: 7; time: 8.24621; src: (0, 0); dst: (2, 8)
event: battery_consumption; timestamp: 0; robot: 8; time: 8.24621; initial_level: 700; final_level: 700
event: navigation; timestamp: 0; robot: 8; time: 8.24621; src: (0, 0); dst: (2, 8)
event: battery_consumption; timestamp: 0; robot: 4; time: 10; initial_level: 700; final_level: 700
event: navigation; timestamp: 0; robot: 4; time: 10; src: (0, 0); dst: (-10, 0)
event: battery_consumption; timestamp: 0; robot: 2; time: 10; initial_level: 700; final_level: 700
event: navigation; timestamp: 0; robot: 2; time: 10; src: (0, 0); dst: (-10, 0)
event: battery_consumption; timestamp: 0; robot: 6; time: 10; initial_level: 700; final_level: 700
event: navigation; timestamp: 0; robot: 6; time: 10; src: (0, 0); dst: (-10, 0)
event: battery_consumption; timestamp: 0; robot: 5; time: 10.7703; initial_level: 700; final_level: 700
event: navigation; timestamp: 0; robot: 5; time: 10.7703; src: (0, 0); dst: (-4, -10)
event: battery_consumption; timestamp: 0; robot: 9; time: 11.6619; initial_level: 700; final_level: 700
event: navigation; timestamp: 0; robot: 9; time: 11.6619; src: (0, 0); dst: (-6, 10)
event: battery_consumption; timestamp: 0; robot: 1; time: 11.6619; initial_level: 700; final_level: 700
event: navigation; timestamp: 0; robot: 1; time: 11.6619; src: (0, 0); dst: (-10, 6)
event: battery_consumption; timestamp: 0; robot: 10; time: 12.1655; initial_level: 700; final_level: 700
event: navigation; timestamp: 0; robot: 10; time: 12.1655; src: (0, 0); dst: (-12, 2)
event: battery_consumption; timestamp: 0; robot: 3; time: 12.2066; initial_level: 700; final_level: 700
event: navigation; timestamp: 0; robot: 3; time: 12.2066; src: (0, 0); dst: (7, -10)
event: task_execution; timestamp: 12.1655; task: 22; robot: 10; pos: (-12, 2); time: 79.4645
event: battery_consumption; timestamp: 12.1655; robot: 10; time: 79.4645; initial_level: 700; final_level: 682.341
event: task_resolution; timestamp: 91.63; task: 22; pos: (-12, 2); status: COMPLETED; attempt: 1
event: battery_consumption; timestamp: 91.63; robot: 10; time: 3.60555; initial_level: 682.341; final_level: 682.341
event: navigation; timestamp: 91.63; robot: 10; time: 3.60555; src: (-12, 2); dst: (-15, 0)
event: task_execution; timestamp: 8.24621; task: 93; robot: 7; pos: (2, 8); time: 85.5211
event: battery_consumption; timestamp: 8.24621; robot: 7; time: 85.5211; initial_level: 700; final_level: 661.991
event: task_execution; timestamp: 8.24621; task: 93; robot: 8; pos: (2, 8); time: 85.5211
event: battery_consumption; timestamp: 8.24621; robot: 8; time: 85.5211; initial_level: 700; final_level: 661.991
event: task_resolution; timestamp: 93.7673; task: 93; pos: (2, 8); status: COMPLETED; attempt: 1
event: battery_consumption; timestamp: 93.7673; robot: 8; time: 7; initial_level: 661.991; final_level: 661.991
event: navigation; timestamp: 93.7673; robot: 8; time: 7; src: (2, 8); dst: (2, 15)
event: battery_consumption; timestamp: 93.7673; robot: 7; time: 7.61577; initial_level: 661.991; final_level: 661.991
event: navigation; timestamp: 93.7673; robot: 7; time: 7.61577; src: (2, 8); dst: (5, 15)
event: task_execution; timestamp: 10; task: 20; robot: 2; pos: (-10, 0); time: 90.6942
event: battery_consumption; timestamp: 10; robot: 2; time: 90.6942; initial_level: 700; final_level: 689.923
event: task_execution; timestamp: 10; task: 20; robot: 4; pos: (-10, 0); time: 90.6942
event: battery_consumption; timestamp: 10; robot: 4; time: 90.6942; initial_level: 700; final_level: 689.923
event: task_execution; timestamp: 10; task: 20; robot: 6; pos: (-10, 0); time: 90.6942
event: battery_consumption; timestamp: 10; robot: 6; time: 90.6942; initial_level: 700; final_level: 689.923
event: task_resolution; timestamp: 100.694; task: 20; pos: (-10, 0); status: FAILED; attempt: 1
event: battery_consumption; timestamp: 100.694; robot: 6; time: 7.28011; initial_level: 689.923; final_level: 689.923
event: navigation; timestamp: 100.694; robot: 6; time: 7.28011; src: (-10, 0); dst: (-17, 2)
event: battery_consumption; timestamp: 100.694; robot: 4; time: 10; initial_level: 689.923; final_level: 689.923
event: navigation; timestamp: 100.694; robot: 4; time: 10; src: (-10, 0); dst: (-20, 0)
event: battery_consumption; timestamp: 100.694; robot: 2; time: 11.1803; initial_level: 689.923; final_level: 689.923
event: navigation; timestamp: 100.694; robot: 2; time: 11.1803; src: (-10, 0); dst: (-20, 5)
event: task_execution; timestamp: 12.2066; task: 67; robot: 3; pos: (7, -10); time: 89.9466
event: battery_consumption; timestamp: 12.2066; robot: 3; time: 89.9466; initial_level: 700; final_level: 690.006
event: task_resolution; timestamp: 102.153; task: 67; pos: (7, -10); status: COMPLETED; attempt: 1
event: battery_consumption; timestamp: 102.153; robot: 3; time: 3; initial_level: 690.006; final_level: 690.006
event: navigation; timestamp: 102.153; robot: 3; time: 3; src: (7, -10); dst: (10, -10)
event: task_execution; timestamp: 95.2356; task: 24; robot: 10; pos: (-15, 0); time: 82.1709
event: battery_consumption; timestamp: 95.2356; robot: 10; time: 82.1709; initial_level: 682.341; final_level: 673.211
event: task_resolution; timestamp: 177.406; task: 24; pos: (-15, 0); status: FAILED; attempt: 1
event: battery_consumption; timestamp: 177.406; robot: 10; time: 12.0416; initial_level: 673.211; final_level: 673.211
event: navigation; timestamp: 177.406; robot: 10; time: 12.0416; src: (-15, 0); dst: (-24, -8)
event: task_execution; timestamp: 105.153; task: 63; robot: 3; pos: (10, -10); time: 81.2426
event: battery_consumption; timestamp: 105.153; robot: 3; time: 81.2426; initial_level: 690.006; final_level: 644.871
event: task_resolution; timestamp: 186.396; task: 63; pos: (10, -10); status: COMPLETED; attempt: 1
event: battery_consumption; timestamp: 186.396; robot: 3; time: 5; initial_level: 644.871; final_level: 644.871
event: navigation; timestamp: 186.396; robot: 3; time: 5; src: (10, -10); dst: (10, -15)
event: task_execution; timestamp: 107.974; task: 27; robot: 6; pos: (-17, 2); time: 87.588
event: battery_consumption; timestamp: 107.974; robot: 6; time: 87.588; initial_level: 689.923; final_level: 680.191
event: task_resolution; timestamp: 195.562; task: 27; pos: (-17, 2); status: COMPLETED; attempt: 1
event: battery_consumption; timestamp: 195.562; robot: 6; time: 14.0357; initial_level: 680.191; final_level: 680.191
event: navigation; timestamp: 195.562; robot: 6; time: 14.0357; src: (-17, 2); dst: (-18, 16)
event: task_execution; timestamp: 100.767; task: 5; robot: 8; pos: (2, 15); time: 106.641
event: battery_consumption; timestamp: 100.767; robot: 8; time: 106.641; initial_level: 661.991; final_level: 650.142
event: task_resolution; timestamp: 207.409; task: 5; pos: (2, 15); status: FAILED; attempt: 1
event: battery_consumption; timestamp: 207.409; robot: 8; time: 3; initial_level: 650.142; final_level: 650.142
event: navigation; timestamp: 207.409; robot: 8; time: 3; src: (2, 15); dst: (5, 15)
event: task_execution; timestamp: 170; task: 30; robot: 2; pos: (-20, 5); time: 88.556
event: battery_consumption; timestamp: 170; robot: 2; time: 88.556; initial_level: 689.923; final_level: 680.083
event: task_resolution; timestamp: 258.556; task: 30; pos: (-20, 5); status: FAILED; attempt: 1
event: battery_consumption; timestamp: 258.556; robot: 2; time: 12.53; initial_level: 680.083; final_level: 680.083
event: navigation; timestamp: 258.556; robot: 2; time: 12.53; src: (-20, 5); dst: (-26, 16)
event: task_execution; timestamp: 191.396; task: 62; robot: 3; pos: (10, -15); time: 70.552
event: battery_consumption; timestamp: 191.396; robot: 3; time: 70.552; initial_level: 644.871; final_level: 629.193
event: task_resolution; timestamp: 261.948; task: 62; pos: (10, -15); status: FAILED; attempt: 1
event: battery_consumption; timestamp: 261.948; robot: 3; time: 3; initial_level: 629.193; final_level: 629.193
event: navigation; timestamp: 261.948; robot: 3; time: 3; src: (10, -15); dst: (7, -15)
event: task_execution; timestamp: 168; task: 29; robot: 4; pos: (-20, 0); time: 94.7748
event: battery_consumption; timestamp: 168; robot: 4; time: 94.7748; initial_level: 689.923; final_level: 679.392
event: task_resolution; timestamp: 262.775; task: 29; pos: (-20, 0); status: FAILED; attempt: 1
event: battery_consumption; timestamp: 262.775; robot: 4; time: 13; initial_level: 679.392; final_level: 679.392
event: navigation; timestamp: 262.775; robot: 4; time: 13; src: (-20, 0); dst: (-32, -5)
event: task_execution; timestamp: 210.409; task: 75; robot: 7; pos: (5, 15); time: 94.027
event: battery_consumption; timestamp: 210.409; robot: 7; time: 94.027; initial_level: 661.991; final_level: 641.096
event: task_execution; timestamp: 210.409; task: 75; robot: 8; pos: (5, 15); time: 94.027
event: battery_consumption; timestamp: 210.409; robot: 8; time: 94.027; initial_level: 650.142; final_level: 629.247
event: task_resolution; timestamp: 304.436; task: 75; pos: (5, 15); status: COMPLETED; attempt: 1
event: battery_consumption; timestamp: 304.436; robot: 8; time: 5; initial_level: 629.247; final_level: 629.247
event: navigation; timestamp: 304.436; robot: 8; time: 5; src: (5, 15); dst: (5, 20)
event: battery_consumption; timestamp: 304.436; robot: 7; time: 10.0499; initial_level: 641.096; final_level: 641.096
event: navigation; timestamp: 304.436; robot: 7; time: 10.0499; src: (5, 15); dst: (-5, 16)
event: task_execution; timestamp: 309.436; task: 2; robot: 8; pos: (5, 20); time: 95.1825
event: battery_consumption; timestamp: 309.436; robot: 8; time: 95.1825; initial_level: 629.247; final_level: 597.519
event: task_resolution; timestamp: 404.618; task: 2; pos: (5, 20); status: FAILED; attempt: 1
event: battery_consumption; timestamp: 404.618; robot: 8; time: 8.60233; initial_level: 597.519; final_level: 597.519
event: navigation; timestamp: 404.618; robot: 8; time: 8.60233; src: (5, 20); dst: (12, 25)
event: task_execution; timestamp: 331; task: 6; robot: 10; pos: (-24, -8); time: 77.8144
event: battery_consumption; timestamp: 331; robot: 10; time: 77.8144; initial_level: 673.211; final_level: 655.919
event: task_resolution; timestamp: 408.814; task: 6; pos: (-24, -8); status: FAILED; attempt: 1
event: battery_consumption; timestamp: 408.814; robot: 10; time: 6.32456; initial_level: 655.919; final_level: 655.919
event: navigation; timestamp: 408.814; robot: 10; time: 6.32456; src: (-24, -8); dst: (-30, -10)
event: task_execution; timestamp: 393; task: 66; robot: 3; pos: (7, -15); time: 87.1448
event: battery_consumption; timestamp: 393; robot: 3; time: 87.1448; initial_level: 629.193; final_level: 619.51
event: task_resolution; timestamp: 480.145; task: 66; pos: (7, -15); status: COMPLETED; attempt: 1
event: battery_consumption; timestamp: 480.145; robot: 3; time: 2; initial_level: 619.51; final_level: 619.51
event: navigation; timestamp: 480.145; robot: 3; time: 2; src: (7, -15); dst: (5, -15)
event: task_execution; timestamp: 413.22; task: 1; robot: 8; pos: (12, 25); time: 81.7986
event: battery_consumption; timestamp: 413.22; robot: 8; time: 81.7986; initial_level: 597.519; final_level: 588.43
event: task_resolution; timestamp: 495.019; task: 1; pos: (12, 25); status: FAILED; attempt: 1
event: battery_consumption; timestamp: 495.019; robot: 8; time: 5.83095; initial_level: 588.43; final_level: 588.43
event: navigation; timestamp: 495.019; robot: 8; time: 5.83095; src: (12, 25); dst: (15, 30)
event: task_execution; timestamp: 534; task: 69; robot: 3; pos: (5, -15); time: 85.927
event: battery_consumption; timestamp: 534; robot: 3; time: 85.927; initial_level: 619.51; final_level: 609.963
event: task_resolution; timestamp: 619.927; task: 69; pos: (5, -15); status: FAILED; attempt: 1
event: battery_consumption; timestamp: 619.927; robot: 3; time: 5.83095; initial_level: 609.963; final_level: 609.963
event: navigation; timestamp: 619.927; robot: 3; time: 5.83095; src: (5, -15); dst: (8, -20)
event: battery_consumption; timestamp: 701; robot: 8; time: 5; initial_level: 588.43; final_level: 588.43
event: navigation; timestamp: 701; robot: 8; time: 5; src: (15, 30); dst: (15, 35)
event: task_execution; timestamp: 625.758; task: 64; robot: 3; pos: (8, -20); time: 90.9052
event: battery_consumption; timestamp: 625.758; robot: 3; time: 90.9052; initial_level: 609.963; final_level: 599.862
event: task_resolution; timestamp: 716.663; task: 64; pos: (8, -20); status: COMPLETED; attempt: 1
event: battery_consumption; timestamp: 716.663; robot: 3; time: 2; initial_level: 599.862; final_level: 599.862
event: navigation; timestamp: 716.663; robot: 3; time: 2; src: (8, -20); dst: (10, -20)
event: battery_consumption; timestamp: 738; robot: 3; time: 7.81025; initial_level: 599.862; final_level: 599.862
event: navigation; timestamp: 738; robot: 3; time: 7.81025; src: (10, -20); dst: (4, -25)
event: battery_consumption; timestamp: 790; robot: 8; time: 5; initial_level: 588.43; final_level: 588.43
event: navigation; timestamp: 790; robot: 8; time: 5; src: (15, 35); dst: (20, 35)
event: task_resolution; timestamp: 799.663; task: 61; pos: (10, -20); status: COMPLETED; attempt: 1
event: task_execution; timestamp: 745.81; task: 65; robot: 3; pos: (4, -25); time: 94.0398
event: battery_consumption; timestamp: 745.81; robot: 3; time: 94.0398; initial_level: 599.862; final_level: 589.413
event: task_resolution; timestamp: 839.85; task: 65; pos: (4, -25); status: COMPLETED; attempt: 1
event: battery_consumption; timestamp: 839.85; robot: 3; time: 5.38516; initial_level: 589.413; final_level: 589.413
event: navigation; timestamp: 839.85; robot: 3; time: 5.38516; src: (4, -25); dst: (2, -20)
event: battery_consumption; timestamp: 897; robot: 10; time: 2; initial_level: 655.919; final_level: 655.919
event: navigation; timestamp: 897; robot: 10; time: 2; src: (-30, -10); dst: (-32, -10)
event: task_execution; timestamp: 845.235; task: 68; robot: 3; pos: (2, -20); time: 81.2691
event: battery_consumption; timestamp: 845.235; robot: 3; time: 81.2691; initial_level: 589.413; final_level: 580.383
event: task_resolution; timestamp: 926.504; task: 68; pos: (2, -20); status: FAILED; attempt: 1
event: battery_consumption; timestamp: 926.504; robot: 3; time: 7.28011; initial_level: 580.383; final_level: 580.383
event: navigation; timestamp: 926.504; robot: 3; time: 7.28011; src: (2, -20); dst: (-5, -18)
event: battery_consumption; timestamp: 956; robot: 8; time: 5.38516; initial_level: 588.43; final_level: 588.43
event: navigation; timestamp: 956; robot: 8; time: 5.38516; src: (20, 35); dst: (22, 30)
event: battery_consumption; timestamp: 1030; robot: 10; time: 5; initial_level: 655.919; final_level: 655.919
event: navigation; timestamp: 1030; robot: 10; time: 5; src: (-32, -10); dst: (-32, -5)
event: battery_consumption; timestamp: 1177; robot: 8; time: 3.60555; initial_level: 588.43; final_level: 588.43
event: navigation; timestamp: 1177; robot: 8; time: 3.60555; src: (22, 30); dst: (25, 32)
event: battery_consumption; timestamp: 1186; robot: 8; time: 9.89949; initial_level: 588.43; final_level: 588.43
event: navigation; timestamp: 1186; robot: 8; time: 9.89949; src: (25, 32); dst: (18, 25)
event: battery_consumption; timestamp: 1276; robot: 8; time: 5; initial_level: 588.43; final_level: 588.43
event: navigation; timestamp: 1276; robot: 8; time: 5; src: (18, 25); dst: (18, 20)
event: task_execution; timestamp: 1190; task: 34; robot: 4; pos: (-32, -5); time: 96.7241
event: battery_consumption; timestamp: 1190; robot: 4; time: 96.7241; initial_level: 679.392; final_level: 657.898
event: task_execution; timestamp: 1190; task: 34; robot: 10; pos: (-32, -5); time: 96.7241
event: battery_consumption; timestamp: 1190; robot: 10; time: 96.7241; initial_level: 655.919; final_level: 634.425
event: task_resolution; timestamp: 1286.72; task: 34; pos: (-32, -5); status: FAILED; attempt: 1
event: battery_consumption; timestamp: 1286.72; robot: 10; time: 3; initial_level: 634.425; final_level: 634.425
event: navigation; timestamp: 1286.72; robot: 10; time: 3; src: (-32, -5); dst: (-35, -5)
event: battery_consumption; timestamp: 1286.72; robot: 4; time: 3; initial_level: 657.898; final_level: 657.898
event: navigation; timestamp: 1286.72; robot: 4; time: 3; src: (-32, -5); dst: (-35, -5)
event: battery_consumption; timestamp: 1340; robot: 8; time: 4.12311; initial_level: 588.43; final_level: 588.43
event: navigation; timestamp: 1340; robot: 8; time: 4.12311; src: (18, 20); dst: (22, 19)
event: task_resolution; timestamp: 1379.64; task: 7; pos: (18, 20); status: FAILED; attempt: 1
event: task_execution; timestamp: 1289.72; task: 36; robot: 4; pos: (-35, -5); time: 89.9436
event: battery_consumption; timestamp: 1289.72; robot: 4; time: 89.9436; initial_level: 657.898; final_level: 647.904
event: task_execution; timestamp: 1289.72; task: 36; robot: 10; pos: (-35, -5); time: 89.9436
event: battery_consumption; timestamp: 1289.72; robot: 10; time: 89.9436; initial_level: 634.425; final_level: 624.431
event: task_resolution; timestamp: 1379.67; task: 36; pos: (-35, -5); status: FAILED; attempt: 1
event: battery_consumption; timestamp: 1379.67; robot: 10; time: 5; initial_level: 624.431; final_level: 624.431
event: navigation; timestamp: 1379.67; robot: 10; time: 5; src: (-35, -5); dst: (-40, -5)
event: battery_consumption; timestamp: 1379.67; robot: 4; time: 5; initial_level: 647.904; final_level: 647.904
event: navigation; timestamp: 1379.67; robot: 4; time: 5; src: (-35, -5); dst: (-40, -5)
event: task_execution; timestamp: 1344.12; task: 3; robot: 8; pos: (22, 19); time: 84.8315
event: battery_consumption; timestamp: 1344.12; robot: 8; time: 84.8315; initial_level: 588.43; final_level: 579.005
event: task_resolution; timestamp: 1428.95; task: 3; pos: (22, 19); status: FAILED; attempt: 1
event: battery_consumption; timestamp: 1428.95; robot: 8; time: 3.60555; initial_level: 579.005; final_level: 579.005
event: navigation; timestamp: 1428.95; robot: 8; time: 3.60555; src: (22, 19); dst: (20, 16)
event: battery_consumption; timestamp: 1439; robot: 4; time: 10.7703; initial_level: 647.904; final_level: 647.904
event: navigation; timestamp: 1439; robot: 4; time: 10.7703; src: (-40, -5); dst: (-36, 5)
event: battery_consumption; timestamp: 1439; robot: 10; time: 18.7883; initial_level: 624.431; final_level: 624.431
event: navigation; timestamp: 1439; robot: 10; time: 18.7883; src: (-40, -5); dst: (-32, 12)
event: battery_consumption; timestamp: 1527; robot: 8; time: 4.47214; initial_level: 579.005; final_level: 579.005
event: navigation; timestamp: 1527; robot: 8; time: 4.47214; src: (20, 16); dst: (16, 14)
event: task_execution; timestamp: 1449.77; task: 28; robot: 4; pos: (-36, 5); time: 81.5877
event: battery_consumption; timestamp: 1449.77; robot: 4; time: 81.5877; initial_level: 647.904; final_level: 629.774
event: task_resolution; timestamp: 1531.36; task: 28; pos: (-36, 5); status: FAILED; attempt: 1
event: battery_consumption; timestamp: 1531.36; robot: 4; time: 22.8254; initial_level: 629.774; final_level: 629.774
event: navigation; timestamp: 1531.36; robot: 4; time: 22.8254; src: (-36, 5); dst: (-25, 25)
event: task_resolution; timestamp: 1536.16; task: 4; pos: (20, 16); status: FAILED; attempt: 1
event: task_execution; timestamp: 1457.79; task: 26; robot: 10; pos: (-32, 12); time: 97.2359
event: battery_consumption; timestamp: 1457.79; robot: 10; time: 97.2359; initial_level: 624.431; final_level: 613.627
event: task_resolution; timestamp: 1555.02; task: 26; pos: (-32, 12); status: FAILED; attempt: 1
event: battery_consumption; timestamp: 1555.02; robot: 10; time: 14.7648; initial_level: 613.627; final_level: 613.627
event: navigation; timestamp: 1555.02; robot: 10; time: 14.7648; src: (-32, 12); dst: (-25, 25)
event: task_execution; timestamp: 1531.47; task: 89; robot: 8; pos: (16, 14); time: 79.2245
event: battery_consumption; timestamp: 1531.47; robot: 8; time: 79.2245; initial_level: 579.005; final_level: 570.202
event: task_resolution; timestamp: 1610.7; task: 89; pos: (16, 14); status: COMPLETED; attempt: 1
event: battery_consumption; timestamp: 1610.7; robot: 8; time: 5.65685; initial_level: 570.202; final_level: 570.202
event: navigation; timestamp: 1610.7; robot: 8; time: 5.65685; src: (16, 14); dst: (20, 10)
event: task_execution; timestamp: 1519; task: 23; robot: 2; pos: (-26, 16); time: 92.18
event: battery_consumption; timestamp: 1519; robot: 2; time: 92.18; initial_level: 680.083; final_level: 669.841
event: task_resolution; timestamp: 1611.18; task: 23; pos: (-26, 16); status: COMPLETED; attempt: 1
event: battery_consumption; timestamp: 1611.18; robot: 2; time: 9.05539; initial_level: 669.841; final_level: 669.841
event: navigation; timestamp: 1611.18; robot: 2; time: 9.05539; src: (-26, 16); dst: (-25, 25)
event: task_execution; timestamp: 1620.24; task: 18; robot: 2; pos: (-25, 25); time: 91.0003
event: battery_consumption; timestamp: 1620.24; robot: 2; time: 91.0003; initial_level: 669.841; final_level: 649.619
event: task_execution; timestamp: 1620.24; task: 18; robot: 4; pos: (-25, 25); time: 91.0003
event: battery_consumption; timestamp: 1620.24; robot: 4; time: 91.0003; initial_level: 629.774; final_level: 609.551
event: task_execution; timestamp: 1620.24; task: 18; robot: 10; pos: (-25, 25); time: 91.0003
event: battery_consumption; timestamp: 1620.24; robot: 10; time: 91.0003; initial_level: 613.627; final_level: 593.405
event: task_resolution; timestamp: 1711.24; task: 18; pos: (-25, 25); status: FAILED; attempt: 1
event: battery_consumption; timestamp: 1711.24; robot: 2; time: 3; initial_level: 649.619; final_level: 649.619
event: navigation; timestamp: 1711.24; robot: 2; time: 3; src: (-25, 25); dst: (-22, 25)
event: battery_consumption; timestamp: 1711.24; robot: 4; time: 3; initial_level: 609.551; final_level: 609.551
event: navigation; timestamp: 1711.24; robot: 4; time: 3; src: (-25, 25); dst: (-22, 25)
event: battery_consumption; timestamp: 1711.24; robot: 10; time: 3; initial_level: 593.405; final_level: 593.405
event: navigation; timestamp: 1711.24; robot: 10; time: 3; src: (-25, 25); dst: (-22, 25)
event: battery_consumption; timestamp: 1712; robot: 8; time: 5; initial_level: 570.202; final_level: 570.202
event: navigation; timestamp: 1712; robot: 8; time: 5; src: (20, 10); dst: (25, 10)
event: task_execution; timestamp: 1717; task: 88; robot: 8; pos: (25, 10); time: 80.5338
event: battery_consumption; timestamp: 1717; robot: 8; time: 80.5338; initial_level: 570.202; final_level: 543.357
event: task_resolution; timestamp: 1797.53; task: 88; pos: (25, 10); status: COMPLETED; attempt: 1
event: battery_consumption; timestamp: 1797.53; robot: 8; time: 5.09902; initial_level: 543.357; final_level: 543.357
event: navigation; timestamp: 1797.53; robot: 8; time: 5.09902; src: (25, 10); dst: (26, 5)
event: task_execution; timestamp: 1802.63; task: 86; robot: 8; pos: (26, 5); time: 81.5694
event: battery_consumption; timestamp: 1802.63; robot: 8; time: 81.5694; initial_level: 543.357; final_level: 534.294
event: task_resolution; timestamp: 1884.2; task: 86; pos: (26, 5); status: COMPLETED; attempt: 1
event: battery_consumption; timestamp: 1884.2; robot: 8; time: 5; initial_level: 534.294; final_level: 534.294
event: navigation; timestamp: 1884.2; robot: 8; time: 5; src: (26, 5); dst: (30, 8)
event: battery_consumption; timestamp: 1928; robot: 8; time: 3.60555; initial_level: 534.294; final_level: 534.294
event: navigation; timestamp: 1928; robot: 8; time: 3.60555; src: (30, 8); dst: (32, 5)
event: task_resolution; timestamp: 1988.17; task: 84; pos: (30, 8); status: COMPLETED; attempt: 1
event: task_execution; timestamp: 1931.61; task: 83; robot: 8; pos: (32, 5); time: 84.2123
event: battery_consumption; timestamp: 1931.61; robot: 8; time: 84.2123; initial_level: 534.294; final_level: 524.937
event: task_resolution; timestamp: 2015.82; task: 83; pos: (32, 5); status: COMPLETED; attempt: 1
event: battery_consumption; timestamp: 2015.82; robot: 8; time: 3; initial_level: 524.937; final_level: 524.937
event: navigation; timestamp: 2015.82; robot: 8; time: 3; src: (32, 5); dst: (35, 5)
event: task_execution; timestamp: 2018.82; task: 82; robot: 8; pos: (35, 5); time: 108.177
event: battery_consumption; timestamp: 2018.82; robot: 8; time: 108.177; initial_level: 524.937; final_level: 500.898
event: task_resolution; timestamp: 2126.99; task: 82; pos: (35, 5); status: COMPLETED; attempt: 1
event: battery_consumption; timestamp: 2126.99; robot: 8; time: 10.4403; initial_level: 500.898; final_level: 500.898
event: navigation; timestamp: 2126.99; robot: 8; time: 10.4403; src: (35, 5); dst: (32, -5)
event: task_execution; timestamp: 2143; task: 17; robot: 2; pos: (-22, 25); time: 92.9259
event: battery_consumption; timestamp: 2143; robot: 2; time: 92.9259; initial_level: 649.619; final_level: 628.969
event: task_execution; timestamp: 2143; task: 17; robot: 4; pos: (-22, 25); time: 92.9259
event: battery_consumption; timestamp: 2143; robot: 4; time: 92.9259; initial_level: 609.551; final_level: 588.901
event: task_execution; timestamp: 2143; task: 17; robot: 10; pos: (-22, 25); time: 92.9259
event: battery_consumption; timestamp: 2143; robot: 10; time: 92.9259; initial_level: 593.405; final_level: 572.755
event: task_resolution; timestamp: 2235.93; task: 17; pos: (-22, 25); status: FAILED; attempt: 1
event: battery_consumption; timestamp: 2235.93; robot: 4; time: 4; initial_level: 588.901; final_level: 588.901
event: navigation; timestamp: 2235.93; robot: 4; time: 4; src: (-22, 25); dst: (-18, 25)
event: battery_consumption; timestamp: 2235.93; robot: 10; time: 4; initial_level: 572.755; final_level: 572.755
event: navigation; timestamp: 2235.93; robot: 10; time: 4; src: (-22, 25); dst: (-18, 25)
event: battery_consumption; timestamp: 2235.93; robot: 2; time: 5.38516; initial_level: 628.969; final_level: 628.969
event: navigation; timestamp: 2235.93; robot: 2; time: 5.38516; src: (-22, 25); dst: (-20, 30)
event: task_execution; timestamp: 2310; task: 13; robot: 4; pos: (-18, 25); time: 93.7646
event: battery_consumption; timestamp: 2310; robot: 4; time: 93.7646; initial_level: 588.901; final_level: 557.646
event: task_execution; timestamp: 2310; task: 13; robot: 10; pos: (-18, 25); time: 93.7646
event: battery_consumption; timestamp: 2310; robot: 10; time: 93.7646; initial_level: 572.755; final_level: 541.5
event: task_resolution; timestamp: 2403.76; task: 13; pos: (-18, 25); status: COMPLETED; attempt: 1
event: battery_consumption; timestamp: 2403.76; robot: 4; time: 5.38516; initial_level: 557.646; final_level: 557.646
event: navigation; timestamp: 2403.76; robot: 4; time: 5.38516; src: (-18, 25); dst: (-20, 30)
event: battery_consumption; timestamp: 2403.76; robot: 10; time: 7.81025; initial_level: 541.5; final_level: 541.5
event: navigation; timestamp: 2403.76; robot: 10; time: 7.81025; src: (-18, 25); dst: (-12, 20)
event: task_execution; timestamp: 2380; task: 25; robot: 6; pos: (-18, 16); time: 100.007
event: battery_consumption; timestamp: 2380; robot: 6; time: 100.007; initial_level: 680.191; final_level: 635.743
event: task_resolution; timestamp: 2480.01; task: 25; pos: (-18, 16); status: FAILED; attempt: 1
event: battery_consumption; timestamp: 2480.01; robot: 6; time: 13.3417; initial_level: 635.743; final_level: 635.743
event: navigation; timestamp: 2480.01; robot: 6; time: 13.3417; src: (-18, 16); dst: (-5, 19)
event: task_execution; timestamp: 2409.15; task: 15; robot: 2; pos: (-20, 30); time: 99.6214
event: battery_consumption; timestamp: 2409.15; robot: 2; time: 99.6214; initial_level: 628.969; final_level: 584.692
event: task_execution; timestamp: 2409.15; task: 15; robot: 4; pos: (-20, 30); time: 99.6214
event: battery_consumption; timestamp: 2409.15; robot: 4; time: 99.6214; initial_level: 557.646; final_level: 513.37
event: task_resolution; timestamp: 2508.77; task: 15; pos: (-20, 30); status: COMPLETED; attempt: 1
event: battery_consumption; timestamp: 2508.77; robot: 2; time: 18.6011; initial_level: 584.692; final_level: 584.692
event: navigation; timestamp: 2508.77; robot: 2; time: 18.6011; src: (-20, 30); dst: (-5, 19)
event: battery_consumption; timestamp: 2508.77; robot: 4; time: 45.2769; initial_level: 513.37; final_level: 513.37
event: navigation; timestamp: 2508.77; robot: 4; time: 45.2769; src: (-20, 30); dst: (-15, -15)
event: task_execution; timestamp: 2411.57; task: 9; robot: 10; pos: (-12, 20); time: 97.4003
event: battery_consumption; timestamp: 2411.57; robot: 10; time: 97.4003; initial_level: 541.5; final_level: 530.677
event: task_resolution; timestamp: 2508.98; task: 9; pos: (-12, 20); status: FAILED; attempt: 1
event: battery_consumption; timestamp: 2508.98; robot: 10; time: 35.0571; initial_level: 530.677; final_level: 530.677
event: navigation; timestamp: 2508.98; robot: 10; time: 35.0571; src: (-12, 20); dst: (-10, -15)
event: task_execution; timestamp: 2544.03; task: 47; robot: 10; pos: (-10, -15); time: 86.8728
event: battery_consumption; timestamp: 2544.03; robot: 10; time: 86.8728; initial_level: 530.677; final_level: 521.025
event: task_resolution; timestamp: 2630.91; task: 47; pos: (-10, -15); status: COMPLETED; attempt: 1
event: battery_consumption; timestamp: 2630.91; robot: 10; time: 3; initial_level: 521.025; final_level: 521.025
event: navigation; timestamp: 2630.91; robot: 10; time: 3; src: (-10, -15); dst: (-7, -15)
event: task_execution; timestamp: 2603; task: 11; robot: 2; pos: (-5, 19); time: 80.4288
event: battery_consumption; timestamp: 2603; robot: 2; time: 80.4288; initial_level: 584.692; final_level: 575.756
event: task_execution; timestamp: 2603; task: 11; robot: 6; pos: (-5, 19); time: 80.4288
event: battery_consumption; timestamp: 2603; robot: 6; time: 80.4288; initial_level: 635.743; final_level: 626.807
event: task_resolution; timestamp: 2683.43; task: 11; pos: (-5, 19); status: FAILED; attempt: 1
event: battery_consumption; timestamp: 2683.43; robot: 2; time: 28.6531; initial_level: 575.756; final_level: 575.756
event: navigation; timestamp: 2683.43; robot: 2; time: 28.6531; src: (-5, 19); dst: (20, 5)
event: battery_consumption; timestamp: 2683.43; robot: 6; time: 35.4401; initial_level: 626.807; final_level: 626.807
event: navigation; timestamp: 2683.43; robot: 6; time: 35.4401; src: (-5, 19); dst: (-15, -15)
event: task_execution; timestamp: 2599; task: 41; robot: 3; pos: (-5, -18); time: 92.962
event: battery_consumption; timestamp: 2599; robot: 3; time: 92.962; initial_level: 580.383; final_level: 570.054
event: task_resolution; timestamp: 2691.96; task: 41; pos: (-5, -18); status: FAILED; attempt: 1
event: battery_consumption; timestamp: 2691.96; robot: 3; time: 2; initial_level: 570.054; final_level: 570.054
event: navigation; timestamp: 2691.96; robot: 3; time: 2; src: (-5, -18); dst: (-7, -18)
event: task_execution; timestamp: 2633.91; task: 43; robot: 10; pos: (-7, -15); time: 82.0076
event: battery_consumption; timestamp: 2633.91; robot: 10; time: 82.0076; initial_level: 521.025; final_level: 511.913
event: task_resolution; timestamp: 2715.91; task: 43; pos: (-7, -15); status: COMPLETED; attempt: 1
event: battery_consumption; timestamp: 2715.91; robot: 10; time: 7.61577; initial_level: 511.913; final_level: 511.913
event: navigation; timestamp: 2715.91; robot: 10; time: 7.61577; src: (-7, -15); dst: (-14, -18)
event: task_execution; timestamp: 2628; task: 10; robot: 7; pos: (-5, 16); time: 92.2919
event: battery_consumption; timestamp: 2628; robot: 7; time: 92.2919; initial_level: 641.096; final_level: 630.841
event: task_resolution; timestamp: 2720.29; task: 10; pos: (-5, 16); status: COMPLETED; attempt: 1
event: battery_consumption; timestamp: 2720.29; robot: 7; time: 35.2278; initial_level: 630.841; final_level: 630.841
event: navigation; timestamp: 2720.29; robot: 7; time: 35.2278; src: (-5, 16); dst: (24, -4)
event: battery_consumption; timestamp: 2725; robot: 10; time: 36.8782; initial_level: 511.913; final_level: 511.913
event: navigation; timestamp: 2725; robot: 10; time: 36.8782; src: (-14, -18); dst: (22, -10)
event: battery_consumption; timestamp: 2728; robot: 4; time: 37.3363; initial_level: 513.37; final_level: 513.37
event: navigation; timestamp: 2728; robot: 4; time: 37.3363; src: (-15, -15); dst: (22, -10)
event: battery_consumption; timestamp: 2728; robot: 6; time: 48.0521; initial_level: 626.807; final_level: 626.807
event: navigation; timestamp: 2728; robot: 6; time: 48.0521; src: (-15, -15); dst: (32, -5)
event: task_execution; timestamp: 2653; task: 8; robot: 9; pos: (-6, 10); time: 80.668
event: battery_consumption; timestamp: 2653; robot: 9; time: 80.668; initial_level: 700; final_level: 682.074
event: task_resolution; timestamp: 2733.67; task: 8; pos: (-6, 10); status: FAILED; attempt: 1
event: battery_consumption; timestamp: 2733.67; robot: 9; time: 40.8534; initial_level: 682.074; final_level: 682.074
event: navigation; timestamp: 2733.67; robot: 9; time: 40.8534; src: (-6, 10); dst: (32, -5)
event: task_execution; timestamp: 2675; task: 21; robot: 1; pos: (-10, 6); time: 81.8108
event: battery_consumption; timestamp: 2675; robot: 1; time: 81.8108; initial_level: 700; final_level: 681.82
event: task_resolution; timestamp: 2756.81; task: 21; pos: (-10, 6); status: COMPLETED; attempt: 1
event: battery_consumption; timestamp: 2756.81; robot: 1; time: 50.5964; initial_level: 681.82; final_level: 681.82
event: navigation; timestamp: 2756.81; robot: 1; time: 50.5964; src: (-10, 6); dst: (38, -10)
event: task_execution; timestamp: 2693.96; task: 42; robot: 3; pos: (-7, -18); time: 88.5647
event: battery_consumption; timestamp: 2693.96; robot: 3; time: 88.5647; initial_level: 570.054; final_level: 550.373
event: task_resolution; timestamp: 2782.53; task: 42; pos: (-7, -18); status: COMPLETED; attempt: 1
event: battery_consumption; timestamp: 2782.53; robot: 3; time: 45.7056; initial_level: 550.373; final_level: 550.373
event: navigation; timestamp: 2782.53; robot: 3; time: 45.7056; src: (-7, -18); dst: (38, -10)
event: task_resolution; timestamp: 2808.26; task: 52; pos: (-15, -15); status: COMPLETED; attempt: 1
event: task_execution; timestamp: 2715; task: 48; robot: 5; pos: (-4, -10); time: 95.9426
event: battery_consumption; timestamp: 2715; robot: 5; time: 95.9426; initial_level: 700; final_level: 689.34
event: task_resolution; timestamp: 2810.94; task: 48; pos: (-4, -10); status: COMPLETED; attempt: 1
event: battery_consumption; timestamp: 2810.94; robot: 5; time: 42; initial_level: 689.34; final_level: 689.34
event: navigation; timestamp: 2810.94; robot: 5; time: 42; src: (-4, -10); dst: (38, -10)
event: task_resolution; timestamp: 2814.48; task: 50; pos: (-14, -18); status: FAILED; attempt: 1
event: task_execution; timestamp: 2765.34; task: 96; robot: 4; pos: (22, -10); time: 96.3047
event: battery_consumption; timestamp: 2765.34; robot: 4; time: 96.3047; initial_level: 513.37; final_level: 502.67
event: task_execution; timestamp: 2765.34; task: 96; robot: 10; pos: (22, -10); time: 96.3047
event: battery_consumption; timestamp: 2765.34; robot: 10; time: 96.3047; initial_level: 511.913; final_level: 501.212
event: task_resolution; timestamp: 2861.64; task: 96; pos: (22, -10); status: COMPLETED; attempt: 1
event: battery_consumption; timestamp: 2861.64; robot: 4; time: 23.5372; initial_level: 502.67; final_level: 502.67
event: navigation; timestamp: 2861.64; robot: 4; time: 23.5372; src: (22, -10); dst: (45, -15)
event: battery_consumption; timestamp: 2861.64; robot: 10; time: 26.9258; initial_level: 501.212; final_level: 501.212
event: navigation; timestamp: 2861.64; robot: 10; time: 26.9258; src: (22, -10); dst: (47, -20)
event: battery_consumption; timestamp: 2870; robot: 10; time: 51.0784; initial_level: 501.212; final_level: 501.212
event: navigation; timestamp: 2870; robot: 10; time: 51.0784; src: (47, -20); dst: (0, 0)
event: robot_finished; timestamp: 2921.08; robot: 10; pos: (0, 0); battery: 501.212
event: task_execution; timestamp: 2776.05; task: 77; robot: 6; pos: (32, -5); time: 101.573
event: battery_consumption; timestamp: 2776.05; robot: 6; time: 101.573; initial_level: 626.807; final_level: 615.521
event: task_execution; timestamp: 2776.05; task: 77; robot: 8; pos: (32, -5); time: 101.573
event: battery_consumption; timestamp: 2776.05; robot: 8; time: 101.573; initial_level: 500.898; final_level: 489.612
event: task_execution; timestamp: 2776.05; task: 77; robot: 9; pos: (32, -5); time: 101.573
event: battery_consumption; timestamp: 2776.05; robot: 9; time: 101.573; initial_level: 682.074; final_level: 670.788
event: task_resolution; timestamp: 2877.63; task: 77; pos: (32, -5); status: COMPLETED; attempt: 1
event: battery_consumption; timestamp: 2877.63; robot: 8; time: 32.3883; initial_level: 489.612; final_level: 489.612
event: navigation; timestamp: 2877.63; robot: 8; time: 32.3883; src: (32, -5); dst: (0, 0)
event: robot_finished; timestamp: 2910.01; robot: 8; pos: (0, 0); battery: 489.612
event: battery_consumption; timestamp: 2877.63; robot: 6; time: 32.3883; initial_level: 615.521; final_level: 615.521
event: navigation; timestamp: 2877.63; robot: 6; time: 32.3883; src: (32, -5); dst: (0, 0)
event: robot_finished; timestamp: 2910.01; robot: 6; pos: (0, 0); battery: 615.521
event: battery_consumption; timestamp: 2877.63; robot: 9; time: 32.3883; initial_level: 670.788; final_level: 670.788
event: navigation; timestamp: 2877.63; robot: 9; time: 32.3883; src: (32, -5); dst: (0, 0)
event: robot_finished; timestamp: 2910.01; robot: 9; pos: (0, 0); battery: 670.788
event: task_execution; timestamp: 2789; task: 90; robot: 2; pos: (20, 5); time: 96.828
event: battery_consumption; timestamp: 2789; robot: 2; time: 96.828; initial_level: 575.756; final_level: 564.997
event: task_resolution; timestamp: 2885.83; task: 90; pos: (20, 5); status: COMPLETED; attempt: 1
event: battery_consumption; timestamp: 2885.83; robot: 2; time: 20.6155; initial_level: 564.997; final_level: 564.997
event: navigation; timestamp: 2885.83; robot: 2; time: 20.6155; src: (20, 5); dst: (0, 0)
event: robot_finished; timestamp: 2906.44; robot: 2; pos: (0, 0); battery: 564.997
event: task_execution; timestamp: 2852.94; task: 78; robot: 1; pos: (38, -10); time: 86.9855
event: battery_consumption; timestamp: 2852.94; robot: 1; time: 86.9855; initial_level: 681.82; final_level: 662.49
event: task_execution; timestamp: 2852.94; task: 78; robot: 3; pos: (38, -10); time: 86.9855
event: battery_consumption; timestamp: 2852.94; robot: 3; time: 86.9855; initial_level: 550.373; final_level: 531.043
event: task_execution; timestamp: 2852.94; task: 78; robot: 5; pos: (38, -10); time: 86.9855
event: battery_consumption; timestamp: 2852.94; robot: 5; time: 86.9855; initial_level: 689.34; final_level: 670.01
event: task_resolution; timestamp: 2939.93; task: 78; pos: (38, -10); status: COMPLETED; attempt: 1
event: battery_consumption; timestamp: 2939.93; robot: 5; time: 39.2938; initial_level: 670.01; final_level: 670.01
event: navigation; timestamp: 2939.93; robot: 5; time: 39.2938; src: (38, -10); dst: (0, 0)
event: robot_finished; timestamp: 2979.22; robot: 5; pos: (0, 0); battery: 670.01
event: battery_consumption; timestamp: 2939.93; robot: 1; time: 39.2938; initial_level: 662.49; final_level: 662.49
event: navigation; timestamp: 2939.93; robot: 1; time: 39.2938; src: (38, -10); dst: (0, 0)
event: robot_finished; timestamp: 2979.22; robot: 1; pos: (0, 0); battery: 662.49
event: battery_consumption; timestamp: 2939.93; robot: 3; time: 39.2938; initial_level: 531.043; final_level: 531.043
event: navigation; timestamp: 2939.93; robot: 3; time: 39.2938; src: (38, -10); dst: (0, 0)
event: robot_finished; timestamp: 2979.22; robot: 3; pos: (0, 0); battery: 531.043
event: task_execution; timestamp: 2885.18; task: 81; robot: 4; pos: (45, -15); time: 102.269
event: battery_consumption; timestamp: 2885.18; robot: 4; time: 102.269; initial_level: 502.67; final_level: 468.58
event: task_resolution; timestamp: 2987.45; task: 81; pos: (45, -15); status: COMPLETED; attempt: 1
event: battery_consumption; timestamp: 2987.45; robot: 4; time: 47.4342; initial_level: 468.58; final_level: 468.58
event: navigation; timestamp: 2987.45; robot: 4; time: 47.4342; src: (45, -15); dst: (0, 0)
event: robot_finished; timestamp: 3034.88; robot: 4; pos: (0, 0); battery: 468.58
event: task_execution; timestamp: 2976; task: 87; robot: 7; pos: (24, -4); time: 81.5759
event: battery_consumption; timestamp: 2976; robot: 7; time: 81.5759; initial_level: 630.841; final_level: 612.713
event: task_resolution; timestamp: 3057.58; task: 87; pos: (24, -4); status: COMPLETED; attempt: 1
event: battery_consumption; timestamp: 3057.58; robot: 7; time: 24.3311; initial_level: 612.713; final_level: 612.713
event: navigation; timestamp: 3057.58; robot: 7; time: 24.3311; src: (24, -4); dst: (0, 0)
event: robot_finished; timestamp: 3081.91; robot: 7; pos: (0, 0); battery: 612.713
metric: available_agents; value: 0
metric: failed_agents; value: 0
metric: finished_agents; value: 10
metric: completed_tasks; value: 32
metric: pending_tasks; value: 0
metric: failed_tasks; value: 68
metric: average_robot_makespan; value: 2961.2
metric: sd_robot_makespan; value: 60.9569
metric: max_robot_makespan; value: 3081.91
metric: min_robot_makespan; value: 2906.44
metric: average_robot_travel_distance; value: 143.664
metric: sd_robot_travel_distance; value: 62.1455
metric: max_robot_travel_distance; value: 258.056
metric: min_robot_travel_distance; value: 84.9036
metric: sum_robot_travel_distance; value: 1436.64
metric: average_completed_tasks_by_robot; value: 0
metric: sd_completed_tasks_by_robot; value: 0
metric: max_completed_tasks_by_robot; value: 0
metric: min_completed_tasks_by_robot; value: 0
metric: final_reward; value: 0.32
metric: computing_time; value: 0.00977503
