info: solver_name; value: dec-mcts
info: reward_function; value: reward00
info: replica; value: 1
info: filename; value: ../logs/prueba/c206_10r_100t_cdb2cd8a_dec-mcts_reward00_001.log
info: scenario_name; value: c206_10r_100t_cdb2cd8a
info: scenario_name; value: c206_10r_100t_cdb2cd8a
info: number_of_tasks; value: 100
info: number_of_robots; value: 10
info: number_of_recharging_stations; value: 1
info: scenario_size; value: (132,132)
event: recharging_station_spawn; timestamp: 0; recharging_station: 1; pos: (0, 0)
event: task_spawn; timestamp: 0; task: 1; pos: (12, 25); earliest_start: 213; latest_start: 568; state: PENDING; required_workers: 1; success_prob: 0.2; max_attempts: 1
event: task_spawn; timestamp: 0; task: 2; pos: (5, 20); earliest_start: 22; latest_start: 563; state: PENDING; required_workers: 1; success_prob: 0.2; max_attempts: 1
event: task_spawn; timestamp: 0; task: 3; pos: (22, 19); earliest_start: 1030; latest_start: 1463; state: PENDING; required_workers: 1; success_prob: 0.2; max_attempts: 1
event: task_spawn; timestamp: 0; task: 4; pos: (20, 16); earliest_start: 1154; latest_start: 1527; state: PENDING; required_workers: 1; success_prob: 0.2; max_attempts: 1
event: task_spawn; timestamp: 0; task: 5; pos: (2, 15); earliest_start: 15; latest_start: 402; state: PENDING; required_workers: 1; success_prob: 0.2; max_attempts: 1
event: task_spawn; timestamp: 0; task: 6; pos: (-24, -8); earliest_start: 331; latest_start: 822; state: PENDING; required_workers: 1; success_prob: 0.2; max_attempts: 1
event: task_spawn; timestamp: 0; task: 7; pos: (18, 20); earliest_start: 965; latest_start: 1340; state: PENDING; required_workers: 1; success_prob: 0.2; max_attempts: 1
event: task_spawn; timestamp: 0; task: 8; pos: (-6, 10); earliest_start: 2653; latest_start: 3280; state: PENDING; required_workers: 1; success_prob: 0.2; max_attempts: 1
event: task_spawn; timestamp: 0; task: 9; pos: (-12, 20); earliest_start: 2385; latest_start: 2976; state: PENDING; required_workers: 1; success_prob: 0.2; max_attempts: 1
event: task_spawn; timestamp: 0; task: 10; pos: (-5, 16); earliest_start: 2628; latest_start: 3113; state: PENDING; required_workers: 1; success_prob: 0.2; max_attempts: 1
event: task_spawn; timestamp: 0; task: 11; pos: (-5, 19); earliest_start: 2603; latest_start: 2952; state: PENDING; required_workers: 2; success_prob: 0.2; max_attempts: 1
event: task_spawn; timestamp: 0; task: 12; pos: (-15, 35); earliest_start: 1985; latest_start: 2412; state: PENDING; required_workers: 2; success_prob: 0.2; max_attempts: 1
event: task_spawn; timestamp: 0; task: 13; pos: (-18, 25); earliest_start: 2310; latest_start: 2659; state: PENDING; required_workers: 2; success_prob: 0.2; max_attempts: 1
event: task_spawn; timestamp: 0; task: 14; pos: (-18, 35); earliest_start: 1846; latest_start: 2365; state: PENDING; required_workers: 2; success_prob: 0.2; max_attempts: 1
event: task_spawn; timestamp: 0; task: 15; pos: (-20, 30); earliest_start: 2077; latest_start: 2514; state: PENDING; required_workers: 2; success_prob: 0.2; max_attempts: 1
event: task_spawn; timestamp: 0; task: 16; pos: (-20, 35); earliest_start: 1763; latest_start: 2264; state: PENDING; required_workers: 2; success_prob: 0.2; max_attempts: 1
event: task_spawn; timestamp: 0; task: 17; pos: (-22, 25); earliest_start: 2143; latest_start: 2638; state: PENDING; required_workers: 3; success_prob: 0.2; max_attempts: 1
event: task_spawn; timestamp: 0; task: 18; pos: (-25, 25); earliest_start: 1560; latest_start: 2083; state: PENDING; required_workers: 3; success_prob: 0.2; max_attempts: 1
event: task_spawn; timestamp: 0; task: 19; pos: (-25, 30); earliest_start: 1689; latest_start: 2144; state: PENDING; required_workers: 3; success_prob: 0.2; max_attempts: 1
event: task_spawn; timestamp: 0; task: 20; pos: (-10, 0); earliest_start: 10; latest_start: 645; state: PENDING; required_workers: 3; success_prob: 0.2; max_attempts: 1
event: task_spawn; timestamp: 0; task: 21; pos: (-10, 6); earliest_start: 2675; latest_start: 3288; state: PENDING; required_workers: 1; success_prob: 0.4; max_attempts: 1
event: task_spawn; timestamp: 0; task: 22; pos: (-12, 2); earliest_start: 12; latest_start: 505; state: PENDING; required_workers: 1; success_prob: 0.4; max_attempts: 1
event: task_spawn; timestamp: 0; task: 23; pos: (-26, 16); earliest_start: 1519; latest_start: 1926; state: PENDING; required_workers: 1; success_prob: 0.4; max_attempts: 1
event: task_spawn; timestamp: 0; task: 24; pos: (-15, 0); earliest_start: 23; latest_start: 368; state: PENDING; required_workers: 1; success_prob: 0.4; max_attempts: 1
event: task_spawn; timestamp: 0; task: 25; pos: (-18, 16); earliest_start: 2380; latest_start: 2787; state: PENDING; required_workers: 1; success_prob: 0.4; max_attempts: 1
event: task_spawn; timestamp: 0; task: 26; pos: (-32, 12); earliest_start: 1330; latest_start: 1919; state: PENDING; required_workers: 1; success_prob: 0.4; max_attempts: 1
event: task_spawn; timestamp: 0; task: 27; pos: (-17, 2); earliest_start: 93; latest_start: 484; state: PENDING; required_workers: 1; success_prob: 0.4; max_attempts: 1
event: task_spawn; timestamp: 0; task: 28; pos: (-36, 5); earliest_start: 1268; latest_start: 1785; state: PENDING; required_workers: 1; success_prob: 0.4; max_attempts: 1
event: task_spawn; timestamp: 0; task: 29; pos: (-20, 0); earliest_start: 168; latest_start: 787; state: PENDING; required_workers: 1; success_prob: 0.4; max_attempts: 1
event: task_spawn; timestamp: 0; task: 30; pos: (-20, 5); earliest_start: 170; latest_start: 595; state: PENDING; required_workers: 1; success_prob: 0.4; max_attempts: 1
event: task_spawn; timestamp: 0; task: 31; pos: (-30, -15); earliest_start: 585; latest_start: 1136; state: PENDING; required_workers: 2; success_prob: 0.4; max_attempts: 1
event: task_spawn; timestamp: 0; task: 32; pos: (-30, -10); earliest_start: 448; latest_start: 897; state: PENDING; required_workers: 2; success_prob: 0.4; max_attempts: 1
event: task_spawn; timestamp: 0; task: 33; pos: (-32, -10); earliest_start: 499; latest_start: 1030; state: PENDING; required_workers: 2; success_prob: 0.4; max_attempts: 1
event: task_spawn; timestamp: 0; task: 34; pos: (-32, -5); earliest_start: 1190; latest_start: 1661; state: PENDING; required_workers: 2; success_prob: 0.4; max_attempts: 1
event: task_spawn; timestamp: 0; task: 35; pos: (-35, -15); earliest_start: 666; latest_start: 1245; state: PENDING; required_workers: 2; success_prob: 0.4; max_attempts: 1
event: task_spawn; timestamp: 0; task: 36; pos: (-35, -5); earliest_start: 1076; latest_start: 1589; state: PENDING; required_workers: 2; success_prob: 0.4; max_attempts: 1
event: task_spawn; timestamp: 0; task: 37; pos: (-38, -10); earliest_start: 772; latest_start: 1329; state: PENDING; required_workers: 3; success_prob: 0.4; max_attempts: 1
event: task_spawn; timestamp: 0; task: 38; pos: (-40, -10); earliest_start: 890; latest_start: 1395; state: PENDING; required_workers: 3; success_prob: 0.4; max_attempts: 1
event: task_spawn; timestamp: 0; task: 39; pos: (-40, -5); earliest_start: 1036; latest_start: 1439; state: PENDING; required_workers: 3; success_prob: 0.4; max_attempts: 1
event: task_spawn; timestamp: 0; task: 40; pos: (-4, -32); earliest_start: 1612; latest_start: 2185; state: PENDING; required_workers: 3; success_prob: 0.4; max_attempts: 1
event: task_spawn; timestamp: 0; task: 41; pos: (-5, -18); earliest_start: 2599; latest_start: 3076; state: PENDING; required_workers: 1; success_prob: 0.6; max_attempts: 1
event: task_spawn; timestamp: 0; task: 42; pos: (-7, -18); earliest_start: 2529; latest_start: 2962; state: PENDING; required_workers: 1; success_prob: 0.6; max_attempts: 1
event: task_spawn; timestamp: 0; task: 43; pos: (-7, -15); earliest_start: 2463; latest_start: 2842; state: PENDING; required_workers: 1; success_prob: 0.6; max_attempts: 1
event: task_spawn; timestamp: 0; task: 44; pos: (-8, -30); earliest_start: 1745; latest_start: 2240; state: PENDING; required_workers: 1; success_prob: 0.6; max_attempts: 1
event: task_spawn; timestamp: 0; task: 45; pos: (-10, -20); earliest_start: 1932; latest_start: 2437; state: PENDING; required_workers: 1; success_prob: 0.6; max_attempts: 1
event: task_spawn; timestamp: 0; task: 46; pos: (-6, -25); earliest_start: 1884; latest_start: 2293; state: PENDING; required_workers: 1; success_prob: 0.6; max_attempts: 1
event: task_spawn; timestamp: 0; task: 47; pos: (-10, -15); earliest_start: 2348; latest_start: 2771; state: PENDING; required_workers: 1; success_prob: 0.6; max_attempts: 1
event: task_spawn; timestamp: 0; task: 48; pos: (-4, -10); earliest_start: 2715; latest_start: 3156; state: PENDING; required_workers: 1; success_prob: 0.6; max_attempts: 1
event: task_spawn; timestamp: 0; task: 49; pos: (8, -30); earliest_start: 812; latest_start: 1281; state: PENDING; required_workers: 1; success_prob: 0.6; max_attempts: 1
event: task_spawn; timestamp: 0; task: 50; pos: (-14, -18); earliest_start: 2018; latest_start: 2725; state: PENDING; required_workers: 1; success_prob: 0.6; max_attempts: 1
event: task_spawn; timestamp: 0; task: 51; pos: (-15, -20); earliest_start: 2015; latest_start: 2544; state: PENDING; required_workers: 2; success_prob: 0.6; max_attempts: 1
event: task_spawn; timestamp: 0; task: 52; pos: (-15, -15); earliest_start: 2201; latest_start: 2728; state: PENDING; required_workers: 2; success_prob: 0.6; max_attempts: 1
event: task_spawn; timestamp: 0; task: 53; pos: (4, -45); earliest_start: 1078; latest_start: 1593; state: PENDING; required_workers: 2; success_prob: 0.6; max_attempts: 1
event: task_spawn; timestamp: 0; task: 54; pos: (2, -40); earliest_start: 998; latest_start: 1481; state: PENDING; required_workers: 2; success_prob: 0.6; max_attempts: 1
event: task_spawn; timestamp: 0; task: 55; pos: (2, -35); earliest_start: 897; latest_start: 1392; state: PENDING; required_workers: 2; success_prob: 0.6; max_attempts: 1
event: task_spawn; timestamp: 0; task: 56; pos: (0, -45); earliest_start: 1199; latest_start: 1660; state: PENDING; required_workers: 2; success_prob: 0.6; max_attempts: 1
event: task_spawn; timestamp: 0; task: 57; pos: (-2, -35); earliest_start: 1552; latest_start: 2057; state: PENDING; required_workers: 3; success_prob: 0.6; max_attempts: 1
event: task_spawn; timestamp: 0; task: 58; pos: (-2, -45); earliest_start: 1263; latest_start: 1780; state: PENDING; required_workers: 3; success_prob: 0.6; max_attempts: 1
event: task_spawn; timestamp: 0; task: 59; pos: (-2, -40); earliest_start: 1498; latest_start: 1921; state: PENDING; required_workers: 3; success_prob: 0.6; max_attempts: 1
event: task_spawn; timestamp: 0; task: 60; pos: (-5, -45); earliest_start: 1325; latest_start: 1904; state: PENDING; required_workers: 3; success_prob: 0.6; max_attempts: 1
event: task_spawn; timestamp: 0; task: 61; pos: (10, -20); earliest_start: 223; latest_start: 738; state: PENDING; required_workers: 1; success_prob: 0.8; max_attempts: 1
event: task_spawn; timestamp: 0; task: 62; pos: (10, -15); earliest_start: 18; latest_start: 474; state: PENDING; required_workers: 1; success_prob: 0.8; max_attempts: 1
event: task_spawn; timestamp: 0; task: 63; pos: (10, -10); earliest_start: 14; latest_start: 360; state: PENDING; required_workers: 1; success_prob: 0.8; max_attempts: 1
event: task_spawn; timestamp: 0; task: 64; pos: (8, -20); earliest_start: 246; latest_start: 899; state: PENDING; required_workers: 1; success_prob: 0.8; max_attempts: 1
event: task_spawn; timestamp: 0; task: 65; pos: (4, -25); earliest_start: 704; latest_start: 1197; state: PENDING; required_workers: 1; success_prob: 0.8; max_attempts: 1
event: task_spawn; timestamp: 0; task: 66; pos: (7, -15); earliest_start: 393; latest_start: 942; state: PENDING; required_workers: 1; success_prob: 0.8; max_attempts: 1
event: task_spawn; timestamp: 0; task: 67; pos: (7, -10); earliest_start: 12; latest_start: 424; state: PENDING; required_workers: 1; success_prob: 0.8; max_attempts: 1
event: task_spawn; timestamp: 0; task: 68; pos: (2, -20); earliest_start: 641; latest_start: 1070; state: PENDING; required_workers: 1; success_prob: 0.8; max_attempts: 1
event: task_spawn; timestamp: 0; task: 69; pos: (5, -15); earliest_start: 534; latest_start: 985; state: PENDING; required_workers: 1; success_prob: 0.8; max_attempts: 1
event: task_spawn; timestamp: 0; task: 70; pos: (55, -20); earliest_start: 2119; latest_start: 2682; state: PENDING; required_workers: 1; success_prob: 0.8; max_attempts: 1
event: task_spawn; timestamp: 0; task: 71; pos: (55, -15); earliest_start: 2079; latest_start: 2532; state: PENDING; required_workers: 2; success_prob: 0.8; max_attempts: 1
event: task_spawn; timestamp: 0; task: 72; pos: (13, -20); earliest_start: 131; latest_start: 644; state: PENDING; required_workers: 2; success_prob: 0.8; max_attempts: 1
event: task_spawn; timestamp: 0; task: 73; pos: (52, -20); earliest_start: 2169; latest_start: 2818; state: PENDING; required_workers: 2; success_prob: 0.8; max_attempts: 1
event: task_spawn; timestamp: 0; task: 74; pos: (13, -15); earliest_start: 87; latest_start: 498; state: PENDING; required_workers: 2; success_prob: 0.8; max_attempts: 1
event: task_spawn; timestamp: 0; task: 75; pos: (5, 15); earliest_start: 15; latest_start: 607; state: PENDING; required_workers: 2; success_prob: 0.8; max_attempts: 1
event: task_spawn; timestamp: 0; task: 76; pos: (50, -15); earliest_start: 2002; latest_start: 2419; state: PENDING; required_workers: 2; success_prob: 0.8; max_attempts: 1
event: task_spawn; timestamp: 0; task: 77; pos: (32, -5); earliest_start: 2701; latest_start: 3258; state: PENDING; required_workers: 3; success_prob: 0.8; max_attempts: 1
event: task_spawn; timestamp: 0; task: 78; pos: (38, -10); earliest_start: 2599; latest_start: 3164; state: PENDING; required_workers: 3; success_prob: 0.8; max_attempts: 1
event: task_spawn; timestamp: 0; task: 79; pos: (47, -20); earliest_start: 2505; latest_start: 2870; state: PENDING; required_workers: 3; success_prob: 0.8; max_attempts: 1
event: task_spawn; timestamp: 0; task: 80; pos: (45, -25); earliest_start: 2369; latest_start: 2816; state: PENDING; required_workers: 3; success_prob: 0.8; max_attempts: 1
event: task_spawn; timestamp: 0; task: 81; pos: (45, -15); earliest_start: 2563; latest_start: 3002; state: PENDING; required_workers: 1; success_prob: 1; max_attempts: 1
event: task_spawn; timestamp: 0; task: 82; pos: (35, 5); earliest_start: 1783; latest_start: 2226; state: PENDING; required_workers: 1; success_prob: 1; max_attempts: 1
event: task_spawn; timestamp: 0; task: 83; pos: (32, 5); earliest_start: 1591; latest_start: 2232; state: PENDING; required_workers: 1; success_prob: 1; max_attempts: 1
event: task_spawn; timestamp: 0; task: 84; pos: (30, 8); earliest_start: 1513; latest_start: 1928; state: PENDING; required_workers: 1; success_prob: 1; max_attempts: 1
event: task_spawn; timestamp: 0; task: 85; pos: (46, -4); earliest_start: 1829; latest_start: 2388; state: PENDING; required_workers: 1; success_prob: 1; max_attempts: 1
event: task_spawn; timestamp: 0; task: 86; pos: (26, 5); earliest_start: 1604; latest_start: 2027; state: PENDING; required_workers: 1; success_prob: 1; max_attempts: 1
event: task_spawn; timestamp: 0; task: 87; pos: (24, -4); earliest_start: 2976; latest_start: 3275; state: PENDING; required_workers: 1; success_prob: 1; max_attempts: 1
event: task_spawn; timestamp: 0; task: 88; pos: (25, 10); earliest_start: 1338; latest_start: 1913; state: PENDING; required_workers: 1; success_prob: 1; max_attempts: 1
event: task_spawn; timestamp: 0; task: 89; pos: (16, 14); earliest_start: 1116; latest_start: 1753; state: PENDING; required_workers: 1; success_prob: 1; max_attempts: 1
event: task_spawn; timestamp: 0; task: 90; pos: (20, 5); earliest_start: 2789; latest_start: 3279; state: PENDING; required_workers: 1; success_prob: 1; max_attempts: 1
event: task_spawn; timestamp: 0; task: 91; pos: (20, 10); earliest_start: 1349; latest_start: 1712; state: PENDING; required_workers: 2; success_prob: 1; max_attempts: 1
event: task_spawn; timestamp: 0; task: 92; pos: (27, 35); earliest_start: 518; latest_start: 1029; state: PENDING; required_workers: 2; success_prob: 1; max_attempts: 1
event: task_spawn; timestamp: 0; task: 93; pos: (2, 8); earliest_start: 8; latest_start: 509; state: PENDING; required_workers: 2; success_prob: 1; max_attempts: 1
event: task_spawn; timestamp: 0; task: 94; pos: (25, 32); earliest_start: 549; latest_start: 1186; state: PENDING; required_workers: 2; success_prob: 1; max_attempts: 1
event: task_spawn; timestamp: 0; task: 95; pos: (22, 30); earliest_start: 744; latest_start: 1177; state: PENDING; required_workers: 2; success_prob: 1; max_attempts: 1
event: task_spawn; timestamp: 0; task: 96; pos: (22, -10); earliest_start: 2713; latest_start: 3275; state: PENDING; required_workers: 2; success_prob: 1; max_attempts: 1
event: task_spawn; timestamp: 0; task: 97; pos: (20, 35); earliest_start: 397; latest_start: 956; state: PENDING; required_workers: 3; success_prob: 1; max_attempts: 1
event: task_spawn; timestamp: 0; task: 98; pos: (18, 25); earliest_start: 839; latest_start: 1276; state: PENDING; required_workers: 3; success_prob: 1; max_attempts: 1
event: task_spawn; timestamp: 0; task: 99; pos: (15, 30); earliest_start: 272; latest_start: 701; state: PENDING; required_workers: 3; success_prob: 1; max_attempts: 1
event: task_spawn; timestamp: 0; task: 100; pos: (15, 35); earliest_start: 373; latest_start: 790; state: PENDING; required_workers: 3; success_prob: 1; max_attempts: 1
event: robot_spawn; timestamp: 0; robot: 1; pos: (0, 0); state: AVAILABLE; battery_level: 700; battery_capacity: 700; velocity: 1; battery_rate_nav: 0
event: robot_spawn; timestamp: 0; robot: 2; pos: (0, 0); state: AVAILABLE; battery_level: 700; battery_capacity: 700; velocity: 1; battery_rate_nav: 0
event: robot_spawn; timestamp: 0; robot: 3; pos: (0, 0); state: AVAILABLE; battery_level: 700; battery_capacity: 700; velocity: 1; battery_rate_nav: 0
event: robot_spawn; timestamp: 0; robot: 4; pos: (0, 0); state: AVAILABLE; battery_level: 700; battery_capacity: 700; velocity: 1; battery_rate_nav: 0
event: robot_spawn; timestamp: 0; robot: 5; pos: (0, 0); state: AVAILABLE; battery_level: 700; battery_capacity: 700; velocity: 1; battery_rate_nav: 0
event: robot_spawn; timestamp: 0; robot: 6; pos: (0, 0); state: AVAILABLE; battery_level: 700; battery_capacity: 700; velocity: 1; battery_rate_nav: 0
event: robot_spawn; timestamp: 0; robot: 7; pos: (0, 0); state: AVAILABLE; battery_level: 700; battery_capacity: 700; velocity: 1; battery_rate_nav: 0
event: robot_spawn; timestamp: 0; robot: 8; pos: (0, 0); state: AVAILABLE; battery_level: 700; battery_capacity: 700; velocity: 1; battery_rate_nav: 0
event: robot_spawn; timestamp: 0; robot: 9; pos: (0, 0); state: AVAILABLE; battery_level: 700; battery_capacity: 700; velocity: 1; battery_rate_nav: 0
event: robot_spawn; timestamp: 0; robot: 10; pos: (0, 0); state: AVAILABLE; battery_level: 700; battery_capacity: 700; velocity: 1; battery_rate_nav: 0
event: battery_consumption; timestamp: 0; robot: 3; time: 20.6155; initial_level: 700; final_level: 700
event: navigation; timestamp: 0; robot: 3; time: 20.6155; src: (0, 0); dst: (20, 5)
event: battery_consumption; timestamp: 0; robot: 6; time: 20.6155; initial_level: 700; final_level: 700
event: navigation; timestamp: 0; robot: 6; time: 20.6155; src: (0, 0); dst: (20, 5)
event: battery_consumption; timestamp: 0; robot: 2; time: 20.6155; initial_level: 700; final_level: 700
event: navigation; timestamp: 0; robot: 2; time: 20.6155; src: (0, 0); dst: (20, 5)
event: battery_consumption; timestamp: 0; robot: 10; time: 20.6155; initial_level: 700; final_level: 700
event: navigation; timestamp: 0; robot: 10; time: 20.6155; src: (0, 0); dst: (20, 5)
event: battery_consumption; timestamp: 0; robot: 7; time: 20.6155; initial_level: 700; final_level: 700
event: navigation; timestamp: 0; robot: 7; time: 20.6155; src: (0, 0); dst: (20, 5)
event: battery_consumption; timestamp: 0; robot: 1; time: 20.6155; initial_level: 700; final_level: 700
event: navigation; timestamp: 0; robot: 1; time: 20.6155; src: (0, 0); dst: (20, 5)
event: battery_consumption; timestamp: 0; robot: 4; time: 20.6155; initial_level: 700; final_level: 700
event: navigation; timestamp: 0; robot: 4; time: 20.6155; src: (0, 0); dst: (20, 5)
event: battery_consumption; timestamp: 0; robot: 8; time: 20.6155; initial_level: 700; final_level: 700
event: navigation; timestamp: 0; robot: 8; time: 20.6155; src: (0, 0); dst: (20, 5)
event: battery_consumption; timestamp: 0; robot: 9; time: 20.6155; initial_level: 700; final_level: 700
event: navigation; timestamp: 0; robot: 9; time: 20.6155; src: (0, 0); dst: (20, 5)
event: battery_consumption; timestamp: 0; robot: 5; time: 20.6155; initial_level: 700; final_level: 700
event: navigation; timestamp: 0; robot: 5; time: 20.6155; src: (0, 0); dst: (20, 5)
event: task_execution; timestamp: 2789; task: 90; robot: 1; pos: (20, 5); time: 87.0655
event: battery_consumption; timestamp: 2789; robot: 1; time: 87.0655; initial_level: 700; final_level: 690.326
event: task_execution; timestamp: 2789; task: 90; robot: 2; pos: (20, 5); time: 87.0655
event: battery_consumption; timestamp: 2789; robot: 2; time: 87.0655; initial_level: 700; final_level: 690.326
event: task_execution; timestamp: 2789; task: 90; robot: 3; pos: (20, 5); time: 87.0655
event: battery_consumption; timestamp: 2789; robot: 3; time: 87.0655; initial_level: 700; final_level: 690.326
event: task_execution; timestamp: 2789; task: 90; robot: 4; pos: (20, 5); time: 87.0655
event: battery_consumption; timestamp: 2789; robot: 4; time: 87.0655; initial_level: 700; final_level: 690.326
event: task_execution; timestamp: 2789; task: 90; robot: 5; pos: (20, 5); time: 87.0655
event: battery_consumption; timestamp: 2789; robot: 5; time: 87.0655; initial_level: 700; final_level: 690.326
event: task_execution; timestamp: 2789; task: 90; robot: 6; pos: (20, 5); time: 87.0655
event: battery_consumption; timestamp: 2789; robot: 6; time: 87.0655; initial_level: 700; final_level: 690.326
event: task_execution; timestamp: 2789; task: 90; robot: 7; pos: (20, 5); time: 87.0655
event: battery_consumption; timestamp: 2789; robot: 7; time: 87.0655; initial_level: 700; final_level: 690.326
event: task_execution; timestamp: 2789; task: 90; robot: 8; pos: (20, 5); time: 87.0655
event: battery_consumption; timestamp: 2789; robot: 8; time: 87.0655; initial_level: 700; final_level: 690.326
event: task_execution; timestamp: 2789; task: 90; robot: 9; pos: (20, 5); time: 87.0655
event: battery_consumption; timestamp: 2789; robot: 9; time: 87.0655; initial_level: 700; final_level: 690.326
event: task_execution; timestamp: 2789; task: 90; robot: 10; pos: (20, 5); time: 87.0655
event: battery_consumption; timestamp: 2789; robot: 10; time: 87.0655; initial_level: 700; final_level: 690.326
event: task_resolution; timestamp: 2876.07; task: 90; pos: (20, 5); status: COMPLETED; attempt: 1
event: battery_consumption; timestamp: 2876.07; robot: 7; time: 15.1327; initial_level: 690.326; final_level: 690.326
event: navigation; timestamp: 2876.07; robot: 7; time: 15.1327; src: (20, 5); dst: (22, -10)
event: battery_consumption; timestamp: 2876.07; robot: 6; time: 15.1327; initial_level: 690.326; final_level: 690.326
event: navigation; timestamp: 2876.07; robot: 6; time: 15.1327; src: (20, 5); dst: (22, -10)
event: battery_consumption; timestamp: 2876.07; robot: 3; time: 32.0156; initial_level: 690.326; final_level: 690.326
event: navigation; timestamp: 2876.07; robot: 3; time: 32.0156; src: (20, 5); dst: (45, -15)
event: battery_consumption; timestamp: 2876.07; robot: 9; time: 9.84886; initial_level: 690.326; final_level: 690.326
event: navigation; timestamp: 2876.07; robot: 9; time: 9.84886; src: (20, 5); dst: (24, -4)
event: battery_consumption; timestamp: 2876.07; robot: 2; time: 28.3019; initial_level: 690.326; final_level: 690.326
event: navigation; timestamp: 2876.07; robot: 2; time: 28.3019; src: (20, 5); dst: (-4, -10)
event: battery_consumption; timestamp: 2876.07; robot: 1; time: 33.9706; initial_level: 690.326; final_level: 690.326
event: navigation; timestamp: 2876.07; robot: 1; time: 33.9706; src: (20, 5); dst: (-5, -18)
event: battery_consumption; timestamp: 2876.07; robot: 4; time: 35.4683; initial_level: 690.326; final_level: 690.326
event: navigation; timestamp: 2876.07; robot: 4; time: 35.4683; src: (20, 5); dst: (-7, -18)
event: battery_consumption; timestamp: 2876.07; robot: 10; time: 30.0167; initial_level: 690.326; final_level: 690.326
event: navigation; timestamp: 2876.07; robot: 10; time: 30.0167; src: (20, 5); dst: (-10, 6)
event: battery_consumption; timestamp: 2876.07; robot: 8; time: 26.4764; initial_level: 690.326; final_level: 690.326
event: navigation; timestamp: 2876.07; robot: 8; time: 26.4764; src: (20, 5); dst: (-6, 10)
event: battery_consumption; timestamp: 2876.07; robot: 5; time: 27.313; initial_level: 690.326; final_level: 690.326
event: navigation; timestamp: 2876.07; robot: 5; time: 27.313; src: (20, 5); dst: (-5, 16)
event: battery_consumption; timestamp: 2962; robot: 4; time: 41.1096; initial_level: 690.326; final_level: 690.326
event: navigation; timestamp: 2962; robot: 4; time: 41.1096; src: (-7, -18); dst: (32, -5)
event: task_execution; timestamp: 2891.2; task: 96; robot: 6; pos: (22, -10); time: 95.4645
event: battery_consumption; timestamp: 2891.2; robot: 6; time: 95.4645; initial_level: 690.326; final_level: 679.719
event: task_execution; timestamp: 2891.2; task: 96; robot: 7; pos: (22, -10); time: 95.4645
event: battery_consumption; timestamp: 2891.2; robot: 7; time: 95.4645; initial_level: 690.326; final_level: 679.719
event: task_resolution; timestamp: 2986.66; task: 96; pos: (22, -10); status: COMPLETED; attempt: 1
event: battery_consumption; timestamp: 2986.66; robot: 6; time: 11.1803; initial_level: 679.719; final_level: 679.719
event: navigation; timestamp: 2986.66; robot: 6; time: 11.1803; src: (22, -10); dst: (32, -5)
event: battery_consumption; timestamp: 2986.66; robot: 7; time: 11.1803; initial_level: 679.719; final_level: 679.719
event: navigation; timestamp: 2986.66; robot: 7; time: 11.1803; src: (22, -10); dst: (32, -5)
event: task_execution; timestamp: 2906.08; task: 21; robot: 10; pos: (-10, 6); time: 86.0412
event: battery_consumption; timestamp: 2906.08; robot: 10; time: 86.0412; initial_level: 690.326; final_level: 671.206
event: task_resolution; timestamp: 2992.12; task: 21; pos: (-10, 6); status: FAILED; attempt: 1
event: battery_consumption; timestamp: 2992.12; robot: 10; time: 50.5964; initial_level: 671.206; final_level: 671.206
event: navigation; timestamp: 2992.12; robot: 10; time: 50.5964; src: (-10, 6); dst: (38, -10)
event: task_execution; timestamp: 2903.38; task: 10; robot: 5; pos: (-5, 16); time: 90.0864
event: battery_consumption; timestamp: 2903.38; robot: 5; time: 90.0864; initial_level: 690.326; final_level: 680.316
event: task_resolution; timestamp: 2993.46; task: 10; pos: (-5, 16); status: FAILED; attempt: 1
event: battery_consumption; timestamp: 2993.46; robot: 5; time: 50.2494; initial_level: 680.316; final_level: 680.316
event: navigation; timestamp: 2993.46; robot: 5; time: 50.2494; src: (-5, 16); dst: (38, -10)
event: task_execution; timestamp: 2908.08; task: 81; robot: 3; pos: (45, -15); time: 86.7732
event: battery_consumption; timestamp: 2908.08; robot: 3; time: 86.7732; initial_level: 690.326; final_level: 661.402
event: task_resolution; timestamp: 2994.85; task: 81; pos: (45, -15); status: COMPLETED; attempt: 1
event: battery_consumption; timestamp: 2994.85; robot: 3; time: 8.60233; initial_level: 661.402; final_level: 661.402
event: navigation; timestamp: 2994.85; robot: 3; time: 8.60233; src: (45, -15); dst: (38, -10)
event: task_execution; timestamp: 2904.37; task: 48; robot: 2; pos: (-4, -10); time: 91.6621
event: battery_consumption; timestamp: 2904.37; robot: 2; time: 91.6621; initial_level: 690.326; final_level: 680.141
event: task_resolution; timestamp: 2996.03; task: 48; pos: (-4, -10); status: COMPLETED; attempt: 1
event: battery_consumption; timestamp: 2996.03; robot: 2; time: 10.7703; initial_level: 680.141; final_level: 680.141
event: navigation; timestamp: 2996.03; robot: 2; time: 10.7703; src: (-4, -10); dst: (0, 0)
event: robot_finished; timestamp: 3006.8; robot: 2; pos: (0, 0); battery: 680.141
event: task_execution; timestamp: 2902.54; task: 8; robot: 8; pos: (-6, 10); time: 96.7032
event: battery_consumption; timestamp: 2902.54; robot: 8; time: 96.7032; initial_level: 690.326; final_level: 668.836
event: task_resolution; timestamp: 2999.25; task: 8; pos: (-6, 10); status: FAILED; attempt: 1
event: battery_consumption; timestamp: 2999.25; robot: 8; time: 11.6619; initial_level: 668.836; final_level: 668.836
event: navigation; timestamp: 2999.25; robot: 8; time: 11.6619; src: (-6, 10); dst: (0, 0)
event: robot_finished; timestamp: 3010.91; robot: 8; pos: (0, 0); battery: 668.836
event: task_execution; timestamp: 2910.04; task: 41; robot: 1; pos: (-5, -18); time: 91.0926
event: battery_consumption; timestamp: 2910.04; robot: 1; time: 91.0926; initial_level: 690.326; final_level: 680.205
event: task_resolution; timestamp: 3001.13; task: 41; pos: (-5, -18); status: COMPLETED; attempt: 1
event: battery_consumption; timestamp: 3001.13; robot: 1; time: 18.6815; initial_level: 680.205; final_level: 680.205
event: navigation; timestamp: 3001.13; robot: 1; time: 18.6815; src: (-5, -18); dst: (0, 0)
event: robot_finished; timestamp: 3019.81; robot: 1; pos: (0, 0); battery: 680.205
event: task_resolution; timestamp: 3006.59; task: 42; pos: (-7, -18); status: COMPLETED; attempt: 1
event: task_execution; timestamp: 2976; task: 87; robot: 9; pos: (24, -4); time: 87.2988
event: battery_consumption; timestamp: 2976; robot: 9; time: 87.2988; initial_level: 690.326; final_level: 670.926
event: task_resolution; timestamp: 3063.3; task: 87; pos: (24, -4); status: COMPLETED; attempt: 1
event: battery_consumption; timestamp: 3063.3; robot: 9; time: 24.3311; initial_level: 670.926; final_level: 670.926
event: navigation; timestamp: 3063.3; robot: 9; time: 24.3311; src: (24, -4); dst: (0, 0)
event: robot_finished; timestamp: 3087.63; robot: 9; pos: (0, 0); battery: 670.926
event: task_execution; timestamp: 3003.11; task: 77; robot: 4; pos: (32, -5); time: 79.0047
event: battery_consumption; timestamp: 3003.11; robot: 4; time: 79.0047; initial_level: 690.326; final_level: 681.548
event: task_execution; timestamp: 3003.11; task: 77; robot: 6; pos: (32, -5); time: 79.0047
event: battery_consumption; timestamp: 3003.11; robot: 6; time: 79.0047; initial_level: 679.719; final_level: 670.941
event: task_execution; timestamp: 3003.11; task: 77; robot: 7; pos: (32, -5); time: 79.0047
event: battery_consumption; timestamp: 3003.11; robot: 7; time: 79.0047; initial_level: 679.719; final_level: 670.941
event: task_resolution; timestamp: 3082.11; task: 77; pos: (32, -5); status: COMPLETED; attempt: 1
event: battery_consumption; timestamp: 3082.11; robot: 6; time: 32.3883; initial_level: 670.941; final_level: 670.941
event: navigation; timestamp: 3082.11; robot: 6; time: 32.3883; src: (32, -5); dst: (0, 0)
event: robot_finished; timestamp: 3114.5; robot: 6; pos: (0, 0); battery: 670.941
event: battery_consumption; timestamp: 3082.11; robot: 4; time: 32.3883; initial_level: 681.548; final_level: 681.548
event: navigation; timestamp: 3082.11; robot: 4; time: 32.3883; src: (32, -5); dst: (0, 0)
event: robot_finished; timestamp: 3114.5; robot: 4; pos: (0, 0); battery: 681.548
event: battery_consumption; timestamp: 3082.11; robot: 7; time: 32.3883; initial_level: 670.941; final_level: 670.941
event: navigation; timestamp: 3082.11; robot: 7; time: 32.3883; src: (32, -5); dst: (0, 0)
event: robot_finished; timestamp: 3114.5; robot: 7; pos: (0, 0); battery: 670.941
event: task_execution; timestamp: 3043.71; task: 78; robot: 3; pos: (38, -10); time: 91.0691
event: battery_consumption; timestamp: 3043.71; robot: 3; time: 91.0691; initial_level: 661.402; final_level: 641.164
event: task_execution; timestamp: 3043.71; task: 78; robot: 5; pos: (38, -10); time: 91.0691
event: battery_consumption; timestamp: 3043.71; robot: 5; time: 91.0691; initial_level: 680.316; final_level: 660.079
event: task_execution; timestamp: 3043.71; task: 78; robot: 10; pos: (38, -10); time: 91.0691
event: battery_consumption; timestamp: 3043.71; robot: 10; time: 91.0691; initial_level: 671.206; final_level: 650.968
event: task_resolution; timestamp: 3134.78; task: 78; pos: (38, -10); status: COMPLETED; attempt: 1
event: battery_consumption; timestamp: 3134.78; robot: 5; time: 39.2938; initial_level: 660.079; final_level: 660.079
event: navigation; timestamp: 3134.78; robot: 5; time: 39.2938; src: (38, -10); dst: (0, 0)
event: robot_finished; timestamp: 3174.08; robot: 5; pos: (0, 0); battery: 660.079
event: battery_consumption; timestamp: 3134.78; robot: 10; time: 39.2938; initial_level: 650.968; final_level: 650.968
event: navigation; timestamp: 3134.78; robot: 10; time: 39.2938; src: (38, -10); dst: (0, 0)
event: robot_finished; timestamp: 3174.08; robot: 10; pos: (0, 0); battery: 650.968
event: battery_consumption; timestamp: 3134.78; robot: 3; time: 39.2938; initial_level: 641.164; final_level: 641.164
event: navigation; timestamp: 3134.78; robot: 3; time: 39.2938; src: (38, -10); dst: (0, 0)
event: robot_finished; timestamp: 3174.08; robot: 3; pos: (0, 0); battery: 641.164
metric: available_agents; value: 0
metric: failed_agents; value: 0
metric: finished_agents; value: 10
metric: completed_tasks; value: 9
metric: pending_tasks; value: 0
metric: failed_tasks; value: 91
metric: average_robot_makespan; value: 3099.09
metric: sd_robot_makespan; value: 66.9097
metric: max_robot_makespan; value: 3174.08
metric: min_robot_makespan; value: 3006.8
metric: average_robot_travel_distance; value: 91.3241
metric: sd_robot_travel_distance; value: 33.5142
metric: max_robot_travel_distance; value: 140.522
metric: min_robot_travel_distance; value: 54.7954
metric: sum_robot_travel_distance; value: 913.241
metric: average_completed_tasks_by_robot; value: 0
metric: sd_completed_tasks_by_robot; value: 0
metric: max_completed_tasks_by_robot; value: 0
metric: min_completed_tasks_by_robot; value: 0
metric: final_reward; value: 0.09
metric: computing_time; value: 882.533
