info: solver_name; value: greedy
info: reward_function; value: reward00
info: replica; value: 1
info: filename; value: ../logs/prueba/rc103_10r_100t_b0f5abc8_greedy_reward00_001.log
info: scenario_name; value: rc103_10r_100t_b0f5abc8
info: scenario_name; value: rc103_10r_100t_b0f5abc8
info: number_of_tasks; value: 100
info: number_of_robots; value: 10
info: number_of_recharging_stations; value: 1
info: scenario_size; value: (132,132)
event: recharging_station_spawn; timestamp: 0; recharging_station: 1; pos: (0, 0)
event: task_spawn; timestamp: 0; task: 1; pos: (-15, 35); earliest_start: 0; latest_start: 191; state: PENDING; required_workers: 1; success_prob: 0.2; max_attempts: 1
event: task_spawn; timestamp: 0; task: 2; pos: (-18, 25); earliest_start: 0; latest_start: 199; state: PENDING; required_workers: 1; success_prob: 0.2; max_attempts: 1
event: task_spawn; timestamp: 0; task: 3; pos: (-18, 35); earliest_start: 0; latest_start: 190; state: PENDING; required_workers: 1; success_prob: 0.2; max_attempts: 1
event: task_spawn; timestamp: 0; task: 4; pos: (-20, 30); earliest_start: 141; latest_start: 171; state: PENDING; required_workers: 1; success_prob: 0.2; max_attempts: 1
event: task_spawn; timestamp: 0; task: 5; pos: (-20, 35); earliest_start: 0; latest_start: 189; state: PENDING; required_workers: 1; success_prob: 0.2; max_attempts: 1
event: task_spawn; timestamp: 0; task: 6; pos: (-22, 25); earliest_start: 95; latest_start: 125; state: PENDING; required_workers: 1; success_prob: 0.2; max_attempts: 1
event: task_spawn; timestamp: 0; task: 7; pos: (-25, 25); earliest_start: 0; latest_start: 194; state: PENDING; required_workers: 1; success_prob: 0.2; max_attempts: 1
event: task_spawn; timestamp: 0; task: 8; pos: (-25, 30); earliest_start: 91; latest_start: 121; state: PENDING; required_workers: 1; success_prob: 0.2; max_attempts: 1
event: task_spawn; timestamp: 0; task: 9; pos: (-30, -15); earliest_start: 91; latest_start: 121; state: PENDING; required_workers: 1; success_prob: 0.2; max_attempts: 1
event: task_spawn; timestamp: 0; task: 10; pos: (-30, -10); earliest_start: 119; latest_start: 149; state: PENDING; required_workers: 1; success_prob: 0.2; max_attempts: 1
event: task_spawn; timestamp: 0; task: 11; pos: (-32, -10); earliest_start: 59; latest_start: 89; state: PENDING; required_workers: 2; success_prob: 0.2; max_attempts: 1
event: task_spawn; timestamp: 0; task: 12; pos: (-32, -5); earliest_start: 0; latest_start: 197; state: PENDING; required_workers: 2; success_prob: 0.2; max_attempts: 1
event: task_spawn; timestamp: 0; task: 13; pos: (-35, -15); earliest_start: 142; latest_start: 172; state: PENDING; required_workers: 2; success_prob: 0.2; max_attempts: 1
event: task_spawn; timestamp: 0; task: 14; pos: (-35, -5); earliest_start: 0; latest_start: 194; state: PENDING; required_workers: 2; success_prob: 0.2; max_attempts: 1
event: task_spawn; timestamp: 0; task: 15; pos: (-38, -10); earliest_start: 58; latest_start: 88; state: PENDING; required_workers: 2; success_prob: 0.2; max_attempts: 1
event: task_spawn; timestamp: 0; task: 16; pos: (-40, -10); earliest_start: 0; latest_start: 188; state: PENDING; required_workers: 2; success_prob: 0.2; max_attempts: 1
event: task_spawn; timestamp: 0; task: 17; pos: (-40, -5); earliest_start: 149; latest_start: 179; state: PENDING; required_workers: 3; success_prob: 0.2; max_attempts: 1
event: task_spawn; timestamp: 0; task: 18; pos: (4, -45); earliest_start: 0; latest_start: 184; state: PENDING; required_workers: 3; success_prob: 0.2; max_attempts: 1
event: task_spawn; timestamp: 0; task: 19; pos: (2, -40); earliest_start: 0; latest_start: 189; state: PENDING; required_workers: 3; success_prob: 0.2; max_attempts: 1
event: task_spawn; timestamp: 0; task: 20; pos: (2, -35); earliest_start: 0; latest_start: 194; state: PENDING; required_workers: 3; success_prob: 0.2; max_attempts: 1
event: task_spawn; timestamp: 0; task: 21; pos: (0, -45); earliest_start: 0; latest_start: 185; state: PENDING; required_workers: 1; success_prob: 0.4; max_attempts: 1
event: task_spawn; timestamp: 0; task: 22; pos: (0, -35); earliest_start: 92; latest_start: 122; state: PENDING; required_workers: 1; success_prob: 0.4; max_attempts: 1
event: task_spawn; timestamp: 0; task: 23; pos: (-2, -45); earliest_start: 65; latest_start: 95; state: PENDING; required_workers: 1; success_prob: 0.4; max_attempts: 1
event: task_spawn; timestamp: 0; task: 24; pos: (-2, -35); earliest_start: 0; latest_start: 194; state: PENDING; required_workers: 1; success_prob: 0.4; max_attempts: 1
event: task_spawn; timestamp: 0; task: 25; pos: (-5, -45); earliest_start: 154; latest_start: 184; state: PENDING; required_workers: 1; success_prob: 0.4; max_attempts: 1
event: task_spawn; timestamp: 0; task: 26; pos: (55, -20); earliest_start: 0; latest_start: 171; state: PENDING; required_workers: 1; success_prob: 0.4; max_attempts: 1
event: task_spawn; timestamp: 0; task: 27; pos: (55, -15); earliest_start: 62; latest_start: 92; state: PENDING; required_workers: 1; success_prob: 0.4; max_attempts: 1
event: task_spawn; timestamp: 0; task: 28; pos: (52, -20); earliest_start: 0; latest_start: 174; state: PENDING; required_workers: 1; success_prob: 0.4; max_attempts: 1
event: task_spawn; timestamp: 0; task: 29; pos: (50, -15); earliest_start: 0; latest_start: 177; state: PENDING; required_workers: 1; success_prob: 0.4; max_attempts: 1
event: task_spawn; timestamp: 0; task: 30; pos: (48, -20); earliest_start: 74; latest_start: 104; state: PENDING; required_workers: 1; success_prob: 0.4; max_attempts: 1
event: task_spawn; timestamp: 0; task: 31; pos: (48, -15); earliest_start: 0; latest_start: 179; state: PENDING; required_workers: 2; success_prob: 0.4; max_attempts: 1
event: task_spawn; timestamp: 0; task: 32; pos: (47, -20); earliest_start: 0; latest_start: 178; state: PENDING; required_workers: 2; success_prob: 0.4; max_attempts: 1
event: task_spawn; timestamp: 0; task: 33; pos: (45, -25); earliest_start: 51; latest_start: 81; state: PENDING; required_workers: 2; success_prob: 0.4; max_attempts: 1
event: task_spawn; timestamp: 0; task: 34; pos: (45, -15); earliest_start: 0; latest_start: 182; state: PENDING; required_workers: 2; success_prob: 0.4; max_attempts: 1
event: task_spawn; timestamp: 0; task: 35; pos: (27, 35); earliest_start: 139; latest_start: 169; state: PENDING; required_workers: 2; success_prob: 0.4; max_attempts: 1
event: task_spawn; timestamp: 0; task: 36; pos: (25, 35); earliest_start: 43; latest_start: 73; state: PENDING; required_workers: 2; success_prob: 0.4; max_attempts: 1
event: task_spawn; timestamp: 0; task: 37; pos: (25, 32); earliest_start: 0; latest_start: 189; state: PENDING; required_workers: 3; success_prob: 0.4; max_attempts: 1
event: task_spawn; timestamp: 0; task: 38; pos: (22, 30); earliest_start: 75; latest_start: 105; state: PENDING; required_workers: 3; success_prob: 0.4; max_attempts: 1
event: task_spawn; timestamp: 0; task: 39; pos: (20, 30); earliest_start: 37; latest_start: 67; state: PENDING; required_workers: 3; success_prob: 0.4; max_attempts: 1
event: task_spawn; timestamp: 0; task: 40; pos: (20, 35); earliest_start: 85; latest_start: 115; state: PENDING; required_workers: 3; success_prob: 0.4; max_attempts: 1
event: task_spawn; timestamp: 0; task: 41; pos: (18, 25); earliest_start: 92; latest_start: 122; state: PENDING; required_workers: 1; success_prob: 0.6; max_attempts: 1
event: task_spawn; timestamp: 0; task: 42; pos: (15, 30); earliest_start: 33; latest_start: 63; state: PENDING; required_workers: 1; success_prob: 0.6; max_attempts: 1
event: task_spawn; timestamp: 0; task: 43; pos: (15, 35); earliest_start: 0; latest_start: 191; state: PENDING; required_workers: 1; success_prob: 0.6; max_attempts: 1
event: task_spawn; timestamp: 0; task: 44; pos: (15, 32); earliest_start: 64; latest_start: 94; state: PENDING; required_workers: 1; success_prob: 0.6; max_attempts: 1
event: task_spawn; timestamp: 0; task: 45; pos: (-20, 32); earliest_start: 37; latest_start: 67; state: PENDING; required_workers: 1; success_prob: 0.6; max_attempts: 1
event: task_spawn; timestamp: 0; task: 46; pos: (-22, 30); earliest_start: 0; latest_start: 192; state: PENDING; required_workers: 1; success_prob: 0.6; max_attempts: 1
event: task_spawn; timestamp: 0; task: 47; pos: (-38, -5); earliest_start: 0; latest_start: 191; state: PENDING; required_workers: 1; success_prob: 0.6; max_attempts: 1
event: task_spawn; timestamp: 0; task: 48; pos: (2, -45); earliest_start: 0; latest_start: 184; state: PENDING; required_workers: 1; success_prob: 0.6; max_attempts: 1
event: task_spawn; timestamp: 0; task: 49; pos: (2, -38); earliest_start: 104; latest_start: 134; state: PENDING; required_workers: 1; success_prob: 0.6; max_attempts: 1
event: task_spawn; timestamp: 0; task: 50; pos: (32, -15); earliest_start: 0; latest_start: 194; state: PENDING; required_workers: 1; success_prob: 0.6; max_attempts: 1
event: task_spawn; timestamp: 0; task: 51; pos: (15, -30); earliest_start: 0; latest_start: 196; state: PENDING; required_workers: 2; success_prob: 0.6; max_attempts: 1
event: task_spawn; timestamp: 0; task: 52; pos: (-15, -20); earliest_start: 0; latest_start: 205; state: PENDING; required_workers: 2; success_prob: 0.6; max_attempts: 1
event: task_spawn; timestamp: 0; task: 53; pos: (-20, 0); earliest_start: 91; latest_start: 121; state: PENDING; required_workers: 2; success_prob: 0.6; max_attempts: 1
event: task_spawn; timestamp: 0; task: 54; pos: (15, 10); earliest_start: 0; latest_start: 211; state: PENDING; required_workers: 2; success_prob: 0.6; max_attempts: 1
event: task_spawn; timestamp: 0; task: 55; pos: (-10, 10); earliest_start: 140; latest_start: 170; state: PENDING; required_workers: 2; success_prob: 0.6; max_attempts: 1
event: task_spawn; timestamp: 0; task: 56; pos: (10, -15); earliest_start: 130; latest_start: 160; state: PENDING; required_workers: 2; success_prob: 0.6; max_attempts: 1
event: task_spawn; timestamp: 0; task: 57; pos: (-10, -25); earliest_start: 0; latest_start: 203; state: PENDING; required_workers: 3; success_prob: 0.6; max_attempts: 1
event: task_spawn; timestamp: 0; task: 58; pos: (-25, -40); earliest_start: 152; latest_start: 182; state: PENDING; required_workers: 3; success_prob: 0.6; max_attempts: 1
event: task_spawn; timestamp: 0; task: 59; pos: (-30, -30); earliest_start: 0; latest_start: 187; state: PENDING; required_workers: 3; success_prob: 0.6; max_attempts: 1
event: task_spawn; timestamp: 0; task: 60; pos: (-25, 10); earliest_start: 0; latest_start: 203; state: PENDING; required_workers: 3; success_prob: 0.6; max_attempts: 1
event: task_spawn; timestamp: 0; task: 61; pos: (5, 15); earliest_start: 0; latest_start: 214; state: PENDING; required_workers: 1; success_prob: 0.8; max_attempts: 1
event: task_spawn; timestamp: 0; task: 62; pos: (25, -15); earliest_start: 52; latest_start: 82; state: PENDING; required_workers: 1; success_prob: 0.8; max_attempts: 1
event: task_spawn; timestamp: 0; task: 63; pos: (25, -30); earliest_start: 0; latest_start: 190; state: PENDING; required_workers: 1; success_prob: 0.8; max_attempts: 1
event: task_spawn; timestamp: 0; task: 64; pos: (5, -20); earliest_start: 53; latest_start: 83; state: PENDING; required_workers: 1; success_prob: 0.8; max_attempts: 1
event: task_spawn; timestamp: 0; task: 65; pos: (-5, -10); earliest_start: 11; latest_start: 41; state: PENDING; required_workers: 1; success_prob: 0.8; max_attempts: 1
event: task_spawn; timestamp: 0; task: 66; pos: (1, -13); earliest_start: 133; latest_start: 163; state: PENDING; required_workers: 1; success_prob: 0.8; max_attempts: 1
event: task_spawn; timestamp: 0; task: 67; pos: (24, -8); earliest_start: 70; latest_start: 100; state: PENDING; required_workers: 1; success_prob: 0.8; max_attempts: 1
event: task_spawn; timestamp: 0; task: 68; pos: (0, 10); earliest_start: 144; latest_start: 174; state: PENDING; required_workers: 1; success_prob: 0.8; max_attempts: 1
event: task_spawn; timestamp: 0; task: 69; pos: (-9, 2); earliest_start: 41; latest_start: 71; state: PENDING; required_workers: 1; success_prob: 0.8; max_attempts: 1
event: task_spawn; timestamp: 0; task: 70; pos: (-5, 19); earliest_start: 180; latest_start: 210; state: PENDING; required_workers: 1; success_prob: 0.8; max_attempts: 1
event: task_spawn; timestamp: 0; task: 71; pos: (25, 5); earliest_start: 0; latest_start: 204; state: PENDING; required_workers: 2; success_prob: 0.8; max_attempts: 1
event: task_spawn; timestamp: 0; task: 72; pos: (23, 15); earliest_start: 0; latest_start: 202; state: PENDING; required_workers: 2; success_prob: 0.8; max_attempts: 1
event: task_spawn; timestamp: 0; task: 73; pos: (-38, 10); earliest_start: 0; latest_start: 190; state: PENDING; required_workers: 2; success_prob: 0.8; max_attempts: 1
event: task_spawn; timestamp: 0; task: 74; pos: (-20, -30); earliest_start: 141; latest_start: 171; state: PENDING; required_workers: 2; success_prob: 0.8; max_attempts: 1
event: task_spawn; timestamp: 0; task: 75; pos: (-35, -45); earliest_start: 0; latest_start: 172; state: PENDING; required_workers: 2; success_prob: 0.8; max_attempts: 1
event: task_spawn; timestamp: 0; task: 76; pos: (20, -38); earliest_start: 75; latest_start: 105; state: PENDING; required_workers: 2; success_prob: 0.8; max_attempts: 1
event: task_spawn; timestamp: 0; task: 77; pos: (-17, -47); earliest_start: 150; latest_start: 180; state: PENDING; required_workers: 3; success_prob: 0.8; max_attempts: 1
event: task_spawn; timestamp: 0; task: 78; pos: (-32, 6); earliest_start: 90; latest_start: 120; state: PENDING; required_workers: 3; success_prob: 0.8; max_attempts: 1
event: task_spawn; timestamp: 0; task: 79; pos: (-34, 18); earliest_start: 89; latest_start: 119; state: PENDING; required_workers: 3; success_prob: 0.8; max_attempts: 1
event: task_spawn; timestamp: 0; task: 80; pos: (7, -3); earliest_start: 192; latest_start: 222; state: PENDING; required_workers: 3; success_prob: 0.8; max_attempts: 1
event: task_spawn; timestamp: 0; task: 81; pos: (9, 8); earliest_start: 0; latest_start: 217; state: PENDING; required_workers: 1; success_prob: 1; max_attempts: 1
event: task_spawn; timestamp: 0; task: 82; pos: (-13, -7); earliest_start: 0; latest_start: 215; state: PENDING; required_workers: 1; success_prob: 1; max_attempts: 1
event: task_spawn; timestamp: 0; task: 83; pos: (-3, -19); earliest_start: 0; latest_start: 210; state: PENDING; required_workers: 1; success_prob: 1; max_attempts: 1
event: task_spawn; timestamp: 0; task: 84; pos: (17, -21); earliest_start: 96; latest_start: 126; state: PENDING; required_workers: 1; success_prob: 1; max_attempts: 1
event: task_spawn; timestamp: 0; task: 85; pos: (23, -27); earliest_start: 0; latest_start: 194; state: PENDING; required_workers: 1; success_prob: 1; max_attempts: 1
event: task_spawn; timestamp: 0; task: 86; pos: (-19, -26); earliest_start: 0; latest_start: 197; state: PENDING; required_workers: 1; success_prob: 1; max_attempts: 1
event: task_spawn; timestamp: 0; task: 87; pos: (-28, -26); earliest_start: 90; latest_start: 120; state: PENDING; required_workers: 1; success_prob: 1; max_attempts: 1
event: task_spawn; timestamp: 0; task: 88; pos: (-16, 8); earliest_start: 67; latest_start: 97; state: PENDING; required_workers: 1; success_prob: 1; max_attempts: 1
event: task_spawn; timestamp: 0; task: 89; pos: (27, -45); earliest_start: 0; latest_start: 177; state: PENDING; required_workers: 1; success_prob: 1; max_attempts: 1
event: task_spawn; timestamp: 0; task: 90; pos: (-3, -3); earliest_start: 0; latest_start: 225; state: PENDING; required_workers: 1; success_prob: 1; max_attempts: 1
event: task_spawn; timestamp: 0; task: 91; pos: (9, -8); earliest_start: 0; latest_start: 217; state: PENDING; required_workers: 2; success_prob: 1; max_attempts: 1
event: task_spawn; timestamp: 0; task: 92; pos: (13, -7); earliest_start: 14; latest_start: 44; state: PENDING; required_workers: 2; success_prob: 1; max_attempts: 1
event: task_spawn; timestamp: 0; task: 93; pos: (21, 2); earliest_start: 178; latest_start: 208; state: PENDING; required_workers: 2; success_prob: 1; max_attempts: 1
event: task_spawn; timestamp: 0; task: 94; pos: (17, -2); earliest_start: 0; latest_start: 212; state: PENDING; required_workers: 2; success_prob: 1; max_attempts: 1
event: task_spawn; timestamp: 0; task: 95; pos: (16, -13); earliest_start: 0; latest_start: 209; state: PENDING; required_workers: 2; success_prob: 1; max_attempts: 1
event: task_spawn; timestamp: 0; task: 96; pos: (15, 4); earliest_start: 0; latest_start: 214; state: PENDING; required_workers: 2; success_prob: 1; max_attempts: 1
event: task_spawn; timestamp: 0; task: 97; pos: (-36, -32); earliest_start: 0; latest_start: 181; state: PENDING; required_workers: 3; success_prob: 1; max_attempts: 1
event: task_spawn; timestamp: 0; task: 98; pos: (-14, 2); earliest_start: 0; latest_start: 215; state: PENDING; required_workers: 3; success_prob: 1; max_attempts: 1
event: task_spawn; timestamp: 0; task: 99; pos: (-14, -15); earliest_start: 77; latest_start: 107; state: PENDING; required_workers: 3; success_prob: 1; max_attempts: 1
event: task_spawn; timestamp: 0; task: 100; pos: (-9, 17); earliest_start: 180; latest_start: 210; state: PENDING; required_workers: 3; success_prob: 1; max_attempts: 1
event: robot_spawn; timestamp: 0; robot: 1; pos: (0, 0); state: AVAILABLE; battery_level: 200; battery_capacity: 200; velocity: 1; battery_rate_nav: 0
event: robot_spawn; timestamp: 0; robot: 2; pos: (0, 0); state: AVAILABLE; battery_level: 200; battery_capacity: 200; velocity: 1; battery_rate_nav: 0
event: robot_spawn; timestamp: 0; robot: 3; pos: (0, 0); state: AVAILABLE; battery_level: 200; battery_capacity: 200; velocity: 1; battery_rate_nav: 0
event: robot_spawn; timestamp: 0; robot: 4; pos: (0, 0); state: AVAILABLE; battery_level: 200; battery_capacity: 200; velocity: 1; battery_rate_nav: 0
event: robot_spawn; timestamp: 0; robot: 5; pos: (0, 0); state: AVAILABLE; battery_level: 200; battery_capacity: 200; velocity: 1; battery_rate_nav: 0
event: robot_spawn; timestamp: 0; robot: 6; pos: (0, 0); state: AVAILABLE; battery_level: 200; battery_capacity: 200; velocity: 1; battery_rate_nav: 0
event: robot_spawn; timestamp: 0; robot: 7; pos: (0, 0); state: AVAILABLE; battery_level: 200; battery_capacity: 200; velocity: 1; battery_rate_nav: 0
event: robot_spawn; timestamp: 0; robot: 8; pos: (0, 0); state: AVAILABLE; battery_level: 200; battery_capacity: 200; velocity: 1; battery_rate_nav: 0
event: robot_spawn; timestamp: 0; robot: 9; pos: (0, 0); state: AVAILABLE; battery_level: 200; battery_capacity: 200; velocity: 1; battery_rate_nav: 0
event: robot_spawn; timestamp: 0; robot: 10; pos: (0, 0); state: AVAILABLE; battery_level: 200; battery_capacity: 200; velocity: 1; battery_rate_nav: 0
event: battery_consumption; timestamp: 0; robot: 9; time: 4.24264; initial_level: 200; final_level: 200
event: navigation; timestamp: 0; robot: 9; time: 4.24264; src: (0, 0); dst: (-3, -3)
event: battery_consumption; timestamp: 0; robot: 7; time: 7.61577; initial_level: 200; final_level: 200
event: navigation; timestamp: 0; robot: 7; time: 7.61577; src: (0, 0); dst: (7, -3)
event: battery_consumption; timestamp: 0; robot: 2; time: 7.61577; initial_level: 200; final_level: 200
event: navigation; timestamp: 0; robot: 2; time: 7.61577; src: (0, 0); dst: (7, -3)
event: battery_consumption; timestamp: 0; robot: 6; time: 7.61577; initial_level: 200; final_level: 200
event: navigation; timestamp: 0; robot: 6; time: 7.61577; src: (0, 0); dst: (7, -3)
event: battery_consumption; timestamp: 0; robot: 3; time: 9.21954; initial_level: 200; final_level: 200
event: navigation; timestamp: 0; robot: 3; time: 9.21954; src: (0, 0); dst: (-9, 2)
event: battery_consumption; timestamp: 0; robot: 4; time: 10; initial_level: 200; final_level: 200
event: navigation; timestamp: 0; robot: 4; time: 10; src: (0, 0); dst: (0, 10)
event: battery_consumption; timestamp: 0; robot: 5; time: 11.1803; initial_level: 200; final_level: 200
event: navigation; timestamp: 0; robot: 5; time: 11.1803; src: (0, 0); dst: (-5, -10)
event: battery_consumption; timestamp: 0; robot: 8; time: 12.0416; initial_level: 200; final_level: 200
event: navigation; timestamp: 0; robot: 8; time: 12.0416; src: (0, 0); dst: (9, 8)
event: battery_consumption; timestamp: 0; robot: 10; time: 12.0416; initial_level: 200; final_level: 200
event: navigation; timestamp: 0; robot: 10; time: 12.0416; src: (0, 0); dst: (9, -8)
event: battery_consumption; timestamp: 0; robot: 1; time: 12.0416; initial_level: 200; final_level: 200
event: navigation; timestamp: 0; robot: 1; time: 12.0416; src: (0, 0); dst: (9, -8)
event: task_execution; timestamp: 4.24264; task: 90; robot: 9; pos: (-3, -3); time: 8.99645
event: battery_consumption; timestamp: 4.24264; robot: 9; time: 8.99645; initial_level: 200; final_level: 194.602
event: task_resolution; timestamp: 13.2391; task: 90; pos: (-3, -3); status: COMPLETED; attempt: 1
event: battery_consumption; timestamp: 13.2391; robot: 9; time: 10.7703; initial_level: 194.602; final_level: 194.602
event: navigation; timestamp: 13.2391; robot: 9; time: 10.7703; src: (-3, -3); dst: (1, -13)
event: task_execution; timestamp: 12.0416; task: 91; robot: 1; pos: (9, -8); time: 7.57574
event: battery_consumption; timestamp: 12.0416; robot: 1; time: 7.57574; initial_level: 200; final_level: 190.152
event: task_execution; timestamp: 12.0416; task: 91; robot: 10; pos: (9, -8); time: 7.57574
event: battery_consumption; timestamp: 12.0416; robot: 10; time: 7.57574; initial_level: 200; final_level: 190.152
event: task_resolution; timestamp: 19.6173; task: 91; pos: (9, -8); status: COMPLETED; attempt: 1
event: battery_consumption; timestamp: 19.6173; robot: 1; time: 4.12311; initial_level: 190.152; final_level: 190.152
event: navigation; timestamp: 19.6173; robot: 1; time: 4.12311; src: (9, -8); dst: (13, -7)
event: battery_consumption; timestamp: 19.6173; robot: 10; time: 4.12311; initial_level: 190.152; final_level: 190.152
event: navigation; timestamp: 19.6173; robot: 10; time: 4.12311; src: (9, -8); dst: (13, -7)
event: task_execution; timestamp: 11.1803; task: 65; robot: 5; pos: (-5, -10); time: 10.1383
event: battery_consumption; timestamp: 11.1803; robot: 5; time: 10.1383; initial_level: 200; final_level: 183.779
event: task_resolution; timestamp: 21.3186; task: 65; pos: (-5, -10); status: COMPLETED; attempt: 1
event: battery_consumption; timestamp: 21.3186; robot: 5; time: 8.544; initial_level: 183.779; final_level: 183.779
event: navigation; timestamp: 21.3186; robot: 5; time: 8.544; src: (-5, -10); dst: (-13, -7)
event: task_execution; timestamp: 12.0416; task: 81; robot: 8; pos: (9, 8); time: 10.0072
event: battery_consumption; timestamp: 12.0416; robot: 8; time: 10.0072; initial_level: 200; final_level: 189.993
event: task_resolution; timestamp: 22.0488; task: 81; pos: (9, 8); status: COMPLETED; attempt: 1
event: battery_consumption; timestamp: 22.0488; robot: 8; time: 6.32456; initial_level: 189.993; final_level: 189.993
event: navigation; timestamp: 22.0488; robot: 8; time: 6.32456; src: (9, 8); dst: (15, 10)
event: task_execution; timestamp: 23.7404; task: 92; robot: 1; pos: (13, -7); time: 10.3172
event: battery_consumption; timestamp: 23.7404; robot: 1; time: 10.3172; initial_level: 190.152; final_level: 175.707
event: task_execution; timestamp: 23.7404; task: 92; robot: 10; pos: (13, -7); time: 10.3172
event: battery_consumption; timestamp: 23.7404; robot: 10; time: 10.3172; initial_level: 190.152; final_level: 175.707
event: task_resolution; timestamp: 34.0577; task: 92; pos: (13, -7); status: COMPLETED; attempt: 1
event: battery_consumption; timestamp: 34.0577; robot: 10; time: 6.40312; initial_level: 175.707; final_level: 175.707
event: navigation; timestamp: 34.0577; robot: 10; time: 6.40312; src: (13, -7); dst: (17, -2)
event: battery_consumption; timestamp: 34.0577; robot: 1; time: 6.40312; initial_level: 175.707; final_level: 175.707
event: navigation; timestamp: 34.0577; robot: 1; time: 6.40312; src: (13, -7); dst: (17, -2)
event: task_execution; timestamp: 29.8626; task: 82; robot: 5; pos: (-13, -7); time: 10.9475
event: battery_consumption; timestamp: 29.8626; robot: 5; time: 10.9475; initial_level: 183.779; final_level: 173.926
event: task_resolution; timestamp: 40.8101; task: 82; pos: (-13, -7); status: COMPLETED; attempt: 1
event: battery_consumption; timestamp: 40.8101; robot: 5; time: 8.06226; initial_level: 173.926; final_level: 173.926
event: navigation; timestamp: 40.8101; robot: 5; time: 8.06226; src: (-13, -7); dst: (-14, -15)
event: task_execution; timestamp: 40.4608; task: 94; robot: 1; pos: (17, -2); time: 9.78525
event: battery_consumption; timestamp: 40.4608; robot: 1; time: 9.78525; initial_level: 175.707; final_level: 153.201
event: task_execution; timestamp: 40.4608; task: 94; robot: 10; pos: (17, -2); time: 9.78525
event: battery_consumption; timestamp: 40.4608; robot: 10; time: 9.78525; initial_level: 175.707; final_level: 153.201
event: task_resolution; timestamp: 50.246; task: 94; pos: (17, -2); status: COMPLETED; attempt: 1
event: battery_consumption; timestamp: 50.246; robot: 1; time: 5.65685; initial_level: 153.201; final_level: 153.201
event: navigation; timestamp: 50.246; robot: 1; time: 5.65685; src: (17, -2); dst: (21, 2)
event: battery_consumption; timestamp: 50.246; robot: 10; time: 5.65685; initial_level: 153.201; final_level: 153.201
event: navigation; timestamp: 50.246; robot: 10; time: 5.65685; src: (17, -2); dst: (21, 2)
event: task_execution; timestamp: 41; task: 69; robot: 3; pos: (-9, 2); time: 10.904
event: battery_consumption; timestamp: 41; robot: 3; time: 10.904; initial_level: 200; final_level: 170.559
event: task_resolution; timestamp: 51.904; task: 69; pos: (-9, 2); status: COMPLETED; attempt: 1
event: battery_consumption; timestamp: 51.904; robot: 3; time: 5; initial_level: 170.559; final_level: 170.559
event: navigation; timestamp: 51.904; robot: 3; time: 5; src: (-9, 2); dst: (-14, 2)
event: battery_consumption; timestamp: 107; robot: 5; time: 5.09902; initial_level: 173.926; final_level: 173.926
event: navigation; timestamp: 107; robot: 5; time: 5.09902; src: (-14, -15); dst: (-15, -20)
event: task_execution; timestamp: 133; task: 66; robot: 9; pos: (1, -13); time: 9.47897
event: battery_consumption; timestamp: 133; robot: 9; time: 9.47897; initial_level: 194.602; final_level: 179.436
event: task_resolution; timestamp: 142.479; task: 66; pos: (1, -13); status: COMPLETED; attempt: 1
event: battery_consumption; timestamp: 142.479; robot: 9; time: 7.2111; initial_level: 179.436; final_level: 179.436
event: navigation; timestamp: 142.479; robot: 9; time: 7.2111; src: (1, -13); dst: (-3, -19)
event: task_execution; timestamp: 144; task: 68; robot: 4; pos: (0, 10); time: 8.82249
event: battery_consumption; timestamp: 144; robot: 4; time: 8.82249; initial_level: 200; final_level: 181.473
event: task_resolution; timestamp: 152.822; task: 68; pos: (0, 10); status: COMPLETED; attempt: 1
event: battery_consumption; timestamp: 152.822; robot: 4; time: 7.07107; initial_level: 181.473; final_level: 181.473
event: navigation; timestamp: 152.822; robot: 4; time: 7.07107; src: (0, 10); dst: (5, 15)
event: task_execution; timestamp: 149.69; task: 83; robot: 9; pos: (-3, -19); time: 10.6402
event: battery_consumption; timestamp: 149.69; robot: 9; time: 10.6402; initial_level: 179.436; final_level: 164.54
event: task_resolution; timestamp: 160.33; task: 83; pos: (-3, -19); status: COMPLETED; attempt: 1
event: battery_consumption; timestamp: 160.33; robot: 9; time: 9.21954; initial_level: 164.54; final_level: 164.54
event: navigation; timestamp: 160.33; robot: 9; time: 9.21954; src: (-3, -19); dst: (-10, -25)
event: task_execution; timestamp: 159.894; task: 61; robot: 4; pos: (5, 15); time: 9.42072
event: battery_consumption; timestamp: 159.894; robot: 4; time: 9.42072; initial_level: 181.473; final_level: 172.994
event: task_resolution; timestamp: 169.314; task: 61; pos: (5, 15); status: COMPLETED; attempt: 1
event: battery_consumption; timestamp: 169.314; robot: 4; time: 10.7703; initial_level: 172.994; final_level: 172.994
event: navigation; timestamp: 169.314; robot: 4; time: 10.7703; src: (5, 15); dst: (-5, 19)
event: task_execution; timestamp: 178; task: 93; robot: 1; pos: (21, 2); time: 9.71379
event: battery_consumption; timestamp: 178; robot: 1; time: 9.71379; initial_level: 153.201; final_level: 150.287
event: task_execution; timestamp: 178; task: 93; robot: 10; pos: (21, 2); time: 9.71379
event: battery_consumption; timestamp: 178; robot: 10; time: 9.71379; initial_level: 153.201; final_level: 150.287
event: task_resolution; timestamp: 187.714; task: 93; pos: (21, 2); status: COMPLETED; attempt: 1
event: battery_consumption; timestamp: 187.714; robot: 10; time: 5; initial_level: 150.287; final_level: 150.287
event: navigation; timestamp: 187.714; robot: 10; time: 5; src: (21, 2); dst: (25, 5)
event: battery_consumption; timestamp: 187.714; robot: 1; time: 5; initial_level: 150.287; final_level: 150.287
event: navigation; timestamp: 187.714; robot: 1; time: 5; src: (21, 2); dst: (25, 5)
event: task_execution; timestamp: 180.085; task: 70; robot: 4; pos: (-5, 19); time: 10.9951
event: battery_consumption; timestamp: 180.085; robot: 4; time: 10.9951; initial_level: 172.994; final_level: 147.705
event: task_resolution; timestamp: 191.08; task: 70; pos: (-5, 19); status: COMPLETED; attempt: 1
event: battery_consumption; timestamp: 191.08; robot: 4; time: 4.47214; initial_level: 147.705; final_level: 147.705
event: navigation; timestamp: 191.08; robot: 4; time: 4.47214; src: (-5, 19); dst: (-9, 17)
event: task_execution; timestamp: 192.714; task: 71; robot: 1; pos: (25, 5); time: 9.0892
event: battery_consumption; timestamp: 192.714; robot: 1; time: 9.0892; initial_level: 150.287; final_level: 137.562
event: task_execution; timestamp: 192.714; task: 71; robot: 10; pos: (25, 5); time: 9.0892
event: battery_consumption; timestamp: 192.714; robot: 10; time: 9.0892; initial_level: 150.287; final_level: 137.562
event: task_resolution; timestamp: 201.803; task: 71; pos: (25, 5); status: COMPLETED; attempt: 1
event: battery_consumption; timestamp: 201.803; robot: 10; time: 10.0499; initial_level: 137.562; final_level: 137.562
event: navigation; timestamp: 201.803; robot: 10; time: 10.0499; src: (25, 5); dst: (15, 4)
event: battery_consumption; timestamp: 201.803; robot: 1; time: 10.0499; initial_level: 137.562; final_level: 137.562
event: navigation; timestamp: 201.803; robot: 1; time: 10.0499; src: (25, 5); dst: (15, 4)
event: task_execution; timestamp: 192; task: 80; robot: 2; pos: (7, -3); time: 10.3091
event: battery_consumption; timestamp: 192; robot: 2; time: 10.3091; initial_level: 200; final_level: 186.598
event: task_execution; timestamp: 192; task: 80; robot: 6; pos: (7, -3); time: 10.3091
event: battery_consumption; timestamp: 192; robot: 6; time: 10.3091; initial_level: 200; final_level: 186.598
event: task_execution; timestamp: 192; task: 80; robot: 7; pos: (7, -3); time: 10.3091
event: battery_consumption; timestamp: 192; robot: 7; time: 10.3091; initial_level: 200; final_level: 186.598
event: task_resolution; timestamp: 202.309; task: 80; pos: (7, -3); status: FAILED; attempt: 1
event: battery_consumption; timestamp: 202.309; robot: 7; time: 13.4536; initial_level: 186.598; final_level: 186.598
event: navigation; timestamp: 202.309; robot: 7; time: 13.4536; src: (7, -3); dst: (16, -13)
event: battery_consumption; timestamp: 202.309; robot: 6; time: 13.4536; initial_level: 186.598; final_level: 186.598
event: navigation; timestamp: 202.309; robot: 6; time: 13.4536; src: (7, -3); dst: (16, -13)
event: battery_consumption; timestamp: 202.309; robot: 2; time: 15.2643; initial_level: 186.598; final_level: 186.598
event: navigation; timestamp: 202.309; robot: 2; time: 15.2643; src: (7, -3); dst: (15, 10)
event: battery_consumption; timestamp: 203; robot: 9; time: 7.07107; initial_level: 164.54; final_level: 164.54
event: navigation; timestamp: 203; robot: 9; time: 7.07107; src: (-10, -25); dst: (-15, -20)
event: battery_consumption; timestamp: 210; robot: 4; time: 15.8114; initial_level: 147.705; final_level: 147.705
event: navigation; timestamp: 210; robot: 4; time: 15.8114; src: (-9, 17); dst: (-14, 2)
event: battery_consumption; timestamp: 214; robot: 1; time: 29.0689; initial_level: 137.562; final_level: 137.562
event: navigation; timestamp: 214; robot: 1; time: 29.0689; src: (15, 4); dst: (-14, 2)
event: battery_consumption; timestamp: 214; robot: 10; time: 15.5242; initial_level: 137.562; final_level: 137.562
event: navigation; timestamp: 214; robot: 10; time: 15.5242; src: (15, 4); dst: (0, 0)
event: robot_finished; timestamp: 229.524; robot: 10; pos: (0, 0); battery: 137.562
event: task_execution; timestamp: 210.071; task: 52; robot: 5; pos: (-15, -20); time: 9.51652
event: battery_consumption; timestamp: 210.071; robot: 5; time: 9.51652; initial_level: 173.926; final_level: 171.071
event: task_execution; timestamp: 210.071; task: 52; robot: 9; pos: (-15, -20); time: 9.51652
event: battery_consumption; timestamp: 210.071; robot: 9; time: 9.51652; initial_level: 164.54; final_level: 161.685
event: task_resolution; timestamp: 219.588; task: 52; pos: (-15, -20); status: FAILED; attempt: 1
event: battery_consumption; timestamp: 219.588; robot: 5; time: 25; initial_level: 171.071; final_level: 171.071
event: navigation; timestamp: 219.588; robot: 5; time: 25; src: (-15, -20); dst: (0, 0)
event: robot_finished; timestamp: 244.588; robot: 5; pos: (0, 0); battery: 171.071
event: battery_consumption; timestamp: 219.588; robot: 9; time: 25; initial_level: 161.685; final_level: 161.685
event: navigation; timestamp: 219.588; robot: 9; time: 25; src: (-15, -20); dst: (0, 0)
event: robot_finished; timestamp: 244.588; robot: 9; pos: (0, 0); battery: 161.685
event: task_resolution; timestamp: 222.958; task: 96; pos: (15, 4); status: COMPLETED; attempt: 1
event: task_execution; timestamp: 215.763; task: 95; robot: 6; pos: (16, -13); time: 11.2316
event: battery_consumption; timestamp: 215.763; robot: 6; time: 11.2316; initial_level: 186.598; final_level: 179.859
event: task_execution; timestamp: 215.763; task: 95; robot: 7; pos: (16, -13); time: 11.2316
event: battery_consumption; timestamp: 215.763; robot: 7; time: 11.2316; initial_level: 186.598; final_level: 179.859
event: task_resolution; timestamp: 226.994; task: 95; pos: (16, -13); status: COMPLETED; attempt: 1
event: battery_consumption; timestamp: 226.994; robot: 6; time: 20.6155; initial_level: 179.859; final_level: 179.859
event: navigation; timestamp: 226.994; robot: 6; time: 20.6155; src: (16, -13); dst: (0, 0)
event: robot_finished; timestamp: 247.61; robot: 6; pos: (0, 0); battery: 179.859
event: battery_consumption; timestamp: 226.994; robot: 7; time: 20.6155; initial_level: 179.859; final_level: 179.859
event: navigation; timestamp: 226.994; robot: 7; time: 20.6155; src: (16, -13); dst: (0, 0)
event: robot_finished; timestamp: 247.61; robot: 7; pos: (0, 0); battery: 179.859
event: task_execution; timestamp: 217.573; task: 54; robot: 2; pos: (15, 10); time: 10.0387
event: battery_consumption; timestamp: 217.573; robot: 2; time: 10.0387; initial_level: 186.598; final_level: 170.536
event: task_execution; timestamp: 217.573; task: 54; robot: 8; pos: (15, 10); time: 10.0387
event: battery_consumption; timestamp: 217.573; robot: 8; time: 10.0387; initial_level: 189.993; final_level: 173.931
event: task_resolution; timestamp: 227.612; task: 54; pos: (15, 10); status: COMPLETED; attempt: 1
event: battery_consumption; timestamp: 227.612; robot: 8; time: 18.0278; initial_level: 173.931; final_level: 173.931
event: navigation; timestamp: 227.612; robot: 8; time: 18.0278; src: (15, 10); dst: (0, 0)
event: robot_finished; timestamp: 245.64; robot: 8; pos: (0, 0); battery: 173.931
event: battery_consumption; timestamp: 227.612; robot: 2; time: 18.0278; initial_level: 170.536; final_level: 170.536
event: navigation; timestamp: 227.612; robot: 2; time: 18.0278; src: (15, 10); dst: (0, 0)
event: robot_finished; timestamp: 245.64; robot: 2; pos: (0, 0); battery: 170.536
event: task_execution; timestamp: 243.069; task: 98; robot: 1; pos: (-14, 2); time: 10.1002
event: battery_consumption; timestamp: 243.069; robot: 1; time: 10.1002; initial_level: 137.562; final_level: 128.472
event: task_execution; timestamp: 243.069; task: 98; robot: 3; pos: (-14, 2); time: 10.1002
event: battery_consumption; timestamp: 243.069; robot: 3; time: 10.1002; initial_level: 170.559; final_level: 161.469
event: task_execution; timestamp: 243.069; task: 98; robot: 4; pos: (-14, 2); time: 10.1002
event: battery_consumption; timestamp: 243.069; robot: 4; time: 10.1002; initial_level: 147.705; final_level: 138.615
event: task_resolution; timestamp: 253.169; task: 98; pos: (-14, 2); status: COMPLETED; attempt: 1
event: battery_consumption; timestamp: 253.169; robot: 4; time: 14.1421; initial_level: 138.615; final_level: 138.615
event: navigation; timestamp: 253.169; robot: 4; time: 14.1421; src: (-14, 2); dst: (0, 0)
event: robot_finished; timestamp: 267.311; robot: 4; pos: (0, 0); battery: 138.615
event: battery_consumption; timestamp: 253.169; robot: 3; time: 14.1421; initial_level: 161.469; final_level: 161.469
event: navigation; timestamp: 253.169; robot: 3; time: 14.1421; src: (-14, 2); dst: (0, 0)
event: robot_finished; timestamp: 267.311; robot: 3; pos: (0, 0); battery: 161.469
event: battery_consumption; timestamp: 253.169; robot: 1; time: 14.1421; initial_level: 128.472; final_level: 128.472
event: navigation; timestamp: 253.169; robot: 1; time: 14.1421; src: (-14, 2); dst: (0, 0)
event: robot_finished; timestamp: 267.311; robot: 1; pos: (0, 0); battery: 128.472
metric: available_agents; value: 0
metric: failed_agents; value: 0
metric: finished_agents; value: 10
metric: completed_tasks; value: 19
metric: pending_tasks; value: 0
metric: failed_tasks; value: 81
metric: average_robot_makespan; value: 250.713
metric: sd_robot_makespan; value: 12.5664
metric: max_robot_makespan; value: 267.311
metric: min_robot_makespan; value: 229.524
metric: average_robot_travel_distance; value: 51.7985
metric: sd_robot_travel_distance; value: 17.146
metric: max_robot_travel_distance; value: 86.4856
metric: min_robot_travel_distance; value: 28.3617
metric: sum_robot_travel_distance; value: 517.985
metric: average_completed_tasks_by_robot; value: 0
metric: sd_completed_tasks_by_robot; value: 0
metric: max_completed_tasks_by_robot; value: 0
metric: min_completed_tasks_by_robot; value: 0
metric: final_reward; value: 0.19
metric: computing_time; value: 0.00439158
