info: solver_name; value: cbba
info: reward_function; value: reward00
info: replica; value: 1
info: filename; value: ../logs/prueba/rc102_10r_100t_b0f5abc8_cbba_reward00_001.log
info: scenario_name; value: rc102_10r_100t_b0f5abc8
info: scenario_name; value: rc102_10r_100t_b0f5abc8
info: number_of_tasks; value: 100
info: number_of_robots; value: 10
info: number_of_recharging_stations; value: 1
info: scenario_size; value: (132,132)
event: recharging_station_spawn; timestamp: 0; recharging_station: 1; pos: (0, 0)
event: task_spawn; timestamp: 0; task: 1; pos: (-15, 35); earliest_start: 0; latest_start: 191; state: PENDING; required_workers: 1; success_prob: 0.2; max_attempts: 1
event: task_spawn; timestamp: 0; task: 2; pos: (-18, 25); earliest_start: 0; latest_start: 199; state: PENDING; required_workers: 1; success_prob: 0.2; max_attempts: 1
event: task_spawn; timestamp: 0; task: 3; pos: (-18, 35); earliest_start: 0; latest_start: 190; state: PENDING; required_workers: 1; success_prob: 0.2; max_attempts: 1
event: task_spawn; timestamp: 0; task: 4; pos: (-20, 30); earliest_start: 141; latest_start: 171; state: PENDING; required_workers: 1; success_prob: 0.2; max_attempts: 1
event: task_spawn; timestamp: 0; task: 5; pos: (-20, 35); earliest_start: 0; latest_start: 189; state: PENDING; required_workers: 1; success_prob: 0.2; max_attempts: 1
event: task_spawn; timestamp: 0; task: 6; pos: (-22, 25); earliest_start: 95; latest_start: 125; state: PENDING; required_workers: 1; success_prob: 0.2; max_attempts: 1
event: task_spawn; timestamp: 0; task: 7; pos: (-25, 25); earliest_start: 0; latest_start: 194; state: PENDING; required_workers: 1; success_prob: 0.2; max_attempts: 1
event: task_spawn; timestamp: 0; task: 8; pos: (-25, 30); earliest_start: 91; latest_start: 121; state: PENDING; required_workers: 1; success_prob: 0.2; max_attempts: 1
event: task_spawn; timestamp: 0; task: 9; pos: (-30, -15); earliest_start: 91; latest_start: 121; state: PENDING; required_workers: 1; success_prob: 0.2; max_attempts: 1
event: task_spawn; timestamp: 0; task: 10; pos: (-30, -10); earliest_start: 119; latest_start: 149; state: PENDING; required_workers: 1; success_prob: 0.2; max_attempts: 1
event: task_spawn; timestamp: 0; task: 11; pos: (-32, -10); earliest_start: 59; latest_start: 89; state: PENDING; required_workers: 2; success_prob: 0.2; max_attempts: 1
event: task_spawn; timestamp: 0; task: 12; pos: (-32, -5); earliest_start: 0; latest_start: 197; state: PENDING; required_workers: 2; success_prob: 0.2; max_attempts: 1
event: task_spawn; timestamp: 0; task: 13; pos: (-35, -15); earliest_start: 142; latest_start: 172; state: PENDING; required_workers: 2; success_prob: 0.2; max_attempts: 1
event: task_spawn; timestamp: 0; task: 14; pos: (-35, -5); earliest_start: 35; latest_start: 65; state: PENDING; required_workers: 2; success_prob: 0.2; max_attempts: 1
event: task_spawn; timestamp: 0; task: 15; pos: (-38, -10); earliest_start: 58; latest_start: 88; state: PENDING; required_workers: 2; success_prob: 0.2; max_attempts: 1
event: task_spawn; timestamp: 0; task: 16; pos: (-40, -10); earliest_start: 72; latest_start: 102; state: PENDING; required_workers: 2; success_prob: 0.2; max_attempts: 1
event: task_spawn; timestamp: 0; task: 17; pos: (-40, -5); earliest_start: 149; latest_start: 179; state: PENDING; required_workers: 3; success_prob: 0.2; max_attempts: 1
event: task_spawn; timestamp: 0; task: 18; pos: (4, -45); earliest_start: 87; latest_start: 117; state: PENDING; required_workers: 3; success_prob: 0.2; max_attempts: 1
event: task_spawn; timestamp: 0; task: 19; pos: (2, -40); earliest_start: 72; latest_start: 102; state: PENDING; required_workers: 3; success_prob: 0.2; max_attempts: 1
event: task_spawn; timestamp: 0; task: 20; pos: (2, -35); earliest_start: 122; latest_start: 152; state: PENDING; required_workers: 3; success_prob: 0.2; max_attempts: 1
event: task_spawn; timestamp: 0; task: 21; pos: (0, -45); earliest_start: 0; latest_start: 185; state: PENDING; required_workers: 1; success_prob: 0.4; max_attempts: 1
event: task_spawn; timestamp: 0; task: 22; pos: (0, -35); earliest_start: 92; latest_start: 122; state: PENDING; required_workers: 1; success_prob: 0.4; max_attempts: 1
event: task_spawn; timestamp: 0; task: 23; pos: (-2, -45); earliest_start: 65; latest_start: 95; state: PENDING; required_workers: 1; success_prob: 0.4; max_attempts: 1
event: task_spawn; timestamp: 0; task: 24; pos: (-2, -35); earliest_start: 148; latest_start: 178; state: PENDING; required_workers: 1; success_prob: 0.4; max_attempts: 1
event: task_spawn; timestamp: 0; task: 25; pos: (-5, -45); earliest_start: 154; latest_start: 184; state: PENDING; required_workers: 1; success_prob: 0.4; max_attempts: 1
event: task_spawn; timestamp: 0; task: 26; pos: (55, -20); earliest_start: 0; latest_start: 171; state: PENDING; required_workers: 1; success_prob: 0.4; max_attempts: 1
event: task_spawn; timestamp: 0; task: 27; pos: (55, -15); earliest_start: 62; latest_start: 92; state: PENDING; required_workers: 1; success_prob: 0.4; max_attempts: 1
event: task_spawn; timestamp: 0; task: 28; pos: (52, -20); earliest_start: 62; latest_start: 92; state: PENDING; required_workers: 1; success_prob: 0.4; max_attempts: 1
event: task_spawn; timestamp: 0; task: 29; pos: (50, -15); earliest_start: 67; latest_start: 97; state: PENDING; required_workers: 1; success_prob: 0.4; max_attempts: 1
event: task_spawn; timestamp: 0; task: 30; pos: (48, -20); earliest_start: 74; latest_start: 104; state: PENDING; required_workers: 1; success_prob: 0.4; max_attempts: 1
event: task_spawn; timestamp: 0; task: 31; pos: (48, -15); earliest_start: 0; latest_start: 179; state: PENDING; required_workers: 2; success_prob: 0.4; max_attempts: 1
event: task_spawn; timestamp: 0; task: 32; pos: (47, -20); earliest_start: 131; latest_start: 161; state: PENDING; required_workers: 2; success_prob: 0.4; max_attempts: 1
event: task_spawn; timestamp: 0; task: 33; pos: (45, -25); earliest_start: 51; latest_start: 81; state: PENDING; required_workers: 2; success_prob: 0.4; max_attempts: 1
event: task_spawn; timestamp: 0; task: 34; pos: (45, -15); earliest_start: 0; latest_start: 182; state: PENDING; required_workers: 2; success_prob: 0.4; max_attempts: 1
event: task_spawn; timestamp: 0; task: 35; pos: (27, 35); earliest_start: 139; latest_start: 169; state: PENDING; required_workers: 2; success_prob: 0.4; max_attempts: 1
event: task_spawn; timestamp: 0; task: 36; pos: (25, 35); earliest_start: 43; latest_start: 73; state: PENDING; required_workers: 2; success_prob: 0.4; max_attempts: 1
event: task_spawn; timestamp: 0; task: 37; pos: (25, 32); earliest_start: 0; latest_start: 189; state: PENDING; required_workers: 3; success_prob: 0.4; max_attempts: 1
event: task_spawn; timestamp: 0; task: 38; pos: (22, 30); earliest_start: 75; latest_start: 105; state: PENDING; required_workers: 3; success_prob: 0.4; max_attempts: 1
event: task_spawn; timestamp: 0; task: 39; pos: (20, 30); earliest_start: 37; latest_start: 67; state: PENDING; required_workers: 3; success_prob: 0.4; max_attempts: 1
event: task_spawn; timestamp: 0; task: 40; pos: (20, 35); earliest_start: 85; latest_start: 115; state: PENDING; required_workers: 3; success_prob: 0.4; max_attempts: 1
event: task_spawn; timestamp: 0; task: 41; pos: (18, 25); earliest_start: 92; latest_start: 122; state: PENDING; required_workers: 1; success_prob: 0.6; max_attempts: 1
event: task_spawn; timestamp: 0; task: 42; pos: (15, 30); earliest_start: 33; latest_start: 63; state: PENDING; required_workers: 1; success_prob: 0.6; max_attempts: 1
event: task_spawn; timestamp: 0; task: 43; pos: (15, 35); earliest_start: 128; latest_start: 158; state: PENDING; required_workers: 1; success_prob: 0.6; max_attempts: 1
event: task_spawn; timestamp: 0; task: 44; pos: (15, 32); earliest_start: 64; latest_start: 94; state: PENDING; required_workers: 1; success_prob: 0.6; max_attempts: 1
event: task_spawn; timestamp: 0; task: 45; pos: (-20, 32); earliest_start: 37; latest_start: 67; state: PENDING; required_workers: 1; success_prob: 0.6; max_attempts: 1
event: task_spawn; timestamp: 0; task: 46; pos: (-22, 30); earliest_start: 113; latest_start: 143; state: PENDING; required_workers: 1; success_prob: 0.6; max_attempts: 1
event: task_spawn; timestamp: 0; task: 47; pos: (-38, -5); earliest_start: 45; latest_start: 75; state: PENDING; required_workers: 1; success_prob: 0.6; max_attempts: 1
event: task_spawn; timestamp: 0; task: 48; pos: (2, -45); earliest_start: 0; latest_start: 184; state: PENDING; required_workers: 1; success_prob: 0.6; max_attempts: 1
event: task_spawn; timestamp: 0; task: 49; pos: (2, -38); earliest_start: 104; latest_start: 134; state: PENDING; required_workers: 1; success_prob: 0.6; max_attempts: 1
event: task_spawn; timestamp: 0; task: 50; pos: (32, -15); earliest_start: 0; latest_start: 194; state: PENDING; required_workers: 1; success_prob: 0.6; max_attempts: 1
event: task_spawn; timestamp: 0; task: 51; pos: (15, -30); earliest_start: 83; latest_start: 113; state: PENDING; required_workers: 2; success_prob: 0.6; max_attempts: 1
event: task_spawn; timestamp: 0; task: 52; pos: (-15, -20); earliest_start: 0; latest_start: 205; state: PENDING; required_workers: 2; success_prob: 0.6; max_attempts: 1
event: task_spawn; timestamp: 0; task: 53; pos: (-20, 0); earliest_start: 91; latest_start: 121; state: PENDING; required_workers: 2; success_prob: 0.6; max_attempts: 1
event: task_spawn; timestamp: 0; task: 54; pos: (15, 10); earliest_start: 139; latest_start: 169; state: PENDING; required_workers: 2; success_prob: 0.6; max_attempts: 1
event: task_spawn; timestamp: 0; task: 55; pos: (-10, 10); earliest_start: 140; latest_start: 170; state: PENDING; required_workers: 2; success_prob: 0.6; max_attempts: 1
event: task_spawn; timestamp: 0; task: 56; pos: (10, -15); earliest_start: 130; latest_start: 160; state: PENDING; required_workers: 2; success_prob: 0.6; max_attempts: 1
event: task_spawn; timestamp: 0; task: 57; pos: (-10, -25); earliest_start: 96; latest_start: 126; state: PENDING; required_workers: 3; success_prob: 0.6; max_attempts: 1
event: task_spawn; timestamp: 0; task: 58; pos: (-25, -40); earliest_start: 152; latest_start: 182; state: PENDING; required_workers: 3; success_prob: 0.6; max_attempts: 1
event: task_spawn; timestamp: 0; task: 59; pos: (-30, -30); earliest_start: 0; latest_start: 187; state: PENDING; required_workers: 3; success_prob: 0.6; max_attempts: 1
event: task_spawn; timestamp: 0; task: 60; pos: (-25, 10); earliest_start: 155; latest_start: 185; state: PENDING; required_workers: 3; success_prob: 0.6; max_attempts: 1
event: task_spawn; timestamp: 0; task: 61; pos: (5, 15); earliest_start: 66; latest_start: 96; state: PENDING; required_workers: 1; success_prob: 0.8; max_attempts: 1
event: task_spawn; timestamp: 0; task: 62; pos: (25, -15); earliest_start: 52; latest_start: 82; state: PENDING; required_workers: 1; success_prob: 0.8; max_attempts: 1
event: task_spawn; timestamp: 0; task: 63; pos: (25, -30); earliest_start: 39; latest_start: 69; state: PENDING; required_workers: 1; success_prob: 0.8; max_attempts: 1
event: task_spawn; timestamp: 0; task: 64; pos: (5, -20); earliest_start: 53; latest_start: 83; state: PENDING; required_workers: 1; success_prob: 0.8; max_attempts: 1
event: task_spawn; timestamp: 0; task: 65; pos: (-5, -10); earliest_start: 11; latest_start: 41; state: PENDING; required_workers: 1; success_prob: 0.8; max_attempts: 1
event: task_spawn; timestamp: 0; task: 66; pos: (1, -13); earliest_start: 133; latest_start: 163; state: PENDING; required_workers: 1; success_prob: 0.8; max_attempts: 1
event: task_spawn; timestamp: 0; task: 67; pos: (24, -8); earliest_start: 70; latest_start: 100; state: PENDING; required_workers: 1; success_prob: 0.8; max_attempts: 1
event: task_spawn; timestamp: 0; task: 68; pos: (0, 10); earliest_start: 144; latest_start: 174; state: PENDING; required_workers: 1; success_prob: 0.8; max_attempts: 1
event: task_spawn; timestamp: 0; task: 69; pos: (-9, 2); earliest_start: 41; latest_start: 71; state: PENDING; required_workers: 1; success_prob: 0.8; max_attempts: 1
event: task_spawn; timestamp: 0; task: 70; pos: (-5, 19); earliest_start: 180; latest_start: 210; state: PENDING; required_workers: 1; success_prob: 0.8; max_attempts: 1
event: task_spawn; timestamp: 0; task: 71; pos: (25, 5); earliest_start: 65; latest_start: 95; state: PENDING; required_workers: 2; success_prob: 0.8; max_attempts: 1
event: task_spawn; timestamp: 0; task: 72; pos: (23, 15); earliest_start: 0; latest_start: 202; state: PENDING; required_workers: 2; success_prob: 0.8; max_attempts: 1
event: task_spawn; timestamp: 0; task: 73; pos: (-38, 10); earliest_start: 77; latest_start: 107; state: PENDING; required_workers: 2; success_prob: 0.8; max_attempts: 1
event: task_spawn; timestamp: 0; task: 74; pos: (-20, -30); earliest_start: 141; latest_start: 171; state: PENDING; required_workers: 2; success_prob: 0.8; max_attempts: 1
event: task_spawn; timestamp: 0; task: 75; pos: (-35, -45); earliest_start: 0; latest_start: 172; state: PENDING; required_workers: 2; success_prob: 0.8; max_attempts: 1
event: task_spawn; timestamp: 0; task: 76; pos: (20, -38); earliest_start: 75; latest_start: 105; state: PENDING; required_workers: 2; success_prob: 0.8; max_attempts: 1
event: task_spawn; timestamp: 0; task: 77; pos: (-17, -47); earliest_start: 150; latest_start: 180; state: PENDING; required_workers: 3; success_prob: 0.8; max_attempts: 1
event: task_spawn; timestamp: 0; task: 78; pos: (-32, 6); earliest_start: 90; latest_start: 120; state: PENDING; required_workers: 3; success_prob: 0.8; max_attempts: 1
event: task_spawn; timestamp: 0; task: 79; pos: (-34, 18); earliest_start: 89; latest_start: 119; state: PENDING; required_workers: 3; success_prob: 0.8; max_attempts: 1
event: task_spawn; timestamp: 0; task: 80; pos: (7, -3); earliest_start: 192; latest_start: 222; state: PENDING; required_workers: 3; success_prob: 0.8; max_attempts: 1
event: task_spawn; timestamp: 0; task: 81; pos: (9, 8); earliest_start: 86; latest_start: 116; state: PENDING; required_workers: 1; success_prob: 1; max_attempts: 1
event: task_spawn; timestamp: 0; task: 82; pos: (-13, -7); earliest_start: 0; latest_start: 215; state: PENDING; required_workers: 1; success_prob: 1; max_attempts: 1
event: task_spawn; timestamp: 0; task: 83; pos: (-3, -19); earliest_start: 0; latest_start: 210; state: PENDING; required_workers: 1; success_prob: 1; max_attempts: 1
event: task_spawn; timestamp: 0; task: 84; pos: (17, -21); earliest_start: 96; latest_start: 126; state: PENDING; required_workers: 1; success_prob: 1; max_attempts: 1
event: task_spawn; timestamp: 0; task: 85; pos: (23, -27); earliest_start: 0; latest_start: 194; state: PENDING; required_workers: 1; success_prob: 1; max_attempts: 1
event: task_spawn; timestamp: 0; task: 86; pos: (-19, -26); earliest_start: 87; latest_start: 117; state: PENDING; required_workers: 1; success_prob: 1; max_attempts: 1
event: task_spawn; timestamp: 0; task: 87; pos: (-28, -26); earliest_start: 90; latest_start: 120; state: PENDING; required_workers: 1; success_prob: 1; max_attempts: 1
event: task_spawn; timestamp: 0; task: 88; pos: (-16, 8); earliest_start: 67; latest_start: 97; state: PENDING; required_workers: 1; success_prob: 1; max_attempts: 1
event: task_spawn; timestamp: 0; task: 89; pos: (27, -45); earliest_start: 144; latest_start: 174; state: PENDING; required_workers: 1; success_prob: 1; max_attempts: 1
event: task_spawn; timestamp: 0; task: 90; pos: (-3, -3); earliest_start: 86; latest_start: 116; state: PENDING; required_workers: 1; success_prob: 1; max_attempts: 1
event: task_spawn; timestamp: 0; task: 91; pos: (9, -8); earliest_start: 0; latest_start: 217; state: PENDING; required_workers: 2; success_prob: 1; max_attempts: 1
event: task_spawn; timestamp: 0; task: 92; pos: (13, -7); earliest_start: 14; latest_start: 44; state: PENDING; required_workers: 2; success_prob: 1; max_attempts: 1
event: task_spawn; timestamp: 0; task: 93; pos: (21, 2); earliest_start: 178; latest_start: 208; state: PENDING; required_workers: 2; success_prob: 1; max_attempts: 1
event: task_spawn; timestamp: 0; task: 94; pos: (17, -2); earliest_start: 0; latest_start: 212; state: PENDING; required_workers: 2; success_prob: 1; max_attempts: 1
event: task_spawn; timestamp: 0; task: 95; pos: (16, -13); earliest_start: 0; latest_start: 209; state: PENDING; required_workers: 2; success_prob: 1; max_attempts: 1
event: task_spawn; timestamp: 0; task: 96; pos: (15, 4); earliest_start: 0; latest_start: 214; state: PENDING; required_workers: 2; success_prob: 1; max_attempts: 1
event: task_spawn; timestamp: 0; task: 97; pos: (-36, -32); earliest_start: 120; latest_start: 150; state: PENDING; required_workers: 3; success_prob: 1; max_attempts: 1
event: task_spawn; timestamp: 0; task: 98; pos: (-14, 2); earliest_start: 0; latest_start: 215; state: PENDING; required_workers: 3; success_prob: 1; max_attempts: 1
event: task_spawn; timestamp: 0; task: 99; pos: (-14, -15); earliest_start: 77; latest_start: 107; state: PENDING; required_workers: 3; success_prob: 1; max_attempts: 1
event: task_spawn; timestamp: 0; task: 100; pos: (-9, 17); earliest_start: 180; latest_start: 210; state: PENDING; required_workers: 3; success_prob: 1; max_attempts: 1
event: robot_spawn; timestamp: 0; robot: 1; pos: (0, 0); state: AVAILABLE; battery_level: 200; battery_capacity: 200; velocity: 1; battery_rate_nav: 0
event: robot_spawn; timestamp: 0; robot: 2; pos: (0, 0); state: AVAILABLE; battery_level: 200; battery_capacity: 200; velocity: 1; battery_rate_nav: 0
event: robot_spawn; timestamp: 0; robot: 3; pos: (0, 0); state: AVAILABLE; battery_level: 200; battery_capacity: 200; velocity: 1; battery_rate_nav: 0
event: robot_spawn; timestamp: 0; robot: 4; pos: (0, 0); state: AVAILABLE; battery_level: 200; battery_capacity: 200; velocity: 1; battery_rate_nav: 0
event: robot_spawn; timestamp: 0; robot: 5; pos: (0, 0); state: AVAILABLE; battery_level: 200; battery_capacity: 200; velocity: 1; battery_rate_nav: 0
event: robot_spawn; timestamp: 0; robot: 6; pos: (0, 0); state: AVAILABLE; battery_level: 200; battery_capacity: 200; velocity: 1; battery_rate_nav: 0
event: robot_spawn; timestamp: 0; robot: 7; pos: (0, 0); state: AVAILABLE; battery_level: 200; battery_capacity: 200; velocity: 1; battery_rate_nav: 0
event: robot_spawn; timestamp: 0; robot: 8; pos: (0, 0); state: AVAILABLE; battery_level: 200; battery_capacity: 200; velocity: 1; battery_rate_nav: 0
event: robot_spawn; timestamp: 0; robot: 9; pos: (0, 0); state: AVAILABLE; battery_level: 200; battery_capacity: 200; velocity: 1; battery_rate_nav: 0
event: robot_spawn; timestamp: 0; robot: 10; pos: (0, 0); state: AVAILABLE; battery_level: 200; battery_capacity: 200; velocity: 1; battery_rate_nav: 0
event: battery_consumption; timestamp: 0; robot: 8; time: 14.7648; initial_level: 200; final_level: 200
event: navigation; timestamp: 0; robot: 8; time: 14.7648; src: (0, 0); dst: (-13, -7)
event: battery_consumption; timestamp: 0; robot: 10; time: 12.0416; initial_level: 200; final_level: 200
event: navigation; timestamp: 0; robot: 10; time: 12.0416; src: (0, 0); dst: (9, -8)
event: battery_consumption; timestamp: 0; robot: 3; time: 12.0416; initial_level: 200; final_level: 200
event: navigation; timestamp: 0; robot: 3; time: 12.0416; src: (0, 0); dst: (9, -8)
event: battery_consumption; timestamp: 0; robot: 5; time: 14.7648; initial_level: 200; final_level: 200
event: navigation; timestamp: 0; robot: 5; time: 14.7648; src: (0, 0); dst: (13, -7)
event: battery_consumption; timestamp: 0; robot: 2; time: 35.4683; initial_level: 200; final_level: 200
event: navigation; timestamp: 0; robot: 2; time: 35.4683; src: (0, 0); dst: (23, -27)
event: battery_consumption; timestamp: 0; robot: 6; time: 15.5242; initial_level: 200; final_level: 200
event: navigation; timestamp: 0; robot: 6; time: 15.5242; src: (0, 0); dst: (15, 4)
event: battery_consumption; timestamp: 0; robot: 1; time: 20.6155; initial_level: 200; final_level: 200
event: navigation; timestamp: 0; robot: 1; time: 20.6155; src: (0, 0); dst: (16, -13)
event: battery_consumption; timestamp: 0; robot: 4; time: 15.5242; initial_level: 200; final_level: 200
event: navigation; timestamp: 0; robot: 4; time: 15.5242; src: (0, 0); dst: (15, 4)
event: battery_consumption; timestamp: 0; robot: 9; time: 17.1172; initial_level: 200; final_level: 200
event: navigation; timestamp: 0; robot: 9; time: 17.1172; src: (0, 0); dst: (17, -2)
event: battery_consumption; timestamp: 0; robot: 7; time: 9.21954; initial_level: 200; final_level: 200
event: navigation; timestamp: 0; robot: 7; time: 9.21954; src: (0, 0); dst: (-9, 2)
event: task_execution; timestamp: 12.0416; task: 91; robot: 3; pos: (9, -8); time: 8.81878
event: battery_consumption; timestamp: 12.0416; robot: 3; time: 8.81878; initial_level: 200; final_level: 188.536
event: task_execution; timestamp: 12.0416; task: 91; robot: 10; pos: (9, -8); time: 8.81878
event: battery_consumption; timestamp: 12.0416; robot: 10; time: 8.81878; initial_level: 200; final_level: 188.536
event: task_resolution; timestamp: 20.8604; task: 91; pos: (9, -8); status: COMPLETED; attempt: 1
event: battery_consumption; timestamp: 20.8604; robot: 10; time: 4.12311; initial_level: 188.536; final_level: 188.536
event: navigation; timestamp: 20.8604; robot: 10; time: 4.12311; src: (9, -8); dst: (13, -7)
event: battery_consumption; timestamp: 20.8604; robot: 3; time: 8.60233; initial_level: 188.536; final_level: 188.536
event: navigation; timestamp: 20.8604; robot: 3; time: 8.60233; src: (9, -8); dst: (16, -13)
event: task_execution; timestamp: 14.7648; task: 82; robot: 8; pos: (-13, -7); time: 10.1866
event: battery_consumption; timestamp: 14.7648; robot: 8; time: 10.1866; initial_level: 200; final_level: 190.832
event: task_resolution; timestamp: 24.9514; task: 82; pos: (-13, -7); status: COMPLETED; attempt: 1
event: battery_consumption; timestamp: 24.9514; robot: 8; time: 8.544; initial_level: 190.832; final_level: 190.832
event: navigation; timestamp: 24.9514; robot: 8; time: 8.544; src: (-13, -7); dst: (-5, -10)
event: task_execution; timestamp: 15.5242; task: 96; robot: 4; pos: (15, 4); time: 10.3449
event: battery_consumption; timestamp: 15.5242; robot: 4; time: 10.3449; initial_level: 200; final_level: 173.103
event: task_execution; timestamp: 15.5242; task: 96; robot: 6; pos: (15, 4); time: 10.3449
event: battery_consumption; timestamp: 15.5242; robot: 6; time: 10.3449; initial_level: 200; final_level: 173.103
event: task_resolution; timestamp: 25.8691; task: 96; pos: (15, 4); status: COMPLETED; attempt: 1
event: battery_consumption; timestamp: 25.8691; robot: 4; time: 6.32456; initial_level: 173.103; final_level: 173.103
event: navigation; timestamp: 25.8691; robot: 4; time: 6.32456; src: (15, 4); dst: (17, -2)
event: battery_consumption; timestamp: 25.8691; robot: 6; time: 13.6015; initial_level: 173.103; final_level: 173.103
event: navigation; timestamp: 25.8691; robot: 6; time: 13.6015; src: (15, 4); dst: (23, 15)
event: task_execution; timestamp: 24.9835; task: 92; robot: 5; pos: (13, -7); time: 11.0322
event: battery_consumption; timestamp: 24.9835; robot: 5; time: 11.0322; initial_level: 200; final_level: 184.555
event: task_execution; timestamp: 24.9835; task: 92; robot: 10; pos: (13, -7); time: 11.0322
event: battery_consumption; timestamp: 24.9835; robot: 10; time: 11.0322; initial_level: 188.536; final_level: 173.091
event: task_resolution; timestamp: 36.0156; task: 92; pos: (13, -7); status: COMPLETED; attempt: 1
event: battery_consumption; timestamp: 36.0156; robot: 10; time: 24.1661; initial_level: 173.091; final_level: 173.091
event: navigation; timestamp: 36.0156; robot: 10; time: 24.1661; src: (13, -7); dst: (23, 15)
event: battery_consumption; timestamp: 36.0156; robot: 5; time: 23.4094; initial_level: 184.555; final_level: 184.555
event: navigation; timestamp: 36.0156; robot: 5; time: 23.4094; src: (13, -7); dst: (5, 15)
event: task_execution; timestamp: 29.4627; task: 95; robot: 1; pos: (16, -13); time: 10.1961
event: battery_consumption; timestamp: 29.4627; robot: 1; time: 10.1961; initial_level: 200; final_level: 193.882
event: task_execution; timestamp: 29.4627; task: 95; robot: 3; pos: (16, -13); time: 10.1961
event: battery_consumption; timestamp: 29.4627; robot: 3; time: 10.1961; initial_level: 188.536; final_level: 182.418
event: task_resolution; timestamp: 39.6588; task: 95; pos: (16, -13); status: COMPLETED; attempt: 1
event: battery_consumption; timestamp: 39.6588; robot: 3; time: 9.21954; initial_level: 182.418; final_level: 182.418
event: navigation; timestamp: 39.6588; robot: 3; time: 9.21954; src: (16, -13); dst: (25, -15)
event: battery_consumption; timestamp: 39.6588; robot: 1; time: 16.1245; initial_level: 193.882; final_level: 193.882
event: navigation; timestamp: 39.6588; robot: 1; time: 16.1245; src: (16, -13); dst: (32, -15)
event: battery_consumption; timestamp: 41; robot: 8; time: 9.21954; initial_level: 190.832; final_level: 190.832
event: navigation; timestamp: 41; robot: 8; time: 9.21954; src: (-5, -10); dst: (-3, -19)
event: task_execution; timestamp: 32.1936; task: 94; robot: 4; pos: (17, -2); time: 11.2348
event: battery_consumption; timestamp: 32.1936; robot: 4; time: 11.2348; initial_level: 173.103; final_level: 147.263
event: task_execution; timestamp: 32.1936; task: 94; robot: 9; pos: (17, -2); time: 11.2348
event: battery_consumption; timestamp: 32.1936; robot: 9; time: 11.2348; initial_level: 200; final_level: 174.16
event: task_resolution; timestamp: 43.4284; task: 94; pos: (17, -2); status: COMPLETED; attempt: 1
event: battery_consumption; timestamp: 43.4284; robot: 9; time: 43.2666; initial_level: 174.16; final_level: 174.16
event: navigation; timestamp: 43.4284; robot: 9; time: 43.2666; src: (17, -2); dst: (-19, -26)
event: battery_consumption; timestamp: 43.4284; robot: 4; time: 34.0588; initial_level: 147.263; final_level: 147.263
event: navigation; timestamp: 43.4284; robot: 4; time: 34.0588; src: (17, -2); dst: (15, 32)
event: task_resolution; timestamp: 44.2495; task: 65; pos: (-5, -10); status: COMPLETED; attempt: 1
event: task_execution; timestamp: 35.4683; task: 85; robot: 2; pos: (23, -27); time: 10.2681
event: battery_consumption; timestamp: 35.4683; robot: 2; time: 10.2681; initial_level: 200; final_level: 197.946
event: task_resolution; timestamp: 45.7364; task: 85; pos: (23, -27); status: COMPLETED; attempt: 1
event: battery_consumption; timestamp: 45.7364; robot: 2; time: 3.60555; initial_level: 197.946; final_level: 197.946
event: navigation; timestamp: 45.7364; robot: 2; time: 3.60555; src: (23, -27); dst: (25, -30)
event: task_execution; timestamp: 41; task: 69; robot: 7; pos: (-9, 2); time: 11.6973
event: battery_consumption; timestamp: 41; robot: 7; time: 11.6973; initial_level: 200; final_level: 168.417
event: task_resolution; timestamp: 52.6973; task: 69; pos: (-9, 2); status: COMPLETED; attempt: 1
event: battery_consumption; timestamp: 52.6973; robot: 7; time: 9.21954; initial_level: 168.417; final_level: 168.417
event: navigation; timestamp: 52.6973; robot: 7; time: 9.21954; src: (-9, 2); dst: (-16, 8)
event: task_execution; timestamp: 50.2195; task: 83; robot: 8; pos: (-3, -19); time: 10.0451
event: battery_consumption; timestamp: 50.2195; robot: 8; time: 10.0451; initial_level: 190.832; final_level: 176.769
event: task_resolution; timestamp: 60.2646; task: 83; pos: (-3, -19); status: COMPLETED; attempt: 1
event: battery_consumption; timestamp: 60.2646; robot: 8; time: 8.06226; initial_level: 176.769; final_level: 176.769
event: navigation; timestamp: 60.2646; robot: 8; time: 8.06226; src: (-3, -19); dst: (5, -20)
event: task_execution; timestamp: 49.342; task: 63; robot: 2; pos: (25, -30); time: 12.1259
event: battery_consumption; timestamp: 49.342; robot: 2; time: 12.1259; initial_level: 197.946; final_level: 190.671
event: task_resolution; timestamp: 61.4678; task: 63; pos: (25, -30); status: FAILED; attempt: 1
event: battery_consumption; timestamp: 61.4678; robot: 2; time: 9.43398; initial_level: 190.671; final_level: 190.671
event: navigation; timestamp: 61.4678; robot: 2; time: 9.43398; src: (25, -30); dst: (20, -38)
event: task_execution; timestamp: 52; task: 62; robot: 3; pos: (25, -15); time: 10.1651
event: battery_consumption; timestamp: 52; robot: 3; time: 10.1651; initial_level: 182.418; final_level: 179.368
event: task_resolution; timestamp: 62.1651; task: 62; pos: (25, -15); status: COMPLETED; attempt: 1
event: battery_consumption; timestamp: 62.1651; robot: 3; time: 7.07107; initial_level: 179.368; final_level: 179.368
event: navigation; timestamp: 62.1651; robot: 3; time: 7.07107; src: (25, -15); dst: (24, -8)
event: task_execution; timestamp: 55.7833; task: 50; robot: 1; pos: (32, -15); time: 10.4907
event: battery_consumption; timestamp: 55.7833; robot: 1; time: 10.4907; initial_level: 193.882; final_level: 162.41
event: task_resolution; timestamp: 66.274; task: 50; pos: (32, -15); status: FAILED; attempt: 1
event: battery_consumption; timestamp: 66.274; robot: 1; time: 25.9422; initial_level: 162.41; final_level: 162.41
event: navigation; timestamp: 66.274; robot: 1; time: 25.9422; src: (32, -15); dst: (20, -38)
event: task_execution; timestamp: 60.1817; task: 72; robot: 6; pos: (23, 15); time: 9.74314
event: battery_consumption; timestamp: 60.1817; robot: 6; time: 9.74314; initial_level: 173.103; final_level: 165.309
event: task_execution; timestamp: 60.1817; task: 72; robot: 10; pos: (23, 15); time: 9.74314
event: battery_consumption; timestamp: 60.1817; robot: 10; time: 9.74314; initial_level: 173.091; final_level: 165.296
event: task_resolution; timestamp: 69.9249; task: 72; pos: (23, 15); status: COMPLETED; attempt: 1
event: battery_consumption; timestamp: 69.9249; robot: 6; time: 10.198; initial_level: 165.309; final_level: 165.309
event: navigation; timestamp: 69.9249; robot: 6; time: 10.198; src: (23, 15); dst: (25, 5)
event: battery_consumption; timestamp: 69.9249; robot: 10; time: 10.198; initial_level: 165.296; final_level: 165.296
event: navigation; timestamp: 69.9249; robot: 10; time: 10.198; src: (23, 15); dst: (25, 5)
event: task_execution; timestamp: 67; task: 88; robot: 7; pos: (-16, 8); time: 8.95786
event: battery_consumption; timestamp: 67; robot: 7; time: 8.95786; initial_level: 168.417; final_level: 151.397
event: task_resolution; timestamp: 75.9579; task: 88; pos: (-16, 8); status: COMPLETED; attempt: 1
event: battery_consumption; timestamp: 75.9579; robot: 7; time: 6.32456; initial_level: 151.397; final_level: 151.397
event: navigation; timestamp: 75.9579; robot: 7; time: 6.32456; src: (-16, 8); dst: (-14, 2)
event: task_execution; timestamp: 66; task: 61; robot: 5; pos: (5, 15); time: 10.8171
event: battery_consumption; timestamp: 66; robot: 5; time: 10.8171; initial_level: 184.555; final_level: 174.82
event: task_resolution; timestamp: 76.8171; task: 61; pos: (5, 15); status: COMPLETED; attempt: 1
event: battery_consumption; timestamp: 76.8171; robot: 5; time: 8.06226; initial_level: 174.82; final_level: 174.82
event: navigation; timestamp: 76.8171; robot: 5; time: 8.06226; src: (5, 15); dst: (9, 8)
event: task_execution; timestamp: 68.3269; task: 64; robot: 8; pos: (5, -20); time: 8.79346
event: battery_consumption; timestamp: 68.3269; robot: 8; time: 8.79346; initial_level: 176.769; final_level: 161.82
event: task_resolution; timestamp: 77.1204; task: 64; pos: (5, -20); status: COMPLETED; attempt: 1
event: battery_consumption; timestamp: 77.1204; robot: 8; time: 25.1794; initial_level: 161.82; final_level: 161.82
event: navigation; timestamp: 77.1204; robot: 8; time: 25.1794; src: (5, -20); dst: (2, -45)
event: task_execution; timestamp: 70; task: 67; robot: 3; pos: (24, -8); time: 12.3635
event: battery_consumption; timestamp: 70; robot: 3; time: 12.3635; initial_level: 179.368; final_level: 168.241
event: task_resolution; timestamp: 82.3635; task: 67; pos: (24, -8); status: COMPLETED; attempt: 1
event: battery_consumption; timestamp: 82.3635; robot: 3; time: 14.7648; initial_level: 168.241; final_level: 168.241
event: navigation; timestamp: 82.3635; robot: 3; time: 14.7648; src: (24, -8); dst: (17, -21)
event: task_execution; timestamp: 77.4872; task: 44; robot: 4; pos: (15, 32); time: 9.18914
event: battery_consumption; timestamp: 77.4872; robot: 4; time: 9.18914; initial_level: 147.263; final_level: 138.074
event: task_resolution; timestamp: 86.6763; task: 44; pos: (15, 32); status: FAILED; attempt: 1
event: battery_consumption; timestamp: 86.6763; robot: 4; time: 7.61577; initial_level: 138.074; final_level: 138.074
event: navigation; timestamp: 86.6763; robot: 4; time: 7.61577; src: (15, 32); dst: (18, 25)
event: task_execution; timestamp: 80.1229; task: 71; robot: 6; pos: (25, 5); time: 9.19376
event: battery_consumption; timestamp: 80.1229; robot: 6; time: 9.19376; initial_level: 165.309; final_level: 152.438
event: task_execution; timestamp: 80.1229; task: 71; robot: 10; pos: (25, 5); time: 9.19376
event: battery_consumption; timestamp: 80.1229; robot: 10; time: 9.19376; initial_level: 165.296; final_level: 152.425
event: task_resolution; timestamp: 89.3167; task: 71; pos: (25, 5); status: COMPLETED; attempt: 1
event: battery_consumption; timestamp: 89.3167; robot: 10; time: 39.1152; initial_level: 152.425; final_level: 152.425
event: navigation; timestamp: 89.3167; robot: 10; time: 39.1152; src: (25, 5); dst: (-14, 2)
event: battery_consumption; timestamp: 89.3167; robot: 6; time: 31.6228; initial_level: 152.438; final_level: 152.438
event: navigation; timestamp: 89.3167; robot: 6; time: 31.6228; src: (25, 5); dst: (15, 35)
event: task_execution; timestamp: 86; task: 81; robot: 5; pos: (9, 8); time: 9.60022
event: battery_consumption; timestamp: 86; robot: 5; time: 9.60022; initial_level: 174.82; final_level: 165.219
event: task_resolution; timestamp: 95.6002; task: 81; pos: (9, 8); status: COMPLETED; attempt: 1
event: battery_consumption; timestamp: 95.6002; robot: 5; time: 16.2788; initial_level: 165.219; final_level: 165.219
event: navigation; timestamp: 95.6002; robot: 5; time: 16.2788; src: (9, 8); dst: (-3, -3)
event: task_execution; timestamp: 87; task: 86; robot: 9; pos: (-19, -26); time: 10.848
event: battery_consumption; timestamp: 87; robot: 9; time: 10.848; initial_level: 174.16; final_level: 143.786
event: task_resolution; timestamp: 97.848; task: 86; pos: (-19, -26); status: COMPLETED; attempt: 1
event: battery_consumption; timestamp: 97.848; robot: 9; time: 9; initial_level: 143.786; final_level: 143.786
event: navigation; timestamp: 97.848; robot: 9; time: 9; src: (-19, -26); dst: (-28, -26)
event: task_execution; timestamp: 92.2162; task: 76; robot: 1; pos: (20, -38); time: 11.7121
event: battery_consumption; timestamp: 92.2162; robot: 1; time: 11.7121; initial_level: 162.41; final_level: 126.103
event: task_execution; timestamp: 92.2162; task: 76; robot: 2; pos: (20, -38); time: 11.7121
event: battery_consumption; timestamp: 92.2162; robot: 2; time: 11.7121; initial_level: 190.671; final_level: 154.363
event: task_resolution; timestamp: 103.928; task: 76; pos: (20, -38); status: COMPLETED; attempt: 1
event: battery_consumption; timestamp: 103.928; robot: 1; time: 21.1896; initial_level: 126.103; final_level: 126.103
event: navigation; timestamp: 103.928; robot: 1; time: 21.1896; src: (20, -38); dst: (0, -45)
event: battery_consumption; timestamp: 103.928; robot: 2; time: 25.0799; initial_level: 154.363; final_level: 154.363
event: navigation; timestamp: 103.928; robot: 2; time: 25.0799; src: (20, -38); dst: (10, -15)
event: task_execution; timestamp: 94.2921; task: 41; robot: 4; pos: (18, 25); time: 10.4498
event: battery_consumption; timestamp: 94.2921; robot: 4; time: 10.4498; initial_level: 138.074; final_level: 117.175
event: task_resolution; timestamp: 104.742; task: 41; pos: (18, 25); status: FAILED; attempt: 1
event: battery_consumption; timestamp: 104.742; robot: 4; time: 40.7922; initial_level: 117.175; final_level: 117.175
event: navigation; timestamp: 104.742; robot: 4; time: 40.7922; src: (18, 25); dst: (10, -15)
event: task_execution; timestamp: 97.1283; task: 84; robot: 3; pos: (17, -21); time: 11.7199
event: battery_consumption; timestamp: 97.1283; robot: 3; time: 11.7199; initial_level: 168.241; final_level: 147.145
event: task_resolution; timestamp: 108.848; task: 84; pos: (17, -21); status: COMPLETED; attempt: 1
event: battery_consumption; timestamp: 108.848; robot: 3; time: 17.8885; initial_level: 147.145; final_level: 147.145
event: navigation; timestamp: 108.848; robot: 3; time: 17.8885; src: (17, -21); dst: (1, -13)
event: task_execution; timestamp: 102.3; task: 48; robot: 8; pos: (2, -45); time: 9.29305
event: battery_consumption; timestamp: 102.3; robot: 8; time: 9.29305; initial_level: 161.82; final_level: 152.527
event: task_resolution; timestamp: 111.593; task: 48; pos: (2, -45); status: COMPLETED; attempt: 1
event: battery_consumption; timestamp: 111.593; robot: 8; time: 7; initial_level: 152.527; final_level: 152.527
event: navigation; timestamp: 111.593; robot: 8; time: 7; src: (2, -45); dst: (2, -38)
event: task_execution; timestamp: 106.848; task: 87; robot: 9; pos: (-28, -26); time: 9.12511
event: battery_consumption; timestamp: 106.848; robot: 9; time: 9.12511; initial_level: 143.786; final_level: 131.923
event: task_resolution; timestamp: 115.973; task: 87; pos: (-28, -26); status: COMPLETED; attempt: 1
event: battery_consumption; timestamp: 115.973; robot: 9; time: 10; initial_level: 131.923; final_level: 131.923
event: navigation; timestamp: 115.973; robot: 9; time: 10; src: (-28, -26); dst: (-36, -32)
event: battery_consumption; timestamp: 116; robot: 5; time: 12.083; initial_level: 165.219; final_level: 165.219
event: navigation; timestamp: 116; robot: 5; time: 12.083; src: (-3, -3); dst: (-14, 2)
event: task_resolution; timestamp: 123.361; task: 90; pos: (-3, -3); status: COMPLETED; attempt: 1
event: task_execution; timestamp: 118.593; task: 49; robot: 8; pos: (2, -38); time: 10.2787
event: battery_consumption; timestamp: 118.593; robot: 8; time: 10.2787; initial_level: 152.527; final_level: 142.248
event: task_resolution; timestamp: 128.872; task: 49; pos: (2, -38); status: COMPLETED; attempt: 1
event: battery_consumption; timestamp: 128.872; robot: 8; time: 25.9615; initial_level: 142.248; final_level: 142.248
event: navigation; timestamp: 128.872; robot: 8; time: 25.9615; src: (2, -38); dst: (27, -45)
event: task_execution; timestamp: 125.118; task: 21; robot: 1; pos: (0, -45); time: 9.78367
event: battery_consumption; timestamp: 125.118; robot: 1; time: 9.78367; initial_level: 126.103; final_level: 116.319
event: task_resolution; timestamp: 134.902; task: 21; pos: (0, -45); status: FAILED; attempt: 1
event: battery_consumption; timestamp: 134.902; robot: 1; time: 10.198; initial_level: 116.319; final_level: 116.319
event: navigation; timestamp: 134.902; robot: 1; time: 10.198; src: (0, -45); dst: (-2, -35)
event: task_execution; timestamp: 128; task: 43; robot: 6; pos: (15, 35); time: 10.5338
event: battery_consumption; timestamp: 128; robot: 6; time: 10.5338; initial_level: 152.438; final_level: 131.37
event: task_resolution; timestamp: 138.534; task: 43; pos: (15, 35); status: FAILED; attempt: 1
event: battery_consumption; timestamp: 138.534; robot: 6; time: 33.541; initial_level: 131.37; final_level: 131.37
event: navigation; timestamp: 138.534; robot: 6; time: 33.541; src: (15, 35); dst: (21, 2)
event: task_execution; timestamp: 128.432; task: 98; robot: 5; pos: (-14, 2); time: 11.8995
event: battery_consumption; timestamp: 128.432; robot: 5; time: 11.8995; initial_level: 165.219; final_level: 154.51
event: task_execution; timestamp: 128.432; task: 98; robot: 7; pos: (-14, 2); time: 11.8995
event: battery_consumption; timestamp: 128.432; robot: 7; time: 11.8995; initial_level: 151.397; final_level: 140.688
event: task_execution; timestamp: 128.432; task: 98; robot: 10; pos: (-14, 2); time: 11.8995
event: battery_consumption; timestamp: 128.432; robot: 10; time: 11.8995; initial_level: 152.425; final_level: 141.715
event: task_resolution; timestamp: 140.331; task: 98; pos: (-14, 2); status: COMPLETED; attempt: 1
event: battery_consumption; timestamp: 140.331; robot: 10; time: 16.1245; initial_level: 141.715; final_level: 141.715
event: navigation; timestamp: 140.331; robot: 10; time: 16.1245; src: (-14, 2); dst: (0, 10)
event: battery_consumption; timestamp: 140.331; robot: 7; time: 8.94427; initial_level: 140.688; final_level: 140.688
event: navigation; timestamp: 140.331; robot: 7; time: 8.94427; src: (-14, 2); dst: (-10, 10)
event: battery_consumption; timestamp: 140.331; robot: 5; time: 8.94427; initial_level: 154.51; final_level: 154.51
event: navigation; timestamp: 140.331; robot: 5; time: 8.94427; src: (-14, 2); dst: (-10, 10)
event: task_execution; timestamp: 133; task: 66; robot: 3; pos: (1, -13); time: 9.68429
event: battery_consumption; timestamp: 133; robot: 3; time: 9.68429; initial_level: 147.145; final_level: 131.651
event: task_resolution; timestamp: 142.684; task: 66; pos: (1, -13); status: COMPLETED; attempt: 1
event: battery_consumption; timestamp: 142.684; robot: 3; time: 17.4642; initial_level: 131.651; final_level: 131.651
event: navigation; timestamp: 142.684; robot: 3; time: 17.4642; src: (1, -13); dst: (-15, -20)
event: battery_consumption; timestamp: 150; robot: 9; time: 13.0384; initial_level: 131.923; final_level: 131.923
event: navigation; timestamp: 150; robot: 9; time: 13.0384; src: (-36, -32); dst: (-35, -45)
event: task_execution; timestamp: 145.534; task: 56; robot: 2; pos: (10, -15); time: 10.3115
event: battery_consumption; timestamp: 145.534; robot: 2; time: 10.3115; initial_level: 154.363; final_level: 134.772
event: task_execution; timestamp: 145.534; task: 56; robot: 4; pos: (10, -15); time: 10.3115
event: battery_consumption; timestamp: 145.534; robot: 4; time: 10.3115; initial_level: 117.175; final_level: 97.5827
event: task_resolution; timestamp: 155.846; task: 56; pos: (10, -15); status: FAILED; attempt: 1
event: battery_consumption; timestamp: 155.846; robot: 2; time: 20.2485; initial_level: 134.772; final_level: 134.772
event: navigation; timestamp: 155.846; robot: 2; time: 20.2485; src: (10, -15); dst: (21, 2)
event: battery_consumption; timestamp: 155.846; robot: 4; time: 55.9017; initial_level: 97.5827; final_level: 97.5827
event: navigation; timestamp: 155.846; robot: 4; time: 55.9017; src: (10, -15); dst: (-15, 35)
event: task_execution; timestamp: 149.276; task: 55; robot: 5; pos: (-10, 10); time: 8.28449
event: battery_consumption; timestamp: 149.276; robot: 5; time: 8.28449; initial_level: 154.51; final_level: 141.255
event: task_execution; timestamp: 149.276; task: 55; robot: 7; pos: (-10, 10); time: 8.28449
event: battery_consumption; timestamp: 149.276; robot: 7; time: 8.28449; initial_level: 140.688; final_level: 127.433
event: task_resolution; timestamp: 157.56; task: 55; pos: (-10, 10); status: COMPLETED; attempt: 1
event: battery_consumption; timestamp: 157.56; robot: 7; time: 7.07107; initial_level: 127.433; final_level: 127.433
event: navigation; timestamp: 157.56; robot: 7; time: 7.07107; src: (-10, 10); dst: (-9, 17)
event: battery_consumption; timestamp: 157.56; robot: 5; time: 7.07107; initial_level: 141.255; final_level: 141.255
event: navigation; timestamp: 157.56; robot: 5; time: 7.07107; src: (-10, 10); dst: (-9, 17)
event: task_execution; timestamp: 148; task: 24; robot: 1; pos: (-2, -35); time: 9.88447
event: battery_consumption; timestamp: 148; robot: 1; time: 9.88447; initial_level: 116.319; final_level: 106.435
event: task_resolution; timestamp: 157.884; task: 24; pos: (-2, -35); status: COMPLETED; attempt: 1
event: battery_consumption; timestamp: 157.884; robot: 1; time: 19.8494; initial_level: 106.435; final_level: 106.435
event: navigation; timestamp: 157.884; robot: 1; time: 19.8494; src: (-2, -35); dst: (-15, -20)
event: task_execution; timestamp: 154.833; task: 89; robot: 8; pos: (27, -45); time: 8.58282
event: battery_consumption; timestamp: 154.833; robot: 8; time: 8.58282; initial_level: 142.248; final_level: 120.791
event: task_resolution; timestamp: 163.416; task: 89; pos: (27, -45); status: COMPLETED; attempt: 1
event: battery_consumption; timestamp: 163.416; robot: 8; time: 83.2166; initial_level: 120.791; final_level: 120.791
event: navigation; timestamp: 163.416; robot: 8; time: 83.2166; src: (27, -45); dst: (-18, 25)
event: task_execution; timestamp: 156.456; task: 68; robot: 10; pos: (0, 10); time: 10.5039
event: battery_consumption; timestamp: 156.456; robot: 10; time: 10.5039; initial_level: 141.715; final_level: 119.657
event: task_resolution; timestamp: 166.96; task: 68; pos: (0, 10); status: FAILED; attempt: 1
event: battery_consumption; timestamp: 166.96; robot: 10; time: 11.4018; initial_level: 119.657; final_level: 119.657
event: navigation; timestamp: 166.96; robot: 10; time: 11.4018; src: (0, 10); dst: (-9, 17)
event: battery_consumption; timestamp: 172; robot: 9; time: 81.7863; initial_level: 131.923; final_level: 131.923
event: navigation; timestamp: 172; robot: 9; time: 81.7863; src: (-35, -45); dst: (-18, 35)
event: task_execution; timestamp: 177.734; task: 52; robot: 1; pos: (-15, -20); time: 9.15851
event: battery_consumption; timestamp: 177.734; robot: 1; time: 9.15851; initial_level: 106.435; final_level: 103.687
event: task_execution; timestamp: 177.734; task: 52; robot: 3; pos: (-15, -20); time: 9.15851
event: battery_consumption; timestamp: 177.734; robot: 3; time: 9.15851; initial_level: 131.651; final_level: 128.903
event: task_resolution; timestamp: 186.892; task: 52; pos: (-15, -20); status: FAILED; attempt: 1
event: battery_consumption; timestamp: 186.892; robot: 3; time: 27.8029; initial_level: 128.903; final_level: 128.903
event: navigation; timestamp: 186.892; robot: 3; time: 27.8029; src: (-15, -20); dst: (7, -3)
event: battery_consumption; timestamp: 186.892; robot: 1; time: 55.2268; initial_level: 103.687; final_level: 103.687
event: navigation; timestamp: 186.892; robot: 1; time: 55.2268; src: (-15, -20); dst: (-20, 35)
event: task_execution; timestamp: 180; task: 100; robot: 5; pos: (-9, 17); time: 8.60117
event: battery_consumption; timestamp: 180; robot: 5; time: 8.60117; initial_level: 141.255; final_level: 138.674
event: task_execution; timestamp: 180; task: 100; robot: 7; pos: (-9, 17); time: 8.60117
event: battery_consumption; timestamp: 180; robot: 7; time: 8.60117; initial_level: 127.433; final_level: 124.852
event: task_execution; timestamp: 180; task: 100; robot: 10; pos: (-9, 17); time: 8.60117
event: battery_consumption; timestamp: 180; robot: 10; time: 8.60117; initial_level: 119.657; final_level: 117.077
event: task_resolution; timestamp: 188.601; task: 100; pos: (-9, 17); status: COMPLETED; attempt: 1
event: battery_consumption; timestamp: 188.601; robot: 5; time: 4.47214; initial_level: 138.674; final_level: 138.674
event: navigation; timestamp: 188.601; robot: 5; time: 4.47214; src: (-9, 17); dst: (-5, 19)
event: battery_consumption; timestamp: 188.601; robot: 7; time: 17.8885; initial_level: 124.852; final_level: 124.852
event: navigation; timestamp: 188.601; robot: 7; time: 17.8885; src: (-9, 17); dst: (-25, 25)
event: battery_consumption; timestamp: 188.601; robot: 10; time: 31.8277; initial_level: 117.077; final_level: 117.077
event: navigation; timestamp: 188.601; robot: 10; time: 31.8277; src: (-9, 17); dst: (-32, -5)
event: task_execution; timestamp: 178; task: 93; robot: 2; pos: (21, 2); time: 10.9693
event: battery_consumption; timestamp: 178; robot: 2; time: 10.9693; initial_level: 134.772; final_level: 131.481
event: task_execution; timestamp: 178; task: 93; robot: 6; pos: (21, 2); time: 10.9693
event: battery_consumption; timestamp: 178; robot: 6; time: 10.9693; initial_level: 131.37; final_level: 128.079
event: task_resolution; timestamp: 188.969; task: 93; pos: (21, 2); status: COMPLETED; attempt: 1
event: battery_consumption; timestamp: 188.969; robot: 6; time: 14.8661; initial_level: 128.079; final_level: 128.079
event: navigation; timestamp: 188.969; robot: 6; time: 14.8661; src: (21, 2); dst: (7, -3)
event: battery_consumption; timestamp: 188.969; robot: 2; time: 14.8661; initial_level: 131.481; final_level: 131.481
event: navigation; timestamp: 188.969; robot: 2; time: 14.8661; src: (21, 2); dst: (7, -3)
event: battery_consumption; timestamp: 197; robot: 10; time: 32.3883; initial_level: 117.077; final_level: 117.077
event: navigation; timestamp: 197; robot: 10; time: 32.3883; src: (-32, -5); dst: (0, 0)
event: robot_finished; timestamp: 229.388; robot: 10; pos: (0, 0); battery: 117.077
event: task_execution; timestamp: 193.073; task: 70; robot: 5; pos: (-5, 19); time: 10.8075
event: battery_consumption; timestamp: 193.073; robot: 5; time: 10.8075; initial_level: 138.674; final_level: 113.817
event: task_resolution; timestamp: 203.881; task: 70; pos: (-5, 19); status: COMPLETED; attempt: 1
event: battery_consumption; timestamp: 203.881; robot: 5; time: 19.6469; initial_level: 113.817; final_level: 113.817
event: navigation; timestamp: 203.881; robot: 5; time: 19.6469; src: (-5, 19); dst: (0, 0)
event: robot_finished; timestamp: 223.528; robot: 5; pos: (0, 0); battery: 113.817
event: task_execution; timestamp: 206.49; task: 7; robot: 7; pos: (-25, 25); time: 10.696
event: battery_consumption; timestamp: 206.49; robot: 7; time: 10.696; initial_level: 124.852; final_level: 103.46
event: task_resolution; timestamp: 217.186; task: 7; pos: (-25, 25); status: FAILED; attempt: 1
event: battery_consumption; timestamp: 217.186; robot: 7; time: 35.3553; initial_level: 103.46; final_level: 103.46
event: navigation; timestamp: 217.186; robot: 7; time: 35.3553; src: (-25, 25); dst: (0, 0)
event: robot_finished; timestamp: 252.541; robot: 7; pos: (0, 0); battery: 103.46
event: task_execution; timestamp: 211.747; task: 1; robot: 4; pos: (-15, 35); time: 8.77555
event: battery_consumption; timestamp: 211.747; robot: 4; time: 8.77555; initial_level: 97.5827; final_level: 80.0316
event: task_resolution; timestamp: 220.523; task: 1; pos: (-15, 35); status: FAILED; attempt: 1
event: battery_consumption; timestamp: 220.523; robot: 4; time: 38.0789; initial_level: 80.0316; final_level: 80.0316
event: navigation; timestamp: 220.523; robot: 4; time: 38.0789; src: (-15, 35); dst: (0, 0)
event: robot_finished; timestamp: 258.602; robot: 4; pos: (0, 0); battery: 80.0316
event: battery_consumption; timestamp: 222; robot: 2; time: 7.61577; initial_level: 131.481; final_level: 131.481
event: navigation; timestamp: 222; robot: 2; time: 7.61577; src: (7, -3); dst: (0, 0)
event: robot_finished; timestamp: 229.616; robot: 2; pos: (0, 0); battery: 131.481
event: battery_consumption; timestamp: 222; robot: 3; time: 7.61577; initial_level: 128.903; final_level: 128.903
event: navigation; timestamp: 222; robot: 3; time: 7.61577; src: (7, -3); dst: (0, 0)
event: robot_finished; timestamp: 229.616; robot: 3; pos: (0, 0); battery: 128.903
event: battery_consumption; timestamp: 222; robot: 6; time: 7.61577; initial_level: 128.079; final_level: 128.079
event: navigation; timestamp: 222; robot: 6; time: 7.61577; src: (7, -3); dst: (0, 0)
event: robot_finished; timestamp: 229.616; robot: 6; pos: (0, 0); battery: 128.079
event: task_resolution; timestamp: 224.057; task: 80; pos: (7, -3); status: COMPLETED; attempt: 1
event: task_execution; timestamp: 242.119; task: 5; robot: 1; pos: (-20, 35); time: 10.4865
event: battery_consumption; timestamp: 242.119; robot: 1; time: 10.4865; initial_level: 103.687; final_level: 82.7141
event: task_resolution; timestamp: 252.606; task: 5; pos: (-20, 35); status: COMPLETED; attempt: 1
event: battery_consumption; timestamp: 252.606; robot: 1; time: 40.3113; initial_level: 82.7141; final_level: 82.7141
event: navigation; timestamp: 252.606; robot: 1; time: 40.3113; src: (-20, 35); dst: (0, 0)
event: robot_finished; timestamp: 292.917; robot: 1; pos: (0, 0); battery: 82.7141
event: task_execution; timestamp: 246.632; task: 2; robot: 8; pos: (-18, 25); time: 11.9643
event: battery_consumption; timestamp: 246.632; robot: 8; time: 11.9643; initial_level: 120.791; final_level: 84.8982
event: task_resolution; timestamp: 258.597; task: 2; pos: (-18, 25); status: FAILED; attempt: 1
event: battery_consumption; timestamp: 258.597; robot: 8; time: 30.8058; initial_level: 84.8982; final_level: 84.8982
event: navigation; timestamp: 258.597; robot: 8; time: 30.8058; src: (-18, 25); dst: (0, 0)
event: robot_finished; timestamp: 289.403; robot: 8; pos: (0, 0); battery: 84.8982
event: task_execution; timestamp: 253.786; task: 3; robot: 9; pos: (-18, 35); time: 9.37672
event: battery_consumption; timestamp: 253.786; robot: 9; time: 9.37672; initial_level: 131.923; final_level: 122.546
event: task_resolution; timestamp: 263.163; task: 3; pos: (-18, 35); status: COMPLETED; attempt: 1
event: battery_consumption; timestamp: 263.163; robot: 9; time: 39.3573; initial_level: 122.546; final_level: 122.546
event: navigation; timestamp: 263.163; robot: 9; time: 39.3573; src: (-18, 35); dst: (0, 0)
event: robot_finished; timestamp: 302.52; robot: 9; pos: (0, 0); battery: 122.546
metric: available_agents; value: 0
metric: failed_agents; value: 0
metric: finished_agents; value: 10
metric: completed_tasks; value: 36
metric: pending_tasks; value: 0
metric: failed_tasks; value: 64
metric: average_robot_makespan; value: 253.775
metric: sd_robot_makespan; value: 30.6648
metric: max_robot_makespan; value: 302.52
metric: min_robot_makespan; value: 223.528
metric: average_robot_travel_distance; value: 158.997
metric: sd_robot_travel_distance; value: 48.0993
metric: max_robot_travel_distance; value: 213.566
metric: min_robot_travel_distance; value: 94.0229
metric: sum_robot_travel_distance; value: 1589.97
metric: average_completed_tasks_by_robot; value: 0
metric: sd_completed_tasks_by_robot; value: 0
metric: max_completed_tasks_by_robot; value: 0
metric: min_completed_tasks_by_robot; value: 0
metric: final_reward; value: 0.36
metric: computing_time; value: 0.7307
