info: solver_name; value: cbaa
info: reward_function; value: reward00
info: replica; value: 1
info: filename; value: ../logs/prueba/rc101_10r_100t_b0f5abc8_cbaa_reward00_001.log
info: scenario_name; value: rc101_10r_100t_b0f5abc8
info: scenario_name; value: rc101_10r_100t_b0f5abc8
info: number_of_tasks; value: 100
info: number_of_robots; value: 10
info: number_of_recharging_stations; value: 1
info: scenario_size; value: (132,132)
event: recharging_station_spawn; timestamp: 0; recharging_station: 1; pos: (0, 0)
event: task_spawn; timestamp: 0; task: 1; pos: (-15, 35); earliest_start: 145; latest_start: 175; state: PENDING; required_workers: 1; success_prob: 0.2; max_attempts: 1
event: task_spawn; timestamp: 0; task: 2; pos: (-18, 25); earliest_start: 50; latest_start: 80; state: PENDING; required_workers: 1; success_prob: 0.2; max_attempts: 1
event: task_spawn; timestamp: 0; task: 3; pos: (-18, 35); earliest_start: 109; latest_start: 139; state: PENDING; required_workers: 1; success_prob: 0.2; max_attempts: 1
event: task_spawn; timestamp: 0; task: 4; pos: (-20, 30); earliest_start: 141; latest_start: 171; state: PENDING; required_workers: 1; success_prob: 0.2; max_attempts: 1
event: task_spawn; timestamp: 0; task: 5; pos: (-20, 35); earliest_start: 41; latest_start: 71; state: PENDING; required_workers: 1; success_prob: 0.2; max_attempts: 1
event: task_spawn; timestamp: 0; task: 6; pos: (-22, 25); earliest_start: 95; latest_start: 125; state: PENDING; required_workers: 1; success_prob: 0.2; max_attempts: 1
event: task_spawn; timestamp: 0; task: 7; pos: (-25, 25); earliest_start: 79; latest_start: 109; state: PENDING; required_workers: 1; success_prob: 0.2; max_attempts: 1
event: task_spawn; timestamp: 0; task: 8; pos: (-25, 30); earliest_start: 91; latest_start: 121; state: PENDING; required_workers: 1; success_prob: 0.2; max_attempts: 1
event: task_spawn; timestamp: 0; task: 9; pos: (-30, -15); earliest_start: 91; latest_start: 121; state: PENDING; required_workers: 1; success_prob: 0.2; max_attempts: 1
event: task_spawn; timestamp: 0; task: 10; pos: (-30, -10); earliest_start: 119; latest_start: 149; state: PENDING; required_workers: 1; success_prob: 0.2; max_attempts: 1
event: task_spawn; timestamp: 0; task: 11; pos: (-32, -10); earliest_start: 59; latest_start: 89; state: PENDING; required_workers: 2; success_prob: 0.2; max_attempts: 1
event: task_spawn; timestamp: 0; task: 12; pos: (-32, -5); earliest_start: 64; latest_start: 94; state: PENDING; required_workers: 2; success_prob: 0.2; max_attempts: 1
event: task_spawn; timestamp: 0; task: 13; pos: (-35, -15); earliest_start: 142; latest_start: 172; state: PENDING; required_workers: 2; success_prob: 0.2; max_attempts: 1
event: task_spawn; timestamp: 0; task: 14; pos: (-35, -5); earliest_start: 35; latest_start: 65; state: PENDING; required_workers: 2; success_prob: 0.2; max_attempts: 1
event: task_spawn; timestamp: 0; task: 15; pos: (-38, -10); earliest_start: 58; latest_start: 88; state: PENDING; required_workers: 2; success_prob: 0.2; max_attempts: 1
event: task_spawn; timestamp: 0; task: 16; pos: (-40, -10); earliest_start: 72; latest_start: 102; state: PENDING; required_workers: 2; success_prob: 0.2; max_attempts: 1
event: task_spawn; timestamp: 0; task: 17; pos: (-40, -5); earliest_start: 149; latest_start: 179; state: PENDING; required_workers: 3; success_prob: 0.2; max_attempts: 1
event: task_spawn; timestamp: 0; task: 18; pos: (4, -45); earliest_start: 87; latest_start: 117; state: PENDING; required_workers: 3; success_prob: 0.2; max_attempts: 1
event: task_spawn; timestamp: 0; task: 19; pos: (2, -40); earliest_start: 72; latest_start: 102; state: PENDING; required_workers: 3; success_prob: 0.2; max_attempts: 1
event: task_spawn; timestamp: 0; task: 20; pos: (2, -35); earliest_start: 122; latest_start: 152; state: PENDING; required_workers: 3; success_prob: 0.2; max_attempts: 1
event: task_spawn; timestamp: 0; task: 21; pos: (0, -45); earliest_start: 67; latest_start: 97; state: PENDING; required_workers: 1; success_prob: 0.4; max_attempts: 1
event: task_spawn; timestamp: 0; task: 22; pos: (0, -35); earliest_start: 92; latest_start: 122; state: PENDING; required_workers: 1; success_prob: 0.4; max_attempts: 1
event: task_spawn; timestamp: 0; task: 23; pos: (-2, -45); earliest_start: 65; latest_start: 95; state: PENDING; required_workers: 1; success_prob: 0.4; max_attempts: 1
event: task_spawn; timestamp: 0; task: 24; pos: (-2, -35); earliest_start: 148; latest_start: 178; state: PENDING; required_workers: 1; success_prob: 0.4; max_attempts: 1
event: task_spawn; timestamp: 0; task: 25; pos: (-5, -45); earliest_start: 154; latest_start: 184; state: PENDING; required_workers: 1; success_prob: 0.4; max_attempts: 1
event: task_spawn; timestamp: 0; task: 26; pos: (55, -20); earliest_start: 115; latest_start: 145; state: PENDING; required_workers: 1; success_prob: 0.4; max_attempts: 1
event: task_spawn; timestamp: 0; task: 27; pos: (55, -15); earliest_start: 62; latest_start: 92; state: PENDING; required_workers: 1; success_prob: 0.4; max_attempts: 1
event: task_spawn; timestamp: 0; task: 28; pos: (52, -20); earliest_start: 62; latest_start: 92; state: PENDING; required_workers: 1; success_prob: 0.4; max_attempts: 1
event: task_spawn; timestamp: 0; task: 29; pos: (50, -15); earliest_start: 67; latest_start: 97; state: PENDING; required_workers: 1; success_prob: 0.4; max_attempts: 1
event: task_spawn; timestamp: 0; task: 30; pos: (48, -20); earliest_start: 74; latest_start: 104; state: PENDING; required_workers: 1; success_prob: 0.4; max_attempts: 1
event: task_spawn; timestamp: 0; task: 31; pos: (48, -15); earliest_start: 61; latest_start: 91; state: PENDING; required_workers: 2; success_prob: 0.4; max_attempts: 1
event: task_spawn; timestamp: 0; task: 32; pos: (47, -20); earliest_start: 131; latest_start: 161; state: PENDING; required_workers: 2; success_prob: 0.4; max_attempts: 1
event: task_spawn; timestamp: 0; task: 33; pos: (45, -25); earliest_start: 51; latest_start: 81; state: PENDING; required_workers: 2; success_prob: 0.4; max_attempts: 1
event: task_spawn; timestamp: 0; task: 34; pos: (45, -15); earliest_start: 111; latest_start: 141; state: PENDING; required_workers: 2; success_prob: 0.4; max_attempts: 1
event: task_spawn; timestamp: 0; task: 35; pos: (27, 35); earliest_start: 139; latest_start: 169; state: PENDING; required_workers: 2; success_prob: 0.4; max_attempts: 1
event: task_spawn; timestamp: 0; task: 36; pos: (25, 35); earliest_start: 43; latest_start: 73; state: PENDING; required_workers: 2; success_prob: 0.4; max_attempts: 1
event: task_spawn; timestamp: 0; task: 37; pos: (25, 32); earliest_start: 124; latest_start: 154; state: PENDING; required_workers: 3; success_prob: 0.4; max_attempts: 1
event: task_spawn; timestamp: 0; task: 38; pos: (22, 30); earliest_start: 75; latest_start: 105; state: PENDING; required_workers: 3; success_prob: 0.4; max_attempts: 1
event: task_spawn; timestamp: 0; task: 39; pos: (20, 30); earliest_start: 37; latest_start: 67; state: PENDING; required_workers: 3; success_prob: 0.4; max_attempts: 1
event: task_spawn; timestamp: 0; task: 40; pos: (20, 35); earliest_start: 85; latest_start: 115; state: PENDING; required_workers: 3; success_prob: 0.4; max_attempts: 1
event: task_spawn; timestamp: 0; task: 41; pos: (18, 25); earliest_start: 92; latest_start: 122; state: PENDING; required_workers: 1; success_prob: 0.6; max_attempts: 1
event: task_spawn; timestamp: 0; task: 42; pos: (15, 30); earliest_start: 33; latest_start: 63; state: PENDING; required_workers: 1; success_prob: 0.6; max_attempts: 1
event: task_spawn; timestamp: 0; task: 43; pos: (15, 35); earliest_start: 128; latest_start: 158; state: PENDING; required_workers: 1; success_prob: 0.6; max_attempts: 1
event: task_spawn; timestamp: 0; task: 44; pos: (15, 32); earliest_start: 64; latest_start: 94; state: PENDING; required_workers: 1; success_prob: 0.6; max_attempts: 1
event: task_spawn; timestamp: 0; task: 45; pos: (-20, 32); earliest_start: 37; latest_start: 67; state: PENDING; required_workers: 1; success_prob: 0.6; max_attempts: 1
event: task_spawn; timestamp: 0; task: 46; pos: (-22, 30); earliest_start: 113; latest_start: 143; state: PENDING; required_workers: 1; success_prob: 0.6; max_attempts: 1
event: task_spawn; timestamp: 0; task: 47; pos: (-38, -5); earliest_start: 45; latest_start: 75; state: PENDING; required_workers: 1; success_prob: 0.6; max_attempts: 1
event: task_spawn; timestamp: 0; task: 48; pos: (2, -45); earliest_start: 151; latest_start: 181; state: PENDING; required_workers: 1; success_prob: 0.6; max_attempts: 1
event: task_spawn; timestamp: 0; task: 49; pos: (2, -38); earliest_start: 104; latest_start: 134; state: PENDING; required_workers: 1; success_prob: 0.6; max_attempts: 1
event: task_spawn; timestamp: 0; task: 50; pos: (32, -15); earliest_start: 116; latest_start: 146; state: PENDING; required_workers: 1; success_prob: 0.6; max_attempts: 1
event: task_spawn; timestamp: 0; task: 51; pos: (15, -30); earliest_start: 83; latest_start: 113; state: PENDING; required_workers: 2; success_prob: 0.6; max_attempts: 1
event: task_spawn; timestamp: 0; task: 52; pos: (-15, -20); earliest_start: 52; latest_start: 82; state: PENDING; required_workers: 2; success_prob: 0.6; max_attempts: 1
event: task_spawn; timestamp: 0; task: 53; pos: (-20, 0); earliest_start: 91; latest_start: 121; state: PENDING; required_workers: 2; success_prob: 0.6; max_attempts: 1
event: task_spawn; timestamp: 0; task: 54; pos: (15, 10); earliest_start: 139; latest_start: 169; state: PENDING; required_workers: 2; success_prob: 0.6; max_attempts: 1
event: task_spawn; timestamp: 0; task: 55; pos: (-10, 10); earliest_start: 140; latest_start: 170; state: PENDING; required_workers: 2; success_prob: 0.6; max_attempts: 1
event: task_spawn; timestamp: 0; task: 56; pos: (10, -15); earliest_start: 130; latest_start: 160; state: PENDING; required_workers: 2; success_prob: 0.6; max_attempts: 1
event: task_spawn; timestamp: 0; task: 57; pos: (-10, -25); earliest_start: 96; latest_start: 126; state: PENDING; required_workers: 3; success_prob: 0.6; max_attempts: 1
event: task_spawn; timestamp: 0; task: 58; pos: (-25, -40); earliest_start: 152; latest_start: 182; state: PENDING; required_workers: 3; success_prob: 0.6; max_attempts: 1
event: task_spawn; timestamp: 0; task: 59; pos: (-30, -30); earliest_start: 42; latest_start: 72; state: PENDING; required_workers: 3; success_prob: 0.6; max_attempts: 1
event: task_spawn; timestamp: 0; task: 60; pos: (-25, 10); earliest_start: 155; latest_start: 185; state: PENDING; required_workers: 3; success_prob: 0.6; max_attempts: 1
event: task_spawn; timestamp: 0; task: 61; pos: (5, 15); earliest_start: 66; latest_start: 96; state: PENDING; required_workers: 1; success_prob: 0.8; max_attempts: 1
event: task_spawn; timestamp: 0; task: 62; pos: (25, -15); earliest_start: 52; latest_start: 82; state: PENDING; required_workers: 1; success_prob: 0.8; max_attempts: 1
event: task_spawn; timestamp: 0; task: 63; pos: (25, -30); earliest_start: 39; latest_start: 69; state: PENDING; required_workers: 1; success_prob: 0.8; max_attempts: 1
event: task_spawn; timestamp: 0; task: 64; pos: (5, -20); earliest_start: 53; latest_start: 83; state: PENDING; required_workers: 1; success_prob: 0.8; max_attempts: 1
event: task_spawn; timestamp: 0; task: 65; pos: (-5, -10); earliest_start: 11; latest_start: 41; state: PENDING; required_workers: 1; success_prob: 0.8; max_attempts: 1
event: task_spawn; timestamp: 0; task: 66; pos: (1, -13); earliest_start: 133; latest_start: 163; state: PENDING; required_workers: 1; success_prob: 0.8; max_attempts: 1
event: task_spawn; timestamp: 0; task: 67; pos: (24, -8); earliest_start: 70; latest_start: 100; state: PENDING; required_workers: 1; success_prob: 0.8; max_attempts: 1
event: task_spawn; timestamp: 0; task: 68; pos: (0, 10); earliest_start: 144; latest_start: 174; state: PENDING; required_workers: 1; success_prob: 0.8; max_attempts: 1
event: task_spawn; timestamp: 0; task: 69; pos: (-9, 2); earliest_start: 41; latest_start: 71; state: PENDING; required_workers: 1; success_prob: 0.8; max_attempts: 1
event: task_spawn; timestamp: 0; task: 70; pos: (-5, 19); earliest_start: 180; latest_start: 210; state: PENDING; required_workers: 1; success_prob: 0.8; max_attempts: 1
event: task_spawn; timestamp: 0; task: 71; pos: (25, 5); earliest_start: 65; latest_start: 95; state: PENDING; required_workers: 2; success_prob: 0.8; max_attempts: 1
event: task_spawn; timestamp: 0; task: 72; pos: (23, 15); earliest_start: 30; latest_start: 60; state: PENDING; required_workers: 2; success_prob: 0.8; max_attempts: 1
event: task_spawn; timestamp: 0; task: 73; pos: (-38, 10); earliest_start: 77; latest_start: 107; state: PENDING; required_workers: 2; success_prob: 0.8; max_attempts: 1
event: task_spawn; timestamp: 0; task: 74; pos: (-20, -30); earliest_start: 141; latest_start: 171; state: PENDING; required_workers: 2; success_prob: 0.8; max_attempts: 1
event: task_spawn; timestamp: 0; task: 75; pos: (-35, -45); earliest_start: 74; latest_start: 104; state: PENDING; required_workers: 2; success_prob: 0.8; max_attempts: 1
event: task_spawn; timestamp: 0; task: 76; pos: (20, -38); earliest_start: 75; latest_start: 105; state: PENDING; required_workers: 2; success_prob: 0.8; max_attempts: 1
event: task_spawn; timestamp: 0; task: 77; pos: (-17, -47); earliest_start: 150; latest_start: 180; state: PENDING; required_workers: 3; success_prob: 0.8; max_attempts: 1
event: task_spawn; timestamp: 0; task: 78; pos: (-32, 6); earliest_start: 90; latest_start: 120; state: PENDING; required_workers: 3; success_prob: 0.8; max_attempts: 1
event: task_spawn; timestamp: 0; task: 79; pos: (-34, 18); earliest_start: 89; latest_start: 119; state: PENDING; required_workers: 3; success_prob: 0.8; max_attempts: 1
event: task_spawn; timestamp: 0; task: 80; pos: (7, -3); earliest_start: 192; latest_start: 222; state: PENDING; required_workers: 3; success_prob: 0.8; max_attempts: 1
event: task_spawn; timestamp: 0; task: 81; pos: (9, 8); earliest_start: 86; latest_start: 116; state: PENDING; required_workers: 1; success_prob: 1; max_attempts: 1
event: task_spawn; timestamp: 0; task: 82; pos: (-13, -7); earliest_start: 42; latest_start: 72; state: PENDING; required_workers: 1; success_prob: 1; max_attempts: 1
event: task_spawn; timestamp: 0; task: 83; pos: (-3, -19); earliest_start: 35; latest_start: 65; state: PENDING; required_workers: 1; success_prob: 1; max_attempts: 1
event: task_spawn; timestamp: 0; task: 84; pos: (17, -21); earliest_start: 96; latest_start: 126; state: PENDING; required_workers: 1; success_prob: 1; max_attempts: 1
event: task_spawn; timestamp: 0; task: 85; pos: (23, -27); earliest_start: 87; latest_start: 117; state: PENDING; required_workers: 1; success_prob: 1; max_attempts: 1
event: task_spawn; timestamp: 0; task: 86; pos: (-19, -26); earliest_start: 87; latest_start: 117; state: PENDING; required_workers: 1; success_prob: 1; max_attempts: 1
event: task_spawn; timestamp: 0; task: 87; pos: (-28, -26); earliest_start: 90; latest_start: 120; state: PENDING; required_workers: 1; success_prob: 1; max_attempts: 1
event: task_spawn; timestamp: 0; task: 88; pos: (-16, 8); earliest_start: 67; latest_start: 97; state: PENDING; required_workers: 1; success_prob: 1; max_attempts: 1
event: task_spawn; timestamp: 0; task: 89; pos: (27, -45); earliest_start: 144; latest_start: 174; state: PENDING; required_workers: 1; success_prob: 1; max_attempts: 1
event: task_spawn; timestamp: 0; task: 90; pos: (-3, -3); earliest_start: 86; latest_start: 116; state: PENDING; required_workers: 1; success_prob: 1; max_attempts: 1
event: task_spawn; timestamp: 0; task: 91; pos: (9, -8); earliest_start: 167; latest_start: 197; state: PENDING; required_workers: 2; success_prob: 1; max_attempts: 1
event: task_spawn; timestamp: 0; task: 92; pos: (13, -7); earliest_start: 14; latest_start: 44; state: PENDING; required_workers: 2; success_prob: 1; max_attempts: 1
event: task_spawn; timestamp: 0; task: 93; pos: (21, 2); earliest_start: 178; latest_start: 208; state: PENDING; required_workers: 2; success_prob: 1; max_attempts: 1
event: task_spawn; timestamp: 0; task: 94; pos: (17, -2); earliest_start: 95; latest_start: 125; state: PENDING; required_workers: 2; success_prob: 1; max_attempts: 1
event: task_spawn; timestamp: 0; task: 95; pos: (16, -13); earliest_start: 34; latest_start: 64; state: PENDING; required_workers: 2; success_prob: 1; max_attempts: 1
event: task_spawn; timestamp: 0; task: 96; pos: (15, 4); earliest_start: 132; latest_start: 162; state: PENDING; required_workers: 2; success_prob: 1; max_attempts: 1
event: task_spawn; timestamp: 0; task: 97; pos: (-36, -32); earliest_start: 120; latest_start: 150; state: PENDING; required_workers: 3; success_prob: 1; max_attempts: 1
event: task_spawn; timestamp: 0; task: 98; pos: (-14, 2); earliest_start: 46; latest_start: 76; state: PENDING; required_workers: 3; success_prob: 1; max_attempts: 1
event: task_spawn; timestamp: 0; task: 99; pos: (-14, -15); earliest_start: 77; latest_start: 107; state: PENDING; required_workers: 3; success_prob: 1; max_attempts: 1
event: task_spawn; timestamp: 0; task: 100; pos: (-9, 17); earliest_start: 180; latest_start: 210; state: PENDING; required_workers: 3; success_prob: 1; max_attempts: 1
event: robot_spawn; timestamp: 0; robot: 1; pos: (0, 0); state: AVAILABLE; battery_level: 200; battery_capacity: 200; velocity: 1; battery_rate_nav: 0
event: robot_spawn; timestamp: 0; robot: 2; pos: (0, 0); state: AVAILABLE; battery_level: 200; battery_capacity: 200; velocity: 1; battery_rate_nav: 0
event: robot_spawn; timestamp: 0; robot: 3; pos: (0, 0); state: AVAILABLE; battery_level: 200; battery_capacity: 200; velocity: 1; battery_rate_nav: 0
event: robot_spawn; timestamp: 0; robot: 4; pos: (0, 0); state: AVAILABLE; battery_level: 200; battery_capacity: 200; velocity: 1; battery_rate_nav: 0
event: robot_spawn; timestamp: 0; robot: 5; pos: (0, 0); state: AVAILABLE; battery_level: 200; battery_capacity: 200; velocity: 1; battery_rate_nav: 0
event: robot_spawn; timestamp: 0; robot: 6; pos: (0, 0); state: AVAILABLE; battery_level: 200; battery_capacity: 200; velocity: 1; battery_rate_nav: 0
event: robot_spawn; timestamp: 0; robot: 7; pos: (0, 0); state: AVAILABLE; battery_level: 200; battery_capacity: 200; velocity: 1; battery_rate_nav: 0
event: robot_spawn; timestamp: 0; robot: 8; pos: (0, 0); state: AVAILABLE; battery_level: 200; battery_capacity: 200; velocity: 1; battery_rate_nav: 0
event: robot_spawn; timestamp: 0; robot: 9; pos: (0, 0); state: AVAILABLE; battery_level: 200; battery_capacity: 200; velocity: 1; battery_rate_nav: 0
event: robot_spawn; timestamp: 0; robot: 10; pos: (0, 0); state: AVAILABLE; battery_level: 200; battery_capacity: 200; velocity: 1; battery_rate_nav: 0
event: battery_consumption; timestamp: 0; robot: 3; time: 14.1421; initial_level: 200; final_level: 200
event: navigation; timestamp: 0; robot: 3; time: 14.1421; src: (0, 0); dst: (-14, 2)
event: robot_finished; timestamp: 0; robot: 7; pos: (0, 0); battery: 200
event: robot_finished; timestamp: 0; robot: 9; pos: (0, 0); battery: 200
event: battery_consumption; timestamp: 0; robot: 4; time: 42.4264; initial_level: 200; final_level: 200
event: navigation; timestamp: 0; robot: 4; time: 42.4264; src: (0, 0); dst: (-30, -30)
event: robot_finished; timestamp: 0; robot: 8; pos: (0, 0); battery: 200
event: robot_finished; timestamp: 0; robot: 6; pos: (0, 0); battery: 200
event: battery_consumption; timestamp: 0; robot: 5; time: 36.0555; initial_level: 200; final_level: 200
event: navigation; timestamp: 0; robot: 5; time: 36.0555; src: (0, 0); dst: (20, 30)
event: battery_consumption; timestamp: 0; robot: 10; time: 40.05; initial_level: 200; final_level: 200
event: navigation; timestamp: 0; robot: 10; time: 40.05; src: (0, 0); dst: (2, -40)
event: battery_consumption; timestamp: 0; robot: 1; time: 11.1803; initial_level: 200; final_level: 200
event: navigation; timestamp: 0; robot: 1; time: 11.1803; src: (0, 0); dst: (-5, -10)
event: battery_consumption; timestamp: 0; robot: 2; time: 14.7648; initial_level: 200; final_level: 200
event: navigation; timestamp: 0; robot: 2; time: 14.7648; src: (0, 0); dst: (13, -7)
event: task_execution; timestamp: 11.1803; task: 65; robot: 1; pos: (-5, -10); time: 8.85264
event: battery_consumption; timestamp: 11.1803; robot: 1; time: 8.85264; initial_level: 200; final_level: 185.836
event: task_resolution; timestamp: 20.033; task: 65; pos: (-5, -10); status: COMPLETED; attempt: 1
event: battery_consumption; timestamp: 20.033; robot: 1; time: 9.21954; initial_level: 185.836; final_level: 185.836
event: navigation; timestamp: 20.033; robot: 1; time: 9.21954; src: (-5, -10); dst: (-3, -19)
event: battery_consumption; timestamp: 44; robot: 2; time: 14.4222; initial_level: 200; final_level: 200
event: navigation; timestamp: 44; robot: 2; time: 14.4222; src: (13, -7); dst: (25, -15)
event: task_execution; timestamp: 35; task: 83; robot: 1; pos: (-3, -19); time: 10.9604
event: battery_consumption; timestamp: 35; robot: 1; time: 10.9604; initial_level: 185.836; final_level: 170.491
event: task_resolution; timestamp: 45.9604; task: 83; pos: (-3, -19); status: COMPLETED; attempt: 1
event: battery_consumption; timestamp: 45.9604; robot: 1; time: 8.06226; initial_level: 170.491; final_level: 170.491
event: navigation; timestamp: 45.9604; robot: 1; time: 8.06226; src: (-3, -19); dst: (5, -20)
event: task_execution; timestamp: 54.0227; task: 64; robot: 1; pos: (5, -20); time: 12.8675
event: battery_consumption; timestamp: 54.0227; robot: 1; time: 12.8675; initial_level: 170.491; final_level: 148.617
event: task_resolution; timestamp: 66.8901; task: 64; pos: (5, -20); status: COMPLETED; attempt: 1
event: battery_consumption; timestamp: 66.8901; robot: 1; time: 21.6333; initial_level: 148.617; final_level: 148.617
event: navigation; timestamp: 66.8901; robot: 1; time: 21.6333; src: (5, -20); dst: (17, -2)
event: battery_consumption; timestamp: 67; robot: 5; time: 5.38516; initial_level: 200; final_level: 200
event: navigation; timestamp: 67; robot: 5; time: 5.38516; src: (20, 30); dst: (15, 32)
event: task_execution; timestamp: 58.4222; task: 62; robot: 2; pos: (25, -15); time: 12.2726
event: battery_consumption; timestamp: 58.4222; robot: 2; time: 12.2726; initial_level: 200; final_level: 196.318
event: task_resolution; timestamp: 70.6948; task: 62; pos: (25, -15); status: COMPLETED; attempt: 1
event: battery_consumption; timestamp: 70.6948; robot: 2; time: 7.07107; initial_level: 196.318; final_level: 196.318
event: navigation; timestamp: 70.6948; robot: 2; time: 7.07107; src: (25, -15); dst: (24, -8)
event: battery_consumption; timestamp: 72; robot: 4; time: 11.7047; initial_level: 200; final_level: 200
event: navigation; timestamp: 72; robot: 4; time: 11.7047; src: (-30, -30); dst: (-19, -26)
event: battery_consumption; timestamp: 76; robot: 3; time: 6.32456; initial_level: 200; final_level: 200
event: navigation; timestamp: 76; robot: 3; time: 6.32456; src: (-14, 2); dst: (-16, 8)
event: task_execution; timestamp: 72.3852; task: 44; robot: 5; pos: (15, 32); time: 9.36301
event: battery_consumption; timestamp: 72.3852; robot: 5; time: 9.36301; initial_level: 200; final_level: 190.637
event: task_resolution; timestamp: 81.7482; task: 44; pos: (15, 32); status: COMPLETED; attempt: 1
event: battery_consumption; timestamp: 81.7482; robot: 5; time: 7.61577; initial_level: 190.637; final_level: 190.637
event: navigation; timestamp: 81.7482; robot: 5; time: 7.61577; src: (15, 32); dst: (18, 25)
event: task_execution; timestamp: 77.7659; task: 67; robot: 2; pos: (24, -8); time: 10.6182
event: battery_consumption; timestamp: 77.7659; robot: 2; time: 10.6182; initial_level: 196.318; final_level: 186.762
event: task_resolution; timestamp: 88.3841; task: 67; pos: (24, -8); status: COMPLETED; attempt: 1
event: battery_consumption; timestamp: 88.3841; robot: 2; time: 9.21954; initial_level: 186.762; final_level: 186.762
event: navigation; timestamp: 88.3841; robot: 2; time: 9.21954; src: (24, -8); dst: (17, -2)
event: task_execution; timestamp: 82.3246; task: 88; robot: 3; pos: (-16, 8); time: 11.0614
event: battery_consumption; timestamp: 82.3246; robot: 3; time: 11.0614; initial_level: 200; final_level: 178.983
event: task_resolution; timestamp: 93.386; task: 88; pos: (-16, 8); status: COMPLETED; attempt: 1
event: battery_consumption; timestamp: 93.386; robot: 3; time: 17.0294; initial_level: 178.983; final_level: 178.983
event: navigation; timestamp: 93.386; robot: 3; time: 17.0294; src: (-16, 8); dst: (-3, -3)
event: task_execution; timestamp: 87; task: 86; robot: 4; pos: (-19, -26); time: 10.7941
event: battery_consumption; timestamp: 87; robot: 4; time: 10.7941; initial_level: 200; final_level: 169.776
event: task_resolution; timestamp: 97.7941; task: 86; pos: (-19, -26); status: COMPLETED; attempt: 1
event: battery_consumption; timestamp: 97.7941; robot: 4; time: 9; initial_level: 169.776; final_level: 169.776
event: navigation; timestamp: 97.7941; robot: 4; time: 9; src: (-19, -26); dst: (-28, -26)
event: battery_consumption; timestamp: 102; robot: 10; time: 2; initial_level: 200; final_level: 200
event: navigation; timestamp: 102; robot: 10; time: 2; src: (2, -40); dst: (2, -38)
event: task_execution; timestamp: 92; task: 41; robot: 5; pos: (18, 25); time: 12.5478
event: battery_consumption; timestamp: 92; robot: 5; time: 12.5478; initial_level: 190.637; final_level: 165.541
event: task_resolution; timestamp: 104.548; task: 41; pos: (18, 25); status: FAILED; attempt: 1
event: battery_consumption; timestamp: 104.548; robot: 5; time: 10.4403; initial_level: 165.541; final_level: 165.541
event: navigation; timestamp: 104.548; robot: 5; time: 10.4403; src: (18, 25); dst: (15, 35)
event: task_execution; timestamp: 97.6036; task: 94; robot: 1; pos: (17, -2); time: 11.0063
event: battery_consumption; timestamp: 97.6036; robot: 1; time: 11.0063; initial_level: 148.617; final_level: 123.302
event: task_execution; timestamp: 97.6036; task: 94; robot: 2; pos: (17, -2); time: 11.0063
event: battery_consumption; timestamp: 97.6036; robot: 2; time: 11.0063; initial_level: 186.762; final_level: 161.447
event: task_resolution; timestamp: 108.61; task: 94; pos: (17, -2); status: COMPLETED; attempt: 1
event: battery_consumption; timestamp: 108.61; robot: 2; time: 30.8707; initial_level: 161.447; final_level: 161.447
event: navigation; timestamp: 108.61; robot: 2; time: 30.8707; src: (17, -2); dst: (45, -15)
event: battery_consumption; timestamp: 108.61; robot: 1; time: 19.8494; initial_level: 123.302; final_level: 123.302
event: navigation; timestamp: 108.61; robot: 1; time: 19.8494; src: (17, -2); dst: (32, -15)
event: task_execution; timestamp: 104; task: 49; robot: 10; pos: (2, -38); time: 10.9665
event: battery_consumption; timestamp: 104; robot: 10; time: 10.9665; initial_level: 200; final_level: 189.034
event: task_resolution; timestamp: 114.966; task: 49; pos: (2, -38); status: COMPLETED; attempt: 1
event: battery_consumption; timestamp: 114.966; robot: 10; time: 3.60555; initial_level: 189.034; final_level: 189.034
event: navigation; timestamp: 114.966; robot: 10; time: 3.60555; src: (2, -38); dst: (0, -35)
event: battery_consumption; timestamp: 116; robot: 3; time: 10.7703; initial_level: 178.983; final_level: 178.983
event: navigation; timestamp: 116; robot: 3; time: 10.7703; src: (-3, -3); dst: (1, -13)
event: task_execution; timestamp: 106.794; task: 87; robot: 4; pos: (-28, -26); time: 10.6896
event: battery_consumption; timestamp: 106.794; robot: 4; time: 10.6896; initial_level: 169.776; final_level: 155.88
event: task_resolution; timestamp: 117.484; task: 87; pos: (-28, -26); status: COMPLETED; attempt: 1
event: battery_consumption; timestamp: 117.484; robot: 4; time: 10; initial_level: 155.88; final_level: 155.88
event: navigation; timestamp: 117.484; robot: 4; time: 10; src: (-28, -26); dst: (-36, -32)
event: task_resolution; timestamp: 120.42; task: 90; pos: (-3, -3); status: COMPLETED; attempt: 1
event: battery_consumption; timestamp: 122; robot: 10; time: 28.7924; initial_level: 189.034; final_level: 189.034
event: navigation; timestamp: 122; robot: 10; time: 28.7924; src: (0, -35); dst: (27, -45)
event: task_resolution; timestamp: 128.617; task: 22; pos: (0, -35); status: COMPLETED; attempt: 1
event: task_execution; timestamp: 128.459; task: 50; robot: 1; pos: (32, -15); time: 9.06799
event: battery_consumption; timestamp: 128.459; robot: 1; time: 9.06799; initial_level: 123.302; final_level: 96.0981
event: task_resolution; timestamp: 137.527; task: 50; pos: (32, -15); status: FAILED; attempt: 1
event: battery_consumption; timestamp: 137.527; robot: 1; time: 24.0416; initial_level: 96.0981; final_level: 96.0981
event: navigation; timestamp: 137.527; robot: 1; time: 24.0416; src: (32, -15); dst: (9, -8)
event: task_execution; timestamp: 128; task: 43; robot: 5; pos: (15, 35); time: 10.8766
event: battery_consumption; timestamp: 128; robot: 5; time: 10.8766; initial_level: 165.541; final_level: 143.788
event: task_resolution; timestamp: 138.877; task: 43; pos: (15, 35); status: FAILED; attempt: 1
event: battery_consumption; timestamp: 138.877; robot: 5; time: 12; initial_level: 143.788; final_level: 143.788
event: navigation; timestamp: 138.877; robot: 5; time: 12; src: (15, 35); dst: (27, 35)
event: battery_consumption; timestamp: 141; robot: 2; time: 5.38516; initial_level: 161.447; final_level: 161.447
event: navigation; timestamp: 141; robot: 2; time: 5.38516; src: (45, -15); dst: (47, -20)
event: task_execution; timestamp: 133; task: 66; robot: 3; pos: (1, -13); time: 9.50786
event: battery_consumption; timestamp: 133; robot: 3; time: 9.50786; initial_level: 178.983; final_level: 163.771
event: task_resolution; timestamp: 142.508; task: 66; pos: (1, -13); status: COMPLETED; attempt: 1
event: battery_consumption; timestamp: 142.508; robot: 3; time: 9.43398; initial_level: 163.771; final_level: 163.771
event: navigation; timestamp: 142.508; robot: 3; time: 9.43398; src: (1, -13); dst: (9, -8)
event: battery_consumption; timestamp: 150; robot: 4; time: 16.1245; initial_level: 155.88; final_level: 155.88
event: navigation; timestamp: 150; robot: 4; time: 16.1245; src: (-36, -32); dst: (-20, -30)
event: task_execution; timestamp: 150.792; task: 89; robot: 10; pos: (27, -45); time: 8.88744
event: battery_consumption; timestamp: 150.792; robot: 10; time: 8.88744; initial_level: 189.034; final_level: 166.815
event: task_resolution; timestamp: 159.68; task: 89; pos: (27, -45); status: COMPLETED; attempt: 1
event: battery_consumption; timestamp: 159.68; robot: 10; time: 52.4786; initial_level: 166.815; final_level: 166.815
event: navigation; timestamp: 159.68; robot: 10; time: 52.4786; src: (27, -45); dst: (0, 0)
event: robot_finished; timestamp: 212.158; robot: 10; pos: (0, 0); battery: 166.815
event: battery_consumption; timestamp: 161; robot: 2; time: 51.0784; initial_level: 161.447; final_level: 161.447
event: navigation; timestamp: 161; robot: 2; time: 51.0784; src: (47, -20); dst: (0, 0)
event: robot_finished; timestamp: 212.078; robot: 2; pos: (0, 0); battery: 161.447
event: battery_consumption; timestamp: 169; robot: 5; time: 40.2492; initial_level: 143.788; final_level: 143.788
event: navigation; timestamp: 169; robot: 5; time: 40.2492; src: (27, 35); dst: (-9, 17)
event: battery_consumption; timestamp: 171; robot: 4; time: 38.1838; initial_level: 155.88; final_level: 155.88
event: navigation; timestamp: 171; robot: 4; time: 38.1838; src: (-20, -30); dst: (7, -3)
event: task_execution; timestamp: 167; task: 91; robot: 1; pos: (9, -8); time: 10.752
event: battery_consumption; timestamp: 167; robot: 1; time: 10.752; initial_level: 96.0981; final_level: 82.1205
event: task_execution; timestamp: 167; task: 91; robot: 3; pos: (9, -8); time: 10.752
event: battery_consumption; timestamp: 167; robot: 3; time: 10.752; initial_level: 163.771; final_level: 149.793
event: task_resolution; timestamp: 177.752; task: 91; pos: (9, -8); status: COMPLETED; attempt: 1
event: battery_consumption; timestamp: 177.752; robot: 1; time: 5.38516; initial_level: 82.1205; final_level: 82.1205
event: navigation; timestamp: 177.752; robot: 1; time: 5.38516; src: (9, -8); dst: (7, -3)
event: battery_consumption; timestamp: 177.752; robot: 3; time: 5.38516; initial_level: 149.793; final_level: 149.793
event: navigation; timestamp: 177.752; robot: 3; time: 5.38516; src: (9, -8); dst: (7, -3)
event: battery_consumption; timestamp: 210; robot: 5; time: 19.2354; initial_level: 143.788; final_level: 143.788
event: navigation; timestamp: 210; robot: 5; time: 19.2354; src: (-9, 17); dst: (0, 0)
event: robot_finished; timestamp: 229.235; robot: 5; pos: (0, 0); battery: 143.788
event: task_execution; timestamp: 209.184; task: 80; robot: 1; pos: (7, -3); time: 9.98762
event: battery_consumption; timestamp: 209.184; robot: 1; time: 9.98762; initial_level: 82.1205; final_level: 69.1366
event: task_execution; timestamp: 209.184; task: 80; robot: 3; pos: (7, -3); time: 9.98762
event: battery_consumption; timestamp: 209.184; robot: 3; time: 9.98762; initial_level: 149.793; final_level: 136.809
event: task_execution; timestamp: 209.184; task: 80; robot: 4; pos: (7, -3); time: 9.98762
event: battery_consumption; timestamp: 209.184; robot: 4; time: 9.98762; initial_level: 155.88; final_level: 142.896
event: task_resolution; timestamp: 219.171; task: 80; pos: (7, -3); status: FAILED; attempt: 1
event: battery_consumption; timestamp: 219.171; robot: 3; time: 7.61577; initial_level: 136.809; final_level: 136.809
event: navigation; timestamp: 219.171; robot: 3; time: 7.61577; src: (7, -3); dst: (0, 0)
event: robot_finished; timestamp: 226.787; robot: 3; pos: (0, 0); battery: 136.809
event: battery_consumption; timestamp: 219.171; robot: 1; time: 7.61577; initial_level: 69.1366; final_level: 69.1366
event: navigation; timestamp: 219.171; robot: 1; time: 7.61577; src: (7, -3); dst: (0, 0)
event: robot_finished; timestamp: 226.787; robot: 1; pos: (0, 0); battery: 69.1366
event: battery_consumption; timestamp: 219.171; robot: 4; time: 7.61577; initial_level: 142.896; final_level: 142.896
event: navigation; timestamp: 219.171; robot: 4; time: 7.61577; src: (7, -3); dst: (0, 0)
event: robot_finished; timestamp: 226.787; robot: 4; pos: (0, 0); battery: 142.896
metric: available_agents; value: 0
metric: failed_agents; value: 0
metric: finished_agents; value: 10
metric: completed_tasks; value: 16
metric: pending_tasks; value: 0
metric: failed_tasks; value: 84
metric: average_robot_makespan; value: 133.383
metric: sd_robot_makespan; value: 114.951
metric: max_robot_makespan; value: 229.235
metric: min_robot_makespan; value: 0
metric: average_robot_travel_distance; value: 70.3464
metric: sd_robot_travel_distance; value: 63.337
metric: max_robot_travel_distance; value: 135.055
metric: min_robot_travel_distance; value: 0
metric: sum_robot_travel_distance; value: 703.464
metric: average_completed_tasks_by_robot; value: 0
metric: sd_completed_tasks_by_robot; value: 0
metric: max_completed_tasks_by_robot; value: 0
metric: min_completed_tasks_by_robot; value: 0
metric: final_reward; value: 0.16
metric: computing_time; value: 0.00934216
