info: solver_name; value: dec-mcts
info: reward_function; value: reward00
info: replica; value: 1
info: filename; value: ../logs/prueba/rc106_10r_100t_b0f5abc8_dec-mcts_reward00_001.log
info: scenario_name; value: rc106_10r_100t_b0f5abc8
info: scenario_name; value: rc106_10r_100t_b0f5abc8
info: number_of_tasks; value: 100
info: number_of_robots; value: 10
info: number_of_recharging_stations; value: 1
info: scenario_size; value: (132,132)
event: recharging_station_spawn; timestamp: 0; recharging_station: 1; pos: (0, 0)
event: task_spawn; timestamp: 0; task: 1; pos: (-15, 35); earliest_start: 130; latest_start: 190; state: PENDING; required_workers: 1; success_prob: 0.2; max_attempts: 1
event: task_spawn; timestamp: 0; task: 2; pos: (-18, 25); earliest_start: 35; latest_start: 95; state: PENDING; required_workers: 1; success_prob: 0.2; max_attempts: 1
event: task_spawn; timestamp: 0; task: 3; pos: (-18, 35); earliest_start: 94; latest_start: 154; state: PENDING; required_workers: 1; success_prob: 0.2; max_attempts: 1
event: task_spawn; timestamp: 0; task: 4; pos: (-20, 30); earliest_start: 126; latest_start: 186; state: PENDING; required_workers: 1; success_prob: 0.2; max_attempts: 1
event: task_spawn; timestamp: 0; task: 5; pos: (-20, 35); earliest_start: 40; latest_start: 100; state: PENDING; required_workers: 1; success_prob: 0.2; max_attempts: 1
event: task_spawn; timestamp: 0; task: 6; pos: (-22, 25); earliest_start: 80; latest_start: 140; state: PENDING; required_workers: 1; success_prob: 0.2; max_attempts: 1
event: task_spawn; timestamp: 0; task: 7; pos: (-25, 25); earliest_start: 64; latest_start: 124; state: PENDING; required_workers: 1; success_prob: 0.2; max_attempts: 1
event: task_spawn; timestamp: 0; task: 8; pos: (-25, 30); earliest_start: 76; latest_start: 136; state: PENDING; required_workers: 1; success_prob: 0.2; max_attempts: 1
event: task_spawn; timestamp: 0; task: 9; pos: (-30, -15); earliest_start: 76; latest_start: 136; state: PENDING; required_workers: 1; success_prob: 0.2; max_attempts: 1
event: task_spawn; timestamp: 0; task: 10; pos: (-30, -10); earliest_start: 104; latest_start: 164; state: PENDING; required_workers: 1; success_prob: 0.2; max_attempts: 1
event: task_spawn; timestamp: 0; task: 11; pos: (-32, -10); earliest_start: 44; latest_start: 104; state: PENDING; required_workers: 2; success_prob: 0.2; max_attempts: 1
event: task_spawn; timestamp: 0; task: 12; pos: (-32, -5); earliest_start: 49; latest_start: 109; state: PENDING; required_workers: 2; success_prob: 0.2; max_attempts: 1
event: task_spawn; timestamp: 0; task: 13; pos: (-35, -15); earliest_start: 127; latest_start: 187; state: PENDING; required_workers: 2; success_prob: 0.2; max_attempts: 1
event: task_spawn; timestamp: 0; task: 14; pos: (-35, -5); earliest_start: 35; latest_start: 95; state: PENDING; required_workers: 2; success_prob: 0.2; max_attempts: 1
event: task_spawn; timestamp: 0; task: 15; pos: (-38, -10); earliest_start: 43; latest_start: 103; state: PENDING; required_workers: 2; success_prob: 0.2; max_attempts: 1
event: task_spawn; timestamp: 0; task: 16; pos: (-40, -10); earliest_start: 57; latest_start: 117; state: PENDING; required_workers: 2; success_prob: 0.2; max_attempts: 1
event: task_spawn; timestamp: 0; task: 17; pos: (-40, -5); earliest_start: 129; latest_start: 189; state: PENDING; required_workers: 3; success_prob: 0.2; max_attempts: 1
event: task_spawn; timestamp: 0; task: 18; pos: (4, -45); earliest_start: 72; latest_start: 132; state: PENDING; required_workers: 3; success_prob: 0.2; max_attempts: 1
event: task_spawn; timestamp: 0; task: 19; pos: (2, -40); earliest_start: 57; latest_start: 117; state: PENDING; required_workers: 3; success_prob: 0.2; max_attempts: 1
event: task_spawn; timestamp: 0; task: 20; pos: (2, -35); earliest_start: 107; latest_start: 167; state: PENDING; required_workers: 3; success_prob: 0.2; max_attempts: 1
event: task_spawn; timestamp: 0; task: 21; pos: (0, -45); earliest_start: 52; latest_start: 112; state: PENDING; required_workers: 1; success_prob: 0.4; max_attempts: 1
event: task_spawn; timestamp: 0; task: 22; pos: (0, -35); earliest_start: 77; latest_start: 137; state: PENDING; required_workers: 1; success_prob: 0.4; max_attempts: 1
event: task_spawn; timestamp: 0; task: 23; pos: (-2, -45); earliest_start: 50; latest_start: 110; state: PENDING; required_workers: 1; success_prob: 0.4; max_attempts: 1
event: task_spawn; timestamp: 0; task: 24; pos: (-2, -35); earliest_start: 133; latest_start: 193; state: PENDING; required_workers: 1; success_prob: 0.4; max_attempts: 1
event: task_spawn; timestamp: 0; task: 25; pos: (-5, -45); earliest_start: 124; latest_start: 184; state: PENDING; required_workers: 1; success_prob: 0.4; max_attempts: 1
event: task_spawn; timestamp: 0; task: 26; pos: (55, -20); earliest_start: 100; latest_start: 160; state: PENDING; required_workers: 1; success_prob: 0.4; max_attempts: 1
event: task_spawn; timestamp: 0; task: 27; pos: (55, -15); earliest_start: 57; latest_start: 117; state: PENDING; required_workers: 1; success_prob: 0.4; max_attempts: 1
event: task_spawn; timestamp: 0; task: 28; pos: (52, -20); earliest_start: 55; latest_start: 115; state: PENDING; required_workers: 1; success_prob: 0.4; max_attempts: 1
event: task_spawn; timestamp: 0; task: 29; pos: (50, -15); earliest_start: 52; latest_start: 112; state: PENDING; required_workers: 1; success_prob: 0.4; max_attempts: 1
event: task_spawn; timestamp: 0; task: 30; pos: (48, -20); earliest_start: 59; latest_start: 119; state: PENDING; required_workers: 1; success_prob: 0.4; max_attempts: 1
event: task_spawn; timestamp: 0; task: 31; pos: (48, -15); earliest_start: 50; latest_start: 110; state: PENDING; required_workers: 2; success_prob: 0.4; max_attempts: 1
event: task_spawn; timestamp: 0; task: 32; pos: (47, -20); earliest_start: 116; latest_start: 176; state: PENDING; required_workers: 2; success_prob: 0.4; max_attempts: 1
event: task_spawn; timestamp: 0; task: 33; pos: (45, -25); earliest_start: 51; latest_start: 111; state: PENDING; required_workers: 2; success_prob: 0.4; max_attempts: 1
event: task_spawn; timestamp: 0; task: 34; pos: (45, -15); earliest_start: 96; latest_start: 156; state: PENDING; required_workers: 2; success_prob: 0.4; max_attempts: 1
event: task_spawn; timestamp: 0; task: 35; pos: (27, 35); earliest_start: 124; latest_start: 184; state: PENDING; required_workers: 2; success_prob: 0.4; max_attempts: 1
event: task_spawn; timestamp: 0; task: 36; pos: (25, 35); earliest_start: 43; latest_start: 103; state: PENDING; required_workers: 2; success_prob: 0.4; max_attempts: 1
event: task_spawn; timestamp: 0; task: 37; pos: (25, 32); earliest_start: 109; latest_start: 169; state: PENDING; required_workers: 3; success_prob: 0.4; max_attempts: 1
event: task_spawn; timestamp: 0; task: 38; pos: (22, 30); earliest_start: 60; latest_start: 120; state: PENDING; required_workers: 3; success_prob: 0.4; max_attempts: 1
event: task_spawn; timestamp: 0; task: 39; pos: (20, 30); earliest_start: 36; latest_start: 96; state: PENDING; required_workers: 3; success_prob: 0.4; max_attempts: 1
event: task_spawn; timestamp: 0; task: 40; pos: (20, 35); earliest_start: 70; latest_start: 130; state: PENDING; required_workers: 3; success_prob: 0.4; max_attempts: 1
event: task_spawn; timestamp: 0; task: 41; pos: (18, 25); earliest_start: 77; latest_start: 137; state: PENDING; required_workers: 1; success_prob: 0.6; max_attempts: 1
event: task_spawn; timestamp: 0; task: 42; pos: (15, 30); earliest_start: 33; latest_start: 93; state: PENDING; required_workers: 1; success_prob: 0.6; max_attempts: 1
event: task_spawn; timestamp: 0; task: 43; pos: (15, 35); earliest_start: 113; latest_start: 173; state: PENDING; required_workers: 1; success_prob: 0.6; max_attempts: 1
event: task_spawn; timestamp: 0; task: 44; pos: (15, 32); earliest_start: 49; latest_start: 109; state: PENDING; required_workers: 1; success_prob: 0.6; max_attempts: 1
event: task_spawn; timestamp: 0; task: 45; pos: (-20, 32); earliest_start: 37; latest_start: 97; state: PENDING; required_workers: 1; success_prob: 0.6; max_attempts: 1
event: task_spawn; timestamp: 0; task: 46; pos: (-22, 30); earliest_start: 98; latest_start: 158; state: PENDING; required_workers: 1; success_prob: 0.6; max_attempts: 1
event: task_spawn; timestamp: 0; task: 47; pos: (-38, -5); earliest_start: 38; latest_start: 98; state: PENDING; required_workers: 1; success_prob: 0.6; max_attempts: 1
event: task_spawn; timestamp: 0; task: 48; pos: (2, -45); earliest_start: 124; latest_start: 184; state: PENDING; required_workers: 1; success_prob: 0.6; max_attempts: 1
event: task_spawn; timestamp: 0; task: 49; pos: (2, -38); earliest_start: 89; latest_start: 149; state: PENDING; required_workers: 1; success_prob: 0.6; max_attempts: 1
event: task_spawn; timestamp: 0; task: 50; pos: (32, -15); earliest_start: 101; latest_start: 161; state: PENDING; required_workers: 1; success_prob: 0.6; max_attempts: 1
event: task_spawn; timestamp: 0; task: 51; pos: (15, -30); earliest_start: 68; latest_start: 128; state: PENDING; required_workers: 2; success_prob: 0.6; max_attempts: 1
event: task_spawn; timestamp: 0; task: 52; pos: (-15, -20); earliest_start: 37; latest_start: 97; state: PENDING; required_workers: 2; success_prob: 0.6; max_attempts: 1
event: task_spawn; timestamp: 0; task: 53; pos: (-20, 0); earliest_start: 76; latest_start: 136; state: PENDING; required_workers: 2; success_prob: 0.6; max_attempts: 1
event: task_spawn; timestamp: 0; task: 54; pos: (15, 10); earliest_start: 124; latest_start: 184; state: PENDING; required_workers: 2; success_prob: 0.6; max_attempts: 1
event: task_spawn; timestamp: 0; task: 55; pos: (-10, 10); earliest_start: 125; latest_start: 185; state: PENDING; required_workers: 2; success_prob: 0.6; max_attempts: 1
event: task_spawn; timestamp: 0; task: 56; pos: (10, -15); earliest_start: 115; latest_start: 175; state: PENDING; required_workers: 2; success_prob: 0.6; max_attempts: 1
event: task_spawn; timestamp: 0; task: 57; pos: (-10, -25); earliest_start: 81; latest_start: 141; state: PENDING; required_workers: 3; success_prob: 0.6; max_attempts: 1
event: task_spawn; timestamp: 0; task: 58; pos: (-25, -40); earliest_start: 122; latest_start: 182; state: PENDING; required_workers: 3; success_prob: 0.6; max_attempts: 1
event: task_spawn; timestamp: 0; task: 59; pos: (-30, -30); earliest_start: 42; latest_start: 102; state: PENDING; required_workers: 3; success_prob: 0.6; max_attempts: 1
event: task_spawn; timestamp: 0; task: 60; pos: (-25, 10); earliest_start: 140; latest_start: 200; state: PENDING; required_workers: 3; success_prob: 0.6; max_attempts: 1
event: task_spawn; timestamp: 0; task: 61; pos: (5, 15); earliest_start: 51; latest_start: 111; state: PENDING; required_workers: 1; success_prob: 0.8; max_attempts: 1
event: task_spawn; timestamp: 0; task: 62; pos: (25, -15); earliest_start: 37; latest_start: 97; state: PENDING; required_workers: 1; success_prob: 0.8; max_attempts: 1
event: task_spawn; timestamp: 0; task: 63; pos: (25, -30); earliest_start: 39; latest_start: 99; state: PENDING; required_workers: 1; success_prob: 0.8; max_attempts: 1
event: task_spawn; timestamp: 0; task: 64; pos: (5, -20); earliest_start: 38; latest_start: 98; state: PENDING; required_workers: 1; success_prob: 0.8; max_attempts: 1
event: task_spawn; timestamp: 0; task: 65; pos: (-5, -10); earliest_start: 11; latest_start: 71; state: PENDING; required_workers: 1; success_prob: 0.8; max_attempts: 1
event: task_spawn; timestamp: 0; task: 66; pos: (1, -13); earliest_start: 118; latest_start: 178; state: PENDING; required_workers: 1; success_prob: 0.8; max_attempts: 1
event: task_spawn; timestamp: 0; task: 67; pos: (24, -8); earliest_start: 55; latest_start: 115; state: PENDING; required_workers: 1; success_prob: 0.8; max_attempts: 1
event: task_spawn; timestamp: 0; task: 68; pos: (0, 10); earliest_start: 129; latest_start: 189; state: PENDING; required_workers: 1; success_prob: 0.8; max_attempts: 1
event: task_spawn; timestamp: 0; task: 69; pos: (-9, 2); earliest_start: 26; latest_start: 86; state: PENDING; required_workers: 1; success_prob: 0.8; max_attempts: 1
event: task_spawn; timestamp: 0; task: 70; pos: (-5, 19); earliest_start: 150; latest_start: 210; state: PENDING; required_workers: 1; success_prob: 0.8; max_attempts: 1
event: task_spawn; timestamp: 0; task: 71; pos: (25, 5); earliest_start: 50; latest_start: 110; state: PENDING; required_workers: 2; success_prob: 0.8; max_attempts: 1
event: task_spawn; timestamp: 0; task: 72; pos: (23, 15); earliest_start: 27; latest_start: 87; state: PENDING; required_workers: 2; success_prob: 0.8; max_attempts: 1
event: task_spawn; timestamp: 0; task: 73; pos: (-38, 10); earliest_start: 62; latest_start: 122; state: PENDING; required_workers: 2; success_prob: 0.8; max_attempts: 1
event: task_spawn; timestamp: 0; task: 74; pos: (-20, -30); earliest_start: 126; latest_start: 186; state: PENDING; required_workers: 2; success_prob: 0.8; max_attempts: 1
event: task_spawn; timestamp: 0; task: 75; pos: (-35, -45); earliest_start: 59; latest_start: 119; state: PENDING; required_workers: 2; success_prob: 0.8; max_attempts: 1
event: task_spawn; timestamp: 0; task: 76; pos: (20, -38); earliest_start: 60; latest_start: 120; state: PENDING; required_workers: 2; success_prob: 0.8; max_attempts: 1
event: task_spawn; timestamp: 0; task: 77; pos: (-17, -47); earliest_start: 120; latest_start: 180; state: PENDING; required_workers: 3; success_prob: 0.8; max_attempts: 1
event: task_spawn; timestamp: 0; task: 78; pos: (-32, 6); earliest_start: 75; latest_start: 135; state: PENDING; required_workers: 3; success_prob: 0.8; max_attempts: 1
event: task_spawn; timestamp: 0; task: 79; pos: (-34, 18); earliest_start: 74; latest_start: 134; state: PENDING; required_workers: 3; success_prob: 0.8; max_attempts: 1
event: task_spawn; timestamp: 0; task: 80; pos: (7, -3); earliest_start: 162; latest_start: 222; state: PENDING; required_workers: 3; success_prob: 0.8; max_attempts: 1
event: task_spawn; timestamp: 0; task: 81; pos: (9, 8); earliest_start: 71; latest_start: 131; state: PENDING; required_workers: 1; success_prob: 1; max_attempts: 1
event: task_spawn; timestamp: 0; task: 82; pos: (-13, -7); earliest_start: 27; latest_start: 87; state: PENDING; required_workers: 1; success_prob: 1; max_attempts: 1
event: task_spawn; timestamp: 0; task: 83; pos: (-3, -19); earliest_start: 20; latest_start: 80; state: PENDING; required_workers: 1; success_prob: 1; max_attempts: 1
event: task_spawn; timestamp: 0; task: 84; pos: (17, -21); earliest_start: 81; latest_start: 141; state: PENDING; required_workers: 1; success_prob: 1; max_attempts: 1
event: task_spawn; timestamp: 0; task: 85; pos: (23, -27); earliest_start: 72; latest_start: 132; state: PENDING; required_workers: 1; success_prob: 1; max_attempts: 1
event: task_spawn; timestamp: 0; task: 86; pos: (-19, -26); earliest_start: 72; latest_start: 132; state: PENDING; required_workers: 1; success_prob: 1; max_attempts: 1
event: task_spawn; timestamp: 0; task: 87; pos: (-28, -26); earliest_start: 75; latest_start: 135; state: PENDING; required_workers: 1; success_prob: 1; max_attempts: 1
event: task_spawn; timestamp: 0; task: 88; pos: (-16, 8); earliest_start: 52; latest_start: 112; state: PENDING; required_workers: 1; success_prob: 1; max_attempts: 1
event: task_spawn; timestamp: 0; task: 89; pos: (27, -45); earliest_start: 117; latest_start: 177; state: PENDING; required_workers: 1; success_prob: 1; max_attempts: 1
event: task_spawn; timestamp: 0; task: 90; pos: (-3, -3); earliest_start: 71; latest_start: 131; state: PENDING; required_workers: 1; success_prob: 1; max_attempts: 1
event: task_spawn; timestamp: 0; task: 91; pos: (9, -8); earliest_start: 152; latest_start: 212; state: PENDING; required_workers: 2; success_prob: 1; max_attempts: 1
event: task_spawn; timestamp: 0; task: 92; pos: (13, -7); earliest_start: 14; latest_start: 74; state: PENDING; required_workers: 2; success_prob: 1; max_attempts: 1
event: task_spawn; timestamp: 0; task: 93; pos: (21, 2); earliest_start: 148; latest_start: 208; state: PENDING; required_workers: 2; success_prob: 1; max_attempts: 1
event: task_spawn; timestamp: 0; task: 94; pos: (17, -2); earliest_start: 80; latest_start: 140; state: PENDING; required_workers: 2; success_prob: 1; max_attempts: 1
event: task_spawn; timestamp: 0; task: 95; pos: (16, -13); earliest_start: 20; latest_start: 80; state: PENDING; required_workers: 2; success_prob: 1; max_attempts: 1
event: task_spawn; timestamp: 0; task: 96; pos: (15, 4); earliest_start: 117; latest_start: 177; state: PENDING; required_workers: 2; success_prob: 1; max_attempts: 1
event: task_spawn; timestamp: 0; task: 97; pos: (-36, -32); earliest_start: 105; latest_start: 165; state: PENDING; required_workers: 3; success_prob: 1; max_attempts: 1
event: task_spawn; timestamp: 0; task: 98; pos: (-14, 2); earliest_start: 31; latest_start: 91; state: PENDING; required_workers: 3; success_prob: 1; max_attempts: 1
event: task_spawn; timestamp: 0; task: 99; pos: (-14, -15); earliest_start: 62; latest_start: 122; state: PENDING; required_workers: 3; success_prob: 1; max_attempts: 1
event: task_spawn; timestamp: 0; task: 100; pos: (-9, 17); earliest_start: 150; latest_start: 210; state: PENDING; required_workers: 3; success_prob: 1; max_attempts: 1
event: robot_spawn; timestamp: 0; robot: 1; pos: (0, 0); state: AVAILABLE; battery_level: 200; battery_capacity: 200; velocity: 1; battery_rate_nav: 0
event: robot_spawn; timestamp: 0; robot: 2; pos: (0, 0); state: AVAILABLE; battery_level: 200; battery_capacity: 200; velocity: 1; battery_rate_nav: 0
event: robot_spawn; timestamp: 0; robot: 3; pos: (0, 0); state: AVAILABLE; battery_level: 200; battery_capacity: 200; velocity: 1; battery_rate_nav: 0
event: robot_spawn; timestamp: 0; robot: 4; pos: (0, 0); state: AVAILABLE; battery_level: 200; battery_capacity: 200; velocity: 1; battery_rate_nav: 0
event: robot_spawn; timestamp: 0; robot: 5; pos: (0, 0); state: AVAILABLE; battery_level: 200; battery_capacity: 200; velocity: 1; battery_rate_nav: 0
event: robot_spawn; timestamp: 0; robot: 6; pos: (0, 0); state: AVAILABLE; battery_level: 200; battery_capacity: 200; velocity: 1; battery_rate_nav: 0
event: robot_spawn; timestamp: 0; robot: 7; pos: (0, 0); state: AVAILABLE; battery_level: 200; battery_capacity: 200; velocity: 1; battery_rate_nav: 0
event: robot_spawn; timestamp: 0; robot: 8; pos: (0, 0); state: AVAILABLE; battery_level: 200; battery_capacity: 200; velocity: 1; battery_rate_nav: 0
event: robot_spawn; timestamp: 0; robot: 9; pos: (0, 0); state: AVAILABLE; battery_level: 200; battery_capacity: 200; velocity: 1; battery_rate_nav: 0
event: robot_spawn; timestamp: 0; robot: 10; pos: (0, 0); state: AVAILABLE; battery_level: 200; battery_capacity: 200; velocity: 1; battery_rate_nav: 0
event: battery_consumption; timestamp: 0; robot: 6; time: 19.2354; initial_level: 200; final_level: 200
event: navigation; timestamp: 0; robot: 6; time: 19.2354; src: (0, 0); dst: (-3, -19)
event: battery_consumption; timestamp: 0; robot: 5; time: 19.2354; initial_level: 200; final_level: 200
event: navigation; timestamp: 0; robot: 5; time: 19.2354; src: (0, 0); dst: (-3, -19)
event: battery_consumption; timestamp: 0; robot: 4; time: 19.2354; initial_level: 200; final_level: 200
event: navigation; timestamp: 0; robot: 4; time: 19.2354; src: (0, 0); dst: (-3, -19)
event: battery_consumption; timestamp: 0; robot: 7; time: 19.2354; initial_level: 200; final_level: 200
event: navigation; timestamp: 0; robot: 7; time: 19.2354; src: (0, 0); dst: (-3, -19)
event: battery_consumption; timestamp: 0; robot: 10; time: 19.2354; initial_level: 200; final_level: 200
event: navigation; timestamp: 0; robot: 10; time: 19.2354; src: (0, 0); dst: (-3, -19)
event: battery_consumption; timestamp: 0; robot: 8; time: 19.2354; initial_level: 200; final_level: 200
event: navigation; timestamp: 0; robot: 8; time: 19.2354; src: (0, 0); dst: (-3, -19)
event: battery_consumption; timestamp: 0; robot: 3; time: 19.2354; initial_level: 200; final_level: 200
event: navigation; timestamp: 0; robot: 3; time: 19.2354; src: (0, 0); dst: (-3, -19)
event: battery_consumption; timestamp: 0; robot: 9; time: 19.2354; initial_level: 200; final_level: 200
event: navigation; timestamp: 0; robot: 9; time: 19.2354; src: (0, 0); dst: (-3, -19)
event: battery_consumption; timestamp: 0; robot: 2; time: 19.2354; initial_level: 200; final_level: 200
event: navigation; timestamp: 0; robot: 2; time: 19.2354; src: (0, 0); dst: (-3, -19)
event: battery_consumption; timestamp: 0; robot: 1; time: 19.2354; initial_level: 200; final_level: 200
event: navigation; timestamp: 0; robot: 1; time: 19.2354; src: (0, 0); dst: (-3, -19)
event: task_execution; timestamp: 20; task: 83; robot: 1; pos: (-3, -19); time: 10.1911
event: battery_consumption; timestamp: 20; robot: 1; time: 10.1911; initial_level: 200; final_level: 185.733
event: task_execution; timestamp: 20; task: 83; robot: 2; pos: (-3, -19); time: 10.1911
event: battery_consumption; timestamp: 20; robot: 2; time: 10.1911; initial_level: 200; final_level: 185.733
event: task_execution; timestamp: 20; task: 83; robot: 3; pos: (-3, -19); time: 10.1911
event: battery_consumption; timestamp: 20; robot: 3; time: 10.1911; initial_level: 200; final_level: 185.733
event: task_execution; timestamp: 20; task: 83; robot: 4; pos: (-3, -19); time: 10.1911
event: battery_consumption; timestamp: 20; robot: 4; time: 10.1911; initial_level: 200; final_level: 185.733
event: task_execution; timestamp: 20; task: 83; robot: 5; pos: (-3, -19); time: 10.1911
event: battery_consumption; timestamp: 20; robot: 5; time: 10.1911; initial_level: 200; final_level: 185.733
event: task_execution; timestamp: 20; task: 83; robot: 6; pos: (-3, -19); time: 10.1911
event: battery_consumption; timestamp: 20; robot: 6; time: 10.1911; initial_level: 200; final_level: 185.733
event: task_execution; timestamp: 20; task: 83; robot: 7; pos: (-3, -19); time: 10.1911
event: battery_consumption; timestamp: 20; robot: 7; time: 10.1911; initial_level: 200; final_level: 185.733
event: task_execution; timestamp: 20; task: 83; robot: 8; pos: (-3, -19); time: 10.1911
event: battery_consumption; timestamp: 20; robot: 8; time: 10.1911; initial_level: 200; final_level: 185.733
event: task_execution; timestamp: 20; task: 83; robot: 9; pos: (-3, -19); time: 10.1911
event: battery_consumption; timestamp: 20; robot: 9; time: 10.1911; initial_level: 200; final_level: 185.733
event: task_execution; timestamp: 20; task: 83; robot: 10; pos: (-3, -19); time: 10.1911
event: battery_consumption; timestamp: 20; robot: 10; time: 10.1911; initial_level: 200; final_level: 185.733
event: task_resolution; timestamp: 30.1911; task: 83; pos: (-3, -19); status: COMPLETED; attempt: 1
event: battery_consumption; timestamp: 30.1911; robot: 7; time: 19.2354; initial_level: 185.733; final_level: 185.733
event: navigation; timestamp: 30.1911; robot: 7; time: 19.2354; src: (-3, -19); dst: (0, 0)
event: robot_finished; timestamp: 49.4265; robot: 7; pos: (0, 0); battery: 185.733
event: battery_consumption; timestamp: 30.1911; robot: 8; time: 19.2354; initial_level: 185.733; final_level: 185.733
event: navigation; timestamp: 30.1911; robot: 8; time: 19.2354; src: (-3, -19); dst: (0, 0)
event: robot_finished; timestamp: 49.4265; robot: 8; pos: (0, 0); battery: 185.733
event: battery_consumption; timestamp: 30.1911; robot: 3; time: 19.2354; initial_level: 185.733; final_level: 185.733
event: navigation; timestamp: 30.1911; robot: 3; time: 19.2354; src: (-3, -19); dst: (0, 0)
event: robot_finished; timestamp: 49.4265; robot: 3; pos: (0, 0); battery: 185.733
event: battery_consumption; timestamp: 30.1911; robot: 5; time: 19.2354; initial_level: 185.733; final_level: 185.733
event: navigation; timestamp: 30.1911; robot: 5; time: 19.2354; src: (-3, -19); dst: (0, 0)
event: robot_finished; timestamp: 49.4265; robot: 5; pos: (0, 0); battery: 185.733
event: battery_consumption; timestamp: 30.1911; robot: 1; time: 19.2354; initial_level: 185.733; final_level: 185.733
event: navigation; timestamp: 30.1911; robot: 1; time: 19.2354; src: (-3, -19); dst: (0, 0)
event: robot_finished; timestamp: 49.4265; robot: 1; pos: (0, 0); battery: 185.733
event: battery_consumption; timestamp: 30.1911; robot: 4; time: 19.2354; initial_level: 185.733; final_level: 185.733
event: navigation; timestamp: 30.1911; robot: 4; time: 19.2354; src: (-3, -19); dst: (0, 0)
event: robot_finished; timestamp: 49.4265; robot: 4; pos: (0, 0); battery: 185.733
event: battery_consumption; timestamp: 30.1911; robot: 9; time: 19.2354; initial_level: 185.733; final_level: 185.733
event: navigation; timestamp: 30.1911; robot: 9; time: 19.2354; src: (-3, -19); dst: (0, 0)
event: robot_finished; timestamp: 49.4265; robot: 9; pos: (0, 0); battery: 185.733
event: battery_consumption; timestamp: 30.1911; robot: 2; time: 19.2354; initial_level: 185.733; final_level: 185.733
event: navigation; timestamp: 30.1911; robot: 2; time: 19.2354; src: (-3, -19); dst: (0, 0)
event: robot_finished; timestamp: 49.4265; robot: 2; pos: (0, 0); battery: 185.733
event: battery_consumption; timestamp: 30.1911; robot: 10; time: 19.2354; initial_level: 185.733; final_level: 185.733
event: navigation; timestamp: 30.1911; robot: 10; time: 19.2354; src: (-3, -19); dst: (0, 0)
event: robot_finished; timestamp: 49.4265; robot: 10; pos: (0, 0); battery: 185.733
event: battery_consumption; timestamp: 30.1911; robot: 6; time: 19.2354; initial_level: 185.733; final_level: 185.733
event: navigation; timestamp: 30.1911; robot: 6; time: 19.2354; src: (-3, -19); dst: (0, 0)
event: robot_finished; timestamp: 49.4265; robot: 6; pos: (0, 0); battery: 185.733
metric: available_agents; value: 0
metric: failed_agents; value: 0
metric: finished_agents; value: 10
metric: completed_tasks; value: 1
metric: pending_tasks; value: 99
metric: failed_tasks; value: 0
metric: average_robot_makespan; value: 49.4265
metric: sd_robot_makespan; value: 7.48978e-15
metric: max_robot_makespan; value: 49.4265
metric: min_robot_makespan; value: 49.4265
metric: average_robot_travel_distance; value: 38.4708
metric: sd_robot_travel_distance; value: 0
metric: max_robot_travel_distance; value: 38.4708
metric: min_robot_travel_distance; value: 38.4708
metric: sum_robot_travel_distance; value: 384.708
metric: average_completed_tasks_by_robot; value: 0
metric: sd_completed_tasks_by_robot; value: 0
metric: max_completed_tasks_by_robot; value: 0
metric: min_completed_tasks_by_robot; value: 0
metric: final_reward; value: 0.01
metric: computing_time; value: 6.61352
