info: solver_name; value: greedy
info: reward_function; value: reward00
info: replica; value: 1
info: filename; value: ../logs/prueba/rc104_10r_100t_b0f5abc8_greedy_reward00_001.log
info: scenario_name; value: rc104_10r_100t_b0f5abc8
info: scenario_name; value: rc104_10r_100t_b0f5abc8
info: number_of_tasks; value: 100
info: number_of_robots; value: 10
info: number_of_recharging_stations; value: 1
info: scenario_size; value: (132,132)
event: recharging_station_spawn; timestamp: 0; recharging_station: 1; pos: (0, 0)
event: task_spawn; timestamp: 0; task: 1; pos: (-15, 35); earliest_start: 0; latest_start: 191; state: PENDING; required_workers: 1; success_prob: 0.2; max_attempts: 1
event: task_spawn; timestamp: 0; task: 2; pos: (-18, 25); earliest_start: 0; latest_start: 199; state: PENDING; required_workers: 1; success_prob: 0.2; max_attempts: 1
event: task_spawn; timestamp: 0; task: 3; pos: (-18, 35); earliest_start: 0; latest_start: 190; state: PENDING; required_workers: 1; success_prob: 0.2; max_attempts: 1
event: task_spawn; timestamp: 0; task: 4; pos: (-20, 30); earliest_start: 141; latest_start: 171; state: PENDING; required_workers: 1; success_prob: 0.2; max_attempts: 1
event: task_spawn; timestamp: 0; task: 5; pos: (-20, 35); earliest_start: 0; latest_start: 189; state: PENDING; required_workers: 1; success_prob: 0.2; max_attempts: 1
event: task_spawn; timestamp: 0; task: 6; pos: (-22, 25); earliest_start: 0; latest_start: 196; state: PENDING; required_workers: 1; success_prob: 0.2; max_attempts: 1
event: task_spawn; timestamp: 0; task: 7; pos: (-25, 25); earliest_start: 0; latest_start: 194; state: PENDING; required_workers: 1; success_prob: 0.2; max_attempts: 1
event: task_spawn; timestamp: 0; task: 8; pos: (-25, 30); earliest_start: 91; latest_start: 121; state: PENDING; required_workers: 1; success_prob: 0.2; max_attempts: 1
event: task_spawn; timestamp: 0; task: 9; pos: (-30, -15); earliest_start: 91; latest_start: 121; state: PENDING; required_workers: 1; success_prob: 0.2; max_attempts: 1
event: task_spawn; timestamp: 0; task: 10; pos: (-30, -10); earliest_start: 0; latest_start: 198; state: PENDING; required_workers: 1; success_prob: 0.2; max_attempts: 1
event: task_spawn; timestamp: 0; task: 11; pos: (-32, -10); earliest_start: 59; latest_start: 89; state: PENDING; required_workers: 2; success_prob: 0.2; max_attempts: 1
event: task_spawn; timestamp: 0; task: 12; pos: (-32, -5); earliest_start: 0; latest_start: 197; state: PENDING; required_workers: 2; success_prob: 0.2; max_attempts: 1
event: task_spawn; timestamp: 0; task: 13; pos: (-35, -15); earliest_start: 142; latest_start: 172; state: PENDING; required_workers: 2; success_prob: 0.2; max_attempts: 1
event: task_spawn; timestamp: 0; task: 14; pos: (-35, -5); earliest_start: 0; latest_start: 194; state: PENDING; required_workers: 2; success_prob: 0.2; max_attempts: 1
event: task_spawn; timestamp: 0; task: 15; pos: (-38, -10); earliest_start: 58; latest_start: 88; state: PENDING; required_workers: 2; success_prob: 0.2; max_attempts: 1
event: task_spawn; timestamp: 0; task: 16; pos: (-40, -10); earliest_start: 0; latest_start: 188; state: PENDING; required_workers: 2; success_prob: 0.2; max_attempts: 1
event: task_spawn; timestamp: 0; task: 17; pos: (-40, -5); earliest_start: 0; latest_start: 189; state: PENDING; required_workers: 3; success_prob: 0.2; max_attempts: 1
event: task_spawn; timestamp: 0; task: 18; pos: (4, -45); earliest_start: 0; latest_start: 184; state: PENDING; required_workers: 3; success_prob: 0.2; max_attempts: 1
event: task_spawn; timestamp: 0; task: 19; pos: (2, -40); earliest_start: 0; latest_start: 189; state: PENDING; required_workers: 3; success_prob: 0.2; max_attempts: 1
event: task_spawn; timestamp: 0; task: 20; pos: (2, -35); earliest_start: 0; latest_start: 194; state: PENDING; required_workers: 3; success_prob: 0.2; max_attempts: 1
event: task_spawn; timestamp: 0; task: 21; pos: (0, -45); earliest_start: 0; latest_start: 185; state: PENDING; required_workers: 1; success_prob: 0.4; max_attempts: 1
event: task_spawn; timestamp: 0; task: 22; pos: (0, -35); earliest_start: 0; latest_start: 195; state: PENDING; required_workers: 1; success_prob: 0.4; max_attempts: 1
event: task_spawn; timestamp: 0; task: 23; pos: (-2, -45); earliest_start: 65; latest_start: 95; state: PENDING; required_workers: 1; success_prob: 0.4; max_attempts: 1
event: task_spawn; timestamp: 0; task: 24; pos: (-2, -35); earliest_start: 0; latest_start: 194; state: PENDING; required_workers: 1; success_prob: 0.4; max_attempts: 1
event: task_spawn; timestamp: 0; task: 25; pos: (-5, -45); earliest_start: 154; latest_start: 184; state: PENDING; required_workers: 1; success_prob: 0.4; max_attempts: 1
event: task_spawn; timestamp: 0; task: 26; pos: (55, -20); earliest_start: 0; latest_start: 171; state: PENDING; required_workers: 1; success_prob: 0.4; max_attempts: 1
event: task_spawn; timestamp: 0; task: 27; pos: (55, -15); earliest_start: 0; latest_start: 172; state: PENDING; required_workers: 1; success_prob: 0.4; max_attempts: 1
event: task_spawn; timestamp: 0; task: 28; pos: (52, -20); earliest_start: 0; latest_start: 174; state: PENDING; required_workers: 1; success_prob: 0.4; max_attempts: 1
event: task_spawn; timestamp: 0; task: 29; pos: (50, -15); earliest_start: 0; latest_start: 177; state: PENDING; required_workers: 1; success_prob: 0.4; max_attempts: 1
event: task_spawn; timestamp: 0; task: 30; pos: (48, -20); earliest_start: 0; latest_start: 178; state: PENDING; required_workers: 1; success_prob: 0.4; max_attempts: 1
event: task_spawn; timestamp: 0; task: 31; pos: (48, -15); earliest_start: 0; latest_start: 179; state: PENDING; required_workers: 2; success_prob: 0.4; max_attempts: 1
event: task_spawn; timestamp: 0; task: 32; pos: (47, -20); earliest_start: 0; latest_start: 178; state: PENDING; required_workers: 2; success_prob: 0.4; max_attempts: 1
event: task_spawn; timestamp: 0; task: 33; pos: (45, -25); earliest_start: 0; latest_start: 178; state: PENDING; required_workers: 2; success_prob: 0.4; max_attempts: 1
event: task_spawn; timestamp: 0; task: 34; pos: (45, -15); earliest_start: 0; latest_start: 182; state: PENDING; required_workers: 2; success_prob: 0.4; max_attempts: 1
event: task_spawn; timestamp: 0; task: 35; pos: (27, 35); earliest_start: 0; latest_start: 185; state: PENDING; required_workers: 2; success_prob: 0.4; max_attempts: 1
event: task_spawn; timestamp: 0; task: 36; pos: (25, 35); earliest_start: 0; latest_start: 186; state: PENDING; required_workers: 2; success_prob: 0.4; max_attempts: 1
event: task_spawn; timestamp: 0; task: 37; pos: (25, 32); earliest_start: 0; latest_start: 189; state: PENDING; required_workers: 3; success_prob: 0.4; max_attempts: 1
event: task_spawn; timestamp: 0; task: 38; pos: (22, 30); earliest_start: 75; latest_start: 105; state: PENDING; required_workers: 3; success_prob: 0.4; max_attempts: 1
event: task_spawn; timestamp: 0; task: 39; pos: (20, 30); earliest_start: 0; latest_start: 193; state: PENDING; required_workers: 3; success_prob: 0.4; max_attempts: 1
event: task_spawn; timestamp: 0; task: 40; pos: (20, 35); earliest_start: 0; latest_start: 189; state: PENDING; required_workers: 3; success_prob: 0.4; max_attempts: 1
event: task_spawn; timestamp: 0; task: 41; pos: (18, 25); earliest_start: 0; latest_start: 199; state: PENDING; required_workers: 1; success_prob: 0.6; max_attempts: 1
event: task_spawn; timestamp: 0; task: 42; pos: (15, 30); earliest_start: 0; latest_start: 196; state: PENDING; required_workers: 1; success_prob: 0.6; max_attempts: 1
event: task_spawn; timestamp: 0; task: 43; pos: (15, 35); earliest_start: 0; latest_start: 191; state: PENDING; required_workers: 1; success_prob: 0.6; max_attempts: 1
event: task_spawn; timestamp: 0; task: 44; pos: (15, 32); earliest_start: 64; latest_start: 94; state: PENDING; required_workers: 1; success_prob: 0.6; max_attempts: 1
event: task_spawn; timestamp: 0; task: 45; pos: (-20, 32); earliest_start: 0; latest_start: 192; state: PENDING; required_workers: 1; success_prob: 0.6; max_attempts: 1
event: task_spawn; timestamp: 0; task: 46; pos: (-22, 30); earliest_start: 0; latest_start: 192; state: PENDING; required_workers: 1; success_prob: 0.6; max_attempts: 1
event: task_spawn; timestamp: 0; task: 47; pos: (-38, -5); earliest_start: 0; latest_start: 191; state: PENDING; required_workers: 1; success_prob: 0.6; max_attempts: 1
event: task_spawn; timestamp: 0; task: 48; pos: (2, -45); earliest_start: 0; latest_start: 184; state: PENDING; required_workers: 1; success_prob: 0.6; max_attempts: 1
event: task_spawn; timestamp: 0; task: 49; pos: (2, -38); earliest_start: 0; latest_start: 191; state: PENDING; required_workers: 1; success_prob: 0.6; max_attempts: 1
event: task_spawn; timestamp: 0; task: 50; pos: (32, -15); earliest_start: 0; latest_start: 194; state: PENDING; required_workers: 1; success_prob: 0.6; max_attempts: 1
event: task_spawn; timestamp: 0; task: 51; pos: (15, -30); earliest_start: 0; latest_start: 196; state: PENDING; required_workers: 2; success_prob: 0.6; max_attempts: 1
event: task_spawn; timestamp: 0; task: 52; pos: (-15, -20); earliest_start: 0; latest_start: 205; state: PENDING; required_workers: 2; success_prob: 0.6; max_attempts: 1
event: task_spawn; timestamp: 0; task: 53; pos: (-20, 0); earliest_start: 91; latest_start: 121; state: PENDING; required_workers: 2; success_prob: 0.6; max_attempts: 1
event: task_spawn; timestamp: 0; task: 54; pos: (15, 10); earliest_start: 0; latest_start: 211; state: PENDING; required_workers: 2; success_prob: 0.6; max_attempts: 1
event: task_spawn; timestamp: 0; task: 55; pos: (-10, 10); earliest_start: 140; latest_start: 170; state: PENDING; required_workers: 2; success_prob: 0.6; max_attempts: 1
event: task_spawn; timestamp: 0; task: 56; pos: (10, -15); earliest_start: 0; latest_start: 211; state: PENDING; required_workers: 2; success_prob: 0.6; max_attempts: 1
event: task_spawn; timestamp: 0; task: 57; pos: (-10, -25); earliest_start: 0; latest_start: 203; state: PENDING; required_workers: 3; success_prob: 0.6; max_attempts: 1
event: task_spawn; timestamp: 0; task: 58; pos: (-25, -40); earliest_start: 152; latest_start: 182; state: PENDING; required_workers: 3; success_prob: 0.6; max_attempts: 1
event: task_spawn; timestamp: 0; task: 59; pos: (-30, -30); earliest_start: 0; latest_start: 187; state: PENDING; required_workers: 3; success_prob: 0.6; max_attempts: 1
event: task_spawn; timestamp: 0; task: 60; pos: (-25, 10); earliest_start: 0; latest_start: 203; state: PENDING; required_workers: 3; success_prob: 0.6; max_attempts: 1
event: task_spawn; timestamp: 0; task: 61; pos: (5, 15); earliest_start: 0; latest_start: 214; state: PENDING; required_workers: 1; success_prob: 0.8; max_attempts: 1
event: task_spawn; timestamp: 0; task: 62; pos: (25, -15); earliest_start: 52; latest_start: 82; state: PENDING; required_workers: 1; success_prob: 0.8; max_attempts: 1
event: task_spawn; timestamp: 0; task: 63; pos: (25, -30); earliest_start: 0; latest_start: 190; state: PENDING; required_workers: 1; success_prob: 0.8; max_attempts: 1
event: task_spawn; timestamp: 0; task: 64; pos: (5, -20); earliest_start: 0; latest_start: 209; state: PENDING; required_workers: 1; success_prob: 0.8; max_attempts: 1
event: task_spawn; timestamp: 0; task: 65; pos: (-5, -10); earliest_start: 0; latest_start: 218; state: PENDING; required_workers: 1; success_prob: 0.8; max_attempts: 1
event: task_spawn; timestamp: 0; task: 66; pos: (1, -13); earliest_start: 0; latest_start: 216; state: PENDING; required_workers: 1; success_prob: 0.8; max_attempts: 1
event: task_spawn; timestamp: 0; task: 67; pos: (24, -8); earliest_start: 70; latest_start: 100; state: PENDING; required_workers: 1; success_prob: 0.8; max_attempts: 1
event: task_spawn; timestamp: 0; task: 68; pos: (0, 10); earliest_start: 0; latest_start: 220; state: PENDING; required_workers: 1; success_prob: 0.8; max_attempts: 1
event: task_spawn; timestamp: 0; task: 69; pos: (-9, 2); earliest_start: 41; latest_start: 71; state: PENDING; required_workers: 1; success_prob: 0.8; max_attempts: 1
event: task_spawn; timestamp: 0; task: 70; pos: (-5, 19); earliest_start: 0; latest_start: 210; state: PENDING; required_workers: 1; success_prob: 0.8; max_attempts: 1
event: task_spawn; timestamp: 0; task: 71; pos: (25, 5); earliest_start: 0; latest_start: 204; state: PENDING; required_workers: 2; success_prob: 0.8; max_attempts: 1
event: task_spawn; timestamp: 0; task: 72; pos: (23, 15); earliest_start: 0; latest_start: 202; state: PENDING; required_workers: 2; success_prob: 0.8; max_attempts: 1
event: task_spawn; timestamp: 0; task: 73; pos: (-38, 10); earliest_start: 0; latest_start: 190; state: PENDING; required_workers: 2; success_prob: 0.8; max_attempts: 1
event: task_spawn; timestamp: 0; task: 74; pos: (-20, -30); earliest_start: 141; latest_start: 171; state: PENDING; required_workers: 2; success_prob: 0.8; max_attempts: 1
event: task_spawn; timestamp: 0; task: 75; pos: (-35, -45); earliest_start: 0; latest_start: 172; state: PENDING; required_workers: 2; success_prob: 0.8; max_attempts: 1
event: task_spawn; timestamp: 0; task: 76; pos: (20, -38); earliest_start: 75; latest_start: 105; state: PENDING; required_workers: 2; success_prob: 0.8; max_attempts: 1
event: task_spawn; timestamp: 0; task: 77; pos: (-17, -47); earliest_start: 150; latest_start: 180; state: PENDING; required_workers: 3; success_prob: 0.8; max_attempts: 1
event: task_spawn; timestamp: 0; task: 78; pos: (-32, 6); earliest_start: 0; latest_start: 197; state: PENDING; required_workers: 3; success_prob: 0.8; max_attempts: 1
event: task_spawn; timestamp: 0; task: 79; pos: (-34, 18); earliest_start: 89; latest_start: 119; state: PENDING; required_workers: 3; success_prob: 0.8; max_attempts: 1
event: task_spawn; timestamp: 0; task: 80; pos: (7, -3); earliest_start: 0; latest_start: 222; state: PENDING; required_workers: 3; success_prob: 0.8; max_attempts: 1
event: task_spawn; timestamp: 0; task: 81; pos: (9, 8); earliest_start: 0; latest_start: 217; state: PENDING; required_workers: 1; success_prob: 1; max_attempts: 1
event: task_spawn; timestamp: 0; task: 82; pos: (-13, -7); earliest_start: 0; latest_start: 215; state: PENDING; required_workers: 1; success_prob: 1; max_attempts: 1
event: task_spawn; timestamp: 0; task: 83; pos: (-3, -19); earliest_start: 0; latest_start: 210; state: PENDING; required_workers: 1; success_prob: 1; max_attempts: 1
event: task_spawn; timestamp: 0; task: 84; pos: (17, -21); earliest_start: 96; latest_start: 126; state: PENDING; required_workers: 1; success_prob: 1; max_attempts: 1
event: task_spawn; timestamp: 0; task: 85; pos: (23, -27); earliest_start: 0; latest_start: 194; state: PENDING; required_workers: 1; success_prob: 1; max_attempts: 1
event: task_spawn; timestamp: 0; task: 86; pos: (-19, -26); earliest_start: 0; latest_start: 197; state: PENDING; required_workers: 1; success_prob: 1; max_attempts: 1
event: task_spawn; timestamp: 0; task: 87; pos: (-28, -26); earliest_start: 90; latest_start: 120; state: PENDING; required_workers: 1; success_prob: 1; max_attempts: 1
event: task_spawn; timestamp: 0; task: 88; pos: (-16, 8); earliest_start: 0; latest_start: 212; state: PENDING; required_workers: 1; success_prob: 1; max_attempts: 1
event: task_spawn; timestamp: 0; task: 89; pos: (27, -45); earliest_start: 0; latest_start: 177; state: PENDING; required_workers: 1; success_prob: 1; max_attempts: 1
event: task_spawn; timestamp: 0; task: 90; pos: (-3, -3); earliest_start: 0; latest_start: 225; state: PENDING; required_workers: 1; success_prob: 1; max_attempts: 1
event: task_spawn; timestamp: 0; task: 91; pos: (9, -8); earliest_start: 0; latest_start: 217; state: PENDING; required_workers: 2; success_prob: 1; max_attempts: 1
event: task_spawn; timestamp: 0; task: 92; pos: (13, -7); earliest_start: 14; latest_start: 44; state: PENDING; required_workers: 2; success_prob: 1; max_attempts: 1
event: task_spawn; timestamp: 0; task: 93; pos: (21, 2); earliest_start: 0; latest_start: 208; state: PENDING; required_workers: 2; success_prob: 1; max_attempts: 1
event: task_spawn; timestamp: 0; task: 94; pos: (17, -2); earliest_start: 0; latest_start: 212; state: PENDING; required_workers: 2; success_prob: 1; max_attempts: 1
event: task_spawn; timestamp: 0; task: 95; pos: (16, -13); earliest_start: 0; latest_start: 209; state: PENDING; required_workers: 2; success_prob: 1; max_attempts: 1
event: task_spawn; timestamp: 0; task: 96; pos: (15, 4); earliest_start: 0; latest_start: 214; state: PENDING; required_workers: 2; success_prob: 1; max_attempts: 1
event: task_spawn; timestamp: 0; task: 97; pos: (-36, -32); earliest_start: 0; latest_start: 181; state: PENDING; required_workers: 3; success_prob: 1; max_attempts: 1
event: task_spawn; timestamp: 0; task: 98; pos: (-14, 2); earliest_start: 0; latest_start: 215; state: PENDING; required_workers: 3; success_prob: 1; max_attempts: 1
event: task_spawn; timestamp: 0; task: 99; pos: (-14, -15); earliest_start: 77; latest_start: 107; state: PENDING; required_workers: 3; success_prob: 1; max_attempts: 1
event: task_spawn; timestamp: 0; task: 100; pos: (-9, 17); earliest_start: 180; latest_start: 210; state: PENDING; required_workers: 3; success_prob: 1; max_attempts: 1
event: robot_spawn; timestamp: 0; robot: 1; pos: (0, 0); state: AVAILABLE; battery_level: 200; battery_capacity: 200; velocity: 1; battery_rate_nav: 0
event: robot_spawn; timestamp: 0; robot: 2; pos: (0, 0); state: AVAILABLE; battery_level: 200; battery_capacity: 200; velocity: 1; battery_rate_nav: 0
event: robot_spawn; timestamp: 0; robot: 3; pos: (0, 0); state: AVAILABLE; battery_level: 200; battery_capacity: 200; velocity: 1; battery_rate_nav: 0
event: robot_spawn; timestamp: 0; robot: 4; pos: (0, 0); state: AVAILABLE; battery_level: 200; battery_capacity: 200; velocity: 1; battery_rate_nav: 0
event: robot_spawn; timestamp: 0; robot: 5; pos: (0, 0); state: AVAILABLE; battery_level: 200; battery_capacity: 200; velocity: 1; battery_rate_nav: 0
event: robot_spawn; timestamp: 0; robot: 6; pos: (0, 0); state: AVAILABLE; battery_level: 200; battery_capacity: 200; velocity: 1; battery_rate_nav: 0
event: robot_spawn; timestamp: 0; robot: 7; pos: (0, 0); state: AVAILABLE; battery_level: 200; battery_capacity: 200; velocity: 1; battery_rate_nav: 0
event: robot_spawn; timestamp: 0; robot: 8; pos: (0, 0); state: AVAILABLE; battery_level: 200; battery_capacity: 200; velocity: 1; battery_rate_nav: 0
event: robot_spawn; timestamp: 0; robot: 9; pos: (0, 0); state: AVAILABLE; battery_level: 200; battery_capacity: 200; velocity: 1; battery_rate_nav: 0
event: robot_spawn; timestamp: 0; robot: 10; pos: (0, 0); state: AVAILABLE; battery_level: 200; battery_capacity: 200; velocity: 1; battery_rate_nav: 0
event: battery_consumption; timestamp: 0; robot: 8; time: 4.24264; initial_level: 200; final_level: 200
event: navigation; timestamp: 0; robot: 8; time: 4.24264; src: (0, 0); dst: (-3, -3)
event: battery_consumption; timestamp: 0; robot: 6; time: 7.61577; initial_level: 200; final_level: 200
event: navigation; timestamp: 0; robot: 6; time: 7.61577; src: (0, 0); dst: (7, -3)
event: battery_consumption; timestamp: 0; robot: 9; time: 7.61577; initial_level: 200; final_level: 200
event: navigation; timestamp: 0; robot: 9; time: 7.61577; src: (0, 0); dst: (7, -3)
event: battery_consumption; timestamp: 0; robot: 5; time: 7.61577; initial_level: 200; final_level: 200
event: navigation; timestamp: 0; robot: 5; time: 7.61577; src: (0, 0); dst: (7, -3)
event: battery_consumption; timestamp: 0; robot: 3; time: 9.21954; initial_level: 200; final_level: 200
event: navigation; timestamp: 0; robot: 3; time: 9.21954; src: (0, 0); dst: (-9, 2)
event: battery_consumption; timestamp: 0; robot: 4; time: 10; initial_level: 200; final_level: 200
event: navigation; timestamp: 0; robot: 4; time: 10; src: (0, 0); dst: (0, 10)
event: battery_consumption; timestamp: 0; robot: 10; time: 11.1803; initial_level: 200; final_level: 200
event: navigation; timestamp: 0; robot: 10; time: 11.1803; src: (0, 0); dst: (-5, -10)
event: battery_consumption; timestamp: 0; robot: 7; time: 12.0416; initial_level: 200; final_level: 200
event: navigation; timestamp: 0; robot: 7; time: 12.0416; src: (0, 0); dst: (9, 8)
event: battery_consumption; timestamp: 0; robot: 1; time: 12.0416; initial_level: 200; final_level: 200
event: navigation; timestamp: 0; robot: 1; time: 12.0416; src: (0, 0); dst: (9, -8)
event: battery_consumption; timestamp: 0; robot: 2; time: 12.0416; initial_level: 200; final_level: 200
event: navigation; timestamp: 0; robot: 2; time: 12.0416; src: (0, 0); dst: (9, -8)
event: task_execution; timestamp: 4.24264; task: 90; robot: 8; pos: (-3, -3); time: 9.87562
event: battery_consumption; timestamp: 4.24264; robot: 8; time: 9.87562; initial_level: 200; final_level: 194.075
event: task_resolution; timestamp: 14.1183; task: 90; pos: (-3, -3); status: COMPLETED; attempt: 1
event: battery_consumption; timestamp: 14.1183; robot: 8; time: 10.7703; initial_level: 194.075; final_level: 194.075
event: navigation; timestamp: 14.1183; robot: 8; time: 10.7703; src: (-3, -3); dst: (1, -13)
event: task_execution; timestamp: 7.61577; task: 80; robot: 5; pos: (7, -3); time: 9.94365
event: battery_consumption; timestamp: 7.61577; robot: 5; time: 9.94365; initial_level: 200; final_level: 187.073
event: task_execution; timestamp: 7.61577; task: 80; robot: 6; pos: (7, -3); time: 9.94365
event: battery_consumption; timestamp: 7.61577; robot: 6; time: 9.94365; initial_level: 200; final_level: 187.073
event: task_execution; timestamp: 7.61577; task: 80; robot: 9; pos: (7, -3); time: 9.94365
event: battery_consumption; timestamp: 7.61577; robot: 9; time: 9.94365; initial_level: 200; final_level: 187.073
event: task_resolution; timestamp: 17.5594; task: 80; pos: (7, -3); status: FAILED; attempt: 1
event: battery_consumption; timestamp: 17.5594; robot: 5; time: 7.2111; initial_level: 187.073; final_level: 187.073
event: navigation; timestamp: 17.5594; robot: 5; time: 7.2111; src: (7, -3); dst: (13, -7)
event: battery_consumption; timestamp: 17.5594; robot: 9; time: 7.2111; initial_level: 187.073; final_level: 187.073
event: navigation; timestamp: 17.5594; robot: 9; time: 7.2111; src: (7, -3); dst: (13, -7)
event: battery_consumption; timestamp: 17.5594; robot: 6; time: 10.0499; initial_level: 187.073; final_level: 187.073
event: navigation; timestamp: 17.5594; robot: 6; time: 10.0499; src: (7, -3); dst: (17, -2)
event: task_execution; timestamp: 10; task: 68; robot: 4; pos: (0, 10); time: 9.70517
event: battery_consumption; timestamp: 10; robot: 4; time: 9.70517; initial_level: 200; final_level: 179.619
event: task_resolution; timestamp: 19.7052; task: 68; pos: (0, 10); status: COMPLETED; attempt: 1
event: battery_consumption; timestamp: 19.7052; robot: 4; time: 7.07107; initial_level: 179.619; final_level: 179.619
event: navigation; timestamp: 19.7052; robot: 4; time: 7.07107; src: (0, 10); dst: (5, 15)
event: task_execution; timestamp: 11.1803; task: 65; robot: 10; pos: (-5, -10); time: 9.18101
event: battery_consumption; timestamp: 11.1803; robot: 10; time: 9.18101; initial_level: 200; final_level: 185.31
event: task_resolution; timestamp: 20.3614; task: 65; pos: (-5, -10); status: COMPLETED; attempt: 1
event: battery_consumption; timestamp: 20.3614; robot: 10; time: 8.544; initial_level: 185.31; final_level: 185.31
event: navigation; timestamp: 20.3614; robot: 10; time: 8.544; src: (-5, -10); dst: (-13, -7)
event: task_execution; timestamp: 12.0416; task: 91; robot: 1; pos: (9, -8); time: 9.22506
event: battery_consumption; timestamp: 12.0416; robot: 1; time: 9.22506; initial_level: 200; final_level: 188.007
event: task_execution; timestamp: 12.0416; task: 91; robot: 2; pos: (9, -8); time: 9.22506
event: battery_consumption; timestamp: 12.0416; robot: 2; time: 9.22506; initial_level: 200; final_level: 188.007
event: task_resolution; timestamp: 21.2667; task: 91; pos: (9, -8); status: COMPLETED; attempt: 1
event: battery_consumption; timestamp: 21.2667; robot: 2; time: 7.07107; initial_level: 188.007; final_level: 188.007
event: navigation; timestamp: 21.2667; robot: 2; time: 7.07107; src: (9, -8); dst: (10, -15)
event: battery_consumption; timestamp: 21.2667; robot: 1; time: 7.07107; initial_level: 188.007; final_level: 188.007
event: navigation; timestamp: 21.2667; robot: 1; time: 7.07107; src: (9, -8); dst: (10, -15)
event: task_execution; timestamp: 12.0416; task: 81; robot: 7; pos: (9, 8); time: 10.7625
event: battery_consumption; timestamp: 12.0416; robot: 7; time: 10.7625; initial_level: 200; final_level: 189.238
event: task_resolution; timestamp: 22.8041; task: 81; pos: (9, 8); status: COMPLETED; attempt: 1
event: battery_consumption; timestamp: 22.8041; robot: 7; time: 6.32456; initial_level: 189.238; final_level: 189.238
event: navigation; timestamp: 22.8041; robot: 7; time: 6.32456; src: (9, 8); dst: (15, 10)
event: task_execution; timestamp: 24.7705; task: 92; robot: 5; pos: (13, -7); time: 8.58763
event: battery_consumption; timestamp: 24.7705; robot: 5; time: 8.58763; initial_level: 187.073; final_level: 175.051
event: task_execution; timestamp: 24.7705; task: 92; robot: 9; pos: (13, -7); time: 8.58763
event: battery_consumption; timestamp: 24.7705; robot: 9; time: 8.58763; initial_level: 187.073; final_level: 175.051
event: task_resolution; timestamp: 33.3582; task: 92; pos: (13, -7); status: COMPLETED; attempt: 1
event: battery_consumption; timestamp: 33.3582; robot: 9; time: 6.40312; initial_level: 175.051; final_level: 175.051
event: navigation; timestamp: 33.3582; robot: 9; time: 6.40312; src: (13, -7); dst: (17, -2)
event: battery_consumption; timestamp: 33.3582; robot: 5; time: 6.7082; initial_level: 175.051; final_level: 175.051
event: navigation; timestamp: 33.3582; robot: 5; time: 6.7082; src: (13, -7); dst: (16, -13)
event: task_execution; timestamp: 26.7762; task: 61; robot: 4; pos: (5, 15); time: 7.64255
event: battery_consumption; timestamp: 26.7762; robot: 4; time: 7.64255; initial_level: 179.619; final_level: 172.741
event: task_resolution; timestamp: 34.4188; task: 61; pos: (5, 15); status: FAILED; attempt: 1
event: battery_consumption; timestamp: 34.4188; robot: 4; time: 10.7703; initial_level: 172.741; final_level: 172.741
event: navigation; timestamp: 34.4188; robot: 4; time: 10.7703; src: (5, 15); dst: (-5, 19)
event: task_execution; timestamp: 24.8886; task: 66; robot: 8; pos: (1, -13); time: 10.3015
event: battery_consumption; timestamp: 24.8886; robot: 8; time: 10.3015; initial_level: 194.075; final_level: 177.592
event: task_resolution; timestamp: 35.1901; task: 66; pos: (1, -13); status: COMPLETED; attempt: 1
event: battery_consumption; timestamp: 35.1901; robot: 8; time: 7.2111; initial_level: 177.592; final_level: 177.592
event: navigation; timestamp: 35.1901; robot: 8; time: 7.2111; src: (1, -13); dst: (-3, -19)
event: task_execution; timestamp: 28.3377; task: 56; robot: 1; pos: (10, -15); time: 8.66308
event: battery_consumption; timestamp: 28.3377; robot: 1; time: 8.66308; initial_level: 188.007; final_level: 171.548
event: task_execution; timestamp: 28.3377; task: 56; robot: 2; pos: (10, -15); time: 8.66308
event: battery_consumption; timestamp: 28.3377; robot: 2; time: 8.66308; initial_level: 188.007; final_level: 171.548
event: task_resolution; timestamp: 37.0008; task: 56; pos: (10, -15); status: FAILED; attempt: 1
event: battery_consumption; timestamp: 37.0008; robot: 1; time: 6.32456; initial_level: 171.548; final_level: 171.548
event: navigation; timestamp: 37.0008; robot: 1; time: 6.32456; src: (10, -15); dst: (16, -13)
event: battery_consumption; timestamp: 37.0008; robot: 2; time: 7.07107; initial_level: 171.548; final_level: 171.548
event: navigation; timestamp: 37.0008; robot: 2; time: 7.07107; src: (10, -15); dst: (5, -20)
event: task_execution; timestamp: 28.9054; task: 82; robot: 10; pos: (-13, -7); time: 9.15367
event: battery_consumption; timestamp: 28.9054; robot: 10; time: 9.15367; initial_level: 185.31; final_level: 177.072
event: task_resolution; timestamp: 38.059; task: 82; pos: (-13, -7); status: COMPLETED; attempt: 1
event: battery_consumption; timestamp: 38.059; robot: 10; time: 8.06226; initial_level: 177.072; final_level: 177.072
event: navigation; timestamp: 38.059; robot: 10; time: 8.06226; src: (-13, -7); dst: (-14, -15)
event: task_execution; timestamp: 41; task: 69; robot: 3; pos: (-9, 2); time: 8.48629
event: battery_consumption; timestamp: 41; robot: 3; time: 8.48629; initial_level: 200; final_level: 177.087
event: task_resolution; timestamp: 49.4863; task: 69; pos: (-9, 2); status: COMPLETED; attempt: 1
event: battery_consumption; timestamp: 49.4863; robot: 3; time: 5; initial_level: 177.087; final_level: 177.087
event: navigation; timestamp: 49.4863; robot: 3; time: 5; src: (-9, 2); dst: (-14, 2)
event: task_execution; timestamp: 39.7613; task: 94; robot: 6; pos: (17, -2); time: 10.8612
event: battery_consumption; timestamp: 39.7613; robot: 6; time: 10.8612; initial_level: 187.073; final_level: 162.093
event: task_execution; timestamp: 39.7613; task: 94; robot: 9; pos: (17, -2); time: 10.8612
event: battery_consumption; timestamp: 39.7613; robot: 9; time: 10.8612; initial_level: 175.051; final_level: 150.07
event: task_resolution; timestamp: 50.6225; task: 94; pos: (17, -2); status: COMPLETED; attempt: 1
event: battery_consumption; timestamp: 50.6225; robot: 6; time: 5.65685; initial_level: 162.093; final_level: 162.093
event: navigation; timestamp: 50.6225; robot: 6; time: 5.65685; src: (17, -2); dst: (21, 2)
event: battery_consumption; timestamp: 50.6225; robot: 9; time: 5.65685; initial_level: 150.07; final_level: 150.07
event: navigation; timestamp: 50.6225; robot: 9; time: 5.65685; src: (17, -2); dst: (21, 2)
event: task_execution; timestamp: 42.4012; task: 83; robot: 8; pos: (-3, -19); time: 9.02058
event: battery_consumption; timestamp: 42.4012; robot: 8; time: 9.02058; initial_level: 177.592; final_level: 164.963
event: task_resolution; timestamp: 51.4218; task: 83; pos: (-3, -19); status: COMPLETED; attempt: 1
event: battery_consumption; timestamp: 51.4218; robot: 8; time: 9.21954; initial_level: 164.963; final_level: 164.963
event: navigation; timestamp: 51.4218; robot: 8; time: 9.21954; src: (-3, -19); dst: (-10, -25)
event: task_execution; timestamp: 44.0719; task: 64; robot: 2; pos: (5, -20); time: 8.20544
event: battery_consumption; timestamp: 44.0719; robot: 2; time: 8.20544; initial_level: 171.548; final_level: 157.598
event: task_resolution; timestamp: 52.2773; task: 64; pos: (5, -20); status: COMPLETED; attempt: 1
event: battery_consumption; timestamp: 52.2773; robot: 2; time: 12.0416; initial_level: 157.598; final_level: 157.598
event: navigation; timestamp: 52.2773; robot: 2; time: 12.0416; src: (5, -20); dst: (17, -21)
event: task_execution; timestamp: 43.3254; task: 95; robot: 1; pos: (16, -13); time: 10.35
event: battery_consumption; timestamp: 43.3254; robot: 1; time: 10.35; initial_level: 171.548; final_level: 165.338
event: task_execution; timestamp: 43.3254; task: 95; robot: 5; pos: (16, -13); time: 10.35
event: battery_consumption; timestamp: 43.3254; robot: 5; time: 10.35; initial_level: 175.051; final_level: 168.841
event: task_resolution; timestamp: 53.6754; task: 95; pos: (16, -13); status: COMPLETED; attempt: 1
event: battery_consumption; timestamp: 53.6754; robot: 5; time: 9.21954; initial_level: 168.841; final_level: 168.841
event: navigation; timestamp: 53.6754; robot: 5; time: 9.21954; src: (16, -13); dst: (25, -15)
event: battery_consumption; timestamp: 53.6754; robot: 1; time: 9.43398; initial_level: 165.338; final_level: 165.338
event: navigation; timestamp: 53.6754; robot: 1; time: 9.43398; src: (16, -13); dst: (24, -8)
event: task_execution; timestamp: 45.1891; task: 70; robot: 4; pos: (-5, 19); time: 10.5703
event: battery_consumption; timestamp: 45.1891; robot: 4; time: 10.5703; initial_level: 172.741; final_level: 148.429
event: task_resolution; timestamp: 55.7594; task: 70; pos: (-5, 19); status: COMPLETED; attempt: 1
event: battery_consumption; timestamp: 55.7594; robot: 4; time: 4.47214; initial_level: 148.429; final_level: 148.429
event: navigation; timestamp: 55.7594; robot: 4; time: 4.47214; src: (-5, 19); dst: (-9, 17)
event: task_execution; timestamp: 56.2793; task: 93; robot: 6; pos: (21, 2); time: 12.1085
event: battery_consumption; timestamp: 56.2793; robot: 6; time: 12.1085; initial_level: 162.093; final_level: 158.46
event: task_execution; timestamp: 56.2793; task: 93; robot: 9; pos: (21, 2); time: 12.1085
event: battery_consumption; timestamp: 56.2793; robot: 9; time: 12.1085; initial_level: 150.07; final_level: 146.437
event: task_resolution; timestamp: 68.3878; task: 93; pos: (21, 2); status: COMPLETED; attempt: 1
event: battery_consumption; timestamp: 68.3878; robot: 9; time: 5; initial_level: 146.437; final_level: 146.437
event: navigation; timestamp: 68.3878; robot: 9; time: 5; src: (21, 2); dst: (25, 5)
event: battery_consumption; timestamp: 68.3878; robot: 6; time: 5; initial_level: 158.46; final_level: 158.46
event: navigation; timestamp: 68.3878; robot: 6; time: 5; src: (21, 2); dst: (25, 5)
event: task_execution; timestamp: 62.895; task: 62; robot: 5; pos: (25, -15); time: 8.88824
event: battery_consumption; timestamp: 62.895; robot: 5; time: 8.88824; initial_level: 168.841; final_level: 166.174
event: task_resolution; timestamp: 71.7832; task: 62; pos: (25, -15); status: COMPLETED; attempt: 1
event: battery_consumption; timestamp: 71.7832; robot: 5; time: 7; initial_level: 166.174; final_level: 166.174
event: navigation; timestamp: 71.7832; robot: 5; time: 7; src: (25, -15); dst: (32, -15)
event: task_execution; timestamp: 70; task: 67; robot: 1; pos: (24, -8); time: 10.065
event: battery_consumption; timestamp: 70; robot: 1; time: 10.065; initial_level: 165.338; final_level: 156.279
event: task_resolution; timestamp: 80.065; task: 67; pos: (24, -8); status: COMPLETED; attempt: 1
event: battery_consumption; timestamp: 80.065; robot: 1; time: 15; initial_level: 156.279; final_level: 156.279
event: navigation; timestamp: 80.065; robot: 1; time: 15; src: (24, -8); dst: (15, 4)
event: task_execution; timestamp: 73.3878; task: 71; robot: 6; pos: (25, 5); time: 9.65306
event: battery_consumption; timestamp: 73.3878; robot: 6; time: 9.65306; initial_level: 158.46; final_level: 144.946
event: task_execution; timestamp: 73.3878; task: 71; robot: 9; pos: (25, 5); time: 9.65306
event: battery_consumption; timestamp: 73.3878; robot: 9; time: 9.65306; initial_level: 146.437; final_level: 132.923
event: task_resolution; timestamp: 83.0409; task: 71; pos: (25, 5); status: COMPLETED; attempt: 1
event: battery_consumption; timestamp: 83.0409; robot: 6; time: 10.0499; initial_level: 144.946; final_level: 144.946
event: navigation; timestamp: 83.0409; robot: 6; time: 10.0499; src: (25, 5); dst: (15, 4)
event: battery_consumption; timestamp: 83.0409; robot: 9; time: 10.198; initial_level: 132.923; final_level: 132.923
event: navigation; timestamp: 83.0409; robot: 9; time: 10.198; src: (25, 5); dst: (23, 15)
event: task_execution; timestamp: 78.7832; task: 50; robot: 5; pos: (32, -15); time: 9.19401
event: battery_consumption; timestamp: 78.7832; robot: 5; time: 9.19401; initial_level: 166.174; final_level: 138.592
event: task_resolution; timestamp: 87.9772; task: 50; pos: (32, -15); status: COMPLETED; attempt: 1
event: battery_consumption; timestamp: 87.9772; robot: 5; time: 13; initial_level: 138.592; final_level: 138.592
event: navigation; timestamp: 87.9772; robot: 5; time: 13; src: (32, -15); dst: (45, -15)
event: task_execution; timestamp: 96; task: 84; robot: 2; pos: (17, -21); time: 8.34309
event: battery_consumption; timestamp: 96; robot: 2; time: 8.34309; initial_level: 157.598; final_level: 142.581
event: task_resolution; timestamp: 104.343; task: 84; pos: (17, -21); status: COMPLETED; attempt: 1
event: battery_consumption; timestamp: 104.343; robot: 2; time: 8.48528; initial_level: 142.581; final_level: 142.581
event: navigation; timestamp: 104.343; robot: 2; time: 8.48528; src: (17, -21); dst: (23, -27)
event: task_execution; timestamp: 95.065; task: 96; robot: 1; pos: (15, 4); time: 11.2834
event: battery_consumption; timestamp: 95.065; robot: 1; time: 11.2834; initial_level: 156.279; final_level: 126.942
event: task_execution; timestamp: 95.065; task: 96; robot: 6; pos: (15, 4); time: 11.2834
event: battery_consumption; timestamp: 95.065; robot: 6; time: 11.2834; initial_level: 144.946; final_level: 115.609
event: task_resolution; timestamp: 106.348; task: 96; pos: (15, 4); status: COMPLETED; attempt: 1
event: battery_consumption; timestamp: 106.348; robot: 6; time: 6; initial_level: 115.609; final_level: 115.609
event: navigation; timestamp: 106.348; robot: 6; time: 6; src: (15, 4); dst: (15, 10)
event: battery_consumption; timestamp: 106.348; robot: 1; time: 13.6015; initial_level: 126.942; final_level: 126.942
event: navigation; timestamp: 106.348; robot: 1; time: 13.6015; src: (15, 4); dst: (23, 15)
event: battery_consumption; timestamp: 107; robot: 10; time: 5.09902; initial_level: 177.072; final_level: 177.072
event: navigation; timestamp: 107; robot: 10; time: 5.09902; src: (-14, -15); dst: (-15, -20)
event: task_execution; timestamp: 112.828; task: 85; robot: 2; pos: (23, -27); time: 9.0134
event: battery_consumption; timestamp: 112.828; robot: 2; time: 9.0134; initial_level: 142.581; final_level: 140.778
event: task_resolution; timestamp: 121.842; task: 85; pos: (23, -27); status: COMPLETED; attempt: 1
event: battery_consumption; timestamp: 121.842; robot: 2; time: 3.60555; initial_level: 140.778; final_level: 140.778
event: navigation; timestamp: 121.842; robot: 2; time: 3.60555; src: (23, -27); dst: (25, -30)
event: task_execution; timestamp: 112.348; task: 54; robot: 6; pos: (15, 10); time: 10.1403
event: battery_consumption; timestamp: 112.348; robot: 6; time: 10.1403; initial_level: 115.609; final_level: 99.3844
event: task_execution; timestamp: 112.348; task: 54; robot: 7; pos: (15, 10); time: 10.1403
event: battery_consumption; timestamp: 112.348; robot: 7; time: 10.1403; initial_level: 189.238; final_level: 173.013
event: task_resolution; timestamp: 122.489; task: 54; pos: (15, 10); status: COMPLETED; attempt: 1
event: battery_consumption; timestamp: 122.489; robot: 7; time: 15.2971; initial_level: 173.013; final_level: 173.013
event: navigation; timestamp: 122.489; robot: 7; time: 15.2971; src: (15, 10); dst: (18, 25)
event: battery_consumption; timestamp: 122.489; robot: 6; time: 20; initial_level: 99.3844; final_level: 99.3844
event: navigation; timestamp: 122.489; robot: 6; time: 20; src: (15, 10); dst: (15, 30)
event: task_execution; timestamp: 119.95; task: 72; robot: 1; pos: (23, 15); time: 10.7293
event: battery_consumption; timestamp: 119.95; robot: 1; time: 10.7293; initial_level: 126.942; final_level: 118.359
event: task_execution; timestamp: 119.95; task: 72; robot: 9; pos: (23, 15); time: 10.7293
event: battery_consumption; timestamp: 119.95; robot: 9; time: 10.7293; initial_level: 132.923; final_level: 124.34
event: task_resolution; timestamp: 130.679; task: 72; pos: (23, 15); status: FAILED; attempt: 1
event: battery_consumption; timestamp: 130.679; robot: 1; time: 15.2971; initial_level: 118.359; final_level: 118.359
event: navigation; timestamp: 130.679; robot: 1; time: 15.2971; src: (23, 15); dst: (20, 30)
event: battery_consumption; timestamp: 130.679; robot: 9; time: 15.2971; initial_level: 124.34; final_level: 124.34
event: navigation; timestamp: 130.679; robot: 9; time: 15.2971; src: (23, 15); dst: (20, 30)
event: task_execution; timestamp: 125.447; task: 63; robot: 2; pos: (25, -30); time: 9.26959
event: battery_consumption; timestamp: 125.447; robot: 2; time: 9.26959; initial_level: 140.778; final_level: 135.216
event: task_resolution; timestamp: 134.717; task: 63; pos: (25, -30); status: COMPLETED; attempt: 1
event: battery_consumption; timestamp: 134.717; robot: 2; time: 10; initial_level: 135.216; final_level: 135.216
event: navigation; timestamp: 134.717; robot: 2; time: 10; src: (25, -30); dst: (15, -30)
event: task_execution; timestamp: 137.786; task: 41; robot: 7; pos: (18, 25); time: 9.21603
event: battery_consumption; timestamp: 137.786; robot: 7; time: 9.21603; initial_level: 173.013; final_level: 154.581
event: task_resolution; timestamp: 147.002; task: 41; pos: (18, 25); status: FAILED; attempt: 1
event: battery_consumption; timestamp: 147.002; robot: 7; time: 5.38516; initial_level: 154.581; final_level: 154.581
event: navigation; timestamp: 147.002; robot: 7; time: 5.38516; src: (18, 25); dst: (20, 30)
event: task_execution; timestamp: 142.489; task: 42; robot: 6; pos: (15, 30); time: 8.74903
event: battery_consumption; timestamp: 142.489; robot: 6; time: 8.74903; initial_level: 99.3844; final_level: 90.6354
event: task_resolution; timestamp: 151.238; task: 42; pos: (15, 30); status: COMPLETED; attempt: 1
event: battery_consumption; timestamp: 151.238; robot: 6; time: 5; initial_level: 90.6354; final_level: 90.6354
event: navigation; timestamp: 151.238; robot: 6; time: 5; src: (15, 30); dst: (15, 35)
event: task_execution; timestamp: 152.387; task: 39; robot: 1; pos: (20, 30); time: 10.3445
event: battery_consumption; timestamp: 152.387; robot: 1; time: 10.3445; initial_level: 118.359; final_level: 108.014
event: task_execution; timestamp: 152.387; task: 39; robot: 7; pos: (20, 30); time: 10.3445
event: battery_consumption; timestamp: 152.387; robot: 7; time: 10.3445; initial_level: 154.581; final_level: 144.237
event: task_execution; timestamp: 152.387; task: 39; robot: 9; pos: (20, 30); time: 10.3445
event: battery_consumption; timestamp: 152.387; robot: 9; time: 10.3445; initial_level: 124.34; final_level: 113.995
event: task_resolution; timestamp: 162.731; task: 39; pos: (20, 30); status: COMPLETED; attempt: 1
event: battery_consumption; timestamp: 162.731; robot: 1; time: 5; initial_level: 108.014; final_level: 108.014
event: navigation; timestamp: 162.731; robot: 1; time: 5; src: (20, 30); dst: (20, 35)
event: battery_consumption; timestamp: 162.731; robot: 9; time: 5; initial_level: 113.995; final_level: 113.995
event: navigation; timestamp: 162.731; robot: 9; time: 5; src: (20, 30); dst: (20, 35)
event: battery_consumption; timestamp: 162.731; robot: 7; time: 5; initial_level: 144.237; final_level: 144.237
event: navigation; timestamp: 162.731; robot: 7; time: 5; src: (20, 30); dst: (20, 35)
event: task_execution; timestamp: 156.238; task: 43; robot: 6; pos: (15, 35); time: 10.6835
event: battery_consumption; timestamp: 156.238; robot: 6; time: 10.6835; initial_level: 90.6354; final_level: 69.2683
event: task_resolution; timestamp: 166.921; task: 43; pos: (15, 35); status: COMPLETED; attempt: 1
event: battery_consumption; timestamp: 166.921; robot: 6; time: 10; initial_level: 69.2683; final_level: 69.2683
event: navigation; timestamp: 166.921; robot: 6; time: 10; src: (15, 35); dst: (25, 35)
event: task_execution; timestamp: 167.731; task: 40; robot: 1; pos: (20, 35); time: 8.69112
event: battery_consumption; timestamp: 167.731; robot: 1; time: 8.69112; initial_level: 108.014; final_level: 81.9408
event: task_execution; timestamp: 167.731; task: 40; robot: 7; pos: (20, 35); time: 8.69112
event: battery_consumption; timestamp: 167.731; robot: 7; time: 8.69112; initial_level: 144.237; final_level: 118.163
event: task_execution; timestamp: 167.731; task: 40; robot: 9; pos: (20, 35); time: 8.69112
event: battery_consumption; timestamp: 167.731; robot: 9; time: 8.69112; initial_level: 113.995; final_level: 87.9217
event: task_resolution; timestamp: 176.423; task: 40; pos: (20, 35); status: COMPLETED; attempt: 1
event: battery_consumption; timestamp: 176.423; robot: 7; time: 5; initial_level: 118.163; final_level: 118.163
event: navigation; timestamp: 176.423; robot: 7; time: 5; src: (20, 35); dst: (25, 35)
event: battery_consumption; timestamp: 176.423; robot: 9; time: 5.83095; initial_level: 87.9217; final_level: 87.9217
event: navigation; timestamp: 176.423; robot: 9; time: 5.83095; src: (20, 35); dst: (25, 32)
event: battery_consumption; timestamp: 176.423; robot: 1; time: 5.83095; initial_level: 81.9408; final_level: 81.9408
event: navigation; timestamp: 176.423; robot: 1; time: 5.83095; src: (20, 35); dst: (25, 32)
event: battery_consumption; timestamp: 182; robot: 5; time: 33.541; initial_level: 138.592; final_level: 138.592
event: navigation; timestamp: 182; robot: 5; time: 33.541; src: (45, -15); dst: (15, -30)
event: battery_consumption; timestamp: 186; robot: 6; time: 3; initial_level: 69.2683; final_level: 69.2683
event: navigation; timestamp: 186; robot: 6; time: 3; src: (25, 35); dst: (25, 32)
event: battery_consumption; timestamp: 186; robot: 7; time: 38.4708; initial_level: 118.163; final_level: 118.163
event: navigation; timestamp: 186; robot: 7; time: 38.4708; src: (25, 35); dst: (-9, 17)
event: battery_consumption; timestamp: 189; robot: 9; time: 37.1618; initial_level: 87.9217; final_level: 87.9217
event: navigation; timestamp: 189; robot: 9; time: 37.1618; src: (25, 32); dst: (-9, 17)
event: battery_consumption; timestamp: 189; robot: 1; time: 40.1123; initial_level: 81.9408; final_level: 81.9408
event: navigation; timestamp: 189; robot: 1; time: 40.1123; src: (25, 32); dst: (-15, 35)
event: battery_consumption; timestamp: 189; robot: 6; time: 43.1045; initial_level: 69.2683; final_level: 69.2683
event: navigation; timestamp: 189; robot: 6; time: 43.1045; src: (25, 32); dst: (-18, 35)
event: task_resolution; timestamp: 192.951; task: 36; pos: (25, 35); status: COMPLETED; attempt: 1
event: task_resolution; timestamp: 199.683; task: 37; pos: (25, 32); status: FAILED; attempt: 1
event: battery_consumption; timestamp: 203; robot: 8; time: 7.07107; initial_level: 164.963; final_level: 164.963
event: navigation; timestamp: 203; robot: 8; time: 7.07107; src: (-10, -25); dst: (-15, -20)
event: battery_consumption; timestamp: 215; robot: 3; time: 14.1421; initial_level: 177.087; final_level: 177.087
event: navigation; timestamp: 215; robot: 3; time: 14.1421; src: (-14, 2); dst: (0, 0)
event: robot_finished; timestamp: 229.142; robot: 3; pos: (0, 0); battery: 177.087
event: task_execution; timestamp: 210.071; task: 52; robot: 8; pos: (-15, -20); time: 10.1492
event: battery_consumption; timestamp: 210.071; robot: 8; time: 10.1492; initial_level: 164.963; final_level: 161.919
event: task_execution; timestamp: 210.071; task: 52; robot: 10; pos: (-15, -20); time: 10.1492
event: battery_consumption; timestamp: 210.071; robot: 10; time: 10.1492; initial_level: 177.072; final_level: 174.027
event: task_resolution; timestamp: 220.22; task: 52; pos: (-15, -20); status: FAILED; attempt: 1
event: battery_consumption; timestamp: 220.22; robot: 8; time: 25; initial_level: 161.919; final_level: 161.919
event: navigation; timestamp: 220.22; robot: 8; time: 25; src: (-15, -20); dst: (0, 0)
event: robot_finished; timestamp: 245.22; robot: 8; pos: (0, 0); battery: 161.919
event: battery_consumption; timestamp: 220.22; robot: 10; time: 25; initial_level: 174.027; final_level: 174.027
event: navigation; timestamp: 220.22; robot: 10; time: 25; src: (-15, -20); dst: (0, 0)
event: robot_finished; timestamp: 245.22; robot: 10; pos: (0, 0); battery: 174.027
event: task_execution; timestamp: 215.541; task: 51; robot: 2; pos: (15, -30); time: 9.94648
event: battery_consumption; timestamp: 215.541; robot: 2; time: 9.94648; initial_level: 135.216; final_level: 116.318
event: task_execution; timestamp: 215.541; task: 51; robot: 5; pos: (15, -30); time: 9.94648
event: battery_consumption; timestamp: 215.541; robot: 5; time: 9.94648; initial_level: 138.592; final_level: 119.694
event: task_resolution; timestamp: 225.488; task: 51; pos: (15, -30); status: FAILED; attempt: 1
event: battery_consumption; timestamp: 225.488; robot: 5; time: 33.541; initial_level: 119.694; final_level: 119.694
event: navigation; timestamp: 225.488; robot: 5; time: 33.541; src: (15, -30); dst: (0, 0)
event: robot_finished; timestamp: 259.029; robot: 5; pos: (0, 0); battery: 119.694
event: battery_consumption; timestamp: 225.488; robot: 2; time: 33.541; initial_level: 116.318; final_level: 116.318
event: navigation; timestamp: 225.488; robot: 2; time: 33.541; src: (15, -30); dst: (0, 0)
event: robot_finished; timestamp: 259.029; robot: 2; pos: (0, 0); battery: 116.318
event: task_execution; timestamp: 226.162; task: 100; robot: 4; pos: (-9, 17); time: 9.83096
event: battery_consumption; timestamp: 226.162; robot: 4; time: 9.83096; initial_level: 148.429; final_level: 145.48
event: task_execution; timestamp: 226.162; task: 100; robot: 7; pos: (-9, 17); time: 9.83096
event: battery_consumption; timestamp: 226.162; robot: 7; time: 9.83096; initial_level: 118.163; final_level: 115.214
event: task_execution; timestamp: 226.162; task: 100; robot: 9; pos: (-9, 17); time: 9.83096
event: battery_consumption; timestamp: 226.162; robot: 9; time: 9.83096; initial_level: 87.9217; final_level: 84.9724
event: task_resolution; timestamp: 235.993; task: 100; pos: (-9, 17); status: COMPLETED; attempt: 1
event: battery_consumption; timestamp: 235.993; robot: 9; time: 19.2354; initial_level: 84.9724; final_level: 84.9724
event: navigation; timestamp: 235.993; robot: 9; time: 19.2354; src: (-9, 17); dst: (0, 0)
event: robot_finished; timestamp: 255.228; robot: 9; pos: (0, 0); battery: 84.9724
event: battery_consumption; timestamp: 235.993; robot: 4; time: 19.2354; initial_level: 145.48; final_level: 145.48
event: navigation; timestamp: 235.993; robot: 4; time: 19.2354; src: (-9, 17); dst: (0, 0)
event: robot_finished; timestamp: 255.228; robot: 4; pos: (0, 0); battery: 145.48
event: battery_consumption; timestamp: 235.993; robot: 7; time: 19.2354; initial_level: 115.214; final_level: 115.214
event: navigation; timestamp: 235.993; robot: 7; time: 19.2354; src: (-9, 17); dst: (0, 0)
event: robot_finished; timestamp: 255.228; robot: 7; pos: (0, 0); battery: 115.214
event: task_execution; timestamp: 229.112; task: 1; robot: 1; pos: (-15, 35); time: 9.58138
event: battery_consumption; timestamp: 229.112; robot: 1; time: 9.58138; initial_level: 81.9408; final_level: 62.7781
event: task_resolution; timestamp: 238.694; task: 1; pos: (-15, 35); status: FAILED; attempt: 1
event: battery_consumption; timestamp: 238.694; robot: 1; time: 38.0789; initial_level: 62.7781; final_level: 62.7781
event: navigation; timestamp: 238.694; robot: 1; time: 38.0789; src: (-15, 35); dst: (0, 0)
event: robot_finished; timestamp: 276.773; robot: 1; pos: (0, 0); battery: 62.7781
event: task_execution; timestamp: 232.105; task: 3; robot: 6; pos: (-18, 35); time: 9.96197
event: battery_consumption; timestamp: 232.105; robot: 6; time: 9.96197; initial_level: 69.2683; final_level: 59.3063
event: task_resolution; timestamp: 242.066; task: 3; pos: (-18, 35); status: FAILED; attempt: 1
event: battery_consumption; timestamp: 242.066; robot: 6; time: 39.3573; initial_level: 59.3063; final_level: 59.3063
event: navigation; timestamp: 242.066; robot: 6; time: 39.3573; src: (-18, 35); dst: (0, 0)
event: robot_finished; timestamp: 281.424; robot: 6; pos: (0, 0); battery: 59.3063
metric: available_agents; value: 0
metric: failed_agents; value: 0
metric: finished_agents; value: 10
metric: completed_tasks; value: 30
metric: pending_tasks; value: 0
metric: failed_tasks; value: 70
metric: average_robot_makespan; value: 256.152
metric: sd_robot_makespan; value: 15.0979
metric: max_robot_makespan; value: 281.424
metric: min_robot_makespan; value: 229.142
metric: average_robot_travel_distance; value: 97.6995
metric: sd_robot_travel_distance; value: 47.5369
metric: max_robot_travel_distance; value: 167.792
metric: min_robot_travel_distance; value: 28.3617
metric: sum_robot_travel_distance; value: 976.995
metric: average_completed_tasks_by_robot; value: 0
metric: sd_completed_tasks_by_robot; value: 0
metric: max_completed_tasks_by_robot; value: 0
metric: min_completed_tasks_by_robot; value: 0
metric: final_reward; value: 0.3
metric: computing_time; value: 0.00808905
