info: solver_name; value: cbba
info: reward_function; value: reward00
info: replica; value: 1
info: filename; value: ../logs/prueba/rc106_10r_100t_b0f5abc8_cbba_reward00_001.log
info: scenario_name; value: rc106_10r_100t_b0f5abc8
info: scenario_name; value: rc106_10r_100t_b0f5abc8
info: number_of_tasks; value: 100
info: number_of_robots; value: 10
info: number_of_recharging_stations; value: 1
info: scenario_size; value: (132,132)
event: recharging_station_spawn; timestamp: 0; recharging_station: 1; pos: (0, 0)
event: task_spawn; timestamp: 0; task: 1; pos: (-15, 35); earliest_start: 130; latest_start: 190; state: PENDING; required_workers: 1; success_prob: 0.2; max_attempts: 1
event: task_spawn; timestamp: 0; task: 2; pos: (-18, 25); earliest_start: 35; latest_start: 95; state: PENDING; required_workers: 1; success_prob: 0.2; max_attempts: 1
event: task_spawn; timestamp: 0; task: 3; pos: (-18, 35); earliest_start: 94; latest_start: 154; state: PENDING; required_workers: 1; success_prob: 0.2; max_attempts: 1
event: task_spawn; timestamp: 0; task: 4; pos: (-20, 30); earliest_start: 126; latest_start: 186; state: PENDING; required_workers: 1; success_prob: 0.2; max_attempts: 1
event: task_spawn; timestamp: 0; task: 5; pos: (-20, 35); earliest_start: 40; latest_start: 100; state: PENDING; required_workers: 1; success_prob: 0.2; max_attempts: 1
event: task_spawn; timestamp: 0; task: 6; pos: (-22, 25); earliest_start: 80; latest_start: 140; state: PENDING; required_workers: 1; success_prob: 0.2; max_attempts: 1
event: task_spawn; timestamp: 0; task: 7; pos: (-25, 25); earliest_start: 64; latest_start: 124; state: PENDING; required_workers: 1; success_prob: 0.2; max_attempts: 1
event: task_spawn; timestamp: 0; task: 8; pos: (-25, 30); earliest_start: 76; latest_start: 136; state: PENDING; required_workers: 1; success_prob: 0.2; max_attempts: 1
event: task_spawn; timestamp: 0; task: 9; pos: (-30, -15); earliest_start: 76; latest_start: 136; state: PENDING; required_workers: 1; success_prob: 0.2; max_attempts: 1
event: task_spawn; timestamp: 0; task: 10; pos: (-30, -10); earliest_start: 104; latest_start: 164; state: PENDING; required_workers: 1; success_prob: 0.2; max_attempts: 1
event: task_spawn; timestamp: 0; task: 11; pos: (-32, -10); earliest_start: 44; latest_start: 104; state: PENDING; required_workers: 2; success_prob: 0.2; max_attempts: 1
event: task_spawn; timestamp: 0; task: 12; pos: (-32, -5); earliest_start: 49; latest_start: 109; state: PENDING; required_workers: 2; success_prob: 0.2; max_attempts: 1
event: task_spawn; timestamp: 0; task: 13; pos: (-35, -15); earliest_start: 127; latest_start: 187; state: PENDING; required_workers: 2; success_prob: 0.2; max_attempts: 1
event: task_spawn; timestamp: 0; task: 14; pos: (-35, -5); earliest_start: 35; latest_start: 95; state: PENDING; required_workers: 2; success_prob: 0.2; max_attempts: 1
event: task_spawn; timestamp: 0; task: 15; pos: (-38, -10); earliest_start: 43; latest_start: 103; state: PENDING; required_workers: 2; success_prob: 0.2; max_attempts: 1
event: task_spawn; timestamp: 0; task: 16; pos: (-40, -10); earliest_start: 57; latest_start: 117; state: PENDING; required_workers: 2; success_prob: 0.2; max_attempts: 1
event: task_spawn; timestamp: 0; task: 17; pos: (-40, -5); earliest_start: 129; latest_start: 189; state: PENDING; required_workers: 3; success_prob: 0.2; max_attempts: 1
event: task_spawn; timestamp: 0; task: 18; pos: (4, -45); earliest_start: 72; latest_start: 132; state: PENDING; required_workers: 3; success_prob: 0.2; max_attempts: 1
event: task_spawn; timestamp: 0; task: 19; pos: (2, -40); earliest_start: 57; latest_start: 117; state: PENDING; required_workers: 3; success_prob: 0.2; max_attempts: 1
event: task_spawn; timestamp: 0; task: 20; pos: (2, -35); earliest_start: 107; latest_start: 167; state: PENDING; required_workers: 3; success_prob: 0.2; max_attempts: 1
event: task_spawn; timestamp: 0; task: 21; pos: (0, -45); earliest_start: 52; latest_start: 112; state: PENDING; required_workers: 1; success_prob: 0.4; max_attempts: 1
event: task_spawn; timestamp: 0; task: 22; pos: (0, -35); earliest_start: 77; latest_start: 137; state: PENDING; required_workers: 1; success_prob: 0.4; max_attempts: 1
event: task_spawn; timestamp: 0; task: 23; pos: (-2, -45); earliest_start: 50; latest_start: 110; state: PENDING; required_workers: 1; success_prob: 0.4; max_attempts: 1
event: task_spawn; timestamp: 0; task: 24; pos: (-2, -35); earliest_start: 133; latest_start: 193; state: PENDING; required_workers: 1; success_prob: 0.4; max_attempts: 1
event: task_spawn; timestamp: 0; task: 25; pos: (-5, -45); earliest_start: 124; latest_start: 184; state: PENDING; required_workers: 1; success_prob: 0.4; max_attempts: 1
event: task_spawn; timestamp: 0; task: 26; pos: (55, -20); earliest_start: 100; latest_start: 160; state: PENDING; required_workers: 1; success_prob: 0.4; max_attempts: 1
event: task_spawn; timestamp: 0; task: 27; pos: (55, -15); earliest_start: 57; latest_start: 117; state: PENDING; required_workers: 1; success_prob: 0.4; max_attempts: 1
event: task_spawn; timestamp: 0; task: 28; pos: (52, -20); earliest_start: 55; latest_start: 115; state: PENDING; required_workers: 1; success_prob: 0.4; max_attempts: 1
event: task_spawn; timestamp: 0; task: 29; pos: (50, -15); earliest_start: 52; latest_start: 112; state: PENDING; required_workers: 1; success_prob: 0.4; max_attempts: 1
event: task_spawn; timestamp: 0; task: 30; pos: (48, -20); earliest_start: 59; latest_start: 119; state: PENDING; required_workers: 1; success_prob: 0.4; max_attempts: 1
event: task_spawn; timestamp: 0; task: 31; pos: (48, -15); earliest_start: 50; latest_start: 110; state: PENDING; required_workers: 2; success_prob: 0.4; max_attempts: 1
event: task_spawn; timestamp: 0; task: 32; pos: (47, -20); earliest_start: 116; latest_start: 176; state: PENDING; required_workers: 2; success_prob: 0.4; max_attempts: 1
event: task_spawn; timestamp: 0; task: 33; pos: (45, -25); earliest_start: 51; latest_start: 111; state: PENDING; required_workers: 2; success_prob: 0.4; max_attempts: 1
event: task_spawn; timestamp: 0; task: 34; pos: (45, -15); earliest_start: 96; latest_start: 156; state: PENDING; required_workers: 2; success_prob: 0.4; max_attempts: 1
event: task_spawn; timestamp: 0; task: 35; pos: (27, 35); earliest_start: 124; latest_start: 184; state: PENDING; required_workers: 2; success_prob: 0.4; max_attempts: 1
event: task_spawn; timestamp: 0; task: 36; pos: (25, 35); earliest_start: 43; latest_start: 103; state: PENDING; required_workers: 2; success_prob: 0.4; max_attempts: 1
event: task_spawn; timestamp: 0; task: 37; pos: (25, 32); earliest_start: 109; latest_start: 169; state: PENDING; required_workers: 3; success_prob: 0.4; max_attempts: 1
event: task_spawn; timestamp: 0; task: 38; pos: (22, 30); earliest_start: 60; latest_start: 120; state: PENDING; required_workers: 3; success_prob: 0.4; max_attempts: 1
event: task_spawn; timestamp: 0; task: 39; pos: (20, 30); earliest_start: 36; latest_start: 96; state: PENDING; required_workers: 3; success_prob: 0.4; max_attempts: 1
event: task_spawn; timestamp: 0; task: 40; pos: (20, 35); earliest_start: 70; latest_start: 130; state: PENDING; required_workers: 3; success_prob: 0.4; max_attempts: 1
event: task_spawn; timestamp: 0; task: 41; pos: (18, 25); earliest_start: 77; latest_start: 137; state: PENDING; required_workers: 1; success_prob: 0.6; max_attempts: 1
event: task_spawn; timestamp: 0; task: 42; pos: (15, 30); earliest_start: 33; latest_start: 93; state: PENDING; required_workers: 1; success_prob: 0.6; max_attempts: 1
event: task_spawn; timestamp: 0; task: 43; pos: (15, 35); earliest_start: 113; latest_start: 173; state: PENDING; required_workers: 1; success_prob: 0.6; max_attempts: 1
event: task_spawn; timestamp: 0; task: 44; pos: (15, 32); earliest_start: 49; latest_start: 109; state: PENDING; required_workers: 1; success_prob: 0.6; max_attempts: 1
event: task_spawn; timestamp: 0; task: 45; pos: (-20, 32); earliest_start: 37; latest_start: 97; state: PENDING; required_workers: 1; success_prob: 0.6; max_attempts: 1
event: task_spawn; timestamp: 0; task: 46; pos: (-22, 30); earliest_start: 98; latest_start: 158; state: PENDING; required_workers: 1; success_prob: 0.6; max_attempts: 1
event: task_spawn; timestamp: 0; task: 47; pos: (-38, -5); earliest_start: 38; latest_start: 98; state: PENDING; required_workers: 1; success_prob: 0.6; max_attempts: 1
event: task_spawn; timestamp: 0; task: 48; pos: (2, -45); earliest_start: 124; latest_start: 184; state: PENDING; required_workers: 1; success_prob: 0.6; max_attempts: 1
event: task_spawn; timestamp: 0; task: 49; pos: (2, -38); earliest_start: 89; latest_start: 149; state: PENDING; required_workers: 1; success_prob: 0.6; max_attempts: 1
event: task_spawn; timestamp: 0; task: 50; pos: (32, -15); earliest_start: 101; latest_start: 161; state: PENDING; required_workers: 1; success_prob: 0.6; max_attempts: 1
event: task_spawn; timestamp: 0; task: 51; pos: (15, -30); earliest_start: 68; latest_start: 128; state: PENDING; required_workers: 2; success_prob: 0.6; max_attempts: 1
event: task_spawn; timestamp: 0; task: 52; pos: (-15, -20); earliest_start: 37; latest_start: 97; state: PENDING; required_workers: 2; success_prob: 0.6; max_attempts: 1
event: task_spawn; timestamp: 0; task: 53; pos: (-20, 0); earliest_start: 76; latest_start: 136; state: PENDING; required_workers: 2; success_prob: 0.6; max_attempts: 1
event: task_spawn; timestamp: 0; task: 54; pos: (15, 10); earliest_start: 124; latest_start: 184; state: PENDING; required_workers: 2; success_prob: 0.6; max_attempts: 1
event: task_spawn; timestamp: 0; task: 55; pos: (-10, 10); earliest_start: 125; latest_start: 185; state: PENDING; required_workers: 2; success_prob: 0.6; max_attempts: 1
event: task_spawn; timestamp: 0; task: 56; pos: (10, -15); earliest_start: 115; latest_start: 175; state: PENDING; required_workers: 2; success_prob: 0.6; max_attempts: 1
event: task_spawn; timestamp: 0; task: 57; pos: (-10, -25); earliest_start: 81; latest_start: 141; state: PENDING; required_workers: 3; success_prob: 0.6; max_attempts: 1
event: task_spawn; timestamp: 0; task: 58; pos: (-25, -40); earliest_start: 122; latest_start: 182; state: PENDING; required_workers: 3; success_prob: 0.6; max_attempts: 1
event: task_spawn; timestamp: 0; task: 59; pos: (-30, -30); earliest_start: 42; latest_start: 102; state: PENDING; required_workers: 3; success_prob: 0.6; max_attempts: 1
event: task_spawn; timestamp: 0; task: 60; pos: (-25, 10); earliest_start: 140; latest_start: 200; state: PENDING; required_workers: 3; success_prob: 0.6; max_attempts: 1
event: task_spawn; timestamp: 0; task: 61; pos: (5, 15); earliest_start: 51; latest_start: 111; state: PENDING; required_workers: 1; success_prob: 0.8; max_attempts: 1
event: task_spawn; timestamp: 0; task: 62; pos: (25, -15); earliest_start: 37; latest_start: 97; state: PENDING; required_workers: 1; success_prob: 0.8; max_attempts: 1
event: task_spawn; timestamp: 0; task: 63; pos: (25, -30); earliest_start: 39; latest_start: 99; state: PENDING; required_workers: 1; success_prob: 0.8; max_attempts: 1
event: task_spawn; timestamp: 0; task: 64; pos: (5, -20); earliest_start: 38; latest_start: 98; state: PENDING; required_workers: 1; success_prob: 0.8; max_attempts: 1
event: task_spawn; timestamp: 0; task: 65; pos: (-5, -10); earliest_start: 11; latest_start: 71; state: PENDING; required_workers: 1; success_prob: 0.8; max_attempts: 1
event: task_spawn; timestamp: 0; task: 66; pos: (1, -13); earliest_start: 118; latest_start: 178; state: PENDING; required_workers: 1; success_prob: 0.8; max_attempts: 1
event: task_spawn; timestamp: 0; task: 67; pos: (24, -8); earliest_start: 55; latest_start: 115; state: PENDING; required_workers: 1; success_prob: 0.8; max_attempts: 1
event: task_spawn; timestamp: 0; task: 68; pos: (0, 10); earliest_start: 129; latest_start: 189; state: PENDING; required_workers: 1; success_prob: 0.8; max_attempts: 1
event: task_spawn; timestamp: 0; task: 69; pos: (-9, 2); earliest_start: 26; latest_start: 86; state: PENDING; required_workers: 1; success_prob: 0.8; max_attempts: 1
event: task_spawn; timestamp: 0; task: 70; pos: (-5, 19); earliest_start: 150; latest_start: 210; state: PENDING; required_workers: 1; success_prob: 0.8; max_attempts: 1
event: task_spawn; timestamp: 0; task: 71; pos: (25, 5); earliest_start: 50; latest_start: 110; state: PENDING; required_workers: 2; success_prob: 0.8; max_attempts: 1
event: task_spawn; timestamp: 0; task: 72; pos: (23, 15); earliest_start: 27; latest_start: 87; state: PENDING; required_workers: 2; success_prob: 0.8; max_attempts: 1
event: task_spawn; timestamp: 0; task: 73; pos: (-38, 10); earliest_start: 62; latest_start: 122; state: PENDING; required_workers: 2; success_prob: 0.8; max_attempts: 1
event: task_spawn; timestamp: 0; task: 74; pos: (-20, -30); earliest_start: 126; latest_start: 186; state: PENDING; required_workers: 2; success_prob: 0.8; max_attempts: 1
event: task_spawn; timestamp: 0; task: 75; pos: (-35, -45); earliest_start: 59; latest_start: 119; state: PENDING; required_workers: 2; success_prob: 0.8; max_attempts: 1
event: task_spawn; timestamp: 0; task: 76; pos: (20, -38); earliest_start: 60; latest_start: 120; state: PENDING; required_workers: 2; success_prob: 0.8; max_attempts: 1
event: task_spawn; timestamp: 0; task: 77; pos: (-17, -47); earliest_start: 120; latest_start: 180; state: PENDING; required_workers: 3; success_prob: 0.8; max_attempts: 1
event: task_spawn; timestamp: 0; task: 78; pos: (-32, 6); earliest_start: 75; latest_start: 135; state: PENDING; required_workers: 3; success_prob: 0.8; max_attempts: 1
event: task_spawn; timestamp: 0; task: 79; pos: (-34, 18); earliest_start: 74; latest_start: 134; state: PENDING; required_workers: 3; success_prob: 0.8; max_attempts: 1
event: task_spawn; timestamp: 0; task: 80; pos: (7, -3); earliest_start: 162; latest_start: 222; state: PENDING; required_workers: 3; success_prob: 0.8; max_attempts: 1
event: task_spawn; timestamp: 0; task: 81; pos: (9, 8); earliest_start: 71; latest_start: 131; state: PENDING; required_workers: 1; success_prob: 1; max_attempts: 1
event: task_spawn; timestamp: 0; task: 82; pos: (-13, -7); earliest_start: 27; latest_start: 87; state: PENDING; required_workers: 1; success_prob: 1; max_attempts: 1
event: task_spawn; timestamp: 0; task: 83; pos: (-3, -19); earliest_start: 20; latest_start: 80; state: PENDING; required_workers: 1; success_prob: 1; max_attempts: 1
event: task_spawn; timestamp: 0; task: 84; pos: (17, -21); earliest_start: 81; latest_start: 141; state: PENDING; required_workers: 1; success_prob: 1; max_attempts: 1
event: task_spawn; timestamp: 0; task: 85; pos: (23, -27); earliest_start: 72; latest_start: 132; state: PENDING; required_workers: 1; success_prob: 1; max_attempts: 1
event: task_spawn; timestamp: 0; task: 86; pos: (-19, -26); earliest_start: 72; latest_start: 132; state: PENDING; required_workers: 1; success_prob: 1; max_attempts: 1
event: task_spawn; timestamp: 0; task: 87; pos: (-28, -26); earliest_start: 75; latest_start: 135; state: PENDING; required_workers: 1; success_prob: 1; max_attempts: 1
event: task_spawn; timestamp: 0; task: 88; pos: (-16, 8); earliest_start: 52; latest_start: 112; state: PENDING; required_workers: 1; success_prob: 1; max_attempts: 1
event: task_spawn; timestamp: 0; task: 89; pos: (27, -45); earliest_start: 117; latest_start: 177; state: PENDING; required_workers: 1; success_prob: 1; max_attempts: 1
event: task_spawn; timestamp: 0; task: 90; pos: (-3, -3); earliest_start: 71; latest_start: 131; state: PENDING; required_workers: 1; success_prob: 1; max_attempts: 1
event: task_spawn; timestamp: 0; task: 91; pos: (9, -8); earliest_start: 152; latest_start: 212; state: PENDING; required_workers: 2; success_prob: 1; max_attempts: 1
event: task_spawn; timestamp: 0; task: 92; pos: (13, -7); earliest_start: 14; latest_start: 74; state: PENDING; required_workers: 2; success_prob: 1; max_attempts: 1
event: task_spawn; timestamp: 0; task: 93; pos: (21, 2); earliest_start: 148; latest_start: 208; state: PENDING; required_workers: 2; success_prob: 1; max_attempts: 1
event: task_spawn; timestamp: 0; task: 94; pos: (17, -2); earliest_start: 80; latest_start: 140; state: PENDING; required_workers: 2; success_prob: 1; max_attempts: 1
event: task_spawn; timestamp: 0; task: 95; pos: (16, -13); earliest_start: 20; latest_start: 80; state: PENDING; required_workers: 2; success_prob: 1; max_attempts: 1
event: task_spawn; timestamp: 0; task: 96; pos: (15, 4); earliest_start: 117; latest_start: 177; state: PENDING; required_workers: 2; success_prob: 1; max_attempts: 1
event: task_spawn; timestamp: 0; task: 97; pos: (-36, -32); earliest_start: 105; latest_start: 165; state: PENDING; required_workers: 3; success_prob: 1; max_attempts: 1
event: task_spawn; timestamp: 0; task: 98; pos: (-14, 2); earliest_start: 31; latest_start: 91; state: PENDING; required_workers: 3; success_prob: 1; max_attempts: 1
event: task_spawn; timestamp: 0; task: 99; pos: (-14, -15); earliest_start: 62; latest_start: 122; state: PENDING; required_workers: 3; success_prob: 1; max_attempts: 1
event: task_spawn; timestamp: 0; task: 100; pos: (-9, 17); earliest_start: 150; latest_start: 210; state: PENDING; required_workers: 3; success_prob: 1; max_attempts: 1
event: robot_spawn; timestamp: 0; robot: 1; pos: (0, 0); state: AVAILABLE; battery_level: 200; battery_capacity: 200; velocity: 1; battery_rate_nav: 0
event: robot_spawn; timestamp: 0; robot: 2; pos: (0, 0); state: AVAILABLE; battery_level: 200; battery_capacity: 200; velocity: 1; battery_rate_nav: 0
event: robot_spawn; timestamp: 0; robot: 3; pos: (0, 0); state: AVAILABLE; battery_level: 200; battery_capacity: 200; velocity: 1; battery_rate_nav: 0
event: robot_spawn; timestamp: 0; robot: 4; pos: (0, 0); state: AVAILABLE; battery_level: 200; battery_capacity: 200; velocity: 1; battery_rate_nav: 0
event: robot_spawn; timestamp: 0; robot: 5; pos: (0, 0); state: AVAILABLE; battery_level: 200; battery_capacity: 200; velocity: 1; battery_rate_nav: 0
event: robot_spawn; timestamp: 0; robot: 6; pos: (0, 0); state: AVAILABLE; battery_level: 200; battery_capacity: 200; velocity: 1; battery_rate_nav: 0
event: robot_spawn; timestamp: 0; robot: 7; pos: (0, 0); state: AVAILABLE; battery_level: 200; battery_capacity: 200; velocity: 1; battery_rate_nav: 0
event: robot_spawn; timestamp: 0; robot: 8; pos: (0, 0); state: AVAILABLE; battery_level: 200; battery_capacity: 200; velocity: 1; battery_rate_nav: 0
event: robot_spawn; timestamp: 0; robot: 9; pos: (0, 0); state: AVAILABLE; battery_level: 200; battery_capacity: 200; velocity: 1; battery_rate_nav: 0
event: robot_spawn; timestamp: 0; robot: 10; pos: (0, 0); state: AVAILABLE; battery_level: 200; battery_capacity: 200; velocity: 1; battery_rate_nav: 0
event: battery_consumption; timestamp: 0; robot: 5; time: 11.1803; initial_level: 200; final_level: 200
event: navigation; timestamp: 0; robot: 5; time: 11.1803; src: (0, 0); dst: (-5, -10)
event: battery_consumption; timestamp: 0; robot: 1; time: 19.2354; initial_level: 200; final_level: 200
event: navigation; timestamp: 0; robot: 1; time: 19.2354; src: (0, 0); dst: (-3, -19)
event: battery_consumption; timestamp: 0; robot: 7; time: 14.7648; initial_level: 200; final_level: 200
event: navigation; timestamp: 0; robot: 7; time: 14.7648; src: (0, 0); dst: (13, -7)
event: battery_consumption; timestamp: 0; robot: 8; time: 14.7648; initial_level: 200; final_level: 200
event: navigation; timestamp: 0; robot: 8; time: 14.7648; src: (0, 0); dst: (13, -7)
event: battery_consumption; timestamp: 0; robot: 9; time: 39.0512; initial_level: 200; final_level: 200
event: navigation; timestamp: 0; robot: 9; time: 39.0512; src: (0, 0); dst: (25, -30)
event: battery_consumption; timestamp: 0; robot: 4; time: 20.6155; initial_level: 200; final_level: 200
event: navigation; timestamp: 0; robot: 4; time: 20.6155; src: (0, 0); dst: (16, -13)
event: battery_consumption; timestamp: 0; robot: 2; time: 33.541; initial_level: 200; final_level: 200
event: navigation; timestamp: 0; robot: 2; time: 33.541; src: (0, 0); dst: (15, 30)
event: battery_consumption; timestamp: 0; robot: 6; time: 37.7359; initial_level: 200; final_level: 200
event: navigation; timestamp: 0; robot: 6; time: 37.7359; src: (0, 0); dst: (-20, 32)
event: battery_consumption; timestamp: 0; robot: 3; time: 38.3275; initial_level: 200; final_level: 200
event: navigation; timestamp: 0; robot: 3; time: 38.3275; src: (0, 0); dst: (-38, -5)
event: battery_consumption; timestamp: 0; robot: 10; time: 32.2025; initial_level: 200; final_level: 200
event: navigation; timestamp: 0; robot: 10; time: 32.2025; src: (0, 0); dst: (-19, -26)
event: task_execution; timestamp: 11.1803; task: 65; robot: 5; pos: (-5, -10); time: 12.8401
event: battery_consumption; timestamp: 11.1803; robot: 5; time: 12.8401; initial_level: 200; final_level: 179.456
event: task_resolution; timestamp: 24.0205; task: 65; pos: (-5, -10); status: COMPLETED; attempt: 1
event: battery_consumption; timestamp: 24.0205; robot: 5; time: 8.544; initial_level: 179.456; final_level: 179.456
event: navigation; timestamp: 24.0205; robot: 5; time: 8.544; src: (-5, -10); dst: (-13, -7)
event: task_execution; timestamp: 14.7648; task: 92; robot: 7; pos: (13, -7); time: 9.57001
event: battery_consumption; timestamp: 14.7648; robot: 7; time: 9.57001; initial_level: 200; final_level: 186.602
event: task_execution; timestamp: 14.7648; task: 92; robot: 8; pos: (13, -7); time: 9.57001
event: battery_consumption; timestamp: 14.7648; robot: 8; time: 9.57001; initial_level: 200; final_level: 186.602
event: task_resolution; timestamp: 24.3348; task: 92; pos: (13, -7); status: COMPLETED; attempt: 1
event: battery_consumption; timestamp: 24.3348; robot: 8; time: 6.7082; initial_level: 186.602; final_level: 186.602
event: navigation; timestamp: 24.3348; robot: 8; time: 6.7082; src: (13, -7); dst: (16, -13)
event: battery_consumption; timestamp: 24.3348; robot: 7; time: 24.1661; initial_level: 186.602; final_level: 186.602
event: navigation; timestamp: 24.3348; robot: 7; time: 24.1661; src: (13, -7); dst: (23, 15)
event: task_execution; timestamp: 20; task: 83; robot: 1; pos: (-3, -19); time: 12.2828
event: battery_consumption; timestamp: 20; robot: 1; time: 12.2828; initial_level: 200; final_level: 182.804
event: task_resolution; timestamp: 32.2828; task: 83; pos: (-3, -19); status: COMPLETED; attempt: 1
event: battery_consumption; timestamp: 32.2828; robot: 1; time: 8.06226; initial_level: 182.804; final_level: 182.804
event: navigation; timestamp: 32.2828; robot: 1; time: 8.06226; src: (-3, -19); dst: (5, -20)
event: task_execution; timestamp: 31.043; task: 95; robot: 4; pos: (16, -13); time: 10.1614
event: battery_consumption; timestamp: 31.043; robot: 4; time: 10.1614; initial_level: 200; final_level: 193.903
event: task_execution; timestamp: 31.043; task: 95; robot: 8; pos: (16, -13); time: 10.1614
event: battery_consumption; timestamp: 31.043; robot: 8; time: 10.1614; initial_level: 186.602; final_level: 180.505
event: task_resolution; timestamp: 41.2044; task: 95; pos: (16, -13); status: COMPLETED; attempt: 1
event: battery_consumption; timestamp: 41.2044; robot: 8; time: 9.21954; initial_level: 180.505; final_level: 180.505
event: navigation; timestamp: 41.2044; robot: 8; time: 9.21954; src: (16, -13); dst: (25, -15)
event: battery_consumption; timestamp: 41.2044; robot: 4; time: 28.8617; initial_level: 193.903; final_level: 193.903
event: navigation; timestamp: 41.2044; robot: 4; time: 28.8617; src: (16, -13); dst: (23, 15)
event: task_execution; timestamp: 32.5645; task: 82; robot: 5; pos: (-13, -7); time: 10.3029
event: battery_consumption; timestamp: 32.5645; robot: 5; time: 10.3029; initial_level: 179.456; final_level: 170.183
event: task_resolution; timestamp: 42.8674; task: 82; pos: (-13, -7); status: COMPLETED; attempt: 1
event: battery_consumption; timestamp: 42.8674; robot: 5; time: 9.84886; initial_level: 170.183; final_level: 170.183
event: navigation; timestamp: 42.8674; robot: 5; time: 9.84886; src: (-13, -7); dst: (-9, 2)
event: task_execution; timestamp: 33.541; task: 42; robot: 2; pos: (15, 30); time: 12.065
event: battery_consumption; timestamp: 33.541; robot: 2; time: 12.065; initial_level: 200; final_level: 187.935
event: task_resolution; timestamp: 45.606; task: 42; pos: (15, 30); status: COMPLETED; attempt: 1
event: battery_consumption; timestamp: 45.606; robot: 2; time: 2; initial_level: 187.935; final_level: 187.935
event: navigation; timestamp: 45.606; robot: 2; time: 2; src: (15, 30); dst: (15, 32)
event: task_execution; timestamp: 38.3275; task: 47; robot: 3; pos: (-38, -5); time: 10.2166
event: battery_consumption; timestamp: 38.3275; robot: 3; time: 10.2166; initial_level: 200; final_level: 189.783
event: task_resolution; timestamp: 48.5441; task: 47; pos: (-38, -5); status: COMPLETED; attempt: 1
event: battery_consumption; timestamp: 48.5441; robot: 3; time: 15; initial_level: 189.783; final_level: 189.783
event: navigation; timestamp: 48.5441; robot: 3; time: 15; src: (-38, -5); dst: (-38, 10)
event: task_execution; timestamp: 39.0512; task: 63; robot: 9; pos: (25, -30); time: 9.73985
event: battery_consumption; timestamp: 39.0512; robot: 9; time: 9.73985; initial_level: 200; final_level: 194.156
event: task_resolution; timestamp: 48.7911; task: 63; pos: (25, -30); status: COMPLETED; attempt: 1
event: battery_consumption; timestamp: 48.7911; robot: 9; time: 9.43398; initial_level: 194.156; final_level: 194.156
event: navigation; timestamp: 48.7911; robot: 9; time: 9.43398; src: (25, -30); dst: (20, -38)
event: task_execution; timestamp: 37.7359; task: 45; robot: 6; pos: (-20, 32); time: 11.0608
event: battery_consumption; timestamp: 37.7359; robot: 6; time: 11.0608; initial_level: 200; final_level: 188.939
event: task_resolution; timestamp: 48.7968; task: 45; pos: (-20, 32); status: COMPLETED; attempt: 1
event: battery_consumption; timestamp: 48.7968; robot: 6; time: 24.3311; initial_level: 188.939; final_level: 188.939
event: navigation; timestamp: 48.7968; robot: 6; time: 24.3311; src: (-20, 32); dst: (-16, 8)
event: task_execution; timestamp: 40.345; task: 64; robot: 1; pos: (5, -20); time: 8.85787
event: battery_consumption; timestamp: 40.345; robot: 1; time: 8.85787; initial_level: 182.804; final_level: 167.746
event: task_resolution; timestamp: 49.2029; task: 64; pos: (5, -20); status: COMPLETED; attempt: 1
event: battery_consumption; timestamp: 49.2029; robot: 1; time: 23.4307; initial_level: 167.746; final_level: 167.746
event: navigation; timestamp: 49.2029; robot: 1; time: 23.4307; src: (5, -20); dst: (20, -38)
event: task_execution; timestamp: 49; task: 44; robot: 2; pos: (15, 32); time: 8.71107
event: battery_consumption; timestamp: 49; robot: 2; time: 8.71107; initial_level: 187.935; final_level: 179.224
event: task_resolution; timestamp: 57.7111; task: 44; pos: (15, 32); status: COMPLETED; attempt: 1
event: battery_consumption; timestamp: 57.7111; robot: 2; time: 19.7231; initial_level: 179.224; final_level: 179.224
event: navigation; timestamp: 57.7111; robot: 2; time: 19.7231; src: (15, 32); dst: (5, 15)
event: task_execution; timestamp: 50.4239; task: 62; robot: 8; pos: (25, -15); time: 9.53047
event: battery_consumption; timestamp: 50.4239; robot: 8; time: 9.53047; initial_level: 180.505; final_level: 177.646
event: task_resolution; timestamp: 59.9544; task: 62; pos: (25, -15); status: FAILED; attempt: 1
event: battery_consumption; timestamp: 59.9544; robot: 8; time: 7.07107; initial_level: 177.646; final_level: 177.646
event: navigation; timestamp: 59.9544; robot: 8; time: 7.07107; src: (25, -15); dst: (24, -8)
event: task_execution; timestamp: 52.7162; task: 69; robot: 5; pos: (-9, 2); time: 9.81206
event: battery_consumption; timestamp: 52.7162; robot: 5; time: 9.81206; initial_level: 170.183; final_level: 143.691
event: task_resolution; timestamp: 62.5283; task: 69; pos: (-9, 2); status: COMPLETED; attempt: 1
event: battery_consumption; timestamp: 62.5283; robot: 5; time: 7.81025; initial_level: 143.691; final_level: 143.691
event: navigation; timestamp: 62.5283; robot: 5; time: 7.81025; src: (-9, 2); dst: (-3, -3)
event: task_execution; timestamp: 67.0255; task: 67; robot: 8; pos: (24, -8); time: 10.7549
event: battery_consumption; timestamp: 67.0255; robot: 8; time: 10.7549; initial_level: 177.646; final_level: 167.967
event: task_resolution; timestamp: 77.7804; task: 67; pos: (24, -8); status: FAILED; attempt: 1
event: battery_consumption; timestamp: 77.7804; robot: 8; time: 9.21954; initial_level: 167.967; final_level: 167.967
event: navigation; timestamp: 77.7804; robot: 8; time: 9.21954; src: (24, -8); dst: (17, -2)
event: task_execution; timestamp: 70.0661; task: 72; robot: 4; pos: (23, 15); time: 9.17036
event: battery_consumption; timestamp: 70.0661; robot: 4; time: 9.17036; initial_level: 193.903; final_level: 186.567
event: task_execution; timestamp: 70.0661; task: 72; robot: 7; pos: (23, 15); time: 9.17036
event: battery_consumption; timestamp: 70.0661; robot: 7; time: 9.17036; initial_level: 186.602; final_level: 179.266
event: task_resolution; timestamp: 79.2365; task: 72; pos: (23, 15); status: COMPLETED; attempt: 1
event: battery_consumption; timestamp: 79.2365; robot: 7; time: 11.1803; initial_level: 179.266; final_level: 179.266
event: navigation; timestamp: 79.2365; robot: 7; time: 11.1803; src: (23, 15); dst: (18, 25)
event: battery_consumption; timestamp: 79.2365; robot: 4; time: 10.198; initial_level: 186.567; final_level: 186.567
event: navigation; timestamp: 79.2365; robot: 4; time: 10.198; src: (23, 15); dst: (25, 5)
event: task_execution; timestamp: 71; task: 90; robot: 5; pos: (-3, -3); time: 10.047
event: battery_consumption; timestamp: 71; robot: 5; time: 10.047; initial_level: 143.691; final_level: 137.662
event: task_resolution; timestamp: 81.047; task: 90; pos: (-3, -3); status: COMPLETED; attempt: 1
event: battery_consumption; timestamp: 81.047; robot: 5; time: 37.3363; initial_level: 137.662; final_level: 137.662
event: navigation; timestamp: 81.047; robot: 5; time: 37.3363; src: (-3, -3); dst: (-38, 10)
event: task_execution; timestamp: 72; task: 86; robot: 10; pos: (-19, -26); time: 9.32136
event: battery_consumption; timestamp: 72; robot: 10; time: 9.32136; initial_level: 200; final_level: 173.9
event: task_resolution; timestamp: 81.3214; task: 86; pos: (-19, -26); status: COMPLETED; attempt: 1
event: battery_consumption; timestamp: 81.3214; robot: 10; time: 9; initial_level: 173.9; final_level: 173.9
event: navigation; timestamp: 81.3214; robot: 10; time: 9; src: (-19, -26); dst: (-28, -26)
event: task_execution; timestamp: 72.6336; task: 76; robot: 1; pos: (20, -38); time: 10.3561
event: battery_consumption; timestamp: 72.6336; robot: 1; time: 10.3561; initial_level: 167.746; final_level: 135.642
event: task_execution; timestamp: 72.6336; task: 76; robot: 9; pos: (20, -38); time: 10.3561
event: battery_consumption; timestamp: 72.6336; robot: 9; time: 10.3561; initial_level: 194.156; final_level: 162.052
event: task_resolution; timestamp: 82.9898; task: 76; pos: (20, -38); status: COMPLETED; attempt: 1
event: battery_consumption; timestamp: 82.9898; robot: 9; time: 11.4018; initial_level: 162.052; final_level: 162.052
event: navigation; timestamp: 82.9898; robot: 9; time: 11.4018; src: (20, -38); dst: (23, -27)
event: battery_consumption; timestamp: 82.9898; robot: 1; time: 9.89949; initial_level: 135.642; final_level: 135.642
event: navigation; timestamp: 82.9898; robot: 1; time: 9.89949; src: (20, -38); dst: (27, -45)
event: task_execution; timestamp: 73.1278; task: 88; robot: 6; pos: (-16, 8); time: 10.2543
event: battery_consumption; timestamp: 73.1278; robot: 6; time: 10.2543; initial_level: 188.939; final_level: 169.456
event: task_resolution; timestamp: 83.3821; task: 88; pos: (-16, 8); status: COMPLETED; attempt: 1
event: battery_consumption; timestamp: 83.3821; robot: 6; time: 6.32456; initial_level: 169.456; final_level: 169.456
event: navigation; timestamp: 83.3821; robot: 6; time: 6.32456; src: (-16, 8); dst: (-14, 2)
event: task_execution; timestamp: 77.4342; task: 61; robot: 2; pos: (5, 15); time: 9.7918
event: battery_consumption; timestamp: 77.4342; robot: 2; time: 9.7918; initial_level: 179.224; final_level: 170.411
event: task_resolution; timestamp: 87.226; task: 61; pos: (5, 15); status: COMPLETED; attempt: 1
event: battery_consumption; timestamp: 87.226; robot: 2; time: 8.06226; initial_level: 170.411; final_level: 170.411
event: navigation; timestamp: 87.226; robot: 2; time: 8.06226; src: (5, 15); dst: (9, 8)
event: battery_consumption; timestamp: 91; robot: 6; time: 6.32456; initial_level: 169.456; final_level: 169.456
event: navigation; timestamp: 91; robot: 6; time: 6.32456; src: (-14, 2); dst: (-20, 0)
event: task_execution; timestamp: 90.4168; task: 41; robot: 7; pos: (18, 25); time: 8.60507
event: battery_consumption; timestamp: 90.4168; robot: 7; time: 8.60507; initial_level: 179.266; final_level: 162.056
event: task_resolution; timestamp: 99.0219; task: 41; pos: (18, 25); status: COMPLETED; attempt: 1
event: battery_consumption; timestamp: 99.0219; robot: 7; time: 10.4403; initial_level: 162.056; final_level: 162.056
event: navigation; timestamp: 99.0219; robot: 7; time: 10.4403; src: (18, 25); dst: (15, 35)
event: task_execution; timestamp: 90.3214; task: 87; robot: 10; pos: (-28, -26); time: 10.5281
event: battery_consumption; timestamp: 90.3214; robot: 10; time: 10.5281; initial_level: 173.9; final_level: 160.214
event: task_resolution; timestamp: 100.849; task: 87; pos: (-28, -26); status: COMPLETED; attempt: 1
event: battery_consumption; timestamp: 100.849; robot: 10; time: 10; initial_level: 160.214; final_level: 160.214
event: navigation; timestamp: 100.849; robot: 10; time: 10; src: (-28, -26); dst: (-36, -32)
event: task_execution; timestamp: 95.2882; task: 81; robot: 2; pos: (9, 8); time: 8.70886
event: battery_consumption; timestamp: 95.2882; robot: 2; time: 8.70886; initial_level: 170.411; final_level: 161.702
event: task_resolution; timestamp: 103.997; task: 81; pos: (9, 8); status: COMPLETED; attempt: 1
event: battery_consumption; timestamp: 103.997; robot: 2; time: 30.0832; initial_level: 161.702; final_level: 161.702
event: navigation; timestamp: 103.997; robot: 2; time: 30.0832; src: (9, 8); dst: (-20, 0)
event: task_execution; timestamp: 94.3915; task: 85; robot: 9; pos: (23, -27); time: 10.4324
event: battery_consumption; timestamp: 94.3915; robot: 9; time: 10.4324; initial_level: 162.052; final_level: 159.966
event: task_resolution; timestamp: 104.824; task: 85; pos: (23, -27); status: COMPLETED; attempt: 1
event: battery_consumption; timestamp: 104.824; robot: 9; time: 8.48528; initial_level: 159.966; final_level: 159.966
event: navigation; timestamp: 104.824; robot: 9; time: 8.48528; src: (23, -27); dst: (17, -21)
event: battery_consumption; timestamp: 110; robot: 4; time: 10.6301; initial_level: 186.567; final_level: 186.567
event: navigation; timestamp: 110; robot: 4; time: 10.6301; src: (25, 5); dst: (17, -2)
event: battery_consumption; timestamp: 122; robot: 3; time: 25.6125; initial_level: 189.783; final_level: 189.783
event: navigation; timestamp: 122; robot: 3; time: 25.6125; src: (-38, 10); dst: (-22, 30)
event: battery_consumption; timestamp: 122; robot: 5; time: 7.2111; initial_level: 137.662; final_level: 137.662
event: navigation; timestamp: 122; robot: 5; time: 7.2111; src: (-38, 10); dst: (-32, 6)
event: task_execution; timestamp: 113; task: 43; robot: 7; pos: (15, 35); time: 9.67982
event: battery_consumption; timestamp: 113; robot: 7; time: 9.67982; initial_level: 162.056; final_level: 142.696
event: task_resolution; timestamp: 122.68; task: 43; pos: (15, 35); status: COMPLETED; attempt: 1
event: battery_consumption; timestamp: 122.68; robot: 7; time: 33.541; initial_level: 142.696; final_level: 142.696
event: navigation; timestamp: 122.68; robot: 7; time: 33.541; src: (15, 35); dst: (21, 2)
event: task_execution; timestamp: 113.309; task: 84; robot: 9; pos: (17, -21); time: 11.9747
event: battery_consumption; timestamp: 113.309; robot: 9; time: 11.9747; initial_level: 159.966; final_level: 138.411
event: task_resolution; timestamp: 125.284; task: 84; pos: (17, -21); status: COMPLETED; attempt: 1
event: battery_consumption; timestamp: 125.284; robot: 9; time: 17.8885; initial_level: 138.411; final_level: 138.411
event: navigation; timestamp: 125.284; robot: 9; time: 17.8885; src: (17, -21); dst: (1, -13)
event: task_execution; timestamp: 117; task: 89; robot: 1; pos: (27, -45); time: 10.9269
event: battery_consumption; timestamp: 117; robot: 1; time: 10.9269; initial_level: 135.642; final_level: 108.324
event: task_resolution; timestamp: 127.927; task: 89; pos: (27, -45); status: COMPLETED; attempt: 1
event: battery_consumption; timestamp: 127.927; robot: 1; time: 25; initial_level: 108.324; final_level: 108.324
event: navigation; timestamp: 127.927; robot: 1; time: 25; src: (27, -45); dst: (2, -45)
event: task_resolution; timestamp: 129.786; task: 73; pos: (-38, 10); status: COMPLETED; attempt: 1
event: task_execution; timestamp: 120.63; task: 94; robot: 4; pos: (17, -2); time: 10.3379
event: battery_consumption; timestamp: 120.63; robot: 4; time: 10.3379; initial_level: 186.567; final_level: 162.79
event: task_execution; timestamp: 120.63; task: 94; robot: 8; pos: (17, -2); time: 10.3379
event: battery_consumption; timestamp: 120.63; robot: 8; time: 10.3379; initial_level: 167.967; final_level: 144.189
event: task_resolution; timestamp: 130.968; task: 94; pos: (17, -2); status: COMPLETED; attempt: 1
event: battery_consumption; timestamp: 130.968; robot: 4; time: 5.65685; initial_level: 162.79; final_level: 162.79
event: navigation; timestamp: 130.968; robot: 4; time: 5.65685; src: (17, -2); dst: (21, 2)
event: battery_consumption; timestamp: 130.968; robot: 8; time: 6.32456; initial_level: 144.189; final_level: 144.189
event: navigation; timestamp: 130.968; robot: 8; time: 6.32456; src: (17, -2); dst: (15, 4)
event: battery_consumption; timestamp: 135; robot: 5; time: 8.06226; initial_level: 137.662; final_level: 137.662
event: navigation; timestamp: 135; robot: 5; time: 8.06226; src: (-32, 6); dst: (-25, 10)
event: battery_consumption; timestamp: 136; robot: 6; time: 22.3607; initial_level: 169.456; final_level: 169.456
event: navigation; timestamp: 136; robot: 6; time: 22.3607; src: (-20, 0); dst: (0, 10)
event: battery_consumption; timestamp: 136; robot: 2; time: 11.1803; initial_level: 161.702; final_level: 161.702
event: navigation; timestamp: 136; robot: 2; time: 11.1803; src: (-20, 0); dst: (-25, 10)
event: task_resolution; timestamp: 144.119; task: 53; pos: (-20, 0); status: FAILED; attempt: 1
event: task_execution; timestamp: 143.172; task: 66; robot: 9; pos: (1, -13); time: 11.4966
event: battery_consumption; timestamp: 143.172; robot: 9; time: 11.4966; initial_level: 138.411; final_level: 120.017
event: task_resolution; timestamp: 154.669; task: 66; pos: (1, -13); status: COMPLETED; attempt: 1
event: battery_consumption; timestamp: 154.669; robot: 9; time: 9.43398; initial_level: 120.017; final_level: 120.017
event: navigation; timestamp: 154.669; robot: 9; time: 9.43398; src: (1, -13); dst: (9, -8)
event: task_execution; timestamp: 147.612; task: 46; robot: 3; pos: (-22, 30); time: 9.93762
event: battery_consumption; timestamp: 147.612; robot: 3; time: 9.93762; initial_level: 189.783; final_level: 179.846
event: task_resolution; timestamp: 157.55; task: 46; pos: (-22, 30); status: FAILED; attempt: 1
event: battery_consumption; timestamp: 157.55; robot: 3; time: 20.2237; initial_level: 179.846; final_level: 179.846
event: navigation; timestamp: 157.55; robot: 3; time: 20.2237; src: (-22, 30); dst: (-25, 10)
event: task_execution; timestamp: 152.927; task: 48; robot: 1; pos: (2, -45); time: 9.28513
event: battery_consumption; timestamp: 152.927; robot: 1; time: 9.28513; initial_level: 108.324; final_level: 99.0393
event: task_resolution; timestamp: 162.212; task: 48; pos: (2, -45); status: COMPLETED; attempt: 1
event: battery_consumption; timestamp: 162.212; robot: 1; time: 7; initial_level: 99.0393; final_level: 99.0393
event: navigation; timestamp: 162.212; robot: 1; time: 7; src: (2, -45); dst: (-5, -45)
event: battery_consumption; timestamp: 165; robot: 10; time: 16.1245; initial_level: 160.214; final_level: 160.214
event: navigation; timestamp: 165; robot: 10; time: 16.1245; src: (-36, -32); dst: (-20, -30)
event: task_execution; timestamp: 156.221; task: 93; robot: 4; pos: (21, 2); time: 9.22596
event: battery_consumption; timestamp: 156.221; robot: 4; time: 9.22596; initial_level: 162.79; final_level: 160.022
event: task_execution; timestamp: 156.221; task: 93; robot: 7; pos: (21, 2); time: 9.22596
event: battery_consumption; timestamp: 156.221; robot: 7; time: 9.22596; initial_level: 142.696; final_level: 139.928
event: task_resolution; timestamp: 165.447; task: 93; pos: (21, 2); status: COMPLETED; attempt: 1
event: battery_consumption; timestamp: 165.447; robot: 4; time: 6.32456; initial_level: 160.022; final_level: 160.022
event: navigation; timestamp: 165.447; robot: 4; time: 6.32456; src: (21, 2); dst: (15, 4)
event: battery_consumption; timestamp: 165.447; robot: 7; time: 10; initial_level: 139.928; final_level: 139.928
event: navigation; timestamp: 165.447; robot: 7; time: 10; src: (21, 2); dst: (15, 10)
event: task_execution; timestamp: 158.361; task: 68; robot: 6; pos: (0, 10); time: 10.7965
event: battery_consumption; timestamp: 158.361; robot: 6; time: 10.7965; initial_level: 169.456; final_level: 146.783
event: task_resolution; timestamp: 169.157; task: 68; pos: (0, 10); status: COMPLETED; attempt: 1
event: battery_consumption; timestamp: 169.157; robot: 6; time: 10.2956; initial_level: 146.783; final_level: 146.783
event: navigation; timestamp: 169.157; robot: 6; time: 10.2956; src: (0, 10); dst: (-5, 19)
event: battery_consumption; timestamp: 177; robot: 8; time: 13.4164; initial_level: 144.189; final_level: 144.189
event: navigation; timestamp: 177; robot: 8; time: 13.4164; src: (15, 4); dst: (9, -8)
event: battery_consumption; timestamp: 177; robot: 4; time: 6; initial_level: 160.022; final_level: 160.022
event: navigation; timestamp: 177; robot: 4; time: 6; src: (15, 4); dst: (15, 10)
event: task_execution; timestamp: 169.212; task: 25; robot: 1; pos: (-5, -45); time: 8.05792
event: battery_consumption; timestamp: 169.212; robot: 1; time: 8.05792; initial_level: 99.0393; final_level: 82.9234
event: task_resolution; timestamp: 177.27; task: 25; pos: (-5, -45); status: FAILED; attempt: 1
event: battery_consumption; timestamp: 177.27; robot: 1; time: 10.4403; initial_level: 82.9234; final_level: 82.9234
event: navigation; timestamp: 177.27; robot: 1; time: 10.4403; src: (-5, -45); dst: (-2, -35)
event: task_resolution; timestamp: 183.365; task: 96; pos: (15, 4); status: COMPLETED; attempt: 1
event: battery_consumption; timestamp: 184; robot: 4; time: 15.2643; initial_level: 160.022; final_level: 160.022
event: navigation; timestamp: 184; robot: 4; time: 15.2643; src: (15, 10); dst: (7, -3)
event: battery_consumption; timestamp: 184; robot: 7; time: 39.0512; initial_level: 139.928; final_level: 139.928
event: navigation; timestamp: 184; robot: 7; time: 39.0512; src: (15, 10); dst: (-15, 35)
event: battery_consumption; timestamp: 186; robot: 10; time: 21.2132; initial_level: 160.214; final_level: 160.214
event: navigation; timestamp: 186; robot: 10; time: 21.2132; src: (-20, -30); dst: (-35, -15)
event: battery_consumption; timestamp: 187; robot: 10; time: 11.1803; initial_level: 160.214; final_level: 160.214
event: navigation; timestamp: 187; robot: 10; time: 11.1803; src: (-35, -15); dst: (-40, -5)
event: task_execution; timestamp: 177.774; task: 60; robot: 2; pos: (-25, 10); time: 9.70401
event: battery_consumption; timestamp: 177.774; robot: 2; time: 9.70401; initial_level: 161.702; final_level: 145.206
event: task_execution; timestamp: 177.774; task: 60; robot: 3; pos: (-25, 10); time: 9.70401
event: battery_consumption; timestamp: 177.774; robot: 3; time: 9.70401; initial_level: 179.846; final_level: 163.349
event: task_execution; timestamp: 177.774; task: 60; robot: 5; pos: (-25, 10); time: 9.70401
event: battery_consumption; timestamp: 177.774; robot: 5; time: 9.70401; initial_level: 137.662; final_level: 121.166
event: task_resolution; timestamp: 187.478; task: 60; pos: (-25, 10); status: COMPLETED; attempt: 1
event: battery_consumption; timestamp: 187.478; robot: 2; time: 17.4642; initial_level: 145.206; final_level: 145.206
event: navigation; timestamp: 187.478; robot: 2; time: 17.4642; src: (-25, 10); dst: (-9, 17)
event: battery_consumption; timestamp: 187.478; robot: 3; time: 17.4642; initial_level: 163.349; final_level: 163.349
event: navigation; timestamp: 187.478; robot: 3; time: 17.4642; src: (-25, 10); dst: (-9, 17)
event: battery_consumption; timestamp: 187.478; robot: 5; time: 21.2132; initial_level: 121.166; final_level: 121.166
event: navigation; timestamp: 187.478; robot: 5; time: 21.2132; src: (-25, 10); dst: (-40, -5)
event: battery_consumption; timestamp: 189; robot: 10; time: 40.3113; initial_level: 160.214; final_level: 160.214
event: navigation; timestamp: 189; robot: 10; time: 40.3113; src: (-40, -5); dst: (0, 0)
event: robot_finished; timestamp: 229.311; robot: 10; pos: (0, 0); battery: 160.214
event: battery_consumption; timestamp: 189; robot: 5; time: 40.3113; initial_level: 121.166; final_level: 121.166
event: navigation; timestamp: 189; robot: 5; time: 40.3113; src: (-40, -5); dst: (0, 0)
event: robot_finished; timestamp: 229.311; robot: 5; pos: (0, 0); battery: 121.166
event: task_execution; timestamp: 179.453; task: 70; robot: 6; pos: (-5, 19); time: 10.7214
event: battery_consumption; timestamp: 179.453; robot: 6; time: 10.7214; initial_level: 146.783; final_level: 122.124
event: task_resolution; timestamp: 190.174; task: 70; pos: (-5, 19); status: COMPLETED; attempt: 1
event: battery_consumption; timestamp: 190.174; robot: 6; time: 4.47214; initial_level: 122.124; final_level: 122.124
event: navigation; timestamp: 190.174; robot: 6; time: 4.47214; src: (-5, 19); dst: (-9, 17)
event: battery_consumption; timestamp: 193; robot: 1; time: 35.0571; initial_level: 82.9234; final_level: 82.9234
event: navigation; timestamp: 193; robot: 1; time: 35.0571; src: (-2, -35); dst: (0, 0)
event: robot_finished; timestamp: 228.057; robot: 1; pos: (0, 0); battery: 82.9234
event: task_resolution; timestamp: 194; task: 54; pos: (15, 10); status: COMPLETED; attempt: 1
event: task_resolution; timestamp: 198.848; task: 24; pos: (-2, -35); status: FAILED; attempt: 1
event: task_execution; timestamp: 190.416; task: 91; robot: 8; pos: (9, -8); time: 10.7915
event: battery_consumption; timestamp: 190.416; robot: 8; time: 10.7915; initial_level: 144.189; final_level: 130.16
event: task_execution; timestamp: 190.416; task: 91; robot: 9; pos: (9, -8); time: 10.7915
event: battery_consumption; timestamp: 190.416; robot: 9; time: 10.7915; initial_level: 120.017; final_level: 105.988
event: task_resolution; timestamp: 201.208; task: 91; pos: (9, -8); status: COMPLETED; attempt: 1
event: battery_consumption; timestamp: 201.208; robot: 8; time: 5.38516; initial_level: 130.16; final_level: 130.16
event: navigation; timestamp: 201.208; robot: 8; time: 5.38516; src: (9, -8); dst: (7, -3)
event: battery_consumption; timestamp: 201.208; robot: 9; time: 5.38516; initial_level: 105.988; final_level: 105.988
event: navigation; timestamp: 201.208; robot: 9; time: 5.38516; src: (9, -8); dst: (7, -3)
event: battery_consumption; timestamp: 210; robot: 2; time: 19.2354; initial_level: 145.206; final_level: 145.206
event: navigation; timestamp: 210; robot: 2; time: 19.2354; src: (-9, 17); dst: (0, 0)
event: robot_finished; timestamp: 229.235; robot: 2; pos: (0, 0); battery: 145.206
event: battery_consumption; timestamp: 210; robot: 3; time: 19.2354; initial_level: 163.349; final_level: 163.349
event: navigation; timestamp: 210; robot: 3; time: 19.2354; src: (-9, 17); dst: (0, 0)
event: robot_finished; timestamp: 229.235; robot: 3; pos: (0, 0); battery: 163.349
event: battery_consumption; timestamp: 210; robot: 6; time: 19.2354; initial_level: 122.124; final_level: 122.124
event: navigation; timestamp: 210; robot: 6; time: 19.2354; src: (-9, 17); dst: (0, 0)
event: robot_finished; timestamp: 229.235; robot: 6; pos: (0, 0); battery: 122.124
event: task_resolution; timestamp: 214.997; task: 100; pos: (-9, 17); status: COMPLETED; attempt: 1
event: task_execution; timestamp: 206.593; task: 80; robot: 4; pos: (7, -3); time: 8.83336
event: battery_consumption; timestamp: 206.593; robot: 4; time: 8.83336; initial_level: 160.022; final_level: 148.539
event: task_execution; timestamp: 206.593; task: 80; robot: 8; pos: (7, -3); time: 8.83336
event: battery_consumption; timestamp: 206.593; robot: 8; time: 8.83336; initial_level: 130.16; final_level: 118.677
event: task_execution; timestamp: 206.593; task: 80; robot: 9; pos: (7, -3); time: 8.83336
event: battery_consumption; timestamp: 206.593; robot: 9; time: 8.83336; initial_level: 105.988; final_level: 94.5042
event: task_resolution; timestamp: 215.426; task: 80; pos: (7, -3); status: COMPLETED; attempt: 1
event: battery_consumption; timestamp: 215.426; robot: 4; time: 7.61577; initial_level: 148.539; final_level: 148.539
event: navigation; timestamp: 215.426; robot: 4; time: 7.61577; src: (7, -3); dst: (0, 0)
event: robot_finished; timestamp: 223.042; robot: 4; pos: (0, 0); battery: 148.539
event: battery_consumption; timestamp: 215.426; robot: 9; time: 7.61577; initial_level: 94.5042; final_level: 94.5042
event: navigation; timestamp: 215.426; robot: 9; time: 7.61577; src: (7, -3); dst: (0, 0)
event: robot_finished; timestamp: 223.042; robot: 9; pos: (0, 0); battery: 94.5042
event: battery_consumption; timestamp: 215.426; robot: 8; time: 7.61577; initial_level: 118.677; final_level: 118.677
event: navigation; timestamp: 215.426; robot: 8; time: 7.61577; src: (7, -3); dst: (0, 0)
event: robot_finished; timestamp: 223.042; robot: 8; pos: (0, 0); battery: 118.677
event: task_execution; timestamp: 223.051; task: 1; robot: 7; pos: (-15, 35); time: 8.76613
event: battery_consumption; timestamp: 223.051; robot: 7; time: 8.76613; initial_level: 139.928; final_level: 122.396
event: task_resolution; timestamp: 231.817; task: 1; pos: (-15, 35); status: FAILED; attempt: 1
event: battery_consumption; timestamp: 231.817; robot: 7; time: 38.0789; initial_level: 122.396; final_level: 122.396
event: navigation; timestamp: 231.817; robot: 7; time: 38.0789; src: (-15, 35); dst: (0, 0)
event: robot_finished; timestamp: 269.896; robot: 7; pos: (0, 0); battery: 122.396
metric: available_agents; value: 0
metric: failed_agents; value: 0
metric: finished_agents; value: 10
metric: completed_tasks; value: 38
metric: pending_tasks; value: 0
metric: failed_tasks; value: 62
metric: average_robot_makespan; value: 231.341
metric: sd_robot_makespan; value: 13.8461
metric: max_robot_makespan; value: 269.896
metric: min_robot_makespan; value: 223.042
metric: average_robot_travel_distance; value: 131.872
metric: sd_robot_travel_distance; value: 27.3201
metric: max_robot_travel_distance; value: 181.223
metric: min_robot_travel_distance; value: 79.7251
metric: sum_robot_travel_distance; value: 1318.72
metric: average_completed_tasks_by_robot; value: 0
metric: sd_completed_tasks_by_robot; value: 0
metric: max_completed_tasks_by_robot; value: 0
metric: min_completed_tasks_by_robot; value: 0
metric: final_reward; value: 0.38
metric: computing_time; value: 0.596443
