info: solver_name; value: random
info: reward_function; value: reward00
info: replica; value: 1
info: filename; value: ../logs/prueba/rc203_10r_100t_b0f5abc8_random_reward00_001.log
info: scenario_name; value: rc203_10r_100t_b0f5abc8
info: scenario_name; value: rc203_10r_100t_b0f5abc8
info: number_of_tasks; value: 100
info: number_of_robots; value: 10
info: number_of_recharging_stations; value: 1
info: scenario_size; value: (132,132)
event: recharging_station_spawn; timestamp: 0; recharging_station: 1; pos: (0, 0)
event: task_spawn; timestamp: 0; task: 1; pos: (-15, 35); earliest_start: 0; latest_start: 911; state: PENDING; required_workers: 1; success_prob: 0.2; max_attempts: 1
event: task_spawn; timestamp: 0; task: 2; pos: (-18, 25); earliest_start: 0; latest_start: 919; state: PENDING; required_workers: 1; success_prob: 0.2; max_attempts: 1
event: task_spawn; timestamp: 0; task: 3; pos: (-18, 35); earliest_start: 0; latest_start: 910; state: PENDING; required_workers: 1; success_prob: 0.2; max_attempts: 1
event: task_spawn; timestamp: 0; task: 4; pos: (-20, 30); earliest_start: 644; latest_start: 764; state: PENDING; required_workers: 1; success_prob: 0.2; max_attempts: 1
event: task_spawn; timestamp: 0; task: 5; pos: (-20, 35); earliest_start: 0; latest_start: 909; state: PENDING; required_workers: 1; success_prob: 0.2; max_attempts: 1
event: task_spawn; timestamp: 0; task: 6; pos: (-22, 25); earliest_start: 388; latest_start: 508; state: PENDING; required_workers: 1; success_prob: 0.2; max_attempts: 1
event: task_spawn; timestamp: 0; task: 7; pos: (-25, 25); earliest_start: 0; latest_start: 914; state: PENDING; required_workers: 1; success_prob: 0.2; max_attempts: 1
event: task_spawn; timestamp: 0; task: 8; pos: (-25, 30); earliest_start: 367; latest_start: 487; state: PENDING; required_workers: 1; success_prob: 0.2; max_attempts: 1
event: task_spawn; timestamp: 0; task: 9; pos: (-30, -15); earliest_start: 371; latest_start: 491; state: PENDING; required_workers: 1; success_prob: 0.2; max_attempts: 1
event: task_spawn; timestamp: 0; task: 10; pos: (-30, -10); earliest_start: 519; latest_start: 639; state: PENDING; required_workers: 1; success_prob: 0.2; max_attempts: 1
event: task_spawn; timestamp: 0; task: 11; pos: (-32, -10); earliest_start: 195; latest_start: 315; state: PENDING; required_workers: 2; success_prob: 0.2; max_attempts: 1
event: task_spawn; timestamp: 0; task: 12; pos: (-32, -5); earliest_start: 0; latest_start: 917; state: PENDING; required_workers: 2; success_prob: 0.2; max_attempts: 1
event: task_spawn; timestamp: 0; task: 13; pos: (-35, -15); earliest_start: 653; latest_start: 773; state: PENDING; required_workers: 2; success_prob: 0.2; max_attempts: 1
event: task_spawn; timestamp: 0; task: 14; pos: (-35, -5); earliest_start: 0; latest_start: 914; state: PENDING; required_workers: 2; success_prob: 0.2; max_attempts: 1
event: task_spawn; timestamp: 0; task: 15; pos: (-38, -10); earliest_start: 174; latest_start: 294; state: PENDING; required_workers: 2; success_prob: 0.2; max_attempts: 1
event: task_spawn; timestamp: 0; task: 16; pos: (-40, -10); earliest_start: 0; latest_start: 908; state: PENDING; required_workers: 2; success_prob: 0.2; max_attempts: 1
event: task_spawn; timestamp: 0; task: 17; pos: (-40, -5); earliest_start: 703; latest_start: 823; state: PENDING; required_workers: 3; success_prob: 0.2; max_attempts: 1
event: task_spawn; timestamp: 0; task: 18; pos: (4, -45); earliest_start: 0; latest_start: 904; state: PENDING; required_workers: 3; success_prob: 0.2; max_attempts: 1
event: task_spawn; timestamp: 0; task: 19; pos: (2, -40); earliest_start: 0; latest_start: 909; state: PENDING; required_workers: 3; success_prob: 0.2; max_attempts: 1
event: task_spawn; timestamp: 0; task: 20; pos: (2, -35); earliest_start: 0; latest_start: 914; state: PENDING; required_workers: 3; success_prob: 0.2; max_attempts: 1
event: task_spawn; timestamp: 0; task: 21; pos: (0, -45); earliest_start: 0; latest_start: 905; state: PENDING; required_workers: 1; success_prob: 0.4; max_attempts: 1
event: task_spawn; timestamp: 0; task: 22; pos: (0, -35); earliest_start: 375; latest_start: 495; state: PENDING; required_workers: 1; success_prob: 0.4; max_attempts: 1
event: task_spawn; timestamp: 0; task: 23; pos: (-2, -45); earliest_start: 201; latest_start: 321; state: PENDING; required_workers: 1; success_prob: 0.4; max_attempts: 1
event: task_spawn; timestamp: 0; task: 24; pos: (-2, -35); earliest_start: 0; latest_start: 914; state: PENDING; required_workers: 1; success_prob: 0.4; max_attempts: 1
event: task_spawn; timestamp: 0; task: 25; pos: (-5, -45); earliest_start: 784; latest_start: 904; state: PENDING; required_workers: 1; success_prob: 0.4; max_attempts: 1
event: task_spawn; timestamp: 0; task: 26; pos: (55, -20); earliest_start: 0; latest_start: 891; state: PENDING; required_workers: 1; success_prob: 0.4; max_attempts: 1
event: task_spawn; timestamp: 0; task: 27; pos: (55, -15); earliest_start: 146; latest_start: 266; state: PENDING; required_workers: 1; success_prob: 0.4; max_attempts: 1
event: task_spawn; timestamp: 0; task: 28; pos: (52, -20); earliest_start: 0; latest_start: 894; state: PENDING; required_workers: 1; success_prob: 0.4; max_attempts: 1
event: task_spawn; timestamp: 0; task: 29; pos: (50, -15); earliest_start: 0; latest_start: 897; state: PENDING; required_workers: 1; success_prob: 0.4; max_attempts: 1
event: task_spawn; timestamp: 0; task: 30; pos: (48, -20); earliest_start: 246; latest_start: 366; state: PENDING; required_workers: 1; success_prob: 0.4; max_attempts: 1
event: task_spawn; timestamp: 0; task: 31; pos: (48, -15); earliest_start: 0; latest_start: 899; state: PENDING; required_workers: 2; success_prob: 0.4; max_attempts: 1
event: task_spawn; timestamp: 0; task: 32; pos: (47, -20); earliest_start: 0; latest_start: 898; state: PENDING; required_workers: 2; success_prob: 0.4; max_attempts: 1
event: task_spawn; timestamp: 0; task: 33; pos: (45, -25); earliest_start: 80; latest_start: 200; state: PENDING; required_workers: 2; success_prob: 0.4; max_attempts: 1
event: task_spawn; timestamp: 0; task: 34; pos: (45, -15); earliest_start: 0; latest_start: 902; state: PENDING; required_workers: 2; success_prob: 0.4; max_attempts: 1
event: task_spawn; timestamp: 0; task: 35; pos: (27, 35); earliest_start: 657; latest_start: 777; state: PENDING; required_workers: 2; success_prob: 0.4; max_attempts: 1
event: task_spawn; timestamp: 0; task: 36; pos: (25, 35); earliest_start: 43; latest_start: 163; state: PENDING; required_workers: 2; success_prob: 0.4; max_attempts: 1
event: task_spawn; timestamp: 0; task: 37; pos: (25, 32); earliest_start: 0; latest_start: 909; state: PENDING; required_workers: 3; success_prob: 0.4; max_attempts: 1
event: task_spawn; timestamp: 0; task: 38; pos: (22, 30); earliest_start: 278; latest_start: 398; state: PENDING; required_workers: 3; success_prob: 0.4; max_attempts: 1
event: task_spawn; timestamp: 0; task: 39; pos: (20, 30); earliest_start: 64; latest_start: 184; state: PENDING; required_workers: 3; success_prob: 0.4; max_attempts: 1
event: task_spawn; timestamp: 0; task: 40; pos: (20, 35); earliest_start: 329; latest_start: 449; state: PENDING; required_workers: 3; success_prob: 0.4; max_attempts: 1
event: task_spawn; timestamp: 0; task: 41; pos: (18, 25); earliest_start: 376; latest_start: 496; state: PENDING; required_workers: 1; success_prob: 0.6; max_attempts: 1
event: task_spawn; timestamp: 0; task: 42; pos: (15, 30); earliest_start: 33; latest_start: 153; state: PENDING; required_workers: 1; success_prob: 0.6; max_attempts: 1
event: task_spawn; timestamp: 0; task: 43; pos: (15, 35); earliest_start: 0; latest_start: 911; state: PENDING; required_workers: 1; success_prob: 0.6; max_attempts: 1
event: task_spawn; timestamp: 0; task: 44; pos: (15, 32); earliest_start: 217; latest_start: 337; state: PENDING; required_workers: 1; success_prob: 0.6; max_attempts: 1
event: task_spawn; timestamp: 0; task: 45; pos: (-20, 32); earliest_start: 37; latest_start: 157; state: PENDING; required_workers: 1; success_prob: 0.6; max_attempts: 1
event: task_spawn; timestamp: 0; task: 46; pos: (-22, 30); earliest_start: 0; latest_start: 912; state: PENDING; required_workers: 1; success_prob: 0.6; max_attempts: 1
event: task_spawn; timestamp: 0; task: 47; pos: (-38, -5); earliest_start: 0; latest_start: 911; state: PENDING; required_workers: 1; success_prob: 0.6; max_attempts: 1
event: task_spawn; timestamp: 0; task: 48; pos: (2, -45); earliest_start: 0; latest_start: 904; state: PENDING; required_workers: 1; success_prob: 0.6; max_attempts: 1
event: task_spawn; timestamp: 0; task: 49; pos: (2, -38); earliest_start: 440; latest_start: 560; state: PENDING; required_workers: 1; success_prob: 0.6; max_attempts: 1
event: task_spawn; timestamp: 0; task: 50; pos: (32, -15); earliest_start: 0; latest_start: 914; state: PENDING; required_workers: 1; success_prob: 0.6; max_attempts: 1
event: task_spawn; timestamp: 0; task: 51; pos: (15, -30); earliest_start: 0; latest_start: 916; state: PENDING; required_workers: 2; success_prob: 0.6; max_attempts: 1
event: task_spawn; timestamp: 0; task: 52; pos: (-15, -20); earliest_start: 0; latest_start: 925; state: PENDING; required_workers: 2; success_prob: 0.6; max_attempts: 1
event: task_spawn; timestamp: 0; task: 53; pos: (-20, 0); earliest_start: 375; latest_start: 495; state: PENDING; required_workers: 2; success_prob: 0.6; max_attempts: 1
event: task_spawn; timestamp: 0; task: 54; pos: (15, 10); earliest_start: 0; latest_start: 931; state: PENDING; required_workers: 2; success_prob: 0.6; max_attempts: 1
event: task_spawn; timestamp: 0; task: 55; pos: (-10, 10); earliest_start: 599; latest_start: 719; state: PENDING; required_workers: 2; success_prob: 0.6; max_attempts: 1
event: task_spawn; timestamp: 0; task: 56; pos: (10, -15); earliest_start: 557; latest_start: 677; state: PENDING; required_workers: 2; success_prob: 0.6; max_attempts: 1
event: task_spawn; timestamp: 0; task: 57; pos: (-10, -25); earliest_start: 0; latest_start: 923; state: PENDING; required_workers: 3; success_prob: 0.6; max_attempts: 1
event: task_spawn; timestamp: 0; task: 58; pos: (-25, -40); earliest_start: 782; latest_start: 902; state: PENDING; required_workers: 3; success_prob: 0.6; max_attempts: 1
event: task_spawn; timestamp: 0; task: 59; pos: (-30, -30); earliest_start: 0; latest_start: 907; state: PENDING; required_workers: 3; success_prob: 0.6; max_attempts: 1
event: task_spawn; timestamp: 0; task: 60; pos: (-25, 10); earliest_start: 0; latest_start: 923; state: PENDING; required_workers: 3; success_prob: 0.6; max_attempts: 1
event: task_spawn; timestamp: 0; task: 61; pos: (5, 15); earliest_start: 0; latest_start: 934; state: PENDING; required_workers: 1; success_prob: 0.8; max_attempts: 1
event: task_spawn; timestamp: 0; task: 62; pos: (25, -15); earliest_start: 167; latest_start: 287; state: PENDING; required_workers: 1; success_prob: 0.8; max_attempts: 1
event: task_spawn; timestamp: 0; task: 63; pos: (25, -30); earliest_start: 0; latest_start: 910; state: PENDING; required_workers: 1; success_prob: 0.8; max_attempts: 1
event: task_spawn; timestamp: 0; task: 64; pos: (5, -20); earliest_start: 191; latest_start: 311; state: PENDING; required_workers: 1; success_prob: 0.8; max_attempts: 1
event: task_spawn; timestamp: 0; task: 65; pos: (-5, -10); earliest_start: 11; latest_start: 131; state: PENDING; required_workers: 1; success_prob: 0.8; max_attempts: 1
event: task_spawn; timestamp: 0; task: 66; pos: (1, -13); earliest_start: 566; latest_start: 686; state: PENDING; required_workers: 1; success_prob: 0.8; max_attempts: 1
event: task_spawn; timestamp: 0; task: 67; pos: (24, -8); earliest_start: 268; latest_start: 388; state: PENDING; required_workers: 1; success_prob: 0.8; max_attempts: 1
event: task_spawn; timestamp: 0; task: 68; pos: (0, 10); earliest_start: 612; latest_start: 732; state: PENDING; required_workers: 1; success_prob: 0.8; max_attempts: 1
event: task_spawn; timestamp: 0; task: 69; pos: (-9, 2); earliest_start: 157; latest_start: 277; state: PENDING; required_workers: 1; success_prob: 0.8; max_attempts: 1
event: task_spawn; timestamp: 0; task: 70; pos: (-5, 19); earliest_start: 810; latest_start: 930; state: PENDING; required_workers: 1; success_prob: 0.8; max_attempts: 1
event: task_spawn; timestamp: 0; task: 71; pos: (25, 5); earliest_start: 0; latest_start: 924; state: PENDING; required_workers: 2; success_prob: 0.8; max_attempts: 1
event: task_spawn; timestamp: 0; task: 72; pos: (23, 15); earliest_start: 0; latest_start: 922; state: PENDING; required_workers: 2; success_prob: 0.8; max_attempts: 1
event: task_spawn; timestamp: 0; task: 73; pos: (-38, 10); earliest_start: 0; latest_start: 910; state: PENDING; required_workers: 2; success_prob: 0.8; max_attempts: 1
event: task_spawn; timestamp: 0; task: 74; pos: (-20, -30); earliest_start: 645; latest_start: 765; state: PENDING; required_workers: 2; success_prob: 0.8; max_attempts: 1
event: task_spawn; timestamp: 0; task: 75; pos: (-35, -45); earliest_start: 0; latest_start: 892; state: PENDING; required_workers: 2; success_prob: 0.8; max_attempts: 1
event: task_spawn; timestamp: 0; task: 76; pos: (20, -38); earliest_start: 268; latest_start: 388; state: PENDING; required_workers: 2; success_prob: 0.8; max_attempts: 1
event: task_spawn; timestamp: 0; task: 77; pos: (-17, -47); earliest_start: 764; latest_start: 884; state: PENDING; required_workers: 3; success_prob: 0.8; max_attempts: 1
event: task_spawn; timestamp: 0; task: 78; pos: (-32, 6); earliest_start: 365; latest_start: 485; state: PENDING; required_workers: 3; success_prob: 0.8; max_attempts: 1
event: task_spawn; timestamp: 0; task: 79; pos: (-34, 18); earliest_start: 352; latest_start: 472; state: PENDING; required_workers: 3; success_prob: 0.8; max_attempts: 1
event: task_spawn; timestamp: 0; task: 80; pos: (7, -3); earliest_start: 822; latest_start: 942; state: PENDING; required_workers: 3; success_prob: 0.8; max_attempts: 1
event: task_spawn; timestamp: 0; task: 81; pos: (9, 8); earliest_start: 0; latest_start: 937; state: PENDING; required_workers: 1; success_prob: 1; max_attempts: 1
event: task_spawn; timestamp: 0; task: 82; pos: (-13, -7); earliest_start: 0; latest_start: 935; state: PENDING; required_workers: 1; success_prob: 1; max_attempts: 1
event: task_spawn; timestamp: 0; task: 83; pos: (-3, -19); earliest_start: 0; latest_start: 930; state: PENDING; required_workers: 1; success_prob: 1; max_attempts: 1
event: task_spawn; timestamp: 0; task: 84; pos: (17, -21); earliest_start: 395; latest_start: 515; state: PENDING; required_workers: 1; success_prob: 1; max_attempts: 1
event: task_spawn; timestamp: 0; task: 85; pos: (23, -27); earliest_start: 0; latest_start: 914; state: PENDING; required_workers: 1; success_prob: 1; max_attempts: 1
event: task_spawn; timestamp: 0; task: 86; pos: (-19, -26); earliest_start: 0; latest_start: 917; state: PENDING; required_workers: 1; success_prob: 1; max_attempts: 1
event: task_spawn; timestamp: 0; task: 87; pos: (-28, -26); earliest_start: 359; latest_start: 479; state: PENDING; required_workers: 1; success_prob: 1; max_attempts: 1
event: task_spawn; timestamp: 0; task: 88; pos: (-16, 8); earliest_start: 260; latest_start: 380; state: PENDING; required_workers: 1; success_prob: 1; max_attempts: 1
event: task_spawn; timestamp: 0; task: 89; pos: (27, -45); earliest_start: 0; latest_start: 897; state: PENDING; required_workers: 1; success_prob: 1; max_attempts: 1
event: task_spawn; timestamp: 0; task: 90; pos: (-3, -3); earliest_start: 0; latest_start: 945; state: PENDING; required_workers: 1; success_prob: 1; max_attempts: 1
event: task_spawn; timestamp: 0; task: 91; pos: (9, -8); earliest_start: 0; latest_start: 937; state: PENDING; required_workers: 2; success_prob: 1; max_attempts: 1
event: task_spawn; timestamp: 0; task: 92; pos: (13, -7); earliest_start: 14; latest_start: 134; state: PENDING; required_workers: 2; success_prob: 1; max_attempts: 1
event: task_spawn; timestamp: 0; task: 93; pos: (21, 2); earliest_start: 808; latest_start: 928; state: PENDING; required_workers: 2; success_prob: 1; max_attempts: 1
event: task_spawn; timestamp: 0; task: 94; pos: (17, -2); earliest_start: 0; latest_start: 932; state: PENDING; required_workers: 2; success_prob: 1; max_attempts: 1
event: task_spawn; timestamp: 0; task: 95; pos: (16, -13); earliest_start: 0; latest_start: 929; state: PENDING; required_workers: 2; success_prob: 1; max_attempts: 1
event: task_spawn; timestamp: 0; task: 96; pos: (15, 4); earliest_start: 0; latest_start: 934; state: PENDING; required_workers: 2; success_prob: 1; max_attempts: 1
event: task_spawn; timestamp: 0; task: 97; pos: (-36, -32); earliest_start: 0; latest_start: 901; state: PENDING; required_workers: 3; success_prob: 1; max_attempts: 1
event: task_spawn; timestamp: 0; task: 98; pos: (-14, 2); earliest_start: 0; latest_start: 935; state: PENDING; required_workers: 3; success_prob: 1; max_attempts: 1
event: task_spawn; timestamp: 0; task: 99; pos: (-14, -15); earliest_start: 308; latest_start: 428; state: PENDING; required_workers: 3; success_prob: 1; max_attempts: 1
event: task_spawn; timestamp: 0; task: 100; pos: (-9, 17); earliest_start: 810; latest_start: 930; state: PENDING; required_workers: 3; success_prob: 1; max_attempts: 1
event: robot_spawn; timestamp: 0; robot: 1; pos: (0, 0); state: AVAILABLE; battery_level: 1000; battery_capacity: 1000; velocity: 1; battery_rate_nav: 0
event: robot_spawn; timestamp: 0; robot: 2; pos: (0, 0); state: AVAILABLE; battery_level: 1000; battery_capacity: 1000; velocity: 1; battery_rate_nav: 0
event: robot_spawn; timestamp: 0; robot: 3; pos: (0, 0); state: AVAILABLE; battery_level: 1000; battery_capacity: 1000; velocity: 1; battery_rate_nav: 0
event: robot_spawn; timestamp: 0; robot: 4; pos: (0, 0); state: AVAILABLE; battery_level: 1000; battery_capacity: 1000; velocity: 1; battery_rate_nav: 0
event: robot_spawn; timestamp: 0; robot: 5; pos: (0, 0); state: AVAILABLE; battery_level: 1000; battery_capacity: 1000; velocity: 1; battery_rate_nav: 0
event: robot_spawn; timestamp: 0; robot: 6; pos: (0, 0); state: AVAILABLE; battery_level: 1000; battery_capacity: 1000; velocity: 1; battery_rate_nav: 0
event: robot_spawn; timestamp: 0; robot: 7; pos: (0, 0); state: AVAILABLE; battery_level: 1000; battery_capacity: 1000; velocity: 1; battery_rate_nav: 0
event: robot_spawn; timestamp: 0; robot: 8; pos: (0, 0); state: AVAILABLE; battery_level: 1000; battery_capacity: 1000; velocity: 1; battery_rate_nav: 0
event: robot_spawn; timestamp: 0; robot: 9; pos: (0, 0); state: AVAILABLE; battery_level: 1000; battery_capacity: 1000; velocity: 1; battery_rate_nav: 0
event: robot_spawn; timestamp: 0; robot: 10; pos: (0, 0); state: AVAILABLE; battery_level: 1000; battery_capacity: 1000; velocity: 1; battery_rate_nav: 0
event: battery_consumption; timestamp: 0; robot: 6; time: 12.0416; initial_level: 1000; final_level: 1000
event: navigation; timestamp: 0; robot: 6; time: 12.0416; src: (0, 0); dst: (9, 8)
event: battery_consumption; timestamp: 0; robot: 8; time: 38.0789; initial_level: 1000; final_level: 1000
event: navigation; timestamp: 0; robot: 8; time: 38.0789; src: (0, 0); dst: (-35, -15)
event: battery_consumption; timestamp: 0; robot: 10; time: 40.3113; initial_level: 1000; final_level: 1000
event: navigation; timestamp: 0; robot: 10; time: 40.3113; src: (0, 0); dst: (20, 35)
event: battery_consumption; timestamp: 0; robot: 7; time: 38.2099; initial_level: 1000; final_level: 1000
event: navigation; timestamp: 0; robot: 7; time: 38.2099; src: (0, 0); dst: (-28, -26)
event: battery_consumption; timestamp: 0; robot: 3; time: 45.0444; initial_level: 1000; final_level: 1000
event: navigation; timestamp: 0; robot: 3; time: 45.0444; src: (0, 0); dst: (2, -45)
event: battery_consumption; timestamp: 0; robot: 5; time: 14.1421; initial_level: 1000; final_level: 1000
event: navigation; timestamp: 0; robot: 5; time: 14.1421; src: (0, 0); dst: (-10, 10)
event: battery_consumption; timestamp: 0; robot: 2; time: 36.0555; initial_level: 1000; final_level: 1000
event: navigation; timestamp: 0; robot: 2; time: 36.0555; src: (0, 0); dst: (-20, -30)
event: battery_consumption; timestamp: 0; robot: 1; time: 19.2354; initial_level: 1000; final_level: 1000
event: navigation; timestamp: 0; robot: 1; time: 19.2354; src: (0, 0); dst: (-9, 17)
event: battery_consumption; timestamp: 0; robot: 9; time: 33.541; initial_level: 1000; final_level: 1000
event: navigation; timestamp: 0; robot: 9; time: 33.541; src: (0, 0); dst: (15, -30)
event: battery_consumption; timestamp: 0; robot: 4; time: 26.9258; initial_level: 1000; final_level: 1000
event: navigation; timestamp: 0; robot: 4; time: 26.9258; src: (0, 0); dst: (-10, -25)
event: task_execution; timestamp: 12.0416; task: 81; robot: 6; pos: (9, 8); time: 10.1481
event: battery_consumption; timestamp: 12.0416; robot: 6; time: 10.1481; initial_level: 1000; final_level: 989.852
event: task_resolution; timestamp: 22.1897; task: 81; pos: (9, 8); status: COMPLETED; attempt: 1
event: battery_consumption; timestamp: 22.1897; robot: 6; time: 53.7587; initial_level: 989.852; final_level: 989.852
event: navigation; timestamp: 22.1897; robot: 6; time: 53.7587; src: (9, 8); dst: (0, -45)
event: task_execution; timestamp: 45.0444; task: 48; robot: 3; pos: (2, -45); time: 11.3931
event: battery_consumption; timestamp: 45.0444; robot: 3; time: 11.3931; initial_level: 1000; final_level: 988.607
event: task_resolution; timestamp: 56.4375; task: 48; pos: (2, -45); status: COMPLETED; attempt: 1
event: battery_consumption; timestamp: 56.4375; robot: 3; time: 42.2966; initial_level: 988.607; final_level: 988.607
event: navigation; timestamp: 56.4375; robot: 3; time: 42.2966; src: (2, -45); dst: (7, -3)
event: task_execution; timestamp: 75.9484; task: 21; robot: 6; pos: (0, -45); time: 9.80116
event: battery_consumption; timestamp: 75.9484; robot: 6; time: 9.80116; initial_level: 989.852; final_level: 980.051
event: task_resolution; timestamp: 85.7496; task: 21; pos: (0, -45); status: COMPLETED; attempt: 1
event: battery_consumption; timestamp: 85.7496; robot: 6; time: 7.28011; initial_level: 980.051; final_level: 980.051
event: navigation; timestamp: 85.7496; robot: 6; time: 7.28011; src: (0, -45); dst: (2, -38)
event: task_execution; timestamp: 359; task: 87; robot: 7; pos: (-28, -26); time: 8.70635
event: battery_consumption; timestamp: 359; robot: 7; time: 8.70635; initial_level: 1000; final_level: 988.682
event: task_resolution; timestamp: 367.706; task: 87; pos: (-28, -26); status: COMPLETED; attempt: 1
event: battery_consumption; timestamp: 367.706; robot: 7; time: 18.0278; initial_level: 988.682; final_level: 988.682
event: navigation; timestamp: 367.706; robot: 7; time: 18.0278; src: (-28, -26); dst: (-10, -25)
event: battery_consumption; timestamp: 449; robot: 10; time: 81.5843; initial_level: 1000; final_level: 1000
event: navigation; timestamp: 449; robot: 10; time: 81.5843; src: (20, 35); dst: (4, -45)
event: task_execution; timestamp: 440; task: 49; robot: 6; pos: (2, -38); time: 10.0466
event: battery_consumption; timestamp: 440; robot: 6; time: 10.0466; initial_level: 980.051; final_level: 970.004
event: task_resolution; timestamp: 450.047; task: 49; pos: (2, -38); status: COMPLETED; attempt: 1
event: battery_consumption; timestamp: 450.047; robot: 6; time: 28.6531; initial_level: 970.004; final_level: 970.004
event: navigation; timestamp: 450.047; robot: 6; time: 28.6531; src: (2, -38); dst: (16, -13)
event: battery_consumption; timestamp: 719; robot: 5; time: 35; initial_level: 1000; final_level: 1000
event: navigation; timestamp: 719; robot: 5; time: 35; src: (-10, 10); dst: (-10, -25)
event: task_execution; timestamp: 754; task: 57; robot: 4; pos: (-10, -25); time: 10.2353
event: battery_consumption; timestamp: 754; robot: 4; time: 10.2353; initial_level: 1000; final_level: 976.459
event: task_execution; timestamp: 754; task: 57; robot: 5; pos: (-10, -25); time: 10.2353
event: battery_consumption; timestamp: 754; robot: 5; time: 10.2353; initial_level: 1000; final_level: 976.459
event: task_execution; timestamp: 754; task: 57; robot: 7; pos: (-10, -25); time: 10.2353
event: battery_consumption; timestamp: 754; robot: 7; time: 10.2353; initial_level: 988.682; final_level: 965.141
event: task_resolution; timestamp: 764.235; task: 57; pos: (-10, -25); status: FAILED; attempt: 1
event: battery_consumption; timestamp: 764.235; robot: 5; time: 7.07107; initial_level: 976.459; final_level: 976.459
event: navigation; timestamp: 764.235; robot: 5; time: 7.07107; src: (-10, -25); dst: (-15, -20)
event: battery_consumption; timestamp: 764.235; robot: 4; time: 52.2015; initial_level: 976.459; final_level: 976.459
event: navigation; timestamp: 764.235; robot: 4; time: 52.2015; src: (-10, -25); dst: (-25, 25)
event: battery_consumption; timestamp: 764.235; robot: 7; time: 34.4093; initial_level: 965.141; final_level: 965.141
event: navigation; timestamp: 764.235; robot: 7; time: 34.4093; src: (-10, -25); dst: (-38, -5)
event: battery_consumption; timestamp: 765; robot: 2; time: 43.1045; initial_level: 1000; final_level: 1000
event: navigation; timestamp: 765; robot: 2; time: 43.1045; src: (-20, -30); dst: (23, -27)
event: battery_consumption; timestamp: 773; robot: 8; time: 51.0392; initial_level: 1000; final_level: 1000
event: navigation; timestamp: 773; robot: 8; time: 51.0392; src: (-35, -15); dst: (16, -13)
event: task_execution; timestamp: 798.645; task: 47; robot: 7; pos: (-38, -5); time: 9.74098
event: battery_consumption; timestamp: 798.645; robot: 7; time: 9.74098; initial_level: 965.141; final_level: 955.4
event: task_resolution; timestamp: 808.386; task: 47; pos: (-38, -5); status: COMPLETED; attempt: 1
event: battery_consumption; timestamp: 808.386; robot: 7; time: 26.2488; initial_level: 955.4; final_level: 955.4
event: navigation; timestamp: 808.386; robot: 7; time: 26.2488; src: (-38, -5); dst: (-30, -30)
event: task_execution; timestamp: 808.105; task: 85; robot: 2; pos: (23, -27); time: 10.784
event: battery_consumption; timestamp: 808.105; robot: 2; time: 10.784; initial_level: 1000; final_level: 997.843
event: task_resolution; timestamp: 818.889; task: 85; pos: (23, -27); status: COMPLETED; attempt: 1
event: battery_consumption; timestamp: 818.889; robot: 2; time: 22.4722; initial_level: 997.843; final_level: 997.843
event: navigation; timestamp: 818.889; robot: 2; time: 22.4722; src: (23, -27); dst: (2, -35)
event: task_execution; timestamp: 816.437; task: 7; robot: 4; pos: (-25, 25); time: 9.2889
event: battery_consumption; timestamp: 816.437; robot: 4; time: 9.2889; initial_level: 976.459; final_level: 957.881
event: task_resolution; timestamp: 825.726; task: 7; pos: (-25, 25); status: COMPLETED; attempt: 1
event: battery_consumption; timestamp: 825.726; robot: 4; time: 72.8011; initial_level: 957.881; final_level: 957.881
event: navigation; timestamp: 825.726; robot: 4; time: 72.8011; src: (-25, 25); dst: (-5, -45)
event: task_execution; timestamp: 824.039; task: 95; robot: 6; pos: (16, -13); time: 8.74154
event: battery_consumption; timestamp: 824.039; robot: 6; time: 8.74154; initial_level: 970.004; final_level: 964.759
event: task_execution; timestamp: 824.039; task: 95; robot: 8; pos: (16, -13); time: 8.74154
event: battery_consumption; timestamp: 824.039; robot: 8; time: 8.74154; initial_level: 1000; final_level: 994.755
event: task_resolution; timestamp: 832.781; task: 95; pos: (16, -13); status: COMPLETED; attempt: 1
event: battery_consumption; timestamp: 832.781; robot: 6; time: 28.8617; initial_level: 964.759; final_level: 964.759
event: navigation; timestamp: 832.781; robot: 6; time: 28.8617; src: (16, -13); dst: (23, 15)
event: battery_consumption; timestamp: 832.781; robot: 8; time: 31.7805; initial_level: 994.755; final_level: 994.755
event: navigation; timestamp: 832.781; robot: 8; time: 31.7805; src: (16, -13); dst: (-15, -20)
event: task_execution; timestamp: 864.561; task: 52; robot: 5; pos: (-15, -20); time: 13.1488
event: battery_consumption; timestamp: 864.561; robot: 5; time: 13.1488; initial_level: 976.459; final_level: 972.514
event: task_execution; timestamp: 864.561; task: 52; robot: 8; pos: (-15, -20); time: 13.1488
event: battery_consumption; timestamp: 864.561; robot: 8; time: 13.1488; initial_level: 994.755; final_level: 990.81
event: task_resolution; timestamp: 877.71; task: 52; pos: (-15, -20); status: FAILED; attempt: 1
event: battery_consumption; timestamp: 877.71; robot: 8; time: 67; initial_level: 990.81; final_level: 990.81
event: navigation; timestamp: 877.71; robot: 8; time: 67; src: (-15, -20); dst: (52, -20)
event: battery_consumption; timestamp: 877.71; robot: 5; time: 42.4264; initial_level: 972.514; final_level: 972.514
event: navigation; timestamp: 877.71; robot: 5; time: 42.4264; src: (-15, -20); dst: (15, 10)
event: battery_consumption; timestamp: 904; robot: 10; time: 29.8329; initial_level: 1000; final_level: 1000
event: navigation; timestamp: 904; robot: 10; time: 29.8329; src: (4, -45); dst: (-19, -26)
event: battery_consumption; timestamp: 904; robot: 4; time: 39.5601; initial_level: 957.881; final_level: 957.881
event: navigation; timestamp: 904; robot: 4; time: 39.5601; src: (-5, -45); dst: (9, -8)
event: battery_consumption; timestamp: 907; robot: 7; time: 29.1548; initial_level: 955.4; final_level: 955.4
event: navigation; timestamp: 907; robot: 7; time: 29.1548; src: (-30, -30); dst: (-3, -19)
event: task_resolution; timestamp: 908.893; task: 25; pos: (-5, -45); status: COMPLETED; attempt: 1
event: battery_consumption; timestamp: 914; robot: 2; time: 63.2456; initial_level: 997.843; final_level: 997.843
event: navigation; timestamp: 914; robot: 2; time: 63.2456; src: (2, -35); dst: (-18, 25)
event: battery_consumption; timestamp: 916; robot: 9; time: 28.1603; initial_level: 1000; final_level: 1000
event: navigation; timestamp: 916; robot: 9; time: 28.1603; src: (15, -30); dst: (7, -3)
event: battery_consumption; timestamp: 922; robot: 6; time: 28.2843; initial_level: 964.759; final_level: 964.759
event: navigation; timestamp: 922; robot: 6; time: 28.2843; src: (23, 15); dst: (-5, 19)
event: battery_consumption; timestamp: 930; robot: 1; time: 30.8058; initial_level: 1000; final_level: 1000
event: navigation; timestamp: 930; robot: 1; time: 30.8058; src: (-9, 17); dst: (9, -8)
event: battery_consumption; timestamp: 931; robot: 5; time: 6; initial_level: 972.514; final_level: 972.514
event: navigation; timestamp: 931; robot: 5; time: 6; src: (15, 10); dst: (15, 4)
event: battery_consumption; timestamp: 934; robot: 5; time: 29.0689; initial_level: 972.514; final_level: 972.514
event: navigation; timestamp: 934; robot: 5; time: 29.0689; src: (15, 4); dst: (-14, 2)
event: battery_consumption; timestamp: 935; robot: 5; time: 21.587; initial_level: 972.514; final_level: 972.514
event: navigation; timestamp: 935; robot: 5; time: 21.587; src: (-14, 2); dst: (7, -3)
event: task_execution; timestamp: 933.833; task: 86; robot: 10; pos: (-19, -26); time: 10.4531
event: battery_consumption; timestamp: 933.833; robot: 10; time: 10.4531; initial_level: 1000; final_level: 970.731
event: task_resolution; timestamp: 944.286; task: 86; pos: (-19, -26); status: COMPLETED; attempt: 1
event: battery_consumption; timestamp: 944.286; robot: 10; time: 28.0179; initial_level: 970.731; final_level: 970.731
event: navigation; timestamp: 944.286; robot: 10; time: 28.0179; src: (-19, -26); dst: (-3, -3)
event: task_execution; timestamp: 936.155; task: 83; robot: 7; pos: (-3, -19); time: 11.1432
event: battery_consumption; timestamp: 936.155; robot: 7; time: 11.1432; initial_level: 955.4; final_level: 939.799
event: task_resolution; timestamp: 947.298; task: 83; pos: (-3, -19); status: COMPLETED; attempt: 1
event: battery_consumption; timestamp: 947.298; robot: 7; time: 19.2354; initial_level: 939.799; final_level: 939.799
event: navigation; timestamp: 947.298; robot: 7; time: 19.2354; src: (-3, -19); dst: (0, 0)
event: robot_finished; timestamp: 966.533; robot: 7; pos: (0, 0); battery: 939.799
event: task_execution; timestamp: 944.71; task: 28; robot: 8; pos: (52, -20); time: 9.919
event: battery_consumption; timestamp: 944.71; robot: 8; time: 9.919; initial_level: 990.81; final_level: 980.891
event: task_resolution; timestamp: 954.629; task: 28; pos: (52, -20); status: FAILED; attempt: 1
event: battery_consumption; timestamp: 954.629; robot: 8; time: 55.7136; initial_level: 980.891; final_level: 980.891
event: navigation; timestamp: 954.629; robot: 8; time: 55.7136; src: (52, -20); dst: (0, 0)
event: robot_finished; timestamp: 1010.34; robot: 8; pos: (0, 0); battery: 980.891
event: task_execution; timestamp: 950.284; task: 70; robot: 6; pos: (-5, 19); time: 9.49602
event: battery_consumption; timestamp: 950.284; robot: 6; time: 9.49602; initial_level: 964.759; final_level: 942.918
event: task_resolution; timestamp: 959.78; task: 70; pos: (-5, 19); status: COMPLETED; attempt: 1
event: battery_consumption; timestamp: 959.78; robot: 6; time: 19.6469; initial_level: 942.918; final_level: 942.918
event: navigation; timestamp: 959.78; robot: 6; time: 19.6469; src: (-5, 19); dst: (0, 0)
event: robot_finished; timestamp: 979.427; robot: 6; pos: (0, 0); battery: 942.918
event: task_execution; timestamp: 956.587; task: 80; robot: 3; pos: (7, -3); time: 9.88546
event: battery_consumption; timestamp: 956.587; robot: 3; time: 9.88546; initial_level: 988.607; final_level: 975.756
event: task_execution; timestamp: 956.587; task: 80; robot: 5; pos: (7, -3); time: 9.88546
event: battery_consumption; timestamp: 956.587; robot: 5; time: 9.88546; initial_level: 972.514; final_level: 959.663
event: task_execution; timestamp: 956.587; task: 80; robot: 9; pos: (7, -3); time: 9.88546
event: battery_consumption; timestamp: 956.587; robot: 9; time: 9.88546; initial_level: 1000; final_level: 987.149
event: task_resolution; timestamp: 966.472; task: 80; pos: (7, -3); status: FAILED; attempt: 1
event: battery_consumption; timestamp: 966.472; robot: 9; time: 7.61577; initial_level: 987.149; final_level: 987.149
event: navigation; timestamp: 966.472; robot: 9; time: 7.61577; src: (7, -3); dst: (0, 0)
event: robot_finished; timestamp: 974.088; robot: 9; pos: (0, 0); battery: 987.149
event: battery_consumption; timestamp: 966.472; robot: 5; time: 7.61577; initial_level: 959.663; final_level: 959.663
event: navigation; timestamp: 966.472; robot: 5; time: 7.61577; src: (7, -3); dst: (0, 0)
event: robot_finished; timestamp: 974.088; robot: 5; pos: (0, 0); battery: 959.663
event: battery_consumption; timestamp: 966.472; robot: 3; time: 7.61577; initial_level: 975.756; final_level: 975.756
event: navigation; timestamp: 966.472; robot: 3; time: 7.61577; src: (7, -3); dst: (0, 0)
event: robot_finished; timestamp: 974.088; robot: 3; pos: (0, 0); battery: 975.756
event: task_execution; timestamp: 960.806; task: 91; robot: 1; pos: (9, -8); time: 8.80073
event: battery_consumption; timestamp: 960.806; robot: 1; time: 8.80073; initial_level: 1000; final_level: 988.559
event: task_execution; timestamp: 960.806; task: 91; robot: 4; pos: (9, -8); time: 8.80073
event: battery_consumption; timestamp: 960.806; robot: 4; time: 8.80073; initial_level: 957.881; final_level: 946.44
event: task_resolution; timestamp: 969.607; task: 91; pos: (9, -8); status: COMPLETED; attempt: 1
event: battery_consumption; timestamp: 969.607; robot: 1; time: 12.0416; initial_level: 988.559; final_level: 988.559
event: navigation; timestamp: 969.607; robot: 1; time: 12.0416; src: (9, -8); dst: (0, 0)
event: robot_finished; timestamp: 981.648; robot: 1; pos: (0, 0); battery: 988.559
event: battery_consumption; timestamp: 969.607; robot: 4; time: 12.0416; initial_level: 946.44; final_level: 946.44
event: navigation; timestamp: 969.607; robot: 4; time: 12.0416; src: (9, -8); dst: (0, 0)
event: robot_finished; timestamp: 981.648; robot: 4; pos: (0, 0); battery: 946.44
event: task_execution; timestamp: 972.304; task: 90; robot: 10; pos: (-3, -3); time: 7.50539
event: battery_consumption; timestamp: 972.304; robot: 10; time: 7.50539; initial_level: 970.731; final_level: 966.228
event: task_resolution; timestamp: 979.809; task: 90; pos: (-3, -3); status: COMPLETED; attempt: 1
event: battery_consumption; timestamp: 979.809; robot: 10; time: 4.24264; initial_level: 966.228; final_level: 966.228
event: navigation; timestamp: 979.809; robot: 10; time: 4.24264; src: (-3, -3); dst: (0, 0)
event: robot_finished; timestamp: 984.052; robot: 10; pos: (0, 0); battery: 966.228
event: task_execution; timestamp: 977.246; task: 2; robot: 2; pos: (-18, 25); time: 9.51081
event: battery_consumption; timestamp: 977.246; robot: 2; time: 9.51081; initial_level: 997.843; final_level: 969.311
event: task_resolution; timestamp: 986.756; task: 2; pos: (-18, 25); status: FAILED; attempt: 1
event: battery_consumption; timestamp: 986.756; robot: 2; time: 30.8058; initial_level: 969.311; final_level: 969.311
event: navigation; timestamp: 986.756; robot: 2; time: 30.8058; src: (-18, 25); dst: (0, 0)
event: robot_finished; timestamp: 1017.56; robot: 2; pos: (0, 0); battery: 969.311
metric: available_agents; value: 0
metric: failed_agents; value: 0
metric: finished_agents; value: 10
metric: completed_tasks; value: 15
metric: pending_tasks; value: 0
metric: failed_tasks; value: 85
metric: average_robot_makespan; value: 984.348
metric: sd_robot_makespan; value: 16.5023
metric: max_robot_makespan; value: 1017.56
metric: min_robot_makespan; value: 966.533
metric: average_robot_travel_distance; value: 155.99
metric: sd_robot_travel_distance; value: 60.5486
metric: max_robot_travel_distance; value: 243.612
metric: min_robot_travel_distance; value: 62.0828
metric: sum_robot_travel_distance; value: 1559.9
metric: average_completed_tasks_by_robot; value: 0
metric: sd_completed_tasks_by_robot; value: 0
metric: max_completed_tasks_by_robot; value: 0
metric: min_completed_tasks_by_robot; value: 0
metric: final_reward; value: 0.15
metric: computing_time; value: 0.00364449
