info: solver_name; value: cbaa
info: reward_function; value: reward00
info: replica; value: 1
info: filename; value: ../logs/prueba/rc203_10r_100t_b0f5abc8_cbaa_reward00_001.log
info: scenario_name; value: rc203_10r_100t_b0f5abc8
info: scenario_name; value: rc203_10r_100t_b0f5abc8
info: number_of_tasks; value: 100
info: number_of_robots; value: 10
info: number_of_recharging_stations; value: 1
info: scenario_size; value: (132,132)
event: recharging_station_spawn; timestamp: 0; recharging_station: 1; pos: (0, 0)
event: task_spawn; timestamp: 0; task: 1; pos: (-15, 35); earliest_start: 0; latest_start: 911; state: PENDING; required_workers: 1; success_prob: 0.2; max_attempts: 1
event: task_spawn; timestamp: 0; task: 2; pos: (-18, 25); earliest_start: 0; latest_start: 919; state: PENDING; required_workers: 1; success_prob: 0.2; max_attempts: 1
event: task_spawn; timestamp: 0; task: 3; pos: (-18, 35); earliest_start: 0; latest_start: 910; state: PENDING; required_workers: 1; success_prob: 0.2; max_attempts: 1
event: task_spawn; timestamp: 0; task: 4; pos: (-20, 30); earliest_start: 644; latest_start: 764; state: PENDING; required_workers: 1; success_prob: 0.2; max_attempts: 1
event: task_spawn; timestamp: 0; task: 5; pos: (-20, 35); earliest_start: 0; latest_start: 909; state: PENDING; required_workers: 1; success_prob: 0.2; max_attempts: 1
event: task_spawn; timestamp: 0; task: 6; pos: (-22, 25); earliest_start: 388; latest_start: 508; state: PENDING; required_workers: 1; success_prob: 0.2; max_attempts: 1
event: task_spawn; timestamp: 0; task: 7; pos: (-25, 25); earliest_start: 0; latest_start: 914; state: PENDING; required_workers: 1; success_prob: 0.2; max_attempts: 1
event: task_spawn; timestamp: 0; task: 8; pos: (-25, 30); earliest_start: 367; latest_start: 487; state: PENDING; required_workers: 1; success_prob: 0.2; max_attempts: 1
event: task_spawn; timestamp: 0; task: 9; pos: (-30, -15); earliest_start: 371; latest_start: 491; state: PENDING; required_workers: 1; success_prob: 0.2; max_attempts: 1
event: task_spawn; timestamp: 0; task: 10; pos: (-30, -10); earliest_start: 519; latest_start: 639; state: PENDING; required_workers: 1; success_prob: 0.2; max_attempts: 1
event: task_spawn; timestamp: 0; task: 11; pos: (-32, -10); earliest_start: 195; latest_start: 315; state: PENDING; required_workers: 2; success_prob: 0.2; max_attempts: 1
event: task_spawn; timestamp: 0; task: 12; pos: (-32, -5); earliest_start: 0; latest_start: 917; state: PENDING; required_workers: 2; success_prob: 0.2; max_attempts: 1
event: task_spawn; timestamp: 0; task: 13; pos: (-35, -15); earliest_start: 653; latest_start: 773; state: PENDING; required_workers: 2; success_prob: 0.2; max_attempts: 1
event: task_spawn; timestamp: 0; task: 14; pos: (-35, -5); earliest_start: 0; latest_start: 914; state: PENDING; required_workers: 2; success_prob: 0.2; max_attempts: 1
event: task_spawn; timestamp: 0; task: 15; pos: (-38, -10); earliest_start: 174; latest_start: 294; state: PENDING; required_workers: 2; success_prob: 0.2; max_attempts: 1
event: task_spawn; timestamp: 0; task: 16; pos: (-40, -10); earliest_start: 0; latest_start: 908; state: PENDING; required_workers: 2; success_prob: 0.2; max_attempts: 1
event: task_spawn; timestamp: 0; task: 17; pos: (-40, -5); earliest_start: 703; latest_start: 823; state: PENDING; required_workers: 3; success_prob: 0.2; max_attempts: 1
event: task_spawn; timestamp: 0; task: 18; pos: (4, -45); earliest_start: 0; latest_start: 904; state: PENDING; required_workers: 3; success_prob: 0.2; max_attempts: 1
event: task_spawn; timestamp: 0; task: 19; pos: (2, -40); earliest_start: 0; latest_start: 909; state: PENDING; required_workers: 3; success_prob: 0.2; max_attempts: 1
event: task_spawn; timestamp: 0; task: 20; pos: (2, -35); earliest_start: 0; latest_start: 914; state: PENDING; required_workers: 3; success_prob: 0.2; max_attempts: 1
event: task_spawn; timestamp: 0; task: 21; pos: (0, -45); earliest_start: 0; latest_start: 905; state: PENDING; required_workers: 1; success_prob: 0.4; max_attempts: 1
event: task_spawn; timestamp: 0; task: 22; pos: (0, -35); earliest_start: 375; latest_start: 495; state: PENDING; required_workers: 1; success_prob: 0.4; max_attempts: 1
event: task_spawn; timestamp: 0; task: 23; pos: (-2, -45); earliest_start: 201; latest_start: 321; state: PENDING; required_workers: 1; success_prob: 0.4; max_attempts: 1
event: task_spawn; timestamp: 0; task: 24; pos: (-2, -35); earliest_start: 0; latest_start: 914; state: PENDING; required_workers: 1; success_prob: 0.4; max_attempts: 1
event: task_spawn; timestamp: 0; task: 25; pos: (-5, -45); earliest_start: 784; latest_start: 904; state: PENDING; required_workers: 1; success_prob: 0.4; max_attempts: 1
event: task_spawn; timestamp: 0; task: 26; pos: (55, -20); earliest_start: 0; latest_start: 891; state: PENDING; required_workers: 1; success_prob: 0.4; max_attempts: 1
event: task_spawn; timestamp: 0; task: 27; pos: (55, -15); earliest_start: 146; latest_start: 266; state: PENDING; required_workers: 1; success_prob: 0.4; max_attempts: 1
event: task_spawn; timestamp: 0; task: 28; pos: (52, -20); earliest_start: 0; latest_start: 894; state: PENDING; required_workers: 1; success_prob: 0.4; max_attempts: 1
event: task_spawn; timestamp: 0; task: 29; pos: (50, -15); earliest_start: 0; latest_start: 897; state: PENDING; required_workers: 1; success_prob: 0.4; max_attempts: 1
event: task_spawn; timestamp: 0; task: 30; pos: (48, -20); earliest_start: 246; latest_start: 366; state: PENDING; required_workers: 1; success_prob: 0.4; max_attempts: 1
event: task_spawn; timestamp: 0; task: 31; pos: (48, -15); earliest_start: 0; latest_start: 899; state: PENDING; required_workers: 2; success_prob: 0.4; max_attempts: 1
event: task_spawn; timestamp: 0; task: 32; pos: (47, -20); earliest_start: 0; latest_start: 898; state: PENDING; required_workers: 2; success_prob: 0.4; max_attempts: 1
event: task_spawn; timestamp: 0; task: 33; pos: (45, -25); earliest_start: 80; latest_start: 200; state: PENDING; required_workers: 2; success_prob: 0.4; max_attempts: 1
event: task_spawn; timestamp: 0; task: 34; pos: (45, -15); earliest_start: 0; latest_start: 902; state: PENDING; required_workers: 2; success_prob: 0.4; max_attempts: 1
event: task_spawn; timestamp: 0; task: 35; pos: (27, 35); earliest_start: 657; latest_start: 777; state: PENDING; required_workers: 2; success_prob: 0.4; max_attempts: 1
event: task_spawn; timestamp: 0; task: 36; pos: (25, 35); earliest_start: 43; latest_start: 163; state: PENDING; required_workers: 2; success_prob: 0.4; max_attempts: 1
event: task_spawn; timestamp: 0; task: 37; pos: (25, 32); earliest_start: 0; latest_start: 909; state: PENDING; required_workers: 3; success_prob: 0.4; max_attempts: 1
event: task_spawn; timestamp: 0; task: 38; pos: (22, 30); earliest_start: 278; latest_start: 398; state: PENDING; required_workers: 3; success_prob: 0.4; max_attempts: 1
event: task_spawn; timestamp: 0; task: 39; pos: (20, 30); earliest_start: 64; latest_start: 184; state: PENDING; required_workers: 3; success_prob: 0.4; max_attempts: 1
event: task_spawn; timestamp: 0; task: 40; pos: (20, 35); earliest_start: 329; latest_start: 449; state: PENDING; required_workers: 3; success_prob: 0.4; max_attempts: 1
event: task_spawn; timestamp: 0; task: 41; pos: (18, 25); earliest_start: 376; latest_start: 496; state: PENDING; required_workers: 1; success_prob: 0.6; max_attempts: 1
event: task_spawn; timestamp: 0; task: 42; pos: (15, 30); earliest_start: 33; latest_start: 153; state: PENDING; required_workers: 1; success_prob: 0.6; max_attempts: 1
event: task_spawn; timestamp: 0; task: 43; pos: (15, 35); earliest_start: 0; latest_start: 911; state: PENDING; required_workers: 1; success_prob: 0.6; max_attempts: 1
event: task_spawn; timestamp: 0; task: 44; pos: (15, 32); earliest_start: 217; latest_start: 337; state: PENDING; required_workers: 1; success_prob: 0.6; max_attempts: 1
event: task_spawn; timestamp: 0; task: 45; pos: (-20, 32); earliest_start: 37; latest_start: 157; state: PENDING; required_workers: 1; success_prob: 0.6; max_attempts: 1
event: task_spawn; timestamp: 0; task: 46; pos: (-22, 30); earliest_start: 0; latest_start: 912; state: PENDING; required_workers: 1; success_prob: 0.6; max_attempts: 1
event: task_spawn; timestamp: 0; task: 47; pos: (-38, -5); earliest_start: 0; latest_start: 911; state: PENDING; required_workers: 1; success_prob: 0.6; max_attempts: 1
event: task_spawn; timestamp: 0; task: 48; pos: (2, -45); earliest_start: 0; latest_start: 904; state: PENDING; required_workers: 1; success_prob: 0.6; max_attempts: 1
event: task_spawn; timestamp: 0; task: 49; pos: (2, -38); earliest_start: 440; latest_start: 560; state: PENDING; required_workers: 1; success_prob: 0.6; max_attempts: 1
event: task_spawn; timestamp: 0; task: 50; pos: (32, -15); earliest_start: 0; latest_start: 914; state: PENDING; required_workers: 1; success_prob: 0.6; max_attempts: 1
event: task_spawn; timestamp: 0; task: 51; pos: (15, -30); earliest_start: 0; latest_start: 916; state: PENDING; required_workers: 2; success_prob: 0.6; max_attempts: 1
event: task_spawn; timestamp: 0; task: 52; pos: (-15, -20); earliest_start: 0; latest_start: 925; state: PENDING; required_workers: 2; success_prob: 0.6; max_attempts: 1
event: task_spawn; timestamp: 0; task: 53; pos: (-20, 0); earliest_start: 375; latest_start: 495; state: PENDING; required_workers: 2; success_prob: 0.6; max_attempts: 1
event: task_spawn; timestamp: 0; task: 54; pos: (15, 10); earliest_start: 0; latest_start: 931; state: PENDING; required_workers: 2; success_prob: 0.6; max_attempts: 1
event: task_spawn; timestamp: 0; task: 55; pos: (-10, 10); earliest_start: 599; latest_start: 719; state: PENDING; required_workers: 2; success_prob: 0.6; max_attempts: 1
event: task_spawn; timestamp: 0; task: 56; pos: (10, -15); earliest_start: 557; latest_start: 677; state: PENDING; required_workers: 2; success_prob: 0.6; max_attempts: 1
event: task_spawn; timestamp: 0; task: 57; pos: (-10, -25); earliest_start: 0; latest_start: 923; state: PENDING; required_workers: 3; success_prob: 0.6; max_attempts: 1
event: task_spawn; timestamp: 0; task: 58; pos: (-25, -40); earliest_start: 782; latest_start: 902; state: PENDING; required_workers: 3; success_prob: 0.6; max_attempts: 1
event: task_spawn; timestamp: 0; task: 59; pos: (-30, -30); earliest_start: 0; latest_start: 907; state: PENDING; required_workers: 3; success_prob: 0.6; max_attempts: 1
event: task_spawn; timestamp: 0; task: 60; pos: (-25, 10); earliest_start: 0; latest_start: 923; state: PENDING; required_workers: 3; success_prob: 0.6; max_attempts: 1
event: task_spawn; timestamp: 0; task: 61; pos: (5, 15); earliest_start: 0; latest_start: 934; state: PENDING; required_workers: 1; success_prob: 0.8; max_attempts: 1
event: task_spawn; timestamp: 0; task: 62; pos: (25, -15); earliest_start: 167; latest_start: 287; state: PENDING; required_workers: 1; success_prob: 0.8; max_attempts: 1
event: task_spawn; timestamp: 0; task: 63; pos: (25, -30); earliest_start: 0; latest_start: 910; state: PENDING; required_workers: 1; success_prob: 0.8; max_attempts: 1
event: task_spawn; timestamp: 0; task: 64; pos: (5, -20); earliest_start: 191; latest_start: 311; state: PENDING; required_workers: 1; success_prob: 0.8; max_attempts: 1
event: task_spawn; timestamp: 0; task: 65; pos: (-5, -10); earliest_start: 11; latest_start: 131; state: PENDING; required_workers: 1; success_prob: 0.8; max_attempts: 1
event: task_spawn; timestamp: 0; task: 66; pos: (1, -13); earliest_start: 566; latest_start: 686; state: PENDING; required_workers: 1; success_prob: 0.8; max_attempts: 1
event: task_spawn; timestamp: 0; task: 67; pos: (24, -8); earliest_start: 268; latest_start: 388; state: PENDING; required_workers: 1; success_prob: 0.8; max_attempts: 1
event: task_spawn; timestamp: 0; task: 68; pos: (0, 10); earliest_start: 612; latest_start: 732; state: PENDING; required_workers: 1; success_prob: 0.8; max_attempts: 1
event: task_spawn; timestamp: 0; task: 69; pos: (-9, 2); earliest_start: 157; latest_start: 277; state: PENDING; required_workers: 1; success_prob: 0.8; max_attempts: 1
event: task_spawn; timestamp: 0; task: 70; pos: (-5, 19); earliest_start: 810; latest_start: 930; state: PENDING; required_workers: 1; success_prob: 0.8; max_attempts: 1
event: task_spawn; timestamp: 0; task: 71; pos: (25, 5); earliest_start: 0; latest_start: 924; state: PENDING; required_workers: 2; success_prob: 0.8; max_attempts: 1
event: task_spawn; timestamp: 0; task: 72; pos: (23, 15); earliest_start: 0; latest_start: 922; state: PENDING; required_workers: 2; success_prob: 0.8; max_attempts: 1
event: task_spawn; timestamp: 0; task: 73; pos: (-38, 10); earliest_start: 0; latest_start: 910; state: PENDING; required_workers: 2; success_prob: 0.8; max_attempts: 1
event: task_spawn; timestamp: 0; task: 74; pos: (-20, -30); earliest_start: 645; latest_start: 765; state: PENDING; required_workers: 2; success_prob: 0.8; max_attempts: 1
event: task_spawn; timestamp: 0; task: 75; pos: (-35, -45); earliest_start: 0; latest_start: 892; state: PENDING; required_workers: 2; success_prob: 0.8; max_attempts: 1
event: task_spawn; timestamp: 0; task: 76; pos: (20, -38); earliest_start: 268; latest_start: 388; state: PENDING; required_workers: 2; success_prob: 0.8; max_attempts: 1
event: task_spawn; timestamp: 0; task: 77; pos: (-17, -47); earliest_start: 764; latest_start: 884; state: PENDING; required_workers: 3; success_prob: 0.8; max_attempts: 1
event: task_spawn; timestamp: 0; task: 78; pos: (-32, 6); earliest_start: 365; latest_start: 485; state: PENDING; required_workers: 3; success_prob: 0.8; max_attempts: 1
event: task_spawn; timestamp: 0; task: 79; pos: (-34, 18); earliest_start: 352; latest_start: 472; state: PENDING; required_workers: 3; success_prob: 0.8; max_attempts: 1
event: task_spawn; timestamp: 0; task: 80; pos: (7, -3); earliest_start: 822; latest_start: 942; state: PENDING; required_workers: 3; success_prob: 0.8; max_attempts: 1
event: task_spawn; timestamp: 0; task: 81; pos: (9, 8); earliest_start: 0; latest_start: 937; state: PENDING; required_workers: 1; success_prob: 1; max_attempts: 1
event: task_spawn; timestamp: 0; task: 82; pos: (-13, -7); earliest_start: 0; latest_start: 935; state: PENDING; required_workers: 1; success_prob: 1; max_attempts: 1
event: task_spawn; timestamp: 0; task: 83; pos: (-3, -19); earliest_start: 0; latest_start: 930; state: PENDING; required_workers: 1; success_prob: 1; max_attempts: 1
event: task_spawn; timestamp: 0; task: 84; pos: (17, -21); earliest_start: 395; latest_start: 515; state: PENDING; required_workers: 1; success_prob: 1; max_attempts: 1
event: task_spawn; timestamp: 0; task: 85; pos: (23, -27); earliest_start: 0; latest_start: 914; state: PENDING; required_workers: 1; success_prob: 1; max_attempts: 1
event: task_spawn; timestamp: 0; task: 86; pos: (-19, -26); earliest_start: 0; latest_start: 917; state: PENDING; required_workers: 1; success_prob: 1; max_attempts: 1
event: task_spawn; timestamp: 0; task: 87; pos: (-28, -26); earliest_start: 359; latest_start: 479; state: PENDING; required_workers: 1; success_prob: 1; max_attempts: 1
event: task_spawn; timestamp: 0; task: 88; pos: (-16, 8); earliest_start: 260; latest_start: 380; state: PENDING; required_workers: 1; success_prob: 1; max_attempts: 1
event: task_spawn; timestamp: 0; task: 89; pos: (27, -45); earliest_start: 0; latest_start: 897; state: PENDING; required_workers: 1; success_prob: 1; max_attempts: 1
event: task_spawn; timestamp: 0; task: 90; pos: (-3, -3); earliest_start: 0; latest_start: 945; state: PENDING; required_workers: 1; success_prob: 1; max_attempts: 1
event: task_spawn; timestamp: 0; task: 91; pos: (9, -8); earliest_start: 0; latest_start: 937; state: PENDING; required_workers: 2; success_prob: 1; max_attempts: 1
event: task_spawn; timestamp: 0; task: 92; pos: (13, -7); earliest_start: 14; latest_start: 134; state: PENDING; required_workers: 2; success_prob: 1; max_attempts: 1
event: task_spawn; timestamp: 0; task: 93; pos: (21, 2); earliest_start: 808; latest_start: 928; state: PENDING; required_workers: 2; success_prob: 1; max_attempts: 1
event: task_spawn; timestamp: 0; task: 94; pos: (17, -2); earliest_start: 0; latest_start: 932; state: PENDING; required_workers: 2; success_prob: 1; max_attempts: 1
event: task_spawn; timestamp: 0; task: 95; pos: (16, -13); earliest_start: 0; latest_start: 929; state: PENDING; required_workers: 2; success_prob: 1; max_attempts: 1
event: task_spawn; timestamp: 0; task: 96; pos: (15, 4); earliest_start: 0; latest_start: 934; state: PENDING; required_workers: 2; success_prob: 1; max_attempts: 1
event: task_spawn; timestamp: 0; task: 97; pos: (-36, -32); earliest_start: 0; latest_start: 901; state: PENDING; required_workers: 3; success_prob: 1; max_attempts: 1
event: task_spawn; timestamp: 0; task: 98; pos: (-14, 2); earliest_start: 0; latest_start: 935; state: PENDING; required_workers: 3; success_prob: 1; max_attempts: 1
event: task_spawn; timestamp: 0; task: 99; pos: (-14, -15); earliest_start: 308; latest_start: 428; state: PENDING; required_workers: 3; success_prob: 1; max_attempts: 1
event: task_spawn; timestamp: 0; task: 100; pos: (-9, 17); earliest_start: 810; latest_start: 930; state: PENDING; required_workers: 3; success_prob: 1; max_attempts: 1
event: robot_spawn; timestamp: 0; robot: 1; pos: (0, 0); state: AVAILABLE; battery_level: 1000; battery_capacity: 1000; velocity: 1; battery_rate_nav: 0
event: robot_spawn; timestamp: 0; robot: 2; pos: (0, 0); state: AVAILABLE; battery_level: 1000; battery_capacity: 1000; velocity: 1; battery_rate_nav: 0
event: robot_spawn; timestamp: 0; robot: 3; pos: (0, 0); state: AVAILABLE; battery_level: 1000; battery_capacity: 1000; velocity: 1; battery_rate_nav: 0
event: robot_spawn; timestamp: 0; robot: 4; pos: (0, 0); state: AVAILABLE; battery_level: 1000; battery_capacity: 1000; velocity: 1; battery_rate_nav: 0
event: robot_spawn; timestamp: 0; robot: 5; pos: (0, 0); state: AVAILABLE; battery_level: 1000; battery_capacity: 1000; velocity: 1; battery_rate_nav: 0
event: robot_spawn; timestamp: 0; robot: 6; pos: (0, 0); state: AVAILABLE; battery_level: 1000; battery_capacity: 1000; velocity: 1; battery_rate_nav: 0
event: robot_spawn; timestamp: 0; robot: 7; pos: (0, 0); state: AVAILABLE; battery_level: 1000; battery_capacity: 1000; velocity: 1; battery_rate_nav: 0
event: robot_spawn; timestamp: 0; robot: 8; pos: (0, 0); state: AVAILABLE; battery_level: 1000; battery_capacity: 1000; velocity: 1; battery_rate_nav: 0
event: robot_spawn; timestamp: 0; robot: 9; pos: (0, 0); state: AVAILABLE; battery_level: 1000; battery_capacity: 1000; velocity: 1; battery_rate_nav: 0
event: robot_spawn; timestamp: 0; robot: 10; pos: (0, 0); state: AVAILABLE; battery_level: 1000; battery_capacity: 1000; velocity: 1; battery_rate_nav: 0
event: robot_finished; timestamp: 0; robot: 6; pos: (0, 0); battery: 1000
event: robot_finished; timestamp: 0; robot: 7; pos: (0, 0); battery: 1000
event: robot_finished; timestamp: 0; robot: 5; pos: (0, 0); battery: 1000
event: battery_consumption; timestamp: 0; robot: 3; time: 14.1421; initial_level: 1000; final_level: 1000
event: navigation; timestamp: 0; robot: 3; time: 14.1421; src: (0, 0); dst: (-14, 2)
event: robot_finished; timestamp: 0; robot: 8; pos: (0, 0); battery: 1000
event: robot_finished; timestamp: 0; robot: 10; pos: (0, 0); battery: 1000
event: battery_consumption; timestamp: 0; robot: 4; time: 48.1664; initial_level: 1000; final_level: 1000
event: navigation; timestamp: 0; robot: 4; time: 48.1664; src: (0, 0); dst: (-36, -32)
event: battery_consumption; timestamp: 0; robot: 9; time: 26.9258; initial_level: 1000; final_level: 1000
event: navigation; timestamp: 0; robot: 9; time: 26.9258; src: (0, 0); dst: (-10, -25)
event: battery_consumption; timestamp: 0; robot: 2; time: 14.1421; initial_level: 1000; final_level: 1000
event: navigation; timestamp: 0; robot: 2; time: 14.1421; src: (0, 0); dst: (-14, 2)
event: battery_consumption; timestamp: 0; robot: 1; time: 4.24264; initial_level: 1000; final_level: 1000
event: navigation; timestamp: 0; robot: 1; time: 4.24264; src: (0, 0); dst: (-3, -3)
event: task_execution; timestamp: 4.24264; task: 90; robot: 1; pos: (-3, -3); time: 8.71326
event: battery_consumption; timestamp: 4.24264; robot: 1; time: 8.71326; initial_level: 1000; final_level: 994.772
event: task_resolution; timestamp: 12.9559; task: 90; pos: (-3, -3); status: COMPLETED; attempt: 1
event: battery_consumption; timestamp: 12.9559; robot: 1; time: 10.7703; initial_level: 994.772; final_level: 994.772
event: navigation; timestamp: 12.9559; robot: 1; time: 10.7703; src: (-3, -3); dst: (-13, -7)
event: task_execution; timestamp: 23.7262; task: 82; robot: 1; pos: (-13, -7); time: 9.73751
event: battery_consumption; timestamp: 23.7262; robot: 1; time: 9.73751; initial_level: 994.772; final_level: 986.008
event: task_resolution; timestamp: 33.4637; task: 82; pos: (-13, -7); status: COMPLETED; attempt: 1
event: battery_consumption; timestamp: 33.4637; robot: 1; time: 9.05539; initial_level: 986.008; final_level: 986.008
event: navigation; timestamp: 33.4637; robot: 1; time: 9.05539; src: (-13, -7); dst: (-14, 2)
event: task_execution; timestamp: 42.5191; task: 98; robot: 1; pos: (-14, 2); time: 6.96825
event: battery_consumption; timestamp: 42.5191; robot: 1; time: 6.96825; initial_level: 986.008; final_level: 979.737
event: task_execution; timestamp: 42.5191; task: 98; robot: 2; pos: (-14, 2); time: 6.96825
event: battery_consumption; timestamp: 42.5191; robot: 2; time: 6.96825; initial_level: 1000; final_level: 993.729
event: task_execution; timestamp: 42.5191; task: 98; robot: 3; pos: (-14, 2); time: 6.96825
event: battery_consumption; timestamp: 42.5191; robot: 3; time: 6.96825; initial_level: 1000; final_level: 993.729
event: task_resolution; timestamp: 49.4874; task: 98; pos: (-14, 2); status: COMPLETED; attempt: 1
event: battery_consumption; timestamp: 49.4874; robot: 3; time: 13.6015; initial_level: 993.729; final_level: 993.729
event: navigation; timestamp: 49.4874; robot: 3; time: 13.6015; src: (-14, 2); dst: (-25, 10)
event: battery_consumption; timestamp: 49.4874; robot: 2; time: 13.6015; initial_level: 993.729; final_level: 993.729
event: navigation; timestamp: 49.4874; robot: 2; time: 13.6015; src: (-14, 2); dst: (-25, 10)
event: battery_consumption; timestamp: 49.4874; robot: 1; time: 15; initial_level: 979.737; final_level: 979.737
event: navigation; timestamp: 49.4874; robot: 1; time: 15; src: (-14, 2); dst: (-5, -10)
event: task_execution; timestamp: 64.4874; task: 65; robot: 1; pos: (-5, -10); time: 11.1982
event: battery_consumption; timestamp: 64.4874; robot: 1; time: 11.1982; initial_level: 979.737; final_level: 961.82
event: task_resolution; timestamp: 75.6856; task: 65; pos: (-5, -10); status: FAILED; attempt: 1
event: battery_consumption; timestamp: 75.6856; robot: 1; time: 9.21954; initial_level: 961.82; final_level: 961.82
event: navigation; timestamp: 75.6856; robot: 1; time: 9.21954; src: (-5, -10); dst: (-3, -19)
event: task_execution; timestamp: 84.9051; task: 83; robot: 1; pos: (-3, -19); time: 10.3276
event: battery_consumption; timestamp: 84.9051; robot: 1; time: 10.3276; initial_level: 961.82; final_level: 947.361
event: task_resolution; timestamp: 95.2327; task: 83; pos: (-3, -19); status: COMPLETED; attempt: 1
event: battery_consumption; timestamp: 95.2327; robot: 1; time: 17.4642; initial_level: 947.361; final_level: 947.361
event: navigation; timestamp: 95.2327; robot: 1; time: 17.4642; src: (-3, -19); dst: (-19, -26)
event: task_execution; timestamp: 112.697; task: 86; robot: 1; pos: (-19, -26); time: 9.11372
event: battery_consumption; timestamp: 112.697; robot: 1; time: 9.11372; initial_level: 947.361; final_level: 921.843
event: task_resolution; timestamp: 121.811; task: 86; pos: (-19, -26); status: COMPLETED; attempt: 1
event: battery_consumption; timestamp: 121.811; robot: 1; time: 18.0278; initial_level: 921.843; final_level: 921.843
event: navigation; timestamp: 121.811; robot: 1; time: 18.0278; src: (-19, -26); dst: (-36, -32)
event: battery_consumption; timestamp: 901; robot: 4; time: 48.1664; initial_level: 1000; final_level: 1000
event: navigation; timestamp: 901; robot: 4; time: 48.1664; src: (-36, -32); dst: (0, 0)
event: recharge; timestamp: 949.166; robot: 4; recharging_station: 1; pos: (0, 0); level: 1000
event: battery_consumption; timestamp: 901; robot: 1; time: 48.1664; initial_level: 921.843; final_level: 921.843
event: navigation; timestamp: 901; robot: 1; time: 48.1664; src: (-36, -32); dst: (0, 0)
event: recharge; timestamp: 949.166; robot: 1; recharging_station: 1; pos: (0, 0); level: 1000
event: battery_consumption; timestamp: 923; robot: 9; time: 26.9258; initial_level: 1000; final_level: 1000
event: navigation; timestamp: 923; robot: 9; time: 26.9258; src: (-10, -25); dst: (0, 0)
event: recharge; timestamp: 949.926; robot: 9; recharging_station: 1; pos: (0, 0); level: 1000
event: battery_consumption; timestamp: 923; robot: 3; time: 26.9258; initial_level: 993.729; final_level: 993.729
event: navigation; timestamp: 923; robot: 3; time: 26.9258; src: (-25, 10); dst: (0, 0)
event: recharge; timestamp: 949.926; robot: 3; recharging_station: 1; pos: (0, 0); level: 1000
event: battery_consumption; timestamp: 923; robot: 2; time: 26.9258; initial_level: 993.729; final_level: 993.729
event: navigation; timestamp: 923; robot: 2; time: 26.9258; src: (-25, 10); dst: (0, 0)
event: recharge; timestamp: 949.926; robot: 2; recharging_station: 1; pos: (0, 0); level: 1000
event: robot_finished; timestamp: 949.166; robot: 1; pos: (0, 0); battery: 1000
event: robot_finished; timestamp: 949.166; robot: 4; pos: (0, 0); battery: 1000
event: robot_finished; timestamp: 949.926; robot: 3; pos: (0, 0); battery: 1000
event: robot_finished; timestamp: 949.926; robot: 2; pos: (0, 0); battery: 1000
event: robot_finished; timestamp: 949.926; robot: 9; pos: (0, 0); battery: 1000
metric: available_agents; value: 0
metric: failed_agents; value: 0
metric: finished_agents; value: 10
metric: completed_tasks; value: 5
metric: pending_tasks; value: 0
metric: failed_tasks; value: 95
metric: average_robot_makespan; value: 474.811
metric: sd_robot_makespan; value: 500.495
metric: max_robot_makespan; value: 949.926
metric: min_robot_makespan; value: 0
metric: average_robot_travel_distance; value: 39.147
metric: sd_robot_travel_distance; value: 47.4253
metric: max_robot_travel_distance; value: 131.946
metric: min_robot_travel_distance; value: 0
metric: sum_robot_travel_distance; value: 391.47
metric: average_completed_tasks_by_robot; value: 0
metric: sd_completed_tasks_by_robot; value: 0
metric: max_completed_tasks_by_robot; value: 0
metric: min_completed_tasks_by_robot; value: 0
metric: final_reward; value: 0.05
metric: computing_time; value: 0.00844284
