info: solver_name; value: dec-mcts
info: reward_function; value: reward00
info: replica; value: 1
info: filename; value: ../logs/prueba/rc208_10r_100t_b0f5abc8_dec-mcts_reward00_001.log
info: scenario_name; value: rc208_10r_100t_b0f5abc8
info: scenario_name; value: rc208_10r_100t_b0f5abc8
info: number_of_tasks; value: 100
info: number_of_robots; value: 10
info: number_of_recharging_stations; value: 1
info: scenario_size; value: (132,132)
event: recharging_station_spawn; timestamp: 0; recharging_station: 1; pos: (0, 0)
event: task_spawn; timestamp: 0; task: 1; pos: (-15, 35); earliest_start: 388; latest_start: 911; state: PENDING; required_workers: 1; success_prob: 0.2; max_attempts: 1
event: task_spawn; timestamp: 0; task: 2; pos: (-18, 25); earliest_start: 30; latest_start: 546; state: PENDING; required_workers: 1; success_prob: 0.2; max_attempts: 1
event: task_spawn; timestamp: 0; task: 3; pos: (-18, 35); earliest_start: 353; latest_start: 708; state: PENDING; required_workers: 1; success_prob: 0.2; max_attempts: 1
event: task_spawn; timestamp: 0; task: 4; pos: (-20, 30); earliest_start: 425; latest_start: 913; state: PENDING; required_workers: 1; success_prob: 0.2; max_attempts: 1
event: task_spawn; timestamp: 0; task: 5; pos: (-20, 35); earliest_start: 40; latest_start: 630; state: PENDING; required_workers: 1; success_prob: 0.2; max_attempts: 1
event: task_spawn; timestamp: 0; task: 6; pos: (-22, 25); earliest_start: 228; latest_start: 667; state: PENDING; required_workers: 1; success_prob: 0.2; max_attempts: 1
event: task_spawn; timestamp: 0; task: 7; pos: (-25, 25); earliest_start: 161; latest_start: 558; state: PENDING; required_workers: 1; success_prob: 0.2; max_attempts: 1
event: task_spawn; timestamp: 0; task: 8; pos: (-25, 30); earliest_start: 229; latest_start: 624; state: PENDING; required_workers: 1; success_prob: 0.2; max_attempts: 1
event: task_spawn; timestamp: 0; task: 9; pos: (-30, -15); earliest_start: 213; latest_start: 648; state: PENDING; required_workers: 1; success_prob: 0.2; max_attempts: 1
event: task_spawn; timestamp: 0; task: 10; pos: (-30, -10); earliest_start: 404; latest_start: 753; state: PENDING; required_workers: 1; success_prob: 0.2; max_attempts: 1
event: task_spawn; timestamp: 0; task: 11; pos: (-32, -10); earliest_start: 33; latest_start: 511; state: PENDING; required_workers: 2; success_prob: 0.2; max_attempts: 1
event: task_spawn; timestamp: 0; task: 12; pos: (-32, -5); earliest_start: 46; latest_start: 519; state: PENDING; required_workers: 2; success_prob: 0.2; max_attempts: 1
event: task_spawn; timestamp: 0; task: 13; pos: (-35, -15); earliest_start: 395; latest_start: 911; state: PENDING; required_workers: 2; success_prob: 0.2; max_attempts: 1
event: task_spawn; timestamp: 0; task: 14; pos: (-35, -5); earliest_start: 35; latest_start: 697; state: PENDING; required_workers: 2; success_prob: 0.2; max_attempts: 1
event: task_spawn; timestamp: 0; task: 15; pos: (-38, -10); earliest_start: 39; latest_start: 528; state: PENDING; required_workers: 2; success_prob: 0.2; max_attempts: 1
event: task_spawn; timestamp: 0; task: 16; pos: (-40, -10); earliest_start: 94; latest_start: 535; state: PENDING; required_workers: 2; success_prob: 0.2; max_attempts: 1
event: task_spawn; timestamp: 0; task: 17; pos: (-40, -5); earliest_start: 394; latest_start: 909; state: PENDING; required_workers: 3; success_prob: 0.2; max_attempts: 1
event: task_spawn; timestamp: 0; task: 18; pos: (4, -45); earliest_start: 218; latest_start: 571; state: PENDING; required_workers: 3; success_prob: 0.2; max_attempts: 1
event: task_spawn; timestamp: 0; task: 19; pos: (2, -40); earliest_start: 85; latest_start: 542; state: PENDING; required_workers: 3; success_prob: 0.2; max_attempts: 1
event: task_spawn; timestamp: 0; task: 20; pos: (2, -35); earliest_start: 391; latest_start: 802; state: PENDING; required_workers: 3; success_prob: 0.2; max_attempts: 1
event: task_spawn; timestamp: 0; task: 21; pos: (0, -45); earliest_start: 45; latest_start: 517; state: PENDING; required_workers: 1; success_prob: 0.4; max_attempts: 1
event: task_spawn; timestamp: 0; task: 22; pos: (0, -35); earliest_start: 229; latest_start: 640; state: PENDING; required_workers: 1; success_prob: 0.4; max_attempts: 1
event: task_spawn; timestamp: 0; task: 23; pos: (-2, -45); earliest_start: 45; latest_start: 523; state: PENDING; required_workers: 1; success_prob: 0.4; max_attempts: 1
event: task_spawn; timestamp: 0; task: 24; pos: (-2, -35); earliest_start: 389; latest_start: 914; state: PENDING; required_workers: 1; success_prob: 0.4; max_attempts: 1
event: task_spawn; timestamp: 0; task: 25; pos: (-5, -45); earliest_start: 386; latest_start: 904; state: PENDING; required_workers: 1; success_prob: 0.4; max_attempts: 1
event: task_spawn; timestamp: 0; task: 26; pos: (55, -20); earliest_start: 389; latest_start: 788; state: PENDING; required_workers: 1; success_prob: 0.4; max_attempts: 1
event: task_spawn; timestamp: 0; task: 27; pos: (55, -15); earliest_start: 57; latest_start: 600; state: PENDING; required_workers: 1; success_prob: 0.4; max_attempts: 1
event: task_spawn; timestamp: 0; task: 28; pos: (52, -20); earliest_start: 55; latest_start: 575; state: PENDING; required_workers: 1; success_prob: 0.4; max_attempts: 1
event: task_spawn; timestamp: 0; task: 29; pos: (50, -15); earliest_start: 52; latest_start: 536; state: PENDING; required_workers: 1; success_prob: 0.4; max_attempts: 1
event: task_spawn; timestamp: 0; task: 30; pos: (48, -20); earliest_start: 90; latest_start: 521; state: PENDING; required_workers: 1; success_prob: 0.4; max_attempts: 1
event: task_spawn; timestamp: 0; task: 31; pos: (48, -15); earliest_start: 50; latest_start: 534; state: PENDING; required_workers: 2; success_prob: 0.4; max_attempts: 1
event: task_spawn; timestamp: 0; task: 32; pos: (47, -20); earliest_start: 425; latest_start: 898; state: PENDING; required_workers: 2; success_prob: 0.4; max_attempts: 1
event: task_spawn; timestamp: 0; task: 33; pos: (45, -25); earliest_start: 51; latest_start: 602; state: PENDING; required_workers: 2; success_prob: 0.4; max_attempts: 1
event: task_spawn; timestamp: 0; task: 34; pos: (45, -15); earliest_start: 342; latest_start: 751; state: PENDING; required_workers: 2; success_prob: 0.4; max_attempts: 1
event: task_spawn; timestamp: 0; task: 35; pos: (27, 35); earliest_start: 410; latest_start: 905; state: PENDING; required_workers: 2; success_prob: 0.4; max_attempts: 1
event: task_spawn; timestamp: 0; task: 36; pos: (25, 35); earliest_start: 43; latest_start: 617; state: PENDING; required_workers: 2; success_prob: 0.4; max_attempts: 1
event: task_spawn; timestamp: 0; task: 37; pos: (25, 32); earliest_start: 410; latest_start: 823; state: PENDING; required_workers: 3; success_prob: 0.4; max_attempts: 1
event: task_spawn; timestamp: 0; task: 38; pos: (22, 30); earliest_start: 114; latest_start: 561; state: PENDING; required_workers: 3; success_prob: 0.4; max_attempts: 1
event: task_spawn; timestamp: 0; task: 39; pos: (20, 30); earliest_start: 36; latest_start: 658; state: PENDING; required_workers: 3; success_prob: 0.4; max_attempts: 1
event: task_spawn; timestamp: 0; task: 40; pos: (20, 35); earliest_start: 191; latest_start: 586; state: PENDING; required_workers: 3; success_prob: 0.4; max_attempts: 1
event: task_spawn; timestamp: 0; task: 41; pos: (18, 25); earliest_start: 201; latest_start: 670; state: PENDING; required_workers: 1; success_prob: 0.6; max_attempts: 1
event: task_spawn; timestamp: 0; task: 42; pos: (15, 30); earliest_start: 33; latest_start: 568; state: PENDING; required_workers: 1; success_prob: 0.6; max_attempts: 1
event: task_spawn; timestamp: 0; task: 43; pos: (15, 35); earliest_start: 429; latest_start: 838; state: PENDING; required_workers: 1; success_prob: 0.6; max_attempts: 1
event: task_spawn; timestamp: 0; task: 44; pos: (15, 32); earliest_start: 49; latest_start: 504; state: PENDING; required_workers: 1; success_prob: 0.6; max_attempts: 1
event: task_spawn; timestamp: 0; task: 45; pos: (-20, 32); earliest_start: 37; latest_start: 597; state: PENDING; required_workers: 1; success_prob: 0.6; max_attempts: 1
event: task_spawn; timestamp: 0; task: 46; pos: (-22, 30); earliest_start: 315; latest_start: 782; state: PENDING; required_workers: 1; success_prob: 0.6; max_attempts: 1
event: task_spawn; timestamp: 0; task: 47; pos: (-38, -5); earliest_start: 38; latest_start: 606; state: PENDING; required_workers: 1; success_prob: 0.6; max_attempts: 1
event: task_spawn; timestamp: 0; task: 48; pos: (2, -45); earliest_start: 396; latest_start: 904; state: PENDING; required_workers: 1; success_prob: 0.6; max_attempts: 1
event: task_spawn; timestamp: 0; task: 49; pos: (2, -38); earliest_start: 341; latest_start: 658; state: PENDING; required_workers: 1; success_prob: 0.6; max_attempts: 1
event: task_spawn; timestamp: 0; task: 50; pos: (32, -15); earliest_start: 351; latest_start: 782; state: PENDING; required_workers: 1; success_prob: 0.6; max_attempts: 1
event: task_spawn; timestamp: 0; task: 51; pos: (15, -30); earliest_start: 161; latest_start: 610; state: PENDING; required_workers: 2; success_prob: 0.6; max_attempts: 1
event: task_spawn; timestamp: 0; task: 52; pos: (-15, -20); earliest_start: 25; latest_start: 516; state: PENDING; required_workers: 2; success_prob: 0.6; max_attempts: 1
event: task_spawn; timestamp: 0; task: 53; pos: (-20, 0); earliest_start: 239; latest_start: 630; state: PENDING; required_workers: 2; success_prob: 0.6; max_attempts: 1
event: task_spawn; timestamp: 0; task: 54; pos: (15, 10); earliest_start: 448; latest_start: 873; state: PENDING; required_workers: 2; success_prob: 0.6; max_attempts: 1
event: task_spawn; timestamp: 0; task: 55; pos: (-10, 10); earliest_start: 420; latest_start: 897; state: PENDING; required_workers: 2; success_prob: 0.6; max_attempts: 1
event: task_spawn; timestamp: 0; task: 56; pos: (10, -15); earliest_start: 390; latest_start: 843; state: PENDING; required_workers: 2; success_prob: 0.6; max_attempts: 1
event: task_spawn; timestamp: 0; task: 57; pos: (-10, -25); earliest_start: 227; latest_start: 686; state: PENDING; required_workers: 3; success_prob: 0.6; max_attempts: 1
event: task_spawn; timestamp: 0; task: 58; pos: (-25, -40); earliest_start: 401; latest_start: 902; state: PENDING; required_workers: 3; success_prob: 0.6; max_attempts: 1
event: task_spawn; timestamp: 0; task: 59; pos: (-30, -30); earliest_start: 42; latest_start: 706; state: PENDING; required_workers: 3; success_prob: 0.6; max_attempts: 1
event: task_spawn; timestamp: 0; task: 60; pos: (-25, 10); earliest_start: 401; latest_start: 923; state: PENDING; required_workers: 3; success_prob: 0.6; max_attempts: 1
event: task_spawn; timestamp: 0; task: 61; pos: (5, 15); earliest_start: 110; latest_start: 525; state: PENDING; required_workers: 1; success_prob: 0.8; max_attempts: 1
event: task_spawn; timestamp: 0; task: 62; pos: (25, -15); earliest_start: 29; latest_start: 548; state: PENDING; required_workers: 1; success_prob: 0.8; max_attempts: 1
event: task_spawn; timestamp: 0; task: 63; pos: (25, -30); earliest_start: 39; latest_start: 593; state: PENDING; required_workers: 1; success_prob: 0.8; max_attempts: 1
event: task_spawn; timestamp: 0; task: 64; pos: (5, -20); earliest_start: 20; latest_start: 498; state: PENDING; required_workers: 1; success_prob: 0.8; max_attempts: 1
event: task_spawn; timestamp: 0; task: 65; pos: (-5, -10); earliest_start: 11; latest_start: 530; state: PENDING; required_workers: 1; success_prob: 0.8; max_attempts: 1
event: task_spawn; timestamp: 0; task: 66; pos: (1, -13); earliest_start: 404; latest_start: 847; state: PENDING; required_workers: 1; success_prob: 0.8; max_attempts: 1
event: task_spawn; timestamp: 0; task: 67; pos: (24, -8); earliest_start: 100; latest_start: 555; state: PENDING; required_workers: 1; success_prob: 0.8; max_attempts: 1
event: task_spawn; timestamp: 0; task: 68; pos: (0, 10); earliest_start: 436; latest_start: 907; state: PENDING; required_workers: 1; success_prob: 0.8; max_attempts: 1
event: task_spawn; timestamp: 0; task: 69; pos: (-9, 2); earliest_start: 9; latest_start: 510; state: PENDING; required_workers: 1; success_prob: 0.8; max_attempts: 1
event: task_spawn; timestamp: 0; task: 70; pos: (-5, 19); earliest_start: 330; latest_start: 930; state: PENDING; required_workers: 1; success_prob: 0.8; max_attempts: 1
event: task_spawn; timestamp: 0; task: 71; pos: (25, 5); earliest_start: 81; latest_start: 520; state: PENDING; required_workers: 2; success_prob: 0.8; max_attempts: 1
event: task_spawn; timestamp: 0; task: 72; pos: (23, 15); earliest_start: 27; latest_start: 622; state: PENDING; required_workers: 2; success_prob: 0.8; max_attempts: 1
event: task_spawn; timestamp: 0; task: 73; pos: (-38, 10); earliest_start: 135; latest_start: 556; state: PENDING; required_workers: 2; success_prob: 0.8; max_attempts: 1
event: task_spawn; timestamp: 0; task: 74; pos: (-20, -30); earliest_start: 430; latest_start: 913; state: PENDING; required_workers: 2; success_prob: 0.8; max_attempts: 1
event: task_spawn; timestamp: 0; task: 75; pos: (-35, -45); earliest_start: 63; latest_start: 520; state: PENDING; required_workers: 2; success_prob: 0.8; max_attempts: 1
event: task_spawn; timestamp: 0; task: 76; pos: (20, -38); earliest_start: 125; latest_start: 530; state: PENDING; required_workers: 2; success_prob: 0.8; max_attempts: 1
event: task_spawn; timestamp: 0; task: 77; pos: (-17, -47); earliest_start: 390; latest_start: 900; state: PENDING; required_workers: 3; success_prob: 0.8; max_attempts: 1
event: task_spawn; timestamp: 0; task: 78; pos: (-32, 6); earliest_start: 190; latest_start: 659; state: PENDING; required_workers: 3; success_prob: 0.8; max_attempts: 1
event: task_spawn; timestamp: 0; task: 79; pos: (-34, 18); earliest_start: 215; latest_start: 608; state: PENDING; required_workers: 3; success_prob: 0.8; max_attempts: 1
event: task_spawn; timestamp: 0; task: 80; pos: (7, -3); earliest_start: 444; latest_start: 942; state: PENDING; required_workers: 3; success_prob: 0.8; max_attempts: 1
event: task_spawn; timestamp: 0; task: 81; pos: (9, 8); earliest_start: 249; latest_start: 580; state: PENDING; required_workers: 1; success_prob: 1; max_attempts: 1
event: task_spawn; timestamp: 0; task: 82; pos: (-13, -7); earliest_start: 14; latest_start: 506; state: PENDING; required_workers: 1; success_prob: 1; max_attempts: 1
event: task_spawn; timestamp: 0; task: 83; pos: (-3, -19); earliest_start: 19; latest_start: 566; state: PENDING; required_workers: 1; success_prob: 1; max_attempts: 1
event: task_spawn; timestamp: 0; task: 84; pos: (17, -21); earliest_start: 259; latest_start: 650; state: PENDING; required_workers: 1; success_prob: 1; max_attempts: 1
event: task_spawn; timestamp: 0; task: 85; pos: (23, -27); earliest_start: 198; latest_start: 609; state: PENDING; required_workers: 1; success_prob: 1; max_attempts: 1
event: task_spawn; timestamp: 0; task: 86; pos: (-19, -26); earliest_start: 212; latest_start: 605; state: PENDING; required_workers: 1; success_prob: 1; max_attempts: 1
event: task_spawn; timestamp: 0; task: 87; pos: (-28, -26); earliest_start: 272; latest_start: 565; state: PENDING; required_workers: 1; success_prob: 1; max_attempts: 1
event: task_spawn; timestamp: 0; task: 88; pos: (-16, 8); earliest_start: 90; latest_start: 549; state: PENDING; required_workers: 1; success_prob: 1; max_attempts: 1
event: task_spawn; timestamp: 0; task: 89; pos: (27, -45); earliest_start: 325; latest_start: 897; state: PENDING; required_workers: 1; success_prob: 1; max_attempts: 1
event: task_spawn; timestamp: 0; task: 90; pos: (-3, -3); earliest_start: 204; latest_start: 633; state: PENDING; required_workers: 1; success_prob: 1; max_attempts: 1
event: task_spawn; timestamp: 0; task: 91; pos: (9, -8); earliest_start: 442; latest_start: 937; state: PENDING; required_workers: 2; success_prob: 1; max_attempts: 1
event: task_spawn; timestamp: 0; task: 92; pos: (13, -7); earliest_start: 14; latest_start: 581; state: PENDING; required_workers: 2; success_prob: 1; max_attempts: 1
event: task_spawn; timestamp: 0; task: 93; pos: (21, 2); earliest_start: 373; latest_start: 928; state: PENDING; required_workers: 2; success_prob: 1; max_attempts: 1
event: task_spawn; timestamp: 0; task: 94; pos: (17, -2); earliest_start: 265; latest_start: 638; state: PENDING; required_workers: 2; success_prob: 1; max_attempts: 1
event: task_spawn; timestamp: 0; task: 95; pos: (16, -13); earliest_start: 20; latest_start: 539; state: PENDING; required_workers: 2; success_prob: 1; max_attempts: 1
event: task_spawn; timestamp: 0; task: 96; pos: (15, 4); earliest_start: 418; latest_start: 825; state: PENDING; required_workers: 2; success_prob: 1; max_attempts: 1
event: task_spawn; timestamp: 0; task: 97; pos: (-36, -32); earliest_start: 426; latest_start: 787; state: PENDING; required_workers: 3; success_prob: 1; max_attempts: 1
event: task_spawn; timestamp: 0; task: 98; pos: (-14, 2); earliest_start: 14; latest_start: 499; state: PENDING; required_workers: 3; success_prob: 1; max_attempts: 1
event: task_spawn; timestamp: 0; task: 99; pos: (-14, -15); earliest_start: 149; latest_start: 586; state: PENDING; required_workers: 3; success_prob: 1; max_attempts: 1
event: task_spawn; timestamp: 0; task: 100; pos: (-9, 17); earliest_start: 356; latest_start: 930; state: PENDING; required_workers: 3; success_prob: 1; max_attempts: 1
event: robot_spawn; timestamp: 0; robot: 1; pos: (0, 0); state: AVAILABLE; battery_level: 1000; battery_capacity: 1000; velocity: 1; battery_rate_nav: 0
event: robot_spawn; timestamp: 0; robot: 2; pos: (0, 0); state: AVAILABLE; battery_level: 1000; battery_capacity: 1000; velocity: 1; battery_rate_nav: 0
event: robot_spawn; timestamp: 0; robot: 3; pos: (0, 0); state: AVAILABLE; battery_level: 1000; battery_capacity: 1000; velocity: 1; battery_rate_nav: 0
event: robot_spawn; timestamp: 0; robot: 4; pos: (0, 0); state: AVAILABLE; battery_level: 1000; battery_capacity: 1000; velocity: 1; battery_rate_nav: 0
event: robot_spawn; timestamp: 0; robot: 5; pos: (0, 0); state: AVAILABLE; battery_level: 1000; battery_capacity: 1000; velocity: 1; battery_rate_nav: 0
event: robot_spawn; timestamp: 0; robot: 6; pos: (0, 0); state: AVAILABLE; battery_level: 1000; battery_capacity: 1000; velocity: 1; battery_rate_nav: 0
event: robot_spawn; timestamp: 0; robot: 7; pos: (0, 0); state: AVAILABLE; battery_level: 1000; battery_capacity: 1000; velocity: 1; battery_rate_nav: 0
event: robot_spawn; timestamp: 0; robot: 8; pos: (0, 0); state: AVAILABLE; battery_level: 1000; battery_capacity: 1000; velocity: 1; battery_rate_nav: 0
event: robot_spawn; timestamp: 0; robot: 9; pos: (0, 0); state: AVAILABLE; battery_level: 1000; battery_capacity: 1000; velocity: 1; battery_rate_nav: 0
event: robot_spawn; timestamp: 0; robot: 10; pos: (0, 0); state: AVAILABLE; battery_level: 1000; battery_capacity: 1000; velocity: 1; battery_rate_nav: 0
event: battery_consumption; timestamp: 0; robot: 6; time: 14.7648; initial_level: 1000; final_level: 1000
event: navigation; timestamp: 0; robot: 6; time: 14.7648; src: (0, 0); dst: (-13, -7)
event: battery_consumption; timestamp: 0; robot: 1; time: 14.7648; initial_level: 1000; final_level: 1000
event: navigation; timestamp: 0; robot: 1; time: 14.7648; src: (0, 0); dst: (-13, -7)
event: battery_consumption; timestamp: 0; robot: 9; time: 14.7648; initial_level: 1000; final_level: 1000
event: navigation; timestamp: 0; robot: 9; time: 14.7648; src: (0, 0); dst: (-13, -7)
event: battery_consumption; timestamp: 0; robot: 2; time: 14.7648; initial_level: 1000; final_level: 1000
event: navigation; timestamp: 0; robot: 2; time: 14.7648; src: (0, 0); dst: (-13, -7)
event: battery_consumption; timestamp: 0; robot: 7; time: 14.7648; initial_level: 1000; final_level: 1000
event: navigation; timestamp: 0; robot: 7; time: 14.7648; src: (0, 0); dst: (-13, -7)
event: battery_consumption; timestamp: 0; robot: 4; time: 14.7648; initial_level: 1000; final_level: 1000
event: navigation; timestamp: 0; robot: 4; time: 14.7648; src: (0, 0); dst: (-13, -7)
event: battery_consumption; timestamp: 0; robot: 5; time: 14.7648; initial_level: 1000; final_level: 1000
event: navigation; timestamp: 0; robot: 5; time: 14.7648; src: (0, 0); dst: (-13, -7)
event: battery_consumption; timestamp: 0; robot: 3; time: 14.7648; initial_level: 1000; final_level: 1000
event: navigation; timestamp: 0; robot: 3; time: 14.7648; src: (0, 0); dst: (-13, -7)
event: battery_consumption; timestamp: 0; robot: 8; time: 14.7648; initial_level: 1000; final_level: 1000
event: navigation; timestamp: 0; robot: 8; time: 14.7648; src: (0, 0); dst: (-13, -7)
event: battery_consumption; timestamp: 0; robot: 10; time: 14.7648; initial_level: 1000; final_level: 1000
event: navigation; timestamp: 0; robot: 10; time: 14.7648; src: (0, 0); dst: (-13, -7)
event: task_execution; timestamp: 14.7648; task: 82; robot: 1; pos: (-13, -7); time: 10.2939
event: battery_consumption; timestamp: 14.7648; robot: 1; time: 10.2939; initial_level: 1000; final_level: 990.735
event: task_execution; timestamp: 14.7648; task: 82; robot: 2; pos: (-13, -7); time: 10.2939
event: battery_consumption; timestamp: 14.7648; robot: 2; time: 10.2939; initial_level: 1000; final_level: 990.735
event: task_execution; timestamp: 14.7648; task: 82; robot: 3; pos: (-13, -7); time: 10.2939
event: battery_consumption; timestamp: 14.7648; robot: 3; time: 10.2939; initial_level: 1000; final_level: 990.735
event: task_execution; timestamp: 14.7648; task: 82; robot: 4; pos: (-13, -7); time: 10.2939
event: battery_consumption; timestamp: 14.7648; robot: 4; time: 10.2939; initial_level: 1000; final_level: 990.735
event: task_execution; timestamp: 14.7648; task: 82; robot: 5; pos: (-13, -7); time: 10.2939
event: battery_consumption; timestamp: 14.7648; robot: 5; time: 10.2939; initial_level: 1000; final_level: 990.735
event: task_execution; timestamp: 14.7648; task: 82; robot: 6; pos: (-13, -7); time: 10.2939
event: battery_consumption; timestamp: 14.7648; robot: 6; time: 10.2939; initial_level: 1000; final_level: 990.735
event: task_execution; timestamp: 14.7648; task: 82; robot: 7; pos: (-13, -7); time: 10.2939
event: battery_consumption; timestamp: 14.7648; robot: 7; time: 10.2939; initial_level: 1000; final_level: 990.735
event: task_execution; timestamp: 14.7648; task: 82; robot: 8; pos: (-13, -7); time: 10.2939
event: battery_consumption; timestamp: 14.7648; robot: 8; time: 10.2939; initial_level: 1000; final_level: 990.735
event: task_execution; timestamp: 14.7648; task: 82; robot: 9; pos: (-13, -7); time: 10.2939
event: battery_consumption; timestamp: 14.7648; robot: 9; time: 10.2939; initial_level: 1000; final_level: 990.735
event: task_execution; timestamp: 14.7648; task: 82; robot: 10; pos: (-13, -7); time: 10.2939
event: battery_consumption; timestamp: 14.7648; robot: 10; time: 10.2939; initial_level: 1000; final_level: 990.735
event: task_resolution; timestamp: 25.0588; task: 82; pos: (-13, -7); status: COMPLETED; attempt: 1
event: battery_consumption; timestamp: 25.0588; robot: 1; time: 15.6205; initial_level: 990.735; final_level: 990.735
event: navigation; timestamp: 25.0588; robot: 1; time: 15.6205; src: (-13, -7); dst: (-3, -19)
event: battery_consumption; timestamp: 25.0588; robot: 4; time: 15.2971; initial_level: 990.735; final_level: 990.735
event: navigation; timestamp: 25.0588; robot: 4; time: 15.2971; src: (-13, -7); dst: (-16, 8)
event: battery_consumption; timestamp: 25.0588; robot: 6; time: 10.7703; initial_level: 990.735; final_level: 990.735
event: navigation; timestamp: 25.0588; robot: 6; time: 10.7703; src: (-13, -7); dst: (-3, -3)
event: battery_consumption; timestamp: 25.0588; robot: 9; time: 41.1825; initial_level: 990.735; final_level: 990.735
event: navigation; timestamp: 25.0588; robot: 9; time: 41.1825; src: (-13, -7); dst: (23, -27)
event: battery_consumption; timestamp: 25.0588; robot: 10; time: 19.9249; initial_level: 990.735; final_level: 990.735
event: navigation; timestamp: 25.0588; robot: 10; time: 19.9249; src: (-13, -7); dst: (-19, -26)
event: battery_consumption; timestamp: 25.0588; robot: 8; time: 26.6271; initial_level: 990.735; final_level: 990.735
event: navigation; timestamp: 25.0588; robot: 8; time: 26.6271; src: (-13, -7); dst: (9, 8)
event: battery_consumption; timestamp: 25.0588; robot: 7; time: 33.1059; initial_level: 990.735; final_level: 990.735
event: navigation; timestamp: 25.0588; robot: 7; time: 33.1059; src: (-13, -7); dst: (17, -21)
event: battery_consumption; timestamp: 25.0588; robot: 2; time: 24.2074; initial_level: 990.735; final_level: 990.735
event: navigation; timestamp: 25.0588; robot: 2; time: 24.2074; src: (-13, -7); dst: (-28, -26)
event: battery_consumption; timestamp: 25.0588; robot: 5; time: 55.1725; initial_level: 990.735; final_level: 990.735
event: navigation; timestamp: 25.0588; robot: 5; time: 55.1725; src: (-13, -7); dst: (27, -45)
event: battery_consumption; timestamp: 25.0588; robot: 3; time: 9.84886; initial_level: 990.735; final_level: 990.735
event: navigation; timestamp: 25.0588; robot: 3; time: 9.84886; src: (-13, -7); dst: (-9, 2)
event: task_execution; timestamp: 34.9076; task: 69; robot: 3; pos: (-9, 2); time: 10.9273
event: battery_consumption; timestamp: 34.9076; robot: 3; time: 10.9273; initial_level: 990.735; final_level: 961.232
event: task_resolution; timestamp: 45.8349; task: 69; pos: (-9, 2); status: COMPLETED; attempt: 1
event: battery_consumption; timestamp: 45.8349; robot: 3; time: 12.6491; initial_level: 961.232; final_level: 961.232
event: navigation; timestamp: 45.8349; robot: 3; time: 12.6491; src: (-9, 2); dst: (-5, -10)
event: task_execution; timestamp: 40.6793; task: 83; robot: 1; pos: (-3, -19); time: 9.1169
event: battery_consumption; timestamp: 40.6793; robot: 1; time: 9.1169; initial_level: 990.735; final_level: 977.972
event: task_resolution; timestamp: 49.7962; task: 83; pos: (-3, -19); status: COMPLETED; attempt: 1
event: battery_consumption; timestamp: 49.7962; robot: 1; time: 8.06226; initial_level: 977.972; final_level: 977.972
event: navigation; timestamp: 49.7962; robot: 1; time: 8.06226; src: (-3, -19); dst: (5, -20)
event: task_execution; timestamp: 57.8584; task: 64; robot: 1; pos: (5, -20); time: 9.65293
event: battery_consumption; timestamp: 57.8584; robot: 1; time: 9.65293; initial_level: 977.972; final_level: 961.562
event: task_resolution; timestamp: 67.5113; task: 64; pos: (5, -20); status: COMPLETED; attempt: 1
event: battery_consumption; timestamp: 67.5113; robot: 1; time: 20.6155; initial_level: 961.562; final_level: 961.562
event: navigation; timestamp: 67.5113; robot: 1; time: 20.6155; src: (5, -20); dst: (25, -15)
event: task_execution; timestamp: 58.484; task: 65; robot: 3; pos: (-5, -10); time: 11.9586
event: battery_consumption; timestamp: 58.484; robot: 3; time: 11.9586; initial_level: 961.232; final_level: 942.098
event: task_resolution; timestamp: 70.4426; task: 65; pos: (-5, -10); status: COMPLETED; attempt: 1
event: battery_consumption; timestamp: 70.4426; robot: 3; time: 29.0689; initial_level: 942.098; final_level: 942.098
event: navigation; timestamp: 70.4426; robot: 3; time: 29.0689; src: (-5, -10); dst: (24, -8)
event: task_execution; timestamp: 88.1269; task: 62; robot: 1; pos: (25, -15); time: 8.86846
event: battery_consumption; timestamp: 88.1269; robot: 1; time: 8.86846; initial_level: 961.562; final_level: 958.901
event: task_resolution; timestamp: 96.9953; task: 62; pos: (25, -15); status: COMPLETED; attempt: 1
event: battery_consumption; timestamp: 96.9953; robot: 1; time: 15; initial_level: 958.901; final_level: 958.901
event: navigation; timestamp: 96.9953; robot: 1; time: 15; src: (25, -15); dst: (25, -30)
event: task_execution; timestamp: 90; task: 88; robot: 4; pos: (-16, 8); time: 11.0501
event: battery_consumption; timestamp: 90; robot: 4; time: 11.0501; initial_level: 990.735; final_level: 969.74
event: task_resolution; timestamp: 101.05; task: 88; pos: (-16, 8); status: COMPLETED; attempt: 1
event: battery_consumption; timestamp: 101.05; robot: 4; time: 22.1359; initial_level: 969.74; final_level: 969.74
event: navigation; timestamp: 101.05; robot: 4; time: 22.1359; src: (-16, 8); dst: (5, 15)
event: task_execution; timestamp: 100; task: 67; robot: 3; pos: (24, -8); time: 8.56558
event: battery_consumption; timestamp: 100; robot: 3; time: 8.56558; initial_level: 942.098; final_level: 934.389
event: task_resolution; timestamp: 108.566; task: 67; pos: (24, -8); status: FAILED; attempt: 1
event: battery_consumption; timestamp: 108.566; robot: 3; time: 39.6232; initial_level: 934.389; final_level: 934.389
event: navigation; timestamp: 108.566; robot: 3; time: 39.6232; src: (24, -8); dst: (-5, 19)
event: task_execution; timestamp: 111.995; task: 63; robot: 1; pos: (25, -30); time: 9.42614
event: battery_consumption; timestamp: 111.995; robot: 1; time: 9.42614; initial_level: 958.901; final_level: 953.246
event: task_resolution; timestamp: 121.421; task: 63; pos: (25, -30); status: COMPLETED; attempt: 1
event: battery_consumption; timestamp: 121.421; robot: 1; time: 29.4109; initial_level: 953.246; final_level: 953.246
event: navigation; timestamp: 121.421; robot: 1; time: 29.4109; src: (25, -30); dst: (1, -13)
event: task_execution; timestamp: 123.186; task: 61; robot: 4; pos: (5, 15); time: 9.66693
event: battery_consumption; timestamp: 123.186; robot: 4; time: 9.66693; initial_level: 969.74; final_level: 961.04
event: task_resolution; timestamp: 132.853; task: 61; pos: (5, 15); status: COMPLETED; attempt: 1
event: battery_consumption; timestamp: 132.853; robot: 4; time: 7.07107; initial_level: 961.04; final_level: 961.04
event: navigation; timestamp: 132.853; robot: 4; time: 7.07107; src: (5, 15); dst: (0, 10)
event: task_execution; timestamp: 198; task: 85; robot: 9; pos: (23, -27); time: 10.8532
event: battery_consumption; timestamp: 198; robot: 9; time: 10.8532; initial_level: 990.735; final_level: 988.565
event: task_resolution; timestamp: 208.853; task: 85; pos: (23, -27); status: COMPLETED; attempt: 1
event: battery_consumption; timestamp: 208.853; robot: 9; time: 52.2398; initial_level: 988.565; final_level: 988.565
event: navigation; timestamp: 208.853; robot: 9; time: 52.2398; src: (23, -27); dst: (18, 25)
event: task_execution; timestamp: 204; task: 90; robot: 6; pos: (-3, -3); time: 10.2354
event: battery_consumption; timestamp: 204; robot: 6; time: 10.2354; initial_level: 990.735; final_level: 984.594
event: task_resolution; timestamp: 214.235; task: 90; pos: (-3, -3); status: COMPLETED; attempt: 1
event: battery_consumption; timestamp: 214.235; robot: 6; time: 35.0571; initial_level: 984.594; final_level: 984.594
event: navigation; timestamp: 214.235; robot: 6; time: 35.0571; src: (-3, -3); dst: (-38, -5)
event: task_execution; timestamp: 212; task: 86; robot: 10; pos: (-19, -26); time: 8.3797
event: battery_consumption; timestamp: 212; robot: 10; time: 8.3797; initial_level: 990.735; final_level: 967.272
event: task_resolution; timestamp: 220.38; task: 86; pos: (-19, -26); status: COMPLETED; attempt: 1
event: battery_consumption; timestamp: 220.38; robot: 10; time: 58.0086; initial_level: 967.272; final_level: 967.272
event: navigation; timestamp: 220.38; robot: 10; time: 58.0086; src: (-19, -26); dst: (-20, 32)
event: task_execution; timestamp: 249.293; task: 47; robot: 6; pos: (-38, -5); time: 9.03535
event: battery_consumption; timestamp: 249.293; robot: 6; time: 9.03535; initial_level: 984.594; final_level: 975.559
event: task_resolution; timestamp: 258.328; task: 47; pos: (-38, -5); status: COMPLETED; attempt: 1
event: battery_consumption; timestamp: 258.328; robot: 6; time: 38.4838; initial_level: 975.559; final_level: 975.559
event: navigation; timestamp: 258.328; robot: 6; time: 38.4838; src: (-38, -5); dst: (-22, 30)
event: task_execution; timestamp: 249; task: 81; robot: 8; pos: (9, 8); time: 10.46
event: battery_consumption; timestamp: 249; robot: 8; time: 10.46; initial_level: 990.735; final_level: 980.275
event: task_resolution; timestamp: 259.46; task: 81; pos: (9, 8); status: COMPLETED; attempt: 1
event: battery_consumption; timestamp: 259.46; robot: 8; time: 22.8035; initial_level: 980.275; final_level: 980.275
event: navigation; timestamp: 259.46; robot: 8; time: 22.8035; src: (9, 8); dst: (15, 30)
event: task_execution; timestamp: 261.093; task: 41; robot: 9; pos: (18, 25); time: 8.32811
event: battery_consumption; timestamp: 261.093; robot: 9; time: 8.32811; initial_level: 988.565; final_level: 971.909
event: task_resolution; timestamp: 269.421; task: 41; pos: (18, 25); status: FAILED; attempt: 1
event: battery_consumption; timestamp: 269.421; robot: 9; time: 7.61577; initial_level: 971.909; final_level: 971.909
event: navigation; timestamp: 269.421; robot: 9; time: 7.61577; src: (18, 25); dst: (15, 32)
event: task_execution; timestamp: 259; task: 84; robot: 7; pos: (17, -21); time: 10.5073
event: battery_consumption; timestamp: 259; robot: 7; time: 10.5073; initial_level: 990.735; final_level: 971.822
event: task_resolution; timestamp: 269.507; task: 84; pos: (17, -21); status: COMPLETED; attempt: 1
event: battery_consumption; timestamp: 269.507; robot: 7; time: 22.6716; initial_level: 971.822; final_level: 971.822
event: navigation; timestamp: 269.507; robot: 7; time: 22.6716; src: (17, -21); dst: (2, -38)
event: task_execution; timestamp: 272; task: 87; robot: 2; pos: (-28, -26); time: 9.66072
event: battery_consumption; timestamp: 272; robot: 2; time: 9.66072; initial_level: 990.735; final_level: 978.177
event: task_resolution; timestamp: 281.661; task: 87; pos: (-28, -26); status: COMPLETED; attempt: 1
event: battery_consumption; timestamp: 281.661; robot: 2; time: 47.0106; initial_level: 978.177; final_level: 978.177
event: navigation; timestamp: 281.661; robot: 2; time: 47.0106; src: (-28, -26); dst: (-9, 17)
event: task_execution; timestamp: 277.037; task: 44; robot: 9; pos: (15, 32); time: 9.59603
event: battery_consumption; timestamp: 277.037; robot: 9; time: 9.59603; initial_level: 971.909; final_level: 962.313
event: task_resolution; timestamp: 286.633; task: 44; pos: (15, 32); status: COMPLETED; attempt: 1
event: battery_consumption; timestamp: 286.633; robot: 9; time: 28.3019; initial_level: 962.313; final_level: 962.313
event: navigation; timestamp: 286.633; robot: 9; time: 28.3019; src: (15, 32); dst: (-9, 17)
event: task_execution; timestamp: 278.388; task: 45; robot: 10; pos: (-20, 32); time: 10.7671
event: battery_consumption; timestamp: 278.388; robot: 10; time: 10.7671; initial_level: 967.272; final_level: 956.505
event: task_resolution; timestamp: 289.155; task: 45; pos: (-20, 32); status: COMPLETED; attempt: 1
event: battery_consumption; timestamp: 289.155; robot: 10; time: 18.6011; initial_level: 956.505; final_level: 956.505
event: navigation; timestamp: 289.155; robot: 10; time: 18.6011; src: (-20, 32); dst: (-9, 17)
event: task_execution; timestamp: 282.264; task: 42; robot: 8; pos: (15, 30); time: 8.84286
event: battery_consumption; timestamp: 282.264; robot: 8; time: 8.84286; initial_level: 980.275; final_level: 971.433
event: task_resolution; timestamp: 291.106; task: 42; pos: (15, 30); status: FAILED; attempt: 1
event: battery_consumption; timestamp: 291.106; robot: 8; time: 32.0624; initial_level: 971.433; final_level: 971.433
event: navigation; timestamp: 291.106; robot: 8; time: 32.0624; src: (15, 30); dst: (17, -2)
event: task_execution; timestamp: 315; task: 46; robot: 6; pos: (-22, 30); time: 10.6347
event: battery_consumption; timestamp: 315; robot: 6; time: 10.6347; initial_level: 975.559; final_level: 964.924
event: task_resolution; timestamp: 325.635; task: 46; pos: (-22, 30); status: FAILED; attempt: 1
event: battery_consumption; timestamp: 325.635; robot: 6; time: 45.7056; initial_level: 964.924; final_level: 964.924
event: navigation; timestamp: 325.635; robot: 6; time: 45.7056; src: (-22, 30); dst: (-14, -15)
event: task_execution; timestamp: 325; task: 89; robot: 5; pos: (27, -45); time: 9.96043
event: battery_consumption; timestamp: 325; robot: 5; time: 9.96043; initial_level: 990.735; final_level: 965.834
event: task_resolution; timestamp: 334.96; task: 89; pos: (27, -45); status: COMPLETED; attempt: 1
event: battery_consumption; timestamp: 334.96; robot: 5; time: 33.8378; initial_level: 965.834; final_level: 965.834
event: navigation; timestamp: 334.96; robot: 5; time: 33.8378; src: (27, -45); dst: (16, -13)
event: task_execution; timestamp: 330; task: 70; robot: 3; pos: (-5, 19); time: 9.55766
event: battery_consumption; timestamp: 330; robot: 3; time: 9.55766; initial_level: 934.389; final_level: 912.406
event: task_resolution; timestamp: 339.558; task: 70; pos: (-5, 19); status: COMPLETED; attempt: 1
event: battery_consumption; timestamp: 339.558; robot: 3; time: 30.4138; initial_level: 912.406; final_level: 912.406
event: navigation; timestamp: 339.558; robot: 3; time: 30.4138; src: (-5, 19); dst: (17, -2)
event: task_execution; timestamp: 341; task: 49; robot: 7; pos: (2, -38); time: 11.496
event: battery_consumption; timestamp: 341; robot: 7; time: 11.496; initial_level: 971.822; final_level: 960.326
event: task_resolution; timestamp: 352.496; task: 49; pos: (2, -38); status: COMPLETED; attempt: 1
event: battery_consumption; timestamp: 352.496; robot: 7; time: 28.6531; initial_level: 960.326; final_level: 960.326
event: navigation; timestamp: 352.496; robot: 7; time: 28.6531; src: (2, -38); dst: (16, -13)
event: task_execution; timestamp: 356; task: 100; robot: 2; pos: (-9, 17); time: 9.96765
event: battery_consumption; timestamp: 356; robot: 2; time: 9.96765; initial_level: 978.177; final_level: 975.186
event: task_execution; timestamp: 356; task: 100; robot: 9; pos: (-9, 17); time: 9.96765
event: battery_consumption; timestamp: 356; robot: 9; time: 9.96765; initial_level: 962.313; final_level: 959.322
event: task_execution; timestamp: 356; task: 100; robot: 10; pos: (-9, 17); time: 9.96765
event: battery_consumption; timestamp: 356; robot: 10; time: 9.96765; initial_level: 956.505; final_level: 953.515
event: task_resolution; timestamp: 365.968; task: 100; pos: (-9, 17); status: COMPLETED; attempt: 1
event: battery_consumption; timestamp: 365.968; robot: 2; time: 32.3883; initial_level: 975.186; final_level: 975.186
event: navigation; timestamp: 365.968; robot: 2; time: 32.3883; src: (-9, 17); dst: (-14, -15)
event: battery_consumption; timestamp: 365.968; robot: 9; time: 32.3883; initial_level: 959.322; final_level: 959.322
event: navigation; timestamp: 365.968; robot: 9; time: 32.3883; src: (-9, 17); dst: (-14, -15)
event: battery_consumption; timestamp: 365.968; robot: 10; time: 33.541; initial_level: 953.515; final_level: 953.515
event: navigation; timestamp: 365.968; robot: 10; time: 33.541; src: (-9, 17); dst: (21, 2)
event: task_execution; timestamp: 369.971; task: 94; robot: 3; pos: (17, -2); time: 10.2824
event: battery_consumption; timestamp: 369.971; robot: 3; time: 10.2824; initial_level: 912.406; final_level: 888.757
event: task_execution; timestamp: 369.971; task: 94; robot: 8; pos: (17, -2); time: 10.2824
event: battery_consumption; timestamp: 369.971; robot: 8; time: 10.2824; initial_level: 971.433; final_level: 947.783
event: task_resolution; timestamp: 380.254; task: 94; pos: (17, -2); status: COMPLETED; attempt: 1
event: battery_consumption; timestamp: 380.254; robot: 8; time: 6.40312; initial_level: 947.783; final_level: 947.783
event: navigation; timestamp: 380.254; robot: 8; time: 6.40312; src: (17, -2); dst: (13, -7)
event: battery_consumption; timestamp: 380.254; robot: 3; time: 6.40312; initial_level: 888.757; final_level: 888.757
event: navigation; timestamp: 380.254; robot: 3; time: 6.40312; src: (17, -2); dst: (13, -7)
event: task_execution; timestamp: 381.149; task: 95; robot: 5; pos: (16, -13); time: 10.2725
event: battery_consumption; timestamp: 381.149; robot: 5; time: 10.2725; initial_level: 965.834; final_level: 959.671
event: task_execution; timestamp: 381.149; task: 95; robot: 7; pos: (16, -13); time: 10.2725
event: battery_consumption; timestamp: 381.149; robot: 7; time: 10.2725; initial_level: 960.326; final_level: 954.163
event: task_resolution; timestamp: 391.422; task: 95; pos: (16, -13); status: COMPLETED; attempt: 1
event: battery_consumption; timestamp: 391.422; robot: 5; time: 15.8114; initial_level: 959.671; final_level: 959.671
event: navigation; timestamp: 391.422; robot: 5; time: 15.8114; src: (16, -13); dst: (21, 2)
event: battery_consumption; timestamp: 391.422; robot: 7; time: 17.0294; initial_level: 954.163; final_level: 954.163
event: navigation; timestamp: 391.422; robot: 7; time: 17.0294; src: (16, -13); dst: (15, 4)
event: task_execution; timestamp: 386.657; task: 92; robot: 3; pos: (13, -7); time: 11.6761
event: battery_consumption; timestamp: 386.657; robot: 3; time: 11.6761; initial_level: 888.757; final_level: 872.41
event: task_execution; timestamp: 386.657; task: 92; robot: 8; pos: (13, -7); time: 11.6761
event: battery_consumption; timestamp: 386.657; robot: 8; time: 11.6761; initial_level: 947.783; final_level: 931.437
event: task_resolution; timestamp: 398.333; task: 92; pos: (13, -7); status: COMPLETED; attempt: 1
event: battery_consumption; timestamp: 398.333; robot: 8; time: 11.1803; initial_level: 931.437; final_level: 931.437
event: navigation; timestamp: 398.333; robot: 8; time: 11.1803; src: (13, -7); dst: (15, 4)
event: battery_consumption; timestamp: 398.333; robot: 3; time: 4.12311; initial_level: 872.41; final_level: 872.41
event: navigation; timestamp: 398.333; robot: 3; time: 4.12311; src: (13, -7); dst: (9, -8)
event: task_execution; timestamp: 398.356; task: 99; robot: 2; pos: (-14, -15); time: 12.0174
event: battery_consumption; timestamp: 398.356; robot: 2; time: 12.0174; initial_level: 975.186; final_level: 957.16
event: task_execution; timestamp: 398.356; task: 99; robot: 6; pos: (-14, -15); time: 12.0174
event: battery_consumption; timestamp: 398.356; robot: 6; time: 12.0174; initial_level: 964.924; final_level: 946.898
event: task_execution; timestamp: 398.356; task: 99; robot: 9; pos: (-14, -15); time: 12.0174
event: battery_consumption; timestamp: 398.356; robot: 9; time: 12.0174; initial_level: 959.322; final_level: 941.296
event: task_resolution; timestamp: 410.373; task: 99; pos: (-14, -15); status: COMPLETED; attempt: 1
event: battery_consumption; timestamp: 410.373; robot: 6; time: 24.0416; initial_level: 946.898; final_level: 946.898
event: navigation; timestamp: 410.373; robot: 6; time: 24.0416; src: (-14, -15); dst: (9, -8)
event: battery_consumption; timestamp: 410.373; robot: 9; time: 43.8292; initial_level: 941.296; final_level: 941.296
event: navigation; timestamp: 410.373; robot: 9; time: 43.8292; src: (-14, -15); dst: (25, 5)
event: battery_consumption; timestamp: 410.373; robot: 2; time: 43.8292; initial_level: 957.16; final_level: 957.16
event: navigation; timestamp: 410.373; robot: 2; time: 43.8292; src: (-14, -15); dst: (25, 5)
event: task_execution; timestamp: 404; task: 66; robot: 1; pos: (1, -13); time: 10.1988
event: battery_consumption; timestamp: 404; robot: 1; time: 10.1988; initial_level: 953.246; final_level: 936.928
event: task_resolution; timestamp: 414.199; task: 66; pos: (1, -13); status: COMPLETED; attempt: 1
event: battery_consumption; timestamp: 414.199; robot: 1; time: 35.609; initial_level: 936.928; final_level: 936.928
event: navigation; timestamp: 414.199; robot: 1; time: 35.609; src: (1, -13); dst: (23, 15)
event: task_execution; timestamp: 407.233; task: 93; robot: 5; pos: (21, 2); time: 11.4693
event: battery_consumption; timestamp: 407.233; robot: 5; time: 11.4693; initial_level: 959.671; final_level: 956.23
event: task_execution; timestamp: 407.233; task: 93; robot: 10; pos: (21, 2); time: 11.4693
event: battery_consumption; timestamp: 407.233; robot: 10; time: 11.4693; initial_level: 953.515; final_level: 950.074
event: task_resolution; timestamp: 418.702; task: 93; pos: (21, 2); status: COMPLETED; attempt: 1
event: battery_consumption; timestamp: 418.702; robot: 10; time: 13.1529; initial_level: 950.074; final_level: 950.074
event: navigation; timestamp: 418.702; robot: 10; time: 13.1529; src: (21, 2); dst: (23, 15)
event: battery_consumption; timestamp: 418.702; robot: 5; time: 20.2485; initial_level: 956.23; final_level: 956.23
event: navigation; timestamp: 418.702; robot: 5; time: 20.2485; src: (21, 2); dst: (32, -15)
event: task_execution; timestamp: 418; task: 96; robot: 7; pos: (15, 4); time: 9.4136
event: battery_consumption; timestamp: 418; robot: 7; time: 9.4136; initial_level: 954.163; final_level: 929.687
event: task_execution; timestamp: 418; task: 96; robot: 8; pos: (15, 4); time: 9.4136
event: battery_consumption; timestamp: 418; robot: 8; time: 9.4136; initial_level: 931.437; final_level: 906.961
event: task_resolution; timestamp: 427.414; task: 96; pos: (15, 4); status: COMPLETED; attempt: 1
event: battery_consumption; timestamp: 427.414; robot: 7; time: 31; initial_level: 929.687; final_level: 929.687
event: navigation; timestamp: 427.414; robot: 7; time: 31; src: (15, 4); dst: (15, 35)
event: battery_consumption; timestamp: 427.414; robot: 8; time: 50.6952; initial_level: 906.961; final_level: 906.961
event: navigation; timestamp: 427.414; robot: 8; time: 50.6952; src: (15, 4); dst: (2, -45)
event: task_execution; timestamp: 436; task: 68; robot: 4; pos: (0, 10); time: 10.311
event: battery_consumption; timestamp: 436; robot: 4; time: 10.311; initial_level: 961.04; final_level: 939.387
event: task_resolution; timestamp: 446.311; task: 68; pos: (0, 10); status: COMPLETED; attempt: 1
event: battery_consumption; timestamp: 446.311; robot: 4; time: 55.3173; initial_level: 939.387; final_level: 939.387
event: navigation; timestamp: 446.311; robot: 4; time: 55.3173; src: (0, 10); dst: (-36, -32)
event: task_execution; timestamp: 442; task: 91; robot: 3; pos: (9, -8); time: 8.3745
event: battery_consumption; timestamp: 442; robot: 3; time: 8.3745; initial_level: 872.41; final_level: 861.524
event: task_execution; timestamp: 442; task: 91; robot: 6; pos: (9, -8); time: 8.3745
event: battery_consumption; timestamp: 442; robot: 6; time: 8.3745; initial_level: 946.898; final_level: 936.011
event: task_resolution; timestamp: 450.374; task: 91; pos: (9, -8); status: COMPLETED; attempt: 1
event: battery_consumption; timestamp: 450.374; robot: 6; time: 51; initial_level: 936.011; final_level: 936.011
event: navigation; timestamp: 450.374; robot: 6; time: 51; src: (9, -8); dst: (-36, -32)
event: battery_consumption; timestamp: 450.374; robot: 3; time: 51; initial_level: 861.524; final_level: 861.524
event: navigation; timestamp: 450.374; robot: 3; time: 51; src: (9, -8); dst: (-36, -32)
event: task_execution; timestamp: 438.951; task: 50; robot: 5; pos: (32, -15); time: 12.0757
event: battery_consumption; timestamp: 438.951; robot: 5; time: 12.0757; initial_level: 956.23; final_level: 920.003
event: task_resolution; timestamp: 451.026; task: 50; pos: (32, -15); status: COMPLETED; attempt: 1
event: battery_consumption; timestamp: 451.026; robot: 5; time: 27.7308; initial_level: 920.003; final_level: 920.003
event: navigation; timestamp: 451.026; robot: 5; time: 27.7308; src: (32, -15); dst: (7, -3)
event: task_execution; timestamp: 449.808; task: 72; robot: 1; pos: (23, 15); time: 8.26476
event: battery_consumption; timestamp: 449.808; robot: 1; time: 8.26476; initial_level: 936.928; final_level: 930.316
event: task_execution; timestamp: 449.808; task: 72; robot: 10; pos: (23, 15); time: 8.26476
event: battery_consumption; timestamp: 449.808; robot: 10; time: 8.26476; initial_level: 950.074; final_level: 943.462
event: task_resolution; timestamp: 458.073; task: 72; pos: (23, 15); status: COMPLETED; attempt: 1
event: battery_consumption; timestamp: 458.073; robot: 10; time: 24.0832; initial_level: 943.462; final_level: 943.462
event: navigation; timestamp: 458.073; robot: 10; time: 24.0832; src: (23, 15); dst: (7, -3)
event: battery_consumption; timestamp: 458.073; robot: 1; time: 24.0832; initial_level: 930.316; final_level: 930.316
event: navigation; timestamp: 458.073; robot: 1; time: 24.0832; src: (23, 15); dst: (7, -3)
event: task_execution; timestamp: 454.203; task: 71; robot: 2; pos: (25, 5); time: 10.4751
event: battery_consumption; timestamp: 454.203; robot: 2; time: 10.4751; initial_level: 957.16; final_level: 942.495
event: task_execution; timestamp: 454.203; task: 71; robot: 9; pos: (25, 5); time: 10.4751
event: battery_consumption; timestamp: 454.203; robot: 9; time: 10.4751; initial_level: 941.296; final_level: 926.631
event: task_resolution; timestamp: 464.678; task: 71; pos: (25, 5); status: COMPLETED; attempt: 1
event: battery_consumption; timestamp: 464.678; robot: 9; time: 57.0088; initial_level: 926.631; final_level: 926.631
event: navigation; timestamp: 464.678; robot: 9; time: 57.0088; src: (25, 5); dst: (-20, -30)
event: battery_consumption; timestamp: 464.678; robot: 2; time: 57.0088; initial_level: 942.495; final_level: 942.495
event: navigation; timestamp: 464.678; robot: 2; time: 57.0088; src: (25, 5); dst: (-20, -30)
event: task_execution; timestamp: 458.414; task: 43; robot: 7; pos: (15, 35); time: 9.60235
event: battery_consumption; timestamp: 458.414; robot: 7; time: 9.60235; initial_level: 929.687; final_level: 910.483
event: task_resolution; timestamp: 468.016; task: 43; pos: (15, 35); status: COMPLETED; attempt: 1
event: battery_consumption; timestamp: 468.016; robot: 7; time: 55.2268; initial_level: 910.483; final_level: 910.483
event: navigation; timestamp: 468.016; robot: 7; time: 55.2268; src: (15, 35); dst: (-32, 6)
event: task_execution; timestamp: 478.109; task: 48; robot: 8; pos: (2, -45); time: 10.5775
event: battery_consumption; timestamp: 478.109; robot: 8; time: 10.5775; initial_level: 906.961; final_level: 896.384
event: task_resolution; timestamp: 488.686; task: 48; pos: (2, -45); status: COMPLETED; attempt: 1
event: battery_consumption; timestamp: 488.686; robot: 8; time: 19.105; initial_level: 896.384; final_level: 896.384
event: navigation; timestamp: 488.686; robot: 8; time: 19.105; src: (2, -45); dst: (-17, -47)
event: task_execution; timestamp: 482.156; task: 80; robot: 1; pos: (7, -3); time: 9.11243
event: battery_consumption; timestamp: 482.156; robot: 1; time: 9.11243; initial_level: 930.316; final_level: 918.47
event: task_execution; timestamp: 482.156; task: 80; robot: 5; pos: (7, -3); time: 9.11243
event: battery_consumption; timestamp: 482.156; robot: 5; time: 9.11243; initial_level: 920.003; final_level: 908.157
event: task_execution; timestamp: 482.156; task: 80; robot: 10; pos: (7, -3); time: 9.11243
event: battery_consumption; timestamp: 482.156; robot: 10; time: 9.11243; initial_level: 943.462; final_level: 931.616
event: task_resolution; timestamp: 491.268; task: 80; pos: (7, -3); status: FAILED; attempt: 1
event: battery_consumption; timestamp: 491.268; robot: 10; time: 40.025; initial_level: 931.616; final_level: 931.616
event: navigation; timestamp: 491.268; robot: 10; time: 40.025; src: (7, -3); dst: (-32, 6)
event: battery_consumption; timestamp: 491.268; robot: 1; time: 40.025; initial_level: 918.47; final_level: 918.47
event: navigation; timestamp: 491.268; robot: 1; time: 40.025; src: (7, -3); dst: (-32, 6)
event: battery_consumption; timestamp: 491.268; robot: 5; time: 46.0652; initial_level: 908.157; final_level: 908.157
event: navigation; timestamp: 491.268; robot: 5; time: 46.0652; src: (7, -3); dst: (-34, 18)
event: task_execution; timestamp: 501.628; task: 97; robot: 3; pos: (-36, -32); time: 9.75397
event: battery_consumption; timestamp: 501.628; robot: 3; time: 9.75397; initial_level: 861.524; final_level: 827.385
event: task_execution; timestamp: 501.628; task: 97; robot: 4; pos: (-36, -32); time: 9.75397
event: battery_consumption; timestamp: 501.628; robot: 4; time: 9.75397; initial_level: 939.387; final_level: 905.248
event: task_execution; timestamp: 501.628; task: 97; robot: 6; pos: (-36, -32); time: 9.75397
event: battery_consumption; timestamp: 501.628; robot: 6; time: 9.75397; initial_level: 936.011; final_level: 901.872
event: task_resolution; timestamp: 511.382; task: 97; pos: (-36, -32); status: COMPLETED; attempt: 1
event: battery_consumption; timestamp: 511.382; robot: 3; time: 24.2074; initial_level: 827.385; final_level: 827.385
event: navigation; timestamp: 511.382; robot: 3; time: 24.2074; src: (-36, -32); dst: (-17, -47)
event: battery_consumption; timestamp: 511.382; robot: 4; time: 24.2074; initial_level: 905.248; final_level: 905.248
event: navigation; timestamp: 511.382; robot: 4; time: 24.2074; src: (-36, -32); dst: (-17, -47)
event: battery_consumption; timestamp: 511.382; robot: 6; time: 50.04; initial_level: 901.872; final_level: 901.872
event: navigation; timestamp: 511.382; robot: 6; time: 50.04; src: (-36, -32); dst: (-34, 18)
event: task_execution; timestamp: 521.686; task: 74; robot: 2; pos: (-20, -30); time: 9.76896
event: battery_consumption; timestamp: 521.686; robot: 2; time: 9.76896; initial_level: 942.495; final_level: 934.68
event: task_execution; timestamp: 521.686; task: 74; robot: 9; pos: (-20, -30); time: 9.76896
event: battery_consumption; timestamp: 521.686; robot: 9; time: 9.76896; initial_level: 926.631; final_level: 918.816
event: task_resolution; timestamp: 531.455; task: 74; pos: (-20, -30); status: COMPLETED; attempt: 1
event: battery_consumption; timestamp: 531.455; robot: 9; time: 50; initial_level: 918.816; final_level: 918.816
event: navigation; timestamp: 531.455; robot: 9; time: 50; src: (-20, -30); dst: (-34, 18)
event: battery_consumption; timestamp: 531.455; robot: 2; time: 33.541; initial_level: 934.68; final_level: 934.68
event: navigation; timestamp: 531.455; robot: 2; time: 33.541; src: (-20, -30); dst: (10, -15)
event: task_execution; timestamp: 531.293; task: 78; robot: 1; pos: (-32, 6); time: 10.388
event: battery_consumption; timestamp: 531.293; robot: 1; time: 10.388; initial_level: 918.47; final_level: 890.422
event: task_execution; timestamp: 531.293; task: 78; robot: 7; pos: (-32, 6); time: 10.388
event: battery_consumption; timestamp: 531.293; robot: 7; time: 10.388; initial_level: 910.483; final_level: 882.435
event: task_execution; timestamp: 531.293; task: 78; robot: 10; pos: (-32, 6); time: 10.388
event: battery_consumption; timestamp: 531.293; robot: 10; time: 10.388; initial_level: 931.616; final_level: 903.568
event: task_resolution; timestamp: 541.681; task: 78; pos: (-32, 6); status: COMPLETED; attempt: 1
event: battery_consumption; timestamp: 541.681; robot: 10; time: 8.06226; initial_level: 903.568; final_level: 903.568
event: navigation; timestamp: 541.681; robot: 10; time: 8.06226; src: (-32, 6); dst: (-25, 10)
event: battery_consumption; timestamp: 541.681; robot: 7; time: 8.06226; initial_level: 882.435; final_level: 882.435
event: navigation; timestamp: 541.681; robot: 7; time: 8.06226; src: (-32, 6); dst: (-25, 10)
event: battery_consumption; timestamp: 541.681; robot: 1; time: 8.06226; initial_level: 890.422; final_level: 890.422
event: navigation; timestamp: 541.681; robot: 1; time: 8.06226; src: (-32, 6); dst: (-25, 10)
event: task_execution; timestamp: 535.59; task: 77; robot: 3; pos: (-17, -47); time: 10.497
event: battery_consumption; timestamp: 535.59; robot: 3; time: 10.497; initial_level: 827.385; final_level: 820.037
event: task_execution; timestamp: 535.59; task: 77; robot: 4; pos: (-17, -47); time: 10.497
event: battery_consumption; timestamp: 535.59; robot: 4; time: 10.497; initial_level: 905.248; final_level: 897.9
event: task_execution; timestamp: 535.59; task: 77; robot: 8; pos: (-17, -47); time: 10.497
event: battery_consumption; timestamp: 535.59; robot: 8; time: 10.497; initial_level: 896.384; final_level: 889.036
event: task_resolution; timestamp: 546.087; task: 77; pos: (-17, -47); status: COMPLETED; attempt: 1
event: battery_consumption; timestamp: 546.087; robot: 3; time: 41.8688; initial_level: 820.037; final_level: 820.037
event: navigation; timestamp: 546.087; robot: 3; time: 41.8688; src: (-17, -47); dst: (10, -15)
event: battery_consumption; timestamp: 546.087; robot: 8; time: 57.4282; initial_level: 889.036; final_level: 889.036
event: navigation; timestamp: 546.087; robot: 8; time: 57.4282; src: (-17, -47); dst: (-10, 10)
event: battery_consumption; timestamp: 546.087; robot: 4; time: 57.4282; initial_level: 897.9; final_level: 897.9
event: navigation; timestamp: 546.087; robot: 4; time: 57.4282; src: (-17, -47); dst: (-10, 10)
event: task_execution; timestamp: 549.743; task: 60; robot: 1; pos: (-25, 10); time: 10.4871
event: battery_consumption; timestamp: 549.743; robot: 1; time: 10.4871; initial_level: 890.422; final_level: 872.594
event: task_execution; timestamp: 549.743; task: 60; robot: 7; pos: (-25, 10); time: 10.4871
event: battery_consumption; timestamp: 549.743; robot: 7; time: 10.4871; initial_level: 882.435; final_level: 864.607
event: task_execution; timestamp: 549.743; task: 60; robot: 10; pos: (-25, 10); time: 10.4871
event: battery_consumption; timestamp: 549.743; robot: 10; time: 10.4871; initial_level: 903.568; final_level: 885.74
event: task_resolution; timestamp: 560.231; task: 60; pos: (-25, 10); status: FAILED; attempt: 1
event: battery_consumption; timestamp: 560.231; robot: 1; time: 40; initial_level: 872.594; final_level: 872.594
event: navigation; timestamp: 560.231; robot: 1; time: 40; src: (-25, 10); dst: (15, 10)
event: battery_consumption; timestamp: 560.231; robot: 10; time: 40; initial_level: 885.74; final_level: 885.74
event: navigation; timestamp: 560.231; robot: 10; time: 40; src: (-25, 10); dst: (15, 10)
event: battery_consumption; timestamp: 560.231; robot: 7; time: 50.5371; initial_level: 864.607; final_level: 864.607
event: navigation; timestamp: 560.231; robot: 7; time: 50.5371; src: (-25, 10); dst: (-2, -35)
event: task_execution; timestamp: 581.455; task: 79; robot: 5; pos: (-34, 18); time: 7.69038
event: battery_consumption; timestamp: 581.455; robot: 5; time: 7.69038; initial_level: 908.157; final_level: 885.086
event: task_execution; timestamp: 581.455; task: 79; robot: 6; pos: (-34, 18); time: 7.69038
event: battery_consumption; timestamp: 581.455; robot: 6; time: 7.69038; initial_level: 901.872; final_level: 878.801
event: task_execution; timestamp: 581.455; task: 79; robot: 9; pos: (-34, 18); time: 7.69038
event: battery_consumption; timestamp: 581.455; robot: 9; time: 7.69038; initial_level: 918.816; final_level: 895.745
event: task_resolution; timestamp: 589.146; task: 79; pos: (-34, 18); status: COMPLETED; attempt: 1
event: battery_consumption; timestamp: 589.146; robot: 9; time: 69.3542; initial_level: 895.745; final_level: 895.745
event: navigation; timestamp: 589.146; robot: 9; time: 69.3542; src: (-34, 18); dst: (-5, -45)
event: battery_consumption; timestamp: 589.146; robot: 5; time: 63.3246; initial_level: 885.086; final_level: 885.086
event: navigation; timestamp: 589.146; robot: 5; time: 63.3246; src: (-34, 18); dst: (27, 35)
event: battery_consumption; timestamp: 589.146; robot: 6; time: 63.3246; initial_level: 878.801; final_level: 878.801
event: navigation; timestamp: 589.146; robot: 6; time: 63.3246; src: (-34, 18); dst: (27, 35)
event: task_execution; timestamp: 587.956; task: 56; robot: 2; pos: (10, -15); time: 11.4929
event: battery_consumption; timestamp: 587.956; robot: 2; time: 11.4929; initial_level: 934.68; final_level: 912.843
event: task_execution; timestamp: 587.956; task: 56; robot: 3; pos: (10, -15); time: 11.4929
event: battery_consumption; timestamp: 587.956; robot: 3; time: 11.4929; initial_level: 820.037; final_level: 798.2
event: task_resolution; timestamp: 599.448; task: 56; pos: (10, -15); status: FAILED; attempt: 1
event: battery_consumption; timestamp: 599.448; robot: 3; time: 22.3607; initial_level: 798.2; final_level: 798.2
event: navigation; timestamp: 599.448; robot: 3; time: 22.3607; src: (10, -15); dst: (0, -35)
event: battery_consumption; timestamp: 599.448; robot: 2; time: 37.3363; initial_level: 912.843; final_level: 912.843
event: navigation; timestamp: 599.448; robot: 2; time: 37.3363; src: (10, -15); dst: (47, -20)
event: task_execution; timestamp: 600.231; task: 54; robot: 1; pos: (15, 10); time: 8.95992
event: battery_consumption; timestamp: 600.231; robot: 1; time: 8.95992; initial_level: 872.594; final_level: 858.258
event: task_execution; timestamp: 600.231; task: 54; robot: 10; pos: (15, 10); time: 8.95992
event: battery_consumption; timestamp: 600.231; robot: 10; time: 8.95992; initial_level: 885.74; final_level: 871.405
event: task_resolution; timestamp: 609.19; task: 54; pos: (15, 10); status: COMPLETED; attempt: 1
event: battery_consumption; timestamp: 609.19; robot: 1; time: 43.8634; initial_level: 858.258; final_level: 858.258
event: navigation; timestamp: 609.19; robot: 1; time: 43.8634; src: (15, 10); dst: (47, -20)
event: battery_consumption; timestamp: 609.19; robot: 10; time: 50; initial_level: 871.405; final_level: 871.405
event: navigation; timestamp: 609.19; robot: 10; time: 50; src: (15, 10); dst: (55, -20)
event: task_execution; timestamp: 603.515; task: 55; robot: 4; pos: (-10, 10); time: 10.5688
event: battery_consumption; timestamp: 603.515; robot: 4; time: 10.5688; initial_level: 897.9; final_level: 880.99
event: task_execution; timestamp: 603.515; task: 55; robot: 8; pos: (-10, 10); time: 10.5688
event: battery_consumption; timestamp: 603.515; robot: 8; time: 10.5688; initial_level: 889.036; final_level: 872.126
event: task_resolution; timestamp: 614.084; task: 55; pos: (-10, 10); status: COMPLETED; attempt: 1
event: battery_consumption; timestamp: 614.084; robot: 4; time: 52.2015; initial_level: 880.99; final_level: 880.99
event: navigation; timestamp: 614.084; robot: 4; time: 52.2015; src: (-10, 10); dst: (-25, -40)
event: battery_consumption; timestamp: 614.084; robot: 8; time: 52.2015; initial_level: 872.126; final_level: 872.126
event: navigation; timestamp: 614.084; robot: 8; time: 52.2015; src: (-10, 10); dst: (-25, -40)
event: task_execution; timestamp: 610.768; task: 24; robot: 7; pos: (-2, -35); time: 8.36588
event: battery_consumption; timestamp: 610.768; robot: 7; time: 8.36588; initial_level: 864.607; final_level: 856.241
event: task_resolution; timestamp: 619.133; task: 24; pos: (-2, -35); status: COMPLETED; attempt: 1
event: battery_consumption; timestamp: 619.133; robot: 7; time: 23.5372; initial_level: 856.241; final_level: 856.241
event: navigation; timestamp: 619.133; robot: 7; time: 23.5372; src: (-2, -35); dst: (-25, -40)
event: task_execution; timestamp: 621.809; task: 22; robot: 3; pos: (0, -35); time: 10.2949
event: battery_consumption; timestamp: 621.809; robot: 3; time: 10.2949; initial_level: 798.2; final_level: 757.021
event: task_resolution; timestamp: 632.104; task: 22; pos: (0, -35); status: COMPLETED; attempt: 1
event: battery_consumption; timestamp: 632.104; robot: 3; time: 39.0512; initial_level: 757.021; final_level: 757.021
event: navigation; timestamp: 632.104; robot: 3; time: 39.0512; src: (0, -35); dst: (-30, -10)
event: task_execution; timestamp: 652.47; task: 35; robot: 5; pos: (27, 35); time: 10.1568
event: battery_consumption; timestamp: 652.47; robot: 5; time: 10.1568; initial_level: 885.086; final_level: 864.772
event: task_execution; timestamp: 652.47; task: 35; robot: 6; pos: (27, 35); time: 10.1568
event: battery_consumption; timestamp: 652.47; robot: 6; time: 10.1568; initial_level: 878.801; final_level: 858.488
event: task_resolution; timestamp: 662.627; task: 35; pos: (27, 35); status: FAILED; attempt: 1
event: battery_consumption; timestamp: 662.627; robot: 6; time: 3.60555; initial_level: 858.488; final_level: 858.488
event: navigation; timestamp: 662.627; robot: 6; time: 3.60555; src: (27, 35); dst: (25, 32)
event: battery_consumption; timestamp: 662.627; robot: 5; time: 3.60555; initial_level: 864.772; final_level: 864.772
event: navigation; timestamp: 662.627; robot: 5; time: 3.60555; src: (27, 35); dst: (25, 32)
event: task_execution; timestamp: 653.054; task: 32; robot: 1; pos: (47, -20); time: 11.4592
event: battery_consumption; timestamp: 653.054; robot: 1; time: 11.4592; initial_level: 858.258; final_level: 846.799
event: task_execution; timestamp: 653.054; task: 32; robot: 2; pos: (47, -20); time: 11.4592
event: battery_consumption; timestamp: 653.054; robot: 2; time: 11.4592; initial_level: 912.843; final_level: 901.384
event: task_resolution; timestamp: 664.513; task: 32; pos: (47, -20); status: FAILED; attempt: 1
event: battery_consumption; timestamp: 664.513; robot: 1; time: 56.4624; initial_level: 846.799; final_level: 846.799
event: navigation; timestamp: 664.513; robot: 1; time: 56.4624; src: (47, -20); dst: (25, 32)
event: battery_consumption; timestamp: 664.513; robot: 2; time: 82.8794; initial_level: 901.384; final_level: 901.384
event: navigation; timestamp: 664.513; robot: 2; time: 82.8794; src: (47, -20); dst: (-15, 35)
event: task_execution; timestamp: 658.5; task: 25; robot: 9; pos: (-5, -45); time: 9.32231
event: battery_consumption; timestamp: 658.5; robot: 9; time: 9.32231; initial_level: 895.745; final_level: 877.1
event: task_resolution; timestamp: 667.822; task: 25; pos: (-5, -45); status: COMPLETED; attempt: 1
event: battery_consumption; timestamp: 667.822; robot: 9; time: 42.4264; initial_level: 877.1; final_level: 877.1
event: navigation; timestamp: 667.822; robot: 9; time: 42.4264; src: (-5, -45); dst: (-35, -15)
event: task_execution; timestamp: 659.19; task: 26; robot: 10; pos: (55, -20); time: 9.94972
event: battery_consumption; timestamp: 659.19; robot: 10; time: 9.94972; initial_level: 871.405; final_level: 841.555
event: task_resolution; timestamp: 669.14; task: 26; pos: (55, -20); status: COMPLETED; attempt: 1
event: battery_consumption; timestamp: 669.14; robot: 10; time: 90.1388; initial_level: 841.555; final_level: 841.555
event: navigation; timestamp: 669.14; robot: 10; time: 90.1388; src: (55, -20); dst: (-35, -15)
event: task_execution; timestamp: 666.285; task: 58; robot: 4; pos: (-25, -40); time: 10.119
event: battery_consumption; timestamp: 666.285; robot: 4; time: 10.119; initial_level: 880.99; final_level: 860.752
event: task_execution; timestamp: 666.285; task: 58; robot: 7; pos: (-25, -40); time: 10.119
event: battery_consumption; timestamp: 666.285; robot: 7; time: 10.119; initial_level: 856.241; final_level: 836.003
event: task_execution; timestamp: 666.285; task: 58; robot: 8; pos: (-25, -40); time: 10.119
event: battery_consumption; timestamp: 666.285; robot: 8; time: 10.119; initial_level: 872.126; final_level: 851.888
event: task_resolution; timestamp: 676.404; task: 58; pos: (-25, -40); status: COMPLETED; attempt: 1
event: battery_consumption; timestamp: 676.404; robot: 7; time: 38.0789; initial_level: 836.003; final_level: 836.003
event: navigation; timestamp: 676.404; robot: 7; time: 38.0789; src: (-25, -40); dst: (-40, -5)
event: battery_consumption; timestamp: 676.404; robot: 4; time: 38.0789; initial_level: 860.752; final_level: 860.752
event: navigation; timestamp: 676.404; robot: 4; time: 38.0789; src: (-25, -40); dst: (-40, -5)
event: battery_consumption; timestamp: 676.404; robot: 8; time: 38.0789; initial_level: 851.888; final_level: 851.888
event: navigation; timestamp: 676.404; robot: 8; time: 38.0789; src: (-25, -40); dst: (-40, -5)
event: task_execution; timestamp: 671.155; task: 10; robot: 3; pos: (-30, -10); time: 10.1489
event: battery_consumption; timestamp: 671.155; robot: 3; time: 10.1489; initial_level: 757.021; final_level: 726.574
event: task_resolution; timestamp: 681.304; task: 10; pos: (-30, -10); status: COMPLETED; attempt: 1
event: battery_consumption; timestamp: 681.304; robot: 3; time: 40.6079; initial_level: 726.574; final_level: 726.574
event: navigation; timestamp: 681.304; robot: 3; time: 40.6079; src: (-30, -10); dst: (2, -35)
event: task_execution; timestamp: 714.483; task: 17; robot: 4; pos: (-40, -5); time: 10.851
event: battery_consumption; timestamp: 714.483; robot: 4; time: 10.851; initial_level: 860.752; final_level: 839.05
event: task_execution; timestamp: 714.483; task: 17; robot: 7; pos: (-40, -5); time: 10.851
event: battery_consumption; timestamp: 714.483; robot: 7; time: 10.851; initial_level: 836.003; final_level: 814.301
event: task_execution; timestamp: 714.483; task: 17; robot: 8; pos: (-40, -5); time: 10.851
event: battery_consumption; timestamp: 714.483; robot: 8; time: 10.851; initial_level: 851.888; final_level: 830.186
event: task_resolution; timestamp: 725.334; task: 17; pos: (-40, -5); status: FAILED; attempt: 1
event: battery_consumption; timestamp: 725.334; robot: 4; time: 40.3113; initial_level: 839.05; final_level: 839.05
event: navigation; timestamp: 725.334; robot: 4; time: 40.3113; src: (-40, -5); dst: (-20, 30)
event: battery_consumption; timestamp: 725.334; robot: 7; time: 51.614; initial_level: 814.301; final_level: 814.301
event: navigation; timestamp: 725.334; robot: 7; time: 51.614; src: (-40, -5); dst: (2, -35)
event: battery_consumption; timestamp: 725.334; robot: 8; time: 51.614; initial_level: 830.186; final_level: 830.186
event: navigation; timestamp: 725.334; robot: 8; time: 51.614; src: (-40, -5); dst: (2, -35)
event: task_execution; timestamp: 720.975; task: 37; robot: 1; pos: (25, 32); time: 8.45502
event: battery_consumption; timestamp: 720.975; robot: 1; time: 8.45502; initial_level: 846.799; final_level: 838.344
event: task_execution; timestamp: 720.975; task: 37; robot: 5; pos: (25, 32); time: 8.45502
event: battery_consumption; timestamp: 720.975; robot: 5; time: 8.45502; initial_level: 864.772; final_level: 856.317
event: task_execution; timestamp: 720.975; task: 37; robot: 6; pos: (25, 32); time: 8.45502
event: battery_consumption; timestamp: 720.975; robot: 6; time: 8.45502; initial_level: 858.488; final_level: 850.033
event: task_resolution; timestamp: 729.43; task: 37; pos: (25, 32); status: COMPLETED; attempt: 1
event: battery_consumption; timestamp: 729.43; robot: 5; time: 40.6079; initial_level: 856.317; final_level: 856.317
event: navigation; timestamp: 729.43; robot: 5; time: 40.6079; src: (25, 32); dst: (0, 0)
event: recharge; timestamp: 770.038; robot: 5; recharging_station: 1; pos: (0, 0); level: 1000
event: battery_consumption; timestamp: 729.43; robot: 6; time: 40.6079; initial_level: 850.033; final_level: 850.033
event: navigation; timestamp: 729.43; robot: 6; time: 40.6079; src: (25, 32); dst: (0, 0)
event: recharge; timestamp: 770.038; robot: 6; recharging_station: 1; pos: (0, 0); level: 1000
event: battery_consumption; timestamp: 729.43; robot: 1; time: 40.6079; initial_level: 838.344; final_level: 838.344
event: navigation; timestamp: 729.43; robot: 1; time: 40.6079; src: (25, 32); dst: (0, 0)
event: recharge; timestamp: 770.038; robot: 1; recharging_station: 1; pos: (0, 0); level: 1000
event: task_execution; timestamp: 747.393; task: 1; robot: 2; pos: (-15, 35); time: 9.18506
event: battery_consumption; timestamp: 747.393; robot: 2; time: 9.18506; initial_level: 901.384; final_level: 883.014
event: task_resolution; timestamp: 756.578; task: 1; pos: (-15, 35); status: COMPLETED; attempt: 1
event: battery_consumption; timestamp: 756.578; robot: 2; time: 38.0789; initial_level: 883.014; final_level: 883.014
event: navigation; timestamp: 756.578; robot: 2; time: 38.0789; src: (-15, 35); dst: (0, 0)
event: recharge; timestamp: 794.656; robot: 2; recharging_station: 1; pos: (0, 0); level: 1000
event: task_execution; timestamp: 759.279; task: 13; robot: 9; pos: (-35, -15); time: 10.3734
event: battery_consumption; timestamp: 759.279; robot: 9; time: 10.3734; initial_level: 877.1; final_level: 866.727
event: task_execution; timestamp: 759.279; task: 13; robot: 10; pos: (-35, -15); time: 10.3734
event: battery_consumption; timestamp: 759.279; robot: 10; time: 10.3734; initial_level: 841.555; final_level: 831.182
event: task_resolution; timestamp: 769.652; task: 13; pos: (-35, -15); status: COMPLETED; attempt: 1
event: battery_consumption; timestamp: 769.652; robot: 9; time: 38.0789; initial_level: 866.727; final_level: 866.727
event: navigation; timestamp: 769.652; robot: 9; time: 38.0789; src: (-35, -15); dst: (0, 0)
event: recharge; timestamp: 807.731; robot: 9; recharging_station: 1; pos: (0, 0); level: 1000
event: battery_consumption; timestamp: 769.652; robot: 10; time: 38.0789; initial_level: 831.182; final_level: 831.182
event: navigation; timestamp: 769.652; robot: 10; time: 38.0789; src: (-35, -15); dst: (0, 0)
event: recharge; timestamp: 807.731; robot: 10; recharging_station: 1; pos: (0, 0); level: 1000
event: robot_finished; timestamp: 770.038; robot: 1; pos: (0, 0); battery: 1000
event: robot_finished; timestamp: 770.038; robot: 6; pos: (0, 0); battery: 1000
event: robot_finished; timestamp: 770.038; robot: 5; pos: (0, 0); battery: 1000
event: task_execution; timestamp: 765.645; task: 4; robot: 4; pos: (-20, 30); time: 9.15513
event: battery_consumption; timestamp: 765.645; robot: 4; time: 9.15513; initial_level: 839.05; final_level: 802.429
event: task_resolution; timestamp: 774.801; task: 4; pos: (-20, 30); status: FAILED; attempt: 1
event: battery_consumption; timestamp: 774.801; robot: 4; time: 36.0555; initial_level: 802.429; final_level: 802.429
event: navigation; timestamp: 774.801; robot: 4; time: 36.0555; src: (-20, 30); dst: (0, 0)
event: recharge; timestamp: 810.856; robot: 4; recharging_station: 1; pos: (0, 0); level: 1000
event: task_execution; timestamp: 776.948; task: 20; robot: 3; pos: (2, -35); time: 9.82758
event: battery_consumption; timestamp: 776.948; robot: 3; time: 9.82758; initial_level: 726.574; final_level: 716.746
event: task_execution; timestamp: 776.948; task: 20; robot: 7; pos: (2, -35); time: 9.82758
event: battery_consumption; timestamp: 776.948; robot: 7; time: 9.82758; initial_level: 814.301; final_level: 804.473
event: task_execution; timestamp: 776.948; task: 20; robot: 8; pos: (2, -35); time: 9.82758
event: battery_consumption; timestamp: 776.948; robot: 8; time: 9.82758; initial_level: 830.186; final_level: 820.358
event: task_resolution; timestamp: 786.776; task: 20; pos: (2, -35); status: FAILED; attempt: 1
event: battery_consumption; timestamp: 786.776; robot: 8; time: 35.0571; initial_level: 820.358; final_level: 820.358
event: navigation; timestamp: 786.776; robot: 8; time: 35.0571; src: (2, -35); dst: (0, 0)
event: recharge; timestamp: 821.833; robot: 8; recharging_station: 1; pos: (0, 0); level: 1000
event: battery_consumption; timestamp: 786.776; robot: 3; time: 35.0571; initial_level: 716.746; final_level: 716.746
event: navigation; timestamp: 786.776; robot: 3; time: 35.0571; src: (2, -35); dst: (0, 0)
event: recharge; timestamp: 821.833; robot: 3; recharging_station: 1; pos: (0, 0); level: 1000
event: battery_consumption; timestamp: 786.776; robot: 7; time: 35.0571; initial_level: 804.473; final_level: 804.473
event: navigation; timestamp: 786.776; robot: 7; time: 35.0571; src: (2, -35); dst: (0, 0)
event: recharge; timestamp: 821.833; robot: 7; recharging_station: 1; pos: (0, 0); level: 1000
event: robot_finished; timestamp: 794.656; robot: 2; pos: (0, 0); battery: 1000
event: robot_finished; timestamp: 807.731; robot: 9; pos: (0, 0); battery: 1000
event: robot_finished; timestamp: 807.731; robot: 10; pos: (0, 0); battery: 1000
event: robot_finished; timestamp: 810.856; robot: 4; pos: (0, 0); battery: 1000
event: robot_finished; timestamp: 821.833; robot: 7; pos: (0, 0); battery: 1000
event: robot_finished; timestamp: 821.833; robot: 8; pos: (0, 0); battery: 1000
event: robot_finished; timestamp: 821.833; robot: 3; pos: (0, 0); battery: 1000
metric: available_agents; value: 0
metric: failed_agents; value: 0
metric: finished_agents; value: 10
metric: completed_tasks; value: 52
metric: pending_tasks; value: 0
metric: failed_tasks; value: 48
metric: average_robot_makespan; value: 799.659
metric: sd_robot_makespan; value: 22.0804
metric: max_robot_makespan; value: 821.833
metric: min_robot_makespan; value: 770.038
metric: average_robot_travel_distance; value: 401.865
metric: sd_robot_travel_distance; value: 43.4156
metric: max_robot_travel_distance; value: 477.191
metric: min_robot_travel_distance; value: 321.169
metric: sum_robot_travel_distance; value: 4018.65
metric: average_completed_tasks_by_robot; value: 0
metric: sd_completed_tasks_by_robot; value: 0
metric: max_completed_tasks_by_robot; value: 0
metric: min_completed_tasks_by_robot; value: 0
metric: final_reward; value: 0.52
metric: computing_time; value: 216.407
