info: solver_name; value: cbba
info: reward_function; value: reward00
info: replica; value: 1
info: filename; value: ../logs/prueba/rc202_10r_100t_b0f5abc8_cbba_reward00_001.log
info: scenario_name; value: rc202_10r_100t_b0f5abc8
info: scenario_name; value: rc202_10r_100t_b0f5abc8
info: number_of_tasks; value: 100
info: number_of_robots; value: 10
info: number_of_recharging_stations; value: 1
info: scenario_size; value: (132,132)
event: recharging_station_spawn; timestamp: 0; recharging_station: 1; pos: (0, 0)
event: task_spawn; timestamp: 0; task: 1; pos: (-15, 35); earliest_start: 0; latest_start: 911; state: PENDING; required_workers: 1; success_prob: 0.2; max_attempts: 1
event: task_spawn; timestamp: 0; task: 2; pos: (-18, 25); earliest_start: 0; latest_start: 919; state: PENDING; required_workers: 1; success_prob: 0.2; max_attempts: 1
event: task_spawn; timestamp: 0; task: 3; pos: (-18, 35); earliest_start: 0; latest_start: 910; state: PENDING; required_workers: 1; success_prob: 0.2; max_attempts: 1
event: task_spawn; timestamp: 0; task: 4; pos: (-20, 30); earliest_start: 644; latest_start: 764; state: PENDING; required_workers: 1; success_prob: 0.2; max_attempts: 1
event: task_spawn; timestamp: 0; task: 5; pos: (-20, 35); earliest_start: 0; latest_start: 909; state: PENDING; required_workers: 1; success_prob: 0.2; max_attempts: 1
event: task_spawn; timestamp: 0; task: 6; pos: (-22, 25); earliest_start: 388; latest_start: 508; state: PENDING; required_workers: 1; success_prob: 0.2; max_attempts: 1
event: task_spawn; timestamp: 0; task: 7; pos: (-25, 25); earliest_start: 0; latest_start: 914; state: PENDING; required_workers: 1; success_prob: 0.2; max_attempts: 1
event: task_spawn; timestamp: 0; task: 8; pos: (-25, 30); earliest_start: 367; latest_start: 487; state: PENDING; required_workers: 1; success_prob: 0.2; max_attempts: 1
event: task_spawn; timestamp: 0; task: 9; pos: (-30, -15); earliest_start: 371; latest_start: 491; state: PENDING; required_workers: 1; success_prob: 0.2; max_attempts: 1
event: task_spawn; timestamp: 0; task: 10; pos: (-30, -10); earliest_start: 519; latest_start: 639; state: PENDING; required_workers: 1; success_prob: 0.2; max_attempts: 1
event: task_spawn; timestamp: 0; task: 11; pos: (-32, -10); earliest_start: 195; latest_start: 315; state: PENDING; required_workers: 2; success_prob: 0.2; max_attempts: 1
event: task_spawn; timestamp: 0; task: 12; pos: (-32, -5); earliest_start: 0; latest_start: 917; state: PENDING; required_workers: 2; success_prob: 0.2; max_attempts: 1
event: task_spawn; timestamp: 0; task: 13; pos: (-35, -15); earliest_start: 653; latest_start: 773; state: PENDING; required_workers: 2; success_prob: 0.2; max_attempts: 1
event: task_spawn; timestamp: 0; task: 14; pos: (-35, -5); earliest_start: 35; latest_start: 155; state: PENDING; required_workers: 2; success_prob: 0.2; max_attempts: 1
event: task_spawn; timestamp: 0; task: 15; pos: (-38, -10); earliest_start: 174; latest_start: 294; state: PENDING; required_workers: 2; success_prob: 0.2; max_attempts: 1
event: task_spawn; timestamp: 0; task: 16; pos: (-40, -10); earliest_start: 255; latest_start: 375; state: PENDING; required_workers: 2; success_prob: 0.2; max_attempts: 1
event: task_spawn; timestamp: 0; task: 17; pos: (-40, -5); earliest_start: 703; latest_start: 823; state: PENDING; required_workers: 3; success_prob: 0.2; max_attempts: 1
event: task_spawn; timestamp: 0; task: 18; pos: (4, -45); earliest_start: 335; latest_start: 455; state: PENDING; required_workers: 3; success_prob: 0.2; max_attempts: 1
event: task_spawn; timestamp: 0; task: 19; pos: (2, -40); earliest_start: 254; latest_start: 374; state: PENDING; required_workers: 3; success_prob: 0.2; max_attempts: 1
event: task_spawn; timestamp: 0; task: 20; pos: (2, -35); earliest_start: 537; latest_start: 657; state: PENDING; required_workers: 3; success_prob: 0.2; max_attempts: 1
event: task_spawn; timestamp: 0; task: 21; pos: (0, -45); earliest_start: 0; latest_start: 905; state: PENDING; required_workers: 1; success_prob: 0.4; max_attempts: 1
event: task_spawn; timestamp: 0; task: 22; pos: (0, -35); earliest_start: 375; latest_start: 495; state: PENDING; required_workers: 1; success_prob: 0.4; max_attempts: 1
event: task_spawn; timestamp: 0; task: 23; pos: (-2, -45); earliest_start: 201; latest_start: 321; state: PENDING; required_workers: 1; success_prob: 0.4; max_attempts: 1
event: task_spawn; timestamp: 0; task: 24; pos: (-2, -35); earliest_start: 681; latest_start: 801; state: PENDING; required_workers: 1; success_prob: 0.4; max_attempts: 1
event: task_spawn; timestamp: 0; task: 25; pos: (-5, -45); earliest_start: 784; latest_start: 904; state: PENDING; required_workers: 1; success_prob: 0.4; max_attempts: 1
event: task_spawn; timestamp: 0; task: 26; pos: (55, -20); earliest_start: 0; latest_start: 891; state: PENDING; required_workers: 1; success_prob: 0.4; max_attempts: 1
event: task_spawn; timestamp: 0; task: 27; pos: (55, -15); earliest_start: 146; latest_start: 266; state: PENDING; required_workers: 1; success_prob: 0.4; max_attempts: 1
event: task_spawn; timestamp: 0; task: 28; pos: (52, -20); earliest_start: 149; latest_start: 269; state: PENDING; required_workers: 1; success_prob: 0.4; max_attempts: 1
event: task_spawn; timestamp: 0; task: 29; pos: (50, -15); earliest_start: 194; latest_start: 314; state: PENDING; required_workers: 1; success_prob: 0.4; max_attempts: 1
event: task_spawn; timestamp: 0; task: 30; pos: (48, -20); earliest_start: 246; latest_start: 366; state: PENDING; required_workers: 1; success_prob: 0.4; max_attempts: 1
event: task_spawn; timestamp: 0; task: 31; pos: (48, -15); earliest_start: 0; latest_start: 899; state: PENDING; required_workers: 2; success_prob: 0.4; max_attempts: 1
event: task_spawn; timestamp: 0; task: 32; pos: (47, -20); earliest_start: 621; latest_start: 741; state: PENDING; required_workers: 2; success_prob: 0.4; max_attempts: 1
event: task_spawn; timestamp: 0; task: 33; pos: (45, -25); earliest_start: 80; latest_start: 200; state: PENDING; required_workers: 2; success_prob: 0.4; max_attempts: 1
event: task_spawn; timestamp: 0; task: 34; pos: (45, -15); earliest_start: 0; latest_start: 902; state: PENDING; required_workers: 2; success_prob: 0.4; max_attempts: 1
event: task_spawn; timestamp: 0; task: 35; pos: (27, 35); earliest_start: 657; latest_start: 777; state: PENDING; required_workers: 2; success_prob: 0.4; max_attempts: 1
event: task_spawn; timestamp: 0; task: 36; pos: (25, 35); earliest_start: 43; latest_start: 163; state: PENDING; required_workers: 2; success_prob: 0.4; max_attempts: 1
event: task_spawn; timestamp: 0; task: 37; pos: (25, 32); earliest_start: 0; latest_start: 909; state: PENDING; required_workers: 3; success_prob: 0.4; max_attempts: 1
event: task_spawn; timestamp: 0; task: 38; pos: (22, 30); earliest_start: 278; latest_start: 398; state: PENDING; required_workers: 3; success_prob: 0.4; max_attempts: 1
event: task_spawn; timestamp: 0; task: 39; pos: (20, 30); earliest_start: 64; latest_start: 184; state: PENDING; required_workers: 3; success_prob: 0.4; max_attempts: 1
event: task_spawn; timestamp: 0; task: 40; pos: (20, 35); earliest_start: 329; latest_start: 449; state: PENDING; required_workers: 3; success_prob: 0.4; max_attempts: 1
event: task_spawn; timestamp: 0; task: 41; pos: (18, 25); earliest_start: 376; latest_start: 496; state: PENDING; required_workers: 1; success_prob: 0.6; max_attempts: 1
event: task_spawn; timestamp: 0; task: 42; pos: (15, 30); earliest_start: 33; latest_start: 153; state: PENDING; required_workers: 1; success_prob: 0.6; max_attempts: 1
event: task_spawn; timestamp: 0; task: 43; pos: (15, 35); earliest_start: 574; latest_start: 694; state: PENDING; required_workers: 1; success_prob: 0.6; max_attempts: 1
event: task_spawn; timestamp: 0; task: 44; pos: (15, 32); earliest_start: 217; latest_start: 337; state: PENDING; required_workers: 1; success_prob: 0.6; max_attempts: 1
event: task_spawn; timestamp: 0; task: 45; pos: (-20, 32); earliest_start: 37; latest_start: 157; state: PENDING; required_workers: 1; success_prob: 0.6; max_attempts: 1
event: task_spawn; timestamp: 0; task: 46; pos: (-22, 30); earliest_start: 489; latest_start: 609; state: PENDING; required_workers: 1; success_prob: 0.6; max_attempts: 1
event: task_spawn; timestamp: 0; task: 47; pos: (-38, -5); earliest_start: 105; latest_start: 225; state: PENDING; required_workers: 1; success_prob: 0.6; max_attempts: 1
event: task_spawn; timestamp: 0; task: 48; pos: (2, -45); earliest_start: 0; latest_start: 904; state: PENDING; required_workers: 1; success_prob: 0.6; max_attempts: 1
event: task_spawn; timestamp: 0; task: 49; pos: (2, -38); earliest_start: 440; latest_start: 560; state: PENDING; required_workers: 1; success_prob: 0.6; max_attempts: 1
event: task_spawn; timestamp: 0; task: 50; pos: (32, -15); earliest_start: 0; latest_start: 914; state: PENDING; required_workers: 1; success_prob: 0.6; max_attempts: 1
event: task_spawn; timestamp: 0; task: 51; pos: (15, -30); earliest_start: 326; latest_start: 446; state: PENDING; required_workers: 2; success_prob: 0.6; max_attempts: 1
event: task_spawn; timestamp: 0; task: 52; pos: (-15, -20); earliest_start: 0; latest_start: 925; state: PENDING; required_workers: 2; success_prob: 0.6; max_attempts: 1
event: task_spawn; timestamp: 0; task: 53; pos: (-20, 0); earliest_start: 375; latest_start: 495; state: PENDING; required_workers: 2; success_prob: 0.6; max_attempts: 1
event: task_spawn; timestamp: 0; task: 54; pos: (15, 10); earliest_start: 601; latest_start: 721; state: PENDING; required_workers: 2; success_prob: 0.6; max_attempts: 1
event: task_spawn; timestamp: 0; task: 55; pos: (-10, 10); earliest_start: 599; latest_start: 719; state: PENDING; required_workers: 2; success_prob: 0.6; max_attempts: 1
event: task_spawn; timestamp: 0; task: 56; pos: (10, -15); earliest_start: 557; latest_start: 677; state: PENDING; required_workers: 2; success_prob: 0.6; max_attempts: 1
event: task_spawn; timestamp: 0; task: 57; pos: (-10, -25); earliest_start: 397; latest_start: 517; state: PENDING; required_workers: 3; success_prob: 0.6; max_attempts: 1
event: task_spawn; timestamp: 0; task: 58; pos: (-25, -40); earliest_start: 782; latest_start: 902; state: PENDING; required_workers: 3; success_prob: 0.6; max_attempts: 1
event: task_spawn; timestamp: 0; task: 59; pos: (-30, -30); earliest_start: 0; latest_start: 907; state: PENDING; required_workers: 3; success_prob: 0.6; max_attempts: 1
event: task_spawn; timestamp: 0; task: 60; pos: (-25, 10); earliest_start: 694; latest_start: 814; state: PENDING; required_workers: 3; success_prob: 0.6; max_attempts: 1
event: task_spawn; timestamp: 0; task: 61; pos: (5, 15); earliest_start: 258; latest_start: 378; state: PENDING; required_workers: 1; success_prob: 0.8; max_attempts: 1
event: task_spawn; timestamp: 0; task: 62; pos: (25, -15); earliest_start: 167; latest_start: 287; state: PENDING; required_workers: 1; success_prob: 0.8; max_attempts: 1
event: task_spawn; timestamp: 0; task: 63; pos: (25, -30); earliest_start: 39; latest_start: 159; state: PENDING; required_workers: 1; success_prob: 0.8; max_attempts: 1
event: task_spawn; timestamp: 0; task: 64; pos: (5, -20); earliest_start: 191; latest_start: 311; state: PENDING; required_workers: 1; success_prob: 0.8; max_attempts: 1
event: task_spawn; timestamp: 0; task: 65; pos: (-5, -10); earliest_start: 11; latest_start: 131; state: PENDING; required_workers: 1; success_prob: 0.8; max_attempts: 1
event: task_spawn; timestamp: 0; task: 66; pos: (1, -13); earliest_start: 566; latest_start: 686; state: PENDING; required_workers: 1; success_prob: 0.8; max_attempts: 1
event: task_spawn; timestamp: 0; task: 67; pos: (24, -8); earliest_start: 268; latest_start: 388; state: PENDING; required_workers: 1; success_prob: 0.8; max_attempts: 1
event: task_spawn; timestamp: 0; task: 68; pos: (0, 10); earliest_start: 612; latest_start: 732; state: PENDING; required_workers: 1; success_prob: 0.8; max_attempts: 1
event: task_spawn; timestamp: 0; task: 69; pos: (-9, 2); earliest_start: 157; latest_start: 277; state: PENDING; required_workers: 1; success_prob: 0.8; max_attempts: 1
event: task_spawn; timestamp: 0; task: 70; pos: (-5, 19); earliest_start: 810; latest_start: 930; state: PENDING; required_workers: 1; success_prob: 0.8; max_attempts: 1
event: task_spawn; timestamp: 0; task: 71; pos: (25, 5); earliest_start: 241; latest_start: 361; state: PENDING; required_workers: 2; success_prob: 0.8; max_attempts: 1
event: task_spawn; timestamp: 0; task: 72; pos: (23, 15); earliest_start: 0; latest_start: 922; state: PENDING; required_workers: 2; success_prob: 0.8; max_attempts: 1
event: task_spawn; timestamp: 0; task: 73; pos: (-38, 10); earliest_start: 286; latest_start: 406; state: PENDING; required_workers: 2; success_prob: 0.8; max_attempts: 1
event: task_spawn; timestamp: 0; task: 74; pos: (-20, -30); earliest_start: 645; latest_start: 765; state: PENDING; required_workers: 2; success_prob: 0.8; max_attempts: 1
event: task_spawn; timestamp: 0; task: 75; pos: (-35, -45); earliest_start: 0; latest_start: 892; state: PENDING; required_workers: 2; success_prob: 0.8; max_attempts: 1
event: task_spawn; timestamp: 0; task: 76; pos: (20, -38); earliest_start: 268; latest_start: 388; state: PENDING; required_workers: 2; success_prob: 0.8; max_attempts: 1
event: task_spawn; timestamp: 0; task: 77; pos: (-17, -47); earliest_start: 764; latest_start: 884; state: PENDING; required_workers: 3; success_prob: 0.8; max_attempts: 1
event: task_spawn; timestamp: 0; task: 78; pos: (-32, 6); earliest_start: 365; latest_start: 485; state: PENDING; required_workers: 3; success_prob: 0.8; max_attempts: 1
event: task_spawn; timestamp: 0; task: 79; pos: (-34, 18); earliest_start: 352; latest_start: 472; state: PENDING; required_workers: 3; success_prob: 0.8; max_attempts: 1
event: task_spawn; timestamp: 0; task: 80; pos: (7, -3); earliest_start: 822; latest_start: 942; state: PENDING; required_workers: 3; success_prob: 0.8; max_attempts: 1
event: task_spawn; timestamp: 0; task: 81; pos: (9, 8); earliest_start: 355; latest_start: 475; state: PENDING; required_workers: 1; success_prob: 1; max_attempts: 1
event: task_spawn; timestamp: 0; task: 82; pos: (-13, -7); earliest_start: 0; latest_start: 935; state: PENDING; required_workers: 1; success_prob: 1; max_attempts: 1
event: task_spawn; timestamp: 0; task: 83; pos: (-3, -19); earliest_start: 0; latest_start: 930; state: PENDING; required_workers: 1; success_prob: 1; max_attempts: 1
event: task_spawn; timestamp: 0; task: 84; pos: (17, -21); earliest_start: 395; latest_start: 515; state: PENDING; required_workers: 1; success_prob: 1; max_attempts: 1
event: task_spawn; timestamp: 0; task: 85; pos: (23, -27); earliest_start: 0; latest_start: 914; state: PENDING; required_workers: 1; success_prob: 1; max_attempts: 1
event: task_spawn; timestamp: 0; task: 86; pos: (-19, -26); earliest_start: 349; latest_start: 469; state: PENDING; required_workers: 1; success_prob: 1; max_attempts: 1
event: task_spawn; timestamp: 0; task: 87; pos: (-28, -26); earliest_start: 359; latest_start: 479; state: PENDING; required_workers: 1; success_prob: 1; max_attempts: 1
event: task_spawn; timestamp: 0; task: 88; pos: (-16, 8); earliest_start: 260; latest_start: 380; state: PENDING; required_workers: 1; success_prob: 1; max_attempts: 1
event: task_spawn; timestamp: 0; task: 89; pos: (27, -45); earliest_start: 713; latest_start: 833; state: PENDING; required_workers: 1; success_prob: 1; max_attempts: 1
event: task_spawn; timestamp: 0; task: 90; pos: (-3, -3); earliest_start: 359; latest_start: 479; state: PENDING; required_workers: 1; success_prob: 1; max_attempts: 1
event: task_spawn; timestamp: 0; task: 91; pos: (9, -8); earliest_start: 0; latest_start: 937; state: PENDING; required_workers: 2; success_prob: 1; max_attempts: 1
event: task_spawn; timestamp: 0; task: 92; pos: (13, -7); earliest_start: 14; latest_start: 134; state: PENDING; required_workers: 2; success_prob: 1; max_attempts: 1
event: task_spawn; timestamp: 0; task: 93; pos: (21, 2); earliest_start: 808; latest_start: 928; state: PENDING; required_workers: 2; success_prob: 1; max_attempts: 1
event: task_spawn; timestamp: 0; task: 94; pos: (17, -2); earliest_start: 0; latest_start: 932; state: PENDING; required_workers: 2; success_prob: 1; max_attempts: 1
event: task_spawn; timestamp: 0; task: 95; pos: (16, -13); earliest_start: 0; latest_start: 929; state: PENDING; required_workers: 2; success_prob: 1; max_attempts: 1
event: task_spawn; timestamp: 0; task: 96; pos: (15, 4); earliest_start: 0; latest_start: 934; state: PENDING; required_workers: 2; success_prob: 1; max_attempts: 1
event: task_spawn; timestamp: 0; task: 97; pos: (-36, -32); earliest_start: 547; latest_start: 667; state: PENDING; required_workers: 3; success_prob: 1; max_attempts: 1
event: task_spawn; timestamp: 0; task: 98; pos: (-14, 2); earliest_start: 0; latest_start: 935; state: PENDING; required_workers: 3; success_prob: 1; max_attempts: 1
event: task_spawn; timestamp: 0; task: 99; pos: (-14, -15); earliest_start: 308; latest_start: 428; state: PENDING; required_workers: 3; success_prob: 1; max_attempts: 1
event: task_spawn; timestamp: 0; task: 100; pos: (-9, 17); earliest_start: 810; latest_start: 930; state: PENDING; required_workers: 3; success_prob: 1; max_attempts: 1
event: robot_spawn; timestamp: 0; robot: 1; pos: (0, 0); state: AVAILABLE; battery_level: 1000; battery_capacity: 1000; velocity: 1; battery_rate_nav: 0
event: robot_spawn; timestamp: 0; robot: 2; pos: (0, 0); state: AVAILABLE; battery_level: 1000; battery_capacity: 1000; velocity: 1; battery_rate_nav: 0
event: robot_spawn; timestamp: 0; robot: 3; pos: (0, 0); state: AVAILABLE; battery_level: 1000; battery_capacity: 1000; velocity: 1; battery_rate_nav: 0
event: robot_spawn; timestamp: 0; robot: 4; pos: (0, 0); state: AVAILABLE; battery_level: 1000; battery_capacity: 1000; velocity: 1; battery_rate_nav: 0
event: robot_spawn; timestamp: 0; robot: 5; pos: (0, 0); state: AVAILABLE; battery_level: 1000; battery_capacity: 1000; velocity: 1; battery_rate_nav: 0
event: robot_spawn; timestamp: 0; robot: 6; pos: (0, 0); state: AVAILABLE; battery_level: 1000; battery_capacity: 1000; velocity: 1; battery_rate_nav: 0
event: robot_spawn; timestamp: 0; robot: 7; pos: (0, 0); state: AVAILABLE; battery_level: 1000; battery_capacity: 1000; velocity: 1; battery_rate_nav: 0
event: robot_spawn; timestamp: 0; robot: 8; pos: (0, 0); state: AVAILABLE; battery_level: 1000; battery_capacity: 1000; velocity: 1; battery_rate_nav: 0
event: robot_spawn; timestamp: 0; robot: 9; pos: (0, 0); state: AVAILABLE; battery_level: 1000; battery_capacity: 1000; velocity: 1; battery_rate_nav: 0
event: robot_spawn; timestamp: 0; robot: 10; pos: (0, 0); state: AVAILABLE; battery_level: 1000; battery_capacity: 1000; velocity: 1; battery_rate_nav: 0
event: battery_consumption; timestamp: 0; robot: 4; time: 14.7648; initial_level: 1000; final_level: 1000
event: navigation; timestamp: 0; robot: 4; time: 14.7648; src: (0, 0); dst: (-13, -7)
event: battery_consumption; timestamp: 0; robot: 7; time: 12.0416; initial_level: 1000; final_level: 1000
event: navigation; timestamp: 0; robot: 7; time: 12.0416; src: (0, 0); dst: (9, -8)
event: battery_consumption; timestamp: 0; robot: 1; time: 12.0416; initial_level: 1000; final_level: 1000
event: navigation; timestamp: 0; robot: 1; time: 12.0416; src: (0, 0); dst: (9, -8)
event: battery_consumption; timestamp: 0; robot: 2; time: 14.7648; initial_level: 1000; final_level: 1000
event: navigation; timestamp: 0; robot: 2; time: 14.7648; src: (0, 0); dst: (13, -7)
event: battery_consumption; timestamp: 0; robot: 10; time: 15.5242; initial_level: 1000; final_level: 1000
event: navigation; timestamp: 0; robot: 10; time: 15.5242; src: (0, 0); dst: (15, 4)
event: battery_consumption; timestamp: 0; robot: 6; time: 39.0512; initial_level: 1000; final_level: 1000
event: navigation; timestamp: 0; robot: 6; time: 39.0512; src: (0, 0); dst: (25, -30)
event: battery_consumption; timestamp: 0; robot: 3; time: 20.6155; initial_level: 1000; final_level: 1000
event: navigation; timestamp: 0; robot: 3; time: 20.6155; src: (0, 0); dst: (16, -13)
event: battery_consumption; timestamp: 0; robot: 5; time: 17.1172; initial_level: 1000; final_level: 1000
event: navigation; timestamp: 0; robot: 5; time: 17.1172; src: (0, 0); dst: (17, -2)
event: battery_consumption; timestamp: 0; robot: 9; time: 33.541; initial_level: 1000; final_level: 1000
event: navigation; timestamp: 0; robot: 9; time: 33.541; src: (0, 0); dst: (15, 30)
event: battery_consumption; timestamp: 0; robot: 8; time: 14.1421; initial_level: 1000; final_level: 1000
event: navigation; timestamp: 0; robot: 8; time: 14.1421; src: (0, 0); dst: (-14, 2)
event: task_execution; timestamp: 14.7648; task: 82; robot: 4; pos: (-13, -7); time: 7.21527
event: battery_consumption; timestamp: 14.7648; robot: 4; time: 7.21527; initial_level: 1000; final_level: 993.506
event: task_resolution; timestamp: 21.9801; task: 82; pos: (-13, -7); status: COMPLETED; attempt: 1
event: battery_consumption; timestamp: 21.9801; robot: 4; time: 8.544; initial_level: 993.506; final_level: 993.506
event: navigation; timestamp: 21.9801; robot: 4; time: 8.544; src: (-13, -7); dst: (-5, -10)
event: task_execution; timestamp: 12.0416; task: 91; robot: 1; pos: (9, -8); time: 10.8173
event: battery_consumption; timestamp: 12.0416; robot: 1; time: 10.8173; initial_level: 1000; final_level: 985.938
event: task_execution; timestamp: 12.0416; task: 91; robot: 7; pos: (9, -8); time: 10.8173
event: battery_consumption; timestamp: 12.0416; robot: 7; time: 10.8173; initial_level: 1000; final_level: 985.938
event: task_resolution; timestamp: 22.8589; task: 91; pos: (9, -8); status: COMPLETED; attempt: 1
event: battery_consumption; timestamp: 22.8589; robot: 7; time: 4.12311; initial_level: 985.938; final_level: 985.938
event: navigation; timestamp: 22.8589; robot: 7; time: 4.12311; src: (9, -8); dst: (13, -7)
event: battery_consumption; timestamp: 22.8589; robot: 1; time: 8.60233; initial_level: 985.938; final_level: 985.938
event: navigation; timestamp: 22.8589; robot: 1; time: 8.60233; src: (9, -8); dst: (16, -13)
event: task_execution; timestamp: 26.982; task: 92; robot: 2; pos: (13, -7); time: 9.31127
event: battery_consumption; timestamp: 26.982; robot: 2; time: 9.31127; initial_level: 1000; final_level: 986.964
event: task_execution; timestamp: 26.982; task: 92; robot: 7; pos: (13, -7); time: 9.31127
event: battery_consumption; timestamp: 26.982; robot: 7; time: 9.31127; initial_level: 985.938; final_level: 972.902
event: task_resolution; timestamp: 36.2933; task: 92; pos: (13, -7); status: COMPLETED; attempt: 1
event: battery_consumption; timestamp: 36.2933; robot: 2; time: 20.6155; initial_level: 986.964; final_level: 986.964
event: navigation; timestamp: 36.2933; robot: 2; time: 20.6155; src: (13, -7); dst: (32, -15)
event: battery_consumption; timestamp: 36.2933; robot: 7; time: 28.4605; initial_level: 972.902; final_level: 972.902
event: navigation; timestamp: 36.2933; robot: 7; time: 28.4605; src: (13, -7); dst: (-14, 2)
event: task_execution; timestamp: 30.5241; task: 65; robot: 4; pos: (-5, -10); time: 10.4126
event: battery_consumption; timestamp: 30.5241; robot: 4; time: 10.4126; initial_level: 993.506; final_level: 976.846
event: task_resolution; timestamp: 40.9367; task: 65; pos: (-5, -10); status: COMPLETED; attempt: 1
event: battery_consumption; timestamp: 40.9367; robot: 4; time: 9.21954; initial_level: 976.846; final_level: 976.846
event: navigation; timestamp: 40.9367; robot: 4; time: 9.21954; src: (-5, -10); dst: (-3, -19)
event: task_execution; timestamp: 33.541; task: 42; robot: 9; pos: (15, 30); time: 9.08332
event: battery_consumption; timestamp: 33.541; robot: 9; time: 9.08332; initial_level: 1000; final_level: 990.917
event: task_resolution; timestamp: 42.6243; task: 42; pos: (15, 30); status: FAILED; attempt: 1
event: battery_consumption; timestamp: 42.6243; robot: 9; time: 17; initial_level: 990.917; final_level: 990.917
event: navigation; timestamp: 42.6243; robot: 9; time: 17; src: (15, 30); dst: (23, 15)
event: task_execution; timestamp: 31.4612; task: 95; robot: 1; pos: (16, -13); time: 11.9999
event: battery_consumption; timestamp: 31.4612; robot: 1; time: 11.9999; initial_level: 985.938; final_level: 978.738
event: task_execution; timestamp: 31.4612; task: 95; robot: 3; pos: (16, -13); time: 11.9999
event: battery_consumption; timestamp: 31.4612; robot: 3; time: 11.9999; initial_level: 1000; final_level: 992.8
event: task_resolution; timestamp: 43.4611; task: 95; pos: (16, -13); status: COMPLETED; attempt: 1
event: battery_consumption; timestamp: 43.4611; robot: 1; time: 34.9285; initial_level: 978.738; final_level: 978.738
event: navigation; timestamp: 43.4611; robot: 1; time: 34.9285; src: (16, -13); dst: (2, -45)
event: battery_consumption; timestamp: 43.4611; robot: 3; time: 57.6281; initial_level: 992.8; final_level: 992.8
event: navigation; timestamp: 43.4611; robot: 3; time: 57.6281; src: (16, -13); dst: (-20, 32)
event: task_execution; timestamp: 39.0512; task: 63; robot: 6; pos: (25, -30); time: 9.40967
event: battery_consumption; timestamp: 39.0512; robot: 6; time: 9.40967; initial_level: 1000; final_level: 994.354
event: task_resolution; timestamp: 48.4609; task: 63; pos: (25, -30); status: COMPLETED; attempt: 1
event: battery_consumption; timestamp: 48.4609; robot: 6; time: 3.60555; initial_level: 994.354; final_level: 994.354
event: navigation; timestamp: 48.4609; robot: 6; time: 3.60555; src: (25, -30); dst: (23, -27)
event: task_execution; timestamp: 50.1562; task: 83; robot: 4; pos: (-3, -19); time: 10.2232
event: battery_consumption; timestamp: 50.1562; robot: 4; time: 10.2232; initial_level: 976.846; final_level: 962.534
event: task_resolution; timestamp: 60.3795; task: 83; pos: (-3, -19); status: COMPLETED; attempt: 1
event: battery_consumption; timestamp: 60.3795; robot: 4; time: 23.7065; initial_level: 962.534; final_level: 962.534
event: navigation; timestamp: 60.3795; robot: 4; time: 23.7065; src: (-3, -19); dst: (-14, 2)
event: task_execution; timestamp: 52.0665; task: 85; robot: 6; pos: (23, -27); time: 10.1155
event: battery_consumption; timestamp: 52.0665; robot: 6; time: 10.1155; initial_level: 994.354; final_level: 992.331
event: task_resolution; timestamp: 62.182; task: 85; pos: (23, -27); status: COMPLETED; attempt: 1
event: battery_consumption; timestamp: 62.182; robot: 6; time: 32.7567; initial_level: 992.331; final_level: 992.331
event: navigation; timestamp: 62.182; robot: 6; time: 32.7567; src: (23, -27); dst: (55, -20)
event: task_execution; timestamp: 56.9088; task: 50; robot: 2; pos: (32, -15); time: 11.4967
event: battery_consumption; timestamp: 56.9088; robot: 2; time: 11.4967; initial_level: 986.964; final_level: 952.474
event: task_resolution; timestamp: 68.4055; task: 50; pos: (32, -15); status: FAILED; attempt: 1
event: battery_consumption; timestamp: 68.4055; robot: 2; time: 13; initial_level: 952.474; final_level: 952.474
event: navigation; timestamp: 68.4055; robot: 2; time: 13; src: (32, -15); dst: (45, -15)
event: task_execution; timestamp: 78.3896; task: 48; robot: 1; pos: (2, -45); time: 10.0999
event: battery_consumption; timestamp: 78.3896; robot: 1; time: 10.0999; initial_level: 978.738; final_level: 968.638
event: task_resolution; timestamp: 88.4895; task: 48; pos: (2, -45); status: COMPLETED; attempt: 1
event: battery_consumption; timestamp: 88.4895; robot: 1; time: 2; initial_level: 968.638; final_level: 968.638
event: navigation; timestamp: 88.4895; robot: 1; time: 2; src: (2, -45); dst: (0, -45)
event: task_execution; timestamp: 84.086; task: 98; robot: 4; pos: (-14, 2); time: 10.3235
event: battery_consumption; timestamp: 84.086; robot: 4; time: 10.3235; initial_level: 962.534; final_level: 953.242
event: task_execution; timestamp: 84.086; task: 98; robot: 7; pos: (-14, 2); time: 10.3235
event: battery_consumption; timestamp: 84.086; robot: 7; time: 10.3235; initial_level: 972.902; final_level: 963.611
event: task_execution; timestamp: 84.086; task: 98; robot: 8; pos: (-14, 2); time: 10.3235
event: battery_consumption; timestamp: 84.086; robot: 8; time: 10.3235; initial_level: 1000; final_level: 990.709
event: task_resolution; timestamp: 94.4095; task: 98; pos: (-14, 2); status: COMPLETED; attempt: 1
event: battery_consumption; timestamp: 94.4095; robot: 8; time: 25; initial_level: 990.709; final_level: 990.709
event: navigation; timestamp: 94.4095; robot: 8; time: 25; src: (-14, 2); dst: (-38, -5)
event: battery_consumption; timestamp: 94.4095; robot: 7; time: 22.0227; initial_level: 963.611; final_level: 963.611
event: navigation; timestamp: 94.4095; robot: 7; time: 22.0227; src: (-14, 2); dst: (-15, -20)
event: battery_consumption; timestamp: 94.4095; robot: 4; time: 22.0227; initial_level: 953.242; final_level: 953.242
event: navigation; timestamp: 94.4095; robot: 4; time: 22.0227; src: (-14, 2); dst: (-15, -20)
event: task_execution; timestamp: 90.4895; task: 21; robot: 1; pos: (0, -45); time: 10.6575
event: battery_consumption; timestamp: 90.4895; robot: 1; time: 10.6575; initial_level: 968.638; final_level: 957.98
event: task_resolution; timestamp: 101.147; task: 21; pos: (0, -45); status: COMPLETED; attempt: 1
event: battery_consumption; timestamp: 101.147; robot: 1; time: 35; initial_level: 957.98; final_level: 957.98
event: navigation; timestamp: 101.147; robot: 1; time: 35; src: (0, -45); dst: (-35, -45)
event: task_execution; timestamp: 94.9386; task: 26; robot: 6; pos: (55, -20); time: 10.8512
event: battery_consumption; timestamp: 94.9386; robot: 6; time: 10.8512; initial_level: 992.331; final_level: 959.777
event: task_resolution; timestamp: 105.79; task: 26; pos: (55, -20); status: FAILED; attempt: 1
event: battery_consumption; timestamp: 105.79; robot: 6; time: 11.1803; initial_level: 959.777; final_level: 959.777
event: navigation; timestamp: 105.79; robot: 6; time: 11.1803; src: (55, -20); dst: (45, -15)
event: task_execution; timestamp: 101.089; task: 45; robot: 3; pos: (-20, 32); time: 9.57161
event: battery_consumption; timestamp: 101.089; robot: 3; time: 9.57161; initial_level: 992.8; final_level: 983.228
event: task_resolution; timestamp: 110.661; task: 45; pos: (-20, 32); status: COMPLETED; attempt: 1
event: battery_consumption; timestamp: 110.661; robot: 3; time: 3; initial_level: 983.228; final_level: 983.228
event: navigation; timestamp: 110.661; robot: 3; time: 3; src: (-20, 32); dst: (-20, 35)
event: task_execution; timestamp: 113.661; task: 5; robot: 3; pos: (-20, 35); time: 10.5702
event: battery_consumption; timestamp: 113.661; robot: 3; time: 10.5702; initial_level: 983.228; final_level: 962.088
event: task_resolution; timestamp: 124.231; task: 5; pos: (-20, 35); status: FAILED; attempt: 1
event: battery_consumption; timestamp: 124.231; robot: 3; time: 2; initial_level: 962.088; final_level: 962.088
event: navigation; timestamp: 124.231; robot: 3; time: 2; src: (-20, 35); dst: (-18, 35)
event: task_execution; timestamp: 116.432; task: 52; robot: 4; pos: (-15, -20); time: 8.58854
event: battery_consumption; timestamp: 116.432; robot: 4; time: 8.58854; initial_level: 953.242; final_level: 950.666
event: task_execution; timestamp: 116.432; task: 52; robot: 7; pos: (-15, -20); time: 8.58854
event: battery_consumption; timestamp: 116.432; robot: 7; time: 8.58854; initial_level: 963.611; final_level: 961.034
event: task_resolution; timestamp: 125.021; task: 52; pos: (-15, -20); status: COMPLETED; attempt: 1
event: battery_consumption; timestamp: 125.021; robot: 7; time: 32.0156; initial_level: 961.034; final_level: 961.034
event: navigation; timestamp: 125.021; robot: 7; time: 32.0156; src: (-15, -20); dst: (-35, -45)
event: battery_consumption; timestamp: 125.021; robot: 4; time: 18.0278; initial_level: 950.666; final_level: 950.666
event: navigation; timestamp: 125.021; robot: 4; time: 18.0278; src: (-15, -20); dst: (-30, -30)
event: task_execution; timestamp: 116.97; task: 34; robot: 2; pos: (45, -15); time: 9.82845
event: battery_consumption; timestamp: 116.97; robot: 2; time: 9.82845; initial_level: 952.474; final_level: 922.989
event: task_execution; timestamp: 116.97; task: 34; robot: 6; pos: (45, -15); time: 9.82845
event: battery_consumption; timestamp: 116.97; robot: 6; time: 9.82845; initial_level: 959.777; final_level: 930.292
event: task_resolution; timestamp: 126.799; task: 34; pos: (45, -15); status: FAILED; attempt: 1
event: battery_consumption; timestamp: 126.799; robot: 2; time: 3; initial_level: 922.989; final_level: 922.989
event: navigation; timestamp: 126.799; robot: 2; time: 3; src: (45, -15); dst: (48, -15)
event: battery_consumption; timestamp: 126.799; robot: 6; time: 3; initial_level: 930.292; final_level: 930.292
event: navigation; timestamp: 126.799; robot: 6; time: 3; src: (45, -15); dst: (48, -15)
event: task_execution; timestamp: 119.409; task: 47; robot: 8; pos: (-38, -5); time: 10.545
event: battery_consumption; timestamp: 119.409; robot: 8; time: 10.545; initial_level: 990.709; final_level: 980.164
event: task_resolution; timestamp: 129.954; task: 47; pos: (-38, -5); status: COMPLETED; attempt: 1
event: battery_consumption; timestamp: 129.954; robot: 8; time: 29.8329; initial_level: 980.164; final_level: 980.164
event: navigation; timestamp: 129.954; robot: 8; time: 29.8329; src: (-38, -5); dst: (-9, 2)
event: task_execution; timestamp: 126.231; task: 3; robot: 3; pos: (-18, 35); time: 9.68894
event: battery_consumption; timestamp: 126.231; robot: 3; time: 9.68894; initial_level: 962.088; final_level: 952.399
event: task_resolution; timestamp: 135.92; task: 3; pos: (-18, 35); status: FAILED; attempt: 1
event: battery_consumption; timestamp: 135.92; robot: 3; time: 3; initial_level: 952.399; final_level: 952.399
event: navigation; timestamp: 135.92; robot: 3; time: 3; src: (-18, 35); dst: (-15, 35)
event: task_execution; timestamp: 129.799; task: 31; robot: 2; pos: (48, -15); time: 10.5713
event: battery_consumption; timestamp: 129.799; robot: 2; time: 10.5713; initial_level: 922.989; final_level: 901.846
event: task_execution; timestamp: 129.799; task: 31; robot: 6; pos: (48, -15); time: 10.5713
event: battery_consumption; timestamp: 129.799; robot: 6; time: 10.5713; initial_level: 930.292; final_level: 909.149
event: task_resolution; timestamp: 140.37; task: 31; pos: (48, -15); status: FAILED; attempt: 1
event: battery_consumption; timestamp: 140.37; robot: 2; time: 7; initial_level: 901.846; final_level: 901.846
event: navigation; timestamp: 140.37; robot: 2; time: 7; src: (48, -15); dst: (55, -15)
event: battery_consumption; timestamp: 140.37; robot: 6; time: 39.0512; initial_level: 909.149; final_level: 909.149
event: navigation; timestamp: 140.37; robot: 6; time: 39.0512; src: (48, -15); dst: (23, 15)
event: task_execution; timestamp: 138.92; task: 1; robot: 3; pos: (-15, 35); time: 8.66071
event: battery_consumption; timestamp: 138.92; robot: 3; time: 8.66071; initial_level: 952.399; final_level: 935.078
event: task_resolution; timestamp: 147.581; task: 1; pos: (-15, 35); status: FAILED; attempt: 1
event: battery_consumption; timestamp: 147.581; robot: 3; time: 10.4403; initial_level: 935.078; final_level: 935.078
event: navigation; timestamp: 147.581; robot: 3; time: 10.4403; src: (-15, 35); dst: (-18, 25)
event: task_execution; timestamp: 147.37; task: 27; robot: 2; pos: (55, -15); time: 9.03797
event: battery_consumption; timestamp: 147.37; robot: 2; time: 9.03797; initial_level: 901.846; final_level: 883.77
event: task_resolution; timestamp: 156.408; task: 27; pos: (55, -15); status: FAILED; attempt: 1
event: battery_consumption; timestamp: 156.408; robot: 2; time: 5.83095; initial_level: 883.77; final_level: 883.77
event: navigation; timestamp: 156.408; robot: 2; time: 5.83095; src: (55, -15); dst: (52, -20)
event: task_execution; timestamp: 158.021; task: 2; robot: 3; pos: (-18, 25); time: 9.20383
event: battery_consumption; timestamp: 158.021; robot: 3; time: 9.20383; initial_level: 935.078; final_level: 907.466
event: task_resolution; timestamp: 167.225; task: 2; pos: (-18, 25); status: FAILED; attempt: 1
event: battery_consumption; timestamp: 167.225; robot: 3; time: 7; initial_level: 907.466; final_level: 907.466
event: navigation; timestamp: 167.225; robot: 3; time: 7; src: (-18, 25); dst: (-25, 25)
event: task_execution; timestamp: 157.036; task: 75; robot: 1; pos: (-35, -45); time: 10.899
event: battery_consumption; timestamp: 157.036; robot: 1; time: 10.899; initial_level: 957.98; final_level: 940.542
event: task_execution; timestamp: 157.036; task: 75; robot: 7; pos: (-35, -45); time: 10.899
event: battery_consumption; timestamp: 157.036; robot: 7; time: 10.899; initial_level: 961.034; final_level: 943.596
event: task_resolution; timestamp: 167.935; task: 75; pos: (-35, -45); status: FAILED; attempt: 1
event: battery_consumption; timestamp: 167.935; robot: 1; time: 15.8114; initial_level: 940.542; final_level: 940.542
event: navigation; timestamp: 167.935; robot: 1; time: 15.8114; src: (-35, -45); dst: (-30, -30)
event: battery_consumption; timestamp: 167.935; robot: 7; time: 15.8114; initial_level: 943.596; final_level: 943.596
event: navigation; timestamp: 167.935; robot: 7; time: 15.8114; src: (-35, -45); dst: (-30, -30)
event: task_execution; timestamp: 159.787; task: 69; robot: 8; pos: (-9, 2); time: 10.811
event: battery_consumption; timestamp: 159.787; robot: 8; time: 10.811; initial_level: 980.164; final_level: 950.974
event: task_resolution; timestamp: 170.598; task: 69; pos: (-9, 2); status: FAILED; attempt: 1
event: battery_consumption; timestamp: 170.598; robot: 8; time: 26.0768; initial_level: 950.974; final_level: 950.974
event: navigation; timestamp: 170.598; robot: 8; time: 26.0768; src: (-9, 2); dst: (5, -20)
event: task_execution; timestamp: 162.239; task: 28; robot: 2; pos: (52, -20); time: 10.2445
event: battery_consumption; timestamp: 162.239; robot: 2; time: 10.2445; initial_level: 883.77; final_level: 873.526
event: task_resolution; timestamp: 172.483; task: 28; pos: (52, -20); status: FAILED; attempt: 1
event: battery_consumption; timestamp: 172.483; robot: 2; time: 5.38516; initial_level: 873.526; final_level: 873.526
event: navigation; timestamp: 172.483; robot: 2; time: 5.38516; src: (52, -20); dst: (50, -15)
event: task_execution; timestamp: 174.225; task: 7; robot: 3; pos: (-25, 25); time: 8.74329
event: battery_consumption; timestamp: 174.225; robot: 3; time: 8.74329; initial_level: 907.466; final_level: 889.98
event: task_resolution; timestamp: 182.968; task: 7; pos: (-25, 25); status: FAILED; attempt: 1
event: battery_consumption; timestamp: 182.968; robot: 3; time: 40.6079; initial_level: 889.98; final_level: 889.98
event: navigation; timestamp: 182.968; robot: 3; time: 40.6079; src: (-25, 25); dst: (15, 32)
event: task_execution; timestamp: 179.421; task: 72; robot: 6; pos: (23, 15); time: 10.8912
event: battery_consumption; timestamp: 179.421; robot: 6; time: 10.8912; initial_level: 909.149; final_level: 900.436
event: task_execution; timestamp: 179.421; task: 72; robot: 9; pos: (23, 15); time: 10.8912
event: battery_consumption; timestamp: 179.421; robot: 9; time: 10.8912; initial_level: 990.917; final_level: 982.204
event: task_resolution; timestamp: 190.312; task: 72; pos: (23, 15); status: FAILED; attempt: 1
event: battery_consumption; timestamp: 190.312; robot: 9; time: 10.198; initial_level: 982.204; final_level: 982.204
event: navigation; timestamp: 190.312; robot: 9; time: 10.198; src: (23, 15); dst: (25, 5)
event: battery_consumption; timestamp: 190.312; robot: 6; time: 39.6232; initial_level: 900.436; final_level: 900.436
event: navigation; timestamp: 190.312; robot: 6; time: 39.6232; src: (23, 15); dst: (-16, 8)
event: task_execution; timestamp: 183.747; task: 59; robot: 1; pos: (-30, -30); time: 9.16727
event: battery_consumption; timestamp: 183.747; robot: 1; time: 9.16727; initial_level: 940.542; final_level: 923.124
event: task_execution; timestamp: 183.747; task: 59; robot: 4; pos: (-30, -30); time: 9.16727
event: battery_consumption; timestamp: 183.747; robot: 4; time: 9.16727; initial_level: 950.666; final_level: 933.248
event: task_execution; timestamp: 183.747; task: 59; robot: 7; pos: (-30, -30); time: 9.16727
event: battery_consumption; timestamp: 183.747; robot: 7; time: 9.16727; initial_level: 943.596; final_level: 926.178
event: task_resolution; timestamp: 192.914; task: 59; pos: (-30, -30); status: COMPLETED; attempt: 1
event: battery_consumption; timestamp: 192.914; robot: 4; time: 31.7648; initial_level: 933.248; final_level: 933.248
event: navigation; timestamp: 192.914; robot: 4; time: 31.7648; src: (-30, -30); dst: (-2, -45)
event: battery_consumption; timestamp: 192.914; robot: 1; time: 11.7047; initial_level: 923.124; final_level: 923.124
event: navigation; timestamp: 192.914; robot: 1; time: 11.7047; src: (-30, -30); dst: (-19, -26)
event: battery_consumption; timestamp: 192.914; robot: 7; time: 47.8539; initial_level: 926.178; final_level: 926.178
event: navigation; timestamp: 192.914; robot: 7; time: 47.8539; src: (-30, -30); dst: (17, -21)
event: task_execution; timestamp: 194; task: 29; robot: 2; pos: (50, -15); time: 10.1069
event: battery_consumption; timestamp: 194; robot: 2; time: 10.1069; initial_level: 873.526; final_level: 863.419
event: task_resolution; timestamp: 204.107; task: 29; pos: (50, -15); status: FAILED; attempt: 1
event: battery_consumption; timestamp: 204.107; robot: 2; time: 25; initial_level: 863.419; final_level: 863.419
event: navigation; timestamp: 204.107; robot: 2; time: 25; src: (50, -15); dst: (25, -15)
event: task_execution; timestamp: 196.675; task: 64; robot: 8; pos: (5, -20); time: 11.9832
event: battery_consumption; timestamp: 196.675; robot: 8; time: 11.9832; initial_level: 950.974; final_level: 930.603
event: task_resolution; timestamp: 208.658; task: 64; pos: (5, -20); status: COMPLETED; attempt: 1
event: battery_consumption; timestamp: 208.658; robot: 8; time: 43; initial_level: 930.603; final_level: 930.603
event: navigation; timestamp: 208.658; robot: 8; time: 43; src: (5, -20); dst: (48, -20)
event: task_execution; timestamp: 223.576; task: 44; robot: 3; pos: (15, 32); time: 10.9517
event: battery_consumption; timestamp: 223.576; robot: 3; time: 10.9517; initial_level: 889.98; final_level: 879.028
event: task_resolution; timestamp: 234.528; task: 44; pos: (15, 32); status: COMPLETED; attempt: 1
event: battery_consumption; timestamp: 234.528; robot: 3; time: 10; initial_level: 879.028; final_level: 879.028
event: navigation; timestamp: 234.528; robot: 3; time: 10; src: (15, 32); dst: (25, 32)
event: task_execution; timestamp: 224.679; task: 23; robot: 4; pos: (-2, -45); time: 10.0895
event: battery_consumption; timestamp: 224.679; robot: 4; time: 10.0895; initial_level: 933.248; final_level: 902.979
event: task_resolution; timestamp: 234.768; task: 23; pos: (-2, -45); status: FAILED; attempt: 1
event: battery_consumption; timestamp: 234.768; robot: 4; time: 23.0868; initial_level: 902.979; final_level: 902.979
event: navigation; timestamp: 234.768; robot: 4; time: 23.0868; src: (-2, -45); dst: (20, -38)
event: task_execution; timestamp: 229.107; task: 62; robot: 2; pos: (25, -15); time: 10.0066
event: battery_consumption; timestamp: 229.107; robot: 2; time: 10.0066; initial_level: 863.419; final_level: 860.417
event: task_resolution; timestamp: 239.113; task: 62; pos: (25, -15); status: COMPLETED; attempt: 1
event: battery_consumption; timestamp: 239.113; robot: 2; time: 7.07107; initial_level: 860.417; final_level: 860.417
event: navigation; timestamp: 239.113; robot: 2; time: 7.07107; src: (25, -15); dst: (24, -8)
event: task_execution; timestamp: 251.658; task: 30; robot: 8; pos: (48, -20); time: 11.2841
event: battery_consumption; timestamp: 251.658; robot: 8; time: 11.2841; initial_level: 930.603; final_level: 919.319
event: task_resolution; timestamp: 262.942; task: 30; pos: (48, -20); status: COMPLETED; attempt: 1
event: battery_consumption; timestamp: 262.942; robot: 8; time: 33.2866; initial_level: 919.319; final_level: 919.319
event: navigation; timestamp: 262.942; robot: 8; time: 33.2866; src: (48, -20); dst: (20, -38)
event: task_execution; timestamp: 260; task: 88; robot: 6; pos: (-16, 8); time: 9.88191
event: battery_consumption; timestamp: 260; robot: 6; time: 9.88191; initial_level: 900.436; final_level: 881.661
event: task_resolution; timestamp: 269.882; task: 88; pos: (-16, 8); status: COMPLETED; attempt: 1
event: battery_consumption; timestamp: 269.882; robot: 6; time: 22.1359; initial_level: 881.661; final_level: 881.661
event: navigation; timestamp: 269.882; robot: 6; time: 22.1359; src: (-16, 8); dst: (5, 15)
event: task_execution; timestamp: 268; task: 67; robot: 2; pos: (24, -8); time: 10.0447
event: battery_consumption; timestamp: 268; robot: 2; time: 10.0447; initial_level: 860.417; final_level: 851.377
event: task_resolution; timestamp: 278.045; task: 67; pos: (24, -8); status: COMPLETED; attempt: 1
event: battery_consumption; timestamp: 278.045; robot: 2; time: 13.0384; initial_level: 851.377; final_level: 851.377
event: navigation; timestamp: 278.045; robot: 2; time: 13.0384; src: (24, -8); dst: (25, 5)
event: task_execution; timestamp: 291.083; task: 71; robot: 2; pos: (25, 5); time: 9.6424
event: battery_consumption; timestamp: 291.083; robot: 2; time: 9.6424; initial_level: 851.377; final_level: 837.877
event: task_execution; timestamp: 291.083; task: 71; robot: 9; pos: (25, 5); time: 9.6424
event: battery_consumption; timestamp: 291.083; robot: 9; time: 9.6424; initial_level: 982.204; final_level: 968.704
event: task_resolution; timestamp: 300.725; task: 71; pos: (25, 5); status: FAILED; attempt: 1
event: battery_consumption; timestamp: 300.725; robot: 2; time: 27; initial_level: 837.877; final_level: 837.877
event: navigation; timestamp: 300.725; robot: 2; time: 27; src: (25, 5); dst: (25, 32)
event: battery_consumption; timestamp: 300.725; robot: 9; time: 27; initial_level: 968.704; final_level: 968.704
event: navigation; timestamp: 300.725; robot: 9; time: 27; src: (25, 5); dst: (25, 32)
event: task_execution; timestamp: 292.018; task: 61; robot: 6; pos: (5, 15); time: 11.3745
event: battery_consumption; timestamp: 292.018; robot: 6; time: 11.3745; initial_level: 881.661; final_level: 871.424
event: task_resolution; timestamp: 303.392; task: 61; pos: (5, 15); status: COMPLETED; attempt: 1
event: battery_consumption; timestamp: 303.392; robot: 6; time: 43.2897; initial_level: 871.424; final_level: 871.424
event: navigation; timestamp: 303.392; robot: 6; time: 43.2897; src: (5, 15); dst: (-38, 10)
event: task_execution; timestamp: 296.229; task: 76; robot: 4; pos: (20, -38); time: 9.26544
event: battery_consumption; timestamp: 296.229; robot: 4; time: 9.26544; initial_level: 902.979; final_level: 874.257
event: task_execution; timestamp: 296.229; task: 76; robot: 8; pos: (20, -38); time: 9.26544
event: battery_consumption; timestamp: 296.229; robot: 8; time: 9.26544; initial_level: 919.319; final_level: 890.596
event: task_resolution; timestamp: 305.494; task: 76; pos: (20, -38); status: COMPLETED; attempt: 1
event: battery_consumption; timestamp: 305.494; robot: 4; time: 9.43398; initial_level: 874.257; final_level: 874.257
event: navigation; timestamp: 305.494; robot: 4; time: 9.43398; src: (20, -38); dst: (15, -30)
event: battery_consumption; timestamp: 305.494; robot: 8; time: 9.43398; initial_level: 890.596; final_level: 890.596
event: navigation; timestamp: 305.494; robot: 8; time: 9.43398; src: (20, -38); dst: (15, -30)
event: task_execution; timestamp: 326; task: 51; robot: 4; pos: (15, -30); time: 8.05196
event: battery_consumption; timestamp: 326; robot: 4; time: 8.05196; initial_level: 874.257; final_level: 858.958
event: task_execution; timestamp: 326; task: 51; robot: 8; pos: (15, -30); time: 8.05196
event: battery_consumption; timestamp: 326; robot: 8; time: 8.05196; initial_level: 890.596; final_level: 875.297
event: task_resolution; timestamp: 334.052; task: 51; pos: (15, -30); status: COMPLETED; attempt: 1
event: battery_consumption; timestamp: 334.052; robot: 4; time: 66.4003; initial_level: 858.958; final_level: 858.958
event: navigation; timestamp: 334.052; robot: 4; time: 66.4003; src: (15, -30); dst: (-38, 10)
event: battery_consumption; timestamp: 334.052; robot: 8; time: 15.8114; initial_level: 875.297; final_level: 875.297
event: navigation; timestamp: 334.052; robot: 8; time: 15.8114; src: (15, -30); dst: (0, -35)
event: task_execution; timestamp: 327.725; task: 37; robot: 2; pos: (25, 32); time: 8.24669
event: battery_consumption; timestamp: 327.725; robot: 2; time: 8.24669; initial_level: 837.877; final_level: 829.631
event: task_execution; timestamp: 327.725; task: 37; robot: 3; pos: (25, 32); time: 8.24669
event: battery_consumption; timestamp: 327.725; robot: 3; time: 8.24669; initial_level: 879.028; final_level: 870.781
event: task_execution; timestamp: 327.725; task: 37; robot: 9; pos: (25, 32); time: 8.24669
event: battery_consumption; timestamp: 327.725; robot: 9; time: 8.24669; initial_level: 968.704; final_level: 960.458
event: task_resolution; timestamp: 335.972; task: 37; pos: (25, 32); status: COMPLETED; attempt: 1
event: battery_consumption; timestamp: 335.972; robot: 9; time: 3.60555; initial_level: 960.458; final_level: 960.458
event: navigation; timestamp: 335.972; robot: 9; time: 3.60555; src: (25, 32); dst: (22, 30)
event: battery_consumption; timestamp: 335.972; robot: 2; time: 3.60555; initial_level: 829.631; final_level: 829.631
event: navigation; timestamp: 335.972; robot: 2; time: 3.60555; src: (25, 32); dst: (22, 30)
event: battery_consumption; timestamp: 335.972; robot: 3; time: 3.60555; initial_level: 870.781; final_level: 870.781
event: navigation; timestamp: 335.972; robot: 3; time: 3.60555; src: (25, 32); dst: (22, 30)
event: task_execution; timestamp: 339.578; task: 38; robot: 2; pos: (22, 30); time: 9.17382
event: battery_consumption; timestamp: 339.578; robot: 2; time: 9.17382; initial_level: 829.631; final_level: 802.109
event: task_execution; timestamp: 339.578; task: 38; robot: 3; pos: (22, 30); time: 9.17382
event: battery_consumption; timestamp: 339.578; robot: 3; time: 9.17382; initial_level: 870.781; final_level: 843.26
event: task_execution; timestamp: 339.578; task: 38; robot: 9; pos: (22, 30); time: 9.17382
event: battery_consumption; timestamp: 339.578; robot: 9; time: 9.17382; initial_level: 960.458; final_level: 932.936
event: task_resolution; timestamp: 348.752; task: 38; pos: (22, 30); status: FAILED; attempt: 1
event: battery_consumption; timestamp: 348.752; robot: 2; time: 5.38516; initial_level: 802.109; final_level: 802.109
event: navigation; timestamp: 348.752; robot: 2; time: 5.38516; src: (22, 30); dst: (20, 35)
event: battery_consumption; timestamp: 348.752; robot: 9; time: 5.38516; initial_level: 932.936; final_level: 932.936
event: navigation; timestamp: 348.752; robot: 9; time: 5.38516; src: (22, 30); dst: (20, 35)
event: battery_consumption; timestamp: 348.752; robot: 3; time: 5.38516; initial_level: 843.26; final_level: 843.26
event: navigation; timestamp: 348.752; robot: 3; time: 5.38516; src: (22, 30); dst: (20, 35)
event: task_execution; timestamp: 349; task: 86; robot: 1; pos: (-19, -26); time: 9.31687
event: battery_consumption; timestamp: 349; robot: 1; time: 9.31687; initial_level: 923.124; final_level: 897.037
event: task_resolution; timestamp: 358.317; task: 86; pos: (-19, -26); status: COMPLETED; attempt: 1
event: battery_consumption; timestamp: 358.317; robot: 1; time: 9; initial_level: 897.037; final_level: 897.037
event: navigation; timestamp: 358.317; robot: 1; time: 9; src: (-19, -26); dst: (-28, -26)
event: task_execution; timestamp: 354.137; task: 40; robot: 2; pos: (20, 35); time: 10.2048
event: battery_consumption; timestamp: 354.137; robot: 2; time: 10.2048; initial_level: 802.109; final_level: 771.495
event: task_execution; timestamp: 354.137; task: 40; robot: 3; pos: (20, 35); time: 10.2048
event: battery_consumption; timestamp: 354.137; robot: 3; time: 10.2048; initial_level: 843.26; final_level: 812.646
event: task_execution; timestamp: 354.137; task: 40; robot: 9; pos: (20, 35); time: 10.2048
event: battery_consumption; timestamp: 354.137; robot: 9; time: 10.2048; initial_level: 932.936; final_level: 902.322
event: task_resolution; timestamp: 364.341; task: 40; pos: (20, 35); status: FAILED; attempt: 1
event: battery_consumption; timestamp: 364.341; robot: 9; time: 10.198; initial_level: 902.322; final_level: 902.322
event: navigation; timestamp: 364.341; robot: 9; time: 10.198; src: (20, 35); dst: (18, 25)
event: battery_consumption; timestamp: 364.341; robot: 2; time: 75.1864; initial_level: 771.495; final_level: 771.495
event: navigation; timestamp: 364.341; robot: 2; time: 75.1864; src: (20, 35); dst: (2, -38)
event: battery_consumption; timestamp: 364.341; robot: 3; time: 53.1507; initial_level: 812.646; final_level: 812.646
event: navigation; timestamp: 364.341; robot: 3; time: 53.1507; src: (20, 35); dst: (-20, 0)
event: task_execution; timestamp: 367.317; task: 87; robot: 1; pos: (-28, -26); time: 9.7463
event: battery_consumption; timestamp: 367.317; robot: 1; time: 9.7463; initial_level: 897.037; final_level: 884.367
event: task_resolution; timestamp: 377.063; task: 87; pos: (-28, -26); status: COMPLETED; attempt: 1
event: battery_consumption; timestamp: 377.063; robot: 1; time: 27.2029; initial_level: 884.367; final_level: 884.367
event: navigation; timestamp: 377.063; robot: 1; time: 27.2029; src: (-28, -26); dst: (-20, 0)
event: task_execution; timestamp: 375; task: 22; robot: 8; pos: (0, -35); time: 10.3962
event: battery_consumption; timestamp: 375; robot: 8; time: 10.3962; initial_level: 875.297; final_level: 833.712
event: task_resolution; timestamp: 385.396; task: 22; pos: (0, -35); status: FAILED; attempt: 1
event: battery_consumption; timestamp: 385.396; robot: 8; time: 24.4131; initial_level: 833.712; final_level: 833.712
event: navigation; timestamp: 385.396; robot: 8; time: 24.4131; src: (0, -35); dst: (-14, -15)
event: task_execution; timestamp: 376; task: 41; robot: 9; pos: (18, 25); time: 10.1313
event: battery_consumption; timestamp: 376; robot: 9; time: 10.1313; initial_level: 902.322; final_level: 882.059
event: task_resolution; timestamp: 386.131; task: 41; pos: (18, 25); status: COMPLETED; attempt: 1
event: battery_consumption; timestamp: 386.131; robot: 9; time: 52.469; initial_level: 882.059; final_level: 882.059
event: navigation; timestamp: 386.131; robot: 9; time: 52.469; src: (18, 25); dst: (-34, 18)
event: task_execution; timestamp: 395; task: 84; robot: 7; pos: (17, -21); time: 10.4002
event: battery_consumption; timestamp: 395; robot: 7; time: 10.4002; initial_level: 926.178; final_level: 907.458
event: task_resolution; timestamp: 405.4; task: 84; pos: (17, -21); status: COMPLETED; attempt: 1
event: battery_consumption; timestamp: 405.4; robot: 7; time: 27.2947; initial_level: 907.458; final_level: 907.458
event: navigation; timestamp: 405.4; robot: 7; time: 27.2947; src: (17, -21); dst: (-10, -25)
event: battery_consumption; timestamp: 406; robot: 4; time: 8.94427; initial_level: 858.958; final_level: 858.958
event: navigation; timestamp: 406; robot: 4; time: 8.94427; src: (-38, 10); dst: (-34, 18)
event: battery_consumption; timestamp: 406; robot: 6; time: 8.94427; initial_level: 871.424; final_level: 871.424
event: navigation; timestamp: 406; robot: 6; time: 8.94427; src: (-38, 10); dst: (-34, 18)
event: task_resolution; timestamp: 410.82; task: 73; pos: (-38, 10); status: FAILED; attempt: 1
event: task_execution; timestamp: 417.492; task: 53; robot: 1; pos: (-20, 0); time: 7.96939
event: battery_consumption; timestamp: 417.492; robot: 1; time: 7.96939; initial_level: 884.367; final_level: 880.382
event: task_execution; timestamp: 417.492; task: 53; robot: 3; pos: (-20, 0); time: 7.96939
event: battery_consumption; timestamp: 417.492; robot: 3; time: 7.96939; initial_level: 812.646; final_level: 808.661
event: task_resolution; timestamp: 425.462; task: 53; pos: (-20, 0); status: COMPLETED; attempt: 1
event: battery_consumption; timestamp: 425.462; robot: 3; time: 13.4164; initial_level: 808.661; final_level: 808.661
event: navigation; timestamp: 425.462; robot: 3; time: 13.4164; src: (-20, 0); dst: (-32, 6)
event: battery_consumption; timestamp: 425.462; robot: 1; time: 30.0832; initial_level: 880.382; final_level: 880.382
event: navigation; timestamp: 425.462; robot: 1; time: 30.0832; src: (-20, 0); dst: (9, 8)
event: battery_consumption; timestamp: 428; robot: 8; time: 16.2788; initial_level: 833.712; final_level: 833.712
event: navigation; timestamp: 428; robot: 8; time: 16.2788; src: (-14, -15); dst: (-3, -3)
event: task_execution; timestamp: 438.6; task: 79; robot: 4; pos: (-34, 18); time: 8.8267
event: battery_consumption; timestamp: 438.6; robot: 4; time: 8.8267; initial_level: 858.958; final_level: 832.478
event: task_execution; timestamp: 438.6; task: 79; robot: 6; pos: (-34, 18); time: 8.8267
event: battery_consumption; timestamp: 438.6; robot: 6; time: 8.8267; initial_level: 871.424; final_level: 844.944
event: task_execution; timestamp: 438.6; task: 79; robot: 9; pos: (-34, 18); time: 8.8267
event: battery_consumption; timestamp: 438.6; robot: 9; time: 8.8267; initial_level: 882.059; final_level: 855.579
event: task_resolution; timestamp: 447.427; task: 79; pos: (-34, 18); status: COMPLETED; attempt: 1
event: battery_consumption; timestamp: 447.427; robot: 4; time: 12.1655; initial_level: 832.478; final_level: 832.478
event: navigation; timestamp: 447.427; robot: 4; time: 12.1655; src: (-34, 18); dst: (-32, 6)
event: battery_consumption; timestamp: 447.427; robot: 6; time: 12.1655; initial_level: 844.944; final_level: 844.944
event: navigation; timestamp: 447.427; robot: 6; time: 12.1655; src: (-34, 18); dst: (-32, 6)
event: battery_consumption; timestamp: 447.427; robot: 9; time: 16.9706; initial_level: 855.579; final_level: 855.579
event: navigation; timestamp: 447.427; robot: 9; time: 16.9706; src: (-34, 18); dst: (-22, 30)
event: task_execution; timestamp: 440; task: 49; robot: 2; pos: (2, -38); time: 8.86837
event: battery_consumption; timestamp: 440; robot: 2; time: 8.86837; initial_level: 771.495; final_level: 762.626
event: task_resolution; timestamp: 448.868; task: 49; pos: (2, -38); status: COMPLETED; attempt: 1
event: battery_consumption; timestamp: 448.868; robot: 2; time: 17.6918; initial_level: 762.626; final_level: 762.626
event: navigation; timestamp: 448.868; robot: 2; time: 17.6918; src: (2, -38); dst: (-10, -25)
event: task_execution; timestamp: 444.279; task: 90; robot: 8; pos: (-3, -3); time: 9.20259
event: battery_consumption; timestamp: 444.279; robot: 8; time: 9.20259; initial_level: 833.712; final_level: 828.191
event: task_resolution; timestamp: 453.481; task: 90; pos: (-3, -3); status: COMPLETED; attempt: 1
event: battery_consumption; timestamp: 453.481; robot: 8; time: 23.0868; initial_level: 828.191; final_level: 828.191
event: navigation; timestamp: 453.481; robot: 8; time: 23.0868; src: (-3, -3); dst: (-10, -25)
event: task_execution; timestamp: 455.545; task: 81; robot: 1; pos: (9, 8); time: 10.0584
event: battery_consumption; timestamp: 455.545; robot: 1; time: 10.0584; initial_level: 880.382; final_level: 870.323
event: task_resolution; timestamp: 465.603; task: 81; pos: (9, 8); status: COMPLETED; attempt: 1
event: battery_consumption; timestamp: 465.603; robot: 1; time: 27.6586; initial_level: 870.323; final_level: 870.323
event: navigation; timestamp: 465.603; robot: 1; time: 27.6586; src: (9, 8); dst: (15, 35)
event: task_execution; timestamp: 459.593; task: 78; robot: 3; pos: (-32, 6); time: 9.27135
event: battery_consumption; timestamp: 459.593; robot: 3; time: 9.27135; initial_level: 808.661; final_level: 783.628
event: task_execution; timestamp: 459.593; task: 78; robot: 4; pos: (-32, 6); time: 9.27135
event: battery_consumption; timestamp: 459.593; robot: 4; time: 9.27135; initial_level: 832.478; final_level: 807.445
event: task_execution; timestamp: 459.593; task: 78; robot: 6; pos: (-32, 6); time: 9.27135
event: battery_consumption; timestamp: 459.593; robot: 6; time: 9.27135; initial_level: 844.944; final_level: 819.911
event: task_resolution; timestamp: 468.864; task: 78; pos: (-32, 6); status: COMPLETED; attempt: 1
event: battery_consumption; timestamp: 468.864; robot: 3; time: 21.095; initial_level: 783.628; final_level: 783.628
event: navigation; timestamp: 468.864; robot: 3; time: 21.095; src: (-32, 6); dst: (-30, -15)
event: battery_consumption; timestamp: 468.864; robot: 6; time: 21.4709; initial_level: 819.911; final_level: 819.911
event: navigation; timestamp: 468.864; robot: 6; time: 21.4709; src: (-32, 6); dst: (-22, 25)
event: battery_consumption; timestamp: 468.864; robot: 4; time: 11; initial_level: 807.445; final_level: 807.445
event: navigation; timestamp: 468.864; robot: 4; time: 11; src: (-32, 6); dst: (-32, -5)
event: task_execution; timestamp: 476.568; task: 57; robot: 2; pos: (-10, -25); time: 9.47058
event: battery_consumption; timestamp: 476.568; robot: 2; time: 9.47058; initial_level: 762.626; final_level: 740.844
event: task_execution; timestamp: 476.568; task: 57; robot: 7; pos: (-10, -25); time: 9.47058
event: battery_consumption; timestamp: 476.568; robot: 7; time: 9.47058; initial_level: 907.458; final_level: 885.675
event: task_execution; timestamp: 476.568; task: 57; robot: 8; pos: (-10, -25); time: 9.47058
event: battery_consumption; timestamp: 476.568; robot: 8; time: 9.47058; initial_level: 828.191; final_level: 806.408
event: task_resolution; timestamp: 486.039; task: 57; pos: (-10, -25); status: FAILED; attempt: 1
event: battery_consumption; timestamp: 486.039; robot: 8; time: 29.7321; initial_level: 806.408; final_level: 806.408
event: navigation; timestamp: 486.039; robot: 8; time: 29.7321; src: (-10, -25); dst: (-32, -5)
event: battery_consumption; timestamp: 486.039; robot: 2; time: 26.9258; initial_level: 740.844; final_level: 740.844
event: navigation; timestamp: 486.039; robot: 2; time: 26.9258; src: (-10, -25); dst: (-36, -32)
event: battery_consumption; timestamp: 486.039; robot: 7; time: 25; initial_level: 885.675; final_level: 885.675
event: navigation; timestamp: 486.039; robot: 7; time: 25; src: (-10, -25); dst: (-30, -10)
event: battery_consumption; timestamp: 491; robot: 3; time: 64.4127; initial_level: 783.628; final_level: 783.628
event: navigation; timestamp: 491; robot: 3; time: 64.4127; src: (-30, -15); dst: (27, -45)
event: task_execution; timestamp: 489; task: 46; robot: 9; pos: (-22, 30); time: 9.37364
event: battery_consumption; timestamp: 489; robot: 9; time: 9.37364; initial_level: 855.579; final_level: 846.206
event: task_resolution; timestamp: 498.374; task: 46; pos: (-22, 30); status: COMPLETED; attempt: 1
event: battery_consumption; timestamp: 498.374; robot: 9; time: 55.2178; initial_level: 846.206; final_level: 846.206
event: navigation; timestamp: 498.374; robot: 9; time: 55.2178; src: (-22, 30); dst: (10, -15)
event: task_resolution; timestamp: 499.036; task: 9; pos: (-30, -15); status: FAILED; attempt: 1
event: task_execution; timestamp: 490.335; task: 6; robot: 6; pos: (-22, 25); time: 8.70635
event: battery_consumption; timestamp: 490.335; robot: 6; time: 8.70635; initial_level: 819.911; final_level: 802.498
event: task_resolution; timestamp: 499.041; task: 6; pos: (-22, 25); status: FAILED; attempt: 1
event: battery_consumption; timestamp: 499.041; robot: 6; time: 51.225; initial_level: 802.498; final_level: 802.498
event: navigation; timestamp: 499.041; robot: 6; time: 51.225; src: (-22, 25); dst: (10, -15)
event: task_execution; timestamp: 515.771; task: 12; robot: 4; pos: (-32, -5); time: 8.44109
event: battery_consumption; timestamp: 515.771; robot: 4; time: 8.44109; initial_level: 807.445; final_level: 790.563
event: task_execution; timestamp: 515.771; task: 12; robot: 8; pos: (-32, -5); time: 8.44109
event: battery_consumption; timestamp: 515.771; robot: 8; time: 8.44109; initial_level: 806.408; final_level: 789.526
event: task_resolution; timestamp: 524.212; task: 12; pos: (-32, -5); status: FAILED; attempt: 1
event: battery_consumption; timestamp: 524.212; robot: 4; time: 27.2947; initial_level: 790.563; final_level: 790.563
event: navigation; timestamp: 524.212; robot: 4; time: 27.2947; src: (-32, -5); dst: (-36, -32)
event: battery_consumption; timestamp: 524.212; robot: 8; time: 26.6271; initial_level: 789.526; final_level: 789.526
event: navigation; timestamp: 524.212; robot: 8; time: 26.6271; src: (-32, -5); dst: (-10, 10)
event: task_execution; timestamp: 519; task: 10; robot: 7; pos: (-30, -10); time: 10.0837
event: battery_consumption; timestamp: 519; robot: 7; time: 10.0837; initial_level: 885.675; final_level: 855.424
event: task_resolution; timestamp: 529.084; task: 10; pos: (-30, -10); status: COMPLETED; attempt: 1
event: battery_consumption; timestamp: 529.084; robot: 7; time: 22.8035; initial_level: 855.424; final_level: 855.424
event: navigation; timestamp: 529.084; robot: 7; time: 22.8035; src: (-30, -10); dst: (-36, -32)
event: task_execution; timestamp: 551.887; task: 97; robot: 2; pos: (-36, -32); time: 9.27475
event: battery_consumption; timestamp: 551.887; robot: 2; time: 9.27475; initial_level: 740.844; final_level: 708.383
event: task_execution; timestamp: 551.887; task: 97; robot: 4; pos: (-36, -32); time: 9.27475
event: battery_consumption; timestamp: 551.887; robot: 4; time: 9.27475; initial_level: 790.563; final_level: 758.101
event: task_execution; timestamp: 551.887; task: 97; robot: 7; pos: (-36, -32); time: 9.27475
event: battery_consumption; timestamp: 551.887; robot: 7; time: 9.27475; initial_level: 855.424; final_level: 822.962
event: task_resolution; timestamp: 561.162; task: 97; pos: (-36, -32); status: COMPLETED; attempt: 1
event: battery_consumption; timestamp: 561.162; robot: 2; time: 49.3964; initial_level: 708.383; final_level: 708.383
event: navigation; timestamp: 561.162; robot: 2; time: 49.3964; src: (-36, -32); dst: (-10, 10)
event: battery_consumption; timestamp: 561.162; robot: 4; time: 16.1245; initial_level: 758.101; final_level: 758.101
event: navigation; timestamp: 561.162; robot: 4; time: 16.1245; src: (-36, -32); dst: (-20, -30)
event: battery_consumption; timestamp: 561.162; robot: 7; time: 66.0681; initial_level: 822.962; final_level: 822.962
event: navigation; timestamp: 561.162; robot: 7; time: 66.0681; src: (-36, -32); dst: (15, 10)
event: task_execution; timestamp: 557; task: 56; robot: 6; pos: (10, -15); time: 10.9471
event: battery_consumption; timestamp: 557; robot: 6; time: 10.9471; initial_level: 802.498; final_level: 781.699
event: task_execution; timestamp: 557; task: 56; robot: 9; pos: (10, -15); time: 10.9471
event: battery_consumption; timestamp: 557; robot: 9; time: 10.9471; initial_level: 846.206; final_level: 825.406
event: task_resolution; timestamp: 567.947; task: 56; pos: (10, -15); status: COMPLETED; attempt: 1
event: battery_consumption; timestamp: 567.947; robot: 9; time: 9.21954; initial_level: 825.406; final_level: 825.406
event: navigation; timestamp: 567.947; robot: 9; time: 9.21954; src: (10, -15); dst: (1, -13)
event: battery_consumption; timestamp: 567.947; robot: 6; time: 33.541; initial_level: 781.699; final_level: 781.699
event: navigation; timestamp: 567.947; robot: 6; time: 33.541; src: (10, -15); dst: (-20, -30)
event: task_execution; timestamp: 574; task: 43; robot: 1; pos: (15, 35); time: 10.4359
event: battery_consumption; timestamp: 574; robot: 1; time: 10.4359; initial_level: 870.323; final_level: 849.452
event: task_resolution; timestamp: 584.436; task: 43; pos: (15, 35); status: COMPLETED; attempt: 1
event: battery_consumption; timestamp: 584.436; robot: 1; time: 72.0347; initial_level: 849.452; final_level: 849.452
event: navigation; timestamp: 584.436; robot: 1; time: 72.0347; src: (15, 35); dst: (-2, -35)
event: task_execution; timestamp: 577.167; task: 66; robot: 9; pos: (1, -13); time: 8.57642
event: battery_consumption; timestamp: 577.167; robot: 9; time: 8.57642; initial_level: 825.406; final_level: 811.684
event: task_resolution; timestamp: 585.743; task: 66; pos: (1, -13); status: COMPLETED; attempt: 1
event: battery_consumption; timestamp: 585.743; robot: 9; time: 46.5296; initial_level: 811.684; final_level: 811.684
event: navigation; timestamp: 585.743; robot: 9; time: 46.5296; src: (1, -13); dst: (47, -20)
event: task_execution; timestamp: 610.558; task: 55; robot: 2; pos: (-10, 10); time: 13.2268
event: battery_consumption; timestamp: 610.558; robot: 2; time: 13.2268; initial_level: 708.383; final_level: 687.22
event: task_execution; timestamp: 610.558; task: 55; robot: 8; pos: (-10, 10); time: 13.2268
event: battery_consumption; timestamp: 610.558; robot: 8; time: 13.2268; initial_level: 789.526; final_level: 768.363
event: task_resolution; timestamp: 623.785; task: 55; pos: (-10, 10); status: COMPLETED; attempt: 1
event: battery_consumption; timestamp: 623.785; robot: 2; time: 10; initial_level: 687.22; final_level: 687.22
event: navigation; timestamp: 623.785; robot: 2; time: 10; src: (-10, 10); dst: (0, 10)
event: battery_consumption; timestamp: 623.785; robot: 8; time: 22.3607; initial_level: 768.363; final_level: 768.363
event: navigation; timestamp: 623.785; robot: 8; time: 22.3607; src: (-10, 10); dst: (-20, 30)
event: task_execution; timestamp: 633.785; task: 68; robot: 2; pos: (0, 10); time: 9.10997
event: battery_consumption; timestamp: 633.785; robot: 2; time: 9.10997; initial_level: 687.22; final_level: 668.089
event: task_resolution; timestamp: 642.895; task: 68; pos: (0, 10); status: COMPLETED; attempt: 1
event: battery_consumption; timestamp: 642.895; robot: 2; time: 15; initial_level: 668.089; final_level: 668.089
event: navigation; timestamp: 642.895; robot: 2; time: 15; src: (0, 10); dst: (15, 10)
event: task_execution; timestamp: 645; task: 74; robot: 4; pos: (-20, -30); time: 9.24405
event: battery_consumption; timestamp: 645; robot: 4; time: 9.24405; initial_level: 758.101; final_level: 750.706
event: task_execution; timestamp: 645; task: 74; robot: 6; pos: (-20, -30); time: 9.24405
event: battery_consumption; timestamp: 645; robot: 6; time: 9.24405; initial_level: 781.699; final_level: 774.304
event: task_resolution; timestamp: 654.244; task: 74; pos: (-20, -30); status: COMPLETED; attempt: 1
event: battery_consumption; timestamp: 654.244; robot: 4; time: 40.3113; initial_level: 750.706; final_level: 750.706
event: navigation; timestamp: 654.244; robot: 4; time: 40.3113; src: (-20, -30); dst: (-25, 10)
event: battery_consumption; timestamp: 654.244; robot: 6; time: 40.3113; initial_level: 774.304; final_level: 774.304
event: navigation; timestamp: 654.244; robot: 6; time: 40.3113; src: (-20, -30); dst: (-25, 10)
event: task_execution; timestamp: 646.146; task: 4; robot: 8; pos: (-20, 30); time: 10.6848
event: battery_consumption; timestamp: 646.146; robot: 8; time: 10.6848; initial_level: 768.363; final_level: 725.624
event: task_resolution; timestamp: 656.831; task: 4; pos: (-20, 30); status: FAILED; attempt: 1
event: battery_consumption; timestamp: 656.831; robot: 8; time: 20.6155; initial_level: 725.624; final_level: 725.624
event: navigation; timestamp: 656.831; robot: 8; time: 20.6155; src: (-20, 30); dst: (-25, 10)
event: task_execution; timestamp: 657.895; task: 54; robot: 2; pos: (15, 10); time: 9.67422
event: battery_consumption; timestamp: 657.895; robot: 2; time: 9.67422; initial_level: 668.089; final_level: 652.61
event: task_execution; timestamp: 657.895; task: 54; robot: 7; pos: (15, 10); time: 9.67422
event: battery_consumption; timestamp: 657.895; robot: 7; time: 9.67422; initial_level: 822.962; final_level: 807.484
event: task_resolution; timestamp: 667.569; task: 54; pos: (15, 10); status: COMPLETED; attempt: 1
event: battery_consumption; timestamp: 667.569; robot: 2; time: 6; initial_level: 652.61; final_level: 652.61
event: navigation; timestamp: 667.569; robot: 2; time: 6; src: (15, 10); dst: (15, 4)
event: battery_consumption; timestamp: 667.569; robot: 7; time: 27.7308; initial_level: 807.484; final_level: 807.484
event: navigation; timestamp: 667.569; robot: 7; time: 27.7308; src: (15, 10); dst: (27, 35)
event: task_execution; timestamp: 673.569; task: 96; robot: 2; pos: (15, 4); time: 10.924
event: battery_consumption; timestamp: 673.569; robot: 2; time: 10.924; initial_level: 652.61; final_level: 624.208
event: task_execution; timestamp: 673.569; task: 96; robot: 10; pos: (15, 4); time: 10.924
event: battery_consumption; timestamp: 673.569; robot: 10; time: 10.924; initial_level: 1000; final_level: 971.598
event: task_resolution; timestamp: 684.493; task: 96; pos: (15, 4); status: COMPLETED; attempt: 1
event: battery_consumption; timestamp: 684.493; robot: 2; time: 6.32456; initial_level: 624.208; final_level: 624.208
event: navigation; timestamp: 684.493; robot: 2; time: 6.32456; src: (15, 4); dst: (17, -2)
event: battery_consumption; timestamp: 684.493; robot: 10; time: 33.2415; initial_level: 971.598; final_level: 971.598
event: navigation; timestamp: 684.493; robot: 10; time: 33.2415; src: (15, 4); dst: (27, 35)
event: task_execution; timestamp: 681; task: 24; robot: 1; pos: (-2, -35); time: 9.80055
event: battery_consumption; timestamp: 681; robot: 1; time: 9.80055; initial_level: 849.452; final_level: 839.651
event: task_resolution; timestamp: 690.801; task: 24; pos: (-2, -35); status: FAILED; attempt: 1
event: battery_consumption; timestamp: 690.801; robot: 1; time: 10.4403; initial_level: 839.651; final_level: 839.651
event: navigation; timestamp: 690.801; robot: 1; time: 10.4403; src: (-2, -35); dst: (-5, -45)
event: task_execution; timestamp: 690.818; task: 94; robot: 2; pos: (17, -2); time: 10.0231
event: battery_consumption; timestamp: 690.818; robot: 2; time: 10.0231; initial_level: 624.208; final_level: 601.154
event: task_execution; timestamp: 690.818; task: 94; robot: 5; pos: (17, -2); time: 10.0231
event: battery_consumption; timestamp: 690.818; robot: 5; time: 10.0231; initial_level: 1000; final_level: 976.947
event: task_resolution; timestamp: 700.841; task: 94; pos: (17, -2); status: COMPLETED; attempt: 1
event: battery_consumption; timestamp: 700.841; robot: 5; time: 34.9857; initial_level: 976.947; final_level: 976.947
event: navigation; timestamp: 700.841; robot: 5; time: 34.9857; src: (17, -2); dst: (47, -20)
event: battery_consumption; timestamp: 700.841; robot: 2; time: 56.4004; initial_level: 601.154; final_level: 601.154
event: navigation; timestamp: 700.841; robot: 2; time: 56.4004; src: (17, -2); dst: (-17, -47)
event: task_execution; timestamp: 694.555; task: 60; robot: 4; pos: (-25, 10); time: 9.81177
event: battery_consumption; timestamp: 694.555; robot: 4; time: 9.81177; initial_level: 750.706; final_level: 734.026
event: task_execution; timestamp: 694.555; task: 60; robot: 6; pos: (-25, 10); time: 9.81177
event: battery_consumption; timestamp: 694.555; robot: 6; time: 9.81177; initial_level: 774.304; final_level: 757.624
event: task_execution; timestamp: 694.555; task: 60; robot: 8; pos: (-25, 10); time: 9.81177
event: battery_consumption; timestamp: 694.555; robot: 8; time: 9.81177; initial_level: 725.624; final_level: 708.944
event: task_resolution; timestamp: 704.367; task: 60; pos: (-25, 10); status: FAILED; attempt: 1
event: battery_consumption; timestamp: 704.367; robot: 8; time: 26.9258; initial_level: 708.944; final_level: 708.944
event: navigation; timestamp: 704.367; robot: 8; time: 26.9258; src: (-25, 10); dst: (-35, -15)
event: battery_consumption; timestamp: 704.367; robot: 4; time: 26.9258; initial_level: 734.026; final_level: 734.026
event: navigation; timestamp: 704.367; robot: 4; time: 26.9258; src: (-25, 10); dst: (-35, -15)
event: battery_consumption; timestamp: 704.367; robot: 6; time: 50; initial_level: 757.624; final_level: 757.624
event: navigation; timestamp: 704.367; robot: 6; time: 50; src: (-25, 10); dst: (-25, -40)
event: task_execution; timestamp: 713; task: 89; robot: 3; pos: (27, -45); time: 8.71743
event: battery_consumption; timestamp: 713; robot: 3; time: 8.71743; initial_level: 783.628; final_level: 761.835
event: task_resolution; timestamp: 721.717; task: 89; pos: (27, -45); status: COMPLETED; attempt: 1
event: battery_consumption; timestamp: 721.717; robot: 3; time: 78.032; initial_level: 761.835; final_level: 761.835
event: navigation; timestamp: 721.717; robot: 3; time: 78.032; src: (27, -45); dst: (-40, -5)
event: task_execution; timestamp: 717.735; task: 35; robot: 7; pos: (27, 35); time: 10.067
event: battery_consumption; timestamp: 717.735; robot: 7; time: 10.067; initial_level: 807.484; final_level: 787.35
event: task_execution; timestamp: 717.735; task: 35; robot: 10; pos: (27, 35); time: 10.067
event: battery_consumption; timestamp: 717.735; robot: 10; time: 10.067; initial_level: 971.598; final_level: 951.464
event: task_resolution; timestamp: 727.802; task: 35; pos: (27, 35); status: FAILED; attempt: 1
event: battery_consumption; timestamp: 727.802; robot: 10; time: 78.032; initial_level: 951.464; final_level: 951.464
event: navigation; timestamp: 727.802; robot: 10; time: 78.032; src: (27, 35); dst: (-40, -5)
event: battery_consumption; timestamp: 727.802; robot: 7; time: 78.032; initial_level: 787.35; final_level: 787.35
event: navigation; timestamp: 727.802; robot: 7; time: 78.032; src: (27, 35); dst: (-40, -5)
event: battery_consumption; timestamp: 741; robot: 9; time: 51.0784; initial_level: 811.684; final_level: 811.684
event: navigation; timestamp: 741; robot: 9; time: 51.0784; src: (47, -20); dst: (0, 0)
event: robot_finished; timestamp: 792.078; robot: 9; pos: (0, 0); battery: 811.684
event: battery_consumption; timestamp: 741; robot: 5; time: 51.0784; initial_level: 976.947; final_level: 976.947
event: navigation; timestamp: 741; robot: 5; time: 51.0784; src: (47, -20); dst: (0, 0)
event: robot_finished; timestamp: 792.078; robot: 5; pos: (0, 0); battery: 976.947
event: task_execution; timestamp: 731.293; task: 13; robot: 4; pos: (-35, -15); time: 10.6699
event: battery_consumption; timestamp: 731.293; robot: 4; time: 10.6699; initial_level: 734.026; final_level: 723.356
event: task_execution; timestamp: 731.293; task: 13; robot: 8; pos: (-35, -15); time: 10.6699
event: battery_consumption; timestamp: 731.293; robot: 8; time: 10.6699; initial_level: 708.944; final_level: 698.274
event: task_resolution; timestamp: 741.963; task: 13; pos: (-35, -15); status: COMPLETED; attempt: 1
event: battery_consumption; timestamp: 741.963; robot: 8; time: 36.7151; initial_level: 698.274; final_level: 698.274
event: navigation; timestamp: 741.963; robot: 8; time: 36.7151; src: (-35, -15); dst: (-17, -47)
event: battery_consumption; timestamp: 741.963; robot: 4; time: 26.9258; initial_level: 723.356; final_level: 723.356
event: navigation; timestamp: 741.963; robot: 4; time: 26.9258; src: (-35, -15); dst: (-25, -40)
event: task_resolution; timestamp: 744.68; task: 32; pos: (47, -20); status: COMPLETED; attempt: 1
event: task_execution; timestamp: 784; task: 25; robot: 1; pos: (-5, -45); time: 11.0195
event: battery_consumption; timestamp: 784; robot: 1; time: 11.0195; initial_level: 839.651; final_level: 817.612
event: task_resolution; timestamp: 795.02; task: 25; pos: (-5, -45); status: COMPLETED; attempt: 1
event: battery_consumption; timestamp: 795.02; robot: 1; time: 12.1655; initial_level: 817.612; final_level: 817.612
event: navigation; timestamp: 795.02; robot: 1; time: 12.1655; src: (-5, -45); dst: (-17, -47)
event: task_execution; timestamp: 805.834; task: 17; robot: 3; pos: (-40, -5); time: 9.13063
event: battery_consumption; timestamp: 805.834; robot: 3; time: 9.13063; initial_level: 761.835; final_level: 743.573
event: task_execution; timestamp: 805.834; task: 17; robot: 7; pos: (-40, -5); time: 9.13063
event: battery_consumption; timestamp: 805.834; robot: 7; time: 9.13063; initial_level: 787.35; final_level: 769.088
event: task_execution; timestamp: 805.834; task: 17; robot: 10; pos: (-40, -5); time: 9.13063
event: battery_consumption; timestamp: 805.834; robot: 10; time: 9.13063; initial_level: 951.464; final_level: 933.202
event: task_resolution; timestamp: 814.965; task: 17; pos: (-40, -5); status: FAILED; attempt: 1
event: battery_consumption; timestamp: 814.965; robot: 3; time: 42.4382; initial_level: 743.573; final_level: 743.573
event: navigation; timestamp: 814.965; robot: 3; time: 42.4382; src: (-40, -5); dst: (-5, 19)
event: battery_consumption; timestamp: 814.965; robot: 10; time: 61.4003; initial_level: 933.202; final_level: 933.202
event: navigation; timestamp: 814.965; robot: 10; time: 61.4003; src: (-40, -5); dst: (21, 2)
event: battery_consumption; timestamp: 814.965; robot: 7; time: 38.0132; initial_level: 769.088; final_level: 769.088
event: navigation; timestamp: 814.965; robot: 7; time: 38.0132; src: (-40, -5); dst: (-9, 17)
event: task_execution; timestamp: 807.185; task: 77; robot: 1; pos: (-17, -47); time: 8.91261
event: battery_consumption; timestamp: 807.185; robot: 1; time: 8.91261; initial_level: 817.612; final_level: 811.373
event: task_execution; timestamp: 807.185; task: 77; robot: 2; pos: (-17, -47); time: 8.91261
event: battery_consumption; timestamp: 807.185; robot: 2; time: 8.91261; initial_level: 601.154; final_level: 594.916
event: task_execution; timestamp: 807.185; task: 77; robot: 8; pos: (-17, -47); time: 8.91261
event: battery_consumption; timestamp: 807.185; robot: 8; time: 8.91261; initial_level: 698.274; final_level: 692.035
event: task_resolution; timestamp: 816.098; task: 77; pos: (-17, -47); status: COMPLETED; attempt: 1
event: battery_consumption; timestamp: 816.098; robot: 1; time: 10.6301; initial_level: 811.373; final_level: 811.373
event: navigation; timestamp: 816.098; robot: 1; time: 10.6301; src: (-17, -47); dst: (-25, -40)
event: battery_consumption; timestamp: 816.098; robot: 2; time: 49.98; initial_level: 594.916; final_level: 594.916
event: navigation; timestamp: 816.098; robot: 2; time: 49.98; src: (-17, -47); dst: (0, 0)
event: robot_finished; timestamp: 866.078; robot: 2; pos: (0, 0); battery: 594.916
event: battery_consumption; timestamp: 816.098; robot: 8; time: 64.4981; initial_level: 692.035; final_level: 692.035
event: navigation; timestamp: 816.098; robot: 8; time: 64.4981; src: (-17, -47); dst: (-9, 17)
event: task_execution; timestamp: 826.728; task: 58; robot: 1; pos: (-25, -40); time: 9.86123
event: battery_consumption; timestamp: 826.728; robot: 1; time: 9.86123; initial_level: 811.373; final_level: 791.651
event: task_execution; timestamp: 826.728; task: 58; robot: 4; pos: (-25, -40); time: 9.86123
event: battery_consumption; timestamp: 826.728; robot: 4; time: 9.86123; initial_level: 723.356; final_level: 703.634
event: task_execution; timestamp: 826.728; task: 58; robot: 6; pos: (-25, -40); time: 9.86123
event: battery_consumption; timestamp: 826.728; robot: 6; time: 9.86123; initial_level: 757.624; final_level: 737.901
event: task_resolution; timestamp: 836.589; task: 58; pos: (-25, -40); status: COMPLETED; attempt: 1
event: battery_consumption; timestamp: 836.589; robot: 6; time: 47.1699; initial_level: 737.901; final_level: 737.901
event: navigation; timestamp: 836.589; robot: 6; time: 47.1699; src: (-25, -40); dst: (0, 0)
event: robot_finished; timestamp: 883.759; robot: 6; pos: (0, 0); battery: 737.901
event: battery_consumption; timestamp: 836.589; robot: 1; time: 48.9183; initial_level: 791.651; final_level: 791.651
event: navigation; timestamp: 836.589; robot: 1; time: 48.9183; src: (-25, -40); dst: (7, -3)
event: battery_consumption; timestamp: 836.589; robot: 4; time: 48.9183; initial_level: 703.634; final_level: 703.634
event: navigation; timestamp: 836.589; robot: 4; time: 48.9183; src: (-25, -40); dst: (7, -3)
event: task_execution; timestamp: 857.403; task: 70; robot: 3; pos: (-5, 19); time: 10.0886
event: battery_consumption; timestamp: 857.403; robot: 3; time: 10.0886; initial_level: 743.573; final_level: 720.37
event: task_resolution; timestamp: 867.491; task: 70; pos: (-5, 19); status: FAILED; attempt: 1
event: battery_consumption; timestamp: 867.491; robot: 3; time: 4.47214; initial_level: 720.37; final_level: 720.37
event: navigation; timestamp: 867.491; robot: 3; time: 4.47214; src: (-5, 19); dst: (-9, 17)
event: task_execution; timestamp: 880.596; task: 100; robot: 3; pos: (-9, 17); time: 11.1361
event: battery_consumption; timestamp: 880.596; robot: 3; time: 11.1361; initial_level: 720.37; final_level: 717.029
event: task_execution; timestamp: 880.596; task: 100; robot: 7; pos: (-9, 17); time: 11.1361
event: battery_consumption; timestamp: 880.596; robot: 7; time: 11.1361; initial_level: 769.088; final_level: 765.748
event: task_execution; timestamp: 880.596; task: 100; robot: 8; pos: (-9, 17); time: 11.1361
event: battery_consumption; timestamp: 880.596; robot: 8; time: 11.1361; initial_level: 692.035; final_level: 688.694
event: task_resolution; timestamp: 891.732; task: 100; pos: (-9, 17); status: COMPLETED; attempt: 1
event: battery_consumption; timestamp: 891.732; robot: 7; time: 33.541; initial_level: 765.748; final_level: 765.748
event: navigation; timestamp: 891.732; robot: 7; time: 33.541; src: (-9, 17); dst: (21, 2)
event: battery_consumption; timestamp: 891.732; robot: 3; time: 25.6125; initial_level: 717.029; final_level: 717.029
event: navigation; timestamp: 891.732; robot: 3; time: 25.6125; src: (-9, 17); dst: (7, -3)
event: battery_consumption; timestamp: 891.732; robot: 8; time: 19.2354; initial_level: 688.694; final_level: 688.694
event: navigation; timestamp: 891.732; robot: 8; time: 19.2354; src: (-9, 17); dst: (0, 0)
event: robot_finished; timestamp: 910.967; robot: 8; pos: (0, 0); battery: 688.694
event: task_execution; timestamp: 917.344; task: 80; robot: 1; pos: (7, -3); time: 9.91718
event: battery_consumption; timestamp: 917.344; robot: 1; time: 9.91718; initial_level: 791.651; final_level: 778.758
event: task_execution; timestamp: 917.344; task: 80; robot: 3; pos: (7, -3); time: 9.91718
event: battery_consumption; timestamp: 917.344; robot: 3; time: 9.91718; initial_level: 717.029; final_level: 704.136
event: task_execution; timestamp: 917.344; task: 80; robot: 4; pos: (7, -3); time: 9.91718
event: battery_consumption; timestamp: 917.344; robot: 4; time: 9.91718; initial_level: 703.634; final_level: 690.741
event: task_resolution; timestamp: 927.262; task: 80; pos: (7, -3); status: FAILED; attempt: 1
event: battery_consumption; timestamp: 927.262; robot: 3; time: 7.61577; initial_level: 704.136; final_level: 704.136
event: navigation; timestamp: 927.262; robot: 3; time: 7.61577; src: (7, -3); dst: (0, 0)
event: robot_finished; timestamp: 934.877; robot: 3; pos: (0, 0); battery: 704.136
event: battery_consumption; timestamp: 927.262; robot: 1; time: 7.61577; initial_level: 778.758; final_level: 778.758
event: navigation; timestamp: 927.262; robot: 1; time: 7.61577; src: (7, -3); dst: (0, 0)
event: robot_finished; timestamp: 934.877; robot: 1; pos: (0, 0); battery: 778.758
event: battery_consumption; timestamp: 927.262; robot: 4; time: 7.61577; initial_level: 690.741; final_level: 690.741
event: navigation; timestamp: 927.262; robot: 4; time: 7.61577; src: (7, -3); dst: (0, 0)
event: robot_finished; timestamp: 934.877; robot: 4; pos: (0, 0); battery: 690.741
event: battery_consumption; timestamp: 928; robot: 7; time: 21.095; initial_level: 765.748; final_level: 765.748
event: navigation; timestamp: 928; robot: 7; time: 21.095; src: (21, 2); dst: (0, 0)
event: robot_finished; timestamp: 949.095; robot: 7; pos: (0, 0); battery: 765.748
event: battery_consumption; timestamp: 928; robot: 10; time: 21.095; initial_level: 933.202; final_level: 933.202
event: navigation; timestamp: 928; robot: 10; time: 21.095; src: (21, 2); dst: (0, 0)
event: robot_finished; timestamp: 949.095; robot: 10; pos: (0, 0); battery: 933.202
metric: available_agents; value: 0
metric: failed_agents; value: 0
metric: finished_agents; value: 10
metric: completed_tasks; value: 54
metric: pending_tasks; value: 0
metric: failed_tasks; value: 46
metric: average_robot_makespan; value: 894.778
metric: sd_robot_makespan; value: 60.577
metric: max_robot_makespan; value: 949.095
metric: min_robot_makespan; value: 792.078
metric: average_robot_travel_distance; value: 392.455
metric: sd_robot_travel_distance; value: 138.289
metric: max_robot_travel_distance; value: 507.072
metric: min_robot_travel_distance; value: 103.181
metric: sum_robot_travel_distance; value: 3924.55
metric: average_completed_tasks_by_robot; value: 0
metric: sd_completed_tasks_by_robot; value: 0
metric: max_completed_tasks_by_robot; value: 0
metric: min_completed_tasks_by_robot; value: 0
metric: final_reward; value: 0.54
metric: computing_time; value: 1.54784
