info: solver_name; value: random
info: reward_function; value: reward00
info: replica; value: 1
info: filename; value: ../logs/prueba/scenario_15t_01_5r_random_reward00_001.log
info: scenario_name; value: scenario_15t_01_5r
info: scenario_name; value: scenario_15t_01_5r
info: number_of_tasks; value: 15
info: number_of_robots; value: 5
info: number_of_recharging_stations; value: 1
info: scenario_size; value: (200,200)
event: recharging_station_spawn; timestamp: 0; recharging_station: 1; pos: (0, 0)
event: task_spawn; timestamp: 0; task: 1; pos: (-93, -67); earliest_start: 0; latest_start: 270; state: PENDING; required_workers: 3; success_prob: 0.6; max_attempts: 1
event: task_spawn; timestamp: 0; task: 2; pos: (39, 78); earliest_start: 0; latest_start: 720; state: PENDING; required_workers: 3; success_prob: 0.9; max_attempts: 1
event: task_spawn; timestamp: 0; task: 3; pos: (17, -22); earliest_start: 0; latest_start: 720; state: PENDING; required_workers: 3; success_prob: 0.7; max_attempts: 1
event: task_spawn; timestamp: 0; task: 4; pos: (-72, -12); earliest_start: 0; latest_start: 450; state: PENDING; required_workers: 1; success_prob: 0.8; max_attempts: 1
event: task_spawn; timestamp: 0; task: 5; pos: (-35, -34); earliest_start: 0; latest_start: 540; state: PENDING; required_workers: 3; success_prob: 0.6; max_attempts: 1
event: task_spawn; timestamp: 0; task: 6; pos: (-69, 72); earliest_start: 0; latest_start: 900; state: PENDING; required_workers: 2; success_prob: 0.9; max_attempts: 1
event: task_spawn; timestamp: 0; task: 7; pos: (25, -100); earliest_start: 0; latest_start: 450; state: PENDING; required_workers: 3; success_prob: 0.6; max_attempts: 1
event: task_spawn; timestamp: 0; task: 8; pos: (84, 59); earliest_start: 0; latest_start: 360; state: PENDING; required_workers: 2; success_prob: 0.7; max_attempts: 1
event: task_spawn; timestamp: 0; task: 9; pos: (93, -19); earliest_start: 0; latest_start: 450; state: PENDING; required_workers: 2; success_prob: 0.5; max_attempts: 1
event: task_spawn; timestamp: 0; task: 10; pos: (-24, 66); earliest_start: 0; latest_start: 630; state: PENDING; required_workers: 2; success_prob: 0.6; max_attempts: 1
event: task_spawn; timestamp: 0; task: 11; pos: (-35, -89); earliest_start: 0; latest_start: 1080; state: PENDING; required_workers: 2; success_prob: 0.7; max_attempts: 1
event: task_spawn; timestamp: 0; task: 12; pos: (-98, 71); earliest_start: 0; latest_start: 540; state: PENDING; required_workers: 3; success_prob: 0.6; max_attempts: 1
event: task_spawn; timestamp: 0; task: 13; pos: (-99, 84); earliest_start: 0; latest_start: 360; state: PENDING; required_workers: 2; success_prob: 0.6; max_attempts: 1
event: task_spawn; timestamp: 0; task: 14; pos: (-23, -23); earliest_start: 0; latest_start: 630; state: PENDING; required_workers: 1; success_prob: 0.7; max_attempts: 1
event: task_spawn; timestamp: 0; task: 15; pos: (68, 11); earliest_start: 0; latest_start: 630; state: PENDING; required_workers: 1; success_prob: 0.6; max_attempts: 1
event: robot_spawn; timestamp: 0; robot: 1; pos: (0, 0); state: AVAILABLE; battery_level: 100; battery_capacity: 100; velocity: 5; battery_rate_nav: 0.1
event: robot_spawn; timestamp: 0; robot: 2; pos: (0, 0); state: AVAILABLE; battery_level: 100; battery_capacity: 100; velocity: 5; battery_rate_nav: 0.1
event: robot_spawn; timestamp: 0; robot: 3; pos: (0, 0); state: AVAILABLE; battery_level: 100; battery_capacity: 100; velocity: 5; battery_rate_nav: 0.1
event: robot_spawn; timestamp: 0; robot: 4; pos: (0, 0); state: AVAILABLE; battery_level: 100; battery_capacity: 100; velocity: 5; battery_rate_nav: 0.1
event: robot_spawn; timestamp: 0; robot: 5; pos: (0, 0); state: AVAILABLE; battery_level: 100; battery_capacity: 100; velocity: 5; battery_rate_nav: 0.1
event: battery_consumption; timestamp: 0; robot: 2; time: 17.4413; initial_level: 100; final_level: 98.2559
event: navigation; timestamp: 0; robot: 2; time: 17.4413; src: (0, 0); dst: (39, 78)
event: battery_consumption; timestamp: 0; robot: 4; time: 17.4413; initial_level: 100; final_level: 98.2559
event: navigation; timestamp: 0; robot: 4; time: 17.4413; src: (0, 0); dst: (39, 78)
event: battery_consumption; timestamp: 0; robot: 3; time: 14.5986; initial_level: 100; final_level: 98.5401
event: navigation; timestamp: 0; robot: 3; time: 14.5986; src: (0, 0); dst: (-72, -12)
event: battery_consumption; timestamp: 0; robot: 1; time: 19.1269; initial_level: 100; final_level: 98.0873
event: navigation; timestamp: 0; robot: 1; time: 19.1269; src: (0, 0); dst: (-35, -89)
event: battery_consumption; timestamp: 0; robot: 5; time: 20.53; initial_level: 100; final_level: 97.947
event: navigation; timestamp: 0; robot: 5; time: 20.53; src: (0, 0); dst: (84, 59)
event: task_execution; timestamp: 14.5986; task: 4; robot: 3; pos: (-72, -12); time: 0
event: battery_consumption; timestamp: 14.5986; robot: 3; time: 0; initial_level: 98.5401; final_level: 88.5401
event: task_resolution; timestamp: 14.5986; task: 4; pos: (-72, -12); status: FAILED; attempt: 1
event: battery_consumption; timestamp: 14.5986; robot: 3; time: 28.3753; initial_level: 88.5401; final_level: 85.7026
event: navigation; timestamp: 14.5986; robot: 3; time: 28.3753; src: (-72, -12); dst: (68, 11)
event: task_execution; timestamp: 42.974; task: 15; robot: 3; pos: (68, 11); time: 63.6397
event: battery_consumption; timestamp: 42.974; robot: 3; time: 63.6397; initial_level: 85.7026; final_level: 22.0629
event: task_resolution; timestamp: 106.614; task: 15; pos: (68, 11); status: COMPLETED; attempt: 1
event: battery_consumption; timestamp: 106.614; robot: 3; time: 23.8076; initial_level: 22.0629; final_level: 19.6821
event: navigation; timestamp: 106.614; robot: 3; time: 23.8076; src: (68, 11); dst: (25, -100)
event: battery_consumption; timestamp: 360; robot: 5; time: 15.7035; initial_level: 97.947; final_level: 96.3767
event: navigation; timestamp: 360; robot: 5; time: 15.7035; src: (84, 59); dst: (93, -19)
event: battery_consumption; timestamp: 450; robot: 5; time: 22.2036; initial_level: 96.3767; final_level: 94.1563
event: navigation; timestamp: 450; robot: 5; time: 22.2036; src: (93, -19); dst: (39, 78)
event: battery_consumption; timestamp: 450; robot: 3; time: 42.1284; initial_level: 19.6821; final_level: 15.4693
event: navigation; timestamp: 450; robot: 3; time: 42.1284; src: (25, -100); dst: (-98, 71)
event: task_execution; timestamp: 472.204; task: 2; robot: 2; pos: (39, 78); time: 23.8065
event: battery_consumption; timestamp: 472.204; robot: 2; time: 23.8065; initial_level: 98.2559; final_level: 74.4493
event: task_execution; timestamp: 472.204; task: 2; robot: 4; pos: (39, 78); time: 23.8065
event: battery_consumption; timestamp: 472.204; robot: 4; time: 23.8065; initial_level: 98.2559; final_level: 74.4493
event: task_execution; timestamp: 472.204; task: 2; robot: 5; pos: (39, 78); time: 23.8065
event: battery_consumption; timestamp: 472.204; robot: 5; time: 23.8065; initial_level: 94.1563; final_level: 70.3498
event: task_resolution; timestamp: 496.01; task: 2; pos: (39, 78); status: COMPLETED; attempt: 1
event: battery_consumption; timestamp: 496.01; robot: 2; time: 27.4357; initial_level: 74.4493; final_level: 71.7058
event: navigation; timestamp: 496.01; robot: 2; time: 27.4357; src: (39, 78); dst: (-98, 71)
event: battery_consumption; timestamp: 496.01; robot: 4; time: 12.8265; initial_level: 74.4493; final_level: 73.1667
event: navigation; timestamp: 496.01; robot: 4; time: 12.8265; src: (39, 78); dst: (-24, 66)
event: battery_consumption; timestamp: 496.01; robot: 5; time: 12.8265; initial_level: 70.3498; final_level: 69.0671
event: navigation; timestamp: 496.01; robot: 5; time: 12.8265; src: (39, 78); dst: (-24, 66)
event: battery_consumption; timestamp: 540; robot: 2; time: 5.80345; initial_level: 71.7058; final_level: 71.1254
event: navigation; timestamp: 540; robot: 2; time: 5.80345; src: (-98, 71); dst: (-69, 72)
event: battery_consumption; timestamp: 540; robot: 3; time: 24.0508; initial_level: 15.4693; final_level: 13.0642
event: navigation; timestamp: 540; robot: 3; time: 24.0508; src: (-98, 71); dst: (-23, -23)
event: task_execution; timestamp: 564.051; task: 14; robot: 3; pos: (-23, -23); time: 0
event: battery_consumption; timestamp: 564.051; robot: 3; time: 0; initial_level: 13.0642; final_level: 3.06421
event: task_resolution; timestamp: 564.051; task: 14; pos: (-23, -23); status: FAILED; attempt: 1
event: battery_consumption; timestamp: 564.051; robot: 3; time: 13.4164; initial_level: 3.06421; final_level: 1.72257
event: navigation; timestamp: 564.051; robot: 3; time: 13.4164; src: (-23, -23); dst: (-35, -89)
event: task_execution; timestamp: 508.837; task: 10; robot: 4; pos: (-24, 66); time: 69.0671
event: battery_consumption; timestamp: 508.837; robot: 4; time: 69.0671; initial_level: 73.1667; final_level: 63.1667
event: task_execution; timestamp: 508.837; task: 10; robot: 5; pos: (-24, 66); time: 69.0671
event: battery_consumption; timestamp: 508.837; robot: 5; time: 69.0671; initial_level: 69.0671; final_level: 59.0671
event: task_resolution; timestamp: 577.904; task: 10; pos: (-24, 66); status: FAILED; attempt: 1
event: battery_consumption; timestamp: 577.904; robot: 4; time: 9.07965; initial_level: 63.1667; final_level: 62.2587
event: navigation; timestamp: 577.904; robot: 4; time: 9.07965; src: (-24, 66); dst: (-69, 72)
event: battery_consumption; timestamp: 577.904; robot: 5; time: 19.4165; initial_level: 59.0671; final_level: 57.1255
event: navigation; timestamp: 577.904; robot: 5; time: 19.4165; src: (-24, 66); dst: (17, -22)
event: task_execution; timestamp: 577.467; task: 11; robot: 1; pos: (-35, -89); time: 1.72257
event: battery_consumption; timestamp: 577.467; robot: 1; time: 1.72257; initial_level: 98.0873; final_level: 88.0873
event: task_execution; timestamp: 577.467; task: 11; robot: 3; pos: (-35, -89); time: 1.72257
event: battery_consumption; timestamp: 577.467; robot: 3; time: 1.72257; initial_level: 1.72257; final_level: -8.27743
event: robot_failed; timestamp: 579.19; robot: 3; pos: (-35, -89)
event: task_resolution; timestamp: 579.19; task: 11; pos: (-35, -89); status: FAILED; attempt: 1
event: battery_consumption; timestamp: 579.19; robot: 1; time: 16.9623; initial_level: 88.0873; final_level: 86.3911
event: navigation; timestamp: 579.19; robot: 1; time: 16.9623; src: (-35, -89); dst: (17, -22)
event: task_execution; timestamp: 586.983; task: 6; robot: 2; pos: (-69, 72); time: 0
event: battery_consumption; timestamp: 586.983; robot: 2; time: 0; initial_level: 71.1254; final_level: 71.1254
event: task_execution; timestamp: 586.983; task: 6; robot: 4; pos: (-69, 72); time: 0
event: battery_consumption; timestamp: 586.983; robot: 4; time: 0; initial_level: 62.2587; final_level: 62.2587
event: task_resolution; timestamp: 586.983; task: 6; pos: (-69, 72); status: COMPLETED; attempt: 1
event: battery_consumption; timestamp: 586.983; robot: 4; time: 25.481; initial_level: 62.2587; final_level: 59.7106
event: navigation; timestamp: 586.983; robot: 4; time: 25.481; src: (-69, 72); dst: (17, -22)
event: battery_consumption; timestamp: 586.983; robot: 2; time: 19.9449; initial_level: 71.1254; final_level: 69.1309
event: navigation; timestamp: 586.983; robot: 2; time: 19.9449; src: (-69, 72); dst: (0, 0)
event: robot_finished; timestamp: 606.928; robot: 2; pos: (0, 0); battery: 69.1309
event: task_execution; timestamp: 612.464; task: 3; robot: 1; pos: (17, -22); time: 0
event: battery_consumption; timestamp: 612.464; robot: 1; time: 0; initial_level: 86.3911; final_level: 76.3911
event: task_execution; timestamp: 612.464; task: 3; robot: 4; pos: (17, -22); time: 0
event: battery_consumption; timestamp: 612.464; robot: 4; time: 0; initial_level: 59.7106; final_level: 49.7106
event: task_execution; timestamp: 612.464; task: 3; robot: 5; pos: (17, -22); time: 0
event: battery_consumption; timestamp: 612.464; robot: 5; time: 0; initial_level: 57.1255; final_level: 47.1255
event: task_resolution; timestamp: 612.464; task: 3; pos: (17, -22); status: FAILED; attempt: 1
event: battery_consumption; timestamp: 612.464; robot: 5; time: 5.56058; initial_level: 47.1255; final_level: 46.5694
event: navigation; timestamp: 612.464; robot: 5; time: 5.56058; src: (17, -22); dst: (0, 0)
event: robot_finished; timestamp: 618.025; robot: 5; pos: (0, 0); battery: 46.5694
event: battery_consumption; timestamp: 612.464; robot: 4; time: 5.56058; initial_level: 49.7106; final_level: 49.1546
event: navigation; timestamp: 612.464; robot: 4; time: 5.56058; src: (17, -22); dst: (0, 0)
event: robot_finished; timestamp: 618.025; robot: 4; pos: (0, 0); battery: 49.1546
event: battery_consumption; timestamp: 612.464; robot: 1; time: 5.56058; initial_level: 76.3911; final_level: 75.835
event: navigation; timestamp: 612.464; robot: 1; time: 5.56058; src: (17, -22); dst: (0, 0)
event: robot_finished; timestamp: 618.025; robot: 1; pos: (0, 0); battery: 75.835
metric: available_agents; value: 0
metric: failed_agents; value: 1
metric: finished_agents; value: 4
metric: completed_tasks; value: 3
metric: pending_tasks; value: 0
metric: failed_tasks; value: 12
metric: average_robot_makespan; value: 608.039
metric: sd_robot_makespan; value: 16.8276
metric: max_robot_makespan; value: 618.025
metric: min_robot_makespan; value: 579.19
metric: average_robot_travel_distance; value: 425.282
metric: sd_robot_travel_distance; value: 196.736
metric: max_robot_travel_distance; value: 731.885
metric: min_robot_travel_distance; value: 208.249
metric: sum_robot_travel_distance; value: 2126.41
metric: average_completed_tasks_by_robot; value: 0
metric: sd_completed_tasks_by_robot; value: 0
metric: max_completed_tasks_by_robot; value: 0
metric: min_completed_tasks_by_robot; value: 0
metric: final_reward; value: 0.2
metric: computing_time; value: 0.000736755
