info: solver_name; value: cbaa
info: reward_function; value: reward00
info: replica; value: 5
info: filename; value: ../logs/prueba/scenario_12_06_01_cbaa_reward00_005.log
info: scenario_name; value: scenario_12_06_01
info: scenario_name; value: scenario_12_06_01
info: number_of_tasks; value: 12
info: number_of_robots; value: 6
info: number_of_recharging_stations; value: 1
info: scenario_size; value: (200,200)
event: recharging_station_spawn; timestamp: 0; recharging_station: 1; pos: (0, 0)
event: task_spawn; timestamp: 0; task: 1; pos: (-70.0709, -68.0831); earliest_start: 0; latest_start: 1080; state: PENDING; required_workers: 3; success_prob: 0.8; max_attempts: 1
event: task_spawn; timestamp: 0; task: 2; pos: (-17.4248, -96.1114); earliest_start: 0; latest_start: 810; state: PENDING; required_workers: 3; success_prob: 0.8; max_attempts: 1
event: task_spawn; timestamp: 0; task: 3; pos: (-29.5006, -24.1376); earliest_start: 0; latest_start: 1080; state: PENDING; required_workers: 2; success_prob: 0.8; max_attempts: 1
event: task_spawn; timestamp: 0; task: 4; pos: (6.58351, -36.5381); earliest_start: 0; latest_start: 540; state: PENDING; required_workers: 1; success_prob: 0.8; max_attempts: 1
event: task_spawn; timestamp: 0; task: 5; pos: (-46.7684, -52.5449); earliest_start: 0; latest_start: 540; state: PENDING; required_workers: 3; success_prob: 0.8; max_attempts: 1
event: task_spawn; timestamp: 0; task: 6; pos: (-87.1468, -93.4297); earliest_start: 0; latest_start: 810; state: PENDING; required_workers: 2; success_prob: 0.8; max_attempts: 1
event: task_spawn; timestamp: 0; task: 7; pos: (-74.758, -54.3258); earliest_start: 0; latest_start: 540; state: PENDING; required_workers: 2; success_prob: 0.8; max_attempts: 1
event: task_spawn; timestamp: 0; task: 8; pos: (-1.29451, 32.4663); earliest_start: 0; latest_start: 540; state: PENDING; required_workers: 2; success_prob: 0.8; max_attempts: 1
event: task_spawn; timestamp: 0; task: 9; pos: (60.5478, -15.9338); earliest_start: 0; latest_start: 1080; state: PENDING; required_workers: 1; success_prob: 0.8; max_attempts: 1
event: task_spawn; timestamp: 0; task: 10; pos: (56.8755, 43.1394); earliest_start: 0; latest_start: 810; state: PENDING; required_workers: 2; success_prob: 0.8; max_attempts: 1
event: task_spawn; timestamp: 0; task: 11; pos: (-24.173, 41.1999); earliest_start: 0; latest_start: 540; state: PENDING; required_workers: 2; success_prob: 0.8; max_attempts: 1
event: task_spawn; timestamp: 0; task: 12; pos: (72.2993, -29.315); earliest_start: 0; latest_start: 1080; state: PENDING; required_workers: 1; success_prob: 0.8; max_attempts: 1
event: robot_spawn; timestamp: 0; robot: 1; pos: (0, 0); state: AVAILABLE; battery_level: 100; battery_capacity: 100; velocity: 5; battery_rate_nav: 0.1
event: robot_spawn; timestamp: 0; robot: 2; pos: (0, 0); state: AVAILABLE; battery_level: 100; battery_capacity: 100; velocity: 5; battery_rate_nav: 0.1
event: robot_spawn; timestamp: 0; robot: 3; pos: (0, 0); state: AVAILABLE; battery_level: 100; battery_capacity: 100; velocity: 5; battery_rate_nav: 0.1
event: robot_spawn; timestamp: 0; robot: 4; pos: (0, 0); state: AVAILABLE; battery_level: 100; battery_capacity: 100; velocity: 5; battery_rate_nav: 0.1
event: robot_spawn; timestamp: 0; robot: 5; pos: (0, 0); state: AVAILABLE; battery_level: 100; battery_capacity: 100; velocity: 5; battery_rate_nav: 0.1
event: robot_spawn; timestamp: 0; robot: 6; pos: (0, 0); state: AVAILABLE; battery_level: 100; battery_capacity: 100; velocity: 5; battery_rate_nav: 0.1
event: battery_consumption; timestamp: 0; robot: 4; time: 6.49842; initial_level: 100; final_level: 99.3502
event: navigation; timestamp: 0; robot: 4; time: 6.49842; src: (0, 0); dst: (-1.29451, 32.4663)
event: battery_consumption; timestamp: 0; robot: 6; time: 6.49842; initial_level: 100; final_level: 99.3502
event: navigation; timestamp: 0; robot: 6; time: 6.49842; src: (0, 0); dst: (-1.29451, 32.4663)
event: battery_consumption; timestamp: 0; robot: 5; time: 7.4253; initial_level: 100; final_level: 99.2575
event: navigation; timestamp: 0; robot: 5; time: 7.4253; src: (0, 0); dst: (6.58351, -36.5381)
event: battery_consumption; timestamp: 0; robot: 2; time: 7.62341; initial_level: 100; final_level: 99.2377
event: navigation; timestamp: 0; robot: 2; time: 7.62341; src: (0, 0); dst: (-29.5006, -24.1376)
event: battery_consumption; timestamp: 0; robot: 3; time: 7.62341; initial_level: 100; final_level: 99.2377
event: navigation; timestamp: 0; robot: 3; time: 7.62341; src: (0, 0); dst: (-29.5006, -24.1376)
event: battery_consumption; timestamp: 0; robot: 1; time: 9.55357; initial_level: 100; final_level: 99.0446
event: navigation; timestamp: 0; robot: 1; time: 9.55357; src: (0, 0); dst: (-24.173, 41.1999)
event: task_execution; timestamp: 6.49842; task: 8; robot: 4; pos: (-1.29451, 32.4663); time: 0
event: battery_consumption; timestamp: 6.49842; robot: 4; time: 0; initial_level: 99.3502; final_level: 89.3502
event: task_execution; timestamp: 6.49842; task: 8; robot: 6; pos: (-1.29451, 32.4663); time: 0
event: battery_consumption; timestamp: 6.49842; robot: 6; time: 0; initial_level: 99.3502; final_level: 89.3502
event: task_resolution; timestamp: 6.49842; task: 8; pos: (-1.29451, 32.4663); status: FAILED; attempt: 1
event: battery_consumption; timestamp: 6.49842; robot: 4; time: 4.89776; initial_level: 89.3502; final_level: 88.8604
event: navigation; timestamp: 6.49842; robot: 4; time: 4.89776; src: (-1.29451, 32.4663); dst: (-24.173, 41.1999)
event: battery_consumption; timestamp: 6.49842; robot: 6; time: 11.8282; initial_level: 89.3502; final_level: 88.1673
event: navigation; timestamp: 6.49842; robot: 6; time: 11.8282; src: (-1.29451, 32.4663); dst: (56.8755, 43.1394)
event: task_execution; timestamp: 7.62341; task: 3; robot: 2; pos: (-29.5006, -24.1376); time: 0
event: battery_consumption; timestamp: 7.62341; robot: 2; time: 0; initial_level: 99.2377; final_level: 99.2377
event: task_execution; timestamp: 7.62341; task: 3; robot: 3; pos: (-29.5006, -24.1376); time: 0
event: battery_consumption; timestamp: 7.62341; robot: 3; time: 0; initial_level: 99.2377; final_level: 99.2377
event: task_resolution; timestamp: 7.62341; task: 3; pos: (-29.5006, -24.1376); status: COMPLETED; attempt: 1
event: battery_consumption; timestamp: 7.62341; robot: 3; time: 6.64876; initial_level: 99.2377; final_level: 98.5728
event: navigation; timestamp: 7.62341; robot: 3; time: 6.64876; src: (-29.5006, -24.1376); dst: (-46.7684, -52.5449)
event: battery_consumption; timestamp: 7.62341; robot: 2; time: 6.64876; initial_level: 99.2377; final_level: 98.5728
event: navigation; timestamp: 7.62341; robot: 2; time: 6.64876; src: (-29.5006, -24.1376); dst: (-46.7684, -52.5449)
event: task_execution; timestamp: 11.3962; task: 11; robot: 1; pos: (-24.173, 41.1999); time: 0
event: battery_consumption; timestamp: 11.3962; robot: 1; time: 0; initial_level: 99.0446; final_level: 89.0446
event: task_execution; timestamp: 11.3962; task: 11; robot: 4; pos: (-24.173, 41.1999); time: 0
event: battery_consumption; timestamp: 11.3962; robot: 4; time: 0; initial_level: 88.8604; final_level: 78.8604
event: task_resolution; timestamp: 11.3962; task: 11; pos: (-24.173, 41.1999); status: FAILED; attempt: 1
event: battery_consumption; timestamp: 11.3962; robot: 1; time: 16.2143; initial_level: 89.0446; final_level: 87.4232
event: navigation; timestamp: 11.3962; robot: 1; time: 16.2143; src: (-24.173, 41.1999); dst: (56.8755, 43.1394)
event: battery_consumption; timestamp: 11.3962; robot: 4; time: 19.2859; initial_level: 78.8604; final_level: 76.9318
event: navigation; timestamp: 11.3962; robot: 4; time: 19.2859; src: (-24.173, 41.1999); dst: (-46.7684, -52.5449)
event: task_execution; timestamp: 27.6105; task: 10; robot: 1; pos: (56.8755, 43.1394); time: 57.6709
event: battery_consumption; timestamp: 27.6105; robot: 1; time: 57.6709; initial_level: 87.4232; final_level: 29.7523
event: task_execution; timestamp: 27.6105; task: 10; robot: 6; pos: (56.8755, 43.1394); time: 57.6709
event: battery_consumption; timestamp: 27.6105; robot: 6; time: 57.6709; initial_level: 88.1673; final_level: 30.4964
event: task_resolution; timestamp: 85.2814; task: 10; pos: (56.8755, 43.1394); status: COMPLETED; attempt: 1
event: battery_consumption; timestamp: 85.2814; robot: 1; time: 11.8374; initial_level: 29.7523; final_level: 28.5685
event: navigation; timestamp: 85.2814; robot: 1; time: 11.8374; src: (56.8755, 43.1394); dst: (60.5478, -15.9338)
event: battery_consumption; timestamp: 85.2814; robot: 6; time: 14.8156; initial_level: 30.4964; final_level: 29.0148
event: navigation; timestamp: 85.2814; robot: 6; time: 14.8156; src: (56.8755, 43.1394); dst: (72.2993, -29.315)
event: task_execution; timestamp: 97.1189; task: 9; robot: 1; pos: (60.5478, -15.9338); time: 0
event: battery_consumption; timestamp: 97.1189; robot: 1; time: 0; initial_level: 28.5685; final_level: 18.5685
event: task_resolution; timestamp: 97.1189; task: 9; pos: (60.5478, -15.9338); status: FAILED; attempt: 1
event: battery_consumption; timestamp: 97.1189; robot: 1; time: 22.368; initial_level: 18.5685; final_level: 16.3317
event: navigation; timestamp: 97.1189; robot: 1; time: 22.368; src: (60.5478, -15.9338); dst: (-17.4248, -96.1114)
event: task_execution; timestamp: 7.4253; task: 4; robot: 5; pos: (6.58351, -36.5381); time: 99.2575
event: battery_consumption; timestamp: 7.4253; robot: 5; time: 99.2575; initial_level: 99.2575; final_level: 89.2575
event: task_resolution; timestamp: 106.683; task: 4; pos: (6.58351, -36.5381); status: FAILED; attempt: 1
event: battery_consumption; timestamp: 106.683; robot: 5; time: 12.8458; initial_level: 89.2575; final_level: 87.9729
event: navigation; timestamp: 106.683; robot: 5; time: 12.8458; src: (6.58351, -36.5381); dst: (-17.4248, -96.1114)
event: task_execution; timestamp: 30.6821; task: 5; robot: 2; pos: (-46.7684, -52.5449); time: 76.9318
event: battery_consumption; timestamp: 30.6821; robot: 2; time: 76.9318; initial_level: 98.5728; final_level: 88.5728
event: task_execution; timestamp: 30.6821; task: 5; robot: 3; pos: (-46.7684, -52.5449); time: 76.9318
event: battery_consumption; timestamp: 30.6821; robot: 3; time: 76.9318; initial_level: 98.5728; final_level: 88.5728
event: task_execution; timestamp: 30.6821; task: 5; robot: 4; pos: (-46.7684, -52.5449); time: 76.9318
event: battery_consumption; timestamp: 30.6821; robot: 4; time: 76.9318; initial_level: 76.9318; final_level: 66.9318
event: task_resolution; timestamp: 107.614; task: 5; pos: (-46.7684, -52.5449); status: FAILED; attempt: 1
event: battery_consumption; timestamp: 107.614; robot: 4; time: 5.60158; initial_level: 66.9318; final_level: 66.3716
event: navigation; timestamp: 107.614; robot: 4; time: 5.60158; src: (-46.7684, -52.5449); dst: (-70.0709, -68.0831)
event: battery_consumption; timestamp: 107.614; robot: 3; time: 5.60158; initial_level: 88.5728; final_level: 88.0126
event: navigation; timestamp: 107.614; robot: 3; time: 5.60158; src: (-46.7684, -52.5449); dst: (-70.0709, -68.0831)
event: battery_consumption; timestamp: 107.614; robot: 2; time: 5.60158; initial_level: 88.5728; final_level: 88.0126
event: navigation; timestamp: 107.614; robot: 2; time: 5.60158; src: (-46.7684, -52.5449); dst: (-70.0709, -68.0831)
event: task_execution; timestamp: 113.215; task: 1; robot: 2; pos: (-70.0709, -68.0831); time: 0
event: battery_consumption; timestamp: 113.215; robot: 2; time: 0; initial_level: 88.0126; final_level: 88.0126
event: task_execution; timestamp: 113.215; task: 1; robot: 3; pos: (-70.0709, -68.0831); time: 0
event: battery_consumption; timestamp: 113.215; robot: 3; time: 0; initial_level: 88.0126; final_level: 88.0126
event: task_execution; timestamp: 113.215; task: 1; robot: 4; pos: (-70.0709, -68.0831); time: 0
event: battery_consumption; timestamp: 113.215; robot: 4; time: 0; initial_level: 66.3716; final_level: 66.3716
event: task_resolution; timestamp: 113.215; task: 1; pos: (-70.0709, -68.0831); status: COMPLETED; attempt: 1
event: battery_consumption; timestamp: 113.215; robot: 4; time: 2.90677; initial_level: 66.3716; final_level: 66.081
event: navigation; timestamp: 113.215; robot: 4; time: 2.90677; src: (-70.0709, -68.0831); dst: (-74.758, -54.3258)
event: battery_consumption; timestamp: 113.215; robot: 3; time: 2.90677; initial_level: 88.0126; final_level: 87.7219
event: navigation; timestamp: 113.215; robot: 3; time: 2.90677; src: (-70.0709, -68.0831); dst: (-74.758, -54.3258)
event: battery_consumption; timestamp: 113.215; robot: 2; time: 6.1124; initial_level: 88.0126; final_level: 87.4014
event: navigation; timestamp: 113.215; robot: 2; time: 6.1124; src: (-70.0709, -68.0831); dst: (-87.1468, -93.4297)
event: task_execution; timestamp: 116.122; task: 7; robot: 3; pos: (-74.758, -54.3258); time: 0
event: battery_consumption; timestamp: 116.122; robot: 3; time: 0; initial_level: 87.7219; final_level: 87.7219
event: task_execution; timestamp: 116.122; task: 7; robot: 4; pos: (-74.758, -54.3258); time: 0
event: battery_consumption; timestamp: 116.122; robot: 4; time: 0; initial_level: 66.081; final_level: 66.081
event: task_resolution; timestamp: 116.122; task: 7; pos: (-74.758, -54.3258); status: COMPLETED; attempt: 1
event: battery_consumption; timestamp: 116.122; robot: 3; time: 8.2039; initial_level: 87.7219; final_level: 86.9016
event: navigation; timestamp: 116.122; robot: 3; time: 8.2039; src: (-74.758, -54.3258); dst: (-87.1468, -93.4297)
event: battery_consumption; timestamp: 116.122; robot: 4; time: 14.1889; initial_level: 66.081; final_level: 64.6621
event: navigation; timestamp: 116.122; robot: 4; time: 14.1889; src: (-74.758, -54.3258); dst: (-17.4248, -96.1114)
event: task_execution; timestamp: 124.326; task: 6; robot: 2; pos: (-87.1468, -93.4297); time: 0
event: battery_consumption; timestamp: 124.326; robot: 2; time: 0; initial_level: 87.4014; final_level: 87.4014
event: task_execution; timestamp: 124.326; task: 6; robot: 3; pos: (-87.1468, -93.4297); time: 0
event: battery_consumption; timestamp: 124.326; robot: 3; time: 0; initial_level: 86.9016; final_level: 86.9016
event: task_resolution; timestamp: 124.326; task: 6; pos: (-87.1468, -93.4297); status: COMPLETED; attempt: 1
event: battery_consumption; timestamp: 124.326; robot: 2; time: 25.5528; initial_level: 87.4014; final_level: 84.8461
event: navigation; timestamp: 124.326; robot: 2; time: 25.5528; src: (-87.1468, -93.4297); dst: (0, 0)
event: robot_finished; timestamp: 149.879; robot: 2; pos: (0, 0); battery: 84.8461
event: battery_consumption; timestamp: 124.326; robot: 3; time: 25.5528; initial_level: 86.9016; final_level: 84.3463
event: navigation; timestamp: 124.326; robot: 3; time: 25.5528; src: (-87.1468, -93.4297); dst: (0, 0)
event: robot_finished; timestamp: 149.879; robot: 3; pos: (0, 0); battery: 84.3463
event: task_execution; timestamp: 100.097; task: 12; robot: 6; pos: (72.2993, -29.315); time: 29.0148
event: battery_consumption; timestamp: 100.097; robot: 6; time: 29.0148; initial_level: 29.0148; final_level: 19.0148
event: task_resolution; timestamp: 129.112; task: 12; pos: (72.2993, -29.315); status: FAILED; attempt: 1
event: battery_consumption; timestamp: 129.112; robot: 6; time: 15.6033; initial_level: 19.0148; final_level: 17.4545
event: navigation; timestamp: 129.112; robot: 6; time: 15.6033; src: (72.2993, -29.315); dst: (0, 0)
event: robot_finished; timestamp: 144.715; robot: 6; pos: (0, 0); battery: 17.4545
event: task_execution; timestamp: 130.311; task: 2; robot: 1; pos: (-17.4248, -96.1114); time: 0
event: battery_consumption; timestamp: 130.311; robot: 1; time: 0; initial_level: 16.3317; final_level: 6.33174
event: task_execution; timestamp: 130.311; task: 2; robot: 4; pos: (-17.4248, -96.1114); time: 0
event: battery_consumption; timestamp: 130.311; robot: 4; time: 0; initial_level: 64.6621; final_level: 54.6621
event: task_execution; timestamp: 130.311; task: 2; robot: 5; pos: (-17.4248, -96.1114); time: 0
event: battery_consumption; timestamp: 130.311; robot: 5; time: 0; initial_level: 87.9729; final_level: 77.9729
event: task_resolution; timestamp: 130.311; task: 2; pos: (-17.4248, -96.1114); status: FAILED; attempt: 1
event: battery_consumption; timestamp: 130.311; robot: 4; time: 19.5356; initial_level: 54.6621; final_level: 52.7085
event: navigation; timestamp: 130.311; robot: 4; time: 19.5356; src: (-17.4248, -96.1114); dst: (0, 0)
event: robot_finished; timestamp: 149.847; robot: 4; pos: (0, 0); battery: 52.7085
event: battery_consumption; timestamp: 130.311; robot: 5; time: 19.5356; initial_level: 77.9729; final_level: 76.0193
event: navigation; timestamp: 130.311; robot: 5; time: 19.5356; src: (-17.4248, -96.1114); dst: (0, 0)
event: robot_finished; timestamp: 149.847; robot: 5; pos: (0, 0); battery: 76.0193
event: battery_consumption; timestamp: 130.311; robot: 1; time: 19.5356; initial_level: 6.33174; final_level: 4.37817
event: navigation; timestamp: 130.311; robot: 1; time: 19.5356; src: (-17.4248, -96.1114); dst: (0, 0)
event: robot_finished; timestamp: 149.847; robot: 1; pos: (0, 0); battery: 4.37817
metric: available_agents; value: 0
metric: failed_agents; value: 0
metric: finished_agents; value: 6
metric: completed_tasks; value: 5
metric: pending_tasks; value: 0
metric: failed_tasks; value: 7
metric: average_robot_makespan; value: 149.002
metric: sd_robot_makespan; value: 2.10028
metric: max_robot_makespan; value: 149.879
metric: min_robot_makespan; value: 144.715
metric: average_robot_travel_distance; value: 290.877
metric: sd_robot_travel_distance; value: 75.678
metric: max_robot_travel_distance; value: 397.545
metric: min_robot_travel_distance; value: 199.034
metric: sum_robot_travel_distance; value: 1745.26
metric: average_completed_tasks_by_robot; value: 0
metric: sd_completed_tasks_by_robot; value: 0
metric: max_completed_tasks_by_robot; value: 0
metric: min_completed_tasks_by_robot; value: 0
metric: final_reward; value: 0.416667
metric: computing_time; value: 0.00274634
