info: solver_name; value: random
info: reward_function; value: reward00
info: replica; value: 1
info: filename; value: ../logs/prueba/scenario_1E_12t_3r_random_reward00_001.log
info: scenario_name; value: scenario_1E_12t_3r
info: scenario_name; value: scenario_1E_12t_3r
info: number_of_tasks; value: 12
info: number_of_robots; value: 3
info: number_of_recharging_stations; value: 1
info: scenario_size; value: (15,15)
event: recharging_station_spawn; timestamp: 0; recharging_station: 1; pos: (0, 0)
event: task_spawn; timestamp: 0; task: 1; pos: (0, 5); earliest_start: 15; latest_start: 24.63; state: PENDING; required_workers: 1; success_prob: 1; max_attempts: 1
event: task_spawn; timestamp: 0; task: 2; pos: (0.87, 3.5); earliest_start: 13; latest_start: 24.47; state: PENDING; required_workers: 1; success_prob: 1; max_attempts: 1
event: task_spawn; timestamp: 0; task: 3; pos: (-0.87, 3.5); earliest_start: 7; latest_start: 18.32; state: PENDING; required_workers: 1; success_prob: 1; max_attempts: 1
event: task_spawn; timestamp: 0; task: 4; pos: (4, 1); earliest_start: 16; latest_start: 28.62; state: PENDING; required_workers: 1; success_prob: 1; max_attempts: 1
event: task_spawn; timestamp: 0; task: 5; pos: (4.87, -0.5); earliest_start: 11; latest_start: 16.84; state: PENDING; required_workers: 1; success_prob: 1; max_attempts: 1
event: task_spawn; timestamp: 0; task: 6; pos: (3.13, -0.5); earliest_start: 2; latest_start: 10.39; state: PENDING; required_workers: 1; success_prob: 1; max_attempts: 1
event: task_spawn; timestamp: 0; task: 7; pos: (0, -3); earliest_start: 13; latest_start: 19.06; state: PENDING; required_workers: 1; success_prob: 1; max_attempts: 1
event: task_spawn; timestamp: 0; task: 8; pos: (0.87, -4.5); earliest_start: 0; latest_start: 12.98; state: PENDING; required_workers: 1; success_prob: 1; max_attempts: 1
event: task_spawn; timestamp: 0; task: 9; pos: (-0.87, -4.5); earliest_start: 10; latest_start: 18.83; state: PENDING; required_workers: 1; success_prob: 1; max_attempts: 1
event: task_spawn; timestamp: 0; task: 10; pos: (-4, 1); earliest_start: 18; latest_start: 28.3; state: PENDING; required_workers: 1; success_prob: 1; max_attempts: 1
event: task_spawn; timestamp: 0; task: 11; pos: (-3.13, -0.5); earliest_start: 20; latest_start: 27.24; state: PENDING; required_workers: 1; success_prob: 1; max_attempts: 1
event: task_spawn; timestamp: 0; task: 12; pos: (-4.87, -0.5); earliest_start: 13; latest_start: 24.31; state: PENDING; required_workers: 1; success_prob: 1; max_attempts: 1
event: robot_spawn; timestamp: 0; robot: 1; pos: (0, 0); state: AVAILABLE; battery_level: 100; battery_capacity: 100; velocity: 1; battery_rate_nav: 1
event: robot_spawn; timestamp: 0; robot: 2; pos: (0, 0); state: AVAILABLE; battery_level: 100; battery_capacity: 100; velocity: 1; battery_rate_nav: 1
event: robot_spawn; timestamp: 0; robot: 3; pos: (0, 0); state: AVAILABLE; battery_level: 100; battery_capacity: 100; velocity: 1; battery_rate_nav: 1
event: battery_consumption; timestamp: 0; robot: 2; time: 4.12311; initial_level: 100; final_level: 95.8769
event: navigation; timestamp: 0; robot: 2; time: 4.12311; src: (0, 0); dst: (-4, 1)
event: battery_consumption; timestamp: 0; robot: 3; time: 5; initial_level: 100; final_level: 95
event: navigation; timestamp: 0; robot: 3; time: 5; src: (0, 0); dst: (0, 5)
event: battery_consumption; timestamp: 0; robot: 1; time: 4.8956; initial_level: 100; final_level: 95.1044
event: navigation; timestamp: 0; robot: 1; time: 4.8956; src: (0, 0); dst: (4.87, -0.5)
event: task_execution; timestamp: 11; task: 5; robot: 1; pos: (4.87, -0.5); time: 10
event: battery_consumption; timestamp: 11; robot: 1; time: 10; initial_level: 95.1044; final_level: 85.1044
event: task_resolution; timestamp: 21; task: 5; pos: (4.87, -0.5); status: COMPLETED; attempt: 1
event: battery_consumption; timestamp: 21; robot: 1; time: 5.65685; initial_level: 85.1044; final_level: 79.4475
event: navigation; timestamp: 21; robot: 1; time: 5.65685; src: (4.87, -0.5); dst: (0.87, 3.5)
event: task_execution; timestamp: 15; task: 1; robot: 3; pos: (0, 5); time: 10
event: battery_consumption; timestamp: 15; robot: 3; time: 10; initial_level: 95; final_level: 85
event: task_resolution; timestamp: 25; task: 1; pos: (0, 5); status: COMPLETED; attempt: 1
event: battery_consumption; timestamp: 25; robot: 3; time: 6.32826; initial_level: 85; final_level: 78.6717
event: navigation; timestamp: 25; robot: 3; time: 6.32826; src: (0, 5); dst: (-3.13, -0.5)
event: task_execution; timestamp: 18; task: 10; robot: 2; pos: (-4, 1); time: 10
event: battery_consumption; timestamp: 18; robot: 2; time: 10; initial_level: 95.8769; final_level: 85.8769
event: task_resolution; timestamp: 28; task: 10; pos: (-4, 1); status: COMPLETED; attempt: 1
event: battery_consumption; timestamp: 28; robot: 2; time: 8; initial_level: 85.8769; final_level: 77.8769
event: navigation; timestamp: 28; robot: 2; time: 8; src: (-4, 1); dst: (4, 1)
event: task_execution; timestamp: 26.6569; task: 2; robot: 1; pos: (0.87, 3.5); time: 10
event: battery_consumption; timestamp: 26.6569; robot: 1; time: 10; initial_level: 79.4475; final_level: 69.4475
event: task_resolution; timestamp: 36.6569; task: 2; pos: (0.87, 3.5); status: COMPLETED; attempt: 1
event: battery_consumption; timestamp: 36.6569; robot: 1; time: 3.60651; initial_level: 69.4475; final_level: 65.841
event: navigation; timestamp: 36.6569; robot: 1; time: 3.60651; src: (0.87, 3.5); dst: (0, 0)
event: robot_finished; timestamp: 40.2634; robot: 1; pos: (0, 0); battery: 65.841
event: task_execution; timestamp: 31.3283; task: 11; robot: 3; pos: (-3.13, -0.5); time: 10
event: battery_consumption; timestamp: 31.3283; robot: 3; time: 10; initial_level: 78.6717; final_level: 68.6717
event: task_resolution; timestamp: 41.3283; task: 11; pos: (-3.13, -0.5); status: COMPLETED; attempt: 1
event: battery_consumption; timestamp: 41.3283; robot: 3; time: 3.16968; initial_level: 68.6717; final_level: 65.5021
event: navigation; timestamp: 41.3283; robot: 3; time: 3.16968; src: (-3.13, -0.5); dst: (0, 0)
event: robot_finished; timestamp: 44.4979; robot: 3; pos: (0, 0); battery: 65.5021
event: task_execution; timestamp: 36; task: 4; robot: 2; pos: (4, 1); time: 10
event: battery_consumption; timestamp: 36; robot: 2; time: 10; initial_level: 77.8769; final_level: 67.8769
event: task_resolution; timestamp: 46; task: 4; pos: (4, 1); status: COMPLETED; attempt: 1
event: battery_consumption; timestamp: 46; robot: 2; time: 4.12311; initial_level: 67.8769; final_level: 63.7538
event: navigation; timestamp: 46; robot: 2; time: 4.12311; src: (4, 1); dst: (0, 0)
event: robot_finished; timestamp: 50.1231; robot: 2; pos: (0, 0); battery: 63.7538
metric: available_agents; value: 0
metric: failed_agents; value: 0
metric: finished_agents; value: 3
metric: completed_tasks; value: 6
metric: pending_tasks; value: 0
metric: failed_tasks; value: 6
metric: average_robot_makespan; value: 44.9615
metric: sd_robot_makespan; value: 4.94619
metric: max_robot_makespan; value: 50.1231
metric: min_robot_makespan; value: 40.2634
metric: average_robot_travel_distance; value: 14.9677
metric: sd_robot_travel_distance; value: 1.12012
metric: max_robot_travel_distance; value: 16.2462
metric: min_robot_travel_distance; value: 14.159
metric: sum_robot_travel_distance; value: 44.9031
metric: average_completed_tasks_by_robot; value: 0
metric: sd_completed_tasks_by_robot; value: 0
metric: max_completed_tasks_by_robot; value: 0
metric: min_completed_tasks_by_robot; value: 0
metric: final_reward; value: 0.5
metric: computing_time; value: 0.000336459
