info: solver_name; value: random
info: reward_function; value: reward00
info: replica; value: 1
info: filename; value: ../logs/prueba/scenario_15t_03_4r_random_reward00_001.log
info: scenario_name; value: scenario_15t_03_4r
info: scenario_name; value: scenario_15t_03_4r
info: number_of_tasks; value: 15
info: number_of_robots; value: 4
info: number_of_recharging_stations; value: 1
info: scenario_size; value: (200,200)
event: recharging_station_spawn; timestamp: 0; recharging_station: 1; pos: (0, 0)
event: task_spawn; timestamp: 0; task: 1; pos: (15, -68); earliest_start: 0; latest_start: 540; state: PENDING; required_workers: 2; success_prob: 0.7; max_attempts: 1
event: task_spawn; timestamp: 0; task: 2; pos: (-70, -11); earliest_start: 0; latest_start: 450; state: PENDING; required_workers: 3; success_prob: 0.7; max_attempts: 1
event: task_spawn; timestamp: 0; task: 3; pos: (-56, -71); earliest_start: 0; latest_start: 720; state: PENDING; required_workers: 3; success_prob: 0.9; max_attempts: 1
event: task_spawn; timestamp: 0; task: 4; pos: (60, 65); earliest_start: 0; latest_start: 720; state: PENDING; required_workers: 2; success_prob: 0.9; max_attempts: 1
event: task_spawn; timestamp: 0; task: 5; pos: (49, -14); earliest_start: 0; latest_start: 540; state: PENDING; required_workers: 1; success_prob: 0.7; max_attempts: 1
event: task_spawn; timestamp: 0; task: 6; pos: (-74, 51); earliest_start: 0; latest_start: 360; state: PENDING; required_workers: 3; success_prob: 0.9; max_attempts: 1
event: task_spawn; timestamp: 0; task: 7; pos: (-96, 64); earliest_start: 0; latest_start: 450; state: PENDING; required_workers: 1; success_prob: 0.7; max_attempts: 1
event: task_spawn; timestamp: 0; task: 8; pos: (-98, -34); earliest_start: 0; latest_start: 1080; state: PENDING; required_workers: 3; success_prob: 0.6; max_attempts: 1
event: task_spawn; timestamp: 0; task: 9; pos: (-80, 86); earliest_start: 0; latest_start: 360; state: PENDING; required_workers: 1; success_prob: 0.6; max_attempts: 1
event: task_spawn; timestamp: 0; task: 10; pos: (-21, 75); earliest_start: 0; latest_start: 720; state: PENDING; required_workers: 3; success_prob: 0.6; max_attempts: 1
event: task_spawn; timestamp: 0; task: 11; pos: (87, 95); earliest_start: 0; latest_start: 810; state: PENDING; required_workers: 2; success_prob: 0.8; max_attempts: 1
event: task_spawn; timestamp: 0; task: 12; pos: (69, -26); earliest_start: 0; latest_start: 900; state: PENDING; required_workers: 1; success_prob: 0.5; max_attempts: 1
event: task_spawn; timestamp: 0; task: 13; pos: (-19, -66); earliest_start: 0; latest_start: 450; state: PENDING; required_workers: 3; success_prob: 0.6; max_attempts: 1
event: task_spawn; timestamp: 0; task: 14; pos: (-99, 16); earliest_start: 0; latest_start: 270; state: PENDING; required_workers: 3; success_prob: 0.7; max_attempts: 1
event: task_spawn; timestamp: 0; task: 15; pos: (32, -82); earliest_start: 0; latest_start: 450; state: PENDING; required_workers: 1; success_prob: 0.8; max_attempts: 1
event: robot_spawn; timestamp: 0; robot: 1; pos: (0, 0); state: AVAILABLE; battery_level: 100; battery_capacity: 100; velocity: 5; battery_rate_nav: 0.1
event: robot_spawn; timestamp: 0; robot: 2; pos: (0, 0); state: AVAILABLE; battery_level: 100; battery_capacity: 100; velocity: 5; battery_rate_nav: 0.1
event: robot_spawn; timestamp: 0; robot: 3; pos: (0, 0); state: AVAILABLE; battery_level: 100; battery_capacity: 100; velocity: 5; battery_rate_nav: 0.1
event: robot_spawn; timestamp: 0; robot: 4; pos: (0, 0); state: AVAILABLE; battery_level: 100; battery_capacity: 100; velocity: 5; battery_rate_nav: 0.1
event: battery_consumption; timestamp: 0; robot: 3; time: 18.0854; initial_level: 100; final_level: 98.1915
event: navigation; timestamp: 0; robot: 3; time: 18.0854; src: (0, 0); dst: (-56, -71)
event: battery_consumption; timestamp: 0; robot: 2; time: 23.4913; initial_level: 100; final_level: 97.6509
event: navigation; timestamp: 0; robot: 2; time: 23.4913; src: (0, 0); dst: (-80, 86)
event: battery_consumption; timestamp: 0; robot: 4; time: 25.7635; initial_level: 100; final_level: 97.4236
event: navigation; timestamp: 0; robot: 4; time: 25.7635; src: (0, 0); dst: (87, 95)
event: battery_consumption; timestamp: 0; robot: 1; time: 17.6045; initial_level: 100; final_level: 98.2395
event: navigation; timestamp: 0; robot: 1; time: 17.6045; src: (0, 0); dst: (32, -82)
event: task_execution; timestamp: 17.6045; task: 15; robot: 1; pos: (32, -82); time: 0
event: battery_consumption; timestamp: 17.6045; robot: 1; time: 0; initial_level: 98.2395; final_level: 98.2395
event: task_resolution; timestamp: 17.6045; task: 15; pos: (32, -82); status: COMPLETED; attempt: 1
event: battery_consumption; timestamp: 17.6045; robot: 1; time: 38.833; initial_level: 98.2395; final_level: 94.3562
event: navigation; timestamp: 17.6045; robot: 1; time: 38.833; src: (32, -82); dst: (-96, 64)
event: task_execution; timestamp: 23.4913; task: 9; robot: 2; pos: (-80, 86); time: 0
event: battery_consumption; timestamp: 23.4913; robot: 2; time: 0; initial_level: 97.6509; final_level: 97.6509
event: task_resolution; timestamp: 23.4913; task: 9; pos: (-80, 86); status: COMPLETED; attempt: 1
event: battery_consumption; timestamp: 23.4913; robot: 2; time: 28.3132; initial_level: 97.6509; final_level: 94.8195
event: navigation; timestamp: 23.4913; robot: 2; time: 28.3132; src: (-80, 86); dst: (60, 65)
event: task_execution; timestamp: 56.4375; task: 7; robot: 1; pos: (-96, 64); time: 0
event: battery_consumption; timestamp: 56.4375; robot: 1; time: 0; initial_level: 94.3562; final_level: 84.3562
event: task_resolution; timestamp: 56.4375; task: 7; pos: (-96, 64); status: FAILED; attempt: 1
event: battery_consumption; timestamp: 56.4375; robot: 1; time: 28.1603; initial_level: 84.3562; final_level: 81.5402
event: navigation; timestamp: 56.4375; robot: 1; time: 28.1603; src: (-96, 64); dst: (-56, -71)
event: battery_consumption; timestamp: 720; robot: 3; time: 11.1946; initial_level: 98.1915; final_level: 97.072
event: navigation; timestamp: 720; robot: 3; time: 11.1946; src: (-56, -71); dst: (-98, -34)
event: battery_consumption; timestamp: 720; robot: 2; time: 37.2907; initial_level: 94.8195; final_level: 91.0905
event: navigation; timestamp: 720; robot: 2; time: 37.2907; src: (60, 65); dst: (-98, -34)
event: battery_consumption; timestamp: 720; robot: 1; time: 11.1946; initial_level: 81.5402; final_level: 80.4208
event: navigation; timestamp: 720; robot: 1; time: 11.1946; src: (-56, -71); dst: (-98, -34)
event: task_execution; timestamp: 757.291; task: 8; robot: 1; pos: (-98, -34); time: 0
event: battery_consumption; timestamp: 757.291; robot: 1; time: 0; initial_level: 80.4208; final_level: 80.4208
event: task_execution; timestamp: 757.291; task: 8; robot: 2; pos: (-98, -34); time: 0
event: battery_consumption; timestamp: 757.291; robot: 2; time: 0; initial_level: 91.0905; final_level: 91.0905
event: task_execution; timestamp: 757.291; task: 8; robot: 3; pos: (-98, -34); time: 0
event: battery_consumption; timestamp: 757.291; robot: 3; time: 0; initial_level: 97.072; final_level: 97.072
event: task_resolution; timestamp: 757.291; task: 8; pos: (-98, -34); status: COMPLETED; attempt: 1
event: battery_consumption; timestamp: 757.291; robot: 1; time: 45.107; initial_level: 80.4208; final_level: 75.9101
event: navigation; timestamp: 757.291; robot: 1; time: 45.107; src: (-98, -34); dst: (87, 95)
event: battery_consumption; timestamp: 757.291; robot: 2; time: 33.4383; initial_level: 91.0905; final_level: 87.7466
event: navigation; timestamp: 757.291; robot: 2; time: 33.4383; src: (-98, -34); dst: (69, -26)
event: battery_consumption; timestamp: 757.291; robot: 3; time: 20.7461; initial_level: 97.072; final_level: 94.9974
event: navigation; timestamp: 757.291; robot: 3; time: 20.7461; src: (-98, -34); dst: (0, 0)
event: robot_finished; timestamp: 778.037; robot: 3; pos: (0, 0); battery: 94.9974
event: task_execution; timestamp: 790.729; task: 12; robot: 2; pos: (69, -26); time: 0
event: battery_consumption; timestamp: 790.729; robot: 2; time: 0; initial_level: 87.7466; final_level: 87.7466
event: task_resolution; timestamp: 790.729; task: 12; pos: (69, -26); status: COMPLETED; attempt: 1
event: battery_consumption; timestamp: 790.729; robot: 2; time: 14.7472; initial_level: 87.7466; final_level: 86.2719
event: navigation; timestamp: 790.729; robot: 2; time: 14.7472; src: (69, -26); dst: (0, 0)
event: robot_finished; timestamp: 805.476; robot: 2; pos: (0, 0); battery: 86.2719
event: task_execution; timestamp: 802.398; task: 11; robot: 1; pos: (87, 95); time: 0
event: battery_consumption; timestamp: 802.398; robot: 1; time: 0; initial_level: 75.9101; final_level: 75.9101
event: task_execution; timestamp: 802.398; task: 11; robot: 4; pos: (87, 95); time: 0
event: battery_consumption; timestamp: 802.398; robot: 4; time: 0; initial_level: 97.4236; final_level: 97.4236
event: task_resolution; timestamp: 802.398; task: 11; pos: (87, 95); status: COMPLETED; attempt: 1
event: battery_consumption; timestamp: 802.398; robot: 1; time: 25.7635; initial_level: 75.9101; final_level: 73.3337
event: navigation; timestamp: 802.398; robot: 1; time: 25.7635; src: (87, 95); dst: (0, 0)
event: robot_finished; timestamp: 828.161; robot: 1; pos: (0, 0); battery: 73.3337
event: battery_consumption; timestamp: 802.398; robot: 4; time: 25.7635; initial_level: 97.4236; final_level: 94.8473
event: navigation; timestamp: 802.398; robot: 4; time: 25.7635; src: (87, 95); dst: (0, 0)
event: robot_finished; timestamp: 828.161; robot: 4; pos: (0, 0); battery: 94.8473
metric: available_agents; value: 0
metric: failed_agents; value: 0
metric: finished_agents; value: 4
metric: completed_tasks; value: 5
metric: pending_tasks; value: 0
metric: failed_tasks; value: 10
metric: average_robot_makespan; value: 809.959
metric: sd_robot_makespan; value: 23.8171
metric: max_robot_makespan; value: 828.161
metric: min_robot_makespan; value: 778.037
metric: average_robot_travel_distance; value: 506.871
metric: sd_robot_travel_distance; value: 298.235
metric: max_robot_travel_distance; value: 833.315
metric: min_robot_travel_distance; value: 250.13
metric: sum_robot_travel_distance; value: 2027.48
metric: average_completed_tasks_by_robot; value: 0
metric: sd_completed_tasks_by_robot; value: 0
metric: max_completed_tasks_by_robot; value: 0
metric: min_completed_tasks_by_robot; value: 0
metric: final_reward; value: 0.333333
metric: computing_time; value: 0.00060362
