info: solver_name; value: random
info: reward_function; value: reward00
info: replica; value: 1
info: filename; value: ../logs/prueba/scenario_12_06_01_random_reward00_001.log
info: scenario_name; value: scenario_12_06_01
info: scenario_name; value: scenario_12_06_01
info: number_of_tasks; value: 12
info: number_of_robots; value: 6
info: number_of_recharging_stations; value: 1
info: scenario_size; value: (200,200)
event: recharging_station_spawn; timestamp: 0; recharging_station: 1; pos: (0, 0)
event: task_spawn; timestamp: 0; task: 1; pos: (-70.0709, -68.0831); earliest_start: 0; latest_start: 1080; state: PENDING; required_workers: 3; success_prob: 0.8; max_attempts: 1
event: task_spawn; timestamp: 0; task: 2; pos: (-17.4248, -96.1114); earliest_start: 0; latest_start: 810; state: PENDING; required_workers: 3; success_prob: 0.8; max_attempts: 1
event: task_spawn; timestamp: 0; task: 3; pos: (-29.5006, -24.1376); earliest_start: 0; latest_start: 1080; state: PENDING; required_workers: 2; success_prob: 0.8; max_attempts: 1
event: task_spawn; timestamp: 0; task: 4; pos: (6.58351, -36.5381); earliest_start: 0; latest_start: 540; state: PENDING; required_workers: 1; success_prob: 0.8; max_attempts: 1
event: task_spawn; timestamp: 0; task: 5; pos: (-46.7684, -52.5449); earliest_start: 0; latest_start: 540; state: PENDING; required_workers: 3; success_prob: 0.8; max_attempts: 1
event: task_spawn; timestamp: 0; task: 6; pos: (-87.1468, -93.4297); earliest_start: 0; latest_start: 810; state: PENDING; required_workers: 2; success_prob: 0.8; max_attempts: 1
event: task_spawn; timestamp: 0; task: 7; pos: (-74.758, -54.3258); earliest_start: 0; latest_start: 540; state: PENDING; required_workers: 2; success_prob: 0.8; max_attempts: 1
event: task_spawn; timestamp: 0; task: 8; pos: (-1.29451, 32.4663); earliest_start: 0; latest_start: 540; state: PENDING; required_workers: 2; success_prob: 0.8; max_attempts: 1
event: task_spawn; timestamp: 0; task: 9; pos: (60.5478, -15.9338); earliest_start: 0; latest_start: 1080; state: PENDING; required_workers: 1; success_prob: 0.8; max_attempts: 1
event: task_spawn; timestamp: 0; task: 10; pos: (56.8755, 43.1394); earliest_start: 0; latest_start: 810; state: PENDING; required_workers: 2; success_prob: 0.8; max_attempts: 1
event: task_spawn; timestamp: 0; task: 11; pos: (-24.173, 41.1999); earliest_start: 0; latest_start: 540; state: PENDING; required_workers: 2; success_prob: 0.8; max_attempts: 1
event: task_spawn; timestamp: 0; task: 12; pos: (72.2993, -29.315); earliest_start: 0; latest_start: 1080; state: PENDING; required_workers: 1; success_prob: 0.8; max_attempts: 1
event: robot_spawn; timestamp: 0; robot: 1; pos: (0, 0); state: AVAILABLE; battery_level: 100; battery_capacity: 100; velocity: 5; battery_rate_nav: 0.1
event: robot_spawn; timestamp: 0; robot: 2; pos: (0, 0); state: AVAILABLE; battery_level: 100; battery_capacity: 100; velocity: 5; battery_rate_nav: 0.1
event: robot_spawn; timestamp: 0; robot: 3; pos: (0, 0); state: AVAILABLE; battery_level: 100; battery_capacity: 100; velocity: 5; battery_rate_nav: 0.1
event: robot_spawn; timestamp: 0; robot: 4; pos: (0, 0); state: AVAILABLE; battery_level: 100; battery_capacity: 100; velocity: 5; battery_rate_nav: 0.1
event: robot_spawn; timestamp: 0; robot: 5; pos: (0, 0); state: AVAILABLE; battery_level: 100; battery_capacity: 100; velocity: 5; battery_rate_nav: 0.1
event: robot_spawn; timestamp: 0; robot: 6; pos: (0, 0); state: AVAILABLE; battery_level: 100; battery_capacity: 100; velocity: 5; battery_rate_nav: 0.1
event: battery_consumption; timestamp: 0; robot: 5; time: 19.5399; initial_level: 100; final_level: 98.046
event: navigation; timestamp: 0; robot: 5; time: 19.5399; src: (0, 0); dst: (-70.0709, -68.0831)
event: battery_consumption; timestamp: 0; robot: 4; time: 18.4825; initial_level: 100; final_level: 98.1518
event: navigation; timestamp: 0; robot: 4; time: 18.4825; src: (0, 0); dst: (-74.758, -54.3258)
event: battery_consumption; timestamp: 0; robot: 3; time: 7.62341; initial_level: 100; final_level: 99.2377
event: navigation; timestamp: 0; robot: 3; time: 7.62341; src: (0, 0); dst: (-29.5006, -24.1376)
event: battery_consumption; timestamp: 0; robot: 6; time: 15.6033; initial_level: 100; final_level: 98.4397
event: navigation; timestamp: 0; robot: 6; time: 15.6033; src: (0, 0); dst: (72.2993, -29.315)
event: battery_consumption; timestamp: 0; robot: 1; time: 9.55357; initial_level: 100; final_level: 99.0446
event: navigation; timestamp: 0; robot: 1; time: 9.55357; src: (0, 0); dst: (-24.173, 41.1999)
event: battery_consumption; timestamp: 0; robot: 2; time: 14.0688; initial_level: 100; final_level: 98.5931
event: navigation; timestamp: 0; robot: 2; time: 14.0688; src: (0, 0); dst: (-46.7684, -52.5449)
event: task_execution; timestamp: 15.6033; task: 12; robot: 6; pos: (72.2993, -29.315); time: 0
event: battery_consumption; timestamp: 15.6033; robot: 6; time: 0; initial_level: 98.4397; final_level: 98.4397
event: task_resolution; timestamp: 15.6033; task: 12; pos: (72.2993, -29.315); status: COMPLETED; attempt: 1
event: battery_consumption; timestamp: 15.6033; robot: 6; time: 14.8156; initial_level: 98.4397; final_level: 96.9581
event: navigation; timestamp: 15.6033; robot: 6; time: 14.8156; src: (72.2993, -29.315); dst: (56.8755, 43.1394)
event: battery_consumption; timestamp: 540; robot: 1; time: 20.4371; initial_level: 99.0446; final_level: 97.0009
event: navigation; timestamp: 540; robot: 1; time: 20.4371; src: (-24.173, 41.1999); dst: (60.5478, -15.9338)
event: battery_consumption; timestamp: 540; robot: 4; time: 14.1889; initial_level: 98.1518; final_level: 96.7329
event: navigation; timestamp: 540; robot: 4; time: 14.1889; src: (-74.758, -54.3258); dst: (-17.4248, -96.1114)
event: battery_consumption; timestamp: 540; robot: 2; time: 10.5054; initial_level: 98.5931; final_level: 97.5426
event: navigation; timestamp: 540; robot: 2; time: 10.5054; src: (-46.7684, -52.5449); dst: (-17.4248, -96.1114)
event: task_execution; timestamp: 560.437; task: 9; robot: 1; pos: (60.5478, -15.9338); time: 0
event: battery_consumption; timestamp: 560.437; robot: 1; time: 0; initial_level: 97.0009; final_level: 97.0009
event: task_resolution; timestamp: 560.437; task: 9; pos: (60.5478, -15.9338); status: FAILED; attempt: 1
event: battery_consumption; timestamp: 560.437; robot: 1; time: 28.1288; initial_level: 97.0009; final_level: 94.188
event: navigation; timestamp: 560.437; robot: 1; time: 28.1288; src: (60.5478, -15.9338); dst: (-70.0709, -68.0831)
event: battery_consumption; timestamp: 810; robot: 4; time: 14.596; initial_level: 96.7329; final_level: 95.2733
event: navigation; timestamp: 810; robot: 4; time: 14.596; src: (-17.4248, -96.1114); dst: (-29.5006, -24.1376)
event: battery_consumption; timestamp: 810; robot: 6; time: 33.7555; initial_level: 96.9581; final_level: 93.5826
event: navigation; timestamp: 810; robot: 6; time: 33.7555; src: (56.8755, 43.1394); dst: (-70.0709, -68.0831)
event: battery_consumption; timestamp: 810; robot: 2; time: 19.5356; initial_level: 97.5426; final_level: 95.589
event: navigation; timestamp: 810; robot: 2; time: 19.5356; src: (-17.4248, -96.1114); dst: (0, 0)
event: robot_finished; timestamp: 829.536; robot: 2; pos: (0, 0); battery: 95.589
event: task_execution; timestamp: 824.596; task: 3; robot: 3; pos: (-29.5006, -24.1376); time: 0
event: task_execution; timestamp: 824.596; task: 3; robot: 4; pos: (-29.5006, -24.1376); time: 0
event: battery_consumption; timestamp: 824.596; robot: 3; time: 0; initial_level: 99.2377; final_level: 99.2377
event: battery_consumption; timestamp: 824.596; robot: 4; time: 0; initial_level: 95.2733; final_level: 95.2733
event: task_resolution; timestamp: 824.596; task: 3; pos: (-29.5006, -24.1376); status: COMPLETED; attempt: 1
event: battery_consumption; timestamp: 824.596; robot: 3; time: 7.62341; initial_level: 99.2377; final_level: 98.4753
event: navigation; timestamp: 824.596; robot: 3; time: 7.62341; src: (-29.5006, -24.1376); dst: (0, 0)
event: robot_finished; timestamp: 832.219; robot: 3; pos: (0, 0); battery: 98.4753
event: battery_consumption; timestamp: 824.596; robot: 4; time: 7.62341; initial_level: 95.2733; final_level: 94.5109
event: navigation; timestamp: 824.596; robot: 4; time: 7.62341; src: (-29.5006, -24.1376); dst: (0, 0)
event: robot_finished; timestamp: 832.219; robot: 4; pos: (0, 0); battery: 94.5109
event: task_execution; timestamp: 843.755; task: 1; robot: 1; pos: (-70.0709, -68.0831); time: 0
event: task_execution; timestamp: 843.755; task: 1; robot: 5; pos: (-70.0709, -68.0831); time: 0
event: task_execution; timestamp: 843.755; task: 1; robot: 6; pos: (-70.0709, -68.0831); time: 0
event: battery_consumption; timestamp: 843.755; robot: 1; time: 0; initial_level: 94.188; final_level: 94.188
event: battery_consumption; timestamp: 843.755; robot: 5; time: 0; initial_level: 98.046; final_level: 98.046
event: battery_consumption; timestamp: 843.755; robot: 6; time: 0; initial_level: 93.5826; final_level: 93.5826
event: task_resolution; timestamp: 843.755; task: 1; pos: (-70.0709, -68.0831); status: FAILED; attempt: 1
event: battery_consumption; timestamp: 843.755; robot: 1; time: 19.5399; initial_level: 94.188; final_level: 92.2341
event: navigation; timestamp: 843.755; robot: 1; time: 19.5399; src: (-70.0709, -68.0831); dst: (0, 0)
event: robot_finished; timestamp: 863.295; robot: 1; pos: (0, 0); battery: 92.2341
event: battery_consumption; timestamp: 843.755; robot: 6; time: 19.5399; initial_level: 93.5826; final_level: 91.6286
event: navigation; timestamp: 843.755; robot: 6; time: 19.5399; src: (-70.0709, -68.0831); dst: (0, 0)
event: robot_finished; timestamp: 863.295; robot: 6; pos: (0, 0); battery: 91.6286
event: battery_consumption; timestamp: 843.755; robot: 5; time: 19.5399; initial_level: 98.046; final_level: 96.092
event: navigation; timestamp: 843.755; robot: 5; time: 19.5399; src: (-70.0709, -68.0831); dst: (0, 0)
event: robot_finished; timestamp: 863.295; robot: 5; pos: (0, 0); battery: 96.092
metric: available_agents; value: 0
metric: failed_agents; value: 0
metric: finished_agents; value: 6
metric: completed_tasks; value: 2
metric: pending_tasks; value: 0
metric: failed_tasks; value: 10
metric: average_robot_makespan; value: 847.31
metric: sd_robot_makespan; value: 17.5384
metric: max_robot_makespan; value: 863.295
metric: min_robot_makespan; value: 829.536
metric: average_robot_travel_distance; value: 262.251
metric: sd_robot_travel_distance; value: 127.501
metric: max_robot_travel_distance; value: 418.571
metric: min_robot_travel_distance; value: 76.2341
metric: sum_robot_travel_distance; value: 1573.51
metric: average_completed_tasks_by_robot; value: 0
metric: sd_completed_tasks_by_robot; value: 0
metric: max_completed_tasks_by_robot; value: 0
metric: min_completed_tasks_by_robot; value: 0
metric: final_reward; value: 0.166667
metric: computing_time; value: 0.00192307
