info: solver_name; value: random
info: reward_function; value: reward00
info: replica; value: 23
info: filename; value: ../logs/prueba/scenario_12_06_01_random_reward00_023.log
info: scenario_name; value: scenario_12_06_01
info: scenario_name; value: scenario_12_06_01
info: number_of_tasks; value: 12
info: number_of_robots; value: 6
info: number_of_recharging_stations; value: 1
info: scenario_size; value: (200,200)
event: recharging_station_spawn; timestamp: 0; recharging_station: 1; pos: (0, 0)
event: task_spawn; timestamp: 0; task: 1; pos: (-70.0709, -68.0831); earliest_start: 0; latest_start: 1080; state: PENDING; required_workers: 3; success_prob: 0.8; max_attempts: 1
event: task_spawn; timestamp: 0; task: 2; pos: (-17.4248, -96.1114); earliest_start: 0; latest_start: 810; state: PENDING; required_workers: 3; success_prob: 0.8; max_attempts: 1
event: task_spawn; timestamp: 0; task: 3; pos: (-29.5006, -24.1376); earliest_start: 0; latest_start: 1080; state: PENDING; required_workers: 2; success_prob: 0.8; max_attempts: 1
event: task_spawn; timestamp: 0; task: 4; pos: (6.58351, -36.5381); earliest_start: 0; latest_start: 540; state: PENDING; required_workers: 1; success_prob: 0.8; max_attempts: 1
event: task_spawn; timestamp: 0; task: 5; pos: (-46.7684, -52.5449); earliest_start: 0; latest_start: 540; state: PENDING; required_workers: 3; success_prob: 0.8; max_attempts: 1
event: task_spawn; timestamp: 0; task: 6; pos: (-87.1468, -93.4297); earliest_start: 0; latest_start: 810; state: PENDING; required_workers: 2; success_prob: 0.8; max_attempts: 1
event: task_spawn; timestamp: 0; task: 7; pos: (-74.758, -54.3258); earliest_start: 0; latest_start: 540; state: PENDING; required_workers: 2; success_prob: 0.8; max_attempts: 1
event: task_spawn; timestamp: 0; task: 8; pos: (-1.29451, 32.4663); earliest_start: 0; latest_start: 540; state: PENDING; required_workers: 2; success_prob: 0.8; max_attempts: 1
event: task_spawn; timestamp: 0; task: 9; pos: (60.5478, -15.9338); earliest_start: 0; latest_start: 1080; state: PENDING; required_workers: 1; success_prob: 0.8; max_attempts: 1
event: task_spawn; timestamp: 0; task: 10; pos: (56.8755, 43.1394); earliest_start: 0; latest_start: 810; state: PENDING; required_workers: 2; success_prob: 0.8; max_attempts: 1
event: task_spawn; timestamp: 0; task: 11; pos: (-24.173, 41.1999); earliest_start: 0; latest_start: 540; state: PENDING; required_workers: 2; success_prob: 0.8; max_attempts: 1
event: task_spawn; timestamp: 0; task: 12; pos: (72.2993, -29.315); earliest_start: 0; latest_start: 1080; state: PENDING; required_workers: 1; success_prob: 0.8; max_attempts: 1
event: robot_spawn; timestamp: 0; robot: 1; pos: (0, 0); state: AVAILABLE; battery_level: 100; battery_capacity: 100; velocity: 5; battery_rate_nav: 0.1
event: robot_spawn; timestamp: 0; robot: 2; pos: (0, 0); state: AVAILABLE; battery_level: 100; battery_capacity: 100; velocity: 5; battery_rate_nav: 0.1
event: robot_spawn; timestamp: 0; robot: 3; pos: (0, 0); state: AVAILABLE; battery_level: 100; battery_capacity: 100; velocity: 5; battery_rate_nav: 0.1
event: robot_spawn; timestamp: 0; robot: 4; pos: (0, 0); state: AVAILABLE; battery_level: 100; battery_capacity: 100; velocity: 5; battery_rate_nav: 0.1
event: robot_spawn; timestamp: 0; robot: 5; pos: (0, 0); state: AVAILABLE; battery_level: 100; battery_capacity: 100; velocity: 5; battery_rate_nav: 0.1
event: robot_spawn; timestamp: 0; robot: 6; pos: (0, 0); state: AVAILABLE; battery_level: 100; battery_capacity: 100; velocity: 5; battery_rate_nav: 0.1
event: battery_consumption; timestamp: 0; robot: 3; time: 7.62341; initial_level: 100; final_level: 99.2377
event: navigation; timestamp: 0; robot: 3; time: 7.62341; src: (0, 0); dst: (-29.5006, -24.1376)
event: battery_consumption; timestamp: 0; robot: 4; time: 9.55357; initial_level: 100; final_level: 99.0446
event: navigation; timestamp: 0; robot: 4; time: 9.55357; src: (0, 0); dst: (-24.173, 41.1999)
event: battery_consumption; timestamp: 0; robot: 5; time: 14.0688; initial_level: 100; final_level: 98.5931
event: navigation; timestamp: 0; robot: 5; time: 14.0688; src: (0, 0); dst: (-46.7684, -52.5449)
event: battery_consumption; timestamp: 0; robot: 2; time: 7.4253; initial_level: 100; final_level: 99.2575
event: navigation; timestamp: 0; robot: 2; time: 7.4253; src: (0, 0); dst: (6.58351, -36.5381)
event: battery_consumption; timestamp: 0; robot: 6; time: 9.55357; initial_level: 100; final_level: 99.0446
event: navigation; timestamp: 0; robot: 6; time: 9.55357; src: (0, 0); dst: (-24.173, 41.1999)
event: battery_consumption; timestamp: 0; robot: 1; time: 19.5356; initial_level: 100; final_level: 98.0464
event: navigation; timestamp: 0; robot: 1; time: 19.5356; src: (0, 0); dst: (-17.4248, -96.1114)
event: task_execution; timestamp: 7.4253; task: 4; robot: 2; pos: (6.58351, -36.5381); time: 0
event: battery_consumption; timestamp: 7.4253; robot: 2; time: 0; initial_level: 99.2575; final_level: 99.2575
event: task_resolution; timestamp: 7.4253; task: 4; pos: (6.58351, -36.5381); status: COMPLETED; attempt: 1
event: battery_consumption; timestamp: 7.4253; robot: 2; time: 16.6527; initial_level: 99.2575; final_level: 97.5922
event: navigation; timestamp: 7.4253; robot: 2; time: 16.6527; src: (6.58351, -36.5381); dst: (-74.758, -54.3258)
event: task_execution; timestamp: 9.55357; task: 11; robot: 4; pos: (-24.173, 41.1999); time: 34.8463
event: battery_consumption; timestamp: 9.55357; robot: 4; time: 34.8463; initial_level: 99.0446; final_level: 64.1983
event: task_execution; timestamp: 9.55357; task: 11; robot: 6; pos: (-24.173, 41.1999); time: 34.8463
event: battery_consumption; timestamp: 9.55357; robot: 6; time: 34.8463; initial_level: 99.0446; final_level: 64.1983
event: task_resolution; timestamp: 44.3999; task: 11; pos: (-24.173, 41.1999); status: COMPLETED; attempt: 1
event: battery_consumption; timestamp: 44.3999; robot: 6; time: 21.6185; initial_level: 64.1983; final_level: 62.0365
event: navigation; timestamp: 44.3999; robot: 6; time: 21.6185; src: (-24.173, 41.1999); dst: (-74.758, -54.3258)
event: battery_consumption; timestamp: 44.3999; robot: 4; time: 29.726; initial_level: 64.1983; final_level: 61.2257
event: navigation; timestamp: 44.3999; robot: 4; time: 29.726; src: (-24.173, 41.1999); dst: (-87.1468, -93.4297)
event: task_execution; timestamp: 66.0184; task: 7; robot: 2; pos: (-74.758, -54.3258); time: 0
event: battery_consumption; timestamp: 66.0184; robot: 2; time: 0; initial_level: 97.5922; final_level: 87.5922
event: task_execution; timestamp: 66.0184; task: 7; robot: 6; pos: (-74.758, -54.3258); time: 0
event: battery_consumption; timestamp: 66.0184; robot: 6; time: 0; initial_level: 62.0365; final_level: 52.0365
event: task_resolution; timestamp: 66.0184; task: 7; pos: (-74.758, -54.3258); status: FAILED; attempt: 1
event: battery_consumption; timestamp: 66.0184; robot: 6; time: 10.8804; initial_level: 52.0365; final_level: 50.9484
event: navigation; timestamp: 66.0184; robot: 6; time: 10.8804; src: (-74.758, -54.3258); dst: (-29.5006, -24.1376)
event: battery_consumption; timestamp: 66.0184; robot: 2; time: 8.2039; initial_level: 87.5922; final_level: 86.7718
event: navigation; timestamp: 66.0184; robot: 2; time: 8.2039; src: (-74.758, -54.3258); dst: (-87.1468, -93.4297)
event: task_execution; timestamp: 76.8988; task: 3; robot: 3; pos: (-29.5006, -24.1376); time: 0
event: battery_consumption; timestamp: 76.8988; robot: 3; time: 0; initial_level: 99.2377; final_level: 99.2377
event: task_execution; timestamp: 76.8988; task: 3; robot: 6; pos: (-29.5006, -24.1376); time: 0
event: battery_consumption; timestamp: 76.8988; robot: 6; time: 0; initial_level: 50.9484; final_level: 50.9484
event: task_resolution; timestamp: 76.8988; task: 3; pos: (-29.5006, -24.1376); status: COMPLETED; attempt: 1
event: battery_consumption; timestamp: 76.8988; robot: 6; time: 20.3863; initial_level: 50.9484; final_level: 48.9098
event: navigation; timestamp: 76.8988; robot: 6; time: 20.3863; src: (-29.5006, -24.1376); dst: (72.2993, -29.315)
event: battery_consumption; timestamp: 76.8988; robot: 3; time: 12.6485; initial_level: 99.2377; final_level: 97.9728
event: navigation; timestamp: 76.8988; robot: 3; time: 12.6485; src: (-29.5006, -24.1376); dst: (-1.29451, 32.4663)
event: task_execution; timestamp: 74.2223; task: 6; robot: 2; pos: (-87.1468, -93.4297); time: 39.5159
event: battery_consumption; timestamp: 74.2223; robot: 2; time: 39.5159; initial_level: 86.7718; final_level: 47.256
event: task_execution; timestamp: 74.2223; task: 6; robot: 4; pos: (-87.1468, -93.4297); time: 39.5159
event: battery_consumption; timestamp: 74.2223; robot: 4; time: 39.5159; initial_level: 61.2257; final_level: 21.7099
event: task_resolution; timestamp: 113.738; task: 6; pos: (-87.1468, -93.4297); status: COMPLETED; attempt: 1
event: battery_consumption; timestamp: 113.738; robot: 4; time: 33.3582; initial_level: 21.7099; final_level: 18.374
event: navigation; timestamp: 113.738; robot: 4; time: 33.3582; src: (-87.1468, -93.4297); dst: (60.5478, -15.9338)
event: battery_consumption; timestamp: 113.738; robot: 2; time: 6.1124; initial_level: 47.256; final_level: 46.6447
event: navigation; timestamp: 113.738; robot: 2; time: 6.1124; src: (-87.1468, -93.4297); dst: (-70.0709, -68.0831)
event: task_execution; timestamp: 97.2851; task: 12; robot: 6; pos: (72.2993, -29.315); time: 48.9098
event: battery_consumption; timestamp: 97.2851; robot: 6; time: 48.9098; initial_level: 48.9098; final_level: 38.9098
event: task_resolution; timestamp: 146.195; task: 12; pos: (72.2993, -29.315); status: FAILED; attempt: 1
event: battery_consumption; timestamp: 146.195; robot: 6; time: 19.2177; initial_level: 38.9098; final_level: 36.988
event: navigation; timestamp: 146.195; robot: 6; time: 19.2177; src: (72.2993, -29.315); dst: (-1.29451, 32.4663)
event: task_execution; timestamp: 147.096; task: 9; robot: 4; pos: (60.5478, -15.9338); time: 0
event: battery_consumption; timestamp: 147.096; robot: 4; time: 0; initial_level: 18.374; final_level: 18.374
event: task_resolution; timestamp: 147.096; task: 9; pos: (60.5478, -15.9338); status: COMPLETED; attempt: 1
event: battery_consumption; timestamp: 147.096; robot: 4; time: 11.8374; initial_level: 18.374; final_level: 17.1903
event: navigation; timestamp: 147.096; robot: 4; time: 11.8374; src: (60.5478, -15.9338); dst: (56.8755, 43.1394)
event: task_execution; timestamp: 165.413; task: 8; robot: 3; pos: (-1.29451, 32.4663); time: 0
event: battery_consumption; timestamp: 165.413; robot: 3; time: 0; initial_level: 97.9728; final_level: 87.9728
event: task_execution; timestamp: 165.413; task: 8; robot: 6; pos: (-1.29451, 32.4663); time: 0
event: battery_consumption; timestamp: 165.413; robot: 6; time: 0; initial_level: 36.988; final_level: 26.988
event: task_resolution; timestamp: 165.413; task: 8; pos: (-1.29451, 32.4663); status: FAILED; attempt: 1
event: battery_consumption; timestamp: 165.413; robot: 3; time: 24.3642; initial_level: 87.9728; final_level: 85.5364
event: navigation; timestamp: 165.413; robot: 3; time: 24.3642; src: (-1.29451, 32.4663); dst: (-70.0709, -68.0831)
event: battery_consumption; timestamp: 165.413; robot: 6; time: 19.2819; initial_level: 26.988; final_level: 25.0598
event: navigation; timestamp: 165.413; robot: 6; time: 19.2819; src: (-1.29451, 32.4663); dst: (-46.7684, -52.5449)
event: battery_consumption; timestamp: 540; robot: 5; time: 28.2117; initial_level: 98.5931; final_level: 95.772
event: navigation; timestamp: 540; robot: 5; time: 28.2117; src: (-46.7684, -52.5449); dst: (56.8755, 43.1394)
event: battery_consumption; timestamp: 540; robot: 6; time: 5.60158; initial_level: 25.0598; final_level: 24.4997
event: navigation; timestamp: 540; robot: 6; time: 5.60158; src: (-46.7684, -52.5449); dst: (-70.0709, -68.0831)
event: task_execution; timestamp: 568.212; task: 10; robot: 4; pos: (56.8755, 43.1394); time: 0
event: battery_consumption; timestamp: 568.212; robot: 4; time: 0; initial_level: 17.1903; final_level: 17.1903
event: task_execution; timestamp: 568.212; task: 10; robot: 5; pos: (56.8755, 43.1394); time: 0
event: battery_consumption; timestamp: 568.212; robot: 5; time: 0; initial_level: 95.772; final_level: 95.772
event: task_resolution; timestamp: 568.212; task: 10; pos: (56.8755, 43.1394); status: COMPLETED; attempt: 1
event: battery_consumption; timestamp: 568.212; robot: 5; time: 31.5666; initial_level: 95.772; final_level: 92.6153
event: navigation; timestamp: 568.212; robot: 5; time: 31.5666; src: (56.8755, 43.1394); dst: (-17.4248, -96.1114)
event: battery_consumption; timestamp: 568.212; robot: 4; time: 31.5666; initial_level: 17.1903; final_level: 14.0336
event: navigation; timestamp: 568.212; robot: 4; time: 31.5666; src: (56.8755, 43.1394); dst: (-17.4248, -96.1114)
event: task_execution; timestamp: 545.602; task: 1; robot: 2; pos: (-70.0709, -68.0831); time: 24.4997
event: battery_consumption; timestamp: 545.602; robot: 2; time: 24.4997; initial_level: 46.6447; final_level: 36.6447
event: task_execution; timestamp: 545.602; task: 1; robot: 3; pos: (-70.0709, -68.0831); time: 24.4997
event: battery_consumption; timestamp: 545.602; robot: 3; time: 24.4997; initial_level: 85.5364; final_level: 75.5364
event: task_execution; timestamp: 545.602; task: 1; robot: 6; pos: (-70.0709, -68.0831); time: 24.4997
event: battery_consumption; timestamp: 545.602; robot: 6; time: 24.4997; initial_level: 24.4997; final_level: 14.4997
event: task_resolution; timestamp: 570.101; task: 1; pos: (-70.0709, -68.0831); status: FAILED; attempt: 1
event: battery_consumption; timestamp: 570.101; robot: 2; time: 19.5399; initial_level: 36.6447; final_level: 34.6907
event: navigation; timestamp: 570.101; robot: 2; time: 19.5399; src: (-70.0709, -68.0831); dst: (0, 0)
event: robot_finished; timestamp: 589.641; robot: 2; pos: (0, 0); battery: 34.6907
event: battery_consumption; timestamp: 570.101; robot: 6; time: 19.5399; initial_level: 14.4997; final_level: 12.5457
event: navigation; timestamp: 570.101; robot: 6; time: 19.5399; src: (-70.0709, -68.0831); dst: (0, 0)
event: robot_finished; timestamp: 589.641; robot: 6; pos: (0, 0); battery: 12.5457
event: battery_consumption; timestamp: 570.101; robot: 3; time: 19.5399; initial_level: 75.5364; final_level: 73.5824
event: navigation; timestamp: 570.101; robot: 3; time: 19.5399; src: (-70.0709, -68.0831); dst: (0, 0)
event: robot_finished; timestamp: 589.641; robot: 3; pos: (0, 0); battery: 73.5824
event: task_execution; timestamp: 599.778; task: 2; robot: 1; pos: (-17.4248, -96.1114); time: 0
event: battery_consumption; timestamp: 599.778; robot: 1; time: 0; initial_level: 98.0464; final_level: 98.0464
event: task_execution; timestamp: 599.778; task: 2; robot: 4; pos: (-17.4248, -96.1114); time: 0
event: battery_consumption; timestamp: 599.778; robot: 4; time: 0; initial_level: 14.0336; final_level: 14.0336
event: task_execution; timestamp: 599.778; task: 2; robot: 5; pos: (-17.4248, -96.1114); time: 0
event: battery_consumption; timestamp: 599.778; robot: 5; time: 0; initial_level: 92.6153; final_level: 92.6153
event: task_resolution; timestamp: 599.778; task: 2; pos: (-17.4248, -96.1114); status: COMPLETED; attempt: 1
event: battery_consumption; timestamp: 599.778; robot: 5; time: 19.5356; initial_level: 92.6153; final_level: 90.6617
event: navigation; timestamp: 599.778; robot: 5; time: 19.5356; src: (-17.4248, -96.1114); dst: (0, 0)
event: robot_finished; timestamp: 619.314; robot: 5; pos: (0, 0); battery: 90.6617
event: battery_consumption; timestamp: 599.778; robot: 4; time: 19.5356; initial_level: 14.0336; final_level: 12.0801
event: navigation; timestamp: 599.778; robot: 4; time: 19.5356; src: (-17.4248, -96.1114); dst: (0, 0)
event: robot_finished; timestamp: 619.314; robot: 4; pos: (0, 0); battery: 12.0801
event: battery_consumption; timestamp: 599.778; robot: 1; time: 19.5356; initial_level: 98.0464; final_level: 96.0929
event: navigation; timestamp: 599.778; robot: 1; time: 19.5356; src: (-17.4248, -96.1114); dst: (0, 0)
event: robot_finished; timestamp: 619.314; robot: 1; pos: (0, 0); battery: 96.0929
metric: available_agents; value: 0
metric: failed_agents; value: 0
metric: finished_agents; value: 6
metric: completed_tasks; value: 7
metric: pending_tasks; value: 0
metric: failed_tasks; value: 5
metric: average_robot_makespan; value: 604.478
metric: sd_robot_makespan; value: 16.2525
metric: max_robot_makespan; value: 619.314
metric: min_robot_makespan; value: 589.641
metric: average_robot_travel_distance; value: 430.185
metric: sd_robot_travel_distance; value: 194.745
metric: max_robot_travel_distance; value: 677.887
metric: min_robot_travel_distance; value: 195.356
metric: sum_robot_travel_distance; value: 2581.11
metric: average_completed_tasks_by_robot; value: 0
metric: sd_completed_tasks_by_robot; value: 0
metric: max_completed_tasks_by_robot; value: 0
metric: min_completed_tasks_by_robot; value: 0
metric: final_reward; value: 0.583333
metric: computing_time; value: 0.0441052
