info: solver_name; value: greedy
info: reward_function; value: reward00
info: replica; value: 1
info: filename; value: ../logs/prueba/scenario_10t_03_4r_greedy_reward00_001.log
info: scenario_name; value: scenario_10t_03_4r
info: scenario_name; value: scenario_10t_03_4r
info: number_of_tasks; value: 10
info: number_of_robots; value: 4
info: number_of_recharging_stations; value: 1
info: scenario_size; value: (200,200)
event: recharging_station_spawn; timestamp: 0; recharging_station: 1; pos: (0, 0)
event: task_spawn; timestamp: 0; task: 1; pos: (-37, -22); earliest_start: 0; latest_start: 1080; state: PENDING; required_workers: 3; success_prob: 0.5; max_attempts: 1
event: task_spawn; timestamp: 0; task: 2; pos: (50, -94); earliest_start: 0; latest_start: 810; state: PENDING; required_workers: 1; success_prob: 0.6; max_attempts: 1
event: task_spawn; timestamp: 0; task: 3; pos: (29, 46); earliest_start: 0; latest_start: 450; state: PENDING; required_workers: 1; success_prob: 0.8; max_attempts: 1
event: task_spawn; timestamp: 0; task: 4; pos: (4, 75); earliest_start: 0; latest_start: 720; state: PENDING; required_workers: 1; success_prob: 0.6; max_attempts: 1
event: task_spawn; timestamp: 0; task: 5; pos: (-92, -48); earliest_start: 0; latest_start: 720; state: PENDING; required_workers: 1; success_prob: 0.8; max_attempts: 1
event: task_spawn; timestamp: 0; task: 6; pos: (-48, -48); earliest_start: 0; latest_start: 810; state: PENDING; required_workers: 1; success_prob: 0.9; max_attempts: 1
event: task_spawn; timestamp: 0; task: 7; pos: (-46, -64); earliest_start: 0; latest_start: 900; state: PENDING; required_workers: 1; success_prob: 0.8; max_attempts: 1
event: task_spawn; timestamp: 0; task: 8; pos: (61, 13); earliest_start: 0; latest_start: 1080; state: PENDING; required_workers: 3; success_prob: 0.6; max_attempts: 1
event: task_spawn; timestamp: 0; task: 9; pos: (46, 95); earliest_start: 0; latest_start: 810; state: PENDING; required_workers: 3; success_prob: 0.6; max_attempts: 1
event: task_spawn; timestamp: 0; task: 10; pos: (-62, -34); earliest_start: 0; latest_start: 1080; state: PENDING; required_workers: 2; success_prob: 0.6; max_attempts: 1
event: robot_spawn; timestamp: 0; robot: 1; pos: (0, 0); state: AVAILABLE; battery_level: 100; battery_capacity: 100; velocity: 5; battery_rate_nav: 0.1
event: robot_spawn; timestamp: 0; robot: 2; pos: (0, 0); state: AVAILABLE; battery_level: 100; battery_capacity: 100; velocity: 5; battery_rate_nav: 0.1
event: robot_spawn; timestamp: 0; robot: 3; pos: (0, 0); state: AVAILABLE; battery_level: 100; battery_capacity: 100; velocity: 5; battery_rate_nav: 0.1
event: robot_spawn; timestamp: 0; robot: 4; pos: (0, 0); state: AVAILABLE; battery_level: 100; battery_capacity: 100; velocity: 5; battery_rate_nav: 0.1
event: battery_consumption; timestamp: 0; robot: 3; time: 8.6093; initial_level: 100; final_level: 99.1391
event: navigation; timestamp: 0; robot: 3; time: 8.6093; src: (0, 0); dst: (-37, -22)
event: battery_consumption; timestamp: 0; robot: 4; time: 8.6093; initial_level: 100; final_level: 99.1391
event: navigation; timestamp: 0; robot: 4; time: 8.6093; src: (0, 0); dst: (-37, -22)
event: battery_consumption; timestamp: 0; robot: 1; time: 8.6093; initial_level: 100; final_level: 99.1391
event: navigation; timestamp: 0; robot: 1; time: 8.6093; src: (0, 0); dst: (-37, -22)
event: battery_consumption; timestamp: 0; robot: 2; time: 10.8757; initial_level: 100; final_level: 98.9124
event: navigation; timestamp: 0; robot: 2; time: 10.8757; src: (0, 0); dst: (29, 46)
event: task_execution; timestamp: 8.6093; task: 1; robot: 1; pos: (-37, -22); time: 0
event: battery_consumption; timestamp: 8.6093; robot: 1; time: 0; initial_level: 99.1391; final_level: 89.1391
event: task_execution; timestamp: 8.6093; task: 1; robot: 3; pos: (-37, -22); time: 0
event: battery_consumption; timestamp: 8.6093; robot: 3; time: 0; initial_level: 99.1391; final_level: 89.1391
event: task_execution; timestamp: 8.6093; task: 1; robot: 4; pos: (-37, -22); time: 0
event: battery_consumption; timestamp: 8.6093; robot: 4; time: 0; initial_level: 99.1391; final_level: 89.1391
event: task_resolution; timestamp: 8.6093; task: 1; pos: (-37, -22); status: FAILED; attempt: 1
event: battery_consumption; timestamp: 8.6093; robot: 1; time: 5.54617; initial_level: 89.1391; final_level: 88.5845
event: navigation; timestamp: 8.6093; robot: 1; time: 5.54617; src: (-37, -22); dst: (-62, -34)
event: battery_consumption; timestamp: 8.6093; robot: 4; time: 5.54617; initial_level: 89.1391; final_level: 88.5845
event: navigation; timestamp: 8.6093; robot: 4; time: 5.54617; src: (-37, -22); dst: (-62, -34)
event: battery_consumption; timestamp: 8.6093; robot: 3; time: 5.64624; initial_level: 89.1391; final_level: 88.5744
event: navigation; timestamp: 8.6093; robot: 3; time: 5.64624; src: (-37, -22); dst: (-48, -48)
event: task_execution; timestamp: 10.8757; task: 3; robot: 2; pos: (29, 46); time: 0
event: battery_consumption; timestamp: 10.8757; robot: 2; time: 0; initial_level: 98.9124; final_level: 98.9124
event: task_resolution; timestamp: 10.8757; task: 3; pos: (29, 46); status: COMPLETED; attempt: 1
event: battery_consumption; timestamp: 10.8757; robot: 2; time: 7.65768; initial_level: 98.9124; final_level: 98.1467
event: navigation; timestamp: 10.8757; robot: 2; time: 7.65768; src: (29, 46); dst: (4, 75)
event: task_execution; timestamp: 14.1555; task: 10; robot: 1; pos: (-62, -34); time: 0
event: battery_consumption; timestamp: 14.1555; robot: 1; time: 0; initial_level: 88.5845; final_level: 88.5845
event: task_execution; timestamp: 14.1555; task: 10; robot: 4; pos: (-62, -34); time: 0
event: battery_consumption; timestamp: 14.1555; robot: 4; time: 0; initial_level: 88.5845; final_level: 88.5845
event: task_resolution; timestamp: 14.1555; task: 10; pos: (-62, -34); status: COMPLETED; attempt: 1
event: battery_consumption; timestamp: 14.1555; robot: 4; time: 6.62118; initial_level: 88.5845; final_level: 87.9223
event: navigation; timestamp: 14.1555; robot: 4; time: 6.62118; src: (-62, -34); dst: (-92, -48)
event: battery_consumption; timestamp: 14.1555; robot: 1; time: 6.8; initial_level: 88.5845; final_level: 87.9045
event: navigation; timestamp: 14.1555; robot: 1; time: 6.8; src: (-62, -34); dst: (-46, -64)
event: task_execution; timestamp: 18.5333; task: 4; robot: 2; pos: (4, 75); time: 0
event: battery_consumption; timestamp: 18.5333; robot: 2; time: 0; initial_level: 98.1467; final_level: 98.1467
event: task_resolution; timestamp: 18.5333; task: 4; pos: (4, 75); status: COMPLETED; attempt: 1
event: battery_consumption; timestamp: 18.5333; robot: 2; time: 9.30376; initial_level: 98.1467; final_level: 97.2163
event: navigation; timestamp: 18.5333; robot: 2; time: 9.30376; src: (4, 75); dst: (46, 95)
event: task_execution; timestamp: 20.9555; task: 7; robot: 1; pos: (-46, -64); time: 0
event: battery_consumption; timestamp: 20.9555; robot: 1; time: 0; initial_level: 87.9045; final_level: 87.9045
event: task_resolution; timestamp: 20.9555; task: 7; pos: (-46, -64); status: COMPLETED; attempt: 1
event: battery_consumption; timestamp: 20.9555; robot: 1; time: 20.1157; initial_level: 87.9045; final_level: 85.8929
event: navigation; timestamp: 20.9555; robot: 1; time: 20.1157; src: (-46, -64); dst: (50, -94)
event: task_execution; timestamp: 41.0711; task: 2; robot: 1; pos: (50, -94); time: 0
event: battery_consumption; timestamp: 41.0711; robot: 1; time: 0; initial_level: 85.8929; final_level: 75.8929
event: task_resolution; timestamp: 41.0711; task: 2; pos: (50, -94); status: FAILED; attempt: 1
event: battery_consumption; timestamp: 41.0711; robot: 1; time: 21.5128; initial_level: 75.8929; final_level: 73.7416
event: navigation; timestamp: 41.0711; robot: 1; time: 21.5128; src: (50, -94); dst: (61, 13)
event: task_execution; timestamp: 14.2555; task: 6; robot: 3; pos: (-48, -48); time: 42.0613
event: battery_consumption; timestamp: 14.2555; robot: 3; time: 42.0613; initial_level: 88.5744; final_level: 46.5131
event: task_resolution; timestamp: 56.3168; task: 6; pos: (-48, -48); status: COMPLETED; attempt: 1
event: battery_consumption; timestamp: 56.3168; robot: 3; time: 24.9816; initial_level: 46.5131; final_level: 44.015
event: navigation; timestamp: 56.3168; robot: 3; time: 24.9816; src: (-48, -48); dst: (61, 13)
event: task_execution; timestamp: 20.7766; task: 5; robot: 4; pos: (-92, -48); time: 87.9223
event: battery_consumption; timestamp: 20.7766; robot: 4; time: 87.9223; initial_level: 87.9223; final_level: 77.9223
event: task_resolution; timestamp: 108.699; task: 5; pos: (-92, -48); status: FAILED; attempt: 1
event: battery_consumption; timestamp: 108.699; robot: 4; time: 32.9424; initial_level: 77.9223; final_level: 74.6281
event: navigation; timestamp: 108.699; robot: 4; time: 32.9424; src: (-92, -48); dst: (61, 13)
event: task_execution; timestamp: 141.641; task: 8; robot: 1; pos: (61, 13); time: 0
event: battery_consumption; timestamp: 141.641; robot: 1; time: 0; initial_level: 73.7416; final_level: 63.7416
event: task_execution; timestamp: 141.641; task: 8; robot: 3; pos: (61, 13); time: 0
event: battery_consumption; timestamp: 141.641; robot: 3; time: 0; initial_level: 44.015; final_level: 34.015
event: task_execution; timestamp: 141.641; task: 8; robot: 4; pos: (61, 13); time: 0
event: battery_consumption; timestamp: 141.641; robot: 4; time: 0; initial_level: 74.6281; final_level: 64.6281
event: task_resolution; timestamp: 141.641; task: 8; pos: (61, 13); status: FAILED; attempt: 1
event: battery_consumption; timestamp: 141.641; robot: 4; time: 16.6721; initial_level: 64.6281; final_level: 62.9609
event: navigation; timestamp: 141.641; robot: 4; time: 16.6721; src: (61, 13); dst: (46, 95)
event: battery_consumption; timestamp: 141.641; robot: 1; time: 16.6721; initial_level: 63.7416; final_level: 62.0744
event: navigation; timestamp: 141.641; robot: 1; time: 16.6721; src: (61, 13); dst: (46, 95)
event: battery_consumption; timestamp: 141.641; robot: 3; time: 12.474; initial_level: 34.015; final_level: 32.7676
event: navigation; timestamp: 141.641; robot: 3; time: 12.474; src: (61, 13); dst: (0, 0)
event: robot_finished; timestamp: 154.115; robot: 3; pos: (0, 0); battery: 32.7676
event: task_execution; timestamp: 158.313; task: 9; robot: 1; pos: (46, 95); time: 0
event: battery_consumption; timestamp: 158.313; robot: 1; time: 0; initial_level: 62.0744; final_level: 62.0744
event: task_execution; timestamp: 158.313; task: 9; robot: 2; pos: (46, 95); time: 0
event: battery_consumption; timestamp: 158.313; robot: 2; time: 0; initial_level: 97.2163; final_level: 97.2163
event: task_execution; timestamp: 158.313; task: 9; robot: 4; pos: (46, 95); time: 0
event: battery_consumption; timestamp: 158.313; robot: 4; time: 0; initial_level: 62.9609; final_level: 62.9609
event: task_resolution; timestamp: 158.313; task: 9; pos: (46, 95); status: COMPLETED; attempt: 1
event: battery_consumption; timestamp: 158.313; robot: 4; time: 21.1102; initial_level: 62.9609; final_level: 60.8499
event: navigation; timestamp: 158.313; robot: 4; time: 21.1102; src: (46, 95); dst: (0, 0)
event: robot_finished; timestamp: 179.424; robot: 4; pos: (0, 0); battery: 60.8499
event: battery_consumption; timestamp: 158.313; robot: 1; time: 21.1102; initial_level: 62.0744; final_level: 59.9634
event: navigation; timestamp: 158.313; robot: 1; time: 21.1102; src: (46, 95); dst: (0, 0)
event: robot_finished; timestamp: 179.424; robot: 1; pos: (0, 0); battery: 59.9634
event: battery_consumption; timestamp: 158.313; robot: 2; time: 21.1102; initial_level: 97.2163; final_level: 95.1053
event: navigation; timestamp: 158.313; robot: 2; time: 21.1102; src: (46, 95); dst: (0, 0)
event: robot_finished; timestamp: 179.424; robot: 2; pos: (0, 0); battery: 95.1053
metric: available_agents; value: 0
metric: failed_agents; value: 0
metric: finished_agents; value: 4
metric: completed_tasks; value: 6
metric: pending_tasks; value: 0
metric: failed_tasks; value: 4
metric: average_robot_makespan; value: 173.097
metric: sd_robot_makespan; value: 12.6542
metric: max_robot_makespan; value: 179.424
metric: min_robot_makespan; value: 154.115
metric: average_robot_travel_distance; value: 365.657
metric: sd_robot_travel_distance; value: 133.007
metric: max_robot_travel_distance; value: 501.831
metric: min_robot_travel_distance; value: 244.736
metric: sum_robot_travel_distance; value: 1462.63
metric: average_completed_tasks_by_robot; value: 0
metric: sd_completed_tasks_by_robot; value: 0
metric: max_completed_tasks_by_robot; value: 0
metric: min_completed_tasks_by_robot; value: 0
metric: final_reward; value: 0.6
metric: computing_time; value: 0.00081555
