info: solver_name; value: cbba
info: reward_function; value: reward00
info: replica; value: 4
info: filename; value: ../logs/prueba/scenario_12_06_01_cbba_reward00_004.log
info: scenario_name; value: scenario_12_06_01
info: scenario_name; value: scenario_12_06_01
info: number_of_tasks; value: 12
info: number_of_robots; value: 6
info: number_of_recharging_stations; value: 1
info: scenario_size; value: (200,200)
event: recharging_station_spawn; timestamp: 0; recharging_station: 1; pos: (0, 0)
event: task_spawn; timestamp: 0; task: 1; pos: (-70.0709, -68.0831); earliest_start: 0; latest_start: 1080; state: PENDING; required_workers: 3; success_prob: 0.8; max_attempts: 1
event: task_spawn; timestamp: 0; task: 2; pos: (-17.4248, -96.1114); earliest_start: 0; latest_start: 810; state: PENDING; required_workers: 3; success_prob: 0.8; max_attempts: 1
event: task_spawn; timestamp: 0; task: 3; pos: (-29.5006, -24.1376); earliest_start: 0; latest_start: 1080; state: PENDING; required_workers: 2; success_prob: 0.8; max_attempts: 1
event: task_spawn; timestamp: 0; task: 4; pos: (6.58351, -36.5381); earliest_start: 0; latest_start: 540; state: PENDING; required_workers: 1; success_prob: 0.8; max_attempts: 1
event: task_spawn; timestamp: 0; task: 5; pos: (-46.7684, -52.5449); earliest_start: 0; latest_start: 540; state: PENDING; required_workers: 3; success_prob: 0.8; max_attempts: 1
event: task_spawn; timestamp: 0; task: 6; pos: (-87.1468, -93.4297); earliest_start: 0; latest_start: 810; state: PENDING; required_workers: 2; success_prob: 0.8; max_attempts: 1
event: task_spawn; timestamp: 0; task: 7; pos: (-74.758, -54.3258); earliest_start: 0; latest_start: 540; state: PENDING; required_workers: 2; success_prob: 0.8; max_attempts: 1
event: task_spawn; timestamp: 0; task: 8; pos: (-1.29451, 32.4663); earliest_start: 0; latest_start: 540; state: PENDING; required_workers: 2; success_prob: 0.8; max_attempts: 1
event: task_spawn; timestamp: 0; task: 9; pos: (60.5478, -15.9338); earliest_start: 0; latest_start: 1080; state: PENDING; required_workers: 1; success_prob: 0.8; max_attempts: 1
event: task_spawn; timestamp: 0; task: 10; pos: (56.8755, 43.1394); earliest_start: 0; latest_start: 810; state: PENDING; required_workers: 2; success_prob: 0.8; max_attempts: 1
event: task_spawn; timestamp: 0; task: 11; pos: (-24.173, 41.1999); earliest_start: 0; latest_start: 540; state: PENDING; required_workers: 2; success_prob: 0.8; max_attempts: 1
event: task_spawn; timestamp: 0; task: 12; pos: (72.2993, -29.315); earliest_start: 0; latest_start: 1080; state: PENDING; required_workers: 1; success_prob: 0.8; max_attempts: 1
event: robot_spawn; timestamp: 0; robot: 1; pos: (0, 0); state: AVAILABLE; battery_level: 100; battery_capacity: 100; velocity: 5; battery_rate_nav: 0.1
event: robot_spawn; timestamp: 0; robot: 2; pos: (0, 0); state: AVAILABLE; battery_level: 100; battery_capacity: 100; velocity: 5; battery_rate_nav: 0.1
event: robot_spawn; timestamp: 0; robot: 3; pos: (0, 0); state: AVAILABLE; battery_level: 100; battery_capacity: 100; velocity: 5; battery_rate_nav: 0.1
event: robot_spawn; timestamp: 0; robot: 4; pos: (0, 0); state: AVAILABLE; battery_level: 100; battery_capacity: 100; velocity: 5; battery_rate_nav: 0.1
event: robot_spawn; timestamp: 0; robot: 5; pos: (0, 0); state: AVAILABLE; battery_level: 100; battery_capacity: 100; velocity: 5; battery_rate_nav: 0.1
event: robot_spawn; timestamp: 0; robot: 6; pos: (0, 0); state: AVAILABLE; battery_level: 100; battery_capacity: 100; velocity: 5; battery_rate_nav: 0.1
event: battery_consumption; timestamp: 0; robot: 5; time: 6.49842; initial_level: 100; final_level: 99.3502
event: navigation; timestamp: 0; robot: 5; time: 6.49842; src: (0, 0); dst: (-1.29451, 32.4663)
event: battery_consumption; timestamp: 0; robot: 6; time: 6.49842; initial_level: 100; final_level: 99.3502
event: navigation; timestamp: 0; robot: 6; time: 6.49842; src: (0, 0); dst: (-1.29451, 32.4663)
event: battery_consumption; timestamp: 0; robot: 1; time: 7.4253; initial_level: 100; final_level: 99.2575
event: navigation; timestamp: 0; robot: 1; time: 7.4253; src: (0, 0); dst: (6.58351, -36.5381)
event: battery_consumption; timestamp: 0; robot: 3; time: 7.62341; initial_level: 100; final_level: 99.2377
event: navigation; timestamp: 0; robot: 3; time: 7.62341; src: (0, 0); dst: (-29.5006, -24.1376)
event: battery_consumption; timestamp: 0; robot: 2; time: 7.62341; initial_level: 100; final_level: 99.2377
event: navigation; timestamp: 0; robot: 2; time: 7.62341; src: (0, 0); dst: (-29.5006, -24.1376)
event: battery_consumption; timestamp: 0; robot: 4; time: 9.55357; initial_level: 100; final_level: 99.0446
event: navigation; timestamp: 0; robot: 4; time: 9.55357; src: (0, 0); dst: (-24.173, 41.1999)
event: task_execution; timestamp: 6.49842; task: 8; robot: 5; pos: (-1.29451, 32.4663); time: 99.3502
event: battery_consumption; timestamp: 6.49842; robot: 5; time: 99.3502; initial_level: 99.3502; final_level: 89.3502
event: task_execution; timestamp: 6.49842; task: 8; robot: 6; pos: (-1.29451, 32.4663); time: 99.3502
event: battery_consumption; timestamp: 6.49842; robot: 6; time: 99.3502; initial_level: 99.3502; final_level: 89.3502
event: task_resolution; timestamp: 105.849; task: 8; pos: (-1.29451, 32.4663); status: FAILED; attempt: 1
event: battery_consumption; timestamp: 105.849; robot: 5; time: 4.89776; initial_level: 89.3502; final_level: 88.8604
event: navigation; timestamp: 105.849; robot: 5; time: 4.89776; src: (-1.29451, 32.4663); dst: (-24.173, 41.1999)
event: battery_consumption; timestamp: 105.849; robot: 6; time: 11.8282; initial_level: 89.3502; final_level: 88.1673
event: navigation; timestamp: 105.849; robot: 6; time: 11.8282; src: (-1.29451, 32.4663); dst: (56.8755, 43.1394)
event: task_execution; timestamp: 7.4253; task: 4; robot: 1; pos: (6.58351, -36.5381); time: 99.2575
event: battery_consumption; timestamp: 7.4253; robot: 1; time: 99.2575; initial_level: 99.2575; final_level: 89.2575
event: task_resolution; timestamp: 106.683; task: 4; pos: (6.58351, -36.5381); status: FAILED; attempt: 1
event: battery_consumption; timestamp: 106.683; robot: 1; time: 11.1403; initial_level: 89.2575; final_level: 88.1434
event: navigation; timestamp: 106.683; robot: 1; time: 11.1403; src: (6.58351, -36.5381); dst: (-46.7684, -52.5449)
event: task_execution; timestamp: 7.62341; task: 3; robot: 2; pos: (-29.5006, -24.1376); time: 99.2377
event: battery_consumption; timestamp: 7.62341; robot: 2; time: 99.2377; initial_level: 99.2377; final_level: 89.2377
event: task_execution; timestamp: 7.62341; task: 3; robot: 3; pos: (-29.5006, -24.1376); time: 99.2377
event: battery_consumption; timestamp: 7.62341; robot: 3; time: 99.2377; initial_level: 99.2377; final_level: 89.2377
event: task_resolution; timestamp: 106.861; task: 3; pos: (-29.5006, -24.1376); status: FAILED; attempt: 1
event: battery_consumption; timestamp: 106.861; robot: 2; time: 6.64876; initial_level: 89.2377; final_level: 88.5728
event: navigation; timestamp: 106.861; robot: 2; time: 6.64876; src: (-29.5006, -24.1376); dst: (-46.7684, -52.5449)
event: battery_consumption; timestamp: 106.861; robot: 3; time: 6.64876; initial_level: 89.2377; final_level: 88.5728
event: navigation; timestamp: 106.861; robot: 3; time: 6.64876; src: (-29.5006, -24.1376); dst: (-46.7684, -52.5449)
event: task_execution; timestamp: 110.746; task: 11; robot: 4; pos: (-24.173, 41.1999); time: 25.7675
event: battery_consumption; timestamp: 110.746; robot: 4; time: 25.7675; initial_level: 99.0446; final_level: 73.2772
event: task_execution; timestamp: 110.746; task: 11; robot: 5; pos: (-24.173, 41.1999); time: 25.7675
event: battery_consumption; timestamp: 110.746; robot: 5; time: 25.7675; initial_level: 88.8604; final_level: 63.0929
event: task_resolution; timestamp: 136.514; task: 11; pos: (-24.173, 41.1999); status: COMPLETED; attempt: 1
event: battery_consumption; timestamp: 136.514; robot: 4; time: 16.2143; initial_level: 73.2772; final_level: 71.6557
event: navigation; timestamp: 136.514; robot: 4; time: 16.2143; src: (-24.173, 41.1999); dst: (56.8755, 43.1394)
event: battery_consumption; timestamp: 136.514; robot: 5; time: 20.4371; initial_level: 63.0929; final_level: 61.0492
event: navigation; timestamp: 136.514; robot: 5; time: 20.4371; src: (-24.173, 41.1999); dst: (60.5478, -15.9338)
event: task_execution; timestamp: 152.728; task: 10; robot: 4; pos: (56.8755, 43.1394); time: 0
event: battery_consumption; timestamp: 152.728; robot: 4; time: 0; initial_level: 71.6557; final_level: 61.6557
event: task_execution; timestamp: 152.728; task: 10; robot: 6; pos: (56.8755, 43.1394); time: 0
event: battery_consumption; timestamp: 152.728; robot: 6; time: 0; initial_level: 88.1673; final_level: 78.1673
event: task_resolution; timestamp: 152.728; task: 10; pos: (56.8755, 43.1394); status: FAILED; attempt: 1
event: battery_consumption; timestamp: 152.728; robot: 6; time: 14.8156; initial_level: 78.1673; final_level: 76.6858
event: navigation; timestamp: 152.728; robot: 6; time: 14.8156; src: (56.8755, 43.1394); dst: (72.2993, -29.315)
event: battery_consumption; timestamp: 152.728; robot: 4; time: 31.5666; initial_level: 61.6557; final_level: 58.4991
event: navigation; timestamp: 152.728; robot: 4; time: 31.5666; src: (56.8755, 43.1394); dst: (-17.4248, -96.1114)
event: task_execution; timestamp: 156.951; task: 9; robot: 5; pos: (60.5478, -15.9338); time: 0
event: battery_consumption; timestamp: 156.951; robot: 5; time: 0; initial_level: 61.0492; final_level: 51.0492
event: task_resolution; timestamp: 156.951; task: 9; pos: (60.5478, -15.9338); status: FAILED; attempt: 1
event: battery_consumption; timestamp: 156.951; robot: 5; time: 22.368; initial_level: 51.0492; final_level: 48.8124
event: navigation; timestamp: 156.951; robot: 5; time: 22.368; src: (60.5478, -15.9338); dst: (-17.4248, -96.1114)
event: task_execution; timestamp: 117.823; task: 5; robot: 1; pos: (-46.7684, -52.5449); time: 43.233
event: battery_consumption; timestamp: 117.823; robot: 1; time: 43.233; initial_level: 88.1434; final_level: 44.9104
event: task_execution; timestamp: 117.823; task: 5; robot: 2; pos: (-46.7684, -52.5449); time: 43.233
event: battery_consumption; timestamp: 117.823; robot: 2; time: 43.233; initial_level: 88.5728; final_level: 45.3398
event: task_execution; timestamp: 117.823; task: 5; robot: 3; pos: (-46.7684, -52.5449); time: 43.233
event: battery_consumption; timestamp: 117.823; robot: 3; time: 43.233; initial_level: 88.5728; final_level: 45.3398
event: task_resolution; timestamp: 161.056; task: 5; pos: (-46.7684, -52.5449); status: COMPLETED; attempt: 1
event: battery_consumption; timestamp: 161.056; robot: 2; time: 5.60158; initial_level: 45.3398; final_level: 44.7796
event: navigation; timestamp: 161.056; robot: 2; time: 5.60158; src: (-46.7684, -52.5449); dst: (-70.0709, -68.0831)
event: battery_consumption; timestamp: 161.056; robot: 3; time: 5.60158; initial_level: 45.3398; final_level: 44.7796
event: navigation; timestamp: 161.056; robot: 3; time: 5.60158; src: (-46.7684, -52.5449); dst: (-70.0709, -68.0831)
event: battery_consumption; timestamp: 161.056; robot: 1; time: 5.60158; initial_level: 44.9104; final_level: 44.3503
event: navigation; timestamp: 161.056; robot: 1; time: 5.60158; src: (-46.7684, -52.5449); dst: (-70.0709, -68.0831)
event: task_execution; timestamp: 166.658; task: 1; robot: 1; pos: (-70.0709, -68.0831); time: 0
event: battery_consumption; timestamp: 166.658; robot: 1; time: 0; initial_level: 44.3503; final_level: 34.3503
event: task_execution; timestamp: 166.658; task: 1; robot: 2; pos: (-70.0709, -68.0831); time: 0
event: battery_consumption; timestamp: 166.658; robot: 2; time: 0; initial_level: 44.7796; final_level: 34.7796
event: task_execution; timestamp: 166.658; task: 1; robot: 3; pos: (-70.0709, -68.0831); time: 0
event: battery_consumption; timestamp: 166.658; robot: 3; time: 0; initial_level: 44.7796; final_level: 34.7796
event: task_resolution; timestamp: 166.658; task: 1; pos: (-70.0709, -68.0831); status: FAILED; attempt: 1
event: battery_consumption; timestamp: 166.658; robot: 2; time: 2.90677; initial_level: 34.7796; final_level: 34.4889
event: navigation; timestamp: 166.658; robot: 2; time: 2.90677; src: (-70.0709, -68.0831); dst: (-74.758, -54.3258)
event: battery_consumption; timestamp: 166.658; robot: 3; time: 2.90677; initial_level: 34.7796; final_level: 34.4889
event: navigation; timestamp: 166.658; robot: 3; time: 2.90677; src: (-70.0709, -68.0831); dst: (-74.758, -54.3258)
event: battery_consumption; timestamp: 166.658; robot: 1; time: 6.1124; initial_level: 34.3503; final_level: 33.739
event: navigation; timestamp: 166.658; robot: 1; time: 6.1124; src: (-70.0709, -68.0831); dst: (-87.1468, -93.4297)
event: task_execution; timestamp: 167.544; task: 12; robot: 6; pos: (72.2993, -29.315); time: 0
event: battery_consumption; timestamp: 167.544; robot: 6; time: 0; initial_level: 76.6858; final_level: 66.6858
event: task_resolution; timestamp: 167.544; task: 12; pos: (72.2993, -29.315); status: FAILED; attempt: 1
event: battery_consumption; timestamp: 167.544; robot: 6; time: 22.3716; initial_level: 66.6858; final_level: 64.4486
event: navigation; timestamp: 167.544; robot: 6; time: 22.3716; src: (72.2993, -29.315); dst: (-17.4248, -96.1114)
event: task_execution; timestamp: 189.915; task: 2; robot: 4; pos: (-17.4248, -96.1114); time: 0
event: battery_consumption; timestamp: 189.915; robot: 4; time: 0; initial_level: 58.4991; final_level: 58.4991
event: task_execution; timestamp: 189.915; task: 2; robot: 5; pos: (-17.4248, -96.1114); time: 0
event: battery_consumption; timestamp: 189.915; robot: 5; time: 0; initial_level: 48.8124; final_level: 48.8124
event: task_execution; timestamp: 189.915; task: 2; robot: 6; pos: (-17.4248, -96.1114); time: 0
event: battery_consumption; timestamp: 189.915; robot: 6; time: 0; initial_level: 64.4486; final_level: 64.4486
event: task_resolution; timestamp: 189.915; task: 2; pos: (-17.4248, -96.1114); status: COMPLETED; attempt: 1
event: battery_consumption; timestamp: 189.915; robot: 4; time: 13.9547; initial_level: 58.4991; final_level: 57.1036
event: navigation; timestamp: 189.915; robot: 4; time: 13.9547; src: (-17.4248, -96.1114); dst: (-87.1468, -93.4297)
event: battery_consumption; timestamp: 189.915; robot: 6; time: 19.5356; initial_level: 64.4486; final_level: 62.4951
event: navigation; timestamp: 189.915; robot: 6; time: 19.5356; src: (-17.4248, -96.1114); dst: (0, 0)
event: robot_finished; timestamp: 209.451; robot: 6; pos: (0, 0); battery: 62.4951
event: battery_consumption; timestamp: 189.915; robot: 5; time: 19.5356; initial_level: 48.8124; final_level: 46.8588
event: navigation; timestamp: 189.915; robot: 5; time: 19.5356; src: (-17.4248, -96.1114); dst: (0, 0)
event: robot_finished; timestamp: 209.451; robot: 5; pos: (0, 0); battery: 46.8588
event: task_execution; timestamp: 169.564; task: 7; robot: 2; pos: (-74.758, -54.3258); time: 26.7678
event: battery_consumption; timestamp: 169.564; robot: 2; time: 26.7678; initial_level: 34.4889; final_level: 7.72113
event: task_execution; timestamp: 169.564; task: 7; robot: 3; pos: (-74.758, -54.3258); time: 26.7678
event: battery_consumption; timestamp: 169.564; robot: 3; time: 26.7678; initial_level: 34.4889; final_level: 7.72113
event: task_resolution; timestamp: 196.332; task: 7; pos: (-74.758, -54.3258); status: COMPLETED; attempt: 1
event: battery_consumption; timestamp: 196.332; robot: 3; time: 18.4825; initial_level: 7.72113; final_level: 5.87288
event: navigation; timestamp: 196.332; robot: 3; time: 18.4825; src: (-74.758, -54.3258); dst: (0, 0)
event: robot_finished; timestamp: 214.815; robot: 3; pos: (0, 0); battery: 5.87288
event: battery_consumption; timestamp: 196.332; robot: 2; time: 18.4825; initial_level: 7.72113; final_level: 5.87288
event: navigation; timestamp: 196.332; robot: 2; time: 18.4825; src: (-74.758, -54.3258); dst: (0, 0)
event: robot_finished; timestamp: 214.815; robot: 2; pos: (0, 0); battery: 5.87288
event: task_execution; timestamp: 203.87; task: 6; robot: 1; pos: (-87.1468, -93.4297); time: 0
event: battery_consumption; timestamp: 203.87; robot: 1; time: 0; initial_level: 33.739; final_level: 33.739
event: task_execution; timestamp: 203.87; task: 6; robot: 4; pos: (-87.1468, -93.4297); time: 0
event: battery_consumption; timestamp: 203.87; robot: 4; time: 0; initial_level: 57.1036; final_level: 57.1036
event: task_resolution; timestamp: 203.87; task: 6; pos: (-87.1468, -93.4297); status: COMPLETED; attempt: 1
event: battery_consumption; timestamp: 203.87; robot: 1; time: 25.5528; initial_level: 33.739; final_level: 31.1838
event: navigation; timestamp: 203.87; robot: 1; time: 25.5528; src: (-87.1468, -93.4297); dst: (0, 0)
event: robot_finished; timestamp: 229.423; robot: 1; pos: (0, 0); battery: 31.1838
event: battery_consumption; timestamp: 203.87; robot: 4; time: 25.5528; initial_level: 57.1036; final_level: 54.5483
event: navigation; timestamp: 203.87; robot: 4; time: 25.5528; src: (-87.1468, -93.4297); dst: (0, 0)
event: robot_finished; timestamp: 229.423; robot: 4; pos: (0, 0); battery: 54.5483
metric: available_agents; value: 0
metric: failed_agents; value: 0
metric: finished_agents; value: 6
metric: completed_tasks; value: 5
metric: pending_tasks; value: 0
metric: failed_tasks; value: 7
metric: average_robot_makespan; value: 217.896
metric: sd_robot_makespan; value: 9.24514
metric: max_robot_makespan; value: 229.423
metric: min_robot_makespan; value: 209.451
metric: average_robot_travel_distance; value: 319.989
metric: sd_robot_travel_distance; value: 109.457
metric: max_robot_travel_distance; value: 484.21
metric: min_robot_travel_distance; value: 206.315
metric: sum_robot_travel_distance; value: 1919.93
metric: average_completed_tasks_by_robot; value: 0
metric: sd_completed_tasks_by_robot; value: 0
metric: max_completed_tasks_by_robot; value: 0
metric: min_completed_tasks_by_robot; value: 0
metric: final_reward; value: 0.416667
metric: computing_time; value: 0.0204844
