info: solver_name; value: random
info: reward_function; value: reward00
info: replica; value: 12
info: filename; value: ../logs/prueba/scenario_12_06_01_random_reward00_012.log
info: scenario_name; value: scenario_12_06_01
info: scenario_name; value: scenario_12_06_01
info: number_of_tasks; value: 12
info: number_of_robots; value: 6
info: number_of_recharging_stations; value: 1
info: scenario_size; value: (200,200)
event: recharging_station_spawn; timestamp: 0; recharging_station: 1; pos: (0, 0)
event: task_spawn; timestamp: 0; task: 1; pos: (-70.0709, -68.0831); earliest_start: 0; latest_start: 1080; state: PENDING; required_workers: 3; success_prob: 0.8; max_attempts: 1
event: task_spawn; timestamp: 0; task: 2; pos: (-17.4248, -96.1114); earliest_start: 0; latest_start: 810; state: PENDING; required_workers: 3; success_prob: 0.8; max_attempts: 1
event: task_spawn; timestamp: 0; task: 3; pos: (-29.5006, -24.1376); earliest_start: 0; latest_start: 1080; state: PENDING; required_workers: 2; success_prob: 0.8; max_attempts: 1
event: task_spawn; timestamp: 0; task: 4; pos: (6.58351, -36.5381); earliest_start: 0; latest_start: 540; state: PENDING; required_workers: 1; success_prob: 0.8; max_attempts: 1
event: task_spawn; timestamp: 0; task: 5; pos: (-46.7684, -52.5449); earliest_start: 0; latest_start: 540; state: PENDING; required_workers: 3; success_prob: 0.8; max_attempts: 1
event: task_spawn; timestamp: 0; task: 6; pos: (-87.1468, -93.4297); earliest_start: 0; latest_start: 810; state: PENDING; required_workers: 2; success_prob: 0.8; max_attempts: 1
event: task_spawn; timestamp: 0; task: 7; pos: (-74.758, -54.3258); earliest_start: 0; latest_start: 540; state: PENDING; required_workers: 2; success_prob: 0.8; max_attempts: 1
event: task_spawn; timestamp: 0; task: 8; pos: (-1.29451, 32.4663); earliest_start: 0; latest_start: 540; state: PENDING; required_workers: 2; success_prob: 0.8; max_attempts: 1
event: task_spawn; timestamp: 0; task: 9; pos: (60.5478, -15.9338); earliest_start: 0; latest_start: 1080; state: PENDING; required_workers: 1; success_prob: 0.8; max_attempts: 1
event: task_spawn; timestamp: 0; task: 10; pos: (56.8755, 43.1394); earliest_start: 0; latest_start: 810; state: PENDING; required_workers: 2; success_prob: 0.8; max_attempts: 1
event: task_spawn; timestamp: 0; task: 11; pos: (-24.173, 41.1999); earliest_start: 0; latest_start: 540; state: PENDING; required_workers: 2; success_prob: 0.8; max_attempts: 1
event: task_spawn; timestamp: 0; task: 12; pos: (72.2993, -29.315); earliest_start: 0; latest_start: 1080; state: PENDING; required_workers: 1; success_prob: 0.8; max_attempts: 1
event: robot_spawn; timestamp: 0; robot: 1; pos: (0, 0); state: AVAILABLE; battery_level: 100; battery_capacity: 100; velocity: 5; battery_rate_nav: 0.1
event: robot_spawn; timestamp: 0; robot: 2; pos: (0, 0); state: AVAILABLE; battery_level: 100; battery_capacity: 100; velocity: 5; battery_rate_nav: 0.1
event: robot_spawn; timestamp: 0; robot: 3; pos: (0, 0); state: AVAILABLE; battery_level: 100; battery_capacity: 100; velocity: 5; battery_rate_nav: 0.1
event: robot_spawn; timestamp: 0; robot: 4; pos: (0, 0); state: AVAILABLE; battery_level: 100; battery_capacity: 100; velocity: 5; battery_rate_nav: 0.1
event: robot_spawn; timestamp: 0; robot: 5; pos: (0, 0); state: AVAILABLE; battery_level: 100; battery_capacity: 100; velocity: 5; battery_rate_nav: 0.1
event: robot_spawn; timestamp: 0; robot: 6; pos: (0, 0); state: AVAILABLE; battery_level: 100; battery_capacity: 100; velocity: 5; battery_rate_nav: 0.1
event: battery_consumption; timestamp: 0; robot: 6; time: 12.5219; initial_level: 100; final_level: 98.7478
event: navigation; timestamp: 0; robot: 6; time: 12.5219; src: (0, 0); dst: (60.5478, -15.9338)
event: battery_consumption; timestamp: 0; robot: 2; time: 7.4253; initial_level: 100; final_level: 99.2575
event: navigation; timestamp: 0; robot: 2; time: 7.4253; src: (0, 0); dst: (6.58351, -36.5381)
event: battery_consumption; timestamp: 0; robot: 1; time: 18.4825; initial_level: 100; final_level: 98.1518
event: navigation; timestamp: 0; robot: 1; time: 18.4825; src: (0, 0); dst: (-74.758, -54.3258)
event: battery_consumption; timestamp: 0; robot: 4; time: 9.55357; initial_level: 100; final_level: 99.0446
event: navigation; timestamp: 0; robot: 4; time: 9.55357; src: (0, 0); dst: (-24.173, 41.1999)
event: battery_consumption; timestamp: 0; robot: 5; time: 6.49842; initial_level: 100; final_level: 99.3502
event: navigation; timestamp: 0; robot: 5; time: 6.49842; src: (0, 0); dst: (-1.29451, 32.4663)
event: battery_consumption; timestamp: 0; robot: 3; time: 14.277; initial_level: 100; final_level: 98.5723
event: navigation; timestamp: 0; robot: 3; time: 14.277; src: (0, 0); dst: (56.8755, 43.1394)
event: task_execution; timestamp: 12.5219; task: 9; robot: 6; pos: (60.5478, -15.9338); time: 0
event: battery_consumption; timestamp: 12.5219; robot: 6; time: 0; initial_level: 98.7478; final_level: 88.7478
event: task_resolution; timestamp: 12.5219; task: 9; pos: (60.5478, -15.9338); status: FAILED; attempt: 1
event: battery_consumption; timestamp: 12.5219; robot: 6; time: 28.1294; initial_level: 88.7478; final_level: 85.9349
event: navigation; timestamp: 12.5219; robot: 6; time: 28.1294; src: (60.5478, -15.9338); dst: (-74.758, -54.3258)
event: task_execution; timestamp: 40.6513; task: 7; robot: 1; pos: (-74.758, -54.3258); time: 0
event: battery_consumption; timestamp: 40.6513; robot: 1; time: 0; initial_level: 98.1518; final_level: 98.1518
event: task_execution; timestamp: 40.6513; task: 7; robot: 6; pos: (-74.758, -54.3258); time: 0
event: battery_consumption; timestamp: 40.6513; robot: 6; time: 0; initial_level: 85.9349; final_level: 85.9349
event: task_resolution; timestamp: 40.6513; task: 7; pos: (-74.758, -54.3258); status: COMPLETED; attempt: 1
event: battery_consumption; timestamp: 40.6513; robot: 1; time: 10.8804; initial_level: 98.1518; final_level: 97.0637
event: navigation; timestamp: 40.6513; robot: 1; time: 10.8804; src: (-74.758, -54.3258); dst: (-29.5006, -24.1376)
event: battery_consumption; timestamp: 40.6513; robot: 6; time: 22.7418; initial_level: 85.9349; final_level: 83.6607
event: navigation; timestamp: 40.6513; robot: 6; time: 22.7418; src: (-74.758, -54.3258); dst: (-1.29451, 32.4663)
event: task_execution; timestamp: 7.4253; task: 4; robot: 2; pos: (6.58351, -36.5381); time: 91.6431
event: battery_consumption; timestamp: 7.4253; robot: 2; time: 91.6431; initial_level: 99.2575; final_level: 7.61438
event: task_resolution; timestamp: 99.0684; task: 4; pos: (6.58351, -36.5381); status: COMPLETED; attempt: 1
event: battery_consumption; timestamp: 99.0684; robot: 2; time: 16.5783; initial_level: 7.61438; final_level: 5.95655
event: navigation; timestamp: 99.0684; robot: 2; time: 16.5783; src: (6.58351, -36.5381); dst: (-70.0709, -68.0831)
event: task_execution; timestamp: 63.3931; task: 8; robot: 5; pos: (-1.29451, 32.4663); time: 46.0871
event: battery_consumption; timestamp: 63.3931; robot: 5; time: 46.0871; initial_level: 99.3502; final_level: 53.263
event: task_execution; timestamp: 63.3931; task: 8; robot: 6; pos: (-1.29451, 32.4663); time: 46.0871
event: battery_consumption; timestamp: 63.3931; robot: 6; time: 46.0871; initial_level: 83.6607; final_level: 37.5736
event: task_resolution; timestamp: 109.48; task: 8; pos: (-1.29451, 32.4663); status: COMPLETED; attempt: 1
event: battery_consumption; timestamp: 109.48; robot: 6; time: 4.89776; initial_level: 37.5736; final_level: 37.0838
event: navigation; timestamp: 109.48; robot: 6; time: 4.89776; src: (-1.29451, 32.4663); dst: (-24.173, 41.1999)
event: battery_consumption; timestamp: 109.48; robot: 5; time: 19.2819; initial_level: 53.263; final_level: 51.3348
event: navigation; timestamp: 109.48; robot: 5; time: 19.2819; src: (-1.29451, 32.4663); dst: (-46.7684, -52.5449)
event: task_execution; timestamp: 114.378; task: 11; robot: 4; pos: (-24.173, 41.1999); time: 0
event: battery_consumption; timestamp: 114.378; robot: 4; time: 0; initial_level: 99.0446; final_level: 89.0446
event: task_execution; timestamp: 114.378; task: 11; robot: 6; pos: (-24.173, 41.1999); time: 0
event: battery_consumption; timestamp: 114.378; robot: 6; time: 0; initial_level: 37.0838; final_level: 27.0838
event: task_resolution; timestamp: 114.378; task: 11; pos: (-24.173, 41.1999); status: FAILED; attempt: 1
event: battery_consumption; timestamp: 114.378; robot: 6; time: 23.706; initial_level: 27.0838; final_level: 24.7132
event: navigation; timestamp: 114.378; robot: 6; time: 23.706; src: (-24.173, 41.1999); dst: (-70.0709, -68.0831)
event: battery_consumption; timestamp: 114.378; robot: 4; time: 27.4954; initial_level: 89.0446; final_level: 86.2951
event: navigation; timestamp: 114.378; robot: 4; time: 27.4954; src: (-24.173, 41.1999); dst: (-17.4248, -96.1114)
event: battery_consumption; timestamp: 540; robot: 5; time: 10.5054; initial_level: 51.3348; final_level: 50.2843
event: navigation; timestamp: 540; robot: 5; time: 10.5054; src: (-46.7684, -52.5449); dst: (-17.4248, -96.1114)
event: battery_consumption; timestamp: 810; robot: 4; time: 14.596; initial_level: 86.2951; final_level: 84.8355
event: navigation; timestamp: 810; robot: 4; time: 14.596; src: (-17.4248, -96.1114); dst: (-29.5006, -24.1376)
event: battery_consumption; timestamp: 810; robot: 5; time: 11.9284; initial_level: 50.2843; final_level: 49.0915
event: navigation; timestamp: 810; robot: 5; time: 11.9284; src: (-17.4248, -96.1114); dst: (-70.0709, -68.0831)
event: battery_consumption; timestamp: 810; robot: 3; time: 14.8156; initial_level: 98.5723; final_level: 97.0907
event: navigation; timestamp: 810; robot: 3; time: 14.8156; src: (56.8755, 43.1394); dst: (72.2993, -29.315)
event: task_execution; timestamp: 824.596; task: 3; robot: 1; pos: (-29.5006, -24.1376); time: 0
event: battery_consumption; timestamp: 824.596; robot: 1; time: 0; initial_level: 97.0637; final_level: 97.0637
event: task_execution; timestamp: 824.596; task: 3; robot: 4; pos: (-29.5006, -24.1376); time: 0
event: battery_consumption; timestamp: 824.596; robot: 4; time: 0; initial_level: 84.8355; final_level: 84.8355
event: task_resolution; timestamp: 824.596; task: 3; pos: (-29.5006, -24.1376); status: COMPLETED; attempt: 1
event: battery_consumption; timestamp: 824.596; robot: 1; time: 7.62341; initial_level: 97.0637; final_level: 96.3014
event: navigation; timestamp: 824.596; robot: 1; time: 7.62341; src: (-29.5006, -24.1376); dst: (0, 0)
event: robot_finished; timestamp: 832.219; robot: 1; pos: (0, 0); battery: 96.3014
event: battery_consumption; timestamp: 824.596; robot: 4; time: 7.62341; initial_level: 84.8355; final_level: 84.0732
event: navigation; timestamp: 824.596; robot: 4; time: 7.62341; src: (-29.5006, -24.1376); dst: (0, 0)
event: robot_finished; timestamp: 832.219; robot: 4; pos: (0, 0); battery: 84.0732
event: task_execution; timestamp: 824.816; task: 12; robot: 3; pos: (72.2993, -29.315); time: 0
event: battery_consumption; timestamp: 824.816; robot: 3; time: 0; initial_level: 97.0907; final_level: 97.0907
event: task_resolution; timestamp: 824.816; task: 12; pos: (72.2993, -29.315); status: COMPLETED; attempt: 1
event: battery_consumption; timestamp: 824.816; robot: 3; time: 15.6033; initial_level: 97.0907; final_level: 95.5304
event: navigation; timestamp: 824.816; robot: 3; time: 15.6033; src: (72.2993, -29.315); dst: (0, 0)
event: robot_finished; timestamp: 840.419; robot: 3; pos: (0, 0); battery: 95.5304
event: task_execution; timestamp: 821.928; task: 1; robot: 2; pos: (-70.0709, -68.0831); time: 5.95655
event: battery_consumption; timestamp: 821.928; robot: 2; time: 5.95655; initial_level: 5.95655; final_level: -4.04345
event: robot_failed; timestamp: 827.885; robot: 2; pos: (-70.0709, -68.0831)
event: task_execution; timestamp: 821.928; task: 1; robot: 5; pos: (-70.0709, -68.0831); time: 5.95655
event: battery_consumption; timestamp: 821.928; robot: 5; time: 5.95655; initial_level: 49.0915; final_level: 39.0915
event: task_execution; timestamp: 821.928; task: 1; robot: 6; pos: (-70.0709, -68.0831); time: 5.95655
event: battery_consumption; timestamp: 821.928; robot: 6; time: 5.95655; initial_level: 24.7132; final_level: 14.7132
event: task_resolution; timestamp: 827.885; task: 1; pos: (-70.0709, -68.0831); status: FAILED; attempt: 1
event: battery_consumption; timestamp: 827.885; robot: 6; time: 19.5399; initial_level: 14.7132; final_level: 12.7592
event: navigation; timestamp: 827.885; robot: 6; time: 19.5399; src: (-70.0709, -68.0831); dst: (0, 0)
event: robot_finished; timestamp: 847.425; robot: 6; pos: (0, 0); battery: 12.7592
event: battery_consumption; timestamp: 827.885; robot: 5; time: 19.5399; initial_level: 39.0915; final_level: 37.1375
event: navigation; timestamp: 827.885; robot: 5; time: 19.5399; src: (-70.0709, -68.0831); dst: (0, 0)
event: robot_finished; timestamp: 847.425; robot: 5; pos: (0, 0); battery: 37.1375
metric: available_agents; value: 0
metric: failed_agents; value: 1
metric: finished_agents; value: 5
metric: completed_tasks; value: 5
metric: pending_tasks; value: 0
metric: failed_tasks; value: 7
metric: average_robot_makespan; value: 837.932
metric: sd_robot_makespan; value: 8.39794
metric: max_robot_makespan; value: 847.425
metric: min_robot_makespan; value: 827.885
metric: average_robot_travel_distance; value: 286.871
metric: sd_robot_travel_distance; value: 153.866
metric: max_robot_travel_distance; value: 557.684
metric: min_robot_travel_distance; value: 120.018
metric: sum_robot_travel_distance; value: 1721.22
metric: average_completed_tasks_by_robot; value: 0
metric: sd_completed_tasks_by_robot; value: 0
metric: max_completed_tasks_by_robot; value: 0
metric: min_completed_tasks_by_robot; value: 0
metric: final_reward; value: 0.416667
metric: computing_time; value: 0.0539623
