info: solver_name; value: greedy
info: reward_function; value: reward00
info: replica; value: 1
info: filename; value: ../logs/prueba/scenario_15t_05_4r_greedy_reward00_001.log
info: scenario_name; value: scenario_15t_05_4r
info: scenario_name; value: scenario_15t_05_4r
info: number_of_tasks; value: 15
info: number_of_robots; value: 4
info: number_of_recharging_stations; value: 1
info: scenario_size; value: (200,200)
event: recharging_station_spawn; timestamp: 0; recharging_station: 1; pos: (0, 0)
event: task_spawn; timestamp: 0; task: 1; pos: (-98, 31); earliest_start: 0; latest_start: 900; state: PENDING; required_workers: 3; success_prob: 0.8; max_attempts: 1
event: task_spawn; timestamp: 0; task: 2; pos: (1, -76); earliest_start: 0; latest_start: 270; state: PENDING; required_workers: 1; success_prob: 0.5; max_attempts: 1
event: task_spawn; timestamp: 0; task: 3; pos: (6, 49); earliest_start: 0; latest_start: 360; state: PENDING; required_workers: 2; success_prob: 0.7; max_attempts: 1
event: task_spawn; timestamp: 0; task: 4; pos: (-64, 75); earliest_start: 0; latest_start: 900; state: PENDING; required_workers: 2; success_prob: 0.7; max_attempts: 1
event: task_spawn; timestamp: 0; task: 5; pos: (-88, 0); earliest_start: 0; latest_start: 900; state: PENDING; required_workers: 1; success_prob: 0.8; max_attempts: 1
event: task_spawn; timestamp: 0; task: 6; pos: (80, -17); earliest_start: 0; latest_start: 810; state: PENDING; required_workers: 2; success_prob: 0.6; max_attempts: 1
event: task_spawn; timestamp: 0; task: 7; pos: (56, 99); earliest_start: 0; latest_start: 630; state: PENDING; required_workers: 2; success_prob: 0.9; max_attempts: 1
event: task_spawn; timestamp: 0; task: 8; pos: (-4, 66); earliest_start: 0; latest_start: 1080; state: PENDING; required_workers: 1; success_prob: 0.7; max_attempts: 1
event: task_spawn; timestamp: 0; task: 9; pos: (11, 55); earliest_start: 0; latest_start: 810; state: PENDING; required_workers: 1; success_prob: 0.8; max_attempts: 1
event: task_spawn; timestamp: 0; task: 10; pos: (72, 12); earliest_start: 0; latest_start: 720; state: PENDING; required_workers: 2; success_prob: 0.7; max_attempts: 1
event: task_spawn; timestamp: 0; task: 11; pos: (26, 31); earliest_start: 0; latest_start: 630; state: PENDING; required_workers: 3; success_prob: 0.7; max_attempts: 1
event: task_spawn; timestamp: 0; task: 12; pos: (-47, -89); earliest_start: 0; latest_start: 540; state: PENDING; required_workers: 3; success_prob: 0.8; max_attempts: 1
event: task_spawn; timestamp: 0; task: 13; pos: (40, -36); earliest_start: 0; latest_start: 540; state: PENDING; required_workers: 2; success_prob: 0.7; max_attempts: 1
event: task_spawn; timestamp: 0; task: 14; pos: (-40, 33); earliest_start: 0; latest_start: 540; state: PENDING; required_workers: 3; success_prob: 0.7; max_attempts: 1
event: task_spawn; timestamp: 0; task: 15; pos: (-98, -87); earliest_start: 0; latest_start: 1080; state: PENDING; required_workers: 2; success_prob: 0.8; max_attempts: 1
event: robot_spawn; timestamp: 0; robot: 1; pos: (0, 0); state: AVAILABLE; battery_level: 100; battery_capacity: 100; velocity: 5; battery_rate_nav: 0.1
event: robot_spawn; timestamp: 0; robot: 2; pos: (0, 0); state: AVAILABLE; battery_level: 100; battery_capacity: 100; velocity: 5; battery_rate_nav: 0.1
event: robot_spawn; timestamp: 0; robot: 3; pos: (0, 0); state: AVAILABLE; battery_level: 100; battery_capacity: 100; velocity: 5; battery_rate_nav: 0.1
event: robot_spawn; timestamp: 0; robot: 4; pos: (0, 0); state: AVAILABLE; battery_level: 100; battery_capacity: 100; velocity: 5; battery_rate_nav: 0.1
event: battery_consumption; timestamp: 0; robot: 4; time: 8.09197; initial_level: 100; final_level: 99.1908
event: navigation; timestamp: 0; robot: 4; time: 8.09197; src: (0, 0); dst: (26, 31)
event: battery_consumption; timestamp: 0; robot: 3; time: 8.09197; initial_level: 100; final_level: 99.1908
event: navigation; timestamp: 0; robot: 3; time: 8.09197; src: (0, 0); dst: (26, 31)
event: battery_consumption; timestamp: 0; robot: 2; time: 8.09197; initial_level: 100; final_level: 99.1908
event: navigation; timestamp: 0; robot: 2; time: 8.09197; src: (0, 0); dst: (26, 31)
event: battery_consumption; timestamp: 0; robot: 1; time: 9.8732; initial_level: 100; final_level: 99.0127
event: navigation; timestamp: 0; robot: 1; time: 9.8732; src: (0, 0); dst: (6, 49)
event: task_execution; timestamp: 8.09197; task: 11; robot: 2; pos: (26, 31); time: 0
event: battery_consumption; timestamp: 8.09197; robot: 2; time: 0; initial_level: 99.1908; final_level: 99.1908
event: task_execution; timestamp: 8.09197; task: 11; robot: 3; pos: (26, 31); time: 0
event: battery_consumption; timestamp: 8.09197; robot: 3; time: 0; initial_level: 99.1908; final_level: 99.1908
event: task_execution; timestamp: 8.09197; task: 11; robot: 4; pos: (26, 31); time: 0
event: battery_consumption; timestamp: 8.09197; robot: 4; time: 0; initial_level: 99.1908; final_level: 99.1908
event: task_resolution; timestamp: 8.09197; task: 11; pos: (26, 31); status: COMPLETED; attempt: 1
event: battery_consumption; timestamp: 8.09197; robot: 3; time: 5.38145; initial_level: 99.1908; final_level: 98.6527
event: navigation; timestamp: 8.09197; robot: 3; time: 5.38145; src: (26, 31); dst: (6, 49)
event: battery_consumption; timestamp: 8.09197; robot: 4; time: 5.66039; initial_level: 99.1908; final_level: 98.6248
event: navigation; timestamp: 8.09197; robot: 4; time: 5.66039; src: (26, 31); dst: (11, 55)
event: battery_consumption; timestamp: 8.09197; robot: 2; time: 9.21954; initial_level: 99.1908; final_level: 98.2688
event: navigation; timestamp: 8.09197; robot: 2; time: 9.21954; src: (26, 31); dst: (-4, 66)
event: task_execution; timestamp: 13.4734; task: 3; robot: 1; pos: (6, 49); time: 0
event: battery_consumption; timestamp: 13.4734; robot: 1; time: 0; initial_level: 99.0127; final_level: 89.0127
event: task_execution; timestamp: 13.4734; task: 3; robot: 3; pos: (6, 49); time: 0
event: battery_consumption; timestamp: 13.4734; robot: 3; time: 0; initial_level: 98.6527; final_level: 88.6527
event: task_resolution; timestamp: 13.4734; task: 3; pos: (6, 49); status: FAILED; attempt: 1
event: battery_consumption; timestamp: 13.4734; robot: 1; time: 9.74064; initial_level: 89.0127; final_level: 88.0386
event: navigation; timestamp: 13.4734; robot: 1; time: 9.74064; src: (6, 49); dst: (-40, 33)
event: battery_consumption; timestamp: 13.4734; robot: 3; time: 9.74064; initial_level: 88.6527; final_level: 87.6786
event: navigation; timestamp: 13.4734; robot: 3; time: 9.74064; src: (6, 49); dst: (-40, 33)
event: task_execution; timestamp: 13.7524; task: 9; robot: 4; pos: (11, 55); time: 0
event: battery_consumption; timestamp: 13.7524; robot: 4; time: 0; initial_level: 98.6248; final_level: 88.6248
event: task_resolution; timestamp: 13.7524; task: 9; pos: (11, 55); status: FAILED; attempt: 1
event: battery_consumption; timestamp: 13.7524; robot: 4; time: 11.1086; initial_level: 88.6248; final_level: 87.5139
event: navigation; timestamp: 13.7524; robot: 4; time: 11.1086; src: (11, 55); dst: (-40, 33)
event: task_execution; timestamp: 17.3115; task: 8; robot: 2; pos: (-4, 66); time: 0
event: battery_consumption; timestamp: 17.3115; robot: 2; time: 0; initial_level: 98.2688; final_level: 88.2688
event: task_resolution; timestamp: 17.3115; task: 8; pos: (-4, 66); status: FAILED; attempt: 1
event: battery_consumption; timestamp: 17.3115; robot: 2; time: 12.1342; initial_level: 88.2688; final_level: 87.0554
event: navigation; timestamp: 17.3115; robot: 2; time: 12.1342; src: (-4, 66); dst: (-64, 75)
event: task_execution; timestamp: 24.8609; task: 14; robot: 1; pos: (-40, 33); time: 0
event: battery_consumption; timestamp: 24.8609; robot: 1; time: 0; initial_level: 88.0386; final_level: 88.0386
event: task_execution; timestamp: 24.8609; task: 14; robot: 3; pos: (-40, 33); time: 0
event: battery_consumption; timestamp: 24.8609; robot: 3; time: 0; initial_level: 87.6786; final_level: 87.6786
event: task_execution; timestamp: 24.8609; task: 14; robot: 4; pos: (-40, 33); time: 0
event: battery_consumption; timestamp: 24.8609; robot: 4; time: 0; initial_level: 87.5139; final_level: 87.5139
event: task_resolution; timestamp: 24.8609; task: 14; pos: (-40, 33); status: COMPLETED; attempt: 1
event: battery_consumption; timestamp: 24.8609; robot: 4; time: 9.67471; initial_level: 87.5139; final_level: 86.5464
event: navigation; timestamp: 24.8609; robot: 4; time: 9.67471; src: (-40, 33); dst: (-64, 75)
event: battery_consumption; timestamp: 24.8609; robot: 1; time: 11.6069; initial_level: 88.0386; final_level: 86.8779
event: navigation; timestamp: 24.8609; robot: 1; time: 11.6069; src: (-40, 33); dst: (-98, 31)
event: battery_consumption; timestamp: 24.8609; robot: 3; time: 11.6069; initial_level: 87.6786; final_level: 86.5179
event: navigation; timestamp: 24.8609; robot: 3; time: 11.6069; src: (-40, 33); dst: (-98, 31)
event: task_execution; timestamp: 34.5356; task: 4; robot: 2; pos: (-64, 75); time: 0
event: battery_consumption; timestamp: 34.5356; robot: 2; time: 0; initial_level: 87.0554; final_level: 77.0554
event: task_execution; timestamp: 34.5356; task: 4; robot: 4; pos: (-64, 75); time: 0
event: battery_consumption; timestamp: 34.5356; robot: 4; time: 0; initial_level: 86.5464; final_level: 76.5464
event: task_resolution; timestamp: 34.5356; task: 4; pos: (-64, 75); status: FAILED; attempt: 1
event: battery_consumption; timestamp: 34.5356; robot: 2; time: 11.1212; initial_level: 77.0554; final_level: 75.9433
event: navigation; timestamp: 34.5356; robot: 2; time: 11.1212; src: (-64, 75); dst: (-98, 31)
event: battery_consumption; timestamp: 34.5356; robot: 4; time: 15.7493; initial_level: 76.5464; final_level: 74.9715
event: navigation; timestamp: 34.5356; robot: 4; time: 15.7493; src: (-64, 75); dst: (-88, 0)
event: task_execution; timestamp: 45.6568; task: 1; robot: 1; pos: (-98, 31); time: 0
event: battery_consumption; timestamp: 45.6568; robot: 1; time: 0; initial_level: 86.8779; final_level: 76.8779
event: task_execution; timestamp: 45.6568; task: 1; robot: 2; pos: (-98, 31); time: 0
event: battery_consumption; timestamp: 45.6568; robot: 2; time: 0; initial_level: 75.9433; final_level: 65.9433
event: task_execution; timestamp: 45.6568; task: 1; robot: 3; pos: (-98, 31); time: 0
event: battery_consumption; timestamp: 45.6568; robot: 3; time: 0; initial_level: 86.5179; final_level: 76.5179
event: task_resolution; timestamp: 45.6568; task: 1; pos: (-98, 31); status: FAILED; attempt: 1
event: battery_consumption; timestamp: 45.6568; robot: 1; time: 23.6; initial_level: 76.8779; final_level: 74.5179
event: navigation; timestamp: 45.6568; robot: 1; time: 23.6; src: (-98, 31); dst: (-98, -87)
event: battery_consumption; timestamp: 45.6568; robot: 2; time: 23.6; initial_level: 65.9433; final_level: 63.5833
event: navigation; timestamp: 45.6568; robot: 2; time: 23.6; src: (-98, 31); dst: (-98, -87)
event: battery_consumption; timestamp: 45.6568; robot: 3; time: 26.0776; initial_level: 76.5179; final_level: 73.9101
event: navigation; timestamp: 45.6568; robot: 3; time: 26.0776; src: (-98, 31); dst: (-47, -89)
event: task_execution; timestamp: 50.2849; task: 5; robot: 4; pos: (-88, 0); time: 0
event: battery_consumption; timestamp: 50.2849; robot: 4; time: 0; initial_level: 74.9715; final_level: 74.9715
event: task_resolution; timestamp: 50.2849; task: 5; pos: (-88, 0); status: COMPLETED; attempt: 1
event: battery_consumption; timestamp: 50.2849; robot: 4; time: 19.598; initial_level: 74.9715; final_level: 73.0117
event: navigation; timestamp: 50.2849; robot: 4; time: 19.598; src: (-88, 0); dst: (-47, -89)
event: task_execution; timestamp: 69.2568; task: 15; robot: 1; pos: (-98, -87); time: 16.1131
event: battery_consumption; timestamp: 69.2568; robot: 1; time: 16.1131; initial_level: 74.5179; final_level: 58.4049
event: task_execution; timestamp: 69.2568; task: 15; robot: 2; pos: (-98, -87); time: 16.1131
event: battery_consumption; timestamp: 69.2568; robot: 2; time: 16.1131; initial_level: 63.5833; final_level: 47.4703
event: task_resolution; timestamp: 85.3698; task: 15; pos: (-98, -87); status: COMPLETED; attempt: 1
event: battery_consumption; timestamp: 85.3698; robot: 1; time: 10.2078; initial_level: 58.4049; final_level: 57.3841
event: navigation; timestamp: 85.3698; robot: 1; time: 10.2078; src: (-98, -87); dst: (-47, -89)
event: battery_consumption; timestamp: 85.3698; robot: 2; time: 19.9218; initial_level: 47.4703; final_level: 45.4781
event: navigation; timestamp: 85.3698; robot: 2; time: 19.9218; src: (-98, -87); dst: (1, -76)
event: task_execution; timestamp: 95.5777; task: 12; robot: 1; pos: (-47, -89); time: 0
event: battery_consumption; timestamp: 95.5777; robot: 1; time: 0; initial_level: 57.3841; final_level: 47.3841
event: task_execution; timestamp: 95.5777; task: 12; robot: 3; pos: (-47, -89); time: 0
event: battery_consumption; timestamp: 95.5777; robot: 3; time: 0; initial_level: 73.9101; final_level: 63.9101
event: task_execution; timestamp: 95.5777; task: 12; robot: 4; pos: (-47, -89); time: 0
event: battery_consumption; timestamp: 95.5777; robot: 4; time: 0; initial_level: 73.0117; final_level: 63.0117
event: task_resolution; timestamp: 95.5777; task: 12; pos: (-47, -89); status: FAILED; attempt: 1
event: battery_consumption; timestamp: 95.5777; robot: 3; time: 20.3745; initial_level: 63.9101; final_level: 61.8727
event: navigation; timestamp: 95.5777; robot: 3; time: 20.3745; src: (-47, -89); dst: (40, -36)
event: battery_consumption; timestamp: 95.5777; robot: 4; time: 20.3745; initial_level: 63.0117; final_level: 60.9743
event: navigation; timestamp: 95.5777; robot: 4; time: 20.3745; src: (-47, -89); dst: (40, -36)
event: battery_consumption; timestamp: 95.5777; robot: 1; time: 29.1979; initial_level: 47.3841; final_level: 44.4643
event: navigation; timestamp: 95.5777; robot: 1; time: 29.1979; src: (-47, -89); dst: (80, -17)
event: task_execution; timestamp: 105.292; task: 2; robot: 2; pos: (1, -76); time: 0
event: battery_consumption; timestamp: 105.292; robot: 2; time: 0; initial_level: 45.4781; final_level: 45.4781
event: task_resolution; timestamp: 105.292; task: 2; pos: (1, -76); status: COMPLETED; attempt: 1
event: battery_consumption; timestamp: 105.292; robot: 2; time: 19.72; initial_level: 45.4781; final_level: 43.5061
event: navigation; timestamp: 105.292; robot: 2; time: 19.72; src: (1, -76); dst: (80, -17)
event: task_execution; timestamp: 125.012; task: 6; robot: 1; pos: (80, -17); time: 5.85423
event: battery_consumption; timestamp: 125.012; robot: 1; time: 5.85423; initial_level: 44.4643; final_level: 38.6101
event: task_execution; timestamp: 125.012; task: 6; robot: 2; pos: (80, -17); time: 5.85423
event: battery_consumption; timestamp: 125.012; robot: 2; time: 5.85423; initial_level: 43.5061; final_level: 37.6518
event: task_resolution; timestamp: 130.866; task: 6; pos: (80, -17); status: COMPLETED; attempt: 1
event: battery_consumption; timestamp: 130.866; robot: 2; time: 6.01664; initial_level: 37.6518; final_level: 37.0502
event: navigation; timestamp: 130.866; robot: 2; time: 6.01664; src: (80, -17); dst: (72, 12)
event: battery_consumption; timestamp: 130.866; robot: 1; time: 6.01664; initial_level: 38.6101; final_level: 38.0084
event: navigation; timestamp: 130.866; robot: 1; time: 6.01664; src: (80, -17); dst: (72, 12)
event: task_execution; timestamp: 136.883; task: 10; robot: 1; pos: (72, 12); time: 26.4236
event: battery_consumption; timestamp: 136.883; robot: 1; time: 26.4236; initial_level: 38.0084; final_level: 11.5848
event: task_execution; timestamp: 136.883; task: 10; robot: 2; pos: (72, 12); time: 26.4236
event: battery_consumption; timestamp: 136.883; robot: 2; time: 26.4236; initial_level: 37.0502; final_level: 10.6266
event: task_resolution; timestamp: 163.306; task: 10; pos: (72, 12); status: COMPLETED; attempt: 1
event: battery_consumption; timestamp: 163.306; robot: 1; time: 17.6918; initial_level: 11.5848; final_level: 9.81562
event: navigation; timestamp: 163.306; robot: 1; time: 17.6918; src: (72, 12); dst: (56, 99)
event: battery_consumption; timestamp: 163.306; robot: 2; time: 17.6918; initial_level: 10.6266; final_level: 8.85739
event: navigation; timestamp: 163.306; robot: 2; time: 17.6918; src: (72, 12); dst: (56, 99)
event: task_execution; timestamp: 115.952; task: 13; robot: 3; pos: (40, -36); time: 49.8777
event: battery_consumption; timestamp: 115.952; robot: 3; time: 49.8777; initial_level: 61.8727; final_level: 11.995
event: task_execution; timestamp: 115.952; task: 13; robot: 4; pos: (40, -36); time: 49.8777
event: battery_consumption; timestamp: 115.952; robot: 4; time: 49.8777; initial_level: 60.9743; final_level: 11.0966
event: task_resolution; timestamp: 165.83; task: 13; pos: (40, -36); status: COMPLETED; attempt: 1
event: battery_consumption; timestamp: 165.83; robot: 3; time: 10.7629; initial_level: 11.995; final_level: 10.9187
event: navigation; timestamp: 165.83; robot: 3; time: 10.7629; src: (40, -36); dst: (0, 0)
event: robot_finished; timestamp: 176.593; robot: 3; pos: (0, 0); battery: 10.9187
event: battery_consumption; timestamp: 165.83; robot: 4; time: 10.7629; initial_level: 11.0966; final_level: 10.0203
event: navigation; timestamp: 165.83; robot: 4; time: 10.7629; src: (40, -36); dst: (0, 0)
event: robot_finished; timestamp: 176.593; robot: 4; pos: (0, 0); battery: 10.0203
event: task_execution; timestamp: 180.998; task: 7; robot: 1; pos: (56, 99); time: 0
event: battery_consumption; timestamp: 180.998; robot: 1; time: 0; initial_level: 9.81562; final_level: 9.81562
event: task_execution; timestamp: 180.998; task: 7; robot: 2; pos: (56, 99); time: 0
event: battery_consumption; timestamp: 180.998; robot: 2; time: 0; initial_level: 8.85739; final_level: 8.85739
event: task_resolution; timestamp: 180.998; task: 7; pos: (56, 99); status: COMPLETED; attempt: 1
event: battery_consumption; timestamp: 180.998; robot: 1; time: 22.7482; initial_level: 9.81562; final_level: 7.54081
event: navigation; timestamp: 180.998; robot: 1; time: 22.7482; src: (56, 99); dst: (0, 0)
event: robot_finished; timestamp: 203.746; robot: 1; pos: (0, 0); battery: 7.54081
event: battery_consumption; timestamp: 180.998; robot: 2; time: 22.7482; initial_level: 8.85739; final_level: 6.58258
event: navigation; timestamp: 180.998; robot: 2; time: 22.7482; src: (56, 99); dst: (0, 0)
event: robot_finished; timestamp: 203.746; robot: 2; pos: (0, 0); battery: 6.58258
metric: available_agents; value: 0
metric: failed_agents; value: 0
metric: finished_agents; value: 4
metric: completed_tasks; value: 9
metric: pending_tasks; value: 0
metric: failed_tasks; value: 6
metric: average_robot_makespan; value: 190.169
metric: sd_robot_makespan; value: 15.677
metric: max_robot_makespan; value: 203.746
metric: min_robot_makespan; value: 176.593
metric: average_robot_travel_distance; value: 605.006
metric: sd_robot_travel_distance; value: 143.817
metric: max_robot_travel_distance; value: 751.327
metric: min_robot_travel_distance; value: 460.18
metric: sum_robot_travel_distance; value: 2420.02
metric: average_completed_tasks_by_robot; value: 0
metric: sd_completed_tasks_by_robot; value: 0
metric: max_completed_tasks_by_robot; value: 0
metric: min_completed_tasks_by_robot; value: 0
metric: final_reward; value: 0.6
metric: computing_time; value: 0.00118548
