info: solver_name; value: cbba
info: reward_function; value: reward00
info: replica; value: 1
info: filename; value: ../logs/prueba/scenario_10t_02_4r_cbba_reward00_001.log
info: scenario_name; value: scenario_10t_02_4r
info: scenario_name; value: scenario_10t_02_4r
info: number_of_tasks; value: 10
info: number_of_robots; value: 4
info: number_of_recharging_stations; value: 1
info: scenario_size; value: (200,200)
event: recharging_station_spawn; timestamp: 0; recharging_station: 1; pos: (0, 0)
event: task_spawn; timestamp: 0; task: 1; pos: (17, 95); earliest_start: 0; latest_start: 270; state: PENDING; required_workers: 3; success_prob: 0.8; max_attempts: 1
event: task_spawn; timestamp: 0; task: 2; pos: (-29, 13); earliest_start: 0; latest_start: 540; state: PENDING; required_workers: 3; success_prob: 0.6; max_attempts: 1
event: task_spawn; timestamp: 0; task: 3; pos: (47, -55); earliest_start: 0; latest_start: 1080; state: PENDING; required_workers: 1; success_prob: 0.7; max_attempts: 1
event: task_spawn; timestamp: 0; task: 4; pos: (86, -18); earliest_start: 0; latest_start: 630; state: PENDING; required_workers: 2; success_prob: 0.9; max_attempts: 1
event: task_spawn; timestamp: 0; task: 5; pos: (35, 14); earliest_start: 0; latest_start: 720; state: PENDING; required_workers: 1; success_prob: 0.5; max_attempts: 1
event: task_spawn; timestamp: 0; task: 6; pos: (36, 16); earliest_start: 0; latest_start: 630; state: PENDING; required_workers: 3; success_prob: 0.7; max_attempts: 1
event: task_spawn; timestamp: 0; task: 7; pos: (2, 76); earliest_start: 0; latest_start: 450; state: PENDING; required_workers: 3; success_prob: 0.5; max_attempts: 1
event: task_spawn; timestamp: 0; task: 8; pos: (-82, 93); earliest_start: 0; latest_start: 1080; state: PENDING; required_workers: 3; success_prob: 0.8; max_attempts: 1
event: task_spawn; timestamp: 0; task: 9; pos: (91, 44); earliest_start: 0; latest_start: 1080; state: PENDING; required_workers: 3; success_prob: 0.7; max_attempts: 1
event: task_spawn; timestamp: 0; task: 10; pos: (10, 67); earliest_start: 0; latest_start: 810; state: PENDING; required_workers: 3; success_prob: 0.8; max_attempts: 1
event: robot_spawn; timestamp: 0; robot: 1; pos: (0, 0); state: AVAILABLE; battery_level: 100; battery_capacity: 100; velocity: 5; battery_rate_nav: 0.1
event: robot_spawn; timestamp: 0; robot: 2; pos: (0, 0); state: AVAILABLE; battery_level: 100; battery_capacity: 100; velocity: 5; battery_rate_nav: 0.1
event: robot_spawn; timestamp: 0; robot: 3; pos: (0, 0); state: AVAILABLE; battery_level: 100; battery_capacity: 100; velocity: 5; battery_rate_nav: 0.1
event: robot_spawn; timestamp: 0; robot: 4; pos: (0, 0); state: AVAILABLE; battery_level: 100; battery_capacity: 100; velocity: 5; battery_rate_nav: 0.1
event: battery_consumption; timestamp: 0; robot: 3; time: 7.53923; initial_level: 100; final_level: 99.2461
event: navigation; timestamp: 0; robot: 3; time: 7.53923; src: (0, 0); dst: (35, 14)
event: battery_consumption; timestamp: 0; robot: 4; time: 6.3561; initial_level: 100; final_level: 99.3644
event: navigation; timestamp: 0; robot: 4; time: 6.3561; src: (0, 0); dst: (-29, 13)
event: battery_consumption; timestamp: 0; robot: 2; time: 6.3561; initial_level: 100; final_level: 99.3644
event: navigation; timestamp: 0; robot: 2; time: 6.3561; src: (0, 0); dst: (-29, 13)
event: battery_consumption; timestamp: 0; robot: 1; time: 6.3561; initial_level: 100; final_level: 99.3644
event: navigation; timestamp: 0; robot: 1; time: 6.3561; src: (0, 0); dst: (-29, 13)
event: task_execution; timestamp: 6.3561; task: 2; robot: 1; pos: (-29, 13); time: 0
event: battery_consumption; timestamp: 6.3561; robot: 1; time: 0; initial_level: 99.3644; final_level: 89.3644
event: task_execution; timestamp: 6.3561; task: 2; robot: 2; pos: (-29, 13); time: 0
event: battery_consumption; timestamp: 6.3561; robot: 2; time: 0; initial_level: 99.3644; final_level: 89.3644
event: task_execution; timestamp: 6.3561; task: 2; robot: 4; pos: (-29, 13); time: 0
event: battery_consumption; timestamp: 6.3561; robot: 4; time: 0; initial_level: 99.3644; final_level: 89.3644
event: task_resolution; timestamp: 6.3561; task: 2; pos: (-29, 13); status: FAILED; attempt: 1
event: battery_consumption; timestamp: 6.3561; robot: 2; time: 18.8043; initial_level: 89.3644; final_level: 87.484
event: navigation; timestamp: 6.3561; robot: 2; time: 18.8043; src: (-29, 13); dst: (17, 95)
event: battery_consumption; timestamp: 6.3561; robot: 4; time: 18.8043; initial_level: 89.3644; final_level: 87.484
event: navigation; timestamp: 6.3561; robot: 4; time: 18.8043; src: (-29, 13); dst: (17, 95)
event: battery_consumption; timestamp: 6.3561; robot: 1; time: 18.8043; initial_level: 89.3644; final_level: 87.484
event: navigation; timestamp: 6.3561; robot: 1; time: 18.8043; src: (-29, 13); dst: (17, 95)
event: task_execution; timestamp: 7.53923; task: 5; robot: 3; pos: (35, 14); time: 76.9985
event: battery_consumption; timestamp: 7.53923; robot: 3; time: 76.9985; initial_level: 99.2461; final_level: 22.2476
event: task_resolution; timestamp: 84.5377; task: 5; pos: (35, 14); status: COMPLETED; attempt: 1
event: battery_consumption; timestamp: 84.5377; robot: 3; time: 14.0071; initial_level: 22.2476; final_level: 20.8469
event: navigation; timestamp: 84.5377; robot: 3; time: 14.0071; src: (35, 14); dst: (47, -55)
event: task_execution; timestamp: 25.1604; task: 1; robot: 1; pos: (17, 95); time: 73.3106
event: battery_consumption; timestamp: 25.1604; robot: 1; time: 73.3106; initial_level: 87.484; final_level: 14.1733
event: task_execution; timestamp: 25.1604; task: 1; robot: 2; pos: (17, 95); time: 73.3106
event: battery_consumption; timestamp: 25.1604; robot: 2; time: 73.3106; initial_level: 87.484; final_level: 14.1733
event: task_execution; timestamp: 25.1604; task: 1; robot: 4; pos: (17, 95); time: 73.3106
event: battery_consumption; timestamp: 25.1604; robot: 4; time: 73.3106; initial_level: 87.484; final_level: 14.1733
event: task_resolution; timestamp: 98.471; task: 1; pos: (17, 95); status: COMPLETED; attempt: 1
event: battery_consumption; timestamp: 98.471; robot: 1; time: 5.77235; initial_level: 14.1733; final_level: 13.5961
event: navigation; timestamp: 98.471; robot: 1; time: 5.77235; src: (17, 95); dst: (10, 67)
event: battery_consumption; timestamp: 98.471; robot: 4; time: 5.77235; initial_level: 14.1733; final_level: 13.5961
event: navigation; timestamp: 98.471; robot: 4; time: 5.77235; src: (17, 95); dst: (10, 67)
event: battery_consumption; timestamp: 98.471; robot: 2; time: 5.77235; initial_level: 14.1733; final_level: 13.5961
event: navigation; timestamp: 98.471; robot: 2; time: 5.77235; src: (17, 95); dst: (10, 67)
event: task_execution; timestamp: 104.243; task: 10; robot: 1; pos: (10, 67); time: 13.5961
event: battery_consumption; timestamp: 104.243; robot: 1; time: 13.5961; initial_level: 13.5961; final_level: 3.5961
event: task_execution; timestamp: 104.243; task: 10; robot: 2; pos: (10, 67); time: 13.5961
event: battery_consumption; timestamp: 104.243; robot: 2; time: 13.5961; initial_level: 13.5961; final_level: 3.5961
event: task_execution; timestamp: 104.243; task: 10; robot: 4; pos: (10, 67); time: 13.5961
event: battery_consumption; timestamp: 104.243; robot: 4; time: 13.5961; initial_level: 13.5961; final_level: 3.5961
event: task_resolution; timestamp: 117.839; task: 10; pos: (10, 67); status: FAILED; attempt: 1
event: battery_consumption; timestamp: 117.839; robot: 4; time: 2.40832; initial_level: 3.5961; final_level: 3.35527
event: navigation; timestamp: 117.839; robot: 4; time: 2.40832; src: (10, 67); dst: (2, 76)
event: battery_consumption; timestamp: 117.839; robot: 1; time: 2.40832; initial_level: 3.5961; final_level: 3.35527
event: navigation; timestamp: 117.839; robot: 1; time: 2.40832; src: (10, 67); dst: (2, 76)
event: battery_consumption; timestamp: 117.839; robot: 2; time: 2.40832; initial_level: 3.5961; final_level: 3.35527
event: navigation; timestamp: 117.839; robot: 2; time: 2.40832; src: (10, 67); dst: (2, 76)
event: task_execution; timestamp: 98.5449; task: 3; robot: 3; pos: (47, -55); time: 20.8469
event: battery_consumption; timestamp: 98.5449; robot: 3; time: 20.8469; initial_level: 20.8469; final_level: 10.8469
event: task_resolution; timestamp: 119.392; task: 3; pos: (47, -55); status: FAILED; attempt: 1
event: battery_consumption; timestamp: 119.392; robot: 3; time: 10.7517; initial_level: 10.8469; final_level: 9.77171
event: navigation; timestamp: 119.392; robot: 3; time: 10.7517; src: (47, -55); dst: (86, -18)
event: task_execution; timestamp: 120.248; task: 7; robot: 1; pos: (2, 76); time: 0
event: battery_consumption; timestamp: 120.248; robot: 1; time: 0; initial_level: 3.35527; final_level: 3.35527
event: task_execution; timestamp: 120.248; task: 7; robot: 2; pos: (2, 76); time: 0
event: battery_consumption; timestamp: 120.248; robot: 2; time: 0; initial_level: 3.35527; final_level: 3.35527
event: task_execution; timestamp: 120.248; task: 7; robot: 4; pos: (2, 76); time: 0
event: battery_consumption; timestamp: 120.248; robot: 4; time: 0; initial_level: 3.35527; final_level: 3.35527
event: task_resolution; timestamp: 120.248; task: 7; pos: (2, 76); status: COMPLETED; attempt: 1
event: battery_consumption; timestamp: 120.248; robot: 1; time: 25.2127; initial_level: 3.35527; final_level: 0.833996
event: navigation; timestamp: 120.248; robot: 1; time: 25.2127; src: (2, 76); dst: (86, -18)
event: battery_consumption; timestamp: 120.248; robot: 4; time: 13.7928; initial_level: 3.35527; final_level: 1.97599
event: navigation; timestamp: 120.248; robot: 4; time: 13.7928; src: (2, 76); dst: (36, 16)
event: battery_consumption; timestamp: 120.248; robot: 2; time: 13.7928; initial_level: 3.35527; final_level: 1.97599
event: navigation; timestamp: 120.248; robot: 2; time: 13.7928; src: (2, 76); dst: (36, 16)
event: task_execution; timestamp: 145.46; task: 4; robot: 1; pos: (86, -18); time: 0.833996
event: battery_consumption; timestamp: 145.46; robot: 1; time: 0.833996; initial_level: 0.833996; final_level: -9.166
event: robot_failed; timestamp: 146.294; robot: 1; pos: (86, -18)
event: task_execution; timestamp: 145.46; task: 4; robot: 3; pos: (86, -18); time: 0.833996
event: battery_consumption; timestamp: 145.46; robot: 3; time: 0.833996; initial_level: 9.77171; final_level: -0.228293
event: robot_failed; timestamp: 146.294; robot: 3; pos: (86, -18)
event: task_resolution; timestamp: 146.294; task: 4; pos: (86, -18); status: FAILED; attempt: 1
event: battery_consumption; timestamp: 630; robot: 4; time: 12.3434; initial_level: 1.97599; final_level: 0.741648
event: navigation; timestamp: 630; robot: 4; time: 12.3434; src: (36, 16); dst: (91, 44)
event: battery_consumption; timestamp: 630; robot: 2; time: 12.3434; initial_level: 1.97599; final_level: 0.741648
event: navigation; timestamp: 630; robot: 2; time: 12.3434; src: (36, 16); dst: (91, 44)
event: battery_consumption; timestamp: 1080; robot: 4; time: 20.2158; initial_level: 0.741648; final_level: 0
event: navigation; timestamp: 1080; robot: 4; time: 20.2158; src: (91, 44); dst: (0, 0)
event: robot_finished; timestamp: 1100.22; robot: 4; pos: (0, 0); battery: 0
event: battery_consumption; timestamp: 1080; robot: 2; time: 20.2158; initial_level: 0.741648; final_level: 0
event: navigation; timestamp: 1080; robot: 2; time: 20.2158; src: (91, 44); dst: (0, 0)
event: robot_finished; timestamp: 1100.22; robot: 2; pos: (0, 0); battery: 0
metric: available_agents; value: 0
metric: failed_agents; value: 2
metric: finished_agents; value: 2
metric: completed_tasks; value: 3
metric: pending_tasks; value: 0
metric: failed_tasks; value: 7
metric: average_robot_makespan; value: 623.255
metric: sd_robot_makespan; value: 550.747
metric: max_robot_makespan; value: 1100.22
metric: min_robot_makespan; value: 146.294
metric: average_robot_travel_distance; value: 312.797
metric: sd_robot_travel_distance; value: 112.506
metric: max_robot_travel_distance; value: 398.465
metric: min_robot_travel_distance; value: 161.491
metric: sum_robot_travel_distance; value: 1251.19
metric: average_completed_tasks_by_robot; value: 0
metric: sd_completed_tasks_by_robot; value: 0
metric: max_completed_tasks_by_robot; value: 0
metric: min_completed_tasks_by_robot; value: 0
metric: final_reward; value: 0.3
metric: computing_time; value: 0.00483675
