info: solver_name; value: dec-mcts-v1
info: reward_function; value: reward00
info: replica; value: 1
info: filename; value: ../logs/prueba/scenario_15t_01_4r_dec-mcts-v1_reward00_001.log
info: scenario_name; value: scenario_15t_01_4r
info: scenario_name; value: scenario_15t_01_4r
info: number_of_tasks; value: 15
info: number_of_robots; value: 4
info: number_of_recharging_stations; value: 1
info: scenario_size; value: (200,200)
event: recharging_station_spawn; timestamp: 0; recharging_station: 1; pos: (0, 0)
event: task_spawn; timestamp: 0; task: 1; pos: (-93, -67); earliest_start: 0; latest_start: 270; state: PENDING; required_workers: 3; success_prob: 0.6; max_attempts: 1
event: task_spawn; timestamp: 0; task: 2; pos: (39, 78); earliest_start: 0; latest_start: 720; state: PENDING; required_workers: 3; success_prob: 0.9; max_attempts: 1
event: task_spawn; timestamp: 0; task: 3; pos: (17, -22); earliest_start: 0; latest_start: 720; state: PENDING; required_workers: 3; success_prob: 0.7; max_attempts: 1
event: task_spawn; timestamp: 0; task: 4; pos: (-72, -12); earliest_start: 0; latest_start: 450; state: PENDING; required_workers: 1; success_prob: 0.8; max_attempts: 1
event: task_spawn; timestamp: 0; task: 5; pos: (-35, -34); earliest_start: 0; latest_start: 540; state: PENDING; required_workers: 3; success_prob: 0.6; max_attempts: 1
event: task_spawn; timestamp: 0; task: 6; pos: (-69, 72); earliest_start: 0; latest_start: 900; state: PENDING; required_workers: 2; success_prob: 0.9; max_attempts: 1
event: task_spawn; timestamp: 0; task: 7; pos: (25, -100); earliest_start: 0; latest_start: 450; state: PENDING; required_workers: 3; success_prob: 0.6; max_attempts: 1
event: task_spawn; timestamp: 0; task: 8; pos: (84, 59); earliest_start: 0; latest_start: 360; state: PENDING; required_workers: 2; success_prob: 0.7; max_attempts: 1
event: task_spawn; timestamp: 0; task: 9; pos: (93, -19); earliest_start: 0; latest_start: 450; state: PENDING; required_workers: 2; success_prob: 0.5; max_attempts: 1
event: task_spawn; timestamp: 0; task: 10; pos: (-24, 66); earliest_start: 0; latest_start: 630; state: PENDING; required_workers: 2; success_prob: 0.6; max_attempts: 1
event: task_spawn; timestamp: 0; task: 11; pos: (-35, -89); earliest_start: 0; latest_start: 1080; state: PENDING; required_workers: 2; success_prob: 0.7; max_attempts: 1
event: task_spawn; timestamp: 0; task: 12; pos: (-98, 71); earliest_start: 0; latest_start: 540; state: PENDING; required_workers: 3; success_prob: 0.6; max_attempts: 1
event: task_spawn; timestamp: 0; task: 13; pos: (-99, 84); earliest_start: 0; latest_start: 360; state: PENDING; required_workers: 2; success_prob: 0.6; max_attempts: 1
event: task_spawn; timestamp: 0; task: 14; pos: (-23, -23); earliest_start: 0; latest_start: 630; state: PENDING; required_workers: 1; success_prob: 0.7; max_attempts: 1
event: task_spawn; timestamp: 0; task: 15; pos: (68, 11); earliest_start: 0; latest_start: 630; state: PENDING; required_workers: 1; success_prob: 0.6; max_attempts: 1
event: robot_spawn; timestamp: 0; robot: 1; pos: (0, 0); state: AVAILABLE; battery_level: 100; battery_capacity: 100; velocity: 5; battery_rate_nav: 0.1
event: robot_spawn; timestamp: 0; robot: 2; pos: (0, 0); state: AVAILABLE; battery_level: 100; battery_capacity: 100; velocity: 5; battery_rate_nav: 0.1
event: robot_spawn; timestamp: 0; robot: 3; pos: (0, 0); state: AVAILABLE; battery_level: 100; battery_capacity: 100; velocity: 5; battery_rate_nav: 0.1
event: robot_spawn; timestamp: 0; robot: 4; pos: (0, 0); state: AVAILABLE; battery_level: 100; battery_capacity: 100; velocity: 5; battery_rate_nav: 0.1
event: battery_consumption; timestamp: 0; robot: 4; time: 14.5986; initial_level: 100; final_level: 98.5401
event: navigation; timestamp: 0; robot: 4; time: 14.5986; src: (0, 0); dst: (-72, -12)
event: battery_consumption; timestamp: 1; robot: 3; time: 17.4413; initial_level: 100; final_level: 98.2559
event: navigation; timestamp: 1; robot: 3; time: 17.4413; src: (0, 0); dst: (39, 78)
event: battery_consumption; timestamp: 1; robot: 1; time: 6.50538; initial_level: 100; final_level: 99.3495
event: navigation; timestamp: 1; robot: 1; time: 6.50538; src: (0, 0); dst: (-23, -23)
event: battery_consumption; timestamp: 1; robot: 2; time: 13.7768; initial_level: 100; final_level: 98.6223
event: navigation; timestamp: 1; robot: 2; time: 13.7768; src: (0, 0); dst: (68, 11)
event: task_execution; timestamp: 7.50538; task: 14; robot: 1; pos: (-23, -23); time: 0
event: battery_consumption; timestamp: 7.50538; robot: 1; time: 0; initial_level: 99.3495; final_level: 89.3495
event: task_resolution; timestamp: 7.50538; task: 14; pos: (-23, -23); status: FAILED; attempt: 1
event: battery_consumption; timestamp: 7.50538; robot: 1; time: 23.7023; initial_level: 89.3495; final_level: 86.9792
event: navigation; timestamp: 7.50538; robot: 1; time: 23.7023; src: (-23, -23); dst: (39, 78)
event: task_execution; timestamp: 14.7768; task: 15; robot: 2; pos: (68, 11); time: 0
event: battery_consumption; timestamp: 14.7768; robot: 2; time: 0; initial_level: 98.6223; final_level: 88.6223
event: task_resolution; timestamp: 14.7768; task: 15; pos: (68, 11); status: FAILED; attempt: 1
event: battery_consumption; timestamp: 14.7768; robot: 2; time: 14.6014; initial_level: 88.6223; final_level: 87.1622
event: navigation; timestamp: 14.7768; robot: 2; time: 14.6014; src: (68, 11); dst: (39, 78)
event: task_execution; timestamp: 14.5986; task: 4; robot: 4; pos: (-72, -12); time: 39.0568
event: battery_consumption; timestamp: 14.5986; robot: 4; time: 39.0568; initial_level: 98.5401; final_level: 59.4833
event: task_resolution; timestamp: 53.6555; task: 4; pos: (-72, -12); status: COMPLETED; attempt: 1
event: battery_consumption; timestamp: 53.6555; robot: 4; time: 19.9449; initial_level: 59.4833; final_level: 57.4888
event: navigation; timestamp: 53.6555; robot: 4; time: 19.9449; src: (-72, -12); dst: (-99, 84)
event: task_execution; timestamp: 31.2077; task: 2; robot: 1; pos: (39, 78); time: 86.9792
event: battery_consumption; timestamp: 31.2077; robot: 1; time: 86.9792; initial_level: 86.9792; final_level: 76.9792
event: task_execution; timestamp: 31.2077; task: 2; robot: 2; pos: (39, 78); time: 86.9792
event: battery_consumption; timestamp: 31.2077; robot: 2; time: 86.9792; initial_level: 87.1622; final_level: 77.1622
event: task_execution; timestamp: 31.2077; task: 2; robot: 3; pos: (39, 78); time: 86.9792
event: battery_consumption; timestamp: 31.2077; robot: 3; time: 86.9792; initial_level: 98.2559; final_level: 88.2559
event: task_resolution; timestamp: 118.187; task: 2; pos: (39, 78); status: FAILED; attempt: 1
event: battery_consumption; timestamp: 118.187; robot: 1; time: 27.6261; initial_level: 76.9792; final_level: 74.2166
event: navigation; timestamp: 118.187; robot: 1; time: 27.6261; src: (39, 78); dst: (-99, 84)
event: battery_consumption; timestamp: 119.187; robot: 2; time: 17.4413; initial_level: 77.1622; final_level: 75.4181
event: navigation; timestamp: 119.187; robot: 2; time: 17.4413; src: (39, 78); dst: (0, 0)
event: recharge; timestamp: 136.628; robot: 2; recharging_station: 1; pos: (0, 0); level: 100
event: battery_consumption; timestamp: 119.187; robot: 3; time: 22.2036; initial_level: 88.2559; final_level: 86.0355
event: navigation; timestamp: 119.187; robot: 3; time: 22.2036; src: (39, 78); dst: (93, -19)
event: battery_consumption; timestamp: 136.628; robot: 2; time: 18.9842; initial_level: 100; final_level: 98.1016
event: navigation; timestamp: 136.628; robot: 2; time: 18.9842; src: (0, 0); dst: (93, -19)
event: task_execution; timestamp: 145.813; task: 13; robot: 1; pos: (-99, 84); time: 0
event: battery_consumption; timestamp: 145.813; robot: 1; time: 0; initial_level: 74.2166; final_level: 64.2166
event: task_execution; timestamp: 145.813; task: 13; robot: 4; pos: (-99, 84); time: 0
event: battery_consumption; timestamp: 145.813; robot: 4; time: 0; initial_level: 57.4888; final_level: 47.4888
event: task_resolution; timestamp: 145.813; task: 13; pos: (-99, 84); status: FAILED; attempt: 1
event: battery_consumption; timestamp: 146.813; robot: 1; time: 31.4274; initial_level: 64.2166; final_level: 61.0739
event: navigation; timestamp: 146.813; robot: 1; time: 31.4274; src: (-99, 84); dst: (17, -22)
event: battery_consumption; timestamp: 147.813; robot: 4; time: 6.4622; initial_level: 47.4888; final_level: 46.8426
event: navigation; timestamp: 147.813; robot: 4; time: 6.4622; src: (-99, 84); dst: (-69, 72)
event: task_execution; timestamp: 155.612; task: 9; robot: 2; pos: (93, -19); time: 0
event: battery_consumption; timestamp: 155.612; robot: 2; time: 0; initial_level: 98.1016; final_level: 98.1016
event: task_execution; timestamp: 155.612; task: 9; robot: 3; pos: (93, -19); time: 0
event: battery_consumption; timestamp: 155.612; robot: 3; time: 0; initial_level: 86.0355; final_level: 86.0355
event: task_resolution; timestamp: 155.612; task: 9; pos: (93, -19); status: COMPLETED; attempt: 1
event: battery_consumption; timestamp: 155.612; robot: 3; time: 37.1618; initial_level: 86.0355; final_level: 82.3193
event: navigation; timestamp: 155.612; robot: 3; time: 37.1618; src: (93, -19); dst: (-69, 72)
event: battery_consumption; timestamp: 155.612; robot: 2; time: 15.7035; initial_level: 98.1016; final_level: 96.5312
event: navigation; timestamp: 155.612; robot: 2; time: 15.7035; src: (93, -19); dst: (84, 59)
event: task_execution; timestamp: 192.774; task: 6; robot: 3; pos: (-69, 72); time: 8.23516
event: battery_consumption; timestamp: 192.774; robot: 3; time: 8.23516; initial_level: 82.3193; final_level: 74.0842
event: task_execution; timestamp: 192.774; task: 6; robot: 4; pos: (-69, 72); time: 8.23516
event: battery_consumption; timestamp: 192.774; robot: 4; time: 8.23516; initial_level: 46.8426; final_level: 38.6074
event: task_resolution; timestamp: 201.009; task: 6; pos: (-69, 72); status: COMPLETED; attempt: 1
event: battery_consumption; timestamp: 201.009; robot: 3; time: 30.7103; initial_level: 74.0842; final_level: 71.0131
event: navigation; timestamp: 201.009; robot: 3; time: 30.7103; src: (-69, 72); dst: (84, 59)
event: battery_consumption; timestamp: 202.009; robot: 4; time: 22.2639; initial_level: 38.6074; final_level: 36.381
event: navigation; timestamp: 202.009; robot: 4; time: 22.2639; src: (-69, 72); dst: (-35, -34)
event: task_execution; timestamp: 231.72; task: 8; robot: 2; pos: (84, 59); time: 65.253
event: battery_consumption; timestamp: 231.72; robot: 2; time: 65.253; initial_level: 96.5312; final_level: 31.2782
event: task_execution; timestamp: 231.72; task: 8; robot: 3; pos: (84, 59); time: 65.253
event: battery_consumption; timestamp: 231.72; robot: 3; time: 65.253; initial_level: 71.0131; final_level: 5.76011
event: task_resolution; timestamp: 296.973; task: 8; pos: (84, 59); status: COMPLETED; attempt: 1
event: battery_consumption; timestamp: 296.973; robot: 2; time: 21.0238; initial_level: 31.2782; final_level: 29.1758
event: navigation; timestamp: 296.973; robot: 2; time: 21.0238; src: (84, 59); dst: (17, -22)
event: battery_consumption; timestamp: 296.973; robot: 3; time: 21.0238; initial_level: 5.76011; final_level: 3.65773
event: navigation; timestamp: 296.973; robot: 3; time: 21.0238; src: (84, 59); dst: (17, -22)
event: task_execution; timestamp: 317.997; task: 3; robot: 1; pos: (17, -22); time: 3.65773
event: battery_consumption; timestamp: 317.997; robot: 1; time: 3.65773; initial_level: 61.0739; final_level: 51.0739
event: task_execution; timestamp: 317.997; task: 3; robot: 2; pos: (17, -22); time: 3.65773
event: battery_consumption; timestamp: 317.997; robot: 2; time: 3.65773; initial_level: 29.1758; final_level: 19.1758
event: task_execution; timestamp: 317.997; task: 3; robot: 3; pos: (17, -22); time: 3.65773
event: battery_consumption; timestamp: 317.997; robot: 3; time: 3.65773; initial_level: 3.65773; final_level: -6.34227
event: robot_failed; timestamp: 321.654; robot: 3; pos: (17, -22)
event: task_resolution; timestamp: 321.654; task: 3; pos: (17, -22); status: FAILED; attempt: 1
event: battery_consumption; timestamp: 321.654; robot: 2; time: 10.6733; initial_level: 19.1758; final_level: 18.1085
event: navigation; timestamp: 321.654; robot: 2; time: 10.6733; src: (17, -22); dst: (-35, -34)
event: battery_consumption; timestamp: 322.654; robot: 1; time: 10.6733; initial_level: 51.0739; final_level: 50.0066
event: navigation; timestamp: 322.654; robot: 1; time: 10.6733; src: (17, -22); dst: (-35, -34)
event: task_execution; timestamp: 333.328; task: 5; robot: 1; pos: (-35, -34); time: 0
event: battery_consumption; timestamp: 333.328; robot: 1; time: 0; initial_level: 50.0066; final_level: 50.0066
event: task_execution; timestamp: 333.328; task: 5; robot: 2; pos: (-35, -34); time: 0
event: battery_consumption; timestamp: 333.328; robot: 2; time: 0; initial_level: 18.1085; final_level: 18.1085
event: task_execution; timestamp: 333.328; task: 5; robot: 4; pos: (-35, -34); time: 0
event: battery_consumption; timestamp: 333.328; robot: 4; time: 0; initial_level: 36.381; final_level: 36.381
event: task_resolution; timestamp: 333.328; task: 5; pos: (-35, -34); status: COMPLETED; attempt: 1
event: battery_consumption; timestamp: 333.328; robot: 2; time: 9.7591; initial_level: 18.1085; final_level: 17.1326
event: navigation; timestamp: 333.328; robot: 2; time: 9.7591; src: (-35, -34); dst: (0, 0)
event: recharge; timestamp: 343.087; robot: 2; recharging_station: 1; pos: (0, 0); level: 100
event: battery_consumption; timestamp: 333.328; robot: 4; time: 9.7591; initial_level: 36.381; final_level: 35.4051
event: navigation; timestamp: 333.328; robot: 4; time: 9.7591; src: (-35, -34); dst: (0, 0)
event: recharge; timestamp: 343.087; robot: 4; recharging_station: 1; pos: (0, 0); level: 100
event: battery_consumption; timestamp: 333.328; robot: 1; time: 11; initial_level: 50.0066; final_level: 48.9066
event: navigation; timestamp: 333.328; robot: 1; time: 11; src: (-35, -34); dst: (-35, -89)
event: battery_consumption; timestamp: 343.087; robot: 4; time: 14.0456; initial_level: 100; final_level: 98.5954
event: navigation; timestamp: 343.087; robot: 4; time: 14.0456; src: (0, 0); dst: (-24, 66)
event: battery_consumption; timestamp: 343.087; robot: 2; time: 19.1269; initial_level: 100; final_level: 98.0873
event: navigation; timestamp: 343.087; robot: 2; time: 19.1269; src: (0, 0); dst: (-35, -89)
event: task_execution; timestamp: 362.214; task: 11; robot: 1; pos: (-35, -89); time: 0
event: battery_consumption; timestamp: 362.214; robot: 1; time: 0; initial_level: 48.9066; final_level: 38.9066
event: task_execution; timestamp: 362.214; task: 11; robot: 2; pos: (-35, -89); time: 0
event: battery_consumption; timestamp: 362.214; robot: 2; time: 0; initial_level: 98.0873; final_level: 88.0873
event: task_resolution; timestamp: 362.214; task: 11; pos: (-35, -89); status: FAILED; attempt: 1
event: battery_consumption; timestamp: 362.214; robot: 1; time: 34.3913; initial_level: 38.9066; final_level: 35.4674
event: navigation; timestamp: 362.214; robot: 1; time: 34.3913; src: (-35, -89); dst: (-98, 71)
event: battery_consumption; timestamp: 362.214; robot: 2; time: 31.078; initial_level: 88.0873; final_level: 84.9795
event: navigation; timestamp: 362.214; robot: 2; time: 31.078; src: (-35, -89); dst: (-24, 66)
event: task_execution; timestamp: 393.292; task: 10; robot: 2; pos: (-24, 66); time: 0
event: battery_consumption; timestamp: 393.292; robot: 2; time: 0; initial_level: 84.9795; final_level: 84.9795
event: task_execution; timestamp: 393.292; task: 10; robot: 4; pos: (-24, 66); time: 0
event: battery_consumption; timestamp: 393.292; robot: 4; time: 0; initial_level: 98.5954; final_level: 98.5954
event: task_resolution; timestamp: 393.292; task: 10; pos: (-24, 66); status: COMPLETED; attempt: 1
event: battery_consumption; timestamp: 393.292; robot: 2; time: 14.8337; initial_level: 84.9795; final_level: 83.4961
event: navigation; timestamp: 393.292; robot: 2; time: 14.8337; src: (-24, 66); dst: (-98, 71)
event: battery_consumption; timestamp: 393.292; robot: 4; time: 14.8337; initial_level: 98.5954; final_level: 97.1121
event: navigation; timestamp: 393.292; robot: 4; time: 14.8337; src: (-24, 66); dst: (-98, 71)
event: task_execution; timestamp: 408.125; task: 12; robot: 1; pos: (-98, 71); time: 0
event: battery_consumption; timestamp: 408.125; robot: 1; time: 0; initial_level: 35.4674; final_level: 25.4674
event: task_execution; timestamp: 408.125; task: 12; robot: 2; pos: (-98, 71); time: 0
event: battery_consumption; timestamp: 408.125; robot: 2; time: 0; initial_level: 83.4961; final_level: 73.4961
event: task_execution; timestamp: 408.125; task: 12; robot: 4; pos: (-98, 71); time: 0
event: battery_consumption; timestamp: 408.125; robot: 4; time: 0; initial_level: 97.1121; final_level: 87.1121
event: task_resolution; timestamp: 408.125; task: 12; pos: (-98, 71); status: FAILED; attempt: 1
event: battery_consumption; timestamp: 408.125; robot: 1; time: 42.1284; initial_level: 25.4674; final_level: 21.2546
event: navigation; timestamp: 408.125; robot: 1; time: 42.1284; src: (-98, 71); dst: (25, -100)
event: battery_consumption; timestamp: 408.125; robot: 2; time: 24.2033; initial_level: 73.4961; final_level: 71.0758
event: navigation; timestamp: 408.125; robot: 2; time: 24.2033; src: (-98, 71); dst: (0, 0)
event: recharge; timestamp: 432.329; robot: 2; recharging_station: 1; pos: (0, 0); level: 100
event: battery_consumption; timestamp: 410.125; robot: 4; time: 24.2033; initial_level: 87.1121; final_level: 84.6917
event: navigation; timestamp: 410.125; robot: 4; time: 24.2033; src: (-98, 71); dst: (0, 0)
event: recharge; timestamp: 434.329; robot: 4; recharging_station: 1; pos: (0, 0); level: 100
event: robot_finished; timestamp: 432.329; robot: 2; pos: (0, 0); battery: 100
event: robot_finished; timestamp: 434.329; robot: 4; pos: (0, 0); battery: 100
event: battery_consumption; timestamp: 450; robot: 1; time: 20.6155; initial_level: 21.2546; final_level: 19.193
event: navigation; timestamp: 450; robot: 1; time: 20.6155; src: (25, -100); dst: (0, 0)
event: robot_finished; timestamp: 470.616; robot: 1; pos: (0, 0); battery: 19.193
metric: available_agents; value: 0
metric: failed_agents; value: 1
metric: finished_agents; value: 3
metric: completed_tasks; value: 6
metric: pending_tasks; value: 0
metric: failed_tasks; value: 9
metric: average_robot_makespan; value: 414.732
metric: sd_robot_makespan; value: 64.4983
metric: max_robot_makespan; value: 470.616
metric: min_robot_makespan; value: 321.654
metric: average_robot_travel_distance; value: 842.409
metric: sd_robot_travel_distance; value: 237.751
metric: max_robot_travel_distance; value: 1056.03
metric: min_robot_travel_distance; value: 630.557
metric: sum_robot_travel_distance; value: 3369.64
metric: average_completed_tasks_by_robot; value: 0
metric: sd_completed_tasks_by_robot; value: 0
metric: max_completed_tasks_by_robot; value: 0
metric: min_completed_tasks_by_robot; value: 0
metric: final_reward; value: 0.4
metric: computing_time; value: 26.9363
