info: solver_name; value: dec-mcts-v1
info: reward_function; value: reward00
info: replica; value: 1
info: filename; value: ../logs/prueba/scenario_10t_02_5r_dec-mcts-v1_reward00_001.log
info: scenario_name; value: scenario_10t_02_5r
info: scenario_name; value: scenario_10t_02_5r
info: number_of_tasks; value: 10
info: number_of_robots; value: 5
info: number_of_recharging_stations; value: 1
info: scenario_size; value: (200,200)
event: recharging_station_spawn; timestamp: 0; recharging_station: 1; pos: (0, 0)
event: task_spawn; timestamp: 0; task: 1; pos: (17, 95); earliest_start: 0; latest_start: 270; state: PENDING; required_workers: 3; success_prob: 0.8; max_attempts: 1
event: task_spawn; timestamp: 0; task: 2; pos: (-29, 13); earliest_start: 0; latest_start: 540; state: PENDING; required_workers: 3; success_prob: 0.6; max_attempts: 1
event: task_spawn; timestamp: 0; task: 3; pos: (47, -55); earliest_start: 0; latest_start: 1080; state: PENDING; required_workers: 1; success_prob: 0.7; max_attempts: 1
event: task_spawn; timestamp: 0; task: 4; pos: (86, -18); earliest_start: 0; latest_start: 630; state: PENDING; required_workers: 2; success_prob: 0.9; max_attempts: 1
event: task_spawn; timestamp: 0; task: 5; pos: (35, 14); earliest_start: 0; latest_start: 720; state: PENDING; required_workers: 1; success_prob: 0.5; max_attempts: 1
event: task_spawn; timestamp: 0; task: 6; pos: (36, 16); earliest_start: 0; latest_start: 630; state: PENDING; required_workers: 3; success_prob: 0.7; max_attempts: 1
event: task_spawn; timestamp: 0; task: 7; pos: (2, 76); earliest_start: 0; latest_start: 450; state: PENDING; required_workers: 3; success_prob: 0.5; max_attempts: 1
event: task_spawn; timestamp: 0; task: 8; pos: (-82, 93); earliest_start: 0; latest_start: 1080; state: PENDING; required_workers: 3; success_prob: 0.8; max_attempts: 1
event: task_spawn; timestamp: 0; task: 9; pos: (91, 44); earliest_start: 0; latest_start: 1080; state: PENDING; required_workers: 3; success_prob: 0.7; max_attempts: 1
event: task_spawn; timestamp: 0; task: 10; pos: (10, 67); earliest_start: 0; latest_start: 810; state: PENDING; required_workers: 3; success_prob: 0.8; max_attempts: 1
event: robot_spawn; timestamp: 0; robot: 1; pos: (0, 0); state: AVAILABLE; battery_level: 100; battery_capacity: 100; velocity: 5; battery_rate_nav: 0.1
event: robot_spawn; timestamp: 0; robot: 2; pos: (0, 0); state: AVAILABLE; battery_level: 100; battery_capacity: 100; velocity: 5; battery_rate_nav: 0.1
event: robot_spawn; timestamp: 0; robot: 3; pos: (0, 0); state: AVAILABLE; battery_level: 100; battery_capacity: 100; velocity: 5; battery_rate_nav: 0.1
event: robot_spawn; timestamp: 0; robot: 4; pos: (0, 0); state: AVAILABLE; battery_level: 100; battery_capacity: 100; velocity: 5; battery_rate_nav: 0.1
event: robot_spawn; timestamp: 0; robot: 5; pos: (0, 0); state: AVAILABLE; battery_level: 100; battery_capacity: 100; velocity: 5; battery_rate_nav: 0.1
event: battery_consumption; timestamp: 0; robot: 4; time: 17.5727; initial_level: 100; final_level: 98.2427
event: navigation; timestamp: 0; robot: 4; time: 17.5727; src: (0, 0); dst: (86, -18)
event: battery_consumption; timestamp: 0; robot: 5; time: 17.5727; initial_level: 100; final_level: 98.2427
event: navigation; timestamp: 0; robot: 5; time: 17.5727; src: (0, 0); dst: (86, -18)
event: battery_consumption; timestamp: 1; robot: 3; time: 7.87909; initial_level: 100; final_level: 99.2121
event: navigation; timestamp: 1; robot: 3; time: 7.87909; src: (0, 0); dst: (36, 16)
event: battery_consumption; timestamp: 1; robot: 1; time: 19.3018; initial_level: 100; final_level: 98.0698
event: navigation; timestamp: 1; robot: 1; time: 19.3018; src: (0, 0); dst: (17, 95)
event: battery_consumption; timestamp: 1; robot: 2; time: 19.3018; initial_level: 100; final_level: 98.0698
event: navigation; timestamp: 1; robot: 2; time: 19.3018; src: (0, 0); dst: (17, 95)
event: task_execution; timestamp: 17.5727; task: 4; robot: 4; pos: (86, -18); time: 98.2427
event: battery_consumption; timestamp: 17.5727; robot: 4; time: 98.2427; initial_level: 98.2427; final_level: 88.2427
event: task_execution; timestamp: 17.5727; task: 4; robot: 5; pos: (86, -18); time: 98.2427
event: battery_consumption; timestamp: 17.5727; robot: 5; time: 98.2427; initial_level: 98.2427; final_level: 88.2427
event: task_resolution; timestamp: 115.815; task: 4; pos: (86, -18); status: FAILED; attempt: 1
event: battery_consumption; timestamp: 115.815; robot: 4; time: 26.4802; initial_level: 88.2427; final_level: 85.5947
event: navigation; timestamp: 115.815; robot: 4; time: 26.4802; src: (86, -18); dst: (17, 95)
event: battery_consumption; timestamp: 116.815; robot: 5; time: 12.093; initial_level: 88.2427; final_level: 87.0334
event: navigation; timestamp: 116.815; robot: 5; time: 12.093; src: (86, -18); dst: (36, 16)
event: task_execution; timestamp: 142.296; task: 1; robot: 1; pos: (17, 95); time: 0
event: battery_consumption; timestamp: 142.296; robot: 1; time: 0; initial_level: 98.0698; final_level: 98.0698
event: task_execution; timestamp: 142.296; task: 1; robot: 2; pos: (17, 95); time: 0
event: battery_consumption; timestamp: 142.296; robot: 2; time: 0; initial_level: 98.0698; final_level: 98.0698
event: task_execution; timestamp: 142.296; task: 1; robot: 4; pos: (17, 95); time: 0
event: battery_consumption; timestamp: 142.296; robot: 4; time: 0; initial_level: 85.5947; final_level: 85.5947
event: task_resolution; timestamp: 142.296; task: 1; pos: (17, 95); status: COMPLETED; attempt: 1
event: battery_consumption; timestamp: 142.296; robot: 2; time: 16.2505; initial_level: 98.0698; final_level: 96.4448
event: navigation; timestamp: 142.296; robot: 2; time: 16.2505; src: (17, 95); dst: (36, 16)
event: battery_consumption; timestamp: 143.296; robot: 4; time: 19.3018; initial_level: 85.5947; final_level: 83.6645
event: navigation; timestamp: 143.296; robot: 4; time: 19.3018; src: (17, 95); dst: (0, 0)
event: recharge; timestamp: 162.597; robot: 4; recharging_station: 1; pos: (0, 0); level: 100
event: battery_consumption; timestamp: 143.296; robot: 1; time: 4.84149; initial_level: 98.0698; final_level: 97.5857
event: navigation; timestamp: 143.296; robot: 1; time: 4.84149; src: (17, 95); dst: (2, 76)
event: recharge; timestamp: 162.597; robot: 4; recharging_station: 1; pos: (0, 0); level: 100
event: battery_consumption; timestamp: 162.597; robot: 4; time: 15.2053; initial_level: 100; final_level: 98.4795
event: navigation; timestamp: 162.597; robot: 4; time: 15.2053; src: (0, 0); dst: (2, 76)
event: task_execution; timestamp: 158.546; task: 6; robot: 2; pos: (36, 16); time: 59.7493
event: battery_consumption; timestamp: 158.546; robot: 2; time: 59.7493; initial_level: 96.4448; final_level: 36.6955
event: task_execution; timestamp: 158.546; task: 6; robot: 3; pos: (36, 16); time: 59.7493
event: battery_consumption; timestamp: 158.546; robot: 3; time: 59.7493; initial_level: 99.2121; final_level: 39.4628
event: task_execution; timestamp: 158.546; task: 6; robot: 5; pos: (36, 16); time: 59.7493
event: battery_consumption; timestamp: 158.546; robot: 5; time: 59.7493; initial_level: 87.0334; final_level: 27.2841
event: task_resolution; timestamp: 218.295; task: 6; pos: (36, 16); status: COMPLETED; attempt: 1
event: battery_consumption; timestamp: 218.295; robot: 5; time: 13.7928; initial_level: 27.2841; final_level: 25.9049
event: navigation; timestamp: 218.295; robot: 5; time: 13.7928; src: (36, 16); dst: (2, 76)
event: battery_consumption; timestamp: 218.295; robot: 3; time: 11.449; initial_level: 39.4628; final_level: 38.3179
event: navigation; timestamp: 218.295; robot: 3; time: 11.449; src: (36, 16); dst: (10, 67)
event: battery_consumption; timestamp: 219.295; robot: 2; time: 11.449; initial_level: 36.6955; final_level: 35.5506
event: navigation; timestamp: 219.295; robot: 2; time: 11.449; src: (36, 16); dst: (10, 67)
event: task_execution; timestamp: 232.088; task: 7; robot: 1; pos: (2, 76); time: 12.4795
event: battery_consumption; timestamp: 232.088; robot: 1; time: 12.4795; initial_level: 97.5857; final_level: 85.1062
event: task_execution; timestamp: 232.088; task: 7; robot: 4; pos: (2, 76); time: 12.4795
event: battery_consumption; timestamp: 232.088; robot: 4; time: 12.4795; initial_level: 98.4795; final_level: 86
event: task_execution; timestamp: 232.088; task: 7; robot: 5; pos: (2, 76); time: 12.4795
event: battery_consumption; timestamp: 232.088; robot: 5; time: 12.4795; initial_level: 25.9049; final_level: 13.4254
event: task_resolution; timestamp: 244.568; task: 7; pos: (2, 76); status: COMPLETED; attempt: 1
event: battery_consumption; timestamp: 244.568; robot: 1; time: 2.40832; initial_level: 85.1062; final_level: 84.8654
event: navigation; timestamp: 244.568; robot: 1; time: 2.40832; src: (2, 76); dst: (10, 67)
event: battery_consumption; timestamp: 244.568; robot: 4; time: 27.7027; initial_level: 86; final_level: 83.2297
event: navigation; timestamp: 244.568; robot: 4; time: 27.7027; src: (2, 76); dst: (47, -55)
event: battery_consumption; timestamp: 244.568; robot: 5; time: 15.2053; initial_level: 13.4254; final_level: 11.9048
event: navigation; timestamp: 244.568; robot: 5; time: 15.2053; src: (2, 76); dst: (0, 0)
event: recharge; timestamp: 259.773; robot: 5; recharging_station: 1; pos: (0, 0); level: 100
event: battery_consumption; timestamp: 260.773; robot: 5; time: 24.7976; initial_level: 100; final_level: 97.5202
event: navigation; timestamp: 260.773; robot: 5; time: 24.7976; src: (0, 0); dst: (-82, 93)
event: task_execution; timestamp: 272.27; task: 3; robot: 4; pos: (47, -55); time: 0
event: battery_consumption; timestamp: 272.27; robot: 4; time: 0; initial_level: 83.2297; final_level: 73.2297
event: task_resolution; timestamp: 272.27; task: 3; pos: (47, -55); status: FAILED; attempt: 1
event: battery_consumption; timestamp: 272.27; robot: 4; time: 39.2658; initial_level: 73.2297; final_level: 69.3031
event: navigation; timestamp: 272.27; robot: 4; time: 39.2658; src: (47, -55); dst: (-82, 93)
event: task_execution; timestamp: 246.976; task: 10; robot: 1; pos: (10, 67); time: 35.5506
event: battery_consumption; timestamp: 246.976; robot: 1; time: 35.5506; initial_level: 84.8654; final_level: 74.8654
event: task_execution; timestamp: 246.976; task: 10; robot: 2; pos: (10, 67); time: 35.5506
event: battery_consumption; timestamp: 246.976; robot: 2; time: 35.5506; initial_level: 35.5506; final_level: 25.5506
event: task_execution; timestamp: 246.976; task: 10; robot: 3; pos: (10, 67); time: 35.5506
event: battery_consumption; timestamp: 246.976; robot: 3; time: 35.5506; initial_level: 38.3179; final_level: 28.3179
event: task_resolution; timestamp: 282.527; task: 10; pos: (10, 67); status: FAILED; attempt: 1
event: battery_consumption; timestamp: 282.527; robot: 3; time: 13.5484; initial_level: 28.3179; final_level: 26.963
event: navigation; timestamp: 282.527; robot: 3; time: 13.5484; src: (10, 67); dst: (0, 0)
event: recharge; timestamp: 296.075; robot: 3; recharging_station: 1; pos: (0, 0); level: 100
event: battery_consumption; timestamp: 282.527; robot: 2; time: 19.1207; initial_level: 25.5506; final_level: 23.6385
event: navigation; timestamp: 282.527; robot: 2; time: 19.1207; src: (10, 67); dst: (-82, 93)
event: battery_consumption; timestamp: 282.527; robot: 1; time: 13.3222; initial_level: 74.8654; final_level: 73.5331
event: navigation; timestamp: 282.527; robot: 1; time: 13.3222; src: (10, 67); dst: (-29, 13)
event: recharge; timestamp: 297.075; robot: 3; recharging_station: 1; pos: (0, 0); level: 100
event: battery_consumption; timestamp: 297.075; robot: 3; time: 20.2158; initial_level: 100; final_level: 97.9784
event: navigation; timestamp: 297.075; robot: 3; time: 20.2158; src: (0, 0); dst: (91, 44)
event: task_execution; timestamp: 311.536; task: 8; robot: 2; pos: (-82, 93); time: 23.6385
event: battery_consumption; timestamp: 311.536; robot: 2; time: 23.6385; initial_level: 23.6385; final_level: 13.6385
event: task_execution; timestamp: 311.536; task: 8; robot: 4; pos: (-82, 93); time: 23.6385
event: battery_consumption; timestamp: 311.536; robot: 4; time: 23.6385; initial_level: 69.3031; final_level: 59.3031
event: task_execution; timestamp: 311.536; task: 8; robot: 5; pos: (-82, 93); time: 23.6385
event: battery_consumption; timestamp: 311.536; robot: 5; time: 23.6385; initial_level: 97.5202; final_level: 87.5202
event: task_resolution; timestamp: 335.175; task: 8; pos: (-82, 93); status: FAILED; attempt: 1
event: battery_consumption; timestamp: 335.175; robot: 5; time: 35.9611; initial_level: 87.5202; final_level: 83.9241
event: navigation; timestamp: 335.175; robot: 5; time: 35.9611; src: (-82, 93); dst: (91, 44)
event: battery_consumption; timestamp: 335.175; robot: 2; time: 24.7976; initial_level: 13.6385; final_level: 11.1587
event: navigation; timestamp: 335.175; robot: 2; time: 24.7976; src: (-82, 93); dst: (0, 0)
event: recharge; timestamp: 359.972; robot: 2; recharging_station: 1; pos: (0, 0); level: 100
event: battery_consumption; timestamp: 335.175; robot: 4; time: 24.7976; initial_level: 59.3031; final_level: 56.8234
event: navigation; timestamp: 335.175; robot: 4; time: 24.7976; src: (-82, 93); dst: (0, 0)
event: recharge; timestamp: 359.972; robot: 4; recharging_station: 1; pos: (0, 0); level: 100
event: battery_consumption; timestamp: 359.972; robot: 4; time: 6.3561; initial_level: 100; final_level: 99.3644
event: navigation; timestamp: 359.972; robot: 4; time: 6.3561; src: (0, 0); dst: (-29, 13)
event: battery_consumption; timestamp: 360.972; robot: 2; time: 20.2158; initial_level: 100; final_level: 97.9784
event: navigation; timestamp: 360.972; robot: 2; time: 20.2158; src: (0, 0); dst: (91, 44)
event: task_execution; timestamp: 381.188; task: 9; robot: 2; pos: (91, 44); time: 50.1433
event: battery_consumption; timestamp: 381.188; robot: 2; time: 50.1433; initial_level: 97.9784; final_level: 47.8351
event: task_execution; timestamp: 381.188; task: 9; robot: 3; pos: (91, 44); time: 50.1433
event: battery_consumption; timestamp: 381.188; robot: 3; time: 50.1433; initial_level: 97.9784; final_level: 47.8351
event: task_execution; timestamp: 381.188; task: 9; robot: 5; pos: (91, 44); time: 50.1433
event: battery_consumption; timestamp: 381.188; robot: 5; time: 50.1433; initial_level: 83.9241; final_level: 33.7809
event: task_resolution; timestamp: 431.331; task: 9; pos: (91, 44); status: COMPLETED; attempt: 1
event: battery_consumption; timestamp: 431.331; robot: 3; time: 20.2158; initial_level: 47.8351; final_level: 45.8136
event: navigation; timestamp: 431.331; robot: 3; time: 20.2158; src: (91, 44); dst: (0, 0)
event: robot_finished; timestamp: 451.547; robot: 3; pos: (0, 0); battery: 45.8136
event: battery_consumption; timestamp: 431.331; robot: 2; time: 24.7879; initial_level: 47.8351; final_level: 45.3564
event: navigation; timestamp: 431.331; robot: 2; time: 24.7879; src: (91, 44); dst: (-29, 13)
event: battery_consumption; timestamp: 432.331; robot: 5; time: 20.2158; initial_level: 33.7809; final_level: 31.7593
event: navigation; timestamp: 432.331; robot: 5; time: 20.2158; src: (91, 44); dst: (0, 0)
event: robot_finished; timestamp: 452.547; robot: 5; pos: (0, 0); battery: 31.7593
event: task_execution; timestamp: 456.119; task: 2; robot: 1; pos: (-29, 13); time: 0
event: battery_consumption; timestamp: 456.119; robot: 1; time: 0; initial_level: 73.5331; final_level: 63.5331
event: task_execution; timestamp: 456.119; task: 2; robot: 2; pos: (-29, 13); time: 0
event: battery_consumption; timestamp: 456.119; robot: 2; time: 0; initial_level: 45.3564; final_level: 35.3564
event: task_execution; timestamp: 456.119; task: 2; robot: 4; pos: (-29, 13); time: 0
event: battery_consumption; timestamp: 456.119; robot: 4; time: 0; initial_level: 99.3644; final_level: 89.3644
event: task_resolution; timestamp: 456.119; task: 2; pos: (-29, 13); status: FAILED; attempt: 1
event: battery_consumption; timestamp: 456.119; robot: 4; time: 12.8016; initial_level: 89.3644; final_level: 88.0842
event: navigation; timestamp: 456.119; robot: 4; time: 12.8016; src: (-29, 13); dst: (35, 14)
event: battery_consumption; timestamp: 456.119; robot: 2; time: 6.3561; initial_level: 35.3564; final_level: 34.7207
event: navigation; timestamp: 456.119; robot: 2; time: 6.3561; src: (-29, 13); dst: (0, 0)
event: robot_finished; timestamp: 462.475; robot: 2; pos: (0, 0); battery: 34.7207
event: battery_consumption; timestamp: 458.119; robot: 1; time: 6.3561; initial_level: 63.5331; final_level: 62.8975
event: navigation; timestamp: 458.119; robot: 1; time: 6.3561; src: (-29, 13); dst: (0, 0)
event: robot_finished; timestamp: 464.475; robot: 1; pos: (0, 0); battery: 62.8975
event: task_execution; timestamp: 468.921; task: 5; robot: 4; pos: (35, 14); time: 39.8316
event: battery_consumption; timestamp: 468.921; robot: 4; time: 39.8316; initial_level: 88.0842; final_level: 48.2526
event: task_resolution; timestamp: 508.752; task: 5; pos: (35, 14); status: COMPLETED; attempt: 1
event: battery_consumption; timestamp: 509.752; robot: 4; time: 7.53923; initial_level: 48.2526; final_level: 47.4987
event: navigation; timestamp: 509.752; robot: 4; time: 7.53923; src: (35, 14); dst: (0, 0)
event: robot_finished; timestamp: 517.292; robot: 4; pos: (0, 0); battery: 47.4987
metric: available_agents; value: 0
metric: failed_agents; value: 0
metric: finished_agents; value: 5
metric: completed_tasks; value: 5
metric: pending_tasks; value: 0
metric: failed_tasks; value: 5
metric: average_robot_makespan; value: 469.667
metric: sd_robot_makespan; value: 27.2406
metric: max_robot_makespan; value: 517.292
metric: min_robot_makespan; value: 451.547
metric: average_robot_travel_distance; value: 598.479
metric: sd_robot_travel_distance; value: 300.377
metric: max_robot_travel_distance; value: 985.115
metric: min_robot_travel_distance; value: 231.149
metric: sum_robot_travel_distance; value: 2992.39
metric: average_completed_tasks_by_robot; value: 0
metric: sd_completed_tasks_by_robot; value: 0
metric: max_completed_tasks_by_robot; value: 0
metric: min_completed_tasks_by_robot; value: 0
metric: final_reward; value: 0.5
metric: computing_time; value: 42.9188
