info: solver_name; value: dec-mcts-v1
info: reward_function; value: reward00
info: replica; value: 1
info: filename; value: ../logs/prueba/scenario_10t_04_5r_dec-mcts-v1_reward00_001.log
info: scenario_name; value: scenario_10t_04_5r
info: scenario_name; value: scenario_10t_04_5r
info: number_of_tasks; value: 10
info: number_of_robots; value: 5
info: number_of_recharging_stations; value: 1
info: scenario_size; value: (200,200)
event: recharging_station_spawn; timestamp: 0; recharging_station: 1; pos: (0, 0)
event: task_spawn; timestamp: 0; task: 1; pos: (85, 82); earliest_start: 0; latest_start: 720; state: PENDING; required_workers: 3; success_prob: 0.6; max_attempts: 1
event: task_spawn; timestamp: 0; task: 2; pos: (32, -9); earliest_start: 0; latest_start: 540; state: PENDING; required_workers: 3; success_prob: 0.9; max_attempts: 1
event: task_spawn; timestamp: 0; task: 3; pos: (-6, 32); earliest_start: 0; latest_start: 450; state: PENDING; required_workers: 1; success_prob: 0.6; max_attempts: 1
event: task_spawn; timestamp: 0; task: 4; pos: (21, -17); earliest_start: 0; latest_start: 720; state: PENDING; required_workers: 1; success_prob: 0.6; max_attempts: 1
event: task_spawn; timestamp: 0; task: 5; pos: (-34, -83); earliest_start: 0; latest_start: 900; state: PENDING; required_workers: 3; success_prob: 0.8; max_attempts: 1
event: task_spawn; timestamp: 0; task: 6; pos: (-62, -22); earliest_start: 0; latest_start: 1080; state: PENDING; required_workers: 1; success_prob: 0.8; max_attempts: 1
event: task_spawn; timestamp: 0; task: 7; pos: (87, 29); earliest_start: 0; latest_start: 450; state: PENDING; required_workers: 3; success_prob: 0.6; max_attempts: 1
event: task_spawn; timestamp: 0; task: 8; pos: (16, 57); earliest_start: 0; latest_start: 270; state: PENDING; required_workers: 1; success_prob: 0.8; max_attempts: 1
event: task_spawn; timestamp: 0; task: 9; pos: (9, 58); earliest_start: 0; latest_start: 360; state: PENDING; required_workers: 3; success_prob: 0.8; max_attempts: 1
event: task_spawn; timestamp: 0; task: 10; pos: (58, 6); earliest_start: 0; latest_start: 720; state: PENDING; required_workers: 1; success_prob: 0.8; max_attempts: 1
event: robot_spawn; timestamp: 0; robot: 1; pos: (0, 0); state: AVAILABLE; battery_level: 100; battery_capacity: 100; velocity: 5; battery_rate_nav: 0.1
event: robot_spawn; timestamp: 0; robot: 2; pos: (0, 0); state: AVAILABLE; battery_level: 100; battery_capacity: 100; velocity: 5; battery_rate_nav: 0.1
event: robot_spawn; timestamp: 0; robot: 3; pos: (0, 0); state: AVAILABLE; battery_level: 100; battery_capacity: 100; velocity: 5; battery_rate_nav: 0.1
event: robot_spawn; timestamp: 0; robot: 4; pos: (0, 0); state: AVAILABLE; battery_level: 100; battery_capacity: 100; velocity: 5; battery_rate_nav: 0.1
event: robot_spawn; timestamp: 0; robot: 5; pos: (0, 0); state: AVAILABLE; battery_level: 100; battery_capacity: 100; velocity: 5; battery_rate_nav: 0.1
event: battery_consumption; timestamp: 0; robot: 5; time: 11.8406; initial_level: 100; final_level: 98.8159
event: navigation; timestamp: 0; robot: 5; time: 11.8406; src: (0, 0); dst: (16, 57)
event: battery_consumption; timestamp: 0; robot: 3; time: 6.51153; initial_level: 100; final_level: 99.3488
event: navigation; timestamp: 0; robot: 3; time: 6.51153; src: (0, 0); dst: (-6, 32)
event: battery_consumption; timestamp: 1; robot: 4; time: 6.64831; initial_level: 100; final_level: 99.3352
event: navigation; timestamp: 1; robot: 4; time: 6.64831; src: (0, 0); dst: (32, -9)
event: battery_consumption; timestamp: 1; robot: 1; time: 6.64831; initial_level: 100; final_level: 99.3352
event: navigation; timestamp: 1; robot: 1; time: 6.64831; src: (0, 0); dst: (32, -9)
event: battery_consumption; timestamp: 1; robot: 2; time: 23.6212; initial_level: 100; final_level: 97.6379
event: navigation; timestamp: 1; robot: 2; time: 23.6212; src: (0, 0); dst: (85, 82)
event: task_execution; timestamp: 11.8406; task: 8; robot: 5; pos: (16, 57); time: 49.224
event: battery_consumption; timestamp: 11.8406; robot: 5; time: 49.224; initial_level: 98.8159; final_level: 49.5919
event: task_resolution; timestamp: 61.0646; task: 8; pos: (16, 57); status: COMPLETED; attempt: 1
event: battery_consumption; timestamp: 61.0646; robot: 5; time: 13.5823; initial_level: 49.5919; final_level: 48.2337
event: navigation; timestamp: 61.0646; robot: 5; time: 13.5823; src: (16, 57); dst: (32, -9)
event: task_execution; timestamp: 6.51153; task: 3; robot: 3; pos: (-6, 32); time: 62.2125
event: battery_consumption; timestamp: 6.51153; robot: 3; time: 62.2125; initial_level: 99.3488; final_level: 37.1364
event: task_resolution; timestamp: 68.724; task: 3; pos: (-6, 32); status: COMPLETED; attempt: 1
event: battery_consumption; timestamp: 69.724; robot: 3; time: 20.7663; initial_level: 37.1364; final_level: 35.0597
event: navigation; timestamp: 69.724; robot: 3; time: 20.7663; src: (-6, 32); dst: (85, 82)
event: task_execution; timestamp: 74.647; task: 2; robot: 1; pos: (32, -9); time: 0
event: battery_consumption; timestamp: 74.647; robot: 1; time: 0; initial_level: 99.3352; final_level: 99.3352
event: task_execution; timestamp: 74.647; task: 2; robot: 4; pos: (32, -9); time: 0
event: battery_consumption; timestamp: 74.647; robot: 4; time: 0; initial_level: 99.3352; final_level: 99.3352
event: task_execution; timestamp: 74.647; task: 2; robot: 5; pos: (32, -9); time: 0
event: battery_consumption; timestamp: 74.647; robot: 5; time: 0; initial_level: 48.2337; final_level: 48.2337
event: task_resolution; timestamp: 74.647; task: 2; pos: (32, -9); status: COMPLETED; attempt: 1
event: battery_consumption; timestamp: 74.647; robot: 5; time: 21.0618; initial_level: 48.2337; final_level: 46.1275
event: navigation; timestamp: 74.647; robot: 5; time: 21.0618; src: (32, -9); dst: (85, 82)
event: battery_consumption; timestamp: 75.647; robot: 1; time: 6.00333; initial_level: 99.3352; final_level: 98.7348
event: navigation; timestamp: 75.647; robot: 1; time: 6.00333; src: (32, -9); dst: (58, 6)
event: battery_consumption; timestamp: 75.647; robot: 4; time: 6.64831; initial_level: 99.3352; final_level: 98.6703
event: navigation; timestamp: 75.647; robot: 4; time: 6.64831; src: (32, -9); dst: (0, 0)
event: recharge; timestamp: 82.2953; robot: 4; recharging_station: 1; pos: (0, 0); level: 100
event: task_execution; timestamp: 81.6503; task: 10; robot: 1; pos: (58, 6); time: 0
event: battery_consumption; timestamp: 81.6503; robot: 1; time: 0; initial_level: 98.7348; final_level: 98.7348
event: task_resolution; timestamp: 81.6503; task: 10; pos: (58, 6); status: COMPLETED; attempt: 1
event: battery_consumption; timestamp: 81.6503; robot: 1; time: 14.2899; initial_level: 98.7348; final_level: 97.3059
event: navigation; timestamp: 81.6503; robot: 1; time: 14.2899; src: (58, 6); dst: (9, 58)
event: battery_consumption; timestamp: 82.2953; robot: 4; time: 5.4037; initial_level: 100; final_level: 99.4596
event: navigation; timestamp: 82.2953; robot: 4; time: 5.4037; src: (0, 0); dst: (21, -17)
event: task_execution; timestamp: 87.699; task: 4; robot: 4; pos: (21, -17); time: 0
event: battery_consumption; timestamp: 87.699; robot: 4; time: 0; initial_level: 99.4596; final_level: 89.4596
event: task_resolution; timestamp: 87.699; task: 4; pos: (21, -17); status: FAILED; attempt: 1
event: battery_consumption; timestamp: 87.699; robot: 4; time: 16.6301; initial_level: 89.4596; final_level: 87.7966
event: navigation; timestamp: 87.699; robot: 4; time: 16.6301; src: (21, -17); dst: (-62, -22)
event: task_execution; timestamp: 95.7088; task: 1; robot: 2; pos: (85, 82); time: 0
event: battery_consumption; timestamp: 95.7088; robot: 2; time: 0; initial_level: 97.6379; final_level: 87.6379
event: task_execution; timestamp: 95.7088; task: 1; robot: 3; pos: (85, 82); time: 0
event: battery_consumption; timestamp: 95.7088; robot: 3; time: 0; initial_level: 35.0597; final_level: 25.0597
event: task_execution; timestamp: 95.7088; task: 1; robot: 5; pos: (85, 82); time: 0
event: battery_consumption; timestamp: 95.7088; robot: 5; time: 0; initial_level: 46.1275; final_level: 36.1275
event: task_resolution; timestamp: 95.7088; task: 1; pos: (85, 82); status: FAILED; attempt: 1
event: battery_consumption; timestamp: 95.7088; robot: 3; time: 15.9399; initial_level: 25.0597; final_level: 23.4657
event: navigation; timestamp: 95.7088; robot: 3; time: 15.9399; src: (85, 82); dst: (9, 58)
event: battery_consumption; timestamp: 95.7088; robot: 5; time: 15.9399; initial_level: 36.1275; final_level: 34.5335
event: navigation; timestamp: 95.7088; robot: 5; time: 15.9399; src: (85, 82); dst: (9, 58)
event: battery_consumption; timestamp: 97.7088; robot: 2; time: 23.6212; initial_level: 87.6379; final_level: 85.2758
event: navigation; timestamp: 97.7088; robot: 2; time: 23.6212; src: (85, 82); dst: (0, 0)
event: recharge; timestamp: 121.33; robot: 2; recharging_station: 1; pos: (0, 0); level: 100
event: task_execution; timestamp: 104.329; task: 6; robot: 4; pos: (-62, -22); time: 0
event: battery_consumption; timestamp: 104.329; robot: 4; time: 0; initial_level: 87.7966; final_level: 87.7966
event: task_resolution; timestamp: 104.329; task: 6; pos: (-62, -22); status: COMPLETED; attempt: 1
event: battery_consumption; timestamp: 104.329; robot: 4; time: 13.1575; initial_level: 87.7966; final_level: 86.4809
event: navigation; timestamp: 104.329; robot: 4; time: 13.1575; src: (-62, -22); dst: (0, 0)
event: recharge; timestamp: 117.487; robot: 4; recharging_station: 1; pos: (0, 0); level: 100
event: task_execution; timestamp: 111.649; task: 9; robot: 1; pos: (9, 58); time: 0
event: battery_consumption; timestamp: 111.649; robot: 1; time: 0; initial_level: 97.3059; final_level: 97.3059
event: task_execution; timestamp: 111.649; task: 9; robot: 3; pos: (9, 58); time: 0
event: battery_consumption; timestamp: 111.649; robot: 3; time: 0; initial_level: 23.4657; final_level: 23.4657
event: task_execution; timestamp: 111.649; task: 9; robot: 5; pos: (9, 58); time: 0
event: battery_consumption; timestamp: 111.649; robot: 5; time: 0; initial_level: 34.5335; final_level: 34.5335
event: task_resolution; timestamp: 111.649; task: 9; pos: (9, 58); status: COMPLETED; attempt: 1
event: battery_consumption; timestamp: 111.649; robot: 1; time: 16.6433; initial_level: 97.3059; final_level: 95.6415
event: navigation; timestamp: 111.649; robot: 1; time: 16.6433; src: (9, 58); dst: (87, 29)
event: battery_consumption; timestamp: 111.649; robot: 5; time: 16.6433; initial_level: 34.5335; final_level: 32.8692
event: navigation; timestamp: 111.649; robot: 5; time: 16.6433; src: (9, 58); dst: (87, 29)
event: battery_consumption; timestamp: 111.649; robot: 3; time: 11.7388; initial_level: 23.4657; final_level: 22.2919
event: navigation; timestamp: 111.649; robot: 3; time: 11.7388; src: (9, 58); dst: (0, 0)
event: recharge; timestamp: 123.388; robot: 3; recharging_station: 1; pos: (0, 0); level: 100
event: battery_consumption; timestamp: 117.487; robot: 4; time: 17.9388; initial_level: 100; final_level: 98.2061
event: navigation; timestamp: 117.487; robot: 4; time: 17.9388; src: (0, 0); dst: (-34, -83)
event: battery_consumption; timestamp: 121.33; robot: 2; time: 17.9388; initial_level: 100; final_level: 98.2061
event: navigation; timestamp: 121.33; robot: 2; time: 17.9388; src: (0, 0); dst: (-34, -83)
event: battery_consumption; timestamp: 123.388; robot: 3; time: 17.9388; initial_level: 100; final_level: 98.2061
event: navigation; timestamp: 123.388; robot: 3; time: 17.9388; src: (0, 0); dst: (-34, -83)
event: task_execution; timestamp: 141.326; task: 5; robot: 2; pos: (-34, -83); time: 16.5974
event: battery_consumption; timestamp: 141.326; robot: 2; time: 16.5974; initial_level: 98.2061; final_level: 81.6087
event: task_execution; timestamp: 141.326; task: 5; robot: 3; pos: (-34, -83); time: 16.5974
event: battery_consumption; timestamp: 141.326; robot: 3; time: 16.5974; initial_level: 98.2061; final_level: 81.6087
event: task_execution; timestamp: 141.326; task: 5; robot: 4; pos: (-34, -83); time: 16.5974
event: battery_consumption; timestamp: 141.326; robot: 4; time: 16.5974; initial_level: 98.2061; final_level: 81.6087
event: task_resolution; timestamp: 157.924; task: 5; pos: (-34, -83); status: COMPLETED; attempt: 1
event: battery_consumption; timestamp: 157.924; robot: 4; time: 32.9757; initial_level: 81.6087; final_level: 78.3112
event: navigation; timestamp: 157.924; robot: 4; time: 32.9757; src: (-34, -83); dst: (87, 29)
event: battery_consumption; timestamp: 157.924; robot: 2; time: 17.9388; initial_level: 81.6087; final_level: 79.8149
event: navigation; timestamp: 157.924; robot: 2; time: 17.9388; src: (-34, -83); dst: (0, 0)
event: recharge; timestamp: 175.862; robot: 2; recharging_station: 1; pos: (0, 0); level: 100
event: battery_consumption; timestamp: 157.924; robot: 3; time: 17.9388; initial_level: 81.6087; final_level: 79.8149
event: navigation; timestamp: 157.924; robot: 3; time: 17.9388; src: (-34, -83); dst: (0, 0)
event: robot_finished; timestamp: 175.862; robot: 3; pos: (0, 0); battery: 79.8149
event: robot_finished; timestamp: 176.862; robot: 2; pos: (0, 0); battery: 100
event: task_execution; timestamp: 190.899; task: 7; robot: 1; pos: (87, 29); time: 0
event: battery_consumption; timestamp: 190.899; robot: 1; time: 0; initial_level: 95.6415; final_level: 85.6415
event: task_execution; timestamp: 190.899; task: 7; robot: 4; pos: (87, 29); time: 0
event: battery_consumption; timestamp: 190.899; robot: 4; time: 0; initial_level: 78.3112; final_level: 68.3112
event: task_execution; timestamp: 190.899; task: 7; robot: 5; pos: (87, 29); time: 0
event: battery_consumption; timestamp: 190.899; robot: 5; time: 0; initial_level: 32.8692; final_level: 22.8692
event: task_resolution; timestamp: 190.899; task: 7; pos: (87, 29); status: FAILED; attempt: 1
event: battery_consumption; timestamp: 190.899; robot: 5; time: 18.3412; initial_level: 22.8692; final_level: 21.035
event: navigation; timestamp: 190.899; robot: 5; time: 18.3412; src: (87, 29); dst: (0, 0)
event: robot_finished; timestamp: 209.241; robot: 5; pos: (0, 0); battery: 21.035
event: battery_consumption; timestamp: 190.899; robot: 4; time: 18.3412; initial_level: 68.3112; final_level: 66.477
event: navigation; timestamp: 190.899; robot: 4; time: 18.3412; src: (87, 29); dst: (0, 0)
event: robot_finished; timestamp: 209.241; robot: 4; pos: (0, 0); battery: 66.477
event: battery_consumption; timestamp: 190.899; robot: 1; time: 18.3412; initial_level: 85.6415; final_level: 83.8074
event: navigation; timestamp: 190.899; robot: 1; time: 18.3412; src: (87, 29); dst: (0, 0)
event: recharge; timestamp: 209.241; robot: 1; recharging_station: 1; pos: (0, 0); level: 100
event: robot_finished; timestamp: 210.241; robot: 1; pos: (0, 0); battery: 100
metric: available_agents; value: 0
metric: failed_agents; value: 0
metric: finished_agents; value: 5
metric: completed_tasks; value: 7
metric: pending_tasks; value: 0
metric: failed_tasks; value: 3
metric: average_robot_makespan; value: 196.289
metric: sd_robot_makespan; value: 18.1987
metric: max_robot_makespan; value: 210.241
metric: min_robot_makespan; value: 175.862
metric: average_robot_travel_distance; value: 451.033
metric: sd_robot_travel_distance; value: 101.875
metric: max_robot_travel_distance; value: 588.718
metric: min_robot_travel_distance; value: 309.63
metric: sum_robot_travel_distance; value: 2255.16
metric: average_completed_tasks_by_robot; value: 0
metric: sd_completed_tasks_by_robot; value: 0
metric: max_completed_tasks_by_robot; value: 0
metric: min_completed_tasks_by_robot; value: 0
metric: final_reward; value: 0.7
metric: computing_time; value: 15.3264
