info: solver_name; value: dec-mcts-v2
info: reward_function; value: reward00
info: replica; value: 1
info: filename; value: ../logs/prueba/scenario_10t_05_5r_dec-mcts-v2_reward00_001.log
info: scenario_name; value: scenario_10t_05_5r
info: scenario_name; value: scenario_10t_05_5r
info: number_of_tasks; value: 10
info: number_of_robots; value: 5
info: number_of_recharging_stations; value: 1
info: scenario_size; value: (200,200)
event: recharging_station_spawn; timestamp: 0; recharging_station: 1; pos: (0, 0)
event: task_spawn; timestamp: 0; task: 1; pos: (73, -33); earliest_start: 0; latest_start: 630; state: PENDING; required_workers: 3; success_prob: 0.7; max_attempts: 1
event: task_spawn; timestamp: 0; task: 2; pos: (55, -32); earliest_start: 0; latest_start: 270; state: PENDING; required_workers: 3; success_prob: 0.6; max_attempts: 1
event: task_spawn; timestamp: 0; task: 3; pos: (-51, 63); earliest_start: 0; latest_start: 900; state: PENDING; required_workers: 3; success_prob: 0.7; max_attempts: 1
event: task_spawn; timestamp: 0; task: 4; pos: (-87, 67); earliest_start: 0; latest_start: 360; state: PENDING; required_workers: 2; success_prob: 0.8; max_attempts: 1
event: task_spawn; timestamp: 0; task: 5; pos: (2, 42); earliest_start: 0; latest_start: 810; state: PENDING; required_workers: 2; success_prob: 0.9; max_attempts: 1
event: task_spawn; timestamp: 0; task: 6; pos: (49, 10); earliest_start: 0; latest_start: 270; state: PENDING; required_workers: 2; success_prob: 0.9; max_attempts: 1
event: task_spawn; timestamp: 0; task: 7; pos: (83, 98); earliest_start: 0; latest_start: 360; state: PENDING; required_workers: 3; success_prob: 0.8; max_attempts: 1
event: task_spawn; timestamp: 0; task: 8; pos: (-28, 43); earliest_start: 0; latest_start: 810; state: PENDING; required_workers: 2; success_prob: 0.7; max_attempts: 1
event: task_spawn; timestamp: 0; task: 9; pos: (-32, 70); earliest_start: 0; latest_start: 360; state: PENDING; required_workers: 2; success_prob: 0.6; max_attempts: 1
event: task_spawn; timestamp: 0; task: 10; pos: (-19, -50); earliest_start: 0; latest_start: 720; state: PENDING; required_workers: 3; success_prob: 0.9; max_attempts: 1
event: robot_spawn; timestamp: 0; robot: 1; pos: (0, 0); state: AVAILABLE; battery_level: 100; battery_capacity: 100; velocity: 5; battery_rate_nav: 0.1
event: robot_spawn; timestamp: 0; robot: 2; pos: (0, 0); state: AVAILABLE; battery_level: 100; battery_capacity: 100; velocity: 5; battery_rate_nav: 0.1
event: robot_spawn; timestamp: 0; robot: 3; pos: (0, 0); state: AVAILABLE; battery_level: 100; battery_capacity: 100; velocity: 5; battery_rate_nav: 0.1
event: robot_spawn; timestamp: 0; robot: 4; pos: (0, 0); state: AVAILABLE; battery_level: 100; battery_capacity: 100; velocity: 5; battery_rate_nav: 0.1
event: robot_spawn; timestamp: 0; robot: 5; pos: (0, 0); state: AVAILABLE; battery_level: 100; battery_capacity: 100; velocity: 5; battery_rate_nav: 0.1
event: battery_consumption; timestamp: 0; robot: 2; time: 10.002; initial_level: 100; final_level: 98.9998
event: navigation; timestamp: 0; robot: 2; time: 10.002; src: (0, 0); dst: (49, 10)
event: battery_consumption; timestamp: 0; robot: 1; time: 10.002; initial_level: 100; final_level: 98.9998
event: navigation; timestamp: 0; robot: 1; time: 10.002; src: (0, 0); dst: (49, 10)
event: battery_consumption; timestamp: 1; robot: 5; time: 21.9618; initial_level: 100; final_level: 97.8038
event: navigation; timestamp: 1; robot: 5; time: 21.9618; src: (0, 0); dst: (-87, 67)
event: battery_consumption; timestamp: 1; robot: 3; time: 15.3935; initial_level: 100; final_level: 98.4606
event: navigation; timestamp: 1; robot: 3; time: 15.3935; src: (0, 0); dst: (-32, 70)
event: battery_consumption; timestamp: 1; robot: 4; time: 21.9618; initial_level: 100; final_level: 97.8038
event: navigation; timestamp: 1; robot: 4; time: 21.9618; src: (0, 0); dst: (-87, 67)
event: task_execution; timestamp: 10.002; task: 6; robot: 1; pos: (49, 10); time: 0
event: battery_consumption; timestamp: 10.002; robot: 1; time: 0; initial_level: 98.9998; final_level: 98.9998
event: task_execution; timestamp: 10.002; task: 6; robot: 2; pos: (49, 10); time: 0
event: battery_consumption; timestamp: 10.002; robot: 2; time: 0; initial_level: 98.9998; final_level: 98.9998
event: task_resolution; timestamp: 10.002; task: 6; pos: (49, 10); status: COMPLETED; attempt: 1
event: battery_consumption; timestamp: 10.002; robot: 1; time: 20.1604; initial_level: 98.9998; final_level: 96.9838
event: navigation; timestamp: 10.002; robot: 1; time: 20.1604; src: (49, 10); dst: (-32, 70)
event: battery_consumption; timestamp: 11.002; robot: 2; time: 11.3719; initial_level: 98.9998; final_level: 97.8626
event: navigation; timestamp: 11.002; robot: 2; time: 11.3719; src: (49, 10); dst: (2, 42)
event: task_execution; timestamp: 30.1624; task: 9; robot: 1; pos: (-32, 70); time: 0
event: battery_consumption; timestamp: 30.1624; robot: 1; time: 0; initial_level: 96.9838; final_level: 86.9838
event: task_execution; timestamp: 30.1624; task: 9; robot: 3; pos: (-32, 70); time: 0
event: battery_consumption; timestamp: 30.1624; robot: 3; time: 0; initial_level: 98.4606; final_level: 88.4606
event: task_resolution; timestamp: 30.1624; task: 9; pos: (-32, 70); status: FAILED; attempt: 1
event: battery_consumption; timestamp: 30.1624; robot: 3; time: 4.04969; initial_level: 88.4606; final_level: 88.0557
event: navigation; timestamp: 30.1624; robot: 3; time: 4.04969; src: (-32, 70); dst: (-51, 63)
event: battery_consumption; timestamp: 30.1624; robot: 1; time: 4.04969; initial_level: 86.9838; final_level: 86.5788
event: navigation; timestamp: 30.1624; robot: 1; time: 4.04969; src: (-32, 70); dst: (-51, 63)
event: task_execution; timestamp: 22.9618; task: 4; robot: 4; pos: (-87, 67); time: 91.0989
event: battery_consumption; timestamp: 22.9618; robot: 4; time: 91.0989; initial_level: 97.8038; final_level: 6.70494
event: task_execution; timestamp: 22.9618; task: 4; robot: 5; pos: (-87, 67); time: 91.0989
event: battery_consumption; timestamp: 22.9618; robot: 5; time: 91.0989; initial_level: 97.8038; final_level: 6.70494
event: task_resolution; timestamp: 114.061; task: 4; pos: (-87, 67); status: COMPLETED; attempt: 1
event: battery_consumption; timestamp: 114.061; robot: 4; time: 7.24431; initial_level: 6.70494; final_level: 5.98051
event: navigation; timestamp: 114.061; robot: 4; time: 7.24431; src: (-87, 67); dst: (-51, 63)
event: battery_consumption; timestamp: 115.061; robot: 5; time: 12.7389; initial_level: 6.70494; final_level: 5.43104
event: navigation; timestamp: 115.061; robot: 5; time: 12.7389; src: (-87, 67); dst: (-28, 43)
event: task_execution; timestamp: 121.305; task: 3; robot: 1; pos: (-51, 63); time: 5.98051
event: battery_consumption; timestamp: 121.305; robot: 1; time: 5.98051; initial_level: 86.5788; final_level: 76.5788
event: task_execution; timestamp: 121.305; task: 3; robot: 3; pos: (-51, 63); time: 5.98051
event: battery_consumption; timestamp: 121.305; robot: 3; time: 5.98051; initial_level: 88.0557; final_level: 78.0557
event: task_execution; timestamp: 121.305; task: 3; robot: 4; pos: (-51, 63); time: 5.98051
event: battery_consumption; timestamp: 121.305; robot: 4; time: 5.98051; initial_level: 5.98051; final_level: -4.01949
event: robot_failed; timestamp: 127.285; robot: 4; pos: (-51, 63)
event: task_resolution; timestamp: 127.285; task: 3; pos: (-51, 63); status: FAILED; attempt: 1
event: battery_consumption; timestamp: 127.285; robot: 3; time: 31.3637; initial_level: 78.0557; final_level: 74.9193
event: navigation; timestamp: 127.285; robot: 3; time: 31.3637; src: (-51, 63); dst: (73, -33)
event: battery_consumption; timestamp: 127.285; robot: 1; time: 31.3637; initial_level: 76.5788; final_level: 73.4424
event: navigation; timestamp: 127.285; robot: 1; time: 31.3637; src: (-51, 63); dst: (73, -33)
event: battery_consumption; timestamp: 630; robot: 3; time: 20.6553; initial_level: 74.9193; final_level: 72.8538
event: navigation; timestamp: 630; robot: 3; time: 20.6553; src: (73, -33); dst: (2, 42)
event: battery_consumption; timestamp: 631; robot: 1; time: 18.7115; initial_level: 73.4424; final_level: 71.5713
event: navigation; timestamp: 631; robot: 1; time: 18.7115; src: (73, -33); dst: (-19, -50)
event: battery_consumption; timestamp: 720; robot: 1; time: 18.6869; initial_level: 71.5713; final_level: 69.7026
event: navigation; timestamp: 720; robot: 1; time: 18.6869; src: (-19, -50); dst: (-28, 43)
event: task_execution; timestamp: 650.655; task: 5; robot: 2; pos: (2, 42); time: 72.8538
event: battery_consumption; timestamp: 650.655; robot: 2; time: 72.8538; initial_level: 97.8626; final_level: 87.8626
event: task_execution; timestamp: 650.655; task: 5; robot: 3; pos: (2, 42); time: 72.8538
event: battery_consumption; timestamp: 650.655; robot: 3; time: 72.8538; initial_level: 72.8538; final_level: 62.8538
event: task_resolution; timestamp: 723.509; task: 5; pos: (2, 42); status: FAILED; attempt: 1
event: battery_consumption; timestamp: 724.509; robot: 3; time: 8.40952; initial_level: 62.8538; final_level: 62.0128
event: navigation; timestamp: 724.509; robot: 3; time: 8.40952; src: (2, 42); dst: (0, 0)
event: robot_finished; timestamp: 732.919; robot: 3; pos: (0, 0); battery: 62.0128
event: battery_consumption; timestamp: 727.509; robot: 2; time: 8.40952; initial_level: 87.8626; final_level: 87.0217
event: navigation; timestamp: 727.509; robot: 2; time: 8.40952; src: (2, 42); dst: (0, 0)
event: recharge; timestamp: 735.919; robot: 2; recharging_station: 1; pos: (0, 0); level: 100
event: robot_finished; timestamp: 735.919; robot: 2; pos: (0, 0); battery: 100
event: task_execution; timestamp: 738.687; task: 8; robot: 1; pos: (-28, 43); time: 5.43104
event: battery_consumption; timestamp: 738.687; robot: 1; time: 5.43104; initial_level: 69.7026; final_level: 59.7026
event: task_execution; timestamp: 738.687; task: 8; robot: 5; pos: (-28, 43); time: 5.43104
event: battery_consumption; timestamp: 738.687; robot: 5; time: 5.43104; initial_level: 5.43104; final_level: -4.56896
event: robot_failed; timestamp: 744.118; robot: 5; pos: (-28, 43)
event: task_resolution; timestamp: 744.118; task: 8; pos: (-28, 43); status: FAILED; attempt: 1
event: battery_consumption; timestamp: 745.118; robot: 1; time: 10.2626; initial_level: 59.7026; final_level: 58.6763
event: navigation; timestamp: 745.118; robot: 1; time: 10.2626; src: (-28, 43); dst: (0, 0)
event: robot_finished; timestamp: 755.38; robot: 1; pos: (0, 0); battery: 58.6763
metric: available_agents; value: 0
metric: failed_agents; value: 2
metric: finished_agents; value: 3
metric: completed_tasks; value: 2
metric: pending_tasks; value: 0
metric: failed_tasks; value: 8
metric: average_robot_makespan; value: 619.124
metric: sd_robot_makespan; value: 275.084
metric: max_robot_makespan; value: 755.38
metric: min_robot_makespan; value: 127.285
metric: average_robot_travel_distance; value: 286.799
metric: sd_robot_travel_distance; value: 188.672
metric: max_robot_travel_distance; value: 566.183
metric: min_robot_travel_distance; value: 146.03
metric: sum_robot_travel_distance; value: 1433.99
metric: average_completed_tasks_by_robot; value: 0
metric: sd_completed_tasks_by_robot; value: 0
metric: max_completed_tasks_by_robot; value: 0
metric: min_completed_tasks_by_robot; value: 0
metric: final_reward; value: 0.2
metric: computing_time; value: 36.2194
