info: solver_name; value: dec-mcts-v2
info: reward_function; value: reward00
info: replica; value: 1
info: filename; value: ../logs/prueba/scenario_1E_24t_2r_dec-mcts-v2_reward00_001.log
info: scenario_name; value: scenario_1E_24t_2r
info: scenario_name; value: scenario_1E_24t_2r
info: number_of_tasks; value: 24
info: number_of_robots; value: 2
info: number_of_recharging_stations; value: 1
info: scenario_size; value: (15,15)
event: recharging_station_spawn; timestamp: 0; recharging_station: 1; pos: (0, 0)
event: task_spawn; timestamp: 0; task: 1; pos: (0, 5); earliest_start: 5; latest_start: 16.53; state: PENDING; required_workers: 1; success_prob: 1; max_attempts: 1
event: task_spawn; timestamp: 0; task: 2; pos: (0.87, 4.5); earliest_start: 27; latest_start: 32.41; state: PENDING; required_workers: 1; success_prob: 1; max_attempts: 1
event: task_spawn; timestamp: 0; task: 3; pos: (0.87, 3.5); earliest_start: 34; latest_start: 39.54; state: PENDING; required_workers: 1; success_prob: 1; max_attempts: 1
event: task_spawn; timestamp: 0; task: 4; pos: (0, 3); earliest_start: 18; latest_start: 24.65; state: PENDING; required_workers: 1; success_prob: 1; max_attempts: 1
event: task_spawn; timestamp: 0; task: 5; pos: (-0.87, 3.5); earliest_start: 42; latest_start: 51.47; state: PENDING; required_workers: 1; success_prob: 1; max_attempts: 1
event: task_spawn; timestamp: 0; task: 6; pos: (-0.87, 4.5); earliest_start: 18; latest_start: 29.1; state: PENDING; required_workers: 1; success_prob: 1; max_attempts: 1
event: task_spawn; timestamp: 0; task: 7; pos: (4, 1); earliest_start: 27; latest_start: 35.58; state: PENDING; required_workers: 1; success_prob: 1; max_attempts: 1
event: task_spawn; timestamp: 0; task: 8; pos: (4.87, 0.5); earliest_start: 10; latest_start: 23.82; state: PENDING; required_workers: 1; success_prob: 1; max_attempts: 1
event: task_spawn; timestamp: 0; task: 9; pos: (4.87, -0.5); earliest_start: 2; latest_start: 10.97; state: PENDING; required_workers: 1; success_prob: 1; max_attempts: 1
event: task_spawn; timestamp: 0; task: 10; pos: (4, -1); earliest_start: 46; latest_start: 53.41; state: PENDING; required_workers: 1; success_prob: 1; max_attempts: 1
event: task_spawn; timestamp: 0; task: 11; pos: (3.13, -0.5); earliest_start: 27; latest_start: 38.92; state: PENDING; required_workers: 1; success_prob: 1; max_attempts: 1
event: task_spawn; timestamp: 0; task: 12; pos: (3.13, 0.5); earliest_start: 17; latest_start: 24.96; state: PENDING; required_workers: 1; success_prob: 1; max_attempts: 1
event: task_spawn; timestamp: 0; task: 13; pos: (0, -3); earliest_start: 3; latest_start: 9.6; state: PENDING; required_workers: 1; success_prob: 1; max_attempts: 1
event: task_spawn; timestamp: 0; task: 14; pos: (0.87, -3.5); earliest_start: 4; latest_start: 9.92; state: PENDING; required_workers: 1; success_prob: 1; max_attempts: 1
event: task_spawn; timestamp: 0; task: 15; pos: (0.87, -4.5); earliest_start: 32; latest_start: 40.54; state: PENDING; required_workers: 1; success_prob: 1; max_attempts: 1
event: task_spawn; timestamp: 0; task: 16; pos: (0, -5); earliest_start: 47; latest_start: 54.3; state: PENDING; required_workers: 1; success_prob: 1; max_attempts: 1
event: task_spawn; timestamp: 0; task: 17; pos: (-0.87, -4.5); earliest_start: 9; latest_start: 15.82; state: PENDING; required_workers: 1; success_prob: 1; max_attempts: 1
event: task_spawn; timestamp: 0; task: 18; pos: (-0.87, -3.5); earliest_start: 38; latest_start: 41.3; state: PENDING; required_workers: 1; success_prob: 1; max_attempts: 1
event: task_spawn; timestamp: 0; task: 19; pos: (-4, 1); earliest_start: 8; latest_start: 16.59; state: PENDING; required_workers: 1; success_prob: 1; max_attempts: 1
event: task_spawn; timestamp: 0; task: 20; pos: (-3.13, 0.5); earliest_start: 4; latest_start: 11.1; state: PENDING; required_workers: 1; success_prob: 1; max_attempts: 1
event: task_spawn; timestamp: 0; task: 21; pos: (-3.13, -0.5); earliest_start: 23; latest_start: 33.38; state: PENDING; required_workers: 1; success_prob: 1; max_attempts: 1
event: task_spawn; timestamp: 0; task: 22; pos: (-4, -1); earliest_start: 24; latest_start: 38.3; state: PENDING; required_workers: 1; success_prob: 1; max_attempts: 1
event: task_spawn; timestamp: 0; task: 23; pos: (-4.87, -0.5); earliest_start: 9; latest_start: 19.73; state: PENDING; required_workers: 1; success_prob: 1; max_attempts: 1
event: task_spawn; timestamp: 0; task: 24; pos: (-4.87, 0.5); earliest_start: 43; latest_start: 52.76; state: PENDING; required_workers: 1; success_prob: 1; max_attempts: 1
event: robot_spawn; timestamp: 0; robot: 1; pos: (0, 0); state: AVAILABLE; battery_level: 100; battery_capacity: 100; velocity: 1; battery_rate_nav: 1
event: robot_spawn; timestamp: 0; robot: 2; pos: (0, 0); state: AVAILABLE; battery_level: 100; battery_capacity: 100; velocity: 1; battery_rate_nav: 1
event: battery_consumption; timestamp: 0; robot: 1; time: 3.16968; initial_level: 100; final_level: 96.8303
event: navigation; timestamp: 0; robot: 1; time: 3.16968; src: (0, 0); dst: (-3.13, 0.5)
event: battery_consumption; timestamp: 0; robot: 2; time: 4.12311; initial_level: 100; final_level: 95.8769
event: navigation; timestamp: 0; robot: 2; time: 4.12311; src: (0, 0); dst: (-4, 1)
event: task_execution; timestamp: 4; task: 20; robot: 1; pos: (-3.13, 0.5); time: 10
event: battery_consumption; timestamp: 4; robot: 1; time: 10; initial_level: 96.8303; final_level: 86.8303
event: task_resolution; timestamp: 14; task: 20; pos: (-3.13, 0.5); status: COMPLETED; attempt: 1
event: battery_consumption; timestamp: 14; robot: 1; time: 4.00586; initial_level: 86.8303; final_level: 82.8245
event: navigation; timestamp: 14; robot: 1; time: 4.00586; src: (-3.13, 0.5); dst: (0, 3)
event: task_execution; timestamp: 8; task: 19; robot: 2; pos: (-4, 1); time: 10
event: battery_consumption; timestamp: 8; robot: 2; time: 10; initial_level: 95.8769; final_level: 85.8769
event: task_resolution; timestamp: 18; task: 19; pos: (-4, 1); status: COMPLETED; attempt: 1
event: battery_consumption; timestamp: 18; robot: 2; time: 1.73404; initial_level: 85.8769; final_level: 84.1429
event: navigation; timestamp: 18; robot: 2; time: 1.73404; src: (-4, 1); dst: (-4.87, -0.5)
event: task_execution; timestamp: 18.0059; task: 4; robot: 1; pos: (0, 3); time: 10
event: battery_consumption; timestamp: 18.0059; robot: 1; time: 10; initial_level: 82.8245; final_level: 72.8245
event: task_resolution; timestamp: 28.0059; task: 4; pos: (0, 3); status: COMPLETED; attempt: 1
event: battery_consumption; timestamp: 28.0059; robot: 1; time: 1.73404; initial_level: 72.8245; final_level: 71.0904
event: navigation; timestamp: 28.0059; robot: 1; time: 1.73404; src: (0, 3); dst: (-0.87, 4.5)
event: task_execution; timestamp: 19.734; task: 23; robot: 2; pos: (-4.87, -0.5); time: 10
event: battery_consumption; timestamp: 19.734; robot: 2; time: 10; initial_level: 84.1429; final_level: 74.1429
event: task_resolution; timestamp: 29.734; task: 23; pos: (-4.87, -0.5); status: COMPLETED; attempt: 1
event: battery_consumption; timestamp: 29.734; robot: 2; time: 1.00344; initial_level: 74.1429; final_level: 73.1394
event: navigation; timestamp: 29.734; robot: 2; time: 1.00344; src: (-4.87, -0.5); dst: (-4, -1)
event: task_execution; timestamp: 29.7399; task: 6; robot: 1; pos: (-0.87, 4.5); time: 10
event: battery_consumption; timestamp: 29.7399; robot: 1; time: 10; initial_level: 71.0904; final_level: 61.0904
event: task_resolution; timestamp: 39.7399; task: 6; pos: (-0.87, 4.5); status: COMPLETED; attempt: 1
event: battery_consumption; timestamp: 39.7399; robot: 1; time: 1; initial_level: 61.0904; final_level: 60.0904
event: navigation; timestamp: 39.7399; robot: 1; time: 1; src: (-0.87, 4.5); dst: (-0.87, 3.5)
event: task_execution; timestamp: 30.7375; task: 22; robot: 2; pos: (-4, -1); time: 10
event: battery_consumption; timestamp: 30.7375; robot: 2; time: 10; initial_level: 73.1394; final_level: 63.1394
event: task_resolution; timestamp: 40.7375; task: 22; pos: (-4, -1); status: COMPLETED; attempt: 1
event: battery_consumption; timestamp: 40.7375; robot: 2; time: 1.73404; initial_level: 63.1394; final_level: 61.4054
event: navigation; timestamp: 40.7375; robot: 2; time: 1.73404; src: (-4, -1); dst: (-4.87, 0.5)
event: task_execution; timestamp: 42; task: 5; robot: 1; pos: (-0.87, 3.5); time: 10
event: battery_consumption; timestamp: 42; robot: 1; time: 10; initial_level: 60.0904; final_level: 50.0904
event: task_resolution; timestamp: 52; task: 5; pos: (-0.87, 3.5); status: COMPLETED; attempt: 1
event: battery_consumption; timestamp: 52; robot: 1; time: 6.63075; initial_level: 50.0904; final_level: 43.4597
event: navigation; timestamp: 52; robot: 1; time: 6.63075; src: (-0.87, 3.5); dst: (4, -1)
event: task_execution; timestamp: 43; task: 24; robot: 2; pos: (-4.87, 0.5); time: 10
event: battery_consumption; timestamp: 43; robot: 2; time: 10; initial_level: 61.4054; final_level: 51.4054
event: task_resolution; timestamp: 53; task: 24; pos: (-4.87, 0.5); status: COMPLETED; attempt: 1
event: battery_consumption; timestamp: 53; robot: 2; time: 7.34622; initial_level: 51.4054; final_level: 44.0592
event: navigation; timestamp: 53; robot: 2; time: 7.34622; src: (-4.87, 0.5); dst: (0, -5)
event: task_execution; timestamp: 58.6308; task: 10; robot: 1; pos: (4, -1); time: 10
event: battery_consumption; timestamp: 58.6308; robot: 1; time: 10; initial_level: 43.4597; final_level: 33.4597
event: task_resolution; timestamp: 68.6308; task: 10; pos: (4, -1); status: COMPLETED; attempt: 1
event: battery_consumption; timestamp: 68.6308; robot: 1; time: 4.12311; initial_level: 33.4597; final_level: 29.3366
event: navigation; timestamp: 68.6308; robot: 1; time: 4.12311; src: (4, -1); dst: (0, 0)
event: robot_finished; timestamp: 72.7539; robot: 1; pos: (0, 0); battery: 29.3366
event: task_execution; timestamp: 60.3462; task: 16; robot: 2; pos: (0, -5); time: 10
event: battery_consumption; timestamp: 60.3462; robot: 2; time: 10; initial_level: 44.0592; final_level: 34.0592
event: task_resolution; timestamp: 70.3462; task: 16; pos: (0, -5); status: COMPLETED; attempt: 1
event: battery_consumption; timestamp: 70.3462; robot: 2; time: 5; initial_level: 34.0592; final_level: 29.0592
event: navigation; timestamp: 70.3462; robot: 2; time: 5; src: (0, -5); dst: (0, 0)
event: robot_finished; timestamp: 75.3462; robot: 2; pos: (0, 0); battery: 29.0592
metric: available_agents; value: 0
metric: failed_agents; value: 0
metric: finished_agents; value: 2
metric: completed_tasks; value: 10
metric: pending_tasks; value: 0
metric: failed_tasks; value: 14
metric: average_robot_makespan; value: 74.05
metric: sd_robot_makespan; value: 1.83307
metric: max_robot_makespan; value: 75.3462
metric: min_robot_makespan; value: 72.7539
metric: average_robot_travel_distance; value: 20.8021
metric: sd_robot_travel_distance; value: 0.196155
metric: max_robot_travel_distance; value: 20.9408
metric: min_robot_travel_distance; value: 20.6634
metric: sum_robot_travel_distance; value: 41.6043
metric: average_completed_tasks_by_robot; value: 0
metric: sd_completed_tasks_by_robot; value: 0
metric: max_completed_tasks_by_robot; value: 0
metric: min_completed_tasks_by_robot; value: 0
metric: final_reward; value: 0.416667
metric: computing_time; value: 6.82607
