info: solver_name; value: random
info: reward_function; value: reward00
info: replica; value: 4
info: filename; value: ../logs/prueba/scenario_12_06_01_random_reward00_004.log
info: scenario_name; value: scenario_12_06_01
info: scenario_name; value: scenario_12_06_01
info: number_of_tasks; value: 12
info: number_of_robots; value: 6
info: number_of_recharging_stations; value: 1
info: scenario_size; value: (200,200)
event: recharging_station_spawn; timestamp: 0; recharging_station: 1; pos: (0, 0)
event: task_spawn; timestamp: 0; task: 1; pos: (-70.0709, -68.0831); earliest_start: 0; latest_start: 1080; state: PENDING; required_workers: 3; success_prob: 0.8; max_attempts: 1
event: task_spawn; timestamp: 0; task: 2; pos: (-17.4248, -96.1114); earliest_start: 0; latest_start: 810; state: PENDING; required_workers: 3; success_prob: 0.8; max_attempts: 1
event: task_spawn; timestamp: 0; task: 3; pos: (-29.5006, -24.1376); earliest_start: 0; latest_start: 1080; state: PENDING; required_workers: 2; success_prob: 0.8; max_attempts: 1
event: task_spawn; timestamp: 0; task: 4; pos: (6.58351, -36.5381); earliest_start: 0; latest_start: 540; state: PENDING; required_workers: 1; success_prob: 0.8; max_attempts: 1
event: task_spawn; timestamp: 0; task: 5; pos: (-46.7684, -52.5449); earliest_start: 0; latest_start: 540; state: PENDING; required_workers: 3; success_prob: 0.8; max_attempts: 1
event: task_spawn; timestamp: 0; task: 6; pos: (-87.1468, -93.4297); earliest_start: 0; latest_start: 810; state: PENDING; required_workers: 2; success_prob: 0.8; max_attempts: 1
event: task_spawn; timestamp: 0; task: 7; pos: (-74.758, -54.3258); earliest_start: 0; latest_start: 540; state: PENDING; required_workers: 2; success_prob: 0.8; max_attempts: 1
event: task_spawn; timestamp: 0; task: 8; pos: (-1.29451, 32.4663); earliest_start: 0; latest_start: 540; state: PENDING; required_workers: 2; success_prob: 0.8; max_attempts: 1
event: task_spawn; timestamp: 0; task: 9; pos: (60.5478, -15.9338); earliest_start: 0; latest_start: 1080; state: PENDING; required_workers: 1; success_prob: 0.8; max_attempts: 1
event: task_spawn; timestamp: 0; task: 10; pos: (56.8755, 43.1394); earliest_start: 0; latest_start: 810; state: PENDING; required_workers: 2; success_prob: 0.8; max_attempts: 1
event: task_spawn; timestamp: 0; task: 11; pos: (-24.173, 41.1999); earliest_start: 0; latest_start: 540; state: PENDING; required_workers: 2; success_prob: 0.8; max_attempts: 1
event: task_spawn; timestamp: 0; task: 12; pos: (72.2993, -29.315); earliest_start: 0; latest_start: 1080; state: PENDING; required_workers: 1; success_prob: 0.8; max_attempts: 1
event: robot_spawn; timestamp: 0; robot: 1; pos: (0, 0); state: AVAILABLE; battery_level: 100; battery_capacity: 100; velocity: 5; battery_rate_nav: 0.1
event: robot_spawn; timestamp: 0; robot: 2; pos: (0, 0); state: AVAILABLE; battery_level: 100; battery_capacity: 100; velocity: 5; battery_rate_nav: 0.1
event: robot_spawn; timestamp: 0; robot: 3; pos: (0, 0); state: AVAILABLE; battery_level: 100; battery_capacity: 100; velocity: 5; battery_rate_nav: 0.1
event: robot_spawn; timestamp: 0; robot: 4; pos: (0, 0); state: AVAILABLE; battery_level: 100; battery_capacity: 100; velocity: 5; battery_rate_nav: 0.1
event: robot_spawn; timestamp: 0; robot: 5; pos: (0, 0); state: AVAILABLE; battery_level: 100; battery_capacity: 100; velocity: 5; battery_rate_nav: 0.1
event: robot_spawn; timestamp: 0; robot: 6; pos: (0, 0); state: AVAILABLE; battery_level: 100; battery_capacity: 100; velocity: 5; battery_rate_nav: 0.1
event: battery_consumption; timestamp: 0; robot: 4; time: 19.5356; initial_level: 100; final_level: 98.0464
event: navigation; timestamp: 0; robot: 4; time: 19.5356; src: (0, 0); dst: (-17.4248, -96.1114)
event: battery_consumption; timestamp: 0; robot: 3; time: 19.5399; initial_level: 100; final_level: 98.046
event: navigation; timestamp: 0; robot: 3; time: 19.5399; src: (0, 0); dst: (-70.0709, -68.0831)
event: battery_consumption; timestamp: 0; robot: 6; time: 9.55357; initial_level: 100; final_level: 99.0446
event: navigation; timestamp: 0; robot: 6; time: 9.55357; src: (0, 0); dst: (-24.173, 41.1999)
event: battery_consumption; timestamp: 0; robot: 1; time: 18.4825; initial_level: 100; final_level: 98.1518
event: navigation; timestamp: 0; robot: 1; time: 18.4825; src: (0, 0); dst: (-74.758, -54.3258)
event: battery_consumption; timestamp: 0; robot: 2; time: 19.5356; initial_level: 100; final_level: 98.0464
event: navigation; timestamp: 0; robot: 2; time: 19.5356; src: (0, 0); dst: (-17.4248, -96.1114)
event: battery_consumption; timestamp: 0; robot: 5; time: 9.55357; initial_level: 100; final_level: 99.0446
event: navigation; timestamp: 0; robot: 5; time: 9.55357; src: (0, 0); dst: (-24.173, 41.1999)
event: task_execution; timestamp: 9.55357; task: 11; robot: 5; pos: (-24.173, 41.1999); time: 0
event: battery_consumption; timestamp: 9.55357; robot: 5; time: 0; initial_level: 99.0446; final_level: 99.0446
event: task_execution; timestamp: 9.55357; task: 11; robot: 6; pos: (-24.173, 41.1999); time: 0
event: battery_consumption; timestamp: 9.55357; robot: 6; time: 0; initial_level: 99.0446; final_level: 99.0446
event: task_resolution; timestamp: 9.55357; task: 11; pos: (-24.173, 41.1999); status: COMPLETED; attempt: 1
event: battery_consumption; timestamp: 9.55357; robot: 5; time: 4.89776; initial_level: 99.0446; final_level: 98.5549
event: navigation; timestamp: 9.55357; robot: 5; time: 4.89776; src: (-24.173, 41.1999); dst: (-1.29451, 32.4663)
event: battery_consumption; timestamp: 9.55357; robot: 6; time: 21.6185; initial_level: 99.0446; final_level: 96.8828
event: navigation; timestamp: 9.55357; robot: 6; time: 21.6185; src: (-24.173, 41.1999); dst: (-74.758, -54.3258)
event: task_execution; timestamp: 31.1721; task: 7; robot: 1; pos: (-74.758, -54.3258); time: 0
event: battery_consumption; timestamp: 31.1721; robot: 1; time: 0; initial_level: 98.1518; final_level: 88.1518
event: task_execution; timestamp: 31.1721; task: 7; robot: 6; pos: (-74.758, -54.3258); time: 0
event: battery_consumption; timestamp: 31.1721; robot: 6; time: 0; initial_level: 96.8828; final_level: 86.8828
event: task_resolution; timestamp: 31.1721; task: 7; pos: (-74.758, -54.3258); status: FAILED; attempt: 1
event: battery_consumption; timestamp: 31.1721; robot: 1; time: 28.1294; initial_level: 88.1518; final_level: 85.3388
event: navigation; timestamp: 31.1721; robot: 1; time: 28.1294; src: (-74.758, -54.3258); dst: (60.5478, -15.9338)
event: battery_consumption; timestamp: 31.1721; robot: 6; time: 29.8338; initial_level: 86.8828; final_level: 83.8994
event: navigation; timestamp: 31.1721; robot: 6; time: 29.8338; src: (-74.758, -54.3258); dst: (72.2993, -29.315)
event: task_execution; timestamp: 59.3015; task: 9; robot: 1; pos: (60.5478, -15.9338); time: 0
event: battery_consumption; timestamp: 59.3015; robot: 1; time: 0; initial_level: 85.3388; final_level: 85.3388
event: task_resolution; timestamp: 59.3015; task: 9; pos: (60.5478, -15.9338); status: COMPLETED; attempt: 1
event: battery_consumption; timestamp: 59.3015; robot: 1; time: 28.1288; initial_level: 85.3388; final_level: 82.5259
event: navigation; timestamp: 59.3015; robot: 1; time: 28.1288; src: (60.5478, -15.9338); dst: (-70.0709, -68.0831)
event: task_execution; timestamp: 61.0059; task: 12; robot: 6; pos: (72.2993, -29.315); time: 0
event: battery_consumption; timestamp: 61.0059; robot: 6; time: 0; initial_level: 83.8994; final_level: 83.8994
event: task_resolution; timestamp: 61.0059; task: 12; pos: (72.2993, -29.315); status: COMPLETED; attempt: 1
event: battery_consumption; timestamp: 61.0059; robot: 6; time: 24.2625; initial_level: 83.8994; final_level: 81.4732
event: navigation; timestamp: 61.0059; robot: 6; time: 24.2625; src: (72.2993, -29.315); dst: (-46.7684, -52.5449)
event: battery_consumption; timestamp: 540; robot: 5; time: 30.4765; initial_level: 98.5549; final_level: 95.5072
event: navigation; timestamp: 540; robot: 5; time: 30.4765; src: (-1.29451, 32.4663); dst: (-87.1468, -93.4297)
event: battery_consumption; timestamp: 540; robot: 6; time: 6.64876; initial_level: 81.4732; final_level: 80.8083
event: navigation; timestamp: 540; robot: 6; time: 6.64876; src: (-46.7684, -52.5449); dst: (-29.5006, -24.1376)
event: battery_consumption; timestamp: 810; robot: 4; time: 14.596; initial_level: 98.0464; final_level: 96.5868
event: navigation; timestamp: 810; robot: 4; time: 14.596; src: (-17.4248, -96.1114); dst: (-29.5006, -24.1376)
event: battery_consumption; timestamp: 810; robot: 5; time: 6.1124; initial_level: 95.5072; final_level: 94.896
event: navigation; timestamp: 810; robot: 5; time: 6.1124; src: (-87.1468, -93.4297); dst: (-70.0709, -68.0831)
event: battery_consumption; timestamp: 810; robot: 2; time: 19.5356; initial_level: 98.0464; final_level: 96.0929
event: navigation; timestamp: 810; robot: 2; time: 19.5356; src: (-17.4248, -96.1114); dst: (0, 0)
event: robot_finished; timestamp: 829.536; robot: 2; pos: (0, 0); battery: 96.0929
event: task_execution; timestamp: 816.112; task: 1; robot: 1; pos: (-70.0709, -68.0831); time: 0
event: battery_consumption; timestamp: 816.112; robot: 1; time: 0; initial_level: 82.5259; final_level: 72.5259
event: task_execution; timestamp: 816.112; task: 1; robot: 3; pos: (-70.0709, -68.0831); time: 0
event: battery_consumption; timestamp: 816.112; robot: 3; time: 0; initial_level: 98.046; final_level: 88.046
event: task_execution; timestamp: 816.112; task: 1; robot: 5; pos: (-70.0709, -68.0831); time: 0
event: battery_consumption; timestamp: 816.112; robot: 5; time: 0; initial_level: 94.896; final_level: 84.896
event: task_resolution; timestamp: 816.112; task: 1; pos: (-70.0709, -68.0831); status: FAILED; attempt: 1
event: battery_consumption; timestamp: 816.112; robot: 1; time: 19.5399; initial_level: 72.5259; final_level: 70.5719
event: navigation; timestamp: 816.112; robot: 1; time: 19.5399; src: (-70.0709, -68.0831); dst: (0, 0)
event: robot_finished; timestamp: 835.652; robot: 1; pos: (0, 0); battery: 70.5719
event: battery_consumption; timestamp: 816.112; robot: 3; time: 19.5399; initial_level: 88.046; final_level: 86.092
event: navigation; timestamp: 816.112; robot: 3; time: 19.5399; src: (-70.0709, -68.0831); dst: (0, 0)
event: robot_finished; timestamp: 835.652; robot: 3; pos: (0, 0); battery: 86.092
event: battery_consumption; timestamp: 816.112; robot: 5; time: 19.5399; initial_level: 84.896; final_level: 82.942
event: navigation; timestamp: 816.112; robot: 5; time: 19.5399; src: (-70.0709, -68.0831); dst: (0, 0)
event: robot_finished; timestamp: 835.652; robot: 5; pos: (0, 0); battery: 82.942
event: task_execution; timestamp: 824.596; task: 3; robot: 4; pos: (-29.5006, -24.1376); time: 80.8083
event: battery_consumption; timestamp: 824.596; robot: 4; time: 80.8083; initial_level: 96.5868; final_level: 86.5868
event: task_execution; timestamp: 824.596; task: 3; robot: 6; pos: (-29.5006, -24.1376); time: 80.8083
event: battery_consumption; timestamp: 824.596; robot: 6; time: 80.8083; initial_level: 80.8083; final_level: 70.8083
event: task_resolution; timestamp: 905.404; task: 3; pos: (-29.5006, -24.1376); status: FAILED; attempt: 1
event: battery_consumption; timestamp: 905.404; robot: 6; time: 7.62341; initial_level: 70.8083; final_level: 70.0459
event: navigation; timestamp: 905.404; robot: 6; time: 7.62341; src: (-29.5006, -24.1376); dst: (0, 0)
event: robot_finished; timestamp: 913.028; robot: 6; pos: (0, 0); battery: 70.0459
event: battery_consumption; timestamp: 905.404; robot: 4; time: 7.62341; initial_level: 86.5868; final_level: 85.8245
event: navigation; timestamp: 905.404; robot: 4; time: 7.62341; src: (-29.5006, -24.1376); dst: (0, 0)
event: robot_finished; timestamp: 913.028; robot: 4; pos: (0, 0); battery: 85.8245
metric: available_agents; value: 0
metric: failed_agents; value: 0
metric: finished_agents; value: 6
metric: completed_tasks; value: 3
metric: pending_tasks; value: 0
metric: failed_tasks; value: 9
metric: average_robot_makespan; value: 860.425
metric: sd_robot_makespan; value: 40.8149
metric: max_robot_makespan; value: 913.028
metric: min_robot_makespan; value: 829.536
metric: average_robot_travel_distance; value: 320.256
metric: sd_robot_travel_distance; value: 140.724
metric: max_robot_travel_distance; value: 497.703
metric: min_robot_travel_distance; value: 195.356
metric: sum_robot_travel_distance; value: 1921.54
metric: average_completed_tasks_by_robot; value: 0
metric: sd_completed_tasks_by_robot; value: 0
metric: max_completed_tasks_by_robot; value: 0
metric: min_completed_tasks_by_robot; value: 0
metric: final_reward; value: 0.25
metric: computing_time; value: 0.0557711
