info: solver_name; value: greedy
info: reward_function; value: reward00
info: replica; value: 24
info: filename; value: ../logs/prueba/scenario_12_06_01_greedy_reward00_024.log
info: scenario_name; value: scenario_12_06_01
info: scenario_name; value: scenario_12_06_01
info: number_of_tasks; value: 12
info: number_of_robots; value: 6
info: number_of_recharging_stations; value: 1
info: scenario_size; value: (200,200)
event: recharging_station_spawn; timestamp: 0; recharging_station: 1; pos: (0, 0)
event: task_spawn; timestamp: 0; task: 1; pos: (-70.0709, -68.0831); earliest_start: 0; latest_start: 1080; state: PENDING; required_workers: 3; success_prob: 0.8; max_attempts: 1
event: task_spawn; timestamp: 0; task: 2; pos: (-17.4248, -96.1114); earliest_start: 0; latest_start: 810; state: PENDING; required_workers: 3; success_prob: 0.8; max_attempts: 1
event: task_spawn; timestamp: 0; task: 3; pos: (-29.5006, -24.1376); earliest_start: 0; latest_start: 1080; state: PENDING; required_workers: 2; success_prob: 0.8; max_attempts: 1
event: task_spawn; timestamp: 0; task: 4; pos: (6.58351, -36.5381); earliest_start: 0; latest_start: 540; state: PENDING; required_workers: 1; success_prob: 0.8; max_attempts: 1
event: task_spawn; timestamp: 0; task: 5; pos: (-46.7684, -52.5449); earliest_start: 0; latest_start: 540; state: PENDING; required_workers: 3; success_prob: 0.8; max_attempts: 1
event: task_spawn; timestamp: 0; task: 6; pos: (-87.1468, -93.4297); earliest_start: 0; latest_start: 810; state: PENDING; required_workers: 2; success_prob: 0.8; max_attempts: 1
event: task_spawn; timestamp: 0; task: 7; pos: (-74.758, -54.3258); earliest_start: 0; latest_start: 540; state: PENDING; required_workers: 2; success_prob: 0.8; max_attempts: 1
event: task_spawn; timestamp: 0; task: 8; pos: (-1.29451, 32.4663); earliest_start: 0; latest_start: 540; state: PENDING; required_workers: 2; success_prob: 0.8; max_attempts: 1
event: task_spawn; timestamp: 0; task: 9; pos: (60.5478, -15.9338); earliest_start: 0; latest_start: 1080; state: PENDING; required_workers: 1; success_prob: 0.8; max_attempts: 1
event: task_spawn; timestamp: 0; task: 10; pos: (56.8755, 43.1394); earliest_start: 0; latest_start: 810; state: PENDING; required_workers: 2; success_prob: 0.8; max_attempts: 1
event: task_spawn; timestamp: 0; task: 11; pos: (-24.173, 41.1999); earliest_start: 0; latest_start: 540; state: PENDING; required_workers: 2; success_prob: 0.8; max_attempts: 1
event: task_spawn; timestamp: 0; task: 12; pos: (72.2993, -29.315); earliest_start: 0; latest_start: 1080; state: PENDING; required_workers: 1; success_prob: 0.8; max_attempts: 1
event: robot_spawn; timestamp: 0; robot: 1; pos: (0, 0); state: AVAILABLE; battery_level: 100; battery_capacity: 100; velocity: 5; battery_rate_nav: 0.1
event: robot_spawn; timestamp: 0; robot: 2; pos: (0, 0); state: AVAILABLE; battery_level: 100; battery_capacity: 100; velocity: 5; battery_rate_nav: 0.1
event: robot_spawn; timestamp: 0; robot: 3; pos: (0, 0); state: AVAILABLE; battery_level: 100; battery_capacity: 100; velocity: 5; battery_rate_nav: 0.1
event: robot_spawn; timestamp: 0; robot: 4; pos: (0, 0); state: AVAILABLE; battery_level: 100; battery_capacity: 100; velocity: 5; battery_rate_nav: 0.1
event: robot_spawn; timestamp: 0; robot: 5; pos: (0, 0); state: AVAILABLE; battery_level: 100; battery_capacity: 100; velocity: 5; battery_rate_nav: 0.1
event: robot_spawn; timestamp: 0; robot: 6; pos: (0, 0); state: AVAILABLE; battery_level: 100; battery_capacity: 100; velocity: 5; battery_rate_nav: 0.1
event: battery_consumption; timestamp: 0; robot: 6; time: 6.49842; initial_level: 100; final_level: 99.3502
event: navigation; timestamp: 0; robot: 6; time: 6.49842; src: (0, 0); dst: (-1.29451, 32.4663)
event: battery_consumption; timestamp: 0; robot: 2; time: 6.49842; initial_level: 100; final_level: 99.3502
event: navigation; timestamp: 0; robot: 2; time: 6.49842; src: (0, 0); dst: (-1.29451, 32.4663)
event: battery_consumption; timestamp: 0; robot: 5; time: 7.4253; initial_level: 100; final_level: 99.2575
event: navigation; timestamp: 0; robot: 5; time: 7.4253; src: (0, 0); dst: (6.58351, -36.5381)
event: battery_consumption; timestamp: 0; robot: 1; time: 7.62341; initial_level: 100; final_level: 99.2377
event: navigation; timestamp: 0; robot: 1; time: 7.62341; src: (0, 0); dst: (-29.5006, -24.1376)
event: battery_consumption; timestamp: 0; robot: 3; time: 7.62341; initial_level: 100; final_level: 99.2377
event: navigation; timestamp: 0; robot: 3; time: 7.62341; src: (0, 0); dst: (-29.5006, -24.1376)
event: battery_consumption; timestamp: 0; robot: 4; time: 9.55357; initial_level: 100; final_level: 99.0446
event: navigation; timestamp: 0; robot: 4; time: 9.55357; src: (0, 0); dst: (-24.173, 41.1999)
event: task_execution; timestamp: 7.62341; task: 3; robot: 1; pos: (-29.5006, -24.1376); time: 0
event: battery_consumption; timestamp: 7.62341; robot: 1; time: 0; initial_level: 99.2377; final_level: 99.2377
event: task_execution; timestamp: 7.62341; task: 3; robot: 3; pos: (-29.5006, -24.1376); time: 0
event: battery_consumption; timestamp: 7.62341; robot: 3; time: 0; initial_level: 99.2377; final_level: 99.2377
event: task_resolution; timestamp: 7.62341; task: 3; pos: (-29.5006, -24.1376); status: COMPLETED; attempt: 1
event: battery_consumption; timestamp: 7.62341; robot: 1; time: 6.64876; initial_level: 99.2377; final_level: 98.5728
event: navigation; timestamp: 7.62341; robot: 1; time: 6.64876; src: (-29.5006, -24.1376); dst: (-46.7684, -52.5449)
event: battery_consumption; timestamp: 7.62341; robot: 3; time: 6.64876; initial_level: 99.2377; final_level: 98.5728
event: navigation; timestamp: 7.62341; robot: 3; time: 6.64876; src: (-29.5006, -24.1376); dst: (-46.7684, -52.5449)
event: task_execution; timestamp: 7.4253; task: 4; robot: 5; pos: (6.58351, -36.5381); time: 28.3336
event: battery_consumption; timestamp: 7.4253; robot: 5; time: 28.3336; initial_level: 99.2575; final_level: 70.9239
event: task_resolution; timestamp: 35.7589; task: 4; pos: (6.58351, -36.5381); status: COMPLETED; attempt: 1
event: battery_consumption; timestamp: 35.7589; robot: 5; time: 11.1403; initial_level: 70.9239; final_level: 69.8099
event: navigation; timestamp: 35.7589; robot: 5; time: 11.1403; src: (6.58351, -36.5381); dst: (-46.7684, -52.5449)
event: task_execution; timestamp: 46.8992; task: 5; robot: 1; pos: (-46.7684, -52.5449); time: 43.8608
event: battery_consumption; timestamp: 46.8992; robot: 1; time: 43.8608; initial_level: 98.5728; final_level: 54.712
event: task_execution; timestamp: 46.8992; task: 5; robot: 3; pos: (-46.7684, -52.5449); time: 43.8608
event: battery_consumption; timestamp: 46.8992; robot: 3; time: 43.8608; initial_level: 98.5728; final_level: 54.712
event: task_execution; timestamp: 46.8992; task: 5; robot: 5; pos: (-46.7684, -52.5449); time: 43.8608
event: battery_consumption; timestamp: 46.8992; robot: 5; time: 43.8608; initial_level: 69.8099; final_level: 25.9491
event: task_resolution; timestamp: 90.7599; task: 5; pos: (-46.7684, -52.5449); status: COMPLETED; attempt: 1
event: battery_consumption; timestamp: 90.7599; robot: 1; time: 5.60158; initial_level: 54.712; final_level: 54.1519
event: navigation; timestamp: 90.7599; robot: 1; time: 5.60158; src: (-46.7684, -52.5449); dst: (-70.0709, -68.0831)
event: battery_consumption; timestamp: 90.7599; robot: 3; time: 5.60158; initial_level: 54.712; final_level: 54.1519
event: navigation; timestamp: 90.7599; robot: 3; time: 5.60158; src: (-46.7684, -52.5449); dst: (-70.0709, -68.0831)
event: battery_consumption; timestamp: 90.7599; robot: 5; time: 5.60158; initial_level: 25.9491; final_level: 25.3889
event: navigation; timestamp: 90.7599; robot: 5; time: 5.60158; src: (-46.7684, -52.5449); dst: (-70.0709, -68.0831)
event: task_execution; timestamp: 96.3615; task: 1; robot: 1; pos: (-70.0709, -68.0831); time: 8.48415
event: battery_consumption; timestamp: 96.3615; robot: 1; time: 8.48415; initial_level: 54.1519; final_level: 45.6677
event: task_execution; timestamp: 96.3615; task: 1; robot: 3; pos: (-70.0709, -68.0831); time: 8.48415
event: battery_consumption; timestamp: 96.3615; robot: 3; time: 8.48415; initial_level: 54.1519; final_level: 45.6677
event: task_execution; timestamp: 96.3615; task: 1; robot: 5; pos: (-70.0709, -68.0831); time: 8.48415
event: battery_consumption; timestamp: 96.3615; robot: 5; time: 8.48415; initial_level: 25.3889; final_level: 16.9048
event: task_resolution; timestamp: 104.846; task: 1; pos: (-70.0709, -68.0831); status: COMPLETED; attempt: 1
event: battery_consumption; timestamp: 104.846; robot: 1; time: 2.90677; initial_level: 45.6677; final_level: 45.3771
event: navigation; timestamp: 104.846; robot: 1; time: 2.90677; src: (-70.0709, -68.0831); dst: (-74.758, -54.3258)
event: battery_consumption; timestamp: 104.846; robot: 5; time: 2.90677; initial_level: 16.9048; final_level: 16.6141
event: navigation; timestamp: 104.846; robot: 5; time: 2.90677; src: (-70.0709, -68.0831); dst: (-74.758, -54.3258)
event: battery_consumption; timestamp: 104.846; robot: 3; time: 6.1124; initial_level: 45.6677; final_level: 45.0565
event: navigation; timestamp: 104.846; robot: 3; time: 6.1124; src: (-70.0709, -68.0831); dst: (-87.1468, -93.4297)
event: task_execution; timestamp: 6.49842; task: 8; robot: 2; pos: (-1.29451, 32.4663); time: 99.3502
event: battery_consumption; timestamp: 6.49842; robot: 2; time: 99.3502; initial_level: 99.3502; final_level: 89.3502
event: task_execution; timestamp: 6.49842; task: 8; robot: 6; pos: (-1.29451, 32.4663); time: 99.3502
event: battery_consumption; timestamp: 6.49842; robot: 6; time: 99.3502; initial_level: 99.3502; final_level: 89.3502
event: task_resolution; timestamp: 105.849; task: 8; pos: (-1.29451, 32.4663); status: FAILED; attempt: 1
event: battery_consumption; timestamp: 105.849; robot: 2; time: 4.89776; initial_level: 89.3502; final_level: 88.8604
event: navigation; timestamp: 105.849; robot: 2; time: 4.89776; src: (-1.29451, 32.4663); dst: (-24.173, 41.1999)
event: battery_consumption; timestamp: 105.849; robot: 6; time: 11.8282; initial_level: 89.3502; final_level: 88.1673
event: navigation; timestamp: 105.849; robot: 6; time: 11.8282; src: (-1.29451, 32.4663); dst: (56.8755, 43.1394)
event: task_execution; timestamp: 110.746; task: 11; robot: 2; pos: (-24.173, 41.1999); time: 0
event: battery_consumption; timestamp: 110.746; robot: 2; time: 0; initial_level: 88.8604; final_level: 88.8604
event: task_execution; timestamp: 110.746; task: 11; robot: 4; pos: (-24.173, 41.1999); time: 0
event: battery_consumption; timestamp: 110.746; robot: 4; time: 0; initial_level: 99.0446; final_level: 99.0446
event: task_resolution; timestamp: 110.746; task: 11; pos: (-24.173, 41.1999); status: COMPLETED; attempt: 1
event: battery_consumption; timestamp: 110.746; robot: 4; time: 16.2143; initial_level: 99.0446; final_level: 97.4232
event: navigation; timestamp: 110.746; robot: 4; time: 16.2143; src: (-24.173, 41.1999); dst: (56.8755, 43.1394)
event: battery_consumption; timestamp: 110.746; robot: 2; time: 20.4371; initial_level: 88.8604; final_level: 86.8167
event: navigation; timestamp: 110.746; robot: 2; time: 20.4371; src: (-24.173, 41.1999); dst: (60.5478, -15.9338)
event: task_execution; timestamp: 107.752; task: 7; robot: 1; pos: (-74.758, -54.3258); time: 16.6141
event: battery_consumption; timestamp: 107.752; robot: 1; time: 16.6141; initial_level: 45.3771; final_level: 35.3771
event: task_execution; timestamp: 107.752; task: 7; robot: 5; pos: (-74.758, -54.3258); time: 16.6141
event: battery_consumption; timestamp: 107.752; robot: 5; time: 16.6141; initial_level: 16.6141; final_level: 6.61413
event: task_resolution; timestamp: 124.367; task: 7; pos: (-74.758, -54.3258); status: FAILED; attempt: 1
event: battery_consumption; timestamp: 124.367; robot: 1; time: 8.2039; initial_level: 35.3771; final_level: 34.5567
event: navigation; timestamp: 124.367; robot: 1; time: 8.2039; src: (-74.758, -54.3258); dst: (-87.1468, -93.4297)
event: battery_consumption; timestamp: 124.367; robot: 5; time: 14.1889; initial_level: 6.61413; final_level: 5.19523
event: navigation; timestamp: 124.367; robot: 5; time: 14.1889; src: (-74.758, -54.3258); dst: (-17.4248, -96.1114)
event: task_execution; timestamp: 132.57; task: 6; robot: 1; pos: (-87.1468, -93.4297); time: 0
event: battery_consumption; timestamp: 132.57; robot: 1; time: 0; initial_level: 34.5567; final_level: 34.5567
event: task_execution; timestamp: 132.57; task: 6; robot: 3; pos: (-87.1468, -93.4297); time: 0
event: battery_consumption; timestamp: 132.57; robot: 3; time: 0; initial_level: 45.0565; final_level: 45.0565
event: task_resolution; timestamp: 132.57; task: 6; pos: (-87.1468, -93.4297); status: COMPLETED; attempt: 1
event: battery_consumption; timestamp: 132.57; robot: 1; time: 13.9547; initial_level: 34.5567; final_level: 33.1612
event: navigation; timestamp: 132.57; robot: 1; time: 13.9547; src: (-87.1468, -93.4297); dst: (-17.4248, -96.1114)
event: battery_consumption; timestamp: 132.57; robot: 3; time: 13.9547; initial_level: 45.0565; final_level: 43.661
event: navigation; timestamp: 132.57; robot: 3; time: 13.9547; src: (-87.1468, -93.4297); dst: (-17.4248, -96.1114)
event: task_execution; timestamp: 146.525; task: 2; robot: 1; pos: (-17.4248, -96.1114); time: 0
event: battery_consumption; timestamp: 146.525; robot: 1; time: 0; initial_level: 33.1612; final_level: 33.1612
event: task_execution; timestamp: 146.525; task: 2; robot: 3; pos: (-17.4248, -96.1114); time: 0
event: battery_consumption; timestamp: 146.525; robot: 3; time: 0; initial_level: 43.661; final_level: 43.661
event: task_execution; timestamp: 146.525; task: 2; robot: 5; pos: (-17.4248, -96.1114); time: 0
event: battery_consumption; timestamp: 146.525; robot: 5; time: 0; initial_level: 5.19523; final_level: 5.19523
event: task_resolution; timestamp: 146.525; task: 2; pos: (-17.4248, -96.1114); status: COMPLETED; attempt: 1
event: battery_consumption; timestamp: 146.525; robot: 5; time: 22.3716; initial_level: 5.19523; final_level: 2.95808
event: navigation; timestamp: 146.525; robot: 5; time: 22.3716; src: (-17.4248, -96.1114); dst: (72.2993, -29.315)
event: battery_consumption; timestamp: 146.525; robot: 1; time: 19.5356; initial_level: 33.1612; final_level: 31.2076
event: navigation; timestamp: 146.525; robot: 1; time: 19.5356; src: (-17.4248, -96.1114); dst: (0, 0)
event: robot_finished; timestamp: 166.061; robot: 1; pos: (0, 0); battery: 31.2076
event: battery_consumption; timestamp: 146.525; robot: 3; time: 19.5356; initial_level: 43.661; final_level: 41.7075
event: navigation; timestamp: 146.525; robot: 3; time: 19.5356; src: (-17.4248, -96.1114); dst: (0, 0)
event: robot_finished; timestamp: 166.061; robot: 3; pos: (0, 0); battery: 41.7075
event: task_execution; timestamp: 168.897; task: 12; robot: 5; pos: (72.2993, -29.315); time: 2.95808
event: battery_consumption; timestamp: 168.897; robot: 5; time: 2.95808; initial_level: 2.95808; final_level: -7.04192
event: robot_failed; timestamp: 171.855; robot: 5; pos: (72.2993, -29.315)
event: task_resolution; timestamp: 171.855; task: 12; pos: (72.2993, -29.315); status: FAILED; attempt: 1
event: task_execution; timestamp: 131.183; task: 9; robot: 2; pos: (60.5478, -15.9338); time: 57.6696
event: battery_consumption; timestamp: 131.183; robot: 2; time: 57.6696; initial_level: 86.8167; final_level: 29.147
event: task_resolution; timestamp: 188.853; task: 9; pos: (60.5478, -15.9338); status: COMPLETED; attempt: 1
event: battery_consumption; timestamp: 188.853; robot: 2; time: 12.5219; initial_level: 29.147; final_level: 27.8948
event: navigation; timestamp: 188.853; robot: 2; time: 12.5219; src: (60.5478, -15.9338); dst: (0, 0)
event: robot_finished; timestamp: 201.375; robot: 2; pos: (0, 0); battery: 27.8948
event: task_execution; timestamp: 126.961; task: 10; robot: 4; pos: (56.8755, 43.1394); time: 65.5164
event: battery_consumption; timestamp: 126.961; robot: 4; time: 65.5164; initial_level: 97.4232; final_level: 31.9068
event: task_execution; timestamp: 126.961; task: 10; robot: 6; pos: (56.8755, 43.1394); time: 65.5164
event: battery_consumption; timestamp: 126.961; robot: 6; time: 65.5164; initial_level: 88.1673; final_level: 22.6509
event: task_resolution; timestamp: 192.477; task: 10; pos: (56.8755, 43.1394); status: COMPLETED; attempt: 1
event: battery_consumption; timestamp: 192.477; robot: 6; time: 14.277; initial_level: 22.6509; final_level: 21.2232
event: navigation; timestamp: 192.477; robot: 6; time: 14.277; src: (56.8755, 43.1394); dst: (0, 0)
event: robot_finished; timestamp: 206.754; robot: 6; pos: (0, 0); battery: 21.2232
event: battery_consumption; timestamp: 192.477; robot: 4; time: 14.277; initial_level: 31.9068; final_level: 30.4791
event: navigation; timestamp: 192.477; robot: 4; time: 14.277; src: (56.8755, 43.1394); dst: (0, 0)
event: robot_finished; timestamp: 206.754; robot: 4; pos: (0, 0); battery: 30.4791
metric: available_agents; value: 0
metric: failed_agents; value: 1
metric: finished_agents; value: 5
metric: completed_tasks; value: 9
metric: pending_tasks; value: 0
metric: failed_tasks; value: 3
metric: average_robot_makespan; value: 186.477
metric: sd_robot_makespan; value: 20.4535
metric: max_robot_makespan; value: 206.754
metric: min_robot_makespan; value: 166.061
metric: average_robot_travel_distance; value: 253.824
metric: sd_robot_travel_distance; value: 67.6502
metric: max_robot_travel_distance; value: 322.374
metric: min_robot_travel_distance; value: 163.018
metric: sum_robot_travel_distance; value: 1522.95
metric: average_completed_tasks_by_robot; value: 0
metric: sd_completed_tasks_by_robot; value: 0
metric: max_completed_tasks_by_robot; value: 0
metric: min_completed_tasks_by_robot; value: 0
metric: final_reward; value: 0.75
metric: computing_time; value: 0.0145616
