info: solver_name; value: dec-mcts-v2
info: reward_function; value: reward00
info: replica; value: 1
info: filename; value: ../logs/prueba/scenario_1E_20t_5r_dec-mcts-v2_reward00_001.log
info: scenario_name; value: scenario_1E_20t_5r
info: scenario_name; value: scenario_1E_20t_5r
info: number_of_tasks; value: 20
info: number_of_robots; value: 5
info: number_of_recharging_stations; value: 1
info: scenario_size; value: (15,15)
event: recharging_station_spawn; timestamp: 0; recharging_station: 1; pos: (0, 0)
event: task_spawn; timestamp: 0; task: 1; pos: (0, 5); earliest_start: 11; latest_start: 24.62; state: PENDING; required_workers: 1; success_prob: 1; max_attempts: 1
event: task_spawn; timestamp: 0; task: 2; pos: (0.95, 4.31); earliest_start: 29; latest_start: 40.04; state: PENDING; required_workers: 1; success_prob: 1; max_attempts: 1
event: task_spawn; timestamp: 0; task: 3; pos: (0.59, 3.19); earliest_start: 11; latest_start: 24.4; state: PENDING; required_workers: 1; success_prob: 1; max_attempts: 1
event: task_spawn; timestamp: 0; task: 4; pos: (-0.59, 3.19); earliest_start: 8; latest_start: 17.59; state: PENDING; required_workers: 1; success_prob: 1; max_attempts: 1
event: task_spawn; timestamp: 0; task: 5; pos: (-0.95, 4.31); earliest_start: 29; latest_start: 43.79; state: PENDING; required_workers: 1; success_prob: 1; max_attempts: 1
event: task_spawn; timestamp: 0; task: 6; pos: (4, 1); earliest_start: 2; latest_start: 14; state: PENDING; required_workers: 1; success_prob: 1; max_attempts: 1
event: task_spawn; timestamp: 0; task: 7; pos: (4.95, 0.31); earliest_start: 12; latest_start: 21.76; state: PENDING; required_workers: 1; success_prob: 1; max_attempts: 1
event: task_spawn; timestamp: 0; task: 8; pos: (4.59, -0.81); earliest_start: 2; latest_start: 12.86; state: PENDING; required_workers: 1; success_prob: 1; max_attempts: 1
event: task_spawn; timestamp: 0; task: 9; pos: (3.41, -0.81); earliest_start: 25; latest_start: 33.96; state: PENDING; required_workers: 1; success_prob: 1; max_attempts: 1
event: task_spawn; timestamp: 0; task: 10; pos: (3.05, 0.31); earliest_start: 34; latest_start: 46.37; state: PENDING; required_workers: 1; success_prob: 1; max_attempts: 1
event: task_spawn; timestamp: 0; task: 11; pos: (0, -3); earliest_start: 12; latest_start: 21.19; state: PENDING; required_workers: 1; success_prob: 1; max_attempts: 1
event: task_spawn; timestamp: 0; task: 12; pos: (0.95, -3.69); earliest_start: 18; latest_start: 28.14; state: PENDING; required_workers: 1; success_prob: 1; max_attempts: 1
event: task_spawn; timestamp: 0; task: 13; pos: (0.59, -4.81); earliest_start: 21; latest_start: 27.75; state: PENDING; required_workers: 1; success_prob: 1; max_attempts: 1
event: task_spawn; timestamp: 0; task: 14; pos: (-0.59, -4.81); earliest_start: 17; latest_start: 31.09; state: PENDING; required_workers: 1; success_prob: 1; max_attempts: 1
event: task_spawn; timestamp: 0; task: 15; pos: (-0.95, -3.69); earliest_start: 25; latest_start: 37.04; state: PENDING; required_workers: 1; success_prob: 1; max_attempts: 1
event: task_spawn; timestamp: 0; task: 16; pos: (-4, 1); earliest_start: 28; latest_start: 40.03; state: PENDING; required_workers: 1; success_prob: 1; max_attempts: 1
event: task_spawn; timestamp: 0; task: 17; pos: (-3.05, 0.31); earliest_start: 11; latest_start: 23.34; state: PENDING; required_workers: 1; success_prob: 1; max_attempts: 1
event: task_spawn; timestamp: 0; task: 18; pos: (-3.41, -0.81); earliest_start: 31; latest_start: 39.18; state: PENDING; required_workers: 1; success_prob: 1; max_attempts: 1
event: task_spawn; timestamp: 0; task: 19; pos: (-4.59, -0.81); earliest_start: 33; latest_start: 41.98; state: PENDING; required_workers: 1; success_prob: 1; max_attempts: 1
event: task_spawn; timestamp: 0; task: 20; pos: (-4.95, 0.31); earliest_start: 17; latest_start: 24.32; state: PENDING; required_workers: 1; success_prob: 1; max_attempts: 1
event: robot_spawn; timestamp: 0; robot: 1; pos: (0, 0); state: AVAILABLE; battery_level: 100; battery_capacity: 100; velocity: 1; battery_rate_nav: 1
event: robot_spawn; timestamp: 0; robot: 2; pos: (0, 0); state: AVAILABLE; battery_level: 100; battery_capacity: 100; velocity: 1; battery_rate_nav: 1
event: robot_spawn; timestamp: 0; robot: 3; pos: (0, 0); state: AVAILABLE; battery_level: 100; battery_capacity: 100; velocity: 1; battery_rate_nav: 1
event: robot_spawn; timestamp: 0; robot: 4; pos: (0, 0); state: AVAILABLE; battery_level: 100; battery_capacity: 100; velocity: 1; battery_rate_nav: 1
event: robot_spawn; timestamp: 0; robot: 5; pos: (0, 0); state: AVAILABLE; battery_level: 100; battery_capacity: 100; velocity: 1; battery_rate_nav: 1
event: battery_consumption; timestamp: 0; robot: 5; time: 4.12311; initial_level: 100; final_level: 95.8769
event: navigation; timestamp: 0; robot: 5; time: 4.12311; src: (0, 0); dst: (4, 1)
event: battery_consumption; timestamp: 0; robot: 3; time: 3.2441; initial_level: 100; final_level: 96.7559
event: navigation; timestamp: 0; robot: 3; time: 3.2441; src: (0, 0); dst: (-0.59, 3.19)
event: battery_consumption; timestamp: 0; robot: 1; time: 4.66092; initial_level: 100; final_level: 95.3391
event: navigation; timestamp: 0; robot: 1; time: 4.66092; src: (0, 0); dst: (4.59, -0.81)
event: recharge; timestamp: 1; robot: 2; recharging_station: 1; pos: (0, 0); level: 100
event: battery_consumption; timestamp: 1; robot: 2; time: 3.2441; initial_level: 100; final_level: 96.7559
event: navigation; timestamp: 1; robot: 2; time: 3.2441; src: (0, 0); dst: (0.59, 3.19)
event: battery_consumption; timestamp: 1; robot: 4; time: 3; initial_level: 100; final_level: 97
event: navigation; timestamp: 1; robot: 4; time: 3; src: (0, 0); dst: (0, -3)
event: task_execution; timestamp: 4.12311; task: 6; robot: 5; pos: (4, 1); time: 10
event: battery_consumption; timestamp: 4.12311; robot: 5; time: 10; initial_level: 95.8769; final_level: 85.8769
event: task_resolution; timestamp: 14.1231; task: 6; pos: (4, 1); status: COMPLETED; attempt: 1
event: battery_consumption; timestamp: 14.1231; robot: 5; time: 1.17414; initial_level: 85.8769; final_level: 84.7028
event: navigation; timestamp: 14.1231; robot: 5; time: 1.17414; src: (4, 1); dst: (4.95, 0.31)
event: task_execution; timestamp: 4.66092; task: 8; robot: 1; pos: (4.59, -0.81); time: 10
event: battery_consumption; timestamp: 4.66092; robot: 1; time: 10; initial_level: 95.3391; final_level: 85.3391
event: task_resolution; timestamp: 14.6609; task: 8; pos: (4.59, -0.81); status: COMPLETED; attempt: 1
event: battery_consumption; timestamp: 14.6609; robot: 1; time: 6.54465; initial_level: 85.3391; final_level: 78.7944
event: navigation; timestamp: 14.6609; robot: 1; time: 6.54465; src: (4.59, -0.81); dst: (-0.59, -4.81)
event: task_execution; timestamp: 8; task: 4; robot: 3; pos: (-0.59, 3.19); time: 10
event: battery_consumption; timestamp: 8; robot: 3; time: 10; initial_level: 96.7559; final_level: 86.7559
event: task_resolution; timestamp: 18; task: 4; pos: (-0.59, 3.19); status: COMPLETED; attempt: 1
event: battery_consumption; timestamp: 18; robot: 3; time: 5.22532; initial_level: 86.7559; final_level: 81.5306
event: navigation; timestamp: 18; robot: 3; time: 5.22532; src: (-0.59, 3.19); dst: (-4.95, 0.31)
event: task_execution; timestamp: 11; task: 3; robot: 2; pos: (0.59, 3.19); time: 10
event: battery_consumption; timestamp: 11; robot: 2; time: 10; initial_level: 96.7559; final_level: 86.7559
event: task_resolution; timestamp: 21; task: 3; pos: (0.59, 3.19); status: COMPLETED; attempt: 1
event: battery_consumption; timestamp: 21; robot: 2; time: 1.90373; initial_level: 86.7559; final_level: 84.8522
event: navigation; timestamp: 21; robot: 2; time: 1.90373; src: (0.59, 3.19); dst: (0, 5)
event: task_execution; timestamp: 12; task: 11; robot: 4; pos: (0, -3); time: 10
event: battery_consumption; timestamp: 12; robot: 4; time: 10; initial_level: 97; final_level: 87
event: task_resolution; timestamp: 22; task: 11; pos: (0, -3); status: COMPLETED; attempt: 1
event: battery_consumption; timestamp: 22; robot: 4; time: 4.50096; initial_level: 87; final_level: 82.499
event: navigation; timestamp: 22; robot: 4; time: 4.50096; src: (0, -3); dst: (-3.05, 0.31)
event: task_execution; timestamp: 15.2972; task: 7; robot: 5; pos: (4.95, 0.31); time: 10
event: battery_consumption; timestamp: 15.2972; robot: 5; time: 10; initial_level: 84.7028; final_level: 74.7028
event: task_resolution; timestamp: 25.2972; task: 7; pos: (4.95, 0.31); status: COMPLETED; attempt: 1
event: battery_consumption; timestamp: 25.2972; robot: 5; time: 1.90421; initial_level: 74.7028; final_level: 72.7986
event: navigation; timestamp: 25.2972; robot: 5; time: 1.90421; src: (4.95, 0.31); dst: (3.41, -0.81)
event: task_execution; timestamp: 21.2056; task: 14; robot: 1; pos: (-0.59, -4.81); time: 10
event: battery_consumption; timestamp: 21.2056; robot: 1; time: 10; initial_level: 78.7944; final_level: 68.7944
event: task_resolution; timestamp: 31.2056; task: 14; pos: (-0.59, -4.81); status: COMPLETED; attempt: 1
event: battery_consumption; timestamp: 31.2056; robot: 1; time: 1.17644; initial_level: 68.7944; final_level: 67.618
event: navigation; timestamp: 31.2056; robot: 1; time: 1.17644; src: (-0.59, -4.81); dst: (-0.95, -3.69)
event: task_execution; timestamp: 22.9037; task: 1; robot: 2; pos: (0, 5); time: 10
event: battery_consumption; timestamp: 22.9037; robot: 2; time: 10; initial_level: 84.8522; final_level: 74.8522
event: task_resolution; timestamp: 32.9037; task: 1; pos: (0, 5); status: COMPLETED; attempt: 1
event: battery_consumption; timestamp: 32.9037; robot: 2; time: 1.17414; initial_level: 74.8522; final_level: 73.678
event: navigation; timestamp: 32.9037; robot: 2; time: 1.17414; src: (0, 5); dst: (0.95, 4.31)
event: task_execution; timestamp: 23.2253; task: 20; robot: 3; pos: (-4.95, 0.31); time: 10
event: battery_consumption; timestamp: 23.2253; robot: 3; time: 10; initial_level: 81.5306; final_level: 71.5306
event: task_resolution; timestamp: 33.2253; task: 20; pos: (-4.95, 0.31); status: COMPLETED; attempt: 1
event: battery_consumption; timestamp: 33.2253; robot: 3; time: 1.17644; initial_level: 71.5306; final_level: 70.3541
event: navigation; timestamp: 33.2253; robot: 3; time: 1.17644; src: (-4.95, 0.31); dst: (-4.59, -0.81)
event: task_execution; timestamp: 26.501; task: 17; robot: 4; pos: (-3.05, 0.31); time: 10
event: battery_consumption; timestamp: 26.501; robot: 4; time: 10; initial_level: 82.499; final_level: 72.499
event: task_resolution; timestamp: 36.501; task: 17; pos: (-3.05, 0.31); status: COMPLETED; attempt: 1
event: battery_consumption; timestamp: 36.501; robot: 4; time: 1.17414; initial_level: 72.499; final_level: 71.3249
event: navigation; timestamp: 36.501; robot: 4; time: 1.17414; src: (-3.05, 0.31); dst: (-4, 1)
event: task_execution; timestamp: 27.2014; task: 9; robot: 5; pos: (3.41, -0.81); time: 10
event: battery_consumption; timestamp: 27.2014; robot: 5; time: 10; initial_level: 72.7986; final_level: 62.7986
event: task_resolution; timestamp: 37.2014; task: 9; pos: (3.41, -0.81); status: COMPLETED; attempt: 1
event: battery_consumption; timestamp: 37.2014; robot: 5; time: 6.82; initial_level: 62.7986; final_level: 55.9786
event: navigation; timestamp: 37.2014; robot: 5; time: 6.82; src: (3.41, -0.81); dst: (-3.41, -0.81)
event: task_execution; timestamp: 32.382; task: 15; robot: 1; pos: (-0.95, -3.69); time: 10
event: battery_consumption; timestamp: 32.382; robot: 1; time: 10; initial_level: 67.618; final_level: 57.618
event: task_resolution; timestamp: 42.382; task: 15; pos: (-0.95, -3.69); status: COMPLETED; attempt: 1
event: battery_consumption; timestamp: 42.382; robot: 1; time: 8; initial_level: 57.618; final_level: 49.618
event: navigation; timestamp: 42.382; robot: 1; time: 8; src: (-0.95, -3.69); dst: (-0.95, 4.31)
event: task_execution; timestamp: 34.0779; task: 2; robot: 2; pos: (0.95, 4.31); time: 10
event: battery_consumption; timestamp: 34.0779; robot: 2; time: 10; initial_level: 73.678; final_level: 63.678
event: task_resolution; timestamp: 44.0779; task: 2; pos: (0.95, 4.31); status: COMPLETED; attempt: 1
event: battery_consumption; timestamp: 44.0779; robot: 2; time: 4.51774; initial_level: 63.678; final_level: 59.1603
event: navigation; timestamp: 44.0779; robot: 2; time: 4.51774; src: (0.95, 4.31); dst: (3.05, 0.31)
event: task_execution; timestamp: 34.4018; task: 19; robot: 3; pos: (-4.59, -0.81); time: 10
event: battery_consumption; timestamp: 34.4018; robot: 3; time: 10; initial_level: 70.3541; final_level: 60.3541
event: task_resolution; timestamp: 44.4018; task: 19; pos: (-4.59, -0.81); status: COMPLETED; attempt: 1
event: battery_consumption; timestamp: 46.4018; robot: 3; time: 4.66092; initial_level: 60.3541; final_level: 55.6932
event: navigation; timestamp: 46.4018; robot: 3; time: 4.66092; src: (-4.59, -0.81); dst: (0, 0)
event: robot_finished; timestamp: 51.0627; robot: 3; pos: (0, 0); battery: 55.6932
event: task_execution; timestamp: 37.6751; task: 16; robot: 4; pos: (-4, 1); time: 10
event: battery_consumption; timestamp: 37.6751; robot: 4; time: 10; initial_level: 71.3249; final_level: 61.3249
event: task_resolution; timestamp: 47.6751; task: 16; pos: (-4, 1); status: COMPLETED; attempt: 1
event: battery_consumption; timestamp: 49.6751; robot: 4; time: 4.12311; initial_level: 61.3249; final_level: 57.2018
event: navigation; timestamp: 49.6751; robot: 4; time: 4.12311; src: (-4, 1); dst: (0, 0)
event: robot_finished; timestamp: 53.7982; robot: 4; pos: (0, 0); battery: 57.2018
event: task_execution; timestamp: 44.0214; task: 18; robot: 5; pos: (-3.41, -0.81); time: 10
event: battery_consumption; timestamp: 44.0214; robot: 5; time: 10; initial_level: 55.9786; final_level: 45.9786
event: task_resolution; timestamp: 54.0214; task: 18; pos: (-3.41, -0.81); status: COMPLETED; attempt: 1
event: battery_consumption; timestamp: 54.0214; robot: 5; time: 3.50488; initial_level: 45.9786; final_level: 42.4737
event: navigation; timestamp: 54.0214; robot: 5; time: 3.50488; src: (-3.41, -0.81); dst: (0, 0)
event: robot_finished; timestamp: 57.5263; robot: 5; pos: (0, 0); battery: 42.4737
event: task_execution; timestamp: 48.5956; task: 10; robot: 2; pos: (3.05, 0.31); time: 10
event: battery_consumption; timestamp: 48.5956; robot: 2; time: 10; initial_level: 59.1603; final_level: 49.1603
event: task_resolution; timestamp: 58.5956; task: 10; pos: (3.05, 0.31); status: COMPLETED; attempt: 1
event: battery_consumption; timestamp: 58.5956; robot: 2; time: 3.06571; initial_level: 49.1603; final_level: 46.0946
event: navigation; timestamp: 58.5956; robot: 2; time: 3.06571; src: (3.05, 0.31); dst: (0, 0)
event: robot_finished; timestamp: 61.6613; robot: 2; pos: (0, 0); battery: 46.0946
event: task_execution; timestamp: 50.382; task: 5; robot: 1; pos: (-0.95, 4.31); time: 10
event: battery_consumption; timestamp: 50.382; robot: 1; time: 10; initial_level: 49.618; final_level: 39.618
event: task_resolution; timestamp: 60.382; task: 5; pos: (-0.95, 4.31); status: COMPLETED; attempt: 1
event: battery_consumption; timestamp: 61.382; robot: 1; time: 4.41346; initial_level: 39.618; final_level: 35.2045
event: navigation; timestamp: 61.382; robot: 1; time: 4.41346; src: (-0.95, 4.31); dst: (0, 0)
event: robot_finished; timestamp: 65.7955; robot: 1; pos: (0, 0); battery: 35.2045
metric: available_agents; value: 0
metric: failed_agents; value: 0
metric: finished_agents; value: 5
metric: completed_tasks; value: 18
metric: pending_tasks; value: 0
metric: failed_tasks; value: 2
metric: average_robot_makespan; value: 57.9688
metric: sd_robot_makespan; value: 5.91979
metric: max_robot_makespan; value: 65.7955
metric: min_robot_makespan; value: 51.0627
metric: average_robot_travel_distance; value: 16.6664
metric: sd_robot_travel_distance; value: 4.87275
metric: max_robot_travel_distance; value: 24.7955
metric: min_robot_travel_distance; value: 12.7982
metric: sum_robot_travel_distance; value: 83.3322
metric: average_completed_tasks_by_robot; value: 0
metric: sd_completed_tasks_by_robot; value: 0
metric: max_completed_tasks_by_robot; value: 0
metric: min_completed_tasks_by_robot; value: 0
metric: final_reward; value: 0.9
metric: computing_time; value: 29.6285
