info: solver_name; value: dec-mcts-v1
info: reward_function; value: reward00
info: replica; value: 1
info: filename; value: ../logs/prueba/scenario_15t_03_5r_dec-mcts-v1_reward00_001.log
info: scenario_name; value: scenario_15t_03_5r
info: scenario_name; value: scenario_15t_03_5r
info: number_of_tasks; value: 15
info: number_of_robots; value: 5
info: number_of_recharging_stations; value: 1
info: scenario_size; value: (200,200)
event: recharging_station_spawn; timestamp: 0; recharging_station: 1; pos: (0, 0)
event: task_spawn; timestamp: 0; task: 1; pos: (15, -68); earliest_start: 0; latest_start: 540; state: PENDING; required_workers: 2; success_prob: 0.7; max_attempts: 1
event: task_spawn; timestamp: 0; task: 2; pos: (-70, -11); earliest_start: 0; latest_start: 450; state: PENDING; required_workers: 3; success_prob: 0.7; max_attempts: 1
event: task_spawn; timestamp: 0; task: 3; pos: (-56, -71); earliest_start: 0; latest_start: 720; state: PENDING; required_workers: 3; success_prob: 0.9; max_attempts: 1
event: task_spawn; timestamp: 0; task: 4; pos: (60, 65); earliest_start: 0; latest_start: 720; state: PENDING; required_workers: 2; success_prob: 0.9; max_attempts: 1
event: task_spawn; timestamp: 0; task: 5; pos: (49, -14); earliest_start: 0; latest_start: 540; state: PENDING; required_workers: 1; success_prob: 0.7; max_attempts: 1
event: task_spawn; timestamp: 0; task: 6; pos: (-74, 51); earliest_start: 0; latest_start: 360; state: PENDING; required_workers: 3; success_prob: 0.9; max_attempts: 1
event: task_spawn; timestamp: 0; task: 7; pos: (-96, 64); earliest_start: 0; latest_start: 450; state: PENDING; required_workers: 1; success_prob: 0.7; max_attempts: 1
event: task_spawn; timestamp: 0; task: 8; pos: (-98, -34); earliest_start: 0; latest_start: 1080; state: PENDING; required_workers: 3; success_prob: 0.6; max_attempts: 1
event: task_spawn; timestamp: 0; task: 9; pos: (-80, 86); earliest_start: 0; latest_start: 360; state: PENDING; required_workers: 1; success_prob: 0.6; max_attempts: 1
event: task_spawn; timestamp: 0; task: 10; pos: (-21, 75); earliest_start: 0; latest_start: 720; state: PENDING; required_workers: 3; success_prob: 0.6; max_attempts: 1
event: task_spawn; timestamp: 0; task: 11; pos: (87, 95); earliest_start: 0; latest_start: 810; state: PENDING; required_workers: 2; success_prob: 0.8; max_attempts: 1
event: task_spawn; timestamp: 0; task: 12; pos: (69, -26); earliest_start: 0; latest_start: 900; state: PENDING; required_workers: 1; success_prob: 0.5; max_attempts: 1
event: task_spawn; timestamp: 0; task: 13; pos: (-19, -66); earliest_start: 0; latest_start: 450; state: PENDING; required_workers: 3; success_prob: 0.6; max_attempts: 1
event: task_spawn; timestamp: 0; task: 14; pos: (-99, 16); earliest_start: 0; latest_start: 270; state: PENDING; required_workers: 3; success_prob: 0.7; max_attempts: 1
event: task_spawn; timestamp: 0; task: 15; pos: (32, -82); earliest_start: 0; latest_start: 450; state: PENDING; required_workers: 1; success_prob: 0.8; max_attempts: 1
event: robot_spawn; timestamp: 0; robot: 1; pos: (0, 0); state: AVAILABLE; battery_level: 100; battery_capacity: 100; velocity: 5; battery_rate_nav: 0.1
event: robot_spawn; timestamp: 0; robot: 2; pos: (0, 0); state: AVAILABLE; battery_level: 100; battery_capacity: 100; velocity: 5; battery_rate_nav: 0.1
event: robot_spawn; timestamp: 0; robot: 3; pos: (0, 0); state: AVAILABLE; battery_level: 100; battery_capacity: 100; velocity: 5; battery_rate_nav: 0.1
event: robot_spawn; timestamp: 0; robot: 4; pos: (0, 0); state: AVAILABLE; battery_level: 100; battery_capacity: 100; velocity: 5; battery_rate_nav: 0.1
event: robot_spawn; timestamp: 0; robot: 5; pos: (0, 0); state: AVAILABLE; battery_level: 100; battery_capacity: 100; velocity: 5; battery_rate_nav: 0.1
event: battery_consumption; timestamp: 0; robot: 5; time: 17.6045; initial_level: 100; final_level: 98.2395
event: navigation; timestamp: 0; robot: 5; time: 17.6045; src: (0, 0); dst: (32, -82)
event: battery_consumption; timestamp: 0; robot: 2; time: 23.0755; initial_level: 100; final_level: 97.6924
event: navigation; timestamp: 0; robot: 2; time: 23.0755; src: (0, 0); dst: (-96, 64)
event: battery_consumption; timestamp: 0; robot: 1; time: 23.4913; initial_level: 100; final_level: 97.6509
event: navigation; timestamp: 0; robot: 1; time: 23.4913; src: (0, 0); dst: (-80, 86)
event: battery_consumption; timestamp: 1; robot: 3; time: 17.9744; initial_level: 100; final_level: 98.2026
event: navigation; timestamp: 1; robot: 3; time: 17.9744; src: (0, 0); dst: (-74, 51)
event: battery_consumption; timestamp: 2; robot: 4; time: 20.7461; initial_level: 100; final_level: 97.9254
event: navigation; timestamp: 2; robot: 4; time: 20.7461; src: (0, 0); dst: (-98, -34)
event: task_execution; timestamp: 17.6045; task: 15; robot: 5; pos: (32, -82); time: 0
event: battery_consumption; timestamp: 17.6045; robot: 5; time: 0; initial_level: 98.2395; final_level: 98.2395
event: task_resolution; timestamp: 17.6045; task: 15; pos: (32, -82); status: COMPLETED; attempt: 1
event: battery_consumption; timestamp: 17.6045; robot: 5; time: 14.0186; initial_level: 98.2395; final_level: 96.8377
event: navigation; timestamp: 17.6045; robot: 5; time: 14.0186; src: (32, -82); dst: (49, -14)
event: task_execution; timestamp: 23.0755; task: 7; robot: 2; pos: (-96, 64); time: 0
event: battery_consumption; timestamp: 23.0755; robot: 2; time: 0; initial_level: 97.6924; final_level: 97.6924
event: task_resolution; timestamp: 23.0755; task: 7; pos: (-96, 64); status: COMPLETED; attempt: 1
event: battery_consumption; timestamp: 23.0755; robot: 2; time: 5.11077; initial_level: 97.6924; final_level: 97.1814
event: navigation; timestamp: 23.0755; robot: 2; time: 5.11077; src: (-96, 64); dst: (-74, 51)
event: task_execution; timestamp: 23.4913; task: 9; robot: 1; pos: (-80, 86); time: 0
event: battery_consumption; timestamp: 23.4913; robot: 1; time: 0; initial_level: 97.6509; final_level: 87.6509
event: task_resolution; timestamp: 23.4913; task: 9; pos: (-80, 86); status: FAILED; attempt: 1
event: battery_consumption; timestamp: 24.4913; robot: 1; time: 7.10211; initial_level: 87.6509; final_level: 86.9407
event: navigation; timestamp: 24.4913; robot: 1; time: 7.10211; src: (-80, 86); dst: (-74, 51)
event: task_execution; timestamp: 31.6231; task: 5; robot: 5; pos: (49, -14); time: 0
event: battery_consumption; timestamp: 31.6231; robot: 5; time: 0; initial_level: 96.8377; final_level: 86.8377
event: task_resolution; timestamp: 31.6231; task: 5; pos: (49, -14); status: FAILED; attempt: 1
event: battery_consumption; timestamp: 31.6231; robot: 5; time: 29.6709; initial_level: 86.8377; final_level: 83.8706
event: navigation; timestamp: 31.6231; robot: 5; time: 29.6709; src: (49, -14); dst: (-98, -34)
event: task_execution; timestamp: 31.5934; task: 6; robot: 1; pos: (-74, 51); time: 60.1773
event: battery_consumption; timestamp: 31.5934; robot: 1; time: 60.1773; initial_level: 86.9407; final_level: 26.7634
event: task_execution; timestamp: 31.5934; task: 6; robot: 2; pos: (-74, 51); time: 60.1773
event: battery_consumption; timestamp: 31.5934; robot: 2; time: 60.1773; initial_level: 97.1814; final_level: 37.0041
event: task_execution; timestamp: 31.5934; task: 6; robot: 3; pos: (-74, 51); time: 60.1773
event: battery_consumption; timestamp: 31.5934; robot: 3; time: 60.1773; initial_level: 98.2026; final_level: 38.0253
event: task_resolution; timestamp: 91.7706; task: 6; pos: (-74, 51); status: COMPLETED; attempt: 1
event: battery_consumption; timestamp: 91.7706; robot: 3; time: 17.6647; initial_level: 38.0253; final_level: 36.2588
event: navigation; timestamp: 91.7706; robot: 3; time: 17.6647; src: (-74, 51); dst: (-98, -34)
event: battery_consumption; timestamp: 92.7706; robot: 1; time: 24.6641; initial_level: 26.7634; final_level: 24.297
event: navigation; timestamp: 92.7706; robot: 1; time: 24.6641; src: (-74, 51); dst: (-56, -71)
event: battery_consumption; timestamp: 92.7706; robot: 2; time: 29.72; initial_level: 37.0041; final_level: 34.0321
event: navigation; timestamp: 92.7706; robot: 2; time: 29.72; src: (-74, 51); dst: (15, -68)
event: task_execution; timestamp: 109.435; task: 8; robot: 3; pos: (-98, -34); time: 0
event: battery_consumption; timestamp: 109.435; robot: 3; time: 0; initial_level: 36.2588; final_level: 36.2588
event: task_execution; timestamp: 109.435; task: 8; robot: 4; pos: (-98, -34); time: 0
event: battery_consumption; timestamp: 109.435; robot: 4; time: 0; initial_level: 97.9254; final_level: 97.9254
event: task_execution; timestamp: 109.435; task: 8; robot: 5; pos: (-98, -34); time: 0
event: battery_consumption; timestamp: 109.435; robot: 5; time: 0; initial_level: 83.8706; final_level: 83.8706
event: task_resolution; timestamp: 109.435; task: 8; pos: (-98, -34); status: COMPLETED; attempt: 1
event: battery_consumption; timestamp: 109.435; robot: 4; time: 23.6008; initial_level: 97.9254; final_level: 95.5653
event: navigation; timestamp: 109.435; robot: 4; time: 23.6008; src: (-98, -34); dst: (15, -68)
event: battery_consumption; timestamp: 109.435; robot: 5; time: 11.1946; initial_level: 83.8706; final_level: 82.7511
event: navigation; timestamp: 109.435; robot: 5; time: 11.1946; src: (-98, -34); dst: (-56, -71)
event: battery_consumption; timestamp: 110.435; robot: 3; time: 37.2907; initial_level: 36.2588; final_level: 32.5298
event: navigation; timestamp: 110.435; robot: 3; time: 37.2907; src: (-98, -34); dst: (60, 65)
event: task_execution; timestamp: 133.036; task: 1; robot: 2; pos: (15, -68); time: 0
event: battery_consumption; timestamp: 133.036; robot: 2; time: 0; initial_level: 34.0321; final_level: 34.0321
event: task_execution; timestamp: 133.036; task: 1; robot: 4; pos: (15, -68); time: 0
event: battery_consumption; timestamp: 133.036; robot: 4; time: 0; initial_level: 95.5653; final_level: 95.5653
event: task_resolution; timestamp: 133.036; task: 1; pos: (15, -68); status: COMPLETED; attempt: 1
event: battery_consumption; timestamp: 133.036; robot: 4; time: 14.2127; initial_level: 95.5653; final_level: 94.144
event: navigation; timestamp: 133.036; robot: 4; time: 14.2127; src: (15, -68); dst: (-56, -71)
event: battery_consumption; timestamp: 134.036; robot: 2; time: 13.6821; initial_level: 34.0321; final_level: 32.6639
event: navigation; timestamp: 134.036; robot: 2; time: 13.6821; src: (15, -68); dst: (69, -26)
event: task_execution; timestamp: 147.249; task: 3; robot: 1; pos: (-56, -71); time: 0
event: battery_consumption; timestamp: 147.249; robot: 1; time: 0; initial_level: 24.297; final_level: 14.297
event: task_execution; timestamp: 147.249; task: 3; robot: 4; pos: (-56, -71); time: 0
event: battery_consumption; timestamp: 147.249; robot: 4; time: 0; initial_level: 94.144; final_level: 84.144
event: task_execution; timestamp: 147.249; task: 3; robot: 5; pos: (-56, -71); time: 0
event: battery_consumption; timestamp: 147.249; robot: 5; time: 0; initial_level: 82.7511; final_level: 72.7511
event: task_resolution; timestamp: 147.249; task: 3; pos: (-56, -71); status: FAILED; attempt: 1
event: battery_consumption; timestamp: 147.249; robot: 5; time: 35.7502; initial_level: 72.7511; final_level: 69.1761
event: navigation; timestamp: 147.249; robot: 5; time: 35.7502; src: (-56, -71); dst: (60, 65)
event: battery_consumption; timestamp: 147.249; robot: 1; time: 19.4093; initial_level: 14.297; final_level: 12.3561
event: navigation; timestamp: 147.249; robot: 1; time: 19.4093; src: (-56, -71); dst: (-99, 16)
event: battery_consumption; timestamp: 147.249; robot: 4; time: 43.8201; initial_level: 84.144; final_level: 79.762
event: navigation; timestamp: 147.249; robot: 4; time: 43.8201; src: (-56, -71); dst: (87, 95)
event: task_execution; timestamp: 147.718; task: 12; robot: 2; pos: (69, -26); time: 0
event: battery_consumption; timestamp: 147.718; robot: 2; time: 0; initial_level: 32.6639; final_level: 22.6639
event: task_resolution; timestamp: 147.718; task: 12; pos: (69, -26); status: FAILED; attempt: 1
event: battery_consumption; timestamp: 147.718; robot: 2; time: 27.0562; initial_level: 22.6639; final_level: 19.9583
event: navigation; timestamp: 147.718; robot: 2; time: 27.0562; src: (69, -26); dst: (-21, 75)
event: task_execution; timestamp: 182.999; task: 4; robot: 3; pos: (60, 65); time: 32.5298
event: battery_consumption; timestamp: 182.999; robot: 3; time: 32.5298; initial_level: 32.5298; final_level: 22.5298
event: task_execution; timestamp: 182.999; task: 4; robot: 5; pos: (60, 65); time: 32.5298
event: battery_consumption; timestamp: 182.999; robot: 5; time: 32.5298; initial_level: 69.1761; final_level: 59.1761
event: task_resolution; timestamp: 215.529; task: 4; pos: (60, 65); status: FAILED; attempt: 1
event: battery_consumption; timestamp: 215.529; robot: 3; time: 8.07217; initial_level: 22.5298; final_level: 21.7225
event: navigation; timestamp: 215.529; robot: 3; time: 8.07217; src: (60, 65); dst: (87, 95)
event: battery_consumption; timestamp: 216.529; robot: 5; time: 16.323; initial_level: 59.1761; final_level: 57.5438
event: navigation; timestamp: 216.529; robot: 5; time: 16.323; src: (60, 65); dst: (-21, 75)
event: task_execution; timestamp: 223.601; task: 11; robot: 3; pos: (87, 95); time: 16.9792
event: battery_consumption; timestamp: 223.601; robot: 3; time: 16.9792; initial_level: 21.7225; final_level: 4.74332
event: task_execution; timestamp: 223.601; task: 11; robot: 4; pos: (87, 95); time: 16.9792
event: battery_consumption; timestamp: 223.601; robot: 4; time: 16.9792; initial_level: 79.762; final_level: 62.7828
event: task_resolution; timestamp: 240.58; task: 11; pos: (87, 95); status: COMPLETED; attempt: 1
event: battery_consumption; timestamp: 240.58; robot: 4; time: 21.9672; initial_level: 62.7828; final_level: 60.5861
event: navigation; timestamp: 240.58; robot: 4; time: 21.9672; src: (87, 95); dst: (-21, 75)
event: battery_consumption; timestamp: 241.58; robot: 3; time: 40.4163; initial_level: 4.74332; final_level: 0.701684
event: navigation; timestamp: 241.58; robot: 3; time: 40.4163; src: (87, 95); dst: (-99, 16)
event: battery_consumption; timestamp: 270; robot: 3; time: 7.92465; initial_level: 0.701684; final_level: 0
event: navigation; timestamp: 270; robot: 3; time: 7.92465; src: (-99, 16); dst: (-70, -11)
event: battery_consumption; timestamp: 271; robot: 1; time: 7.92465; initial_level: 12.3561; final_level: 11.5636
event: navigation; timestamp: 271; robot: 1; time: 7.92465; src: (-99, 16); dst: (-70, -11)
event: task_execution; timestamp: 262.547; task: 10; robot: 2; pos: (-21, 75); time: 19.9583
event: battery_consumption; timestamp: 262.547; robot: 2; time: 19.9583; initial_level: 19.9583; final_level: 9.95828
event: task_execution; timestamp: 262.547; task: 10; robot: 4; pos: (-21, 75); time: 19.9583
event: battery_consumption; timestamp: 262.547; robot: 4; time: 19.9583; initial_level: 60.5861; final_level: 50.5861
event: task_execution; timestamp: 262.547; task: 10; robot: 5; pos: (-21, 75); time: 19.9583
event: battery_consumption; timestamp: 262.547; robot: 5; time: 19.9583; initial_level: 57.5438; final_level: 47.5438
event: task_resolution; timestamp: 282.506; task: 10; pos: (-21, 75); status: FAILED; attempt: 1
event: battery_consumption; timestamp: 282.506; robot: 4; time: 19.796; initial_level: 50.5861; final_level: 48.6065
event: navigation; timestamp: 282.506; robot: 4; time: 19.796; src: (-21, 75); dst: (-70, -11)
event: battery_consumption; timestamp: 283.506; robot: 2; time: 15.5769; initial_level: 9.95828; final_level: 8.40059
event: navigation; timestamp: 283.506; robot: 2; time: 15.5769; src: (-21, 75); dst: (0, 0)
event: robot_finished; timestamp: 299.083; robot: 2; pos: (0, 0); battery: 8.40059
event: battery_consumption; timestamp: 283.506; robot: 5; time: 15.5769; initial_level: 47.5438; final_level: 45.9861
event: navigation; timestamp: 283.506; robot: 5; time: 15.5769; src: (-21, 75); dst: (0, 0)
event: recharge; timestamp: 299.083; robot: 5; recharging_station: 1; pos: (0, 0); level: 100
event: battery_consumption; timestamp: 299.083; robot: 5; time: 13.7361; initial_level: 100; final_level: 98.6264
event: navigation; timestamp: 299.083; robot: 5; time: 13.7361; src: (0, 0); dst: (-19, -66)
event: task_execution; timestamp: 302.302; task: 2; robot: 1; pos: (-70, -11); time: 0
event: battery_consumption; timestamp: 302.302; robot: 1; time: 0; initial_level: 11.5636; final_level: 1.5636
event: task_execution; timestamp: 302.302; task: 2; robot: 3; pos: (-70, -11); time: 0
event: battery_consumption; timestamp: 302.302; robot: 3; time: 0; initial_level: 0; final_level: -10
event: robot_failed; timestamp: 302.302; robot: 3; pos: (-70, -11)
event: task_execution; timestamp: 302.302; task: 2; robot: 4; pos: (-70, -11); time: 0
event: battery_consumption; timestamp: 302.302; robot: 4; time: 0; initial_level: 48.6065; final_level: 38.6065
event: task_resolution; timestamp: 302.302; task: 2; pos: (-70, -11); status: FAILED; attempt: 1
event: battery_consumption; timestamp: 302.302; robot: 1; time: 15.0013; initial_level: 1.5636; final_level: 0.0634643
event: navigation; timestamp: 302.302; robot: 1; time: 15.0013; src: (-70, -11); dst: (-19, -66)
event: battery_consumption; timestamp: 302.302; robot: 4; time: 15.0013; initial_level: 38.6065; final_level: 37.1064
event: navigation; timestamp: 302.302; robot: 4; time: 15.0013; src: (-70, -11); dst: (-19, -66)
event: task_execution; timestamp: 317.303; task: 13; robot: 1; pos: (-19, -66); time: 0
event: battery_consumption; timestamp: 317.303; robot: 1; time: 0; initial_level: 0.0634643; final_level: -9.93654
event: robot_failed; timestamp: 317.303; robot: 1; pos: (-19, -66)
event: task_execution; timestamp: 317.303; task: 13; robot: 4; pos: (-19, -66); time: 0
event: battery_consumption; timestamp: 317.303; robot: 4; time: 0; initial_level: 37.1064; final_level: 27.1064
event: task_execution; timestamp: 317.303; task: 13; robot: 5; pos: (-19, -66); time: 0
event: battery_consumption; timestamp: 317.303; robot: 5; time: 0; initial_level: 98.6264; final_level: 88.6264
event: task_resolution; timestamp: 317.303; task: 13; pos: (-19, -66); status: FAILED; attempt: 1
event: battery_consumption; timestamp: 317.303; robot: 4; time: 13.7361; initial_level: 27.1064; final_level: 25.7327
event: navigation; timestamp: 317.303; robot: 4; time: 13.7361; src: (-19, -66); dst: (0, 0)
event: robot_finished; timestamp: 331.039; robot: 4; pos: (0, 0); battery: 25.7327
event: battery_consumption; timestamp: 317.303; robot: 5; time: 13.7361; initial_level: 88.6264; final_level: 87.2528
event: navigation; timestamp: 317.303; robot: 5; time: 13.7361; src: (-19, -66); dst: (0, 0)
event: robot_finished; timestamp: 331.039; robot: 5; pos: (0, 0); battery: 87.2528
metric: available_agents; value: 0
metric: failed_agents; value: 2
metric: finished_agents; value: 3
metric: completed_tasks; value: 6
metric: pending_tasks; value: 0
metric: failed_tasks; value: 9
metric: average_robot_makespan; value: 316.153
metric: sd_robot_makespan; value: 15.2297
metric: max_robot_makespan; value: 331.039
metric: min_robot_makespan; value: 299.083
metric: average_robot_travel_distance; value: 681.649
metric: sd_robot_travel_distance; value: 164.935
metric: max_robot_travel_distance; value: 864.402
metric: min_robot_travel_distance; value: 487.964
metric: sum_robot_travel_distance; value: 3408.24
metric: average_completed_tasks_by_robot; value: 0
metric: sd_completed_tasks_by_robot; value: 0
metric: max_completed_tasks_by_robot; value: 0
metric: min_completed_tasks_by_robot; value: 0
metric: final_reward; value: 0.4
metric: computing_time; value: 32.862
