info: solver_name; value: cbaa
info: reward_function; value: reward00
info: replica; value: 1
info: filename; value: ../logs/prueba/scenario_20t_01_4r_cbaa_reward00_001.log
info: scenario_name; value: scenario_20t_01_4r
info: scenario_name; value: scenario_20t_01_4r
info: number_of_tasks; value: 20
info: number_of_robots; value: 4
info: number_of_recharging_stations; value: 1
info: scenario_size; value: (200,200)
event: recharging_station_spawn; timestamp: 0; recharging_station: 1; pos: (0, 0)
event: task_spawn; timestamp: 0; task: 1; pos: (75, -53); earliest_start: 0; latest_start: 720; state: PENDING; required_workers: 1; success_prob: 0.7; max_attempts: 1
event: task_spawn; timestamp: 0; task: 2; pos: (-90, 79); earliest_start: 0; latest_start: 810; state: PENDING; required_workers: 2; success_prob: 0.6; max_attempts: 1
event: task_spawn; timestamp: 0; task: 3; pos: (92, 15); earliest_start: 0; latest_start: 540; state: PENDING; required_workers: 3; success_prob: 0.7; max_attempts: 1
event: task_spawn; timestamp: 0; task: 4; pos: (-58, 59); earliest_start: 0; latest_start: 720; state: PENDING; required_workers: 1; success_prob: 0.7; max_attempts: 1
event: task_spawn; timestamp: 0; task: 5; pos: (-3, 7); earliest_start: 0; latest_start: 720; state: PENDING; required_workers: 2; success_prob: 0.5; max_attempts: 1
event: task_spawn; timestamp: 0; task: 6; pos: (-100, -54); earliest_start: 0; latest_start: 450; state: PENDING; required_workers: 1; success_prob: 0.8; max_attempts: 1
event: task_spawn; timestamp: 0; task: 7; pos: (-92, 39); earliest_start: 0; latest_start: 720; state: PENDING; required_workers: 1; success_prob: 0.8; max_attempts: 1
event: task_spawn; timestamp: 0; task: 8; pos: (39, -71); earliest_start: 0; latest_start: 540; state: PENDING; required_workers: 2; success_prob: 0.9; max_attempts: 1
event: task_spawn; timestamp: 0; task: 9; pos: (-85, -18); earliest_start: 0; latest_start: 540; state: PENDING; required_workers: 1; success_prob: 0.7; max_attempts: 1
event: task_spawn; timestamp: 0; task: 10; pos: (-20, -89); earliest_start: 0; latest_start: 450; state: PENDING; required_workers: 1; success_prob: 0.7; max_attempts: 1
event: task_spawn; timestamp: 0; task: 11; pos: (-55, 49); earliest_start: 0; latest_start: 360; state: PENDING; required_workers: 1; success_prob: 0.7; max_attempts: 1
event: task_spawn; timestamp: 0; task: 12; pos: (-22, 78); earliest_start: 0; latest_start: 360; state: PENDING; required_workers: 1; success_prob: 0.5; max_attempts: 1
event: task_spawn; timestamp: 0; task: 13; pos: (30, -49); earliest_start: 0; latest_start: 360; state: PENDING; required_workers: 2; success_prob: 0.7; max_attempts: 1
event: task_spawn; timestamp: 0; task: 14; pos: (37, -23); earliest_start: 0; latest_start: 900; state: PENDING; required_workers: 2; success_prob: 0.6; max_attempts: 1
event: task_spawn; timestamp: 0; task: 15; pos: (-15, 20); earliest_start: 0; latest_start: 540; state: PENDING; required_workers: 1; success_prob: 0.5; max_attempts: 1
event: task_spawn; timestamp: 0; task: 16; pos: (100, -27); earliest_start: 0; latest_start: 1080; state: PENDING; required_workers: 2; success_prob: 0.7; max_attempts: 1
event: task_spawn; timestamp: 0; task: 17; pos: (53, -30); earliest_start: 0; latest_start: 720; state: PENDING; required_workers: 2; success_prob: 0.5; max_attempts: 1
event: task_spawn; timestamp: 0; task: 18; pos: (34, -74); earliest_start: 0; latest_start: 720; state: PENDING; required_workers: 1; success_prob: 0.8; max_attempts: 1
event: task_spawn; timestamp: 0; task: 19; pos: (43, -26); earliest_start: 0; latest_start: 270; state: PENDING; required_workers: 1; success_prob: 0.7; max_attempts: 1
event: task_spawn; timestamp: 0; task: 20; pos: (-4, 55); earliest_start: 0; latest_start: 720; state: PENDING; required_workers: 3; success_prob: 0.6; max_attempts: 1
event: robot_spawn; timestamp: 0; robot: 1; pos: (0, 0); state: AVAILABLE; battery_level: 100; battery_capacity: 100; velocity: 5; battery_rate_nav: 0.1
event: robot_spawn; timestamp: 0; robot: 2; pos: (0, 0); state: AVAILABLE; battery_level: 100; battery_capacity: 100; velocity: 5; battery_rate_nav: 0.1
event: robot_spawn; timestamp: 0; robot: 3; pos: (0, 0); state: AVAILABLE; battery_level: 100; battery_capacity: 100; velocity: 5; battery_rate_nav: 0.1
event: robot_spawn; timestamp: 0; robot: 4; pos: (0, 0); state: AVAILABLE; battery_level: 100; battery_capacity: 100; velocity: 5; battery_rate_nav: 0.1
event: battery_consumption; timestamp: 0; robot: 2; time: 1.52315; initial_level: 100; final_level: 99.8477
event: navigation; timestamp: 0; robot: 2; time: 1.52315; src: (0, 0); dst: (-3, 7)
event: battery_consumption; timestamp: 0; robot: 1; time: 1.52315; initial_level: 100; final_level: 99.8477
event: navigation; timestamp: 0; robot: 1; time: 1.52315; src: (0, 0); dst: (-3, 7)
event: battery_consumption; timestamp: 0; robot: 4; time: 8.71321; initial_level: 100; final_level: 99.1287
event: navigation; timestamp: 0; robot: 4; time: 8.71321; src: (0, 0); dst: (37, -23)
event: battery_consumption; timestamp: 0; robot: 3; time: 10.0499; initial_level: 100; final_level: 98.995
event: navigation; timestamp: 0; robot: 3; time: 10.0499; src: (0, 0); dst: (43, -26)
event: task_execution; timestamp: 1.52315; task: 5; robot: 1; pos: (-3, 7); time: 0
event: battery_consumption; timestamp: 1.52315; robot: 1; time: 0; initial_level: 99.8477; final_level: 89.8477
event: task_execution; timestamp: 1.52315; task: 5; robot: 2; pos: (-3, 7); time: 0
event: battery_consumption; timestamp: 1.52315; robot: 2; time: 0; initial_level: 99.8477; final_level: 89.8477
event: task_resolution; timestamp: 1.52315; task: 5; pos: (-3, 7); status: FAILED; attempt: 1
event: battery_consumption; timestamp: 1.52315; robot: 2; time: 9.60208; initial_level: 89.8477; final_level: 88.8875
event: navigation; timestamp: 1.52315; robot: 2; time: 9.60208; src: (-3, 7); dst: (-4, 55)
event: battery_consumption; timestamp: 1.52315; robot: 1; time: 3.53836; initial_level: 89.8477; final_level: 89.4938
event: navigation; timestamp: 1.52315; robot: 1; time: 3.53836; src: (-3, 7); dst: (-15, 20)
event: task_execution; timestamp: 5.06152; task: 15; robot: 1; pos: (-15, 20); time: 61.6272
event: battery_consumption; timestamp: 5.06152; robot: 1; time: 61.6272; initial_level: 89.4938; final_level: 27.8667
event: task_resolution; timestamp: 66.6887; task: 15; pos: (-15, 20); status: COMPLETED; attempt: 1
event: battery_consumption; timestamp: 66.6887; robot: 1; time: 9.8813; initial_level: 27.8667; final_level: 26.8785
event: navigation; timestamp: 66.6887; robot: 1; time: 9.8813; src: (-15, 20); dst: (-55, 49)
event: task_execution; timestamp: 76.57; task: 11; robot: 1; pos: (-55, 49); time: 0
event: battery_consumption; timestamp: 76.57; robot: 1; time: 0; initial_level: 26.8785; final_level: 26.8785
event: task_resolution; timestamp: 76.57; task: 11; pos: (-55, 49); status: COMPLETED; attempt: 1
event: battery_consumption; timestamp: 76.57; robot: 1; time: 2.08806; initial_level: 26.8785; final_level: 26.6697
event: navigation; timestamp: 76.57; robot: 1; time: 2.08806; src: (-55, 49); dst: (-58, 59)
event: task_execution; timestamp: 78.6581; task: 4; robot: 1; pos: (-58, 59); time: 11.1283
event: battery_consumption; timestamp: 78.6581; robot: 1; time: 11.1283; initial_level: 26.6697; final_level: 15.5414
event: task_resolution; timestamp: 89.7864; task: 4; pos: (-58, 59); status: COMPLETED; attempt: 1
event: battery_consumption; timestamp: 89.7864; robot: 1; time: 7.88923; initial_level: 15.5414; final_level: 14.7525
event: navigation; timestamp: 89.7864; robot: 1; time: 7.88923; src: (-58, 59); dst: (-92, 39)
event: task_execution; timestamp: 97.6756; task: 7; robot: 1; pos: (-92, 39); time: 0
event: battery_consumption; timestamp: 97.6756; robot: 1; time: 0; initial_level: 14.7525; final_level: 14.7525
event: task_resolution; timestamp: 97.6756; task: 7; pos: (-92, 39); status: COMPLETED; attempt: 1
event: battery_consumption; timestamp: 97.6756; robot: 1; time: 11.4856; initial_level: 14.7525; final_level: 13.6039
event: navigation; timestamp: 97.6756; robot: 1; time: 11.4856; src: (-92, 39); dst: (-85, -18)
event: task_execution; timestamp: 10.0499; task: 19; robot: 3; pos: (43, -26); time: 98.995
event: battery_consumption; timestamp: 10.0499; robot: 3; time: 98.995; initial_level: 98.995; final_level: 88.995
event: task_resolution; timestamp: 109.045; task: 19; pos: (43, -26); status: FAILED; attempt: 1
event: battery_consumption; timestamp: 109.045; robot: 3; time: 1.34164; initial_level: 88.995; final_level: 88.8608
event: navigation; timestamp: 109.045; robot: 3; time: 1.34164; src: (43, -26); dst: (37, -23)
event: task_execution; timestamp: 110.387; task: 14; robot: 3; pos: (37, -23); time: 0
event: battery_consumption; timestamp: 110.387; robot: 3; time: 0; initial_level: 88.8608; final_level: 78.8608
event: task_execution; timestamp: 110.387; task: 14; robot: 4; pos: (37, -23); time: 0
event: battery_consumption; timestamp: 110.387; robot: 4; time: 0; initial_level: 99.1287; final_level: 89.1287
event: task_resolution; timestamp: 110.387; task: 14; pos: (37, -23); status: FAILED; attempt: 1
event: battery_consumption; timestamp: 110.387; robot: 3; time: 10.2176; initial_level: 78.8608; final_level: 77.8391
event: navigation; timestamp: 110.387; robot: 3; time: 10.2176; src: (37, -23); dst: (34, -74)
event: battery_consumption; timestamp: 110.387; robot: 4; time: 3.49285; initial_level: 89.1287; final_level: 88.7794
event: navigation; timestamp: 110.387; robot: 4; time: 3.49285; src: (37, -23); dst: (53, -30)
event: task_execution; timestamp: 120.604; task: 18; robot: 3; pos: (34, -74); time: 0
event: battery_consumption; timestamp: 120.604; robot: 3; time: 0; initial_level: 77.8391; final_level: 67.8391
event: task_resolution; timestamp: 120.604; task: 18; pos: (34, -74); status: FAILED; attempt: 1
event: battery_consumption; timestamp: 120.604; robot: 3; time: 9.21303; initial_level: 67.8391; final_level: 66.9178
event: navigation; timestamp: 120.604; robot: 3; time: 9.21303; src: (34, -74); dst: (75, -53)
event: task_execution; timestamp: 109.161; task: 9; robot: 1; pos: (-85, -18); time: 13.6039
event: battery_consumption; timestamp: 109.161; robot: 1; time: 13.6039; initial_level: 13.6039; final_level: 3.60394
event: task_resolution; timestamp: 122.765; task: 9; pos: (-85, -18); status: FAILED; attempt: 1
event: battery_consumption; timestamp: 122.765; robot: 1; time: 7.8; initial_level: 3.60394; final_level: 2.82394
event: navigation; timestamp: 122.765; robot: 1; time: 7.8; src: (-85, -18); dst: (-100, -54)
event: task_execution; timestamp: 130.565; task: 6; robot: 1; pos: (-100, -54); time: 0
event: battery_consumption; timestamp: 130.565; robot: 1; time: 0; initial_level: 2.82394; final_level: 2.82394
event: task_resolution; timestamp: 130.565; task: 6; pos: (-100, -54); status: COMPLETED; attempt: 1
event: battery_consumption; timestamp: 130.565; robot: 1; time: 17.4642; initial_level: 2.82394; final_level: 1.07752
event: navigation; timestamp: 130.565; robot: 1; time: 17.4642; src: (-100, -54); dst: (-20, -89)
event: task_execution; timestamp: 148.029; task: 10; robot: 1; pos: (-20, -89); time: 0
event: battery_consumption; timestamp: 148.029; robot: 1; time: 0; initial_level: 1.07752; final_level: -8.92248
event: robot_failed; timestamp: 148.029; robot: 1; pos: (-20, -89)
event: task_resolution; timestamp: 148.029; task: 10; pos: (-20, -89); status: FAILED; attempt: 1
event: task_execution; timestamp: 129.817; task: 1; robot: 3; pos: (75, -53); time: 66.9178
event: battery_consumption; timestamp: 129.817; robot: 3; time: 66.9178; initial_level: 66.9178; final_level: 56.9178
event: task_resolution; timestamp: 196.735; task: 1; pos: (75, -53); status: FAILED; attempt: 1
event: battery_consumption; timestamp: 196.735; robot: 3; time: 6.36553; initial_level: 56.9178; final_level: 56.2812
event: navigation; timestamp: 196.735; robot: 3; time: 6.36553; src: (75, -53); dst: (53, -30)
event: task_execution; timestamp: 203.101; task: 17; robot: 3; pos: (53, -30); time: 0
event: battery_consumption; timestamp: 203.101; robot: 3; time: 0; initial_level: 56.2812; final_level: 56.2812
event: task_execution; timestamp: 203.101; task: 17; robot: 4; pos: (53, -30); time: 0
event: battery_consumption; timestamp: 203.101; robot: 4; time: 0; initial_level: 88.7794; final_level: 88.7794
event: task_resolution; timestamp: 203.101; task: 17; pos: (53, -30); status: COMPLETED; attempt: 1
event: battery_consumption; timestamp: 203.101; robot: 3; time: 5.96657; initial_level: 56.2812; final_level: 55.6846
event: navigation; timestamp: 203.101; robot: 3; time: 5.96657; src: (53, -30); dst: (30, -49)
event: battery_consumption; timestamp: 203.101; robot: 4; time: 5.96657; initial_level: 88.7794; final_level: 88.1827
event: navigation; timestamp: 203.101; robot: 4; time: 5.96657; src: (53, -30); dst: (30, -49)
event: task_execution; timestamp: 209.067; task: 13; robot: 3; pos: (30, -49); time: 55.6846
event: battery_consumption; timestamp: 209.067; robot: 3; time: 55.6846; initial_level: 55.6846; final_level: 45.6846
event: task_execution; timestamp: 209.067; task: 13; robot: 4; pos: (30, -49); time: 55.6846
event: battery_consumption; timestamp: 209.067; robot: 4; time: 55.6846; initial_level: 88.1827; final_level: 78.1827
event: task_resolution; timestamp: 264.752; task: 13; pos: (30, -49); status: FAILED; attempt: 1
event: battery_consumption; timestamp: 264.752; robot: 4; time: 4.75395; initial_level: 78.1827; final_level: 77.7073
event: navigation; timestamp: 264.752; robot: 4; time: 4.75395; src: (30, -49); dst: (39, -71)
event: battery_consumption; timestamp: 264.752; robot: 3; time: 4.75395; initial_level: 45.6846; final_level: 45.2092
event: navigation; timestamp: 264.752; robot: 3; time: 4.75395; src: (30, -49); dst: (39, -71)
event: task_execution; timestamp: 269.506; task: 8; robot: 3; pos: (39, -71); time: 0
event: battery_consumption; timestamp: 269.506; robot: 3; time: 0; initial_level: 45.2092; final_level: 35.2092
event: task_execution; timestamp: 269.506; task: 8; robot: 4; pos: (39, -71); time: 0
event: battery_consumption; timestamp: 269.506; robot: 4; time: 0; initial_level: 77.7073; final_level: 67.7073
event: task_resolution; timestamp: 269.506; task: 8; pos: (39, -71); status: FAILED; attempt: 1
event: battery_consumption; timestamp: 269.506; robot: 3; time: 15.0426; initial_level: 35.2092; final_level: 33.7049
event: navigation; timestamp: 269.506; robot: 3; time: 15.0426; src: (39, -71); dst: (100, -27)
event: battery_consumption; timestamp: 269.506; robot: 4; time: 15.0426; initial_level: 67.7073; final_level: 66.2031
event: navigation; timestamp: 269.506; robot: 4; time: 15.0426; src: (39, -71); dst: (100, -27)
event: task_execution; timestamp: 284.548; task: 16; robot: 3; pos: (100, -27); time: 0
event: battery_consumption; timestamp: 284.548; robot: 3; time: 0; initial_level: 33.7049; final_level: 23.7049
event: task_execution; timestamp: 284.548; task: 16; robot: 4; pos: (100, -27); time: 0
event: battery_consumption; timestamp: 284.548; robot: 4; time: 0; initial_level: 66.2031; final_level: 56.2031
event: task_resolution; timestamp: 284.548; task: 16; pos: (100, -27); status: FAILED; attempt: 1
event: battery_consumption; timestamp: 284.548; robot: 3; time: 8.55102; initial_level: 23.7049; final_level: 22.8498
event: navigation; timestamp: 284.548; robot: 3; time: 8.55102; src: (100, -27); dst: (92, 15)
event: battery_consumption; timestamp: 284.548; robot: 4; time: 8.55102; initial_level: 56.2031; final_level: 55.348
event: navigation; timestamp: 284.548; robot: 4; time: 8.55102; src: (100, -27); dst: (92, 15)
event: battery_consumption; timestamp: 540; robot: 3; time: 20.8; initial_level: 22.8498; final_level: 20.7698
event: navigation; timestamp: 540; robot: 3; time: 20.8; src: (92, 15); dst: (-4, 55)
event: battery_consumption; timestamp: 540; robot: 4; time: 20.8; initial_level: 55.348; final_level: 53.268
event: navigation; timestamp: 540; robot: 4; time: 20.8; src: (92, 15); dst: (-4, 55)
event: task_execution; timestamp: 560.8; task: 20; robot: 2; pos: (-4, 55); time: 20.7698
event: battery_consumption; timestamp: 560.8; robot: 2; time: 20.7698; initial_level: 88.8875; final_level: 78.8875
event: task_execution; timestamp: 560.8; task: 20; robot: 3; pos: (-4, 55); time: 20.7698
event: battery_consumption; timestamp: 560.8; robot: 3; time: 20.7698; initial_level: 20.7698; final_level: 10.7698
event: task_execution; timestamp: 560.8; task: 20; robot: 4; pos: (-4, 55); time: 20.7698
event: battery_consumption; timestamp: 560.8; robot: 4; time: 20.7698; initial_level: 53.268; final_level: 43.268
event: task_resolution; timestamp: 581.57; task: 20; pos: (-4, 55); status: FAILED; attempt: 1
event: battery_consumption; timestamp: 581.57; robot: 3; time: 17.8572; initial_level: 10.7698; final_level: 8.98409
event: navigation; timestamp: 581.57; robot: 3; time: 17.8572; src: (-4, 55); dst: (-90, 79)
event: battery_consumption; timestamp: 581.57; robot: 2; time: 17.8572; initial_level: 78.8875; final_level: 77.1018
event: navigation; timestamp: 581.57; robot: 2; time: 17.8572; src: (-4, 55); dst: (-90, 79)
event: battery_consumption; timestamp: 581.57; robot: 4; time: 11.0291; initial_level: 43.268; final_level: 42.1651
event: navigation; timestamp: 581.57; robot: 4; time: 11.0291; src: (-4, 55); dst: (0, 0)
event: robot_finished; timestamp: 592.599; robot: 4; pos: (0, 0); battery: 42.1651
event: task_execution; timestamp: 599.427; task: 2; robot: 2; pos: (-90, 79); time: 8.98409
event: battery_consumption; timestamp: 599.427; robot: 2; time: 8.98409; initial_level: 77.1018; final_level: 67.1018
event: task_execution; timestamp: 599.427; task: 2; robot: 3; pos: (-90, 79); time: 8.98409
event: battery_consumption; timestamp: 599.427; robot: 3; time: 8.98409; initial_level: 8.98409; final_level: -1.01591
event: robot_failed; timestamp: 608.411; robot: 3; pos: (-90, 79)
event: task_resolution; timestamp: 608.411; task: 2; pos: (-90, 79); status: FAILED; attempt: 1
event: battery_consumption; timestamp: 608.411; robot: 2; time: 23.9508; initial_level: 67.1018; final_level: 64.7067
event: navigation; timestamp: 608.411; robot: 2; time: 23.9508; src: (-90, 79); dst: (0, 0)
event: robot_finished; timestamp: 632.362; robot: 2; pos: (0, 0); battery: 64.7067
metric: available_agents; value: 0
metric: failed_agents; value: 2
metric: finished_agents; value: 2
metric: completed_tasks; value: 6
metric: pending_tasks; value: 0
metric: failed_tasks; value: 14
metric: average_robot_makespan; value: 495.35
metric: sd_robot_makespan; value: 232.124
metric: max_robot_makespan; value: 632.362
metric: min_robot_makespan; value: 148.029
metric: average_robot_travel_distance; value: 378.889
metric: sd_robot_travel_distance; value: 126.148
metric: max_robot_travel_distance; value: 550.795
metric: min_robot_travel_distance; value: 264.666
metric: sum_robot_travel_distance; value: 1515.56
metric: average_completed_tasks_by_robot; value: 0
metric: sd_completed_tasks_by_robot; value: 0
metric: max_completed_tasks_by_robot; value: 0
metric: min_completed_tasks_by_robot; value: 0
metric: final_reward; value: 0.3
metric: computing_time; value: 0.00150487
