info: solver_name; value: dec-mcts-v2
info: reward_function; value: reward00
info: replica; value: 1
info: filename; value: ../logs/prueba/scenario_20t_04_4r_dec-mcts-v2_reward00_001.log
info: scenario_name; value: scenario_20t_04_4r
info: scenario_name; value: scenario_20t_04_4r
info: number_of_tasks; value: 20
info: number_of_robots; value: 4
info: number_of_recharging_stations; value: 1
info: scenario_size; value: (200,200)
event: recharging_station_spawn; timestamp: 0; recharging_station: 1; pos: (0, 0)
event: task_spawn; timestamp: 0; task: 1; pos: (-52, -99); earliest_start: 0; latest_start: 540; state: PENDING; required_workers: 3; success_prob: 0.8; max_attempts: 1
event: task_spawn; timestamp: 0; task: 2; pos: (55, -51); earliest_start: 0; latest_start: 1080; state: PENDING; required_workers: 1; success_prob: 0.6; max_attempts: 1
event: task_spawn; timestamp: 0; task: 3; pos: (-57, 19); earliest_start: 0; latest_start: 900; state: PENDING; required_workers: 1; success_prob: 0.5; max_attempts: 1
event: task_spawn; timestamp: 0; task: 4; pos: (22, -68); earliest_start: 0; latest_start: 900; state: PENDING; required_workers: 2; success_prob: 0.6; max_attempts: 1
event: task_spawn; timestamp: 0; task: 5; pos: (31, -68); earliest_start: 0; latest_start: 630; state: PENDING; required_workers: 1; success_prob: 0.8; max_attempts: 1
event: task_spawn; timestamp: 0; task: 6; pos: (35, -47); earliest_start: 0; latest_start: 630; state: PENDING; required_workers: 1; success_prob: 0.6; max_attempts: 1
event: task_spawn; timestamp: 0; task: 7; pos: (8, -59); earliest_start: 0; latest_start: 540; state: PENDING; required_workers: 2; success_prob: 0.7; max_attempts: 1
event: task_spawn; timestamp: 0; task: 8; pos: (-40, 22); earliest_start: 0; latest_start: 360; state: PENDING; required_workers: 3; success_prob: 0.6; max_attempts: 1
event: task_spawn; timestamp: 0; task: 9; pos: (-7, -59); earliest_start: 0; latest_start: 270; state: PENDING; required_workers: 3; success_prob: 0.7; max_attempts: 1
event: task_spawn; timestamp: 0; task: 10; pos: (-51, 96); earliest_start: 0; latest_start: 540; state: PENDING; required_workers: 3; success_prob: 0.7; max_attempts: 1
event: task_spawn; timestamp: 0; task: 11; pos: (-71, -34); earliest_start: 0; latest_start: 630; state: PENDING; required_workers: 1; success_prob: 0.6; max_attempts: 1
event: task_spawn; timestamp: 0; task: 12; pos: (24, 76); earliest_start: 0; latest_start: 270; state: PENDING; required_workers: 3; success_prob: 0.6; max_attempts: 1
event: task_spawn; timestamp: 0; task: 13; pos: (-46, 69); earliest_start: 0; latest_start: 360; state: PENDING; required_workers: 3; success_prob: 0.8; max_attempts: 1
event: task_spawn; timestamp: 0; task: 14; pos: (-94, -22); earliest_start: 0; latest_start: 270; state: PENDING; required_workers: 1; success_prob: 0.8; max_attempts: 1
event: task_spawn; timestamp: 0; task: 15; pos: (-30, -84); earliest_start: 0; latest_start: 630; state: PENDING; required_workers: 3; success_prob: 0.5; max_attempts: 1
event: task_spawn; timestamp: 0; task: 16; pos: (-16, 41); earliest_start: 0; latest_start: 450; state: PENDING; required_workers: 1; success_prob: 0.5; max_attempts: 1
event: task_spawn; timestamp: 0; task: 17; pos: (6, -93); earliest_start: 0; latest_start: 450; state: PENDING; required_workers: 3; success_prob: 0.6; max_attempts: 1
event: task_spawn; timestamp: 0; task: 18; pos: (-25, 92); earliest_start: 0; latest_start: 270; state: PENDING; required_workers: 3; success_prob: 0.8; max_attempts: 1
event: task_spawn; timestamp: 0; task: 19; pos: (55, 74); earliest_start: 0; latest_start: 630; state: PENDING; required_workers: 1; success_prob: 0.8; max_attempts: 1
event: task_spawn; timestamp: 0; task: 20; pos: (-14, -78); earliest_start: 0; latest_start: 270; state: PENDING; required_workers: 2; success_prob: 0.6; max_attempts: 1
event: robot_spawn; timestamp: 0; robot: 1; pos: (0, 0); state: AVAILABLE; battery_level: 100; battery_capacity: 100; velocity: 5; battery_rate_nav: 0.1
event: robot_spawn; timestamp: 0; robot: 2; pos: (0, 0); state: AVAILABLE; battery_level: 100; battery_capacity: 100; velocity: 5; battery_rate_nav: 0.1
event: robot_spawn; timestamp: 0; robot: 3; pos: (0, 0); state: AVAILABLE; battery_level: 100; battery_capacity: 100; velocity: 5; battery_rate_nav: 0.1
event: robot_spawn; timestamp: 0; robot: 4; pos: (0, 0); state: AVAILABLE; battery_level: 100; battery_capacity: 100; velocity: 5; battery_rate_nav: 0.1
event: battery_consumption; timestamp: 0; robot: 2; time: 22.3652; initial_level: 100; final_level: 97.7635
event: navigation; timestamp: 0; robot: 2; time: 22.3652; src: (0, 0); dst: (-52, -99)
event: battery_consumption; timestamp: 0; robot: 3; time: 19.308; initial_level: 100; final_level: 98.0692
event: navigation; timestamp: 0; robot: 3; time: 19.308; src: (0, 0); dst: (-94, -22)
event: battery_consumption; timestamp: 1; robot: 4; time: 8.80227; initial_level: 100; final_level: 99.1198
event: navigation; timestamp: 1; robot: 4; time: 8.80227; src: (0, 0); dst: (-16, 41)
event: battery_consumption; timestamp: 1; robot: 1; time: 11.7201; initial_level: 100; final_level: 98.828
event: navigation; timestamp: 1; robot: 1; time: 11.7201; src: (0, 0); dst: (35, -47)
event: task_execution; timestamp: 9.80227; task: 16; robot: 4; pos: (-16, 41); time: 0
event: battery_consumption; timestamp: 9.80227; robot: 4; time: 0; initial_level: 99.1198; final_level: 89.1198
event: task_resolution; timestamp: 9.80227; task: 16; pos: (-16, 41); status: FAILED; attempt: 1
event: battery_consumption; timestamp: 9.80227; robot: 4; time: 28.9109; initial_level: 89.1198; final_level: 86.2287
event: navigation; timestamp: 9.80227; robot: 4; time: 28.9109; src: (-16, 41); dst: (-52, -99)
event: task_execution; timestamp: 12.7201; task: 6; robot: 1; pos: (35, -47); time: 0
event: battery_consumption; timestamp: 12.7201; robot: 1; time: 0; initial_level: 98.828; final_level: 98.828
event: task_resolution; timestamp: 12.7201; task: 6; pos: (35, -47); status: COMPLETED; attempt: 1
event: battery_consumption; timestamp: 12.7201; robot: 1; time: 20.2712; initial_level: 98.828; final_level: 96.8009
event: navigation; timestamp: 12.7201; robot: 1; time: 20.2712; src: (35, -47); dst: (-52, -99)
event: task_execution; timestamp: 19.308; task: 14; robot: 3; pos: (-94, -22); time: 0
event: battery_consumption; timestamp: 19.308; robot: 3; time: 0; initial_level: 98.0692; final_level: 88.0692
event: task_resolution; timestamp: 19.308; task: 14; pos: (-94, -22); status: FAILED; attempt: 1
event: battery_consumption; timestamp: 20.308; robot: 3; time: 11.0454; initial_level: 88.0692; final_level: 86.9647
event: navigation; timestamp: 20.308; robot: 3; time: 11.0454; src: (-94, -22); dst: (-57, 19)
event: task_execution; timestamp: 31.3534; task: 3; robot: 3; pos: (-57, 19); time: 44.6535
event: battery_consumption; timestamp: 31.3534; robot: 3; time: 44.6535; initial_level: 86.9647; final_level: 42.3111
event: task_resolution; timestamp: 76.0069; task: 3; pos: (-57, 19); status: COMPLETED; attempt: 1
event: battery_consumption; timestamp: 76.0069; robot: 3; time: 18.53; initial_level: 42.3111; final_level: 40.4581
event: navigation; timestamp: 76.0069; robot: 3; time: 18.53; src: (-57, 19); dst: (-7, -59)
event: task_execution; timestamp: 38.7132; task: 1; robot: 1; pos: (-52, -99); time: 86.2287
event: battery_consumption; timestamp: 38.7132; robot: 1; time: 86.2287; initial_level: 96.8009; final_level: 86.8009
event: task_execution; timestamp: 38.7132; task: 1; robot: 2; pos: (-52, -99); time: 86.2287
event: battery_consumption; timestamp: 38.7132; robot: 2; time: 86.2287; initial_level: 97.7635; final_level: 87.7635
event: task_execution; timestamp: 38.7132; task: 1; robot: 4; pos: (-52, -99); time: 86.2287
event: battery_consumption; timestamp: 38.7132; robot: 4; time: 86.2287; initial_level: 86.2287; final_level: 76.2287
event: task_resolution; timestamp: 124.942; task: 1; pos: (-52, -99); status: FAILED; attempt: 1
event: battery_consumption; timestamp: 124.942; robot: 2; time: 8.68332; initial_level: 87.7635; final_level: 86.8952
event: navigation; timestamp: 124.942; robot: 2; time: 8.68332; src: (-52, -99); dst: (-14, -78)
event: battery_consumption; timestamp: 124.942; robot: 1; time: 22.3652; initial_level: 86.8009; final_level: 84.5644
event: navigation; timestamp: 124.942; robot: 1; time: 22.3652; src: (-52, -99); dst: (0, 0)
event: recharge; timestamp: 147.307; robot: 1; recharging_station: 1; pos: (0, 0); level: 100
event: battery_consumption; timestamp: 124.942; robot: 4; time: 12.0416; initial_level: 76.2287; final_level: 75.0245
event: navigation; timestamp: 124.942; robot: 4; time: 12.0416; src: (-52, -99); dst: (-7, -59)
event: battery_consumption; timestamp: 147.307; robot: 1; time: 11.8828; initial_level: 100; final_level: 98.8117
event: navigation; timestamp: 147.307; robot: 1; time: 11.8828; src: (0, 0); dst: (-7, -59)
event: task_execution; timestamp: 159.19; task: 9; robot: 1; pos: (-7, -59); time: 40.4581
event: battery_consumption; timestamp: 159.19; robot: 1; time: 40.4581; initial_level: 98.8117; final_level: 88.8117
event: task_execution; timestamp: 159.19; task: 9; robot: 3; pos: (-7, -59); time: 40.4581
event: battery_consumption; timestamp: 159.19; robot: 3; time: 40.4581; initial_level: 40.4581; final_level: 30.4581
event: task_execution; timestamp: 159.19; task: 9; robot: 4; pos: (-7, -59); time: 40.4581
event: battery_consumption; timestamp: 159.19; robot: 4; time: 40.4581; initial_level: 75.0245; final_level: 65.0245
event: task_resolution; timestamp: 199.648; task: 9; pos: (-7, -59); status: FAILED; attempt: 1
event: battery_consumption; timestamp: 199.648; robot: 3; time: 4.04969; initial_level: 30.4581; final_level: 30.0532
event: navigation; timestamp: 199.648; robot: 3; time: 4.04969; src: (-7, -59); dst: (-14, -78)
event: battery_consumption; timestamp: 200.648; robot: 1; time: 17.4929; initial_level: 88.8117; final_level: 87.0624
event: navigation; timestamp: 200.648; robot: 1; time: 17.4929; src: (-7, -59); dst: (-40, 22)
event: battery_consumption; timestamp: 200.648; robot: 4; time: 17.4929; initial_level: 65.0245; final_level: 63.2752
event: navigation; timestamp: 200.648; robot: 4; time: 17.4929; src: (-7, -59); dst: (-40, 22)
event: task_execution; timestamp: 203.698; task: 20; robot: 2; pos: (-14, -78); time: 0
event: battery_consumption; timestamp: 203.698; robot: 2; time: 0; initial_level: 86.8952; final_level: 76.8952
event: task_execution; timestamp: 203.698; task: 20; robot: 3; pos: (-14, -78); time: 0
event: battery_consumption; timestamp: 203.698; robot: 3; time: 0; initial_level: 30.0532; final_level: 20.0532
event: task_resolution; timestamp: 203.698; task: 20; pos: (-14, -78); status: FAILED; attempt: 1
event: battery_consumption; timestamp: 203.698; robot: 3; time: 5; initial_level: 20.0532; final_level: 19.5532
event: navigation; timestamp: 203.698; robot: 3; time: 5; src: (-14, -78); dst: (6, -93)
event: battery_consumption; timestamp: 203.698; robot: 2; time: 20.6649; initial_level: 76.8952; final_level: 74.8287
event: navigation; timestamp: 203.698; robot: 2; time: 20.6649; src: (-14, -78); dst: (-40, 22)
event: task_execution; timestamp: 224.363; task: 8; robot: 1; pos: (-40, 22); time: 0
event: battery_consumption; timestamp: 224.363; robot: 1; time: 0; initial_level: 87.0624; final_level: 87.0624
event: task_execution; timestamp: 224.363; task: 8; robot: 2; pos: (-40, 22); time: 0
event: battery_consumption; timestamp: 224.363; robot: 2; time: 0; initial_level: 74.8287; final_level: 74.8287
event: task_execution; timestamp: 224.363; task: 8; robot: 4; pos: (-40, 22); time: 0
event: battery_consumption; timestamp: 224.363; robot: 4; time: 0; initial_level: 63.2752; final_level: 63.2752
event: task_resolution; timestamp: 224.363; task: 8; pos: (-40, 22); status: COMPLETED; attempt: 1
event: battery_consumption; timestamp: 224.363; robot: 1; time: 18.8308; initial_level: 87.0624; final_level: 85.1794
event: navigation; timestamp: 224.363; robot: 1; time: 18.8308; src: (-40, 22); dst: (8, -59)
event: battery_consumption; timestamp: 224.363; robot: 2; time: 14.3178; initial_level: 74.8287; final_level: 73.3969
event: navigation; timestamp: 224.363; robot: 2; time: 14.3178; src: (-40, 22); dst: (-25, 92)
event: battery_consumption; timestamp: 224.363; robot: 4; time: 9.13017; initial_level: 63.2752; final_level: 62.3622
event: navigation; timestamp: 224.363; robot: 4; time: 9.13017; src: (-40, 22); dst: (0, 0)
event: recharge; timestamp: 233.493; robot: 4; recharging_station: 1; pos: (0, 0); level: 100
event: battery_consumption; timestamp: 233.493; robot: 4; time: 11.908; initial_level: 100; final_level: 98.8092
event: navigation; timestamp: 233.493; robot: 4; time: 11.908; src: (0, 0); dst: (8, -59)
event: task_execution; timestamp: 245.401; task: 7; robot: 1; pos: (8, -59); time: 0
event: battery_consumption; timestamp: 245.401; robot: 1; time: 0; initial_level: 85.1794; final_level: 75.1794
event: task_execution; timestamp: 245.401; task: 7; robot: 4; pos: (8, -59); time: 0
event: battery_consumption; timestamp: 245.401; robot: 4; time: 0; initial_level: 98.8092; final_level: 88.8092
event: task_resolution; timestamp: 245.401; task: 7; pos: (8, -59); status: FAILED; attempt: 1
event: battery_consumption; timestamp: 245.401; robot: 1; time: 6.81175; initial_level: 75.1794; final_level: 74.4982
event: navigation; timestamp: 245.401; robot: 1; time: 6.81175; src: (8, -59); dst: (6, -93)
event: battery_consumption; timestamp: 245.401; robot: 4; time: 4.93964; initial_level: 88.8092; final_level: 88.3152
event: navigation; timestamp: 245.401; robot: 4; time: 4.93964; src: (8, -59); dst: (31, -68)
event: task_execution; timestamp: 250.34; task: 5; robot: 4; pos: (31, -68); time: 0
event: battery_consumption; timestamp: 250.34; robot: 4; time: 0; initial_level: 88.3152; final_level: 78.3152
event: task_resolution; timestamp: 250.34; task: 5; pos: (31, -68); status: FAILED; attempt: 1
event: battery_consumption; timestamp: 250.34; robot: 4; time: 7.07107; initial_level: 78.3152; final_level: 77.6081
event: navigation; timestamp: 250.34; robot: 4; time: 7.07107; src: (31, -68); dst: (6, -93)
event: task_execution; timestamp: 257.411; task: 17; robot: 1; pos: (6, -93); time: 0
event: battery_consumption; timestamp: 257.411; robot: 1; time: 0; initial_level: 74.4982; final_level: 74.4982
event: task_execution; timestamp: 257.411; task: 17; robot: 3; pos: (6, -93); time: 0
event: battery_consumption; timestamp: 257.411; robot: 3; time: 0; initial_level: 19.5532; final_level: 19.5532
event: task_execution; timestamp: 257.411; task: 17; robot: 4; pos: (6, -93); time: 0
event: battery_consumption; timestamp: 257.411; robot: 4; time: 0; initial_level: 77.6081; final_level: 77.6081
event: task_resolution; timestamp: 257.411; task: 17; pos: (6, -93); status: COMPLETED; attempt: 1
event: battery_consumption; timestamp: 257.411; robot: 1; time: 34.0282; initial_level: 74.4982; final_level: 71.0954
event: navigation; timestamp: 257.411; robot: 1; time: 34.0282; src: (6, -93); dst: (-46, 69)
event: battery_consumption; timestamp: 257.411; robot: 3; time: 5.93633; initial_level: 19.5532; final_level: 18.9595
event: navigation; timestamp: 257.411; robot: 3; time: 5.93633; src: (6, -93); dst: (22, -68)
event: battery_consumption; timestamp: 257.411; robot: 4; time: 12.9074; initial_level: 77.6081; final_level: 76.3174
event: navigation; timestamp: 257.411; robot: 4; time: 12.9074; src: (6, -93); dst: (55, -51)
event: task_execution; timestamp: 270.319; task: 2; robot: 4; pos: (55, -51); time: 0
event: battery_consumption; timestamp: 270.319; robot: 4; time: 0; initial_level: 76.3174; final_level: 66.3174
event: task_resolution; timestamp: 270.319; task: 2; pos: (55, -51); status: FAILED; attempt: 1
event: battery_consumption; timestamp: 270.319; robot: 4; time: 7.42428; initial_level: 66.3174; final_level: 65.575
event: navigation; timestamp: 270.319; robot: 4; time: 7.42428; src: (55, -51); dst: (22, -68)
event: battery_consumption; timestamp: 271; robot: 2; time: 19.0672; initial_level: 73.3969; final_level: 71.4902
event: navigation; timestamp: 271; robot: 2; time: 19.0672; src: (-25, 92); dst: (0, 0)
event: recharge; timestamp: 290.067; robot: 2; recharging_station: 1; pos: (0, 0); level: 100
event: battery_consumption; timestamp: 290.067; robot: 2; time: 16.5855; initial_level: 100; final_level: 98.3414
event: navigation; timestamp: 290.067; robot: 2; time: 16.5855; src: (0, 0); dst: (-46, 69)
event: task_execution; timestamp: 277.743; task: 4; robot: 3; pos: (22, -68); time: 18.9595
event: battery_consumption; timestamp: 277.743; robot: 3; time: 18.9595; initial_level: 18.9595; final_level: 8.95954
event: task_execution; timestamp: 277.743; task: 4; robot: 4; pos: (22, -68); time: 18.9595
event: battery_consumption; timestamp: 277.743; robot: 4; time: 18.9595; initial_level: 65.575; final_level: 55.575
event: task_resolution; timestamp: 296.703; task: 4; pos: (22, -68); status: FAILED; attempt: 1
event: battery_consumption; timestamp: 296.703; robot: 4; time: 30.5895; initial_level: 55.575; final_level: 52.516
event: navigation; timestamp: 296.703; robot: 4; time: 30.5895; src: (22, -68); dst: (-46, 69)
event: battery_consumption; timestamp: 297.703; robot: 3; time: 35.9026; initial_level: 8.95954; final_level: 5.36927
event: navigation; timestamp: 297.703; robot: 3; time: 35.9026; src: (22, -68); dst: (-51, 96)
event: task_execution; timestamp: 327.292; task: 13; robot: 1; pos: (-46, 69); time: 0
event: battery_consumption; timestamp: 327.292; robot: 1; time: 0; initial_level: 71.0954; final_level: 71.0954
event: task_execution; timestamp: 327.292; task: 13; robot: 2; pos: (-46, 69); time: 0
event: battery_consumption; timestamp: 327.292; robot: 2; time: 0; initial_level: 98.3414; final_level: 98.3414
event: task_execution; timestamp: 327.292; task: 13; robot: 4; pos: (-46, 69); time: 0
event: battery_consumption; timestamp: 327.292; robot: 4; time: 0; initial_level: 52.516; final_level: 52.516
event: task_resolution; timestamp: 327.292; task: 13; pos: (-46, 69); status: COMPLETED; attempt: 1
event: battery_consumption; timestamp: 327.292; robot: 4; time: 16.5855; initial_level: 52.516; final_level: 50.8575
event: navigation; timestamp: 327.292; robot: 4; time: 16.5855; src: (-46, 69); dst: (0, 0)
event: recharge; timestamp: 343.878; robot: 4; recharging_station: 1; pos: (0, 0); level: 100
event: battery_consumption; timestamp: 328.292; robot: 2; time: 21.1981; initial_level: 98.3414; final_level: 96.2216
event: navigation; timestamp: 328.292; robot: 2; time: 21.1981; src: (-46, 69); dst: (-71, -34)
event: battery_consumption; timestamp: 329.292; robot: 1; time: 16.5855; initial_level: 71.0954; final_level: 69.4368
event: navigation; timestamp: 329.292; robot: 1; time: 16.5855; src: (-46, 69); dst: (0, 0)
event: recharge; timestamp: 345.878; robot: 1; recharging_station: 1; pos: (0, 0); level: 100
event: recharge; timestamp: 343.878; robot: 4; recharging_station: 1; pos: (0, 0); level: 100
event: recharge; timestamp: 343.878; robot: 4; recharging_station: 1; pos: (0, 0); level: 100
event: battery_consumption; timestamp: 343.878; robot: 4; time: 18.4402; initial_level: 100; final_level: 98.156
event: navigation; timestamp: 343.878; robot: 4; time: 18.4402; src: (0, 0); dst: (55, 74)
event: recharge; timestamp: 346.878; robot: 1; recharging_station: 1; pos: (0, 0); level: 100
event: battery_consumption; timestamp: 346.878; robot: 1; time: 21.7412; initial_level: 100; final_level: 97.8259
event: navigation; timestamp: 346.878; robot: 1; time: 21.7412; src: (0, 0); dst: (-51, 96)
event: task_execution; timestamp: 349.49; task: 11; robot: 2; pos: (-71, -34); time: 0
event: battery_consumption; timestamp: 349.49; robot: 2; time: 0; initial_level: 96.2216; final_level: 86.2216
event: task_resolution; timestamp: 349.49; task: 11; pos: (-71, -34); status: FAILED; attempt: 1
event: battery_consumption; timestamp: 349.49; robot: 2; time: 12.9321; initial_level: 86.2216; final_level: 84.9284
event: navigation; timestamp: 349.49; robot: 2; time: 12.9321; src: (-71, -34); dst: (-30, -84)
event: task_execution; timestamp: 362.318; task: 19; robot: 4; pos: (55, 74); time: 0
event: battery_consumption; timestamp: 362.318; robot: 4; time: 0; initial_level: 98.156; final_level: 98.156
event: task_resolution; timestamp: 362.318; task: 19; pos: (55, 74); status: COMPLETED; attempt: 1
event: battery_consumption; timestamp: 362.318; robot: 4; time: 21.6518; initial_level: 98.156; final_level: 95.9908
event: navigation; timestamp: 362.318; robot: 4; time: 21.6518; src: (55, 74); dst: (-51, 96)
event: task_execution; timestamp: 383.97; task: 10; robot: 1; pos: (-51, 96); time: 5.36927
event: battery_consumption; timestamp: 383.97; robot: 1; time: 5.36927; initial_level: 97.8259; final_level: 87.8259
event: task_execution; timestamp: 383.97; task: 10; robot: 3; pos: (-51, 96); time: 5.36927
event: battery_consumption; timestamp: 383.97; robot: 3; time: 5.36927; initial_level: 5.36927; final_level: -4.63073
event: robot_failed; timestamp: 389.339; robot: 3; pos: (-51, 96)
event: task_execution; timestamp: 383.97; task: 10; robot: 4; pos: (-51, 96); time: 5.36927
event: battery_consumption; timestamp: 383.97; robot: 4; time: 5.36927; initial_level: 95.9908; final_level: 85.9908
event: task_resolution; timestamp: 389.339; task: 10; pos: (-51, 96); status: FAILED; attempt: 1
event: battery_consumption; timestamp: 389.339; robot: 1; time: 36.2442; initial_level: 87.8259; final_level: 84.2015
event: navigation; timestamp: 389.339; robot: 1; time: 36.2442; src: (-51, 96); dst: (-30, -84)
event: battery_consumption; timestamp: 389.339; robot: 4; time: 36.2442; initial_level: 85.9908; final_level: 82.3664
event: navigation; timestamp: 389.339; robot: 4; time: 36.2442; src: (-51, 96); dst: (-30, -84)
event: task_execution; timestamp: 425.583; task: 15; robot: 1; pos: (-30, -84); time: 0
event: battery_consumption; timestamp: 425.583; robot: 1; time: 0; initial_level: 84.2015; final_level: 74.2015
event: task_execution; timestamp: 425.583; task: 15; robot: 2; pos: (-30, -84); time: 0
event: battery_consumption; timestamp: 425.583; robot: 2; time: 0; initial_level: 84.9284; final_level: 74.9284
event: task_execution; timestamp: 425.583; task: 15; robot: 4; pos: (-30, -84); time: 0
event: battery_consumption; timestamp: 425.583; robot: 4; time: 0; initial_level: 82.3664; final_level: 72.3664
event: task_resolution; timestamp: 425.583; task: 15; pos: (-30, -84); status: FAILED; attempt: 1
event: battery_consumption; timestamp: 425.583; robot: 2; time: 17.8393; initial_level: 74.9284; final_level: 73.1445
event: navigation; timestamp: 425.583; robot: 2; time: 17.8393; src: (-30, -84); dst: (0, 0)
event: recharge; timestamp: 443.422; robot: 2; recharging_station: 1; pos: (0, 0); level: 100
event: battery_consumption; timestamp: 425.583; robot: 4; time: 17.8393; initial_level: 72.3664; final_level: 70.5825
event: navigation; timestamp: 425.583; robot: 4; time: 17.8393; src: (-30, -84); dst: (0, 0)
event: robot_finished; timestamp: 443.422; robot: 4; pos: (0, 0); battery: 70.5825
event: battery_consumption; timestamp: 426.583; robot: 1; time: 17.8393; initial_level: 74.2015; final_level: 72.4175
event: navigation; timestamp: 426.583; robot: 1; time: 17.8393; src: (-30, -84); dst: (0, 0)
event: robot_finished; timestamp: 444.422; robot: 1; pos: (0, 0); battery: 72.4175
event: robot_finished; timestamp: 443.422; robot: 2; pos: (0, 0); battery: 100
metric: available_agents; value: 0
metric: failed_agents; value: 1
metric: finished_agents; value: 3
metric: completed_tasks; value: 6
metric: pending_tasks; value: 0
metric: failed_tasks; value: 14
metric: average_robot_makespan; value: 430.151
metric: sd_robot_makespan; value: 27.2125
metric: max_robot_makespan; value: 444.422
metric: min_robot_makespan; value: 389.339
metric: average_robot_travel_distance; value: 939.021
metric: sd_robot_travel_distance; value: 373.303
metric: max_robot_travel_distance; value: 1309.89
metric: min_robot_travel_distance; value: 498.86
metric: sum_robot_travel_distance; value: 3756.09
metric: average_completed_tasks_by_robot; value: 0
metric: sd_completed_tasks_by_robot; value: 0
metric: max_completed_tasks_by_robot; value: 0
metric: min_completed_tasks_by_robot; value: 0
metric: final_reward; value: 0.3
metric: computing_time; value: 41.3435
