info: solver_name; value: cbba
info: reward_function; value: reward00
info: replica; value: 26
info: filename; value: ../logs/prueba/scenario_12_06_01_cbba_reward00_026.log
info: scenario_name; value: scenario_12_06_01
info: scenario_name; value: scenario_12_06_01
info: number_of_tasks; value: 12
info: number_of_robots; value: 6
info: number_of_recharging_stations; value: 1
info: scenario_size; value: (200,200)
event: recharging_station_spawn; timestamp: 0; recharging_station: 1; pos: (0, 0)
event: task_spawn; timestamp: 0; task: 1; pos: (-70.0709, -68.0831); earliest_start: 0; latest_start: 1080; state: PENDING; required_workers: 3; success_prob: 0.8; max_attempts: 1
event: task_spawn; timestamp: 0; task: 2; pos: (-17.4248, -96.1114); earliest_start: 0; latest_start: 810; state: PENDING; required_workers: 3; success_prob: 0.8; max_attempts: 1
event: task_spawn; timestamp: 0; task: 3; pos: (-29.5006, -24.1376); earliest_start: 0; latest_start: 1080; state: PENDING; required_workers: 2; success_prob: 0.8; max_attempts: 1
event: task_spawn; timestamp: 0; task: 4; pos: (6.58351, -36.5381); earliest_start: 0; latest_start: 540; state: PENDING; required_workers: 1; success_prob: 0.8; max_attempts: 1
event: task_spawn; timestamp: 0; task: 5; pos: (-46.7684, -52.5449); earliest_start: 0; latest_start: 540; state: PENDING; required_workers: 3; success_prob: 0.8; max_attempts: 1
event: task_spawn; timestamp: 0; task: 6; pos: (-87.1468, -93.4297); earliest_start: 0; latest_start: 810; state: PENDING; required_workers: 2; success_prob: 0.8; max_attempts: 1
event: task_spawn; timestamp: 0; task: 7; pos: (-74.758, -54.3258); earliest_start: 0; latest_start: 540; state: PENDING; required_workers: 2; success_prob: 0.8; max_attempts: 1
event: task_spawn; timestamp: 0; task: 8; pos: (-1.29451, 32.4663); earliest_start: 0; latest_start: 540; state: PENDING; required_workers: 2; success_prob: 0.8; max_attempts: 1
event: task_spawn; timestamp: 0; task: 9; pos: (60.5478, -15.9338); earliest_start: 0; latest_start: 1080; state: PENDING; required_workers: 1; success_prob: 0.8; max_attempts: 1
event: task_spawn; timestamp: 0; task: 10; pos: (56.8755, 43.1394); earliest_start: 0; latest_start: 810; state: PENDING; required_workers: 2; success_prob: 0.8; max_attempts: 1
event: task_spawn; timestamp: 0; task: 11; pos: (-24.173, 41.1999); earliest_start: 0; latest_start: 540; state: PENDING; required_workers: 2; success_prob: 0.8; max_attempts: 1
event: task_spawn; timestamp: 0; task: 12; pos: (72.2993, -29.315); earliest_start: 0; latest_start: 1080; state: PENDING; required_workers: 1; success_prob: 0.8; max_attempts: 1
event: robot_spawn; timestamp: 0; robot: 1; pos: (0, 0); state: AVAILABLE; battery_level: 100; battery_capacity: 100; velocity: 5; battery_rate_nav: 0.1
event: robot_spawn; timestamp: 0; robot: 2; pos: (0, 0); state: AVAILABLE; battery_level: 100; battery_capacity: 100; velocity: 5; battery_rate_nav: 0.1
event: robot_spawn; timestamp: 0; robot: 3; pos: (0, 0); state: AVAILABLE; battery_level: 100; battery_capacity: 100; velocity: 5; battery_rate_nav: 0.1
event: robot_spawn; timestamp: 0; robot: 4; pos: (0, 0); state: AVAILABLE; battery_level: 100; battery_capacity: 100; velocity: 5; battery_rate_nav: 0.1
event: robot_spawn; timestamp: 0; robot: 5; pos: (0, 0); state: AVAILABLE; battery_level: 100; battery_capacity: 100; velocity: 5; battery_rate_nav: 0.1
event: robot_spawn; timestamp: 0; robot: 6; pos: (0, 0); state: AVAILABLE; battery_level: 100; battery_capacity: 100; velocity: 5; battery_rate_nav: 0.1
event: battery_consumption; timestamp: 0; robot: 5; time: 7.4253; initial_level: 100; final_level: 99.2575
event: navigation; timestamp: 0; robot: 5; time: 7.4253; src: (0, 0); dst: (6.58351, -36.5381)
event: battery_consumption; timestamp: 0; robot: 6; time: 7.62341; initial_level: 100; final_level: 99.2377
event: navigation; timestamp: 0; robot: 6; time: 7.62341; src: (0, 0); dst: (-29.5006, -24.1376)
event: battery_consumption; timestamp: 0; robot: 4; time: 7.62341; initial_level: 100; final_level: 99.2377
event: navigation; timestamp: 0; robot: 4; time: 7.62341; src: (0, 0); dst: (-29.5006, -24.1376)
event: battery_consumption; timestamp: 0; robot: 2; time: 6.49842; initial_level: 100; final_level: 99.3502
event: navigation; timestamp: 0; robot: 2; time: 6.49842; src: (0, 0); dst: (-1.29451, 32.4663)
event: battery_consumption; timestamp: 0; robot: 1; time: 6.49842; initial_level: 100; final_level: 99.3502
event: navigation; timestamp: 0; robot: 1; time: 6.49842; src: (0, 0); dst: (-1.29451, 32.4663)
event: battery_consumption; timestamp: 0; robot: 3; time: 9.55357; initial_level: 100; final_level: 99.0446
event: navigation; timestamp: 0; robot: 3; time: 9.55357; src: (0, 0); dst: (-24.173, 41.1999)
event: task_execution; timestamp: 7.4253; task: 4; robot: 5; pos: (6.58351, -36.5381); time: 0
event: battery_consumption; timestamp: 7.4253; robot: 5; time: 0; initial_level: 99.2575; final_level: 99.2575
event: task_resolution; timestamp: 7.4253; task: 4; pos: (6.58351, -36.5381); status: COMPLETED; attempt: 1
event: battery_consumption; timestamp: 7.4253; robot: 5; time: 11.1403; initial_level: 99.2575; final_level: 98.1434
event: navigation; timestamp: 7.4253; robot: 5; time: 11.1403; src: (6.58351, -36.5381); dst: (-46.7684, -52.5449)
event: task_execution; timestamp: 7.62341; task: 3; robot: 4; pos: (-29.5006, -24.1376); time: 0
event: battery_consumption; timestamp: 7.62341; robot: 4; time: 0; initial_level: 99.2377; final_level: 99.2377
event: task_execution; timestamp: 7.62341; task: 3; robot: 6; pos: (-29.5006, -24.1376); time: 0
event: battery_consumption; timestamp: 7.62341; robot: 6; time: 0; initial_level: 99.2377; final_level: 99.2377
event: task_resolution; timestamp: 7.62341; task: 3; pos: (-29.5006, -24.1376); status: COMPLETED; attempt: 1
event: battery_consumption; timestamp: 7.62341; robot: 4; time: 6.64876; initial_level: 99.2377; final_level: 98.5728
event: navigation; timestamp: 7.62341; robot: 4; time: 6.64876; src: (-29.5006, -24.1376); dst: (-46.7684, -52.5449)
event: battery_consumption; timestamp: 7.62341; robot: 6; time: 6.64876; initial_level: 99.2377; final_level: 98.5728
event: navigation; timestamp: 7.62341; robot: 6; time: 6.64876; src: (-29.5006, -24.1376); dst: (-46.7684, -52.5449)
event: task_execution; timestamp: 18.5656; task: 5; robot: 4; pos: (-46.7684, -52.5449); time: 0
event: battery_consumption; timestamp: 18.5656; robot: 4; time: 0; initial_level: 98.5728; final_level: 98.5728
event: task_execution; timestamp: 18.5656; task: 5; robot: 5; pos: (-46.7684, -52.5449); time: 0
event: battery_consumption; timestamp: 18.5656; robot: 5; time: 0; initial_level: 98.1434; final_level: 98.1434
event: task_execution; timestamp: 18.5656; task: 5; robot: 6; pos: (-46.7684, -52.5449); time: 0
event: battery_consumption; timestamp: 18.5656; robot: 6; time: 0; initial_level: 98.5728; final_level: 98.5728
event: task_resolution; timestamp: 18.5656; task: 5; pos: (-46.7684, -52.5449); status: COMPLETED; attempt: 1
event: battery_consumption; timestamp: 18.5656; robot: 4; time: 5.60158; initial_level: 98.5728; final_level: 98.0126
event: navigation; timestamp: 18.5656; robot: 4; time: 5.60158; src: (-46.7684, -52.5449); dst: (-70.0709, -68.0831)
event: battery_consumption; timestamp: 18.5656; robot: 5; time: 5.60158; initial_level: 98.1434; final_level: 97.5833
event: navigation; timestamp: 18.5656; robot: 5; time: 5.60158; src: (-46.7684, -52.5449); dst: (-70.0709, -68.0831)
event: battery_consumption; timestamp: 18.5656; robot: 6; time: 5.60158; initial_level: 98.5728; final_level: 98.0126
event: navigation; timestamp: 18.5656; robot: 6; time: 5.60158; src: (-46.7684, -52.5449); dst: (-70.0709, -68.0831)
event: task_execution; timestamp: 24.1672; task: 1; robot: 4; pos: (-70.0709, -68.0831); time: 66.3492
event: battery_consumption; timestamp: 24.1672; robot: 4; time: 66.3492; initial_level: 98.0126; final_level: 31.6634
event: task_execution; timestamp: 24.1672; task: 1; robot: 5; pos: (-70.0709, -68.0831); time: 66.3492
event: battery_consumption; timestamp: 24.1672; robot: 5; time: 66.3492; initial_level: 97.5833; final_level: 31.2341
event: task_execution; timestamp: 24.1672; task: 1; robot: 6; pos: (-70.0709, -68.0831); time: 66.3492
event: battery_consumption; timestamp: 24.1672; robot: 6; time: 66.3492; initial_level: 98.0126; final_level: 31.6634
event: task_resolution; timestamp: 90.5164; task: 1; pos: (-70.0709, -68.0831); status: COMPLETED; attempt: 1
event: battery_consumption; timestamp: 90.5164; robot: 4; time: 2.90677; initial_level: 31.6634; final_level: 31.3727
event: navigation; timestamp: 90.5164; robot: 4; time: 2.90677; src: (-70.0709, -68.0831); dst: (-74.758, -54.3258)
event: battery_consumption; timestamp: 90.5164; robot: 5; time: 2.90677; initial_level: 31.2341; final_level: 30.9434
event: navigation; timestamp: 90.5164; robot: 5; time: 2.90677; src: (-70.0709, -68.0831); dst: (-74.758, -54.3258)
event: battery_consumption; timestamp: 90.5164; robot: 6; time: 6.1124; initial_level: 31.6634; final_level: 31.0522
event: navigation; timestamp: 90.5164; robot: 6; time: 6.1124; src: (-70.0709, -68.0831); dst: (-87.1468, -93.4297)
event: task_execution; timestamp: 93.4231; task: 7; robot: 4; pos: (-74.758, -54.3258); time: 0
event: battery_consumption; timestamp: 93.4231; robot: 4; time: 0; initial_level: 31.3727; final_level: 31.3727
event: task_execution; timestamp: 93.4231; task: 7; robot: 5; pos: (-74.758, -54.3258); time: 0
event: battery_consumption; timestamp: 93.4231; robot: 5; time: 0; initial_level: 30.9434; final_level: 30.9434
event: task_resolution; timestamp: 93.4231; task: 7; pos: (-74.758, -54.3258); status: COMPLETED; attempt: 1
event: battery_consumption; timestamp: 93.4231; robot: 4; time: 8.2039; initial_level: 31.3727; final_level: 30.5524
event: navigation; timestamp: 93.4231; robot: 4; time: 8.2039; src: (-74.758, -54.3258); dst: (-87.1468, -93.4297)
event: battery_consumption; timestamp: 93.4231; robot: 5; time: 14.1889; initial_level: 30.9434; final_level: 29.5245
event: navigation; timestamp: 93.4231; robot: 5; time: 14.1889; src: (-74.758, -54.3258); dst: (-17.4248, -96.1114)
event: task_execution; timestamp: 6.49842; task: 8; robot: 1; pos: (-1.29451, 32.4663); time: 99.3502
event: battery_consumption; timestamp: 6.49842; robot: 1; time: 99.3502; initial_level: 99.3502; final_level: 89.3502
event: task_execution; timestamp: 6.49842; task: 8; robot: 2; pos: (-1.29451, 32.4663); time: 99.3502
event: battery_consumption; timestamp: 6.49842; robot: 2; time: 99.3502; initial_level: 99.3502; final_level: 89.3502
event: task_resolution; timestamp: 105.849; task: 8; pos: (-1.29451, 32.4663); status: FAILED; attempt: 1
event: battery_consumption; timestamp: 105.849; robot: 2; time: 11.8282; initial_level: 89.3502; final_level: 88.1673
event: navigation; timestamp: 105.849; robot: 2; time: 11.8282; src: (-1.29451, 32.4663); dst: (56.8755, 43.1394)
event: battery_consumption; timestamp: 105.849; robot: 1; time: 4.89776; initial_level: 89.3502; final_level: 88.8604
event: navigation; timestamp: 105.849; robot: 1; time: 4.89776; src: (-1.29451, 32.4663); dst: (-24.173, 41.1999)
event: task_execution; timestamp: 101.627; task: 6; robot: 4; pos: (-87.1468, -93.4297); time: 30.5524
event: battery_consumption; timestamp: 101.627; robot: 4; time: 30.5524; initial_level: 30.5524; final_level: 20.5524
event: task_execution; timestamp: 101.627; task: 6; robot: 6; pos: (-87.1468, -93.4297); time: 30.5524
event: battery_consumption; timestamp: 101.627; robot: 6; time: 30.5524; initial_level: 31.0522; final_level: 21.0522
event: task_resolution; timestamp: 132.179; task: 6; pos: (-87.1468, -93.4297); status: FAILED; attempt: 1
event: battery_consumption; timestamp: 132.179; robot: 6; time: 13.9547; initial_level: 21.0522; final_level: 19.6567
event: navigation; timestamp: 132.179; robot: 6; time: 13.9547; src: (-87.1468, -93.4297); dst: (-17.4248, -96.1114)
event: battery_consumption; timestamp: 132.179; robot: 4; time: 13.9547; initial_level: 20.5524; final_level: 19.1569
event: navigation; timestamp: 132.179; robot: 4; time: 13.9547; src: (-87.1468, -93.4297); dst: (-17.4248, -96.1114)
event: task_execution; timestamp: 146.134; task: 2; robot: 4; pos: (-17.4248, -96.1114); time: 0
event: battery_consumption; timestamp: 146.134; robot: 4; time: 0; initial_level: 19.1569; final_level: 19.1569
event: task_execution; timestamp: 146.134; task: 2; robot: 5; pos: (-17.4248, -96.1114); time: 0
event: battery_consumption; timestamp: 146.134; robot: 5; time: 0; initial_level: 29.5245; final_level: 29.5245
event: task_execution; timestamp: 146.134; task: 2; robot: 6; pos: (-17.4248, -96.1114); time: 0
event: battery_consumption; timestamp: 146.134; robot: 6; time: 0; initial_level: 19.6567; final_level: 19.6567
event: task_resolution; timestamp: 146.134; task: 2; pos: (-17.4248, -96.1114); status: COMPLETED; attempt: 1
event: battery_consumption; timestamp: 146.134; robot: 4; time: 22.3716; initial_level: 19.1569; final_level: 16.9197
event: navigation; timestamp: 146.134; robot: 4; time: 22.3716; src: (-17.4248, -96.1114); dst: (72.2993, -29.315)
event: battery_consumption; timestamp: 146.134; robot: 6; time: 31.5666; initial_level: 19.6567; final_level: 16.5
event: navigation; timestamp: 146.134; robot: 6; time: 31.5666; src: (-17.4248, -96.1114); dst: (56.8755, 43.1394)
event: battery_consumption; timestamp: 146.134; robot: 5; time: 22.368; initial_level: 29.5245; final_level: 27.2877
event: navigation; timestamp: 146.134; robot: 5; time: 22.368; src: (-17.4248, -96.1114); dst: (60.5478, -15.9338)
event: task_execution; timestamp: 168.502; task: 9; robot: 5; pos: (60.5478, -15.9338); time: 0
event: battery_consumption; timestamp: 168.502; robot: 5; time: 0; initial_level: 27.2877; final_level: 27.2877
event: task_resolution; timestamp: 168.502; task: 9; pos: (60.5478, -15.9338); status: COMPLETED; attempt: 1
event: battery_consumption; timestamp: 168.502; robot: 5; time: 12.5219; initial_level: 27.2877; final_level: 26.0355
event: navigation; timestamp: 168.502; robot: 5; time: 12.5219; src: (60.5478, -15.9338); dst: (0, 0)
event: recharge; timestamp: 181.024; robot: 5; recharging_station: 1; pos: (0, 0); level: 100
event: task_execution; timestamp: 168.506; task: 12; robot: 4; pos: (72.2993, -29.315); time: 10.554
event: battery_consumption; timestamp: 168.506; robot: 4; time: 10.554; initial_level: 16.9197; final_level: 6.36573
event: task_resolution; timestamp: 179.06; task: 12; pos: (72.2993, -29.315); status: COMPLETED; attempt: 1
event: battery_consumption; timestamp: 179.06; robot: 4; time: 15.6033; initial_level: 6.36573; final_level: 4.8054
event: navigation; timestamp: 179.06; robot: 4; time: 15.6033; src: (72.2993, -29.315); dst: (0, 0)
event: recharge; timestamp: 194.663; robot: 4; recharging_station: 1; pos: (0, 0); level: 100
event: robot_finished; timestamp: 181.024; robot: 5; pos: (0, 0); battery: 100
event: task_execution; timestamp: 177.701; task: 10; robot: 2; pos: (56.8755, 43.1394); time: 13.4653
event: battery_consumption; timestamp: 177.701; robot: 2; time: 13.4653; initial_level: 88.1673; final_level: 74.702
event: task_execution; timestamp: 177.701; task: 10; robot: 6; pos: (56.8755, 43.1394); time: 13.4653
event: battery_consumption; timestamp: 177.701; robot: 6; time: 13.4653; initial_level: 16.5; final_level: 3.0347
event: task_resolution; timestamp: 191.166; task: 10; pos: (56.8755, 43.1394); status: COMPLETED; attempt: 1
event: battery_consumption; timestamp: 191.166; robot: 2; time: 14.277; initial_level: 74.702; final_level: 73.2743
event: navigation; timestamp: 191.166; robot: 2; time: 14.277; src: (56.8755, 43.1394); dst: (0, 0)
event: robot_finished; timestamp: 205.443; robot: 2; pos: (0, 0); battery: 73.2743
event: battery_consumption; timestamp: 191.166; robot: 6; time: 14.277; initial_level: 3.0347; final_level: 1.607
event: navigation; timestamp: 191.166; robot: 6; time: 14.277; src: (56.8755, 43.1394); dst: (0, 0)
event: recharge; timestamp: 205.443; robot: 6; recharging_station: 1; pos: (0, 0); level: 100
event: robot_finished; timestamp: 194.663; robot: 4; pos: (0, 0); battery: 100
event: task_execution; timestamp: 110.746; task: 11; robot: 1; pos: (-24.173, 41.1999); time: 88.8604
event: battery_consumption; timestamp: 110.746; robot: 1; time: 88.8604; initial_level: 88.8604; final_level: 78.8604
event: task_execution; timestamp: 110.746; task: 11; robot: 3; pos: (-24.173, 41.1999); time: 88.8604
event: battery_consumption; timestamp: 110.746; robot: 3; time: 88.8604; initial_level: 99.0446; final_level: 89.0446
event: task_resolution; timestamp: 199.607; task: 11; pos: (-24.173, 41.1999); status: FAILED; attempt: 1
event: battery_consumption; timestamp: 199.607; robot: 1; time: 9.55357; initial_level: 78.8604; final_level: 77.905
event: navigation; timestamp: 199.607; robot: 1; time: 9.55357; src: (-24.173, 41.1999); dst: (0, 0)
event: robot_finished; timestamp: 209.16; robot: 1; pos: (0, 0); battery: 77.905
event: battery_consumption; timestamp: 199.607; robot: 3; time: 9.55357; initial_level: 89.0446; final_level: 88.0893
event: navigation; timestamp: 199.607; robot: 3; time: 9.55357; src: (-24.173, 41.1999); dst: (0, 0)
event: robot_finished; timestamp: 209.16; robot: 3; pos: (0, 0); battery: 88.0893
event: robot_finished; timestamp: 205.443; robot: 6; pos: (0, 0); battery: 100
metric: available_agents; value: 0
metric: failed_agents; value: 0
metric: finished_agents; value: 6
metric: completed_tasks; value: 9
metric: pending_tasks; value: 0
metric: failed_tasks; value: 3
metric: average_robot_makespan; value: 200.816
metric: sd_robot_makespan; value: 11.0604
metric: max_robot_makespan; value: 209.16
metric: min_robot_makespan; value: 181.024
metric: average_robot_travel_distance; value: 264.593
metric: sd_robot_travel_distance; value: 159.65
metric: max_robot_travel_distance; value: 428.923
metric: min_robot_travel_distance; value: 95.5357
metric: sum_robot_travel_distance; value: 1587.56
metric: average_completed_tasks_by_robot; value: 0
metric: sd_completed_tasks_by_robot; value: 0
metric: max_completed_tasks_by_robot; value: 0
metric: min_completed_tasks_by_robot; value: 0
metric: final_reward; value: 0.75
metric: computing_time; value: 0.0106344
