info: solver_name; value: greedy
info: reward_function; value: reward00
info: replica; value: 2
info: filename; value: ../logs/prueba/scenario_12_06_01_greedy_reward00_002.log
info: scenario_name; value: scenario_12_06_01
info: scenario_name; value: scenario_12_06_01
info: number_of_tasks; value: 12
info: number_of_robots; value: 6
info: number_of_recharging_stations; value: 1
info: scenario_size; value: (200,200)
event: recharging_station_spawn; timestamp: 0; recharging_station: 1; pos: (0, 0)
event: task_spawn; timestamp: 0; task: 1; pos: (-70.0709, -68.0831); earliest_start: 0; latest_start: 1080; state: PENDING; required_workers: 3; success_prob: 0.8; max_attempts: 1
event: task_spawn; timestamp: 0; task: 2; pos: (-17.4248, -96.1114); earliest_start: 0; latest_start: 810; state: PENDING; required_workers: 3; success_prob: 0.8; max_attempts: 1
event: task_spawn; timestamp: 0; task: 3; pos: (-29.5006, -24.1376); earliest_start: 0; latest_start: 1080; state: PENDING; required_workers: 2; success_prob: 0.8; max_attempts: 1
event: task_spawn; timestamp: 0; task: 4; pos: (6.58351, -36.5381); earliest_start: 0; latest_start: 540; state: PENDING; required_workers: 1; success_prob: 0.8; max_attempts: 1
event: task_spawn; timestamp: 0; task: 5; pos: (-46.7684, -52.5449); earliest_start: 0; latest_start: 540; state: PENDING; required_workers: 3; success_prob: 0.8; max_attempts: 1
event: task_spawn; timestamp: 0; task: 6; pos: (-87.1468, -93.4297); earliest_start: 0; latest_start: 810; state: PENDING; required_workers: 2; success_prob: 0.8; max_attempts: 1
event: task_spawn; timestamp: 0; task: 7; pos: (-74.758, -54.3258); earliest_start: 0; latest_start: 540; state: PENDING; required_workers: 2; success_prob: 0.8; max_attempts: 1
event: task_spawn; timestamp: 0; task: 8; pos: (-1.29451, 32.4663); earliest_start: 0; latest_start: 540; state: PENDING; required_workers: 2; success_prob: 0.8; max_attempts: 1
event: task_spawn; timestamp: 0; task: 9; pos: (60.5478, -15.9338); earliest_start: 0; latest_start: 1080; state: PENDING; required_workers: 1; success_prob: 0.8; max_attempts: 1
event: task_spawn; timestamp: 0; task: 10; pos: (56.8755, 43.1394); earliest_start: 0; latest_start: 810; state: PENDING; required_workers: 2; success_prob: 0.8; max_attempts: 1
event: task_spawn; timestamp: 0; task: 11; pos: (-24.173, 41.1999); earliest_start: 0; latest_start: 540; state: PENDING; required_workers: 2; success_prob: 0.8; max_attempts: 1
event: task_spawn; timestamp: 0; task: 12; pos: (72.2993, -29.315); earliest_start: 0; latest_start: 1080; state: PENDING; required_workers: 1; success_prob: 0.8; max_attempts: 1
event: robot_spawn; timestamp: 0; robot: 1; pos: (0, 0); state: AVAILABLE; battery_level: 100; battery_capacity: 100; velocity: 5; battery_rate_nav: 0.1
event: robot_spawn; timestamp: 0; robot: 2; pos: (0, 0); state: AVAILABLE; battery_level: 100; battery_capacity: 100; velocity: 5; battery_rate_nav: 0.1
event: robot_spawn; timestamp: 0; robot: 3; pos: (0, 0); state: AVAILABLE; battery_level: 100; battery_capacity: 100; velocity: 5; battery_rate_nav: 0.1
event: robot_spawn; timestamp: 0; robot: 4; pos: (0, 0); state: AVAILABLE; battery_level: 100; battery_capacity: 100; velocity: 5; battery_rate_nav: 0.1
event: robot_spawn; timestamp: 0; robot: 5; pos: (0, 0); state: AVAILABLE; battery_level: 100; battery_capacity: 100; velocity: 5; battery_rate_nav: 0.1
event: robot_spawn; timestamp: 0; robot: 6; pos: (0, 0); state: AVAILABLE; battery_level: 100; battery_capacity: 100; velocity: 5; battery_rate_nav: 0.1
event: battery_consumption; timestamp: 0; robot: 4; time: 6.49842; initial_level: 100; final_level: 99.3502
event: navigation; timestamp: 0; robot: 4; time: 6.49842; src: (0, 0); dst: (-1.29451, 32.4663)
event: battery_consumption; timestamp: 0; robot: 2; time: 6.49842; initial_level: 100; final_level: 99.3502
event: navigation; timestamp: 0; robot: 2; time: 6.49842; src: (0, 0); dst: (-1.29451, 32.4663)
event: battery_consumption; timestamp: 0; robot: 5; time: 7.4253; initial_level: 100; final_level: 99.2575
event: navigation; timestamp: 0; robot: 5; time: 7.4253; src: (0, 0); dst: (6.58351, -36.5381)
event: battery_consumption; timestamp: 0; robot: 3; time: 7.62341; initial_level: 100; final_level: 99.2377
event: navigation; timestamp: 0; robot: 3; time: 7.62341; src: (0, 0); dst: (-29.5006, -24.1376)
event: battery_consumption; timestamp: 0; robot: 1; time: 7.62341; initial_level: 100; final_level: 99.2377
event: navigation; timestamp: 0; robot: 1; time: 7.62341; src: (0, 0); dst: (-29.5006, -24.1376)
event: battery_consumption; timestamp: 0; robot: 6; time: 9.55357; initial_level: 100; final_level: 99.0446
event: navigation; timestamp: 0; robot: 6; time: 9.55357; src: (0, 0); dst: (-24.173, 41.1999)
event: task_execution; timestamp: 6.49842; task: 8; robot: 2; pos: (-1.29451, 32.4663); time: 0
event: task_execution; timestamp: 6.49842; task: 8; robot: 4; pos: (-1.29451, 32.4663); time: 0
event: battery_consumption; timestamp: 6.49842; robot: 2; time: 0; initial_level: 99.3502; final_level: 99.3502
event: battery_consumption; timestamp: 6.49842; robot: 4; time: 0; initial_level: 99.3502; final_level: 99.3502
event: task_resolution; timestamp: 6.49842; task: 8; pos: (-1.29451, 32.4663); status: FAILED; attempt: 1
event: battery_consumption; timestamp: 6.49842; robot: 4; time: 4.89776; initial_level: 99.3502; final_level: 98.8604
event: navigation; timestamp: 6.49842; robot: 4; time: 4.89776; src: (-1.29451, 32.4663); dst: (-24.173, 41.1999)
event: battery_consumption; timestamp: 6.49842; robot: 2; time: 11.8282; initial_level: 99.3502; final_level: 98.1673
event: navigation; timestamp: 6.49842; robot: 2; time: 11.8282; src: (-1.29451, 32.4663); dst: (56.8755, 43.1394)
event: task_execution; timestamp: 7.4253; task: 4; robot: 5; pos: (6.58351, -36.5381); time: 99.2575
event: battery_consumption; timestamp: 7.4253; robot: 5; time: 99.2575; initial_level: 99.2575; final_level: 0
event: robot_failed; timestamp: 7.4253; robot: 5; pos: (6.58351, -36.5381)
event: task_resolution; timestamp: 106.683; task: 4; pos: (6.58351, -36.5381); status: FAILED; attempt: 1
event: task_execution; timestamp: 7.62341; task: 3; robot: 1; pos: (-29.5006, -24.1376); time: 25.873
event: task_execution; timestamp: 7.62341; task: 3; robot: 3; pos: (-29.5006, -24.1376); time: 25.873
event: battery_consumption; timestamp: 7.62341; robot: 1; time: 25.873; initial_level: 99.2377; final_level: 73.3647
event: battery_consumption; timestamp: 7.62341; robot: 3; time: 25.873; initial_level: 99.2377; final_level: 73.3647
event: task_resolution; timestamp: 33.4964; task: 3; pos: (-29.5006, -24.1376); status: COMPLETED; attempt: 1
event: task_execution; timestamp: 11.3962; task: 11; robot: 4; pos: (-24.173, 41.1999); time: 0
event: task_execution; timestamp: 11.3962; task: 11; robot: 6; pos: (-24.173, 41.1999); time: 0
event: battery_consumption; timestamp: 11.3962; robot: 4; time: 0; initial_level: 98.8604; final_level: 98.8604
event: battery_consumption; timestamp: 11.3962; robot: 6; time: 0; initial_level: 99.0446; final_level: 99.0446
event: task_resolution; timestamp: 11.3962; task: 11; pos: (-24.173, 41.1999); status: COMPLETED; attempt: 1
event: battery_consumption; timestamp: 11.3962; robot: 4; time: 16.2143; initial_level: 98.8604; final_level: 97.2389
event: navigation; timestamp: 11.3962; robot: 4; time: 16.2143; src: (-24.173, 41.1999); dst: (56.8755, 43.1394)
event: battery_consumption; timestamp: 11.3962; robot: 6; time: 19.2859; initial_level: 99.0446; final_level: 97.1161
event: navigation; timestamp: 11.3962; robot: 6; time: 19.2859; src: (-24.173, 41.1999); dst: (-46.7684, -52.5449)
event: task_execution; timestamp: 27.6105; task: 10; robot: 2; pos: (56.8755, 43.1394); time: 59.7306
event: task_execution; timestamp: 27.6105; task: 10; robot: 4; pos: (56.8755, 43.1394); time: 59.7306
event: battery_consumption; timestamp: 27.6105; robot: 2; time: 59.7306; initial_level: 98.1673; final_level: 38.4368
event: battery_consumption; timestamp: 27.6105; robot: 4; time: 59.7306; initial_level: 97.2389; final_level: 37.5084
event: task_resolution; timestamp: 87.3411; task: 10; pos: (56.8755, 43.1394); status: COMPLETED; attempt: 1
event: battery_consumption; timestamp: 33.4964; robot: 1; time: 6.64876; initial_level: 73.3647; final_level: 72.6998
event: navigation; timestamp: 33.4964; robot: 1; time: 6.64876; src: (-29.5006, -24.1376); dst: (-46.7684, -52.5449)
event: battery_consumption; timestamp: 33.4964; robot: 3; time: 6.64876; initial_level: 73.3647; final_level: 72.6998
event: navigation; timestamp: 33.4964; robot: 3; time: 6.64876; src: (-29.5006, -24.1376); dst: (-46.7684, -52.5449)
event: task_execution; timestamp: 40.1452; task: 5; robot: 1; pos: (-46.7684, -52.5449); time: 0
event: task_execution; timestamp: 40.1452; task: 5; robot: 3; pos: (-46.7684, -52.5449); time: 0
event: task_execution; timestamp: 40.1452; task: 5; robot: 6; pos: (-46.7684, -52.5449); time: 0
event: battery_consumption; timestamp: 40.1452; robot: 1; time: 0; initial_level: 72.6998; final_level: 72.6998
event: battery_consumption; timestamp: 40.1452; robot: 3; time: 0; initial_level: 72.6998; final_level: 72.6998
event: battery_consumption; timestamp: 40.1452; robot: 6; time: 0; initial_level: 97.1161; final_level: 97.1161
event: task_resolution; timestamp: 40.1452; task: 5; pos: (-46.7684, -52.5449); status: FAILED; attempt: 1
event: battery_consumption; timestamp: 40.1452; robot: 1; time: 5.60158; initial_level: 72.6998; final_level: 72.1396
event: navigation; timestamp: 40.1452; robot: 1; time: 5.60158; src: (-46.7684, -52.5449); dst: (-70.0709, -68.0831)
event: battery_consumption; timestamp: 40.1452; robot: 3; time: 5.60158; initial_level: 72.6998; final_level: 72.1396
event: navigation; timestamp: 40.1452; robot: 3; time: 5.60158; src: (-46.7684, -52.5449); dst: (-70.0709, -68.0831)
event: battery_consumption; timestamp: 40.1452; robot: 6; time: 5.60158; initial_level: 97.1161; final_level: 96.5559
event: navigation; timestamp: 40.1452; robot: 6; time: 5.60158; src: (-46.7684, -52.5449); dst: (-70.0709, -68.0831)
event: task_execution; timestamp: 45.7467; task: 1; robot: 1; pos: (-70.0709, -68.0831); time: 0
event: task_execution; timestamp: 45.7467; task: 1; robot: 3; pos: (-70.0709, -68.0831); time: 0
event: task_execution; timestamp: 45.7467; task: 1; robot: 6; pos: (-70.0709, -68.0831); time: 0
event: battery_consumption; timestamp: 45.7467; robot: 1; time: 0; initial_level: 72.1396; final_level: 72.1396
event: battery_consumption; timestamp: 45.7467; robot: 3; time: 0; initial_level: 72.1396; final_level: 72.1396
event: battery_consumption; timestamp: 45.7467; robot: 6; time: 0; initial_level: 96.5559; final_level: 96.5559
event: task_resolution; timestamp: 45.7467; task: 1; pos: (-70.0709, -68.0831); status: COMPLETED; attempt: 1
event: battery_consumption; timestamp: 45.7467; robot: 1; time: 2.90677; initial_level: 72.1396; final_level: 71.849
event: navigation; timestamp: 45.7467; robot: 1; time: 2.90677; src: (-70.0709, -68.0831); dst: (-74.758, -54.3258)
event: battery_consumption; timestamp: 45.7467; robot: 6; time: 2.90677; initial_level: 96.5559; final_level: 96.2652
event: navigation; timestamp: 45.7467; robot: 6; time: 2.90677; src: (-70.0709, -68.0831); dst: (-74.758, -54.3258)
event: battery_consumption; timestamp: 45.7467; robot: 3; time: 6.1124; initial_level: 72.1396; final_level: 71.5284
event: navigation; timestamp: 45.7467; robot: 3; time: 6.1124; src: (-70.0709, -68.0831); dst: (-87.1468, -93.4297)
event: task_execution; timestamp: 48.6535; task: 7; robot: 1; pos: (-74.758, -54.3258); time: 0
event: task_execution; timestamp: 48.6535; task: 7; robot: 6; pos: (-74.758, -54.3258); time: 0
event: battery_consumption; timestamp: 48.6535; robot: 1; time: 0; initial_level: 71.849; final_level: 71.849
event: battery_consumption; timestamp: 48.6535; robot: 6; time: 0; initial_level: 96.2652; final_level: 96.2652
event: task_resolution; timestamp: 48.6535; task: 7; pos: (-74.758, -54.3258); status: FAILED; attempt: 1
event: battery_consumption; timestamp: 48.6535; robot: 6; time: 8.2039; initial_level: 96.2652; final_level: 95.4448
event: navigation; timestamp: 48.6535; robot: 6; time: 8.2039; src: (-74.758, -54.3258); dst: (-87.1468, -93.4297)
event: battery_consumption; timestamp: 48.6535; robot: 1; time: 14.1889; initial_level: 71.849; final_level: 70.4301
event: navigation; timestamp: 48.6535; robot: 1; time: 14.1889; src: (-74.758, -54.3258); dst: (-17.4248, -96.1114)
event: task_execution; timestamp: 56.8574; task: 6; robot: 3; pos: (-87.1468, -93.4297); time: 0
event: task_execution; timestamp: 56.8574; task: 6; robot: 6; pos: (-87.1468, -93.4297); time: 0
event: battery_consumption; timestamp: 56.8574; robot: 3; time: 0; initial_level: 71.5284; final_level: 71.5284
event: battery_consumption; timestamp: 56.8574; robot: 6; time: 0; initial_level: 95.4448; final_level: 95.4448
event: task_resolution; timestamp: 56.8574; task: 6; pos: (-87.1468, -93.4297); status: FAILED; attempt: 1
event: battery_consumption; timestamp: 56.8574; robot: 6; time: 13.9547; initial_level: 95.4448; final_level: 94.0494
event: navigation; timestamp: 56.8574; robot: 6; time: 13.9547; src: (-87.1468, -93.4297); dst: (-17.4248, -96.1114)
event: battery_consumption; timestamp: 56.8574; robot: 3; time: 13.9547; initial_level: 71.5284; final_level: 70.1329
event: navigation; timestamp: 56.8574; robot: 3; time: 13.9547; src: (-87.1468, -93.4297); dst: (-17.4248, -96.1114)
event: task_execution; timestamp: 70.8121; task: 2; robot: 1; pos: (-17.4248, -96.1114); time: 0
event: task_execution; timestamp: 70.8121; task: 2; robot: 3; pos: (-17.4248, -96.1114); time: 0
event: task_execution; timestamp: 70.8121; task: 2; robot: 6; pos: (-17.4248, -96.1114); time: 0
event: battery_consumption; timestamp: 70.8121; robot: 1; time: 0; initial_level: 70.4301; final_level: 70.4301
event: battery_consumption; timestamp: 70.8121; robot: 3; time: 0; initial_level: 70.1329; final_level: 70.1329
event: battery_consumption; timestamp: 70.8121; robot: 6; time: 0; initial_level: 94.0494; final_level: 94.0494
event: task_resolution; timestamp: 70.8121; task: 2; pos: (-17.4248, -96.1114); status: COMPLETED; attempt: 1
event: battery_consumption; timestamp: 70.8121; robot: 1; time: 22.368; initial_level: 70.4301; final_level: 68.1933
event: navigation; timestamp: 70.8121; robot: 1; time: 22.368; src: (-17.4248, -96.1114); dst: (60.5478, -15.9338)
event: battery_consumption; timestamp: 70.8121; robot: 3; time: 22.3716; initial_level: 70.1329; final_level: 67.8958
event: navigation; timestamp: 70.8121; robot: 3; time: 22.3716; src: (-17.4248, -96.1114); dst: (72.2993, -29.315)
event: battery_consumption; timestamp: 70.8121; robot: 6; time: 19.5356; initial_level: 94.0494; final_level: 92.0958
event: navigation; timestamp: 70.8121; robot: 6; time: 19.5356; src: (-17.4248, -96.1114); dst: (0, 0)
event: robot_finished; timestamp: 90.3478; robot: 6; pos: (0, 0); battery: 92.0958
event: battery_consumption; timestamp: 87.3411; robot: 4; time: 14.277; initial_level: 37.5084; final_level: 36.0807
event: navigation; timestamp: 87.3411; robot: 4; time: 14.277; src: (56.8755, 43.1394); dst: (0, 0)
event: robot_finished; timestamp: 101.618; robot: 4; pos: (0, 0); battery: 36.0807
event: battery_consumption; timestamp: 87.3411; robot: 2; time: 14.277; initial_level: 38.4368; final_level: 37.0091
event: navigation; timestamp: 87.3411; robot: 2; time: 14.277; src: (56.8755, 43.1394); dst: (0, 0)
event: robot_finished; timestamp: 101.618; robot: 2; pos: (0, 0); battery: 37.0091
event: task_execution; timestamp: 93.1801; task: 9; robot: 1; pos: (60.5478, -15.9338); time: 0
event: battery_consumption; timestamp: 93.1801; robot: 1; time: 0; initial_level: 68.1933; final_level: 68.1933
event: task_resolution; timestamp: 93.1801; task: 9; pos: (60.5478, -15.9338); status: COMPLETED; attempt: 1
event: battery_consumption; timestamp: 93.1801; robot: 1; time: 12.5219; initial_level: 68.1933; final_level: 66.9411
event: navigation; timestamp: 93.1801; robot: 1; time: 12.5219; src: (60.5478, -15.9338); dst: (0, 0)
event: robot_finished; timestamp: 105.702; robot: 1; pos: (0, 0); battery: 66.9411
event: task_execution; timestamp: 93.1837; task: 12; robot: 3; pos: (72.2993, -29.315); time: 0
event: battery_consumption; timestamp: 93.1837; robot: 3; time: 0; initial_level: 67.8958; final_level: 67.8958
event: task_resolution; timestamp: 93.1837; task: 12; pos: (72.2993, -29.315); status: COMPLETED; attempt: 1
event: battery_consumption; timestamp: 93.1837; robot: 3; time: 15.6033; initial_level: 67.8958; final_level: 66.3354
event: navigation; timestamp: 93.1837; robot: 3; time: 15.6033; src: (72.2993, -29.315); dst: (0, 0)
event: robot_finished; timestamp: 108.787; robot: 3; pos: (0, 0); battery: 66.3354
metric: available_agents; value: 0
metric: failed_agents; value: 1
metric: finished_agents; value: 5
metric: completed_tasks; value: 7
metric: pending_tasks; value: 0
metric: failed_tasks; value: 5
metric: average_robot_makespan; value: 102.459
metric: sd_robot_makespan; value: 6.58022
metric: max_robot_makespan; value: 108.787
metric: min_robot_makespan; value: 90.3478
metric: average_robot_travel_distance; value: 258.945
metric: sd_robot_travel_distance; value: 145.986
metric: max_robot_travel_distance; value: 395.21
metric: min_robot_travel_distance; value: 37.1265
metric: sum_robot_travel_distance; value: 1553.67
metric: average_completed_tasks_by_robot; value: 0
metric: sd_completed_tasks_by_robot; value: 0
metric: max_completed_tasks_by_robot; value: 0
metric: min_completed_tasks_by_robot; value: 0
metric: final_reward; value: 0.583333
metric: computing_time; value: 0.00774826
