info: solver_name; value: dec-mcts-v2
info: reward_function; value: reward00
info: replica; value: 1
info: filename; value: ../logs/prueba/scenario_20t_03_4r_dec-mcts-v2_reward00_001.log
info: scenario_name; value: scenario_20t_03_4r
info: scenario_name; value: scenario_20t_03_4r
info: number_of_tasks; value: 20
info: number_of_robots; value: 4
info: number_of_recharging_stations; value: 1
info: scenario_size; value: (200,200)
event: recharging_station_spawn; timestamp: 0; recharging_station: 1; pos: (0, 0)
event: task_spawn; timestamp: 0; task: 1; pos: (63, -100); earliest_start: 0; latest_start: 540; state: PENDING; required_workers: 1; success_prob: 0.6; max_attempts: 1
event: task_spawn; timestamp: 0; task: 2; pos: (-1, -84); earliest_start: 0; latest_start: 900; state: PENDING; required_workers: 2; success_prob: 0.7; max_attempts: 1
event: task_spawn; timestamp: 0; task: 3; pos: (2, -86); earliest_start: 0; latest_start: 450; state: PENDING; required_workers: 1; success_prob: 0.6; max_attempts: 1
event: task_spawn; timestamp: 0; task: 4; pos: (-25, 58); earliest_start: 0; latest_start: 900; state: PENDING; required_workers: 3; success_prob: 0.8; max_attempts: 1
event: task_spawn; timestamp: 0; task: 5; pos: (43, 29); earliest_start: 0; latest_start: 630; state: PENDING; required_workers: 2; success_prob: 0.7; max_attempts: 1
event: task_spawn; timestamp: 0; task: 6; pos: (58, -53); earliest_start: 0; latest_start: 360; state: PENDING; required_workers: 1; success_prob: 0.6; max_attempts: 1
event: task_spawn; timestamp: 0; task: 7; pos: (-55, -77); earliest_start: 0; latest_start: 1080; state: PENDING; required_workers: 1; success_prob: 0.9; max_attempts: 1
event: task_spawn; timestamp: 0; task: 8; pos: (-1, -74); earliest_start: 0; latest_start: 540; state: PENDING; required_workers: 3; success_prob: 0.9; max_attempts: 1
event: task_spawn; timestamp: 0; task: 9; pos: (-36, 34); earliest_start: 0; latest_start: 720; state: PENDING; required_workers: 1; success_prob: 0.5; max_attempts: 1
event: task_spawn; timestamp: 0; task: 10; pos: (58, -73); earliest_start: 0; latest_start: 1080; state: PENDING; required_workers: 2; success_prob: 0.9; max_attempts: 1
event: task_spawn; timestamp: 0; task: 11; pos: (-45, -42); earliest_start: 0; latest_start: 450; state: PENDING; required_workers: 2; success_prob: 0.7; max_attempts: 1
event: task_spawn; timestamp: 0; task: 12; pos: (52, 9); earliest_start: 0; latest_start: 450; state: PENDING; required_workers: 1; success_prob: 0.7; max_attempts: 1
event: task_spawn; timestamp: 0; task: 13; pos: (-46, 3); earliest_start: 0; latest_start: 900; state: PENDING; required_workers: 1; success_prob: 0.8; max_attempts: 1
event: task_spawn; timestamp: 0; task: 14; pos: (54, -5); earliest_start: 0; latest_start: 360; state: PENDING; required_workers: 1; success_prob: 0.8; max_attempts: 1
event: task_spawn; timestamp: 0; task: 15; pos: (-58, 69); earliest_start: 0; latest_start: 270; state: PENDING; required_workers: 3; success_prob: 0.5; max_attempts: 1
event: task_spawn; timestamp: 0; task: 16; pos: (42, 91); earliest_start: 0; latest_start: 720; state: PENDING; required_workers: 2; success_prob: 0.8; max_attempts: 1
event: task_spawn; timestamp: 0; task: 17; pos: (-26, 57); earliest_start: 0; latest_start: 450; state: PENDING; required_workers: 3; success_prob: 0.5; max_attempts: 1
event: task_spawn; timestamp: 0; task: 18; pos: (52, -23); earliest_start: 0; latest_start: 360; state: PENDING; required_workers: 3; success_prob: 0.8; max_attempts: 1
event: task_spawn; timestamp: 0; task: 19; pos: (-98, 79); earliest_start: 0; latest_start: 900; state: PENDING; required_workers: 3; success_prob: 0.5; max_attempts: 1
event: task_spawn; timestamp: 0; task: 20; pos: (-92, 98); earliest_start: 0; latest_start: 630; state: PENDING; required_workers: 1; success_prob: 0.7; max_attempts: 1
event: robot_spawn; timestamp: 0; robot: 1; pos: (0, 0); state: AVAILABLE; battery_level: 100; battery_capacity: 100; velocity: 5; battery_rate_nav: 0.1
event: robot_spawn; timestamp: 0; robot: 2; pos: (0, 0); state: AVAILABLE; battery_level: 100; battery_capacity: 100; velocity: 5; battery_rate_nav: 0.1
event: robot_spawn; timestamp: 0; robot: 3; pos: (0, 0); state: AVAILABLE; battery_level: 100; battery_capacity: 100; velocity: 5; battery_rate_nav: 0.1
event: robot_spawn; timestamp: 0; robot: 4; pos: (0, 0); state: AVAILABLE; battery_level: 100; battery_capacity: 100; velocity: 5; battery_rate_nav: 0.1
event: battery_consumption; timestamp: 0; robot: 2; time: 9.90353; initial_level: 100; final_level: 99.0096
event: navigation; timestamp: 0; robot: 2; time: 9.90353; src: (0, 0); dst: (-36, 34)
event: battery_consumption; timestamp: 0; robot: 1; time: 10.8462; initial_level: 100; final_level: 98.9154
event: navigation; timestamp: 0; robot: 1; time: 10.8462; src: (0, 0); dst: (54, -5)
event: battery_consumption; timestamp: 0; robot: 3; time: 26.8835; initial_level: 100; final_level: 97.3117
event: navigation; timestamp: 0; robot: 3; time: 26.8835; src: (0, 0); dst: (-92, 98)
event: battery_consumption; timestamp: 1; robot: 4; time: 12.311; initial_level: 100; final_level: 98.7689
event: navigation; timestamp: 1; robot: 4; time: 12.311; src: (0, 0); dst: (-45, -42)
event: task_execution; timestamp: 9.90353; task: 9; robot: 2; pos: (-36, 34); time: 16.7063
event: battery_consumption; timestamp: 9.90353; robot: 2; time: 16.7063; initial_level: 99.0096; final_level: 82.3033
event: task_resolution; timestamp: 26.6098; task: 9; pos: (-36, 34); status: COMPLETED; attempt: 1
event: battery_consumption; timestamp: 26.6098; robot: 2; time: 15.3062; initial_level: 82.3033; final_level: 80.7727
event: navigation; timestamp: 26.6098; robot: 2; time: 15.3062; src: (-36, 34); dst: (-45, -42)
event: task_execution; timestamp: 26.8835; task: 20; robot: 3; pos: (-92, 98); time: 0
event: battery_consumption; timestamp: 26.8835; robot: 3; time: 0; initial_level: 97.3117; final_level: 87.3117
event: task_resolution; timestamp: 26.8835; task: 20; pos: (-92, 98); status: FAILED; attempt: 1
event: battery_consumption; timestamp: 26.8835; robot: 3; time: 33.8568; initial_level: 87.3117; final_level: 83.926
event: navigation; timestamp: 26.8835; robot: 3; time: 33.8568; src: (-92, 98); dst: (52, 9)
event: task_execution; timestamp: 41.916; task: 11; robot: 2; pos: (-45, -42); time: 0
event: battery_consumption; timestamp: 41.916; robot: 2; time: 0; initial_level: 80.7727; final_level: 70.7727
event: task_execution; timestamp: 41.916; task: 11; robot: 4; pos: (-45, -42); time: 0
event: battery_consumption; timestamp: 41.916; robot: 4; time: 0; initial_level: 98.7689; final_level: 88.7689
event: task_resolution; timestamp: 41.916; task: 11; pos: (-45, -42); status: FAILED; attempt: 1
event: battery_consumption; timestamp: 41.916; robot: 2; time: 12.1655; initial_level: 70.7727; final_level: 69.5562
event: navigation; timestamp: 41.916; robot: 2; time: 12.1655; src: (-45, -42); dst: (-1, -84)
event: battery_consumption; timestamp: 41.916; robot: 4; time: 9.00222; initial_level: 88.7689; final_level: 87.8687
event: navigation; timestamp: 41.916; robot: 4; time: 9.00222; src: (-45, -42); dst: (-46, 3)
event: task_execution; timestamp: 10.8462; task: 14; robot: 1; pos: (54, -5); time: 71.6072
event: battery_consumption; timestamp: 10.8462; robot: 1; time: 71.6072; initial_level: 98.9154; final_level: 27.3082
event: task_resolution; timestamp: 82.4534; task: 14; pos: (54, -5); status: COMPLETED; attempt: 1
event: battery_consumption; timestamp: 82.4534; robot: 1; time: 9.63328; initial_level: 27.3082; final_level: 26.3448
event: navigation; timestamp: 82.4534; robot: 1; time: 9.63328; src: (54, -5); dst: (58, -53)
event: task_execution; timestamp: 50.9183; task: 13; robot: 4; pos: (-46, 3); time: 34.0662
event: battery_consumption; timestamp: 50.9183; robot: 4; time: 34.0662; initial_level: 87.8687; final_level: 53.8025
event: task_resolution; timestamp: 84.9844; task: 13; pos: (-46, 3); status: COMPLETED; attempt: 1
event: battery_consumption; timestamp: 85.9844; robot: 4; time: 20.2237; initial_level: 53.8025; final_level: 51.7801
event: navigation; timestamp: 85.9844; robot: 4; time: 20.2237; src: (-46, 3); dst: (2, -86)
event: task_execution; timestamp: 92.0867; task: 6; robot: 1; pos: (58, -53); time: 13.3347
event: battery_consumption; timestamp: 92.0867; robot: 1; time: 13.3347; initial_level: 26.3448; final_level: 13.0101
event: task_resolution; timestamp: 105.421; task: 6; pos: (58, -53); status: COMPLETED; attempt: 1
event: battery_consumption; timestamp: 105.421; robot: 1; time: 13.3297; initial_level: 13.0101; final_level: 11.6771
event: navigation; timestamp: 105.421; robot: 1; time: 13.3297; src: (58, -53); dst: (-1, -84)
event: task_execution; timestamp: 106.208; task: 3; robot: 4; pos: (2, -86); time: 0
event: battery_consumption; timestamp: 106.208; robot: 4; time: 0; initial_level: 51.7801; final_level: 41.7801
event: task_resolution; timestamp: 106.208; task: 3; pos: (2, -86); status: FAILED; attempt: 1
event: battery_consumption; timestamp: 107.208; robot: 4; time: 12.5172; initial_level: 41.7801; final_level: 40.5284
event: navigation; timestamp: 107.208; robot: 4; time: 12.5172; src: (2, -86); dst: (63, -100)
event: task_execution; timestamp: 119.725; task: 1; robot: 4; pos: (63, -100); time: 0
event: battery_consumption; timestamp: 119.725; robot: 4; time: 0; initial_level: 40.5284; final_level: 30.5284
event: task_resolution; timestamp: 119.725; task: 1; pos: (63, -100); status: FAILED; attempt: 1
event: battery_consumption; timestamp: 119.725; robot: 4; time: 23.6381; initial_level: 30.5284; final_level: 28.1646
event: navigation; timestamp: 119.725; robot: 4; time: 23.6381; src: (63, -100); dst: (0, 0)
event: recharge; timestamp: 143.363; robot: 4; recharging_station: 1; pos: (0, 0); level: 100
event: task_execution; timestamp: 118.751; task: 2; robot: 1; pos: (-1, -84); time: 11.5067
event: battery_consumption; timestamp: 118.751; robot: 1; time: 11.5067; initial_level: 11.6771; final_level: 0.170401
event: task_execution; timestamp: 118.751; task: 2; robot: 2; pos: (-1, -84); time: 11.5067
event: battery_consumption; timestamp: 118.751; robot: 2; time: 11.5067; initial_level: 69.5562; final_level: 58.0494
event: task_resolution; timestamp: 130.258; task: 2; pos: (-1, -84); status: COMPLETED; attempt: 1
event: battery_consumption; timestamp: 130.258; robot: 1; time: 16.8012; initial_level: 0.170401; final_level: 0
event: navigation; timestamp: 130.258; robot: 1; time: 16.8012; src: (-1, -84); dst: (0, 0)
event: recharge; timestamp: 147.059; robot: 1; recharging_station: 1; pos: (0, 0); level: 100
event: battery_consumption; timestamp: 130.258; robot: 2; time: 12.0033; initial_level: 58.0494; final_level: 56.8491
event: navigation; timestamp: 130.258; robot: 2; time: 12.0033; src: (-1, -84); dst: (58, -73)
event: battery_consumption; timestamp: 143.363; robot: 4; time: 18.6473; initial_level: 100; final_level: 98.1353
event: navigation; timestamp: 143.363; robot: 4; time: 18.6473; src: (0, 0); dst: (58, -73)
event: task_execution; timestamp: 60.7402; task: 12; robot: 3; pos: (52, 9); time: 83.926
event: battery_consumption; timestamp: 60.7402; robot: 3; time: 83.926; initial_level: 83.926; final_level: 73.926
event: task_resolution; timestamp: 144.666; task: 12; pos: (52, 9); status: FAILED; attempt: 1
event: battery_consumption; timestamp: 146.666; robot: 3; time: 27.4554; initial_level: 73.926; final_level: 71.1804
event: navigation; timestamp: 146.666; robot: 3; time: 27.4554; src: (52, 9); dst: (-55, -77)
event: battery_consumption; timestamp: 148.059; robot: 1; time: 12.6317; initial_level: 100; final_level: 98.7368
event: navigation; timestamp: 148.059; robot: 1; time: 12.6317; src: (0, 0); dst: (-25, 58)
event: task_execution; timestamp: 162.011; task: 10; robot: 2; pos: (58, -73); time: 0
event: battery_consumption; timestamp: 162.011; robot: 2; time: 0; initial_level: 56.8491; final_level: 56.8491
event: task_execution; timestamp: 162.011; task: 10; robot: 4; pos: (58, -73); time: 0
event: battery_consumption; timestamp: 162.011; robot: 4; time: 0; initial_level: 98.1353; final_level: 98.1353
event: task_resolution; timestamp: 162.011; task: 10; pos: (58, -73); status: COMPLETED; attempt: 1
event: battery_consumption; timestamp: 162.011; robot: 4; time: 31.0161; initial_level: 98.1353; final_level: 95.0337
event: navigation; timestamp: 162.011; robot: 4; time: 31.0161; src: (58, -73); dst: (-25, 58)
event: battery_consumption; timestamp: 162.011; robot: 2; time: 31.0161; initial_level: 56.8491; final_level: 53.7475
event: navigation; timestamp: 162.011; robot: 2; time: 31.0161; src: (58, -73); dst: (-25, 58)
event: task_execution; timestamp: 193.027; task: 4; robot: 1; pos: (-25, 58); time: 0
event: battery_consumption; timestamp: 193.027; robot: 1; time: 0; initial_level: 98.7368; final_level: 88.7368
event: task_execution; timestamp: 193.027; task: 4; robot: 2; pos: (-25, 58); time: 0
event: battery_consumption; timestamp: 193.027; robot: 2; time: 0; initial_level: 53.7475; final_level: 43.7475
event: task_execution; timestamp: 193.027; task: 4; robot: 4; pos: (-25, 58); time: 0
event: battery_consumption; timestamp: 193.027; robot: 4; time: 0; initial_level: 95.0337; final_level: 85.0337
event: task_resolution; timestamp: 193.027; task: 4; pos: (-25, 58); status: FAILED; attempt: 1
event: battery_consumption; timestamp: 193.027; robot: 4; time: 14.9372; initial_level: 85.0337; final_level: 83.5399
event: navigation; timestamp: 193.027; robot: 4; time: 14.9372; src: (-25, 58); dst: (42, 91)
event: battery_consumption; timestamp: 193.027; robot: 1; time: 14.9372; initial_level: 88.7368; final_level: 87.2431
event: navigation; timestamp: 193.027; robot: 1; time: 14.9372; src: (-25, 58); dst: (42, 91)
event: battery_consumption; timestamp: 195.027; robot: 2; time: 26.8328; initial_level: 43.7475; final_level: 41.0642
event: navigation; timestamp: 195.027; robot: 2; time: 26.8328; src: (-25, 58); dst: (-1, -74)
event: task_execution; timestamp: 207.964; task: 16; robot: 1; pos: (42, 91); time: 0
event: battery_consumption; timestamp: 207.964; robot: 1; time: 0; initial_level: 87.2431; final_level: 87.2431
event: task_execution; timestamp: 207.964; task: 16; robot: 4; pos: (42, 91); time: 0
event: battery_consumption; timestamp: 207.964; robot: 4; time: 0; initial_level: 83.5399; final_level: 83.5399
event: task_resolution; timestamp: 207.964; task: 16; pos: (42, 91); status: COMPLETED; attempt: 1
event: battery_consumption; timestamp: 207.964; robot: 1; time: 34.1022; initial_level: 87.2431; final_level: 83.8329
event: navigation; timestamp: 207.964; robot: 1; time: 34.1022; src: (42, 91); dst: (-1, -74)
event: battery_consumption; timestamp: 207.964; robot: 4; time: 34.1022; initial_level: 83.5399; final_level: 80.1297
event: navigation; timestamp: 207.964; robot: 4; time: 34.1022; src: (42, 91); dst: (-1, -74)
event: task_execution; timestamp: 174.122; task: 7; robot: 3; pos: (-55, -77); time: 48.6755
event: battery_consumption; timestamp: 174.122; robot: 3; time: 48.6755; initial_level: 71.1804; final_level: 22.505
event: task_resolution; timestamp: 222.797; task: 7; pos: (-55, -77); status: COMPLETED; attempt: 1
event: battery_consumption; timestamp: 225.797; robot: 3; time: 28.8721; initial_level: 22.505; final_level: 19.6178
event: navigation; timestamp: 225.797; robot: 3; time: 28.8721; src: (-55, -77); dst: (43, 29)
event: task_execution; timestamp: 242.066; task: 8; robot: 1; pos: (-1, -74); time: 41.0642
event: battery_consumption; timestamp: 242.066; robot: 1; time: 41.0642; initial_level: 83.8329; final_level: 73.8329
event: task_execution; timestamp: 242.066; task: 8; robot: 2; pos: (-1, -74); time: 41.0642
event: battery_consumption; timestamp: 242.066; robot: 2; time: 41.0642; initial_level: 41.0642; final_level: 31.0642
event: task_execution; timestamp: 242.066; task: 8; robot: 4; pos: (-1, -74); time: 41.0642
event: battery_consumption; timestamp: 242.066; robot: 4; time: 41.0642; initial_level: 80.1297; final_level: 70.1297
event: task_resolution; timestamp: 283.13; task: 8; pos: (-1, -74); status: FAILED; attempt: 1
event: battery_consumption; timestamp: 283.13; robot: 2; time: 14.7105; initial_level: 31.0642; final_level: 29.5932
event: navigation; timestamp: 283.13; robot: 2; time: 14.7105; src: (-1, -74); dst: (52, -23)
event: battery_consumption; timestamp: 283.13; robot: 1; time: 14.7105; initial_level: 73.8329; final_level: 72.3618
event: navigation; timestamp: 283.13; robot: 1; time: 14.7105; src: (-1, -74); dst: (52, -23)
event: battery_consumption; timestamp: 283.13; robot: 4; time: 14.7105; initial_level: 70.1297; final_level: 68.6587
event: navigation; timestamp: 283.13; robot: 4; time: 14.7105; src: (-1, -74); dst: (52, -23)
event: task_execution; timestamp: 297.841; task: 18; robot: 1; pos: (52, -23); time: 0
event: battery_consumption; timestamp: 297.841; robot: 1; time: 0; initial_level: 72.3618; final_level: 72.3618
event: task_execution; timestamp: 297.841; task: 18; robot: 2; pos: (52, -23); time: 0
event: battery_consumption; timestamp: 297.841; robot: 2; time: 0; initial_level: 29.5932; final_level: 29.5932
event: task_execution; timestamp: 297.841; task: 18; robot: 4; pos: (52, -23); time: 0
event: battery_consumption; timestamp: 297.841; robot: 4; time: 0; initial_level: 68.6587; final_level: 68.6587
event: task_resolution; timestamp: 297.841; task: 18; pos: (52, -23); status: COMPLETED; attempt: 1
event: battery_consumption; timestamp: 297.841; robot: 4; time: 22.3464; initial_level: 68.6587; final_level: 66.424
event: navigation; timestamp: 297.841; robot: 4; time: 22.3464; src: (52, -23); dst: (-26, 57)
event: battery_consumption; timestamp: 297.841; robot: 1; time: 10.5546; initial_level: 72.3618; final_level: 71.3064
event: navigation; timestamp: 297.841; robot: 1; time: 10.5546; src: (52, -23); dst: (43, 29)
event: battery_consumption; timestamp: 297.841; robot: 2; time: 22.3464; initial_level: 29.5932; final_level: 27.3585
event: navigation; timestamp: 297.841; robot: 2; time: 22.3464; src: (52, -23); dst: (-26, 57)
event: task_execution; timestamp: 308.396; task: 5; robot: 1; pos: (43, 29); time: 0
event: battery_consumption; timestamp: 308.396; robot: 1; time: 0; initial_level: 71.3064; final_level: 61.3064
event: task_execution; timestamp: 308.396; task: 5; robot: 3; pos: (43, 29); time: 0
event: battery_consumption; timestamp: 308.396; robot: 3; time: 0; initial_level: 19.6178; final_level: 9.61776
event: task_resolution; timestamp: 308.396; task: 5; pos: (43, 29); status: FAILED; attempt: 1
event: battery_consumption; timestamp: 308.396; robot: 1; time: 14.893; initial_level: 61.3064; final_level: 59.8171
event: navigation; timestamp: 308.396; robot: 1; time: 14.893; src: (43, 29); dst: (-26, 57)
event: battery_consumption; timestamp: 310.396; robot: 3; time: 10.373; initial_level: 9.61776; final_level: 8.58045
event: navigation; timestamp: 310.396; robot: 3; time: 10.373; src: (43, 29); dst: (0, 0)
event: recharge; timestamp: 320.769; robot: 3; recharging_station: 1; pos: (0, 0); level: 100
event: recharge; timestamp: 320.769; robot: 3; recharging_station: 1; pos: (0, 0); level: 100
event: battery_consumption; timestamp: 320.769; robot: 3; time: 25.1754; initial_level: 100; final_level: 97.4825
event: navigation; timestamp: 320.769; robot: 3; time: 25.1754; src: (0, 0); dst: (-98, 79)
event: task_execution; timestamp: 323.289; task: 17; robot: 1; pos: (-26, 57); time: 0
event: battery_consumption; timestamp: 323.289; robot: 1; time: 0; initial_level: 59.8171; final_level: 49.8171
event: task_execution; timestamp: 323.289; task: 17; robot: 2; pos: (-26, 57); time: 0
event: battery_consumption; timestamp: 323.289; robot: 2; time: 0; initial_level: 27.3585; final_level: 17.3585
event: task_execution; timestamp: 323.289; task: 17; robot: 4; pos: (-26, 57); time: 0
event: battery_consumption; timestamp: 323.289; robot: 4; time: 0; initial_level: 66.424; final_level: 56.424
event: task_resolution; timestamp: 323.289; task: 17; pos: (-26, 57); status: FAILED; attempt: 1
event: battery_consumption; timestamp: 323.289; robot: 2; time: 15.0572; initial_level: 17.3585; final_level: 15.8528
event: navigation; timestamp: 323.289; robot: 2; time: 15.0572; src: (-26, 57); dst: (-98, 79)
event: battery_consumption; timestamp: 323.289; robot: 4; time: 15.0572; initial_level: 56.424; final_level: 54.9183
event: navigation; timestamp: 323.289; robot: 4; time: 15.0572; src: (-26, 57); dst: (-98, 79)
event: battery_consumption; timestamp: 323.289; robot: 1; time: 12.53; initial_level: 49.8171; final_level: 48.5641
event: navigation; timestamp: 323.289; robot: 1; time: 12.53; src: (-26, 57); dst: (0, 0)
event: recharge; timestamp: 335.819; robot: 1; recharging_station: 1; pos: (0, 0); level: 100
event: robot_finished; timestamp: 336.819; robot: 1; pos: (0, 0); battery: 100
event: task_execution; timestamp: 345.944; task: 19; robot: 2; pos: (-98, 79); time: 15.8528
event: battery_consumption; timestamp: 345.944; robot: 2; time: 15.8528; initial_level: 15.8528; final_level: 5.8528
event: task_execution; timestamp: 345.944; task: 19; robot: 3; pos: (-98, 79); time: 15.8528
event: battery_consumption; timestamp: 345.944; robot: 3; time: 15.8528; initial_level: 97.4825; final_level: 87.4825
event: task_execution; timestamp: 345.944; task: 19; robot: 4; pos: (-98, 79); time: 15.8528
event: battery_consumption; timestamp: 345.944; robot: 4; time: 15.8528; initial_level: 54.9183; final_level: 44.9183
event: task_resolution; timestamp: 361.797; task: 19; pos: (-98, 79); status: FAILED; attempt: 1
event: battery_consumption; timestamp: 361.797; robot: 2; time: 25.1754; initial_level: 5.8528; final_level: 3.33526
event: navigation; timestamp: 361.797; robot: 2; time: 25.1754; src: (-98, 79); dst: (0, 0)
event: robot_finished; timestamp: 386.972; robot: 2; pos: (0, 0); battery: 3.33526
event: battery_consumption; timestamp: 361.797; robot: 4; time: 25.1754; initial_level: 44.9183; final_level: 42.4008
event: navigation; timestamp: 361.797; robot: 4; time: 25.1754; src: (-98, 79); dst: (0, 0)
event: robot_finished; timestamp: 386.972; robot: 4; pos: (0, 0); battery: 42.4008
event: battery_consumption; timestamp: 361.797; robot: 3; time: 25.1754; initial_level: 87.4825; final_level: 84.9649
event: navigation; timestamp: 361.797; robot: 3; time: 25.1754; src: (-98, 79); dst: (0, 0)
event: robot_finished; timestamp: 386.972; robot: 3; pos: (0, 0); battery: 84.9649
metric: available_agents; value: 0
metric: failed_agents; value: 0
metric: finished_agents; value: 4
metric: completed_tasks; value: 9
metric: pending_tasks; value: 0
metric: failed_tasks; value: 11
metric: average_robot_makespan; value: 374.434
metric: sd_robot_makespan; value: 25.0768
metric: max_robot_makespan; value: 386.972
metric: min_robot_makespan; value: 336.819
metric: average_robot_travel_distance; value: 976.203
metric: sd_robot_travel_distance; value: 198.987
metric: max_robot_travel_distance; value: 1268.42
metric: min_robot_travel_distance; value: 824.848
metric: sum_robot_travel_distance; value: 3904.81
metric: average_completed_tasks_by_robot; value: 0
metric: sd_completed_tasks_by_robot; value: 0
metric: max_completed_tasks_by_robot; value: 0
metric: min_completed_tasks_by_robot; value: 0
metric: final_reward; value: 0.45
metric: computing_time; value: 41.7241
