info: solver_name; value: cbba
info: reward_function; value: reward00
info: replica; value: 1
info: filename; value: ../logs/prueba/scenario_20t_04_4r_cbba_reward00_001.log
info: scenario_name; value: scenario_20t_04_4r
info: scenario_name; value: scenario_20t_04_4r
info: number_of_tasks; value: 20
info: number_of_robots; value: 4
info: number_of_recharging_stations; value: 1
info: scenario_size; value: (200,200)
event: recharging_station_spawn; timestamp: 0; recharging_station: 1; pos: (0, 0)
event: task_spawn; timestamp: 0; task: 1; pos: (-52, -99); earliest_start: 0; latest_start: 540; state: PENDING; required_workers: 3; success_prob: 0.8; max_attempts: 1
event: task_spawn; timestamp: 0; task: 2; pos: (55, -51); earliest_start: 0; latest_start: 1080; state: PENDING; required_workers: 1; success_prob: 0.6; max_attempts: 1
event: task_spawn; timestamp: 0; task: 3; pos: (-57, 19); earliest_start: 0; latest_start: 900; state: PENDING; required_workers: 1; success_prob: 0.5; max_attempts: 1
event: task_spawn; timestamp: 0; task: 4; pos: (22, -68); earliest_start: 0; latest_start: 900; state: PENDING; required_workers: 2; success_prob: 0.6; max_attempts: 1
event: task_spawn; timestamp: 0; task: 5; pos: (31, -68); earliest_start: 0; latest_start: 630; state: PENDING; required_workers: 1; success_prob: 0.8; max_attempts: 1
event: task_spawn; timestamp: 0; task: 6; pos: (35, -47); earliest_start: 0; latest_start: 630; state: PENDING; required_workers: 1; success_prob: 0.6; max_attempts: 1
event: task_spawn; timestamp: 0; task: 7; pos: (8, -59); earliest_start: 0; latest_start: 540; state: PENDING; required_workers: 2; success_prob: 0.7; max_attempts: 1
event: task_spawn; timestamp: 0; task: 8; pos: (-40, 22); earliest_start: 0; latest_start: 360; state: PENDING; required_workers: 3; success_prob: 0.6; max_attempts: 1
event: task_spawn; timestamp: 0; task: 9; pos: (-7, -59); earliest_start: 0; latest_start: 270; state: PENDING; required_workers: 3; success_prob: 0.7; max_attempts: 1
event: task_spawn; timestamp: 0; task: 10; pos: (-51, 96); earliest_start: 0; latest_start: 540; state: PENDING; required_workers: 3; success_prob: 0.7; max_attempts: 1
event: task_spawn; timestamp: 0; task: 11; pos: (-71, -34); earliest_start: 0; latest_start: 630; state: PENDING; required_workers: 1; success_prob: 0.6; max_attempts: 1
event: task_spawn; timestamp: 0; task: 12; pos: (24, 76); earliest_start: 0; latest_start: 270; state: PENDING; required_workers: 3; success_prob: 0.6; max_attempts: 1
event: task_spawn; timestamp: 0; task: 13; pos: (-46, 69); earliest_start: 0; latest_start: 360; state: PENDING; required_workers: 3; success_prob: 0.8; max_attempts: 1
event: task_spawn; timestamp: 0; task: 14; pos: (-94, -22); earliest_start: 0; latest_start: 270; state: PENDING; required_workers: 1; success_prob: 0.8; max_attempts: 1
event: task_spawn; timestamp: 0; task: 15; pos: (-30, -84); earliest_start: 0; latest_start: 630; state: PENDING; required_workers: 3; success_prob: 0.5; max_attempts: 1
event: task_spawn; timestamp: 0; task: 16; pos: (-16, 41); earliest_start: 0; latest_start: 450; state: PENDING; required_workers: 1; success_prob: 0.5; max_attempts: 1
event: task_spawn; timestamp: 0; task: 17; pos: (6, -93); earliest_start: 0; latest_start: 450; state: PENDING; required_workers: 3; success_prob: 0.6; max_attempts: 1
event: task_spawn; timestamp: 0; task: 18; pos: (-25, 92); earliest_start: 0; latest_start: 270; state: PENDING; required_workers: 3; success_prob: 0.8; max_attempts: 1
event: task_spawn; timestamp: 0; task: 19; pos: (55, 74); earliest_start: 0; latest_start: 630; state: PENDING; required_workers: 1; success_prob: 0.8; max_attempts: 1
event: task_spawn; timestamp: 0; task: 20; pos: (-14, -78); earliest_start: 0; latest_start: 270; state: PENDING; required_workers: 2; success_prob: 0.6; max_attempts: 1
event: robot_spawn; timestamp: 0; robot: 1; pos: (0, 0); state: AVAILABLE; battery_level: 100; battery_capacity: 100; velocity: 5; battery_rate_nav: 0.1
event: robot_spawn; timestamp: 0; robot: 2; pos: (0, 0); state: AVAILABLE; battery_level: 100; battery_capacity: 100; velocity: 5; battery_rate_nav: 0.1
event: robot_spawn; timestamp: 0; robot: 3; pos: (0, 0); state: AVAILABLE; battery_level: 100; battery_capacity: 100; velocity: 5; battery_rate_nav: 0.1
event: robot_spawn; timestamp: 0; robot: 4; pos: (0, 0); state: AVAILABLE; battery_level: 100; battery_capacity: 100; velocity: 5; battery_rate_nav: 0.1
event: battery_consumption; timestamp: 0; robot: 4; time: 8.80227; initial_level: 100; final_level: 99.1198
event: navigation; timestamp: 0; robot: 4; time: 8.80227; src: (0, 0); dst: (-16, 41)
event: battery_consumption; timestamp: 0; robot: 1; time: 14.9466; initial_level: 100; final_level: 98.5053
event: navigation; timestamp: 0; robot: 1; time: 14.9466; src: (0, 0); dst: (31, -68)
event: battery_consumption; timestamp: 0; robot: 3; time: 18.4402; initial_level: 100; final_level: 98.156
event: navigation; timestamp: 0; robot: 3; time: 18.4402; src: (0, 0); dst: (55, 74)
event: battery_consumption; timestamp: 0; robot: 2; time: 15.8493; initial_level: 100; final_level: 98.4151
event: navigation; timestamp: 0; robot: 2; time: 15.8493; src: (0, 0); dst: (-14, -78)
event: task_execution; timestamp: 14.9466; task: 5; robot: 1; pos: (31, -68); time: 0
event: battery_consumption; timestamp: 14.9466; robot: 1; time: 0; initial_level: 98.5053; final_level: 98.5053
event: task_resolution; timestamp: 14.9466; task: 5; pos: (31, -68); status: COMPLETED; attempt: 1
event: battery_consumption; timestamp: 14.9466; robot: 1; time: 4.27551; initial_level: 98.5053; final_level: 98.0778
event: navigation; timestamp: 14.9466; robot: 1; time: 4.27551; src: (31, -68); dst: (35, -47)
event: task_execution; timestamp: 19.2221; task: 6; robot: 1; pos: (35, -47); time: 27.9663
event: battery_consumption; timestamp: 19.2221; robot: 1; time: 27.9663; initial_level: 98.0778; final_level: 70.1114
event: task_resolution; timestamp: 47.1884; task: 6; pos: (35, -47); status: COMPLETED; attempt: 1
event: battery_consumption; timestamp: 47.1884; robot: 1; time: 4.07922; initial_level: 70.1114; final_level: 69.7035
event: navigation; timestamp: 47.1884; robot: 1; time: 4.07922; src: (35, -47); dst: (55, -51)
event: task_execution; timestamp: 51.2676; task: 2; robot: 1; pos: (55, -51); time: 0
event: battery_consumption; timestamp: 51.2676; robot: 1; time: 0; initial_level: 69.7035; final_level: 59.7035
event: task_resolution; timestamp: 51.2676; task: 2; pos: (55, -51); status: FAILED; attempt: 1
event: battery_consumption; timestamp: 51.2676; robot: 1; time: 7.42428; initial_level: 59.7035; final_level: 58.9611
event: navigation; timestamp: 51.2676; robot: 1; time: 7.42428; src: (55, -51); dst: (22, -68)
event: task_execution; timestamp: 8.80227; task: 16; robot: 4; pos: (-16, 41); time: 99.1198
event: battery_consumption; timestamp: 8.80227; robot: 4; time: 99.1198; initial_level: 99.1198; final_level: 89.1198
event: task_resolution; timestamp: 107.922; task: 16; pos: (-16, 41); status: FAILED; attempt: 1
event: battery_consumption; timestamp: 107.922; robot: 4; time: 9.30591; initial_level: 89.1198; final_level: 88.1892
event: navigation; timestamp: 107.922; robot: 4; time: 9.30591; src: (-16, 41); dst: (-57, 19)
event: task_execution; timestamp: 18.4402; task: 19; robot: 3; pos: (55, 74); time: 98.156
event: battery_consumption; timestamp: 18.4402; robot: 3; time: 98.156; initial_level: 98.156; final_level: 88.156
event: task_resolution; timestamp: 116.596; task: 19; pos: (55, 74); status: FAILED; attempt: 1
event: battery_consumption; timestamp: 116.596; robot: 3; time: 6.21289; initial_level: 88.156; final_level: 87.5347
event: navigation; timestamp: 116.596; robot: 3; time: 6.21289; src: (55, 74); dst: (24, 76)
event: task_execution; timestamp: 117.228; task: 3; robot: 4; pos: (-57, 19); time: 0
event: battery_consumption; timestamp: 117.228; robot: 4; time: 0; initial_level: 88.1892; final_level: 78.1892
event: task_resolution; timestamp: 117.228; task: 3; pos: (-57, 19); status: FAILED; attempt: 1
event: battery_consumption; timestamp: 117.228; robot: 4; time: 11.0454; initial_level: 78.1892; final_level: 77.0846
event: navigation; timestamp: 117.228; robot: 4; time: 11.0454; src: (-57, 19); dst: (-94, -22)
event: task_execution; timestamp: 128.273; task: 14; robot: 4; pos: (-94, -22); time: 77.0846
event: battery_consumption; timestamp: 128.273; robot: 4; time: 77.0846; initial_level: 77.0846; final_level: 67.0846
event: task_resolution; timestamp: 205.358; task: 14; pos: (-94, -22); status: FAILED; attempt: 1
event: battery_consumption; timestamp: 205.358; robot: 4; time: 5.18845; initial_level: 67.0846; final_level: 66.5658
event: navigation; timestamp: 205.358; robot: 4; time: 5.18845; src: (-94, -22); dst: (-71, -34)
event: task_execution; timestamp: 210.546; task: 11; robot: 4; pos: (-71, -34); time: 0
event: battery_consumption; timestamp: 210.546; robot: 4; time: 0; initial_level: 66.5658; final_level: 66.5658
event: task_resolution; timestamp: 210.546; task: 11; pos: (-71, -34); status: COMPLETED; attempt: 1
event: battery_consumption; timestamp: 210.546; robot: 4; time: 14.4014; initial_level: 66.5658; final_level: 65.1257
event: navigation; timestamp: 210.546; robot: 4; time: 14.4014; src: (-71, -34); dst: (-14, -78)
event: task_execution; timestamp: 224.948; task: 20; robot: 2; pos: (-14, -78); time: 0
event: battery_consumption; timestamp: 224.948; robot: 2; time: 0; initial_level: 98.4151; final_level: 98.4151
event: task_execution; timestamp: 224.948; task: 20; robot: 4; pos: (-14, -78); time: 0
event: battery_consumption; timestamp: 224.948; robot: 4; time: 0; initial_level: 65.1257; final_level: 65.1257
event: task_resolution; timestamp: 224.948; task: 20; pos: (-14, -78); status: COMPLETED; attempt: 1
event: battery_consumption; timestamp: 224.948; robot: 4; time: 7.47262; initial_level: 65.1257; final_level: 64.3784
event: navigation; timestamp: 224.948; robot: 4; time: 7.47262; src: (-14, -78); dst: (22, -68)
event: battery_consumption; timestamp: 224.948; robot: 2; time: 4.04969; initial_level: 98.4151; final_level: 98.0101
event: navigation; timestamp: 224.948; robot: 2; time: 4.04969; src: (-14, -78); dst: (-7, -59)
event: battery_consumption; timestamp: 270; robot: 3; time: 14.0698; initial_level: 87.5347; final_level: 86.1277
event: navigation; timestamp: 270; robot: 3; time: 14.0698; src: (24, 76); dst: (-46, 69)
event: battery_consumption; timestamp: 270; robot: 2; time: 3; initial_level: 98.0101; final_level: 97.7101
event: navigation; timestamp: 270; robot: 2; time: 3; src: (-7, -59); dst: (8, -59)
event: task_execution; timestamp: 232.42; task: 4; robot: 1; pos: (22, -68); time: 58.9611
event: battery_consumption; timestamp: 232.42; robot: 1; time: 58.9611; initial_level: 58.9611; final_level: 48.9611
event: task_execution; timestamp: 232.42; task: 4; robot: 4; pos: (22, -68); time: 58.9611
event: battery_consumption; timestamp: 232.42; robot: 4; time: 58.9611; initial_level: 64.3784; final_level: 54.3784
event: task_resolution; timestamp: 291.382; task: 4; pos: (22, -68); status: FAILED; attempt: 1
event: battery_consumption; timestamp: 291.382; robot: 4; time: 3.32866; initial_level: 54.3784; final_level: 54.0455
event: navigation; timestamp: 291.382; robot: 4; time: 3.32866; src: (22, -68); dst: (8, -59)
event: battery_consumption; timestamp: 291.382; robot: 1; time: 5.93633; initial_level: 48.9611; final_level: 48.3675
event: navigation; timestamp: 291.382; robot: 1; time: 5.93633; src: (22, -68); dst: (6, -93)
event: task_execution; timestamp: 294.71; task: 7; robot: 2; pos: (8, -59); time: 0
event: battery_consumption; timestamp: 294.71; robot: 2; time: 0; initial_level: 97.7101; final_level: 87.7101
event: task_execution; timestamp: 294.71; task: 7; robot: 4; pos: (8, -59); time: 0
event: battery_consumption; timestamp: 294.71; robot: 4; time: 0; initial_level: 54.0455; final_level: 44.0455
event: task_resolution; timestamp: 294.71; task: 7; pos: (8, -59); status: FAILED; attempt: 1
event: battery_consumption; timestamp: 294.71; robot: 4; time: 6.81175; initial_level: 44.0455; final_level: 43.3644
event: navigation; timestamp: 294.71; robot: 4; time: 6.81175; src: (8, -59); dst: (6, -93)
event: battery_consumption; timestamp: 294.71; robot: 2; time: 6.81175; initial_level: 87.7101; final_level: 87.0289
event: navigation; timestamp: 294.71; robot: 2; time: 6.81175; src: (8, -59); dst: (6, -93)
event: task_execution; timestamp: 301.522; task: 17; robot: 1; pos: (6, -93); time: 0
event: battery_consumption; timestamp: 301.522; robot: 1; time: 0; initial_level: 48.3675; final_level: 38.3675
event: task_execution; timestamp: 301.522; task: 17; robot: 2; pos: (6, -93); time: 0
event: battery_consumption; timestamp: 301.522; robot: 2; time: 0; initial_level: 87.0289; final_level: 77.0289
event: task_execution; timestamp: 301.522; task: 17; robot: 4; pos: (6, -93); time: 0
event: battery_consumption; timestamp: 301.522; robot: 4; time: 0; initial_level: 43.3644; final_level: 33.3644
event: task_resolution; timestamp: 301.522; task: 17; pos: (6, -93); status: FAILED; attempt: 1
event: battery_consumption; timestamp: 301.522; robot: 2; time: 11.6619; initial_level: 77.0289; final_level: 75.8627
event: navigation; timestamp: 301.522; robot: 2; time: 11.6619; src: (6, -93); dst: (-52, -99)
event: battery_consumption; timestamp: 301.522; robot: 4; time: 11.6619; initial_level: 33.3644; final_level: 32.1982
event: navigation; timestamp: 301.522; robot: 4; time: 11.6619; src: (6, -93); dst: (-52, -99)
event: battery_consumption; timestamp: 301.522; robot: 1; time: 11.6619; initial_level: 38.3675; final_level: 37.2013
event: navigation; timestamp: 301.522; robot: 1; time: 11.6619; src: (6, -93); dst: (-52, -99)
event: task_execution; timestamp: 313.184; task: 1; robot: 1; pos: (-52, -99); time: 0
event: battery_consumption; timestamp: 313.184; robot: 1; time: 0; initial_level: 37.2013; final_level: 37.2013
event: task_execution; timestamp: 313.184; task: 1; robot: 2; pos: (-52, -99); time: 0
event: battery_consumption; timestamp: 313.184; robot: 2; time: 0; initial_level: 75.8627; final_level: 75.8627
event: task_execution; timestamp: 313.184; task: 1; robot: 4; pos: (-52, -99); time: 0
event: battery_consumption; timestamp: 313.184; robot: 4; time: 0; initial_level: 32.1982; final_level: 32.1982
event: task_resolution; timestamp: 313.184; task: 1; pos: (-52, -99); status: COMPLETED; attempt: 1
event: battery_consumption; timestamp: 313.184; robot: 1; time: 5.32541; initial_level: 37.2013; final_level: 36.6687
event: navigation; timestamp: 313.184; robot: 1; time: 5.32541; src: (-52, -99); dst: (-30, -84)
event: battery_consumption; timestamp: 313.184; robot: 2; time: 5.32541; initial_level: 75.8627; final_level: 75.3302
event: navigation; timestamp: 313.184; robot: 2; time: 5.32541; src: (-52, -99); dst: (-30, -84)
event: battery_consumption; timestamp: 313.184; robot: 4; time: 5.32541; initial_level: 32.1982; final_level: 31.6656
event: navigation; timestamp: 313.184; robot: 4; time: 5.32541; src: (-52, -99); dst: (-30, -84)
event: task_execution; timestamp: 318.509; task: 15; robot: 1; pos: (-30, -84); time: 0
event: battery_consumption; timestamp: 318.509; robot: 1; time: 0; initial_level: 36.6687; final_level: 26.6687
event: task_execution; timestamp: 318.509; task: 15; robot: 2; pos: (-30, -84); time: 0
event: battery_consumption; timestamp: 318.509; robot: 2; time: 0; initial_level: 75.3302; final_level: 65.3302
event: task_execution; timestamp: 318.509; task: 15; robot: 4; pos: (-30, -84); time: 0
event: battery_consumption; timestamp: 318.509; robot: 4; time: 0; initial_level: 31.6656; final_level: 21.6656
event: task_resolution; timestamp: 318.509; task: 15; pos: (-30, -84); status: FAILED; attempt: 1
event: battery_consumption; timestamp: 318.509; robot: 1; time: 30.7669; initial_level: 26.6687; final_level: 23.592
event: navigation; timestamp: 318.509; robot: 1; time: 30.7669; src: (-30, -84); dst: (-46, 69)
event: battery_consumption; timestamp: 318.509; robot: 4; time: 30.7669; initial_level: 21.6656; final_level: 18.5889
event: navigation; timestamp: 318.509; robot: 4; time: 30.7669; src: (-30, -84); dst: (-46, 69)
event: battery_consumption; timestamp: 318.509; robot: 2; time: 21.2941; initial_level: 65.3302; final_level: 63.2008
event: navigation; timestamp: 318.509; robot: 2; time: 21.2941; src: (-30, -84); dst: (-40, 22)
event: battery_consumption; timestamp: 360; robot: 2; time: 9.13017; initial_level: 63.2008; final_level: 62.2878
event: navigation; timestamp: 360; robot: 2; time: 9.13017; src: (-40, 22); dst: (0, 0)
event: robot_finished; timestamp: 369.13; robot: 2; pos: (0, 0); battery: 62.2878
event: task_execution; timestamp: 349.276; task: 13; robot: 1; pos: (-46, 69); time: 18.5889
event: battery_consumption; timestamp: 349.276; robot: 1; time: 18.5889; initial_level: 23.592; final_level: 13.592
event: task_execution; timestamp: 349.276; task: 13; robot: 3; pos: (-46, 69); time: 18.5889
event: battery_consumption; timestamp: 349.276; robot: 3; time: 18.5889; initial_level: 86.1277; final_level: 76.1277
event: task_execution; timestamp: 349.276; task: 13; robot: 4; pos: (-46, 69); time: 18.5889
event: battery_consumption; timestamp: 349.276; robot: 4; time: 18.5889; initial_level: 18.5889; final_level: 8.58894
event: task_resolution; timestamp: 367.865; task: 13; pos: (-46, 69); status: FAILED; attempt: 1
event: battery_consumption; timestamp: 367.865; robot: 4; time: 5.49181; initial_level: 8.58894; final_level: 8.03976
event: navigation; timestamp: 367.865; robot: 4; time: 5.49181; src: (-46, 69); dst: (-51, 96)
event: battery_consumption; timestamp: 367.865; robot: 3; time: 5.49181; initial_level: 76.1277; final_level: 75.5785
event: navigation; timestamp: 367.865; robot: 3; time: 5.49181; src: (-46, 69); dst: (-51, 96)
event: battery_consumption; timestamp: 367.865; robot: 1; time: 5.49181; initial_level: 13.592; final_level: 13.0429
event: navigation; timestamp: 367.865; robot: 1; time: 5.49181; src: (-46, 69); dst: (-51, 96)
event: task_execution; timestamp: 373.357; task: 10; robot: 1; pos: (-51, 96); time: 0
event: battery_consumption; timestamp: 373.357; robot: 1; time: 0; initial_level: 13.0429; final_level: 3.04286
event: task_execution; timestamp: 373.357; task: 10; robot: 3; pos: (-51, 96); time: 0
event: battery_consumption; timestamp: 373.357; robot: 3; time: 0; initial_level: 75.5785; final_level: 65.5785
event: task_execution; timestamp: 373.357; task: 10; robot: 4; pos: (-51, 96); time: 0
event: battery_consumption; timestamp: 373.357; robot: 4; time: 0; initial_level: 8.03976; final_level: -1.96024
event: robot_failed; timestamp: 373.357; robot: 4; pos: (-51, 96)
event: task_resolution; timestamp: 373.357; task: 10; pos: (-51, 96); status: FAILED; attempt: 1
event: battery_consumption; timestamp: 373.357; robot: 3; time: 21.7412; initial_level: 65.5785; final_level: 63.4044
event: navigation; timestamp: 373.357; robot: 3; time: 21.7412; src: (-51, 96); dst: (0, 0)
event: robot_finished; timestamp: 395.098; robot: 3; pos: (0, 0); battery: 63.4044
event: battery_consumption; timestamp: 373.357; robot: 1; time: 21.7412; initial_level: 3.04286; final_level: 0.868743
event: navigation; timestamp: 373.357; robot: 1; time: 21.7412; src: (-51, 96); dst: (0, 0)
event: robot_finished; timestamp: 395.098; robot: 1; pos: (0, 0); battery: 0.868743
metric: available_agents; value: 0
metric: failed_agents; value: 1
metric: finished_agents; value: 3
metric: completed_tasks; value: 5
metric: pending_tasks; value: 0
metric: failed_tasks; value: 15
metric: average_robot_makespan; value: 383.171
metric: sd_robot_makespan; value: 13.8801
metric: max_robot_makespan; value: 395.098
metric: min_robot_makespan; value: 369.13
metric: average_robot_travel_distance; value: 467.912
metric: sd_robot_travel_distance; value: 130.307
metric: max_robot_travel_distance; value: 598.012
metric: min_robot_travel_distance; value: 329.78
metric: sum_robot_travel_distance; value: 1871.65
metric: average_completed_tasks_by_robot; value: 0
metric: sd_completed_tasks_by_robot; value: 0
metric: max_completed_tasks_by_robot; value: 0
metric: min_completed_tasks_by_robot; value: 0
metric: final_reward; value: 0.25
metric: computing_time; value: 0.0123373
