info: solver_name; value: dec-mcts-v4
info: reward_function; value: reward00
info: replica; value: 2
info: filename; value: ../logs/prueba/scenario_1E_24t_2r_dec-mcts-v4_reward00_002.log
info: scenario_name; value: scenario_1E_24t_2r
info: scenario_name; value: scenario_1E_24t_2r
info: number_of_tasks; value: 24
info: number_of_robots; value: 2
info: number_of_recharging_stations; value: 1
info: scenario_size; value: (15,15)
event: recharging_station_spawn; timestamp: 0; recharging_station: 1; pos: (0, 0)
event: task_spawn; timestamp: 0; task: 1; pos: (0, 5); earliest_start: 5; latest_start: 16.53; state: PENDING; required_workers: 1; success_prob: 1; max_attempts: 1
event: task_spawn; timestamp: 0; task: 2; pos: (0.87, 4.5); earliest_start: 27; latest_start: 32.41; state: PENDING; required_workers: 1; success_prob: 1; max_attempts: 1
event: task_spawn; timestamp: 0; task: 3; pos: (0.87, 3.5); earliest_start: 34; latest_start: 39.54; state: PENDING; required_workers: 1; success_prob: 1; max_attempts: 1
event: task_spawn; timestamp: 0; task: 4; pos: (0, 3); earliest_start: 18; latest_start: 24.65; state: PENDING; required_workers: 1; success_prob: 1; max_attempts: 1
event: task_spawn; timestamp: 0; task: 5; pos: (-0.87, 3.5); earliest_start: 42; latest_start: 51.47; state: PENDING; required_workers: 1; success_prob: 1; max_attempts: 1
event: task_spawn; timestamp: 0; task: 6; pos: (-0.87, 4.5); earliest_start: 18; latest_start: 29.1; state: PENDING; required_workers: 1; success_prob: 1; max_attempts: 1
event: task_spawn; timestamp: 0; task: 7; pos: (4, 1); earliest_start: 27; latest_start: 35.58; state: PENDING; required_workers: 1; success_prob: 1; max_attempts: 1
event: task_spawn; timestamp: 0; task: 8; pos: (4.87, 0.5); earliest_start: 10; latest_start: 23.82; state: PENDING; required_workers: 1; success_prob: 1; max_attempts: 1
event: task_spawn; timestamp: 0; task: 9; pos: (4.87, -0.5); earliest_start: 2; latest_start: 10.97; state: PENDING; required_workers: 1; success_prob: 1; max_attempts: 1
event: task_spawn; timestamp: 0; task: 10; pos: (4, -1); earliest_start: 46; latest_start: 53.41; state: PENDING; required_workers: 1; success_prob: 1; max_attempts: 1
event: task_spawn; timestamp: 0; task: 11; pos: (3.13, -0.5); earliest_start: 27; latest_start: 38.92; state: PENDING; required_workers: 1; success_prob: 1; max_attempts: 1
event: task_spawn; timestamp: 0; task: 12; pos: (3.13, 0.5); earliest_start: 17; latest_start: 24.96; state: PENDING; required_workers: 1; success_prob: 1; max_attempts: 1
event: task_spawn; timestamp: 0; task: 13; pos: (0, -3); earliest_start: 3; latest_start: 9.6; state: PENDING; required_workers: 1; success_prob: 1; max_attempts: 1
event: task_spawn; timestamp: 0; task: 14; pos: (0.87, -3.5); earliest_start: 4; latest_start: 9.92; state: PENDING; required_workers: 1; success_prob: 1; max_attempts: 1
event: task_spawn; timestamp: 0; task: 15; pos: (0.87, -4.5); earliest_start: 32; latest_start: 40.54; state: PENDING; required_workers: 1; success_prob: 1; max_attempts: 1
event: task_spawn; timestamp: 0; task: 16; pos: (0, -5); earliest_start: 47; latest_start: 54.3; state: PENDING; required_workers: 1; success_prob: 1; max_attempts: 1
event: task_spawn; timestamp: 0; task: 17; pos: (-0.87, -4.5); earliest_start: 9; latest_start: 15.82; state: PENDING; required_workers: 1; success_prob: 1; max_attempts: 1
event: task_spawn; timestamp: 0; task: 18; pos: (-0.87, -3.5); earliest_start: 38; latest_start: 41.3; state: PENDING; required_workers: 1; success_prob: 1; max_attempts: 1
event: task_spawn; timestamp: 0; task: 19; pos: (-4, 1); earliest_start: 8; latest_start: 16.59; state: PENDING; required_workers: 1; success_prob: 1; max_attempts: 1
event: task_spawn; timestamp: 0; task: 20; pos: (-3.13, 0.5); earliest_start: 4; latest_start: 11.1; state: PENDING; required_workers: 1; success_prob: 1; max_attempts: 1
event: task_spawn; timestamp: 0; task: 21; pos: (-3.13, -0.5); earliest_start: 23; latest_start: 33.38; state: PENDING; required_workers: 1; success_prob: 1; max_attempts: 1
event: task_spawn; timestamp: 0; task: 22; pos: (-4, -1); earliest_start: 24; latest_start: 38.3; state: PENDING; required_workers: 1; success_prob: 1; max_attempts: 1
event: task_spawn; timestamp: 0; task: 23; pos: (-4.87, -0.5); earliest_start: 9; latest_start: 19.73; state: PENDING; required_workers: 1; success_prob: 1; max_attempts: 1
event: task_spawn; timestamp: 0; task: 24; pos: (-4.87, 0.5); earliest_start: 43; latest_start: 52.76; state: PENDING; required_workers: 1; success_prob: 1; max_attempts: 1
event: robot_spawn; timestamp: 0; robot: 1; pos: (0, 0); state: AVAILABLE; battery_level: 100; battery_capacity: 100; velocity: 1; battery_rate_nav: 1
event: robot_spawn; timestamp: 0; robot: 2; pos: (0, 0); state: AVAILABLE; battery_level: 100; battery_capacity: 100; velocity: 1; battery_rate_nav: 1
event: battery_consumption; timestamp: 0; robot: 2; time: 3; initial_level: 100; final_level: 97
event: navigation; timestamp: 0; robot: 2; time: 3; src: (0, 0); dst: (0, -3)
event: battery_consumption; timestamp: 0; robot: 1; time: 5; initial_level: 100; final_level: 95
event: navigation; timestamp: 0; robot: 1; time: 5; src: (0, 0); dst: (0, 5)
event: task_execution; timestamp: 3; task: 13; robot: 2; pos: (0, -3); time: 10
event: battery_consumption; timestamp: 3; robot: 2; time: 10; initial_level: 97; final_level: 87
event: task_resolution; timestamp: 13; task: 13; pos: (0, -3); status: COMPLETED; attempt: 1
event: battery_consumption; timestamp: 13; robot: 2; time: 1.73404; initial_level: 87; final_level: 85.266
event: navigation; timestamp: 13; robot: 2; time: 1.73404; src: (0, -3); dst: (-0.87, -4.5)
event: task_execution; timestamp: 5; task: 1; robot: 1; pos: (0, 5); time: 10
event: battery_consumption; timestamp: 5; robot: 1; time: 10; initial_level: 95; final_level: 85
event: task_resolution; timestamp: 15; task: 1; pos: (0, 5); status: COMPLETED; attempt: 1
event: battery_consumption; timestamp: 15; robot: 1; time: 2; initial_level: 85; final_level: 83
event: navigation; timestamp: 15; robot: 1; time: 2; src: (0, 5); dst: (0, 3)
event: task_execution; timestamp: 14.734; task: 17; robot: 2; pos: (-0.87, -4.5); time: 10
event: battery_consumption; timestamp: 14.734; robot: 2; time: 10; initial_level: 85.266; final_level: 75.266
event: task_resolution; timestamp: 24.734; task: 17; pos: (-0.87, -4.5); status: COMPLETED; attempt: 1
event: battery_consumption; timestamp: 24.734; robot: 2; time: 5.65685; initial_level: 75.266; final_level: 69.6091
event: navigation; timestamp: 24.734; robot: 2; time: 5.65685; src: (-0.87, -4.5); dst: (3.13, -0.5)
event: task_execution; timestamp: 18; task: 4; robot: 1; pos: (0, 3); time: 10
event: battery_consumption; timestamp: 18; robot: 1; time: 10; initial_level: 83; final_level: 73
event: task_resolution; timestamp: 28; task: 4; pos: (0, 3); status: COMPLETED; attempt: 1
event: battery_consumption; timestamp: 28; robot: 1; time: 1.00344; initial_level: 73; final_level: 71.9966
event: navigation; timestamp: 28; robot: 1; time: 1.00344; src: (0, 3); dst: (0.87, 3.5)
event: task_execution; timestamp: 30.3909; task: 11; robot: 2; pos: (3.13, -0.5); time: 10
event: battery_consumption; timestamp: 30.3909; robot: 2; time: 10; initial_level: 69.6091; final_level: 59.6091
event: task_resolution; timestamp: 40.3909; task: 11; pos: (3.13, -0.5); status: COMPLETED; attempt: 1
event: battery_consumption; timestamp: 40.3909; robot: 2; time: 1.00344; initial_level: 59.6091; final_level: 58.6057
event: navigation; timestamp: 40.3909; robot: 2; time: 1.00344; src: (3.13, -0.5); dst: (4, -1)
event: task_execution; timestamp: 34; task: 3; robot: 1; pos: (0.87, 3.5); time: 10
event: battery_consumption; timestamp: 34; robot: 1; time: 10; initial_level: 71.9966; final_level: 61.9966
event: task_resolution; timestamp: 44; task: 3; pos: (0.87, 3.5); status: COMPLETED; attempt: 1
event: battery_consumption; timestamp: 44; robot: 1; time: 1.74; initial_level: 61.9966; final_level: 60.2566
event: navigation; timestamp: 44; robot: 1; time: 1.74; src: (0.87, 3.5); dst: (-0.87, 3.5)
event: task_execution; timestamp: 45.74; task: 5; robot: 1; pos: (-0.87, 3.5); time: 10
event: battery_consumption; timestamp: 45.74; robot: 1; time: 10; initial_level: 60.2566; final_level: 50.2566
event: task_resolution; timestamp: 55.74; task: 5; pos: (-0.87, 3.5); status: COMPLETED; attempt: 1
event: battery_consumption; timestamp: 55.74; robot: 1; time: 3.60651; initial_level: 50.2566; final_level: 46.65
event: navigation; timestamp: 55.74; robot: 1; time: 3.60651; src: (-0.87, 3.5); dst: (0, 0)
event: robot_finished; timestamp: 59.3465; robot: 1; pos: (0, 0); battery: 46.65
event: task_execution; timestamp: 46; task: 10; robot: 2; pos: (4, -1); time: 10
event: battery_consumption; timestamp: 46; robot: 2; time: 10; initial_level: 58.6057; final_level: 48.6057
event: task_resolution; timestamp: 56; task: 10; pos: (4, -1); status: COMPLETED; attempt: 1
event: battery_consumption; timestamp: 56; robot: 2; time: 4.12311; initial_level: 48.6057; final_level: 44.4826
event: navigation; timestamp: 56; robot: 2; time: 4.12311; src: (4, -1); dst: (0, 0)
event: robot_finished; timestamp: 60.1231; robot: 2; pos: (0, 0); battery: 44.4826
metric: available_agents; value: 0
metric: failed_agents; value: 0
metric: finished_agents; value: 2
metric: completed_tasks; value: 8
metric: pending_tasks; value: 0
metric: failed_tasks; value: 16
metric: average_robot_makespan; value: 59.7348
metric: sd_robot_makespan; value: 0.549137
metric: max_robot_makespan; value: 60.1231
metric: min_robot_makespan; value: 59.3465
metric: average_robot_travel_distance; value: 14.4337
metric: sd_robot_travel_distance; value: 1.53265
metric: max_robot_travel_distance; value: 15.5174
metric: min_robot_travel_distance; value: 13.35
metric: sum_robot_travel_distance; value: 28.8674
metric: average_completed_tasks_by_robot; value: 0
metric: sd_completed_tasks_by_robot; value: 0
metric: max_completed_tasks_by_robot; value: 0
metric: min_completed_tasks_by_robot; value: 0
metric: final_reward; value: 0.333333
metric: computing_time; value: 0.996434
