info: solver_name; value: random
info: reward_function; value: reward00
info: replica; value: 16
info: filename; value: ../logs/prueba/scenario_12_06_01_random_reward00_016.log
info: scenario_name; value: scenario_12_06_01
info: scenario_name; value: scenario_12_06_01
info: number_of_tasks; value: 12
info: number_of_robots; value: 6
info: number_of_recharging_stations; value: 1
info: scenario_size; value: (200,200)
event: recharging_station_spawn; timestamp: 0; recharging_station: 1; pos: (0, 0)
event: task_spawn; timestamp: 0; task: 1; pos: (-70.0709, -68.0831); earliest_start: 0; latest_start: 1080; state: PENDING; required_workers: 3; success_prob: 0.8; max_attempts: 1
event: task_spawn; timestamp: 0; task: 2; pos: (-17.4248, -96.1114); earliest_start: 0; latest_start: 810; state: PENDING; required_workers: 3; success_prob: 0.8; max_attempts: 1
event: task_spawn; timestamp: 0; task: 3; pos: (-29.5006, -24.1376); earliest_start: 0; latest_start: 1080; state: PENDING; required_workers: 2; success_prob: 0.8; max_attempts: 1
event: task_spawn; timestamp: 0; task: 4; pos: (6.58351, -36.5381); earliest_start: 0; latest_start: 540; state: PENDING; required_workers: 1; success_prob: 0.8; max_attempts: 1
event: task_spawn; timestamp: 0; task: 5; pos: (-46.7684, -52.5449); earliest_start: 0; latest_start: 540; state: PENDING; required_workers: 3; success_prob: 0.8; max_attempts: 1
event: task_spawn; timestamp: 0; task: 6; pos: (-87.1468, -93.4297); earliest_start: 0; latest_start: 810; state: PENDING; required_workers: 2; success_prob: 0.8; max_attempts: 1
event: task_spawn; timestamp: 0; task: 7; pos: (-74.758, -54.3258); earliest_start: 0; latest_start: 540; state: PENDING; required_workers: 2; success_prob: 0.8; max_attempts: 1
event: task_spawn; timestamp: 0; task: 8; pos: (-1.29451, 32.4663); earliest_start: 0; latest_start: 540; state: PENDING; required_workers: 2; success_prob: 0.8; max_attempts: 1
event: task_spawn; timestamp: 0; task: 9; pos: (60.5478, -15.9338); earliest_start: 0; latest_start: 1080; state: PENDING; required_workers: 1; success_prob: 0.8; max_attempts: 1
event: task_spawn; timestamp: 0; task: 10; pos: (56.8755, 43.1394); earliest_start: 0; latest_start: 810; state: PENDING; required_workers: 2; success_prob: 0.8; max_attempts: 1
event: task_spawn; timestamp: 0; task: 11; pos: (-24.173, 41.1999); earliest_start: 0; latest_start: 540; state: PENDING; required_workers: 2; success_prob: 0.8; max_attempts: 1
event: task_spawn; timestamp: 0; task: 12; pos: (72.2993, -29.315); earliest_start: 0; latest_start: 1080; state: PENDING; required_workers: 1; success_prob: 0.8; max_attempts: 1
event: robot_spawn; timestamp: 0; robot: 1; pos: (0, 0); state: AVAILABLE; battery_level: 100; battery_capacity: 100; velocity: 5; battery_rate_nav: 0.1
event: robot_spawn; timestamp: 0; robot: 2; pos: (0, 0); state: AVAILABLE; battery_level: 100; battery_capacity: 100; velocity: 5; battery_rate_nav: 0.1
event: robot_spawn; timestamp: 0; robot: 3; pos: (0, 0); state: AVAILABLE; battery_level: 100; battery_capacity: 100; velocity: 5; battery_rate_nav: 0.1
event: robot_spawn; timestamp: 0; robot: 4; pos: (0, 0); state: AVAILABLE; battery_level: 100; battery_capacity: 100; velocity: 5; battery_rate_nav: 0.1
event: robot_spawn; timestamp: 0; robot: 5; pos: (0, 0); state: AVAILABLE; battery_level: 100; battery_capacity: 100; velocity: 5; battery_rate_nav: 0.1
event: robot_spawn; timestamp: 0; robot: 6; pos: (0, 0); state: AVAILABLE; battery_level: 100; battery_capacity: 100; velocity: 5; battery_rate_nav: 0.1
event: battery_consumption; timestamp: 0; robot: 5; time: 9.55357; initial_level: 100; final_level: 99.0446
event: navigation; timestamp: 0; robot: 5; time: 9.55357; src: (0, 0); dst: (-24.173, 41.1999)
event: battery_consumption; timestamp: 0; robot: 1; time: 14.277; initial_level: 100; final_level: 98.5723
event: navigation; timestamp: 0; robot: 1; time: 14.277; src: (0, 0); dst: (56.8755, 43.1394)
event: battery_consumption; timestamp: 0; robot: 2; time: 6.49842; initial_level: 100; final_level: 99.3502
event: navigation; timestamp: 0; robot: 2; time: 6.49842; src: (0, 0); dst: (-1.29451, 32.4663)
event: battery_consumption; timestamp: 0; robot: 4; time: 6.49842; initial_level: 100; final_level: 99.3502
event: navigation; timestamp: 0; robot: 4; time: 6.49842; src: (0, 0); dst: (-1.29451, 32.4663)
event: battery_consumption; timestamp: 0; robot: 3; time: 15.6033; initial_level: 100; final_level: 98.4397
event: navigation; timestamp: 0; robot: 3; time: 15.6033; src: (0, 0); dst: (72.2993, -29.315)
event: battery_consumption; timestamp: 0; robot: 6; time: 18.4825; initial_level: 100; final_level: 98.1518
event: navigation; timestamp: 0; robot: 6; time: 18.4825; src: (0, 0); dst: (-74.758, -54.3258)
event: task_execution; timestamp: 6.49842; task: 8; robot: 2; pos: (-1.29451, 32.4663); time: 0
event: battery_consumption; timestamp: 6.49842; robot: 2; time: 0; initial_level: 99.3502; final_level: 99.3502
event: task_execution; timestamp: 6.49842; task: 8; robot: 4; pos: (-1.29451, 32.4663); time: 0
event: battery_consumption; timestamp: 6.49842; robot: 4; time: 0; initial_level: 99.3502; final_level: 99.3502
event: task_resolution; timestamp: 6.49842; task: 8; pos: (-1.29451, 32.4663); status: COMPLETED; attempt: 1
event: battery_consumption; timestamp: 6.49842; robot: 2; time: 19.2819; initial_level: 99.3502; final_level: 97.422
event: navigation; timestamp: 6.49842; robot: 2; time: 19.2819; src: (-1.29451, 32.4663); dst: (-46.7684, -52.5449)
event: battery_consumption; timestamp: 6.49842; robot: 4; time: 30.4765; initial_level: 99.3502; final_level: 96.3025
event: navigation; timestamp: 6.49842; robot: 4; time: 30.4765; src: (-1.29451, 32.4663); dst: (-87.1468, -93.4297)
event: task_execution; timestamp: 15.6033; task: 12; robot: 3; pos: (72.2993, -29.315); time: 0
event: battery_consumption; timestamp: 15.6033; robot: 3; time: 0; initial_level: 98.4397; final_level: 88.4397
event: task_resolution; timestamp: 15.6033; task: 12; pos: (72.2993, -29.315); status: FAILED; attempt: 1
event: battery_consumption; timestamp: 15.6033; robot: 3; time: 34.3708; initial_level: 88.4397; final_level: 85.0026
event: navigation; timestamp: 15.6033; robot: 3; time: 34.3708; src: (72.2993, -29.315); dst: (-87.1468, -93.4297)
event: task_execution; timestamp: 49.9741; task: 6; robot: 3; pos: (-87.1468, -93.4297); time: 17.9006
event: battery_consumption; timestamp: 49.9741; robot: 3; time: 17.9006; initial_level: 85.0026; final_level: 67.102
event: task_execution; timestamp: 49.9741; task: 6; robot: 4; pos: (-87.1468, -93.4297); time: 17.9006
event: battery_consumption; timestamp: 49.9741; robot: 4; time: 17.9006; initial_level: 96.3025; final_level: 78.4019
event: task_resolution; timestamp: 67.8747; task: 6; pos: (-87.1468, -93.4297); status: COMPLETED; attempt: 1
event: battery_consumption; timestamp: 67.8747; robot: 3; time: 13.9547; initial_level: 67.102; final_level: 65.7065
event: navigation; timestamp: 67.8747; robot: 3; time: 13.9547; src: (-87.1468, -93.4297); dst: (-17.4248, -96.1114)
event: battery_consumption; timestamp: 67.8747; robot: 4; time: 33.3582; initial_level: 78.4019; final_level: 75.0661
event: navigation; timestamp: 67.8747; robot: 4; time: 33.3582; src: (-87.1468, -93.4297); dst: (60.5478, -15.9338)
event: task_execution; timestamp: 101.233; task: 9; robot: 4; pos: (60.5478, -15.9338); time: 0
event: battery_consumption; timestamp: 101.233; robot: 4; time: 0; initial_level: 75.0661; final_level: 75.0661
event: task_resolution; timestamp: 101.233; task: 9; pos: (60.5478, -15.9338); status: COMPLETED; attempt: 1
event: battery_consumption; timestamp: 101.233; robot: 4; time: 28.1288; initial_level: 75.0661; final_level: 72.2532
event: navigation; timestamp: 101.233; robot: 4; time: 28.1288; src: (60.5478, -15.9338); dst: (-70.0709, -68.0831)
event: battery_consumption; timestamp: 540; robot: 6; time: 10.8804; initial_level: 98.1518; final_level: 97.0637
event: navigation; timestamp: 540; robot: 6; time: 10.8804; src: (-74.758, -54.3258); dst: (-29.5006, -24.1376)
event: battery_consumption; timestamp: 540; robot: 5; time: 13.1109; initial_level: 99.0446; final_level: 97.7336
event: navigation; timestamp: 540; robot: 5; time: 13.1109; src: (-24.173, 41.1999); dst: (-29.5006, -24.1376)
event: battery_consumption; timestamp: 540; robot: 2; time: 5.60158; initial_level: 97.422; final_level: 96.8618
event: navigation; timestamp: 540; robot: 2; time: 5.60158; src: (-46.7684, -52.5449); dst: (-70.0709, -68.0831)
event: task_execution; timestamp: 553.111; task: 3; robot: 5; pos: (-29.5006, -24.1376); time: 0
event: battery_consumption; timestamp: 553.111; robot: 5; time: 0; initial_level: 97.7336; final_level: 97.7336
event: task_execution; timestamp: 553.111; task: 3; robot: 6; pos: (-29.5006, -24.1376); time: 0
event: battery_consumption; timestamp: 553.111; robot: 6; time: 0; initial_level: 97.0637; final_level: 97.0637
event: task_resolution; timestamp: 553.111; task: 3; pos: (-29.5006, -24.1376); status: COMPLETED; attempt: 1
event: battery_consumption; timestamp: 553.111; robot: 6; time: 21.8971; initial_level: 97.0637; final_level: 94.874
event: navigation; timestamp: 553.111; robot: 6; time: 21.8971; src: (-29.5006, -24.1376); dst: (56.8755, 43.1394)
event: battery_consumption; timestamp: 553.111; robot: 5; time: 14.596; initial_level: 97.7336; final_level: 96.274
event: navigation; timestamp: 553.111; robot: 5; time: 14.596; src: (-29.5006, -24.1376); dst: (-17.4248, -96.1114)
event: task_execution; timestamp: 575.008; task: 10; robot: 1; pos: (56.8755, 43.1394); time: 0
event: battery_consumption; timestamp: 575.008; robot: 1; time: 0; initial_level: 98.5723; final_level: 98.5723
event: task_execution; timestamp: 575.008; task: 10; robot: 6; pos: (56.8755, 43.1394); time: 0
event: battery_consumption; timestamp: 575.008; robot: 6; time: 0; initial_level: 94.874; final_level: 94.874
event: task_resolution; timestamp: 575.008; task: 10; pos: (56.8755, 43.1394); status: COMPLETED; attempt: 1
event: battery_consumption; timestamp: 575.008; robot: 1; time: 33.7555; initial_level: 98.5723; final_level: 95.1967
event: navigation; timestamp: 575.008; robot: 1; time: 33.7555; src: (56.8755, 43.1394); dst: (-70.0709, -68.0831)
event: battery_consumption; timestamp: 575.008; robot: 6; time: 31.5666; initial_level: 94.874; final_level: 91.7173
event: navigation; timestamp: 575.008; robot: 6; time: 31.5666; src: (56.8755, 43.1394); dst: (-17.4248, -96.1114)
event: task_execution; timestamp: 606.575; task: 2; robot: 3; pos: (-17.4248, -96.1114); time: 0
event: battery_consumption; timestamp: 606.575; robot: 3; time: 0; initial_level: 65.7065; final_level: 65.7065
event: task_execution; timestamp: 606.575; task: 2; robot: 5; pos: (-17.4248, -96.1114); time: 0
event: battery_consumption; timestamp: 606.575; robot: 5; time: 0; initial_level: 96.274; final_level: 96.274
event: task_execution; timestamp: 606.575; task: 2; robot: 6; pos: (-17.4248, -96.1114); time: 0
event: battery_consumption; timestamp: 606.575; robot: 6; time: 0; initial_level: 91.7173; final_level: 91.7173
event: task_resolution; timestamp: 606.575; task: 2; pos: (-17.4248, -96.1114); status: COMPLETED; attempt: 1
event: battery_consumption; timestamp: 606.575; robot: 3; time: 19.5356; initial_level: 65.7065; final_level: 63.7529
event: navigation; timestamp: 606.575; robot: 3; time: 19.5356; src: (-17.4248, -96.1114); dst: (0, 0)
event: robot_finished; timestamp: 626.11; robot: 3; pos: (0, 0); battery: 63.7529
event: battery_consumption; timestamp: 606.575; robot: 5; time: 19.5356; initial_level: 96.274; final_level: 94.3204
event: navigation; timestamp: 606.575; robot: 5; time: 19.5356; src: (-17.4248, -96.1114); dst: (0, 0)
event: robot_finished; timestamp: 626.11; robot: 5; pos: (0, 0); battery: 94.3204
event: battery_consumption; timestamp: 606.575; robot: 6; time: 19.5356; initial_level: 91.7173; final_level: 89.7638
event: navigation; timestamp: 606.575; robot: 6; time: 19.5356; src: (-17.4248, -96.1114); dst: (0, 0)
event: robot_finished; timestamp: 626.11; robot: 6; pos: (0, 0); battery: 89.7638
event: task_execution; timestamp: 608.763; task: 1; robot: 1; pos: (-70.0709, -68.0831); time: 9.35608
event: battery_consumption; timestamp: 608.763; robot: 1; time: 9.35608; initial_level: 95.1967; final_level: 85.8407
event: task_execution; timestamp: 608.763; task: 1; robot: 2; pos: (-70.0709, -68.0831); time: 9.35608
event: battery_consumption; timestamp: 608.763; robot: 2; time: 9.35608; initial_level: 96.8618; final_level: 87.5057
event: task_execution; timestamp: 608.763; task: 1; robot: 4; pos: (-70.0709, -68.0831); time: 9.35608
event: battery_consumption; timestamp: 608.763; robot: 4; time: 9.35608; initial_level: 72.2532; final_level: 62.8971
event: task_resolution; timestamp: 618.119; task: 1; pos: (-70.0709, -68.0831); status: COMPLETED; attempt: 1
event: battery_consumption; timestamp: 618.119; robot: 1; time: 19.5399; initial_level: 85.8407; final_level: 83.8867
event: navigation; timestamp: 618.119; robot: 1; time: 19.5399; src: (-70.0709, -68.0831); dst: (0, 0)
event: robot_finished; timestamp: 637.659; robot: 1; pos: (0, 0); battery: 83.8867
event: battery_consumption; timestamp: 618.119; robot: 4; time: 19.5399; initial_level: 62.8971; final_level: 60.9431
event: navigation; timestamp: 618.119; robot: 4; time: 19.5399; src: (-70.0709, -68.0831); dst: (0, 0)
event: robot_finished; timestamp: 637.659; robot: 4; pos: (0, 0); battery: 60.9431
event: battery_consumption; timestamp: 618.119; robot: 2; time: 19.5399; initial_level: 87.5057; final_level: 85.5517
event: navigation; timestamp: 618.119; robot: 2; time: 19.5399; src: (-70.0709, -68.0831); dst: (0, 0)
event: robot_finished; timestamp: 637.659; robot: 2; pos: (0, 0); battery: 85.5517
metric: available_agents; value: 0
metric: failed_agents; value: 0
metric: finished_agents; value: 6
metric: completed_tasks; value: 7
metric: pending_tasks; value: 0
metric: failed_tasks; value: 5
metric: average_robot_makespan; value: 631.885
metric: sd_robot_makespan; value: 6.32578
metric: max_robot_makespan; value: 637.659
metric: min_robot_makespan; value: 626.11
metric: average_robot_travel_distance; value: 399.266
metric: sd_robot_travel_distance; value: 132.183
metric: max_robot_travel_distance; value: 590.01
metric: min_robot_travel_distance; value: 254.609
metric: sum_robot_travel_distance; value: 2395.59
metric: average_completed_tasks_by_robot; value: 0
metric: sd_completed_tasks_by_robot; value: 0
metric: max_completed_tasks_by_robot; value: 0
metric: min_completed_tasks_by_robot; value: 0
metric: final_reward; value: 0.583333
metric: computing_time; value: 0.0351748
