info: solver_name; value: dec-mcts-v2
info: reward_function; value: reward00
info: replica; value: 1
info: filename; value: ../logs/prueba/scenario_20t_05_4r_dec-mcts-v2_reward00_001.log
info: scenario_name; value: scenario_20t_05_4r
info: scenario_name; value: scenario_20t_05_4r
info: number_of_tasks; value: 20
info: number_of_robots; value: 4
info: number_of_recharging_stations; value: 1
info: scenario_size; value: (200,200)
event: recharging_station_spawn; timestamp: 0; recharging_station: 1; pos: (0, 0)
event: task_spawn; timestamp: 0; task: 1; pos: (16, 84); earliest_start: 0; latest_start: 900; state: PENDING; required_workers: 1; success_prob: 0.7; max_attempts: 1
event: task_spawn; timestamp: 0; task: 2; pos: (-15, -42); earliest_start: 0; latest_start: 540; state: PENDING; required_workers: 2; success_prob: 0.6; max_attempts: 1
event: task_spawn; timestamp: 0; task: 3; pos: (46, -95); earliest_start: 0; latest_start: 1080; state: PENDING; required_workers: 2; success_prob: 0.8; max_attempts: 1
event: task_spawn; timestamp: 0; task: 4; pos: (45, 64); earliest_start: 0; latest_start: 1080; state: PENDING; required_workers: 2; success_prob: 0.8; max_attempts: 1
event: task_spawn; timestamp: 0; task: 5; pos: (-30, 7); earliest_start: 0; latest_start: 360; state: PENDING; required_workers: 1; success_prob: 0.5; max_attempts: 1
event: task_spawn; timestamp: 0; task: 6; pos: (65, 77); earliest_start: 0; latest_start: 1080; state: PENDING; required_workers: 3; success_prob: 0.5; max_attempts: 1
event: task_spawn; timestamp: 0; task: 7; pos: (49, 52); earliest_start: 0; latest_start: 270; state: PENDING; required_workers: 3; success_prob: 0.8; max_attempts: 1
event: task_spawn; timestamp: 0; task: 8; pos: (-59, -97); earliest_start: 0; latest_start: 630; state: PENDING; required_workers: 3; success_prob: 0.7; max_attempts: 1
event: task_spawn; timestamp: 0; task: 9; pos: (-88, 81); earliest_start: 0; latest_start: 540; state: PENDING; required_workers: 2; success_prob: 0.8; max_attempts: 1
event: task_spawn; timestamp: 0; task: 10; pos: (-90, -6); earliest_start: 0; latest_start: 900; state: PENDING; required_workers: 2; success_prob: 0.8; max_attempts: 1
event: task_spawn; timestamp: 0; task: 11; pos: (35, -56); earliest_start: 0; latest_start: 720; state: PENDING; required_workers: 2; success_prob: 0.5; max_attempts: 1
event: task_spawn; timestamp: 0; task: 12; pos: (-84, -51); earliest_start: 0; latest_start: 540; state: PENDING; required_workers: 1; success_prob: 0.8; max_attempts: 1
event: task_spawn; timestamp: 0; task: 13; pos: (-99, 25); earliest_start: 0; latest_start: 720; state: PENDING; required_workers: 1; success_prob: 0.9; max_attempts: 1
event: task_spawn; timestamp: 0; task: 14; pos: (30, -36); earliest_start: 0; latest_start: 810; state: PENDING; required_workers: 3; success_prob: 0.7; max_attempts: 1
event: task_spawn; timestamp: 0; task: 15; pos: (-19, 25); earliest_start: 0; latest_start: 630; state: PENDING; required_workers: 3; success_prob: 0.7; max_attempts: 1
event: task_spawn; timestamp: 0; task: 16; pos: (96, 92); earliest_start: 0; latest_start: 720; state: PENDING; required_workers: 3; success_prob: 0.6; max_attempts: 1
event: task_spawn; timestamp: 0; task: 17; pos: (16, 49); earliest_start: 0; latest_start: 1080; state: PENDING; required_workers: 3; success_prob: 0.6; max_attempts: 1
event: task_spawn; timestamp: 0; task: 18; pos: (10, -17); earliest_start: 0; latest_start: 360; state: PENDING; required_workers: 1; success_prob: 0.8; max_attempts: 1
event: task_spawn; timestamp: 0; task: 19; pos: (14, 46); earliest_start: 0; latest_start: 900; state: PENDING; required_workers: 1; success_prob: 0.7; max_attempts: 1
event: task_spawn; timestamp: 0; task: 20; pos: (-26, 52); earliest_start: 0; latest_start: 540; state: PENDING; required_workers: 3; success_prob: 0.6; max_attempts: 1
event: robot_spawn; timestamp: 0; robot: 1; pos: (0, 0); state: AVAILABLE; battery_level: 100; battery_capacity: 100; velocity: 5; battery_rate_nav: 0.1
event: robot_spawn; timestamp: 0; robot: 2; pos: (0, 0); state: AVAILABLE; battery_level: 100; battery_capacity: 100; velocity: 5; battery_rate_nav: 0.1
event: robot_spawn; timestamp: 0; robot: 3; pos: (0, 0); state: AVAILABLE; battery_level: 100; battery_capacity: 100; velocity: 5; battery_rate_nav: 0.1
event: robot_spawn; timestamp: 0; robot: 4; pos: (0, 0); state: AVAILABLE; battery_level: 100; battery_capacity: 100; velocity: 5; battery_rate_nav: 0.1
event: battery_consumption; timestamp: 0; robot: 3; time: 19.654; initial_level: 100; final_level: 98.0346
event: navigation; timestamp: 0; robot: 3; time: 19.654; src: (0, 0); dst: (-84, -51)
event: battery_consumption; timestamp: 0; robot: 1; time: 20.4216; initial_level: 100; final_level: 97.9578
event: navigation; timestamp: 0; robot: 1; time: 20.4216; src: (0, 0); dst: (-99, 25)
event: battery_consumption; timestamp: 1; robot: 4; time: 17.102; initial_level: 100; final_level: 98.2898
event: navigation; timestamp: 1; robot: 4; time: 17.102; src: (0, 0); dst: (16, 84)
event: battery_consumption; timestamp: 1; robot: 2; time: 6.16117; initial_level: 100; final_level: 99.3839
event: navigation; timestamp: 1; robot: 2; time: 6.16117; src: (0, 0); dst: (-30, 7)
event: task_execution; timestamp: 7.16117; task: 5; robot: 2; pos: (-30, 7); time: 0
event: battery_consumption; timestamp: 7.16117; robot: 2; time: 0; initial_level: 99.3839; final_level: 89.3839
event: task_resolution; timestamp: 7.16117; task: 5; pos: (-30, 7); status: FAILED; attempt: 1
event: battery_consumption; timestamp: 7.16117; robot: 2; time: 9.32952; initial_level: 89.3839; final_level: 88.4509
event: navigation; timestamp: 7.16117; robot: 2; time: 9.32952; src: (-30, 7); dst: (10, -17)
event: task_execution; timestamp: 18.102; task: 1; robot: 4; pos: (16, 84); time: 0
event: battery_consumption; timestamp: 18.102; robot: 4; time: 0; initial_level: 98.2898; final_level: 98.2898
event: task_resolution; timestamp: 18.102; task: 1; pos: (16, 84); status: COMPLETED; attempt: 1
event: battery_consumption; timestamp: 18.102; robot: 4; time: 7.61052; initial_level: 98.2898; final_level: 97.5287
event: navigation; timestamp: 18.102; robot: 4; time: 7.61052; src: (16, 84); dst: (14, 46)
event: task_execution; timestamp: 19.654; task: 12; robot: 3; pos: (-84, -51); time: 0
event: battery_consumption; timestamp: 19.654; robot: 3; time: 0; initial_level: 98.0346; final_level: 98.0346
event: task_resolution; timestamp: 19.654; task: 12; pos: (-84, -51); status: COMPLETED; attempt: 1
event: battery_consumption; timestamp: 19.654; robot: 3; time: 27.4489; initial_level: 98.0346; final_level: 95.2897
event: navigation; timestamp: 19.654; robot: 3; time: 27.4489; src: (-84, -51); dst: (46, -95)
event: task_execution; timestamp: 20.4216; task: 13; robot: 1; pos: (-99, 25); time: 0
event: battery_consumption; timestamp: 20.4216; robot: 1; time: 0; initial_level: 97.9578; final_level: 97.9578
event: task_resolution; timestamp: 20.4216; task: 13; pos: (-99, 25); status: COMPLETED; attempt: 1
event: battery_consumption; timestamp: 20.4216; robot: 1; time: 21.4895; initial_level: 97.9578; final_level: 95.8089
event: navigation; timestamp: 20.4216; robot: 1; time: 21.4895; src: (-99, 25); dst: (-15, -42)
event: task_execution; timestamp: 25.7126; task: 19; robot: 4; pos: (14, 46); time: 0
event: battery_consumption; timestamp: 25.7126; robot: 4; time: 0; initial_level: 97.5287; final_level: 87.5287
event: task_resolution; timestamp: 25.7126; task: 19; pos: (14, 46); status: FAILED; attempt: 1
event: battery_consumption; timestamp: 25.7126; robot: 4; time: 18.5311; initial_level: 87.5287; final_level: 85.6756
event: navigation; timestamp: 25.7126; robot: 4; time: 18.5311; src: (14, 46); dst: (-15, -42)
event: task_execution; timestamp: 44.2436; task: 2; robot: 1; pos: (-15, -42); time: 0
event: battery_consumption; timestamp: 44.2436; robot: 1; time: 0; initial_level: 95.8089; final_level: 95.8089
event: task_execution; timestamp: 44.2436; task: 2; robot: 4; pos: (-15, -42); time: 0
event: battery_consumption; timestamp: 44.2436; robot: 4; time: 0; initial_level: 85.6756; final_level: 85.6756
event: task_resolution; timestamp: 44.2436; task: 2; pos: (-15, -42); status: COMPLETED; attempt: 1
event: battery_consumption; timestamp: 44.2436; robot: 4; time: 16.1617; initial_level: 85.6756; final_level: 84.0595
event: navigation; timestamp: 44.2436; robot: 4; time: 16.1617; src: (-15, -42); dst: (46, -95)
event: battery_consumption; timestamp: 44.2436; robot: 1; time: 28.6063; initial_level: 95.8089; final_level: 92.9483
event: navigation; timestamp: 44.2436; robot: 1; time: 28.6063; src: (-15, -42); dst: (-88, 81)
event: task_execution; timestamp: 16.4907; task: 18; robot: 2; pos: (10, -17); time: 88.4509
event: battery_consumption; timestamp: 16.4907; robot: 2; time: 88.4509; initial_level: 88.4509; final_level: 78.4509
event: task_resolution; timestamp: 104.942; task: 18; pos: (10, -17); status: FAILED; attempt: 1
event: battery_consumption; timestamp: 104.942; robot: 2; time: 27.7186; initial_level: 78.4509; final_level: 75.6791
event: navigation; timestamp: 104.942; robot: 2; time: 27.7186; src: (10, -17); dst: (-88, 81)
event: task_execution; timestamp: 60.4053; task: 3; robot: 3; pos: (46, -95); time: 71.4331
event: battery_consumption; timestamp: 60.4053; robot: 3; time: 71.4331; initial_level: 95.2897; final_level: 23.8566
event: task_execution; timestamp: 60.4053; task: 3; robot: 4; pos: (46, -95); time: 71.4331
event: battery_consumption; timestamp: 60.4053; robot: 4; time: 71.4331; initial_level: 84.0595; final_level: 12.6263
event: task_resolution; timestamp: 131.838; task: 3; pos: (46, -95); status: COMPLETED; attempt: 1
event: task_execution; timestamp: 132.66; task: 9; robot: 1; pos: (-88, 81); time: 0
event: battery_consumption; timestamp: 132.66; robot: 1; time: 0; initial_level: 92.9483; final_level: 82.9483
event: task_execution; timestamp: 132.66; task: 9; robot: 2; pos: (-88, 81); time: 0
event: battery_consumption; timestamp: 132.66; robot: 2; time: 0; initial_level: 75.6791; final_level: 65.6791
event: task_resolution; timestamp: 132.66; task: 9; pos: (-88, 81); status: FAILED; attempt: 1
event: battery_consumption; timestamp: 132.66; robot: 2; time: 36.8228; initial_level: 65.6791; final_level: 61.9968
event: navigation; timestamp: 132.66; robot: 2; time: 36.8228; src: (-88, 81); dst: (35, -56)
event: battery_consumption; timestamp: 132.66; robot: 1; time: 26.8164; initial_level: 82.9483; final_level: 80.2666
event: navigation; timestamp: 132.66; robot: 1; time: 26.8164; src: (-88, 81); dst: (45, 64)
event: battery_consumption; timestamp: 132.838; robot: 4; time: 31.8006; initial_level: 12.6263; final_level: 9.44626
event: navigation; timestamp: 132.838; robot: 4; time: 31.8006; src: (46, -95); dst: (45, 64)
event: battery_consumption; timestamp: 132.838; robot: 3; time: 32.5066; initial_level: 23.8566; final_level: 20.6059
event: navigation; timestamp: 132.838; robot: 3; time: 32.5066; src: (46, -95); dst: (-90, -6)
event: task_execution; timestamp: 164.639; task: 4; robot: 1; pos: (45, 64); time: 0
event: battery_consumption; timestamp: 164.639; robot: 1; time: 0; initial_level: 80.2666; final_level: 80.2666
event: task_execution; timestamp: 164.639; task: 4; robot: 4; pos: (45, 64); time: 0
event: battery_consumption; timestamp: 164.639; robot: 4; time: 0; initial_level: 9.44626; final_level: 9.44626
event: task_resolution; timestamp: 164.639; task: 4; pos: (45, 64); status: COMPLETED; attempt: 1
event: battery_consumption; timestamp: 164.639; robot: 1; time: 30.4138; initial_level: 80.2666; final_level: 77.2252
event: navigation; timestamp: 164.639; robot: 1; time: 30.4138; src: (45, 64); dst: (-90, -6)
event: battery_consumption; timestamp: 164.639; robot: 4; time: 4.77074; initial_level: 9.44626; final_level: 8.96918
event: navigation; timestamp: 164.639; robot: 4; time: 4.77074; src: (45, 64); dst: (65, 77)
event: task_execution; timestamp: 195.053; task: 10; robot: 1; pos: (-90, -6); time: 20.6059
event: battery_consumption; timestamp: 195.053; robot: 1; time: 20.6059; initial_level: 77.2252; final_level: 67.2252
event: task_execution; timestamp: 195.053; task: 10; robot: 3; pos: (-90, -6); time: 20.6059
event: battery_consumption; timestamp: 195.053; robot: 3; time: 20.6059; initial_level: 20.6059; final_level: 10.6059
event: task_resolution; timestamp: 215.659; task: 10; pos: (-90, -6); status: FAILED; attempt: 1
event: battery_consumption; timestamp: 215.659; robot: 1; time: 26.9258; initial_level: 67.2252; final_level: 64.5327
event: navigation; timestamp: 215.659; robot: 1; time: 26.9258; src: (-90, -6); dst: (35, -56)
event: battery_consumption; timestamp: 215.659; robot: 3; time: 18.04; initial_level: 10.6059; final_level: 8.80191
event: navigation; timestamp: 215.659; robot: 3; time: 18.04; src: (-90, -6); dst: (0, 0)
event: recharge; timestamp: 233.699; robot: 3; recharging_station: 1; pos: (0, 0); level: 100
event: battery_consumption; timestamp: 233.699; robot: 3; time: 20.1534; initial_level: 100; final_level: 97.9847
event: navigation; timestamp: 233.699; robot: 3; time: 20.1534; src: (0, 0); dst: (65, 77)
event: task_execution; timestamp: 242.585; task: 11; robot: 1; pos: (35, -56); time: 0
event: battery_consumption; timestamp: 242.585; robot: 1; time: 0; initial_level: 64.5327; final_level: 54.5327
event: task_execution; timestamp: 242.585; task: 11; robot: 2; pos: (35, -56); time: 0
event: battery_consumption; timestamp: 242.585; robot: 2; time: 0; initial_level: 61.9968; final_level: 51.9968
event: task_resolution; timestamp: 242.585; task: 11; pos: (35, -56); status: FAILED; attempt: 1
event: battery_consumption; timestamp: 242.585; robot: 2; time: 27.2683; initial_level: 51.9968; final_level: 49.27
event: navigation; timestamp: 242.585; robot: 2; time: 27.2683; src: (35, -56); dst: (65, 77)
event: battery_consumption; timestamp: 243.585; robot: 1; time: 21.341; initial_level: 54.5327; final_level: 52.3986
event: navigation; timestamp: 243.585; robot: 1; time: 21.341; src: (35, -56); dst: (16, 49)
event: task_execution; timestamp: 269.853; task: 6; robot: 2; pos: (65, 77); time: 8.96918
event: battery_consumption; timestamp: 269.853; robot: 2; time: 8.96918; initial_level: 49.27; final_level: 39.27
event: task_execution; timestamp: 269.853; task: 6; robot: 3; pos: (65, 77); time: 8.96918
event: battery_consumption; timestamp: 269.853; robot: 3; time: 8.96918; initial_level: 97.9847; final_level: 87.9847
event: task_execution; timestamp: 269.853; task: 6; robot: 4; pos: (65, 77); time: 8.96918
event: battery_consumption; timestamp: 269.853; robot: 4; time: 8.96918; initial_level: 8.96918; final_level: -1.03082
event: robot_failed; timestamp: 278.822; robot: 4; pos: (65, 77)
event: task_resolution; timestamp: 278.822; task: 6; pos: (65, 77); status: FAILED; attempt: 1
event: battery_consumption; timestamp: 278.822; robot: 2; time: 11.2872; initial_level: 39.27; final_level: 38.1412
event: navigation; timestamp: 278.822; robot: 2; time: 11.2872; src: (65, 77); dst: (16, 49)
event: battery_consumption; timestamp: 278.822; robot: 3; time: 11.2872; initial_level: 87.9847; final_level: 86.8559
event: navigation; timestamp: 278.822; robot: 3; time: 11.2872; src: (65, 77); dst: (16, 49)
event: task_execution; timestamp: 290.109; task: 17; robot: 1; pos: (16, 49); time: 38.1412
event: battery_consumption; timestamp: 290.109; robot: 1; time: 38.1412; initial_level: 52.3986; final_level: 42.3986
event: task_execution; timestamp: 290.109; task: 17; robot: 2; pos: (16, 49); time: 38.1412
event: battery_consumption; timestamp: 290.109; robot: 2; time: 38.1412; initial_level: 38.1412; final_level: 28.1412
event: task_execution; timestamp: 290.109; task: 17; robot: 3; pos: (16, 49); time: 38.1412
event: battery_consumption; timestamp: 290.109; robot: 3; time: 38.1412; initial_level: 86.8559; final_level: 76.8559
event: task_resolution; timestamp: 328.251; task: 17; pos: (16, 49); status: FAILED; attempt: 1
event: battery_consumption; timestamp: 328.251; robot: 3; time: 17.229; initial_level: 76.8559; final_level: 75.133
event: navigation; timestamp: 328.251; robot: 3; time: 17.229; src: (16, 49); dst: (30, -36)
event: battery_consumption; timestamp: 328.251; robot: 2; time: 17.229; initial_level: 28.1412; final_level: 26.4183
event: navigation; timestamp: 328.251; robot: 2; time: 17.229; src: (16, 49); dst: (30, -36)
event: battery_consumption; timestamp: 328.251; robot: 1; time: 17.229; initial_level: 42.3986; final_level: 40.6756
event: navigation; timestamp: 328.251; robot: 1; time: 17.229; src: (16, 49); dst: (30, -36)
event: task_execution; timestamp: 345.48; task: 14; robot: 1; pos: (30, -36); time: 0
event: battery_consumption; timestamp: 345.48; robot: 1; time: 0; initial_level: 40.6756; final_level: 40.6756
event: task_execution; timestamp: 345.48; task: 14; robot: 2; pos: (30, -36); time: 0
event: battery_consumption; timestamp: 345.48; robot: 2; time: 0; initial_level: 26.4183; final_level: 26.4183
event: task_execution; timestamp: 345.48; task: 14; robot: 3; pos: (30, -36); time: 0
event: battery_consumption; timestamp: 345.48; robot: 3; time: 0; initial_level: 75.133; final_level: 75.133
event: task_resolution; timestamp: 345.48; task: 14; pos: (30, -36); status: COMPLETED; attempt: 1
event: battery_consumption; timestamp: 345.48; robot: 3; time: 28.8028; initial_level: 75.133; final_level: 72.2528
event: navigation; timestamp: 345.48; robot: 3; time: 28.8028; src: (30, -36); dst: (96, 92)
event: battery_consumption; timestamp: 345.48; robot: 1; time: 28.8028; initial_level: 40.6756; final_level: 37.7954
event: navigation; timestamp: 345.48; robot: 1; time: 28.8028; src: (30, -36); dst: (96, 92)
event: battery_consumption; timestamp: 345.48; robot: 2; time: 28.8028; initial_level: 26.4183; final_level: 23.5381
event: navigation; timestamp: 345.48; robot: 2; time: 28.8028; src: (30, -36); dst: (96, 92)
event: task_execution; timestamp: 374.282; task: 16; robot: 1; pos: (96, 92); time: 0
event: battery_consumption; timestamp: 374.282; robot: 1; time: 0; initial_level: 37.7954; final_level: 27.7954
event: task_execution; timestamp: 374.282; task: 16; robot: 2; pos: (96, 92); time: 0
event: battery_consumption; timestamp: 374.282; robot: 2; time: 0; initial_level: 23.5381; final_level: 13.5381
event: task_execution; timestamp: 374.282; task: 16; robot: 3; pos: (96, 92); time: 0
event: battery_consumption; timestamp: 374.282; robot: 3; time: 0; initial_level: 72.2528; final_level: 62.2528
event: task_resolution; timestamp: 374.282; task: 16; pos: (96, 92); status: FAILED; attempt: 1
event: battery_consumption; timestamp: 374.282; robot: 1; time: 26.6188; initial_level: 27.7954; final_level: 25.1335
event: navigation; timestamp: 374.282; robot: 1; time: 26.6188; src: (96, 92); dst: (-19, 25)
event: battery_consumption; timestamp: 374.282; robot: 3; time: 26.6188; initial_level: 62.2528; final_level: 59.5909
event: navigation; timestamp: 374.282; robot: 3; time: 26.6188; src: (96, 92); dst: (-19, 25)
event: battery_consumption; timestamp: 374.282; robot: 2; time: 26.6188; initial_level: 13.5381; final_level: 10.8762
event: navigation; timestamp: 374.282; robot: 2; time: 26.6188; src: (96, 92); dst: (-19, 25)
event: task_execution; timestamp: 400.901; task: 15; robot: 1; pos: (-19, 25); time: 10.8762
event: battery_consumption; timestamp: 400.901; robot: 1; time: 10.8762; initial_level: 25.1335; final_level: 15.1335
event: task_execution; timestamp: 400.901; task: 15; robot: 2; pos: (-19, 25); time: 10.8762
event: battery_consumption; timestamp: 400.901; robot: 2; time: 10.8762; initial_level: 10.8762; final_level: 0.876183
event: task_execution; timestamp: 400.901; task: 15; robot: 3; pos: (-19, 25); time: 10.8762
event: battery_consumption; timestamp: 400.901; robot: 3; time: 10.8762; initial_level: 59.5909; final_level: 49.5909
event: task_resolution; timestamp: 411.777; task: 15; pos: (-19, 25); status: FAILED; attempt: 1
event: battery_consumption; timestamp: 411.777; robot: 3; time: 25.678; initial_level: 49.5909; final_level: 47.0231
event: navigation; timestamp: 411.777; robot: 3; time: 25.678; src: (-19, 25); dst: (-59, -97)
event: battery_consumption; timestamp: 411.777; robot: 2; time: 25.678; initial_level: 0.876183; final_level: 0
event: navigation; timestamp: 411.777; robot: 2; time: 25.678; src: (-19, 25); dst: (-59, -97)
event: battery_consumption; timestamp: 411.777; robot: 1; time: 25.678; initial_level: 15.1335; final_level: 12.5657
event: navigation; timestamp: 411.777; robot: 1; time: 25.678; src: (-19, 25); dst: (-59, -97)
event: task_execution; timestamp: 437.455; task: 8; robot: 1; pos: (-59, -97); time: 0
event: battery_consumption; timestamp: 437.455; robot: 1; time: 0; initial_level: 12.5657; final_level: 2.56569
event: task_execution; timestamp: 437.455; task: 8; robot: 2; pos: (-59, -97); time: 0
event: battery_consumption; timestamp: 437.455; robot: 2; time: 0; initial_level: 0; final_level: -10
event: robot_failed; timestamp: 437.455; robot: 2; pos: (-59, -97)
event: task_execution; timestamp: 437.455; task: 8; robot: 3; pos: (-59, -97); time: 0
event: battery_consumption; timestamp: 437.455; robot: 3; time: 0; initial_level: 47.0231; final_level: 37.0231
event: task_resolution; timestamp: 437.455; task: 8; pos: (-59, -97); status: FAILED; attempt: 1
event: battery_consumption; timestamp: 437.455; robot: 1; time: 22.7068; initial_level: 2.56569; final_level: 0.295008
event: navigation; timestamp: 437.455; robot: 1; time: 22.7068; src: (-59, -97); dst: (0, 0)
event: robot_finished; timestamp: 460.162; robot: 1; pos: (0, 0); battery: 0.295008
event: battery_consumption; timestamp: 437.455; robot: 3; time: 22.7068; initial_level: 37.0231; final_level: 34.7524
event: navigation; timestamp: 437.455; robot: 3; time: 22.7068; src: (-59, -97); dst: (0, 0)
event: recharge; timestamp: 460.162; robot: 3; recharging_station: 1; pos: (0, 0); level: 100
event: recharge; timestamp: 460.162; robot: 3; recharging_station: 1; pos: (0, 0); level: 100
event: robot_finished; timestamp: 460.162; robot: 3; pos: (0, 0); battery: 100
metric: available_agents; value: 0
metric: failed_agents; value: 2
metric: finished_agents; value: 2
metric: completed_tasks; value: 7
metric: pending_tasks; value: 1
metric: failed_tasks; value: 12
metric: average_robot_makespan; value: 409.15
metric: sd_robot_makespan; value: 87.5424
metric: max_robot_makespan; value: 460.162
metric: min_robot_makespan; value: 278.822
metric: average_robot_travel_distance; value: 1075.09
metric: sd_robot_travel_distance; value: 429.498
metric: max_robot_travel_distance; value: 1485.25
metric: min_robot_travel_distance; value: 479.883
metric: sum_robot_travel_distance; value: 4300.34
metric: average_completed_tasks_by_robot; value: 0
metric: sd_completed_tasks_by_robot; value: 0
metric: max_completed_tasks_by_robot; value: 0
metric: min_completed_tasks_by_robot; value: 0
metric: final_reward; value: 0.35
metric: computing_time; value: 29.7196
