info: solver_name; value: dec-mcts-v2
info: reward_function; value: reward00
info: replica; value: 1
info: filename; value: ../logs/prueba/scenario_10t_01_4r_dec-mcts-v2_reward00_001.log
info: scenario_name; value: scenario_10t_01_4r
info: scenario_name; value: scenario_10t_01_4r
info: number_of_tasks; value: 10
info: number_of_robots; value: 4
info: number_of_recharging_stations; value: 1
info: scenario_size; value: (200,200)
event: recharging_station_spawn; timestamp: 0; recharging_station: 1; pos: (0, 0)
event: task_spawn; timestamp: 0; task: 1; pos: (42, -79); earliest_start: 0; latest_start: 360; state: PENDING; required_workers: 3; success_prob: 0.7; max_attempts: 1
event: task_spawn; timestamp: 0; task: 2; pos: (65, 22); earliest_start: 0; latest_start: 270; state: PENDING; required_workers: 1; success_prob: 0.7; max_attempts: 1
event: task_spawn; timestamp: 0; task: 3; pos: (-56, 35); earliest_start: 0; latest_start: 540; state: PENDING; required_workers: 1; success_prob: 0.8; max_attempts: 1
event: task_spawn; timestamp: 0; task: 4; pos: (-100, -5); earliest_start: 0; latest_start: 540; state: PENDING; required_workers: 3; success_prob: 0.9; max_attempts: 1
event: task_spawn; timestamp: 0; task: 5; pos: (-4, 45); earliest_start: 0; latest_start: 810; state: PENDING; required_workers: 2; success_prob: 0.9; max_attempts: 1
event: task_spawn; timestamp: 0; task: 6; pos: (-41, -84); earliest_start: 0; latest_start: 1080; state: PENDING; required_workers: 3; success_prob: 0.9; max_attempts: 1
event: task_spawn; timestamp: 0; task: 7; pos: (-3, 2); earliest_start: 0; latest_start: 360; state: PENDING; required_workers: 1; success_prob: 0.7; max_attempts: 1
event: task_spawn; timestamp: 0; task: 8; pos: (-75, -89); earliest_start: 0; latest_start: 360; state: PENDING; required_workers: 1; success_prob: 0.6; max_attempts: 1
event: task_spawn; timestamp: 0; task: 9; pos: (-70, 96); earliest_start: 0; latest_start: 360; state: PENDING; required_workers: 3; success_prob: 0.8; max_attempts: 1
event: task_spawn; timestamp: 0; task: 10; pos: (-46, -4); earliest_start: 0; latest_start: 720; state: PENDING; required_workers: 3; success_prob: 0.5; max_attempts: 1
event: robot_spawn; timestamp: 0; robot: 1; pos: (0, 0); state: AVAILABLE; battery_level: 100; battery_capacity: 100; velocity: 5; battery_rate_nav: 0.1
event: robot_spawn; timestamp: 0; robot: 2; pos: (0, 0); state: AVAILABLE; battery_level: 100; battery_capacity: 100; velocity: 5; battery_rate_nav: 0.1
event: robot_spawn; timestamp: 0; robot: 3; pos: (0, 0); state: AVAILABLE; battery_level: 100; battery_capacity: 100; velocity: 5; battery_rate_nav: 0.1
event: robot_spawn; timestamp: 0; robot: 4; pos: (0, 0); state: AVAILABLE; battery_level: 100; battery_capacity: 100; velocity: 5; battery_rate_nav: 0.1
event: battery_consumption; timestamp: 0; robot: 1; time: 23.2775; initial_level: 100; final_level: 97.6723
event: navigation; timestamp: 0; robot: 1; time: 23.2775; src: (0, 0); dst: (-75, -89)
event: battery_consumption; timestamp: 0; robot: 3; time: 13.7244; initial_level: 100; final_level: 98.6276
event: navigation; timestamp: 0; robot: 3; time: 13.7244; src: (0, 0); dst: (65, 22)
event: battery_consumption; timestamp: 0; robot: 2; time: 17.8941; initial_level: 100; final_level: 98.2106
event: navigation; timestamp: 0; robot: 2; time: 17.8941; src: (0, 0); dst: (42, -79)
event: battery_consumption; timestamp: 1; robot: 4; time: 17.8941; initial_level: 100; final_level: 98.2106
event: navigation; timestamp: 1; robot: 4; time: 17.8941; src: (0, 0); dst: (42, -79)
event: task_execution; timestamp: 23.2775; task: 8; robot: 1; pos: (-75, -89); time: 0
event: battery_consumption; timestamp: 23.2775; robot: 1; time: 0; initial_level: 97.6723; final_level: 87.6723
event: task_resolution; timestamp: 23.2775; task: 8; pos: (-75, -89); status: FAILED; attempt: 1
event: battery_consumption; timestamp: 23.2775; robot: 1; time: 23.4853; initial_level: 87.6723; final_level: 85.3237
event: navigation; timestamp: 23.2775; robot: 1; time: 23.4853; src: (-75, -89); dst: (42, -79)
event: task_execution; timestamp: 46.7628; task: 1; robot: 1; pos: (42, -79); time: 0
event: battery_consumption; timestamp: 46.7628; robot: 1; time: 0; initial_level: 85.3237; final_level: 75.3237
event: task_execution; timestamp: 46.7628; task: 1; robot: 2; pos: (42, -79); time: 0
event: battery_consumption; timestamp: 46.7628; robot: 2; time: 0; initial_level: 98.2106; final_level: 88.2106
event: task_execution; timestamp: 46.7628; task: 1; robot: 4; pos: (42, -79); time: 0
event: battery_consumption; timestamp: 46.7628; robot: 4; time: 0; initial_level: 98.2106; final_level: 88.2106
event: task_resolution; timestamp: 46.7628; task: 1; pos: (42, -79); status: FAILED; attempt: 1
event: battery_consumption; timestamp: 46.7628; robot: 4; time: 32.025; initial_level: 88.2106; final_level: 85.0081
event: navigation; timestamp: 46.7628; robot: 4; time: 32.025; src: (42, -79); dst: (-100, -5)
event: battery_consumption; timestamp: 46.7628; robot: 1; time: 32.025; initial_level: 75.3237; final_level: 72.1212
event: navigation; timestamp: 46.7628; robot: 1; time: 32.025; src: (42, -79); dst: (-100, -5)
event: battery_consumption; timestamp: 46.7628; robot: 2; time: 30.0666; initial_level: 88.2106; final_level: 85.2039
event: navigation; timestamp: 46.7628; robot: 2; time: 30.0666; src: (42, -79); dst: (-56, 35)
event: task_execution; timestamp: 76.8294; task: 3; robot: 2; pos: (-56, 35); time: 0
event: battery_consumption; timestamp: 76.8294; robot: 2; time: 0; initial_level: 85.2039; final_level: 85.2039
event: task_resolution; timestamp: 76.8294; task: 3; pos: (-56, 35); status: COMPLETED; attempt: 1
event: battery_consumption; timestamp: 76.8294; robot: 2; time: 11.8929; initial_level: 85.2039; final_level: 84.0146
event: navigation; timestamp: 76.8294; robot: 2; time: 11.8929; src: (-56, 35); dst: (-100, -5)
event: task_execution; timestamp: 88.7222; task: 4; robot: 1; pos: (-100, -5); time: 0
event: battery_consumption; timestamp: 88.7222; robot: 1; time: 0; initial_level: 72.1212; final_level: 72.1212
event: task_execution; timestamp: 88.7222; task: 4; robot: 2; pos: (-100, -5); time: 0
event: battery_consumption; timestamp: 88.7222; robot: 2; time: 0; initial_level: 84.0146; final_level: 84.0146
event: task_execution; timestamp: 88.7222; task: 4; robot: 4; pos: (-100, -5); time: 0
event: battery_consumption; timestamp: 88.7222; robot: 4; time: 0; initial_level: 85.0081; final_level: 85.0081
event: task_resolution; timestamp: 88.7222; task: 4; pos: (-100, -5); status: COMPLETED; attempt: 1
event: battery_consumption; timestamp: 88.7222; robot: 1; time: 19.4504; initial_level: 72.1212; final_level: 70.1762
event: navigation; timestamp: 88.7222; robot: 1; time: 19.4504; src: (-100, -5); dst: (-3, 2)
event: battery_consumption; timestamp: 89.7222; robot: 2; time: 19.72; initial_level: 84.0146; final_level: 82.0426
event: navigation; timestamp: 89.7222; robot: 2; time: 19.72; src: (-100, -5); dst: (-41, -84)
event: battery_consumption; timestamp: 90.7222; robot: 4; time: 21.6481; initial_level: 85.0081; final_level: 82.8433
event: navigation; timestamp: 90.7222; robot: 4; time: 21.6481; src: (-100, -5); dst: (-4, 45)
event: task_execution; timestamp: 13.7244; task: 2; robot: 3; pos: (65, 22); time: 98.6276
event: battery_consumption; timestamp: 13.7244; robot: 3; time: 98.6276; initial_level: 98.6276; final_level: 88.6276
event: task_resolution; timestamp: 112.352; task: 2; pos: (65, 22); status: FAILED; attempt: 1
event: battery_consumption; timestamp: 115.352; robot: 3; time: 14.5465; initial_level: 88.6276; final_level: 87.1729
event: navigation; timestamp: 115.352; robot: 3; time: 14.5465; src: (65, 22); dst: (-4, 45)
event: task_execution; timestamp: 108.173; task: 7; robot: 1; pos: (-3, 2); time: 62.3047
event: battery_consumption; timestamp: 108.173; robot: 1; time: 62.3047; initial_level: 70.1762; final_level: 7.87144
event: task_resolution; timestamp: 170.477; task: 7; pos: (-3, 2); status: COMPLETED; attempt: 1
event: battery_consumption; timestamp: 170.477; robot: 1; time: 18.8043; initial_level: 7.87144; final_level: 5.99101
event: navigation; timestamp: 170.477; robot: 1; time: 18.8043; src: (-3, 2); dst: (-41, -84)
event: task_execution; timestamp: 129.898; task: 5; robot: 3; pos: (-4, 45); time: 82.8433
event: battery_consumption; timestamp: 129.898; robot: 3; time: 82.8433; initial_level: 87.1729; final_level: 77.1729
event: task_execution; timestamp: 129.898; task: 5; robot: 4; pos: (-4, 45); time: 82.8433
event: battery_consumption; timestamp: 129.898; robot: 4; time: 82.8433; initial_level: 82.8433; final_level: 72.8433
event: task_resolution; timestamp: 212.742; task: 5; pos: (-4, 45); status: FAILED; attempt: 1
event: battery_consumption; timestamp: 212.742; robot: 4; time: 26.8403; initial_level: 72.8433; final_level: 70.1593
event: navigation; timestamp: 212.742; robot: 4; time: 26.8403; src: (-4, 45); dst: (-41, -84)
event: battery_consumption; timestamp: 213.742; robot: 3; time: 12.9074; initial_level: 77.1729; final_level: 75.8822
event: navigation; timestamp: 213.742; robot: 3; time: 12.9074; src: (-4, 45); dst: (-46, -4)
event: task_execution; timestamp: 239.582; task: 6; robot: 1; pos: (-41, -84); time: 0
event: battery_consumption; timestamp: 239.582; robot: 1; time: 0; initial_level: 5.99101; final_level: 5.99101
event: task_execution; timestamp: 239.582; task: 6; robot: 2; pos: (-41, -84); time: 0
event: battery_consumption; timestamp: 239.582; robot: 2; time: 0; initial_level: 82.0426; final_level: 82.0426
event: task_execution; timestamp: 239.582; task: 6; robot: 4; pos: (-41, -84); time: 0
event: battery_consumption; timestamp: 239.582; robot: 4; time: 0; initial_level: 70.1593; final_level: 70.1593
event: task_resolution; timestamp: 239.582; task: 6; pos: (-41, -84); status: COMPLETED; attempt: 1
event: battery_consumption; timestamp: 239.582; robot: 4; time: 16.0312; initial_level: 70.1593; final_level: 68.5561
event: navigation; timestamp: 239.582; robot: 4; time: 16.0312; src: (-41, -84); dst: (-46, -4)
event: battery_consumption; timestamp: 239.582; robot: 2; time: 16.0312; initial_level: 82.0426; final_level: 80.4395
event: navigation; timestamp: 239.582; robot: 2; time: 16.0312; src: (-41, -84); dst: (-46, -4)
event: battery_consumption; timestamp: 240.582; robot: 1; time: 18.6944; initial_level: 5.99101; final_level: 4.12157
event: navigation; timestamp: 240.582; robot: 1; time: 18.6944; src: (-41, -84); dst: (0, 0)
event: recharge; timestamp: 259.276; robot: 1; recharging_station: 1; pos: (0, 0); level: 100
event: task_execution; timestamp: 255.613; task: 10; robot: 2; pos: (-46, -4); time: 0
event: battery_consumption; timestamp: 255.613; robot: 2; time: 0; initial_level: 80.4395; final_level: 70.4395
event: task_execution; timestamp: 255.613; task: 10; robot: 3; pos: (-46, -4); time: 0
event: battery_consumption; timestamp: 255.613; robot: 3; time: 0; initial_level: 75.8822; final_level: 65.8822
event: task_execution; timestamp: 255.613; task: 10; robot: 4; pos: (-46, -4); time: 0
event: battery_consumption; timestamp: 255.613; robot: 4; time: 0; initial_level: 68.5561; final_level: 58.5561
event: task_resolution; timestamp: 255.613; task: 10; pos: (-46, -4); status: FAILED; attempt: 1
event: battery_consumption; timestamp: 255.613; robot: 3; time: 20.5679; initial_level: 65.8822; final_level: 63.8254
event: navigation; timestamp: 255.613; robot: 3; time: 20.5679; src: (-46, -4); dst: (-70, 96)
event: battery_consumption; timestamp: 255.613; robot: 4; time: 20.5679; initial_level: 58.5561; final_level: 56.4993
event: navigation; timestamp: 255.613; robot: 4; time: 20.5679; src: (-46, -4); dst: (-70, 96)
event: battery_consumption; timestamp: 255.613; robot: 2; time: 20.5679; initial_level: 70.4395; final_level: 68.3827
event: navigation; timestamp: 255.613; robot: 2; time: 20.5679; src: (-46, -4); dst: (-70, 96)
event: robot_finished; timestamp: 260.276; robot: 1; pos: (0, 0); battery: 100
event: task_execution; timestamp: 276.181; task: 9; robot: 2; pos: (-70, 96); time: 56.4993
event: battery_consumption; timestamp: 276.181; robot: 2; time: 56.4993; initial_level: 68.3827; final_level: 58.3827
event: task_execution; timestamp: 276.181; task: 9; robot: 3; pos: (-70, 96); time: 56.4993
event: battery_consumption; timestamp: 276.181; robot: 3; time: 56.4993; initial_level: 63.8254; final_level: 53.8254
event: task_execution; timestamp: 276.181; task: 9; robot: 4; pos: (-70, 96); time: 56.4993
event: battery_consumption; timestamp: 276.181; robot: 4; time: 56.4993; initial_level: 56.4993; final_level: 46.4993
event: task_resolution; timestamp: 332.681; task: 9; pos: (-70, 96); status: FAILED; attempt: 1
event: battery_consumption; timestamp: 332.681; robot: 4; time: 23.7622; initial_level: 46.4993; final_level: 44.1231
event: navigation; timestamp: 332.681; robot: 4; time: 23.7622; src: (-70, 96); dst: (0, 0)
event: robot_finished; timestamp: 356.443; robot: 4; pos: (0, 0); battery: 44.1231
event: battery_consumption; timestamp: 332.681; robot: 3; time: 23.7622; initial_level: 53.8254; final_level: 51.4492
event: navigation; timestamp: 332.681; robot: 3; time: 23.7622; src: (-70, 96); dst: (0, 0)
event: robot_finished; timestamp: 356.443; robot: 3; pos: (0, 0); battery: 51.4492
event: battery_consumption; timestamp: 332.681; robot: 2; time: 23.7622; initial_level: 58.3827; final_level: 56.0065
event: navigation; timestamp: 332.681; robot: 2; time: 23.7622; src: (-70, 96); dst: (0, 0)
event: robot_finished; timestamp: 356.443; robot: 2; pos: (0, 0); battery: 56.0065
metric: available_agents; value: 0
metric: failed_agents; value: 0
metric: finished_agents; value: 4
metric: completed_tasks; value: 4
metric: pending_tasks; value: 0
metric: failed_tasks; value: 6
metric: average_robot_makespan; value: 332.401
metric: sd_robot_makespan; value: 48.0831
metric: max_robot_makespan; value: 356.443
metric: min_robot_makespan; value: 260.276
metric: average_robot_travel_distance; value: 649.936
metric: sd_robot_travel_distance; value: 156.492
metric: max_robot_travel_distance; value: 793.844
metric: min_robot_travel_distance; value: 427.542
metric: sum_robot_travel_distance; value: 2599.74
metric: average_completed_tasks_by_robot; value: 0
metric: sd_completed_tasks_by_robot; value: 0
metric: max_completed_tasks_by_robot; value: 0
metric: min_completed_tasks_by_robot; value: 0
metric: final_reward; value: 0.4
metric: computing_time; value: 12.6345
