info: solver_name; value: dec-mcts-v1
info: reward_function; value: reward00
info: replica; value: 1
info: filename; value: ../logs/prueba/scenario_20t_04_5r_dec-mcts-v1_reward00_001.log
info: scenario_name; value: scenario_20t_04_5r
info: scenario_name; value: scenario_20t_04_5r
info: number_of_tasks; value: 20
info: number_of_robots; value: 5
info: number_of_recharging_stations; value: 1
info: scenario_size; value: (200,200)
event: recharging_station_spawn; timestamp: 0; recharging_station: 1; pos: (0, 0)
event: task_spawn; timestamp: 0; task: 1; pos: (-52, -99); earliest_start: 0; latest_start: 540; state: PENDING; required_workers: 3; success_prob: 0.8; max_attempts: 1
event: task_spawn; timestamp: 0; task: 2; pos: (55, -51); earliest_start: 0; latest_start: 1080; state: PENDING; required_workers: 1; success_prob: 0.6; max_attempts: 1
event: task_spawn; timestamp: 0; task: 3; pos: (-57, 19); earliest_start: 0; latest_start: 900; state: PENDING; required_workers: 1; success_prob: 0.5; max_attempts: 1
event: task_spawn; timestamp: 0; task: 4; pos: (22, -68); earliest_start: 0; latest_start: 900; state: PENDING; required_workers: 2; success_prob: 0.6; max_attempts: 1
event: task_spawn; timestamp: 0; task: 5; pos: (31, -68); earliest_start: 0; latest_start: 630; state: PENDING; required_workers: 1; success_prob: 0.8; max_attempts: 1
event: task_spawn; timestamp: 0; task: 6; pos: (35, -47); earliest_start: 0; latest_start: 630; state: PENDING; required_workers: 1; success_prob: 0.6; max_attempts: 1
event: task_spawn; timestamp: 0; task: 7; pos: (8, -59); earliest_start: 0; latest_start: 540; state: PENDING; required_workers: 2; success_prob: 0.7; max_attempts: 1
event: task_spawn; timestamp: 0; task: 8; pos: (-40, 22); earliest_start: 0; latest_start: 360; state: PENDING; required_workers: 3; success_prob: 0.6; max_attempts: 1
event: task_spawn; timestamp: 0; task: 9; pos: (-7, -59); earliest_start: 0; latest_start: 270; state: PENDING; required_workers: 3; success_prob: 0.7; max_attempts: 1
event: task_spawn; timestamp: 0; task: 10; pos: (-51, 96); earliest_start: 0; latest_start: 540; state: PENDING; required_workers: 3; success_prob: 0.7; max_attempts: 1
event: task_spawn; timestamp: 0; task: 11; pos: (-71, -34); earliest_start: 0; latest_start: 630; state: PENDING; required_workers: 1; success_prob: 0.6; max_attempts: 1
event: task_spawn; timestamp: 0; task: 12; pos: (24, 76); earliest_start: 0; latest_start: 270; state: PENDING; required_workers: 3; success_prob: 0.6; max_attempts: 1
event: task_spawn; timestamp: 0; task: 13; pos: (-46, 69); earliest_start: 0; latest_start: 360; state: PENDING; required_workers: 3; success_prob: 0.8; max_attempts: 1
event: task_spawn; timestamp: 0; task: 14; pos: (-94, -22); earliest_start: 0; latest_start: 270; state: PENDING; required_workers: 1; success_prob: 0.8; max_attempts: 1
event: task_spawn; timestamp: 0; task: 15; pos: (-30, -84); earliest_start: 0; latest_start: 630; state: PENDING; required_workers: 3; success_prob: 0.5; max_attempts: 1
event: task_spawn; timestamp: 0; task: 16; pos: (-16, 41); earliest_start: 0; latest_start: 450; state: PENDING; required_workers: 1; success_prob: 0.5; max_attempts: 1
event: task_spawn; timestamp: 0; task: 17; pos: (6, -93); earliest_start: 0; latest_start: 450; state: PENDING; required_workers: 3; success_prob: 0.6; max_attempts: 1
event: task_spawn; timestamp: 0; task: 18; pos: (-25, 92); earliest_start: 0; latest_start: 270; state: PENDING; required_workers: 3; success_prob: 0.8; max_attempts: 1
event: task_spawn; timestamp: 0; task: 19; pos: (55, 74); earliest_start: 0; latest_start: 630; state: PENDING; required_workers: 1; success_prob: 0.8; max_attempts: 1
event: task_spawn; timestamp: 0; task: 20; pos: (-14, -78); earliest_start: 0; latest_start: 270; state: PENDING; required_workers: 2; success_prob: 0.6; max_attempts: 1
event: robot_spawn; timestamp: 0; robot: 1; pos: (0, 0); state: AVAILABLE; battery_level: 100; battery_capacity: 100; velocity: 5; battery_rate_nav: 0.1
event: robot_spawn; timestamp: 0; robot: 2; pos: (0, 0); state: AVAILABLE; battery_level: 100; battery_capacity: 100; velocity: 5; battery_rate_nav: 0.1
event: robot_spawn; timestamp: 0; robot: 3; pos: (0, 0); state: AVAILABLE; battery_level: 100; battery_capacity: 100; velocity: 5; battery_rate_nav: 0.1
event: robot_spawn; timestamp: 0; robot: 4; pos: (0, 0); state: AVAILABLE; battery_level: 100; battery_capacity: 100; velocity: 5; battery_rate_nav: 0.1
event: robot_spawn; timestamp: 0; robot: 5; pos: (0, 0); state: AVAILABLE; battery_level: 100; battery_capacity: 100; velocity: 5; battery_rate_nav: 0.1
event: battery_consumption; timestamp: 0; robot: 2; time: 19.308; initial_level: 100; final_level: 98.0692
event: navigation; timestamp: 0; robot: 2; time: 19.308; src: (0, 0); dst: (-94, -22)
event: battery_consumption; timestamp: 0; robot: 5; time: 22.3652; initial_level: 100; final_level: 97.7635
event: navigation; timestamp: 0; robot: 5; time: 22.3652; src: (0, 0); dst: (-52, -99)
event: battery_consumption; timestamp: 0; robot: 4; time: 22.3652; initial_level: 100; final_level: 97.7635
event: navigation; timestamp: 0; robot: 4; time: 22.3652; src: (0, 0); dst: (-52, -99)
event: battery_consumption; timestamp: 1; robot: 1; time: 22.3652; initial_level: 100; final_level: 97.7635
event: navigation; timestamp: 1; robot: 1; time: 22.3652; src: (0, 0); dst: (-52, -99)
event: battery_consumption; timestamp: 1; robot: 3; time: 14.2941; initial_level: 100; final_level: 98.5706
event: navigation; timestamp: 1; robot: 3; time: 14.2941; src: (0, 0); dst: (22, -68)
event: task_execution; timestamp: 19.308; task: 14; robot: 2; pos: (-94, -22); time: 0
event: battery_consumption; timestamp: 19.308; robot: 2; time: 0; initial_level: 98.0692; final_level: 88.0692
event: task_resolution; timestamp: 19.308; task: 14; pos: (-94, -22); status: FAILED; attempt: 1
event: battery_consumption; timestamp: 19.308; robot: 2; time: 19.308; initial_level: 88.0692; final_level: 86.1384
event: navigation; timestamp: 19.308; robot: 2; time: 19.308; src: (-94, -22); dst: (0, 0)
event: recharge; timestamp: 38.6161; robot: 2; recharging_station: 1; pos: (0, 0); level: 100
event: task_execution; timestamp: 23.3652; task: 1; robot: 1; pos: (-52, -99); time: 0
event: battery_consumption; timestamp: 23.3652; robot: 1; time: 0; initial_level: 97.7635; final_level: 97.7635
event: task_execution; timestamp: 23.3652; task: 1; robot: 4; pos: (-52, -99); time: 0
event: battery_consumption; timestamp: 23.3652; robot: 4; time: 0; initial_level: 97.7635; final_level: 97.7635
event: task_execution; timestamp: 23.3652; task: 1; robot: 5; pos: (-52, -99); time: 0
event: battery_consumption; timestamp: 23.3652; robot: 5; time: 0; initial_level: 97.7635; final_level: 97.7635
event: task_resolution; timestamp: 23.3652; task: 1; pos: (-52, -99); status: COMPLETED; attempt: 1
event: battery_consumption; timestamp: 23.3652; robot: 4; time: 17.72; initial_level: 97.7635; final_level: 95.9915
event: navigation; timestamp: 23.3652; robot: 4; time: 17.72; src: (-52, -99); dst: (31, -68)
event: battery_consumption; timestamp: 23.3652; robot: 5; time: 12.0416; initial_level: 97.7635; final_level: 96.5593
event: navigation; timestamp: 23.3652; robot: 5; time: 12.0416; src: (-52, -99); dst: (-7, -59)
event: battery_consumption; timestamp: 23.3652; robot: 1; time: 28.9109; initial_level: 97.7635; final_level: 94.8724
event: navigation; timestamp: 23.3652; robot: 1; time: 28.9109; src: (-52, -99); dst: (-16, 41)
event: battery_consumption; timestamp: 38.6161; robot: 2; time: 14.2941; initial_level: 100; final_level: 98.5706
event: navigation; timestamp: 38.6161; robot: 2; time: 14.2941; src: (0, 0); dst: (22, -68)
event: task_execution; timestamp: 41.0852; task: 5; robot: 4; pos: (31, -68); time: 0
event: battery_consumption; timestamp: 41.0852; robot: 4; time: 0; initial_level: 95.9915; final_level: 85.9915
event: task_resolution; timestamp: 41.0852; task: 5; pos: (31, -68); status: FAILED; attempt: 1
event: battery_consumption; timestamp: 41.0852; robot: 4; time: 22.9268; initial_level: 85.9915; final_level: 83.6988
event: navigation; timestamp: 41.0852; robot: 4; time: 22.9268; src: (31, -68); dst: (-40, 22)
event: task_execution; timestamp: 52.9101; task: 4; robot: 2; pos: (22, -68); time: 0
event: battery_consumption; timestamp: 52.9101; robot: 2; time: 0; initial_level: 98.5706; final_level: 98.5706
event: task_execution; timestamp: 52.9101; task: 4; robot: 3; pos: (22, -68); time: 0
event: battery_consumption; timestamp: 52.9101; robot: 3; time: 0; initial_level: 98.5706; final_level: 98.5706
event: task_resolution; timestamp: 52.9101; task: 4; pos: (22, -68); status: COMPLETED; attempt: 1
event: battery_consumption; timestamp: 52.9101; robot: 2; time: 3.32866; initial_level: 98.5706; final_level: 98.2377
event: navigation; timestamp: 52.9101; robot: 2; time: 3.32866; src: (22, -68); dst: (8, -59)
event: battery_consumption; timestamp: 52.9101; robot: 3; time: 3.32866; initial_level: 98.5706; final_level: 98.2377
event: navigation; timestamp: 52.9101; robot: 3; time: 3.32866; src: (22, -68); dst: (8, -59)
event: task_execution; timestamp: 56.2388; task: 7; robot: 2; pos: (8, -59); time: 14.9682
event: battery_consumption; timestamp: 56.2388; robot: 2; time: 14.9682; initial_level: 98.2377; final_level: 83.2696
event: task_execution; timestamp: 56.2388; task: 7; robot: 3; pos: (8, -59); time: 14.9682
event: battery_consumption; timestamp: 56.2388; robot: 3; time: 14.9682; initial_level: 98.2377; final_level: 83.2696
event: task_resolution; timestamp: 71.2069; task: 7; pos: (8, -59); status: COMPLETED; attempt: 1
event: battery_consumption; timestamp: 71.2069; robot: 3; time: 5.90931; initial_level: 83.2696; final_level: 82.6786
event: navigation; timestamp: 71.2069; robot: 3; time: 5.90931; src: (8, -59); dst: (35, -47)
event: battery_consumption; timestamp: 71.2069; robot: 2; time: 3; initial_level: 83.2696; final_level: 82.9696
event: navigation; timestamp: 71.2069; robot: 2; time: 3; src: (8, -59); dst: (-7, -59)
event: task_execution; timestamp: 77.1162; task: 6; robot: 3; pos: (35, -47); time: 0
event: battery_consumption; timestamp: 77.1162; robot: 3; time: 0; initial_level: 82.6786; final_level: 72.6786
event: task_resolution; timestamp: 77.1162; task: 6; pos: (35, -47); status: FAILED; attempt: 1
event: battery_consumption; timestamp: 78.1162; robot: 3; time: 4.07922; initial_level: 72.6786; final_level: 72.2707
event: navigation; timestamp: 78.1162; robot: 3; time: 4.07922; src: (35, -47); dst: (55, -51)
event: task_execution; timestamp: 82.1955; task: 2; robot: 3; pos: (55, -51); time: 0
event: battery_consumption; timestamp: 82.1955; robot: 3; time: 0; initial_level: 72.2707; final_level: 72.2707
event: task_resolution; timestamp: 82.1955; task: 2; pos: (55, -51); status: COMPLETED; attempt: 1
event: battery_consumption; timestamp: 82.1955; robot: 3; time: 12.5028; initial_level: 72.2707; final_level: 71.0204
event: navigation; timestamp: 82.1955; robot: 3; time: 12.5028; src: (55, -51); dst: (-7, -59)
event: task_execution; timestamp: 94.6983; task: 9; robot: 2; pos: (-7, -59); time: 0
event: battery_consumption; timestamp: 94.6983; robot: 2; time: 0; initial_level: 82.9696; final_level: 82.9696
event: task_execution; timestamp: 94.6983; task: 9; robot: 3; pos: (-7, -59); time: 0
event: battery_consumption; timestamp: 94.6983; robot: 3; time: 0; initial_level: 71.0204; final_level: 71.0204
event: task_execution; timestamp: 94.6983; task: 9; robot: 5; pos: (-7, -59); time: 0
event: battery_consumption; timestamp: 94.6983; robot: 5; time: 0; initial_level: 96.5593; final_level: 96.5593
event: task_resolution; timestamp: 94.6983; task: 9; pos: (-7, -59); status: COMPLETED; attempt: 1
event: battery_consumption; timestamp: 94.6983; robot: 2; time: 17.4929; initial_level: 82.9696; final_level: 81.2203
event: navigation; timestamp: 94.6983; robot: 2; time: 17.4929; src: (-7, -59); dst: (-40, 22)
event: battery_consumption; timestamp: 94.6983; robot: 3; time: 4.04969; initial_level: 71.0204; final_level: 70.6155
event: navigation; timestamp: 94.6983; robot: 3; time: 4.04969; src: (-7, -59); dst: (-14, -78)
event: battery_consumption; timestamp: 97.6983; robot: 5; time: 17.4929; initial_level: 96.5593; final_level: 94.81
event: navigation; timestamp: 97.6983; robot: 5; time: 17.4929; src: (-7, -59); dst: (-40, 22)
event: task_execution; timestamp: 52.276; task: 16; robot: 1; pos: (-16, 41); time: 94.8724
event: battery_consumption; timestamp: 52.276; robot: 1; time: 94.8724; initial_level: 94.8724; final_level: 84.8724
event: task_resolution; timestamp: 147.148; task: 16; pos: (-16, 41); status: FAILED; attempt: 1
event: battery_consumption; timestamp: 147.148; robot: 1; time: 23.8034; initial_level: 84.8724; final_level: 82.4921
event: navigation; timestamp: 147.148; robot: 1; time: 23.8034; src: (-16, 41); dst: (-14, -78)
event: task_execution; timestamp: 170.952; task: 20; robot: 1; pos: (-14, -78); time: 0
event: battery_consumption; timestamp: 170.952; robot: 1; time: 0; initial_level: 82.4921; final_level: 72.4921
event: task_execution; timestamp: 170.952; task: 20; robot: 3; pos: (-14, -78); time: 0
event: battery_consumption; timestamp: 170.952; robot: 3; time: 0; initial_level: 70.6155; final_level: 60.6155
event: task_resolution; timestamp: 170.952; task: 20; pos: (-14, -78); status: FAILED; attempt: 1
event: battery_consumption; timestamp: 170.952; robot: 3; time: 35.5781; initial_level: 60.6155; final_level: 57.0577
event: navigation; timestamp: 170.952; robot: 3; time: 35.5781; src: (-14, -78); dst: (-51, 96)
event: battery_consumption; timestamp: 170.952; robot: 1; time: 15.8493; initial_level: 72.4921; final_level: 70.9071
event: navigation; timestamp: 170.952; robot: 1; time: 15.8493; src: (-14, -78); dst: (0, 0)
event: recharge; timestamp: 186.801; robot: 1; recharging_station: 1; pos: (0, 0); level: 100
event: task_execution; timestamp: 115.191; task: 8; robot: 2; pos: (-40, 22); time: 59.005
event: battery_consumption; timestamp: 115.191; robot: 2; time: 59.005; initial_level: 81.2203; final_level: 22.2153
event: task_execution; timestamp: 115.191; task: 8; robot: 4; pos: (-40, 22); time: 59.005
event: battery_consumption; timestamp: 115.191; robot: 4; time: 59.005; initial_level: 83.6988; final_level: 24.6938
event: task_execution; timestamp: 115.191; task: 8; robot: 5; pos: (-40, 22); time: 59.005
event: battery_consumption; timestamp: 115.191; robot: 5; time: 59.005; initial_level: 94.81; final_level: 35.8051
event: task_resolution; timestamp: 174.196; task: 8; pos: (-40, 22); status: COMPLETED; attempt: 1
event: battery_consumption; timestamp: 175.196; robot: 4; time: 12.8016; initial_level: 24.6938; final_level: 23.4137
event: navigation; timestamp: 175.196; robot: 4; time: 12.8016; src: (-40, 22); dst: (-71, -34)
event: battery_consumption; timestamp: 175.196; robot: 5; time: 3.45254; initial_level: 35.8051; final_level: 35.4598
event: navigation; timestamp: 175.196; robot: 5; time: 3.45254; src: (-40, 22); dst: (-57, 19)
event: battery_consumption; timestamp: 176.196; robot: 2; time: 9.13017; initial_level: 22.2153; final_level: 21.3023
event: navigation; timestamp: 176.196; robot: 2; time: 9.13017; src: (-40, 22); dst: (0, 0)
event: recharge; timestamp: 185.326; robot: 2; recharging_station: 1; pos: (0, 0); level: 100
event: battery_consumption; timestamp: 185.326; robot: 2; time: 18.4402; initial_level: 100; final_level: 98.156
event: navigation; timestamp: 185.326; robot: 2; time: 18.4402; src: (0, 0); dst: (55, 74)
event: battery_consumption; timestamp: 186.801; robot: 1; time: 15.9399; initial_level: 100; final_level: 98.406
event: navigation; timestamp: 186.801; robot: 1; time: 15.9399; src: (0, 0); dst: (24, 76)
event: task_execution; timestamp: 187.998; task: 11; robot: 4; pos: (-71, -34); time: 0
event: battery_consumption; timestamp: 187.998; robot: 4; time: 0; initial_level: 23.4137; final_level: 23.4137
event: task_resolution; timestamp: 187.998; task: 11; pos: (-71, -34); status: COMPLETED; attempt: 1
event: battery_consumption; timestamp: 187.998; robot: 4; time: 15.7442; initial_level: 23.4137; final_level: 21.8392
event: navigation; timestamp: 187.998; robot: 4; time: 15.7442; src: (-71, -34); dst: (0, 0)
event: recharge; timestamp: 203.742; robot: 4; recharging_station: 1; pos: (0, 0); level: 100
event: battery_consumption; timestamp: 203.742; robot: 4; time: 15.9399; initial_level: 100; final_level: 98.406
event: navigation; timestamp: 203.742; robot: 4; time: 15.9399; src: (0, 0); dst: (24, 76)
event: task_execution; timestamp: 178.649; task: 3; robot: 5; pos: (-57, 19); time: 35.4598
event: battery_consumption; timestamp: 178.649; robot: 5; time: 35.4598; initial_level: 35.4598; final_level: 25.4598
event: task_resolution; timestamp: 214.108; task: 3; pos: (-57, 19); status: FAILED; attempt: 1
event: battery_consumption; timestamp: 214.108; robot: 5; time: 12.0167; initial_level: 25.4598; final_level: 24.2581
event: navigation; timestamp: 214.108; robot: 5; time: 12.0167; src: (-57, 19); dst: (0, 0)
event: recharge; timestamp: 226.125; robot: 5; recharging_station: 1; pos: (0, 0); level: 100
event: battery_consumption; timestamp: 226.125; robot: 5; time: 15.9399; initial_level: 100; final_level: 98.406
event: navigation; timestamp: 226.125; robot: 5; time: 15.9399; src: (0, 0); dst: (24, 76)
event: task_execution; timestamp: 242.065; task: 12; robot: 1; pos: (24, 76); time: 0
event: battery_consumption; timestamp: 242.065; robot: 1; time: 0; initial_level: 98.406; final_level: 88.406
event: task_execution; timestamp: 242.065; task: 12; robot: 4; pos: (24, 76); time: 0
event: battery_consumption; timestamp: 242.065; robot: 4; time: 0; initial_level: 98.406; final_level: 88.406
event: task_execution; timestamp: 242.065; task: 12; robot: 5; pos: (24, 76); time: 0
event: battery_consumption; timestamp: 242.065; robot: 5; time: 0; initial_level: 98.406; final_level: 88.406
event: task_resolution; timestamp: 242.065; task: 12; pos: (24, 76); status: FAILED; attempt: 1
event: battery_consumption; timestamp: 242.065; robot: 1; time: 15.5242; initial_level: 88.406; final_level: 86.8536
event: navigation; timestamp: 242.065; robot: 1; time: 15.5242; src: (24, 76); dst: (-51, 96)
event: battery_consumption; timestamp: 242.065; robot: 5; time: 10.3092; initial_level: 88.406; final_level: 87.3751
event: navigation; timestamp: 242.065; robot: 5; time: 10.3092; src: (24, 76); dst: (-25, 92)
event: battery_consumption; timestamp: 242.065; robot: 4; time: 14.0698; initial_level: 88.406; final_level: 86.999
event: navigation; timestamp: 242.065; robot: 4; time: 14.0698; src: (24, 76); dst: (-46, 69)
event: task_execution; timestamp: 203.766; task: 19; robot: 2; pos: (55, 74); time: 55.7733
event: battery_consumption; timestamp: 203.766; robot: 2; time: 55.7733; initial_level: 98.156; final_level: 42.3826
event: task_resolution; timestamp: 259.54; task: 19; pos: (55, 74); status: COMPLETED; attempt: 1
event: battery_consumption; timestamp: 260.54; robot: 2; time: 21.6518; initial_level: 42.3826; final_level: 40.2175
event: navigation; timestamp: 260.54; robot: 2; time: 21.6518; src: (55, 74); dst: (-51, 96)
event: battery_consumption; timestamp: 270; robot: 5; time: 6.22896; initial_level: 87.3751; final_level: 86.7522
event: navigation; timestamp: 270; robot: 5; time: 6.22896; src: (-25, 92); dst: (-46, 69)
event: task_execution; timestamp: 282.192; task: 10; robot: 1; pos: (-51, 96); time: 7.80055
event: battery_consumption; timestamp: 282.192; robot: 1; time: 7.80055; initial_level: 86.8536; final_level: 79.053
event: task_execution; timestamp: 282.192; task: 10; robot: 2; pos: (-51, 96); time: 7.80055
event: battery_consumption; timestamp: 282.192; robot: 2; time: 7.80055; initial_level: 40.2175; final_level: 32.4169
event: task_execution; timestamp: 282.192; task: 10; robot: 3; pos: (-51, 96); time: 7.80055
event: battery_consumption; timestamp: 282.192; robot: 3; time: 7.80055; initial_level: 57.0577; final_level: 49.2571
event: task_resolution; timestamp: 289.992; task: 10; pos: (-51, 96); status: COMPLETED; attempt: 1
event: battery_consumption; timestamp: 289.992; robot: 1; time: 5.49181; initial_level: 79.053; final_level: 78.5039
event: navigation; timestamp: 289.992; robot: 1; time: 5.49181; src: (-51, 96); dst: (-46, 69)
event: battery_consumption; timestamp: 290.992; robot: 3; time: 36.2442; initial_level: 49.2571; final_level: 45.6327
event: navigation; timestamp: 290.992; robot: 3; time: 36.2442; src: (-51, 96); dst: (-30, -84)
event: battery_consumption; timestamp: 290.992; robot: 2; time: 21.7412; initial_level: 32.4169; final_level: 30.2428
event: navigation; timestamp: 290.992; robot: 2; time: 21.7412; src: (-51, 96); dst: (0, 0)
event: recharge; timestamp: 312.733; robot: 2; recharging_station: 1; pos: (0, 0); level: 100
event: task_execution; timestamp: 295.484; task: 13; robot: 1; pos: (-46, 69); time: 0
event: battery_consumption; timestamp: 295.484; robot: 1; time: 0; initial_level: 78.5039; final_level: 68.5039
event: task_execution; timestamp: 295.484; task: 13; robot: 4; pos: (-46, 69); time: 0
event: battery_consumption; timestamp: 295.484; robot: 4; time: 0; initial_level: 86.999; final_level: 76.999
event: task_execution; timestamp: 295.484; task: 13; robot: 5; pos: (-46, 69); time: 0
event: battery_consumption; timestamp: 295.484; robot: 5; time: 0; initial_level: 86.7522; final_level: 76.7522
event: task_resolution; timestamp: 295.484; task: 13; pos: (-46, 69); status: FAILED; attempt: 1
event: battery_consumption; timestamp: 295.484; robot: 4; time: 34.0282; initial_level: 76.999; final_level: 73.5962
event: navigation; timestamp: 295.484; robot: 4; time: 34.0282; src: (-46, 69); dst: (6, -93)
event: battery_consumption; timestamp: 295.484; robot: 1; time: 30.7669; initial_level: 68.5039; final_level: 65.4272
event: navigation; timestamp: 295.484; robot: 1; time: 30.7669; src: (-46, 69); dst: (-30, -84)
event: battery_consumption; timestamp: 295.484; robot: 5; time: 34.0282; initial_level: 76.7522; final_level: 73.3494
event: navigation; timestamp: 295.484; robot: 5; time: 34.0282; src: (-46, 69); dst: (6, -93)
event: battery_consumption; timestamp: 312.733; robot: 2; time: 18.6387; initial_level: 100; final_level: 98.1361
event: navigation; timestamp: 312.733; robot: 2; time: 18.6387; src: (0, 0); dst: (6, -93)
event: task_execution; timestamp: 331.372; task: 17; robot: 2; pos: (6, -93); time: 73.3494
event: battery_consumption; timestamp: 331.372; robot: 2; time: 73.3494; initial_level: 98.1361; final_level: 88.1361
event: task_execution; timestamp: 331.372; task: 17; robot: 4; pos: (6, -93); time: 73.3494
event: battery_consumption; timestamp: 331.372; robot: 4; time: 73.3494; initial_level: 73.5962; final_level: 63.5962
event: task_execution; timestamp: 331.372; task: 17; robot: 5; pos: (6, -93); time: 73.3494
event: battery_consumption; timestamp: 331.372; robot: 5; time: 73.3494; initial_level: 73.3494; final_level: 63.3494
event: task_resolution; timestamp: 404.721; task: 17; pos: (6, -93); status: FAILED; attempt: 1
event: battery_consumption; timestamp: 404.721; robot: 5; time: 18.6387; initial_level: 63.3494; final_level: 61.4855
event: navigation; timestamp: 404.721; robot: 5; time: 18.6387; src: (6, -93); dst: (0, 0)
event: recharge; timestamp: 423.36; robot: 5; recharging_station: 1; pos: (0, 0); level: 100
event: battery_consumption; timestamp: 404.721; robot: 2; time: 7.42159; initial_level: 88.1361; final_level: 87.394
event: navigation; timestamp: 404.721; robot: 2; time: 7.42159; src: (6, -93); dst: (-30, -84)
event: battery_consumption; timestamp: 404.721; robot: 4; time: 18.6387; initial_level: 63.5962; final_level: 61.7323
event: navigation; timestamp: 404.721; robot: 4; time: 18.6387; src: (6, -93); dst: (0, 0)
event: recharge; timestamp: 423.36; robot: 4; recharging_station: 1; pos: (0, 0); level: 100
event: task_execution; timestamp: 412.143; task: 15; robot: 1; pos: (-30, -84); time: 0
event: battery_consumption; timestamp: 412.143; robot: 1; time: 0; initial_level: 65.4272; final_level: 55.4272
event: task_execution; timestamp: 412.143; task: 15; robot: 2; pos: (-30, -84); time: 0
event: battery_consumption; timestamp: 412.143; robot: 2; time: 0; initial_level: 87.394; final_level: 77.394
event: task_execution; timestamp: 412.143; task: 15; robot: 3; pos: (-30, -84); time: 0
event: battery_consumption; timestamp: 412.143; robot: 3; time: 0; initial_level: 45.6327; final_level: 35.6327
event: task_resolution; timestamp: 412.143; task: 15; pos: (-30, -84); status: FAILED; attempt: 1
event: battery_consumption; timestamp: 412.143; robot: 2; time: 17.8393; initial_level: 77.394; final_level: 75.61
event: navigation; timestamp: 412.143; robot: 2; time: 17.8393; src: (-30, -84); dst: (0, 0)
event: robot_finished; timestamp: 429.982; robot: 2; pos: (0, 0); battery: 75.61
event: battery_consumption; timestamp: 412.143; robot: 3; time: 17.8393; initial_level: 35.6327; final_level: 33.8488
event: navigation; timestamp: 412.143; robot: 3; time: 17.8393; src: (-30, -84); dst: (0, 0)
event: recharge; timestamp: 429.982; robot: 3; recharging_station: 1; pos: (0, 0); level: 100
event: battery_consumption; timestamp: 413.143; robot: 1; time: 17.8393; initial_level: 55.4272; final_level: 53.6432
event: navigation; timestamp: 413.143; robot: 1; time: 17.8393; src: (-30, -84); dst: (0, 0)
event: robot_finished; timestamp: 430.982; robot: 1; pos: (0, 0); battery: 53.6432
event: robot_finished; timestamp: 423.36; robot: 4; pos: (0, 0); battery: 100
event: robot_finished; timestamp: 424.36; robot: 5; pos: (0, 0); battery: 100
event: robot_finished; timestamp: 429.982; robot: 3; pos: (0, 0); battery: 100
metric: available_agents; value: 0
metric: failed_agents; value: 0
metric: finished_agents; value: 5
metric: completed_tasks; value: 9
metric: pending_tasks; value: 0
metric: failed_tasks; value: 11
metric: average_robot_makespan; value: 427.733
metric: sd_robot_makespan; value: 3.57685
metric: max_robot_makespan; value: 430.982
metric: min_robot_makespan; value: 423.36
metric: average_robot_travel_distance; value: 828.659
metric: sd_robot_travel_distance; value: 113.183
metric: max_robot_travel_distance; value: 957.973
metric: min_robot_travel_distance; value: 669.126
metric: sum_robot_travel_distance; value: 4143.29
metric: average_completed_tasks_by_robot; value: 0
metric: sd_completed_tasks_by_robot; value: 0
metric: max_completed_tasks_by_robot; value: 0
metric: min_completed_tasks_by_robot; value: 0
metric: final_reward; value: 0.45
metric: computing_time; value: 48.2149
