info: solver_name; value: dec-mcts-v2
info: reward_function; value: reward00
info: replica; value: 1
info: filename; value: ../logs/prueba/scenario_15t_02_4r_dec-mcts-v2_reward00_001.log
info: scenario_name; value: scenario_15t_02_4r
info: scenario_name; value: scenario_15t_02_4r
info: number_of_tasks; value: 15
info: number_of_robots; value: 4
info: number_of_recharging_stations; value: 1
info: scenario_size; value: (200,200)
event: recharging_station_spawn; timestamp: 0; recharging_station: 1; pos: (0, 0)
event: task_spawn; timestamp: 0; task: 1; pos: (-10, -63); earliest_start: 0; latest_start: 720; state: PENDING; required_workers: 2; success_prob: 0.6; max_attempts: 1
event: task_spawn; timestamp: 0; task: 2; pos: (-32, -27); earliest_start: 0; latest_start: 450; state: PENDING; required_workers: 3; success_prob: 0.6; max_attempts: 1
event: task_spawn; timestamp: 0; task: 3; pos: (61, -97); earliest_start: 0; latest_start: 810; state: PENDING; required_workers: 1; success_prob: 0.7; max_attempts: 1
event: task_spawn; timestamp: 0; task: 4; pos: (-68, -82); earliest_start: 0; latest_start: 720; state: PENDING; required_workers: 1; success_prob: 0.8; max_attempts: 1
event: task_spawn; timestamp: 0; task: 5; pos: (-65, 76); earliest_start: 0; latest_start: 540; state: PENDING; required_workers: 1; success_prob: 0.6; max_attempts: 1
event: task_spawn; timestamp: 0; task: 6; pos: (-98, -65); earliest_start: 0; latest_start: 630; state: PENDING; required_workers: 3; success_prob: 0.6; max_attempts: 1
event: task_spawn; timestamp: 0; task: 7; pos: (-46, -61); earliest_start: 0; latest_start: 450; state: PENDING; required_workers: 2; success_prob: 0.7; max_attempts: 1
event: task_spawn; timestamp: 0; task: 8; pos: (24, 94); earliest_start: 0; latest_start: 810; state: PENDING; required_workers: 1; success_prob: 0.5; max_attempts: 1
event: task_spawn; timestamp: 0; task: 9; pos: (58, 49); earliest_start: 0; latest_start: 450; state: PENDING; required_workers: 3; success_prob: 0.9; max_attempts: 1
event: task_spawn; timestamp: 0; task: 10; pos: (-62, -76); earliest_start: 0; latest_start: 540; state: PENDING; required_workers: 1; success_prob: 0.9; max_attempts: 1
event: task_spawn; timestamp: 0; task: 11; pos: (40, -87); earliest_start: 0; latest_start: 720; state: PENDING; required_workers: 3; success_prob: 0.6; max_attempts: 1
event: task_spawn; timestamp: 0; task: 12; pos: (-48, 92); earliest_start: 0; latest_start: 450; state: PENDING; required_workers: 3; success_prob: 0.7; max_attempts: 1
event: task_spawn; timestamp: 0; task: 13; pos: (68, 42); earliest_start: 0; latest_start: 540; state: PENDING; required_workers: 2; success_prob: 0.7; max_attempts: 1
event: task_spawn; timestamp: 0; task: 14; pos: (-61, 72); earliest_start: 0; latest_start: 900; state: PENDING; required_workers: 3; success_prob: 0.9; max_attempts: 1
event: task_spawn; timestamp: 0; task: 15; pos: (-72, -84); earliest_start: 0; latest_start: 360; state: PENDING; required_workers: 2; success_prob: 0.7; max_attempts: 1
event: robot_spawn; timestamp: 0; robot: 1; pos: (0, 0); state: AVAILABLE; battery_level: 100; battery_capacity: 100; velocity: 5; battery_rate_nav: 0.1
event: robot_spawn; timestamp: 0; robot: 2; pos: (0, 0); state: AVAILABLE; battery_level: 100; battery_capacity: 100; velocity: 5; battery_rate_nav: 0.1
event: robot_spawn; timestamp: 0; robot: 3; pos: (0, 0); state: AVAILABLE; battery_level: 100; battery_capacity: 100; velocity: 5; battery_rate_nav: 0.1
event: robot_spawn; timestamp: 0; robot: 4; pos: (0, 0); state: AVAILABLE; battery_level: 100; battery_capacity: 100; velocity: 5; battery_rate_nav: 0.1
event: battery_consumption; timestamp: 0; robot: 1; time: 20.001; initial_level: 100; final_level: 97.9999
event: navigation; timestamp: 0; robot: 1; time: 20.001; src: (0, 0); dst: (-65, 76)
event: battery_consumption; timestamp: 0; robot: 4; time: 12.7577; initial_level: 100; final_level: 98.7242
event: navigation; timestamp: 0; robot: 4; time: 12.7577; src: (0, 0); dst: (-10, -63)
event: battery_consumption; timestamp: 1; robot: 3; time: 15.2801; initial_level: 100; final_level: 98.472
event: navigation; timestamp: 1; robot: 3; time: 15.2801; src: (0, 0); dst: (-46, -61)
event: battery_consumption; timestamp: 1; robot: 2; time: 12.7577; initial_level: 100; final_level: 98.7242
event: navigation; timestamp: 1; robot: 2; time: 12.7577; src: (0, 0); dst: (-10, -63)
event: task_execution; timestamp: 20.001; task: 5; robot: 1; pos: (-65, 76); time: 0
event: battery_consumption; timestamp: 20.001; robot: 1; time: 0; initial_level: 97.9999; final_level: 87.9999
event: task_resolution; timestamp: 20.001; task: 5; pos: (-65, 76); status: FAILED; attempt: 1
event: battery_consumption; timestamp: 20.001; robot: 1; time: 27.6622; initial_level: 87.9999; final_level: 85.2337
event: navigation; timestamp: 20.001; robot: 1; time: 27.6622; src: (-65, 76); dst: (-46, -61)
event: task_execution; timestamp: 13.7577; task: 1; robot: 2; pos: (-10, -63); time: 32.7423
event: battery_consumption; timestamp: 13.7577; robot: 2; time: 32.7423; initial_level: 98.7242; final_level: 65.9819
event: task_execution; timestamp: 13.7577; task: 1; robot: 4; pos: (-10, -63); time: 32.7423
event: battery_consumption; timestamp: 13.7577; robot: 4; time: 32.7423; initial_level: 98.7242; final_level: 65.9819
event: task_resolution; timestamp: 46.5001; task: 1; pos: (-10, -63); status: COMPLETED; attempt: 1
event: battery_consumption; timestamp: 46.5001; robot: 4; time: 13.092; initial_level: 65.9819; final_level: 64.6727
event: navigation; timestamp: 46.5001; robot: 4; time: 13.092; src: (-10, -63); dst: (-72, -84)
event: battery_consumption; timestamp: 47.5001; robot: 2; time: 32.1279; initial_level: 65.9819; final_level: 62.7691
event: navigation; timestamp: 47.5001; robot: 2; time: 32.1279; src: (-10, -63); dst: (24, 94)
event: task_execution; timestamp: 47.6632; task: 7; robot: 1; pos: (-46, -61); time: 0
event: battery_consumption; timestamp: 47.6632; robot: 1; time: 0; initial_level: 85.2337; final_level: 85.2337
event: task_execution; timestamp: 47.6632; task: 7; robot: 3; pos: (-46, -61); time: 0
event: battery_consumption; timestamp: 47.6632; robot: 3; time: 0; initial_level: 98.472; final_level: 98.472
event: task_resolution; timestamp: 47.6632; task: 7; pos: (-46, -61); status: COMPLETED; attempt: 1
event: battery_consumption; timestamp: 47.6632; robot: 3; time: 7.35391; initial_level: 98.472; final_level: 97.7366
event: navigation; timestamp: 47.6632; robot: 3; time: 7.35391; src: (-46, -61); dst: (-32, -27)
event: battery_consumption; timestamp: 47.6632; robot: 1; time: 6.94262; initial_level: 85.2337; final_level: 84.5394
event: navigation; timestamp: 47.6632; robot: 1; time: 6.94262; src: (-46, -61); dst: (-72, -84)
event: task_execution; timestamp: 59.5921; task: 15; robot: 1; pos: (-72, -84); time: 0
event: battery_consumption; timestamp: 59.5921; robot: 1; time: 0; initial_level: 84.5394; final_level: 84.5394
event: task_execution; timestamp: 59.5921; task: 15; robot: 4; pos: (-72, -84); time: 0
event: battery_consumption; timestamp: 59.5921; robot: 4; time: 0; initial_level: 64.6727; final_level: 64.6727
event: task_resolution; timestamp: 59.5921; task: 15; pos: (-72, -84); status: COMPLETED; attempt: 1
event: battery_consumption; timestamp: 59.5921; robot: 1; time: 6.4405; initial_level: 84.5394; final_level: 83.8954
event: navigation; timestamp: 59.5921; robot: 1; time: 6.4405; src: (-72, -84); dst: (-98, -65)
event: battery_consumption; timestamp: 59.5921; robot: 4; time: 2.56125; initial_level: 64.6727; final_level: 64.4166
event: navigation; timestamp: 59.5921; robot: 4; time: 2.56125; src: (-72, -84); dst: (-62, -76)
event: task_execution; timestamp: 62.1533; task: 10; robot: 4; pos: (-62, -76); time: 0
event: battery_consumption; timestamp: 62.1533; robot: 4; time: 0; initial_level: 64.4166; final_level: 64.4166
event: task_resolution; timestamp: 62.1533; task: 10; pos: (-62, -76); status: COMPLETED; attempt: 1
event: battery_consumption; timestamp: 62.1533; robot: 4; time: 11.4909; initial_level: 64.4166; final_level: 63.2675
event: navigation; timestamp: 62.1533; robot: 4; time: 11.4909; src: (-62, -76); dst: (-32, -27)
event: task_execution; timestamp: 79.6279; task: 8; robot: 2; pos: (24, 94); time: 0
event: battery_consumption; timestamp: 79.6279; robot: 2; time: 0; initial_level: 62.7691; final_level: 52.7691
event: task_resolution; timestamp: 79.6279; task: 8; pos: (24, 94); status: FAILED; attempt: 1
event: battery_consumption; timestamp: 79.6279; robot: 2; time: 26.6661; initial_level: 52.7691; final_level: 50.1025
event: navigation; timestamp: 79.6279; robot: 2; time: 26.6661; src: (24, 94); dst: (-32, -27)
event: task_execution; timestamp: 106.294; task: 2; robot: 2; pos: (-32, -27); time: 0
event: battery_consumption; timestamp: 106.294; robot: 2; time: 0; initial_level: 50.1025; final_level: 40.1025
event: task_execution; timestamp: 106.294; task: 2; robot: 3; pos: (-32, -27); time: 0
event: battery_consumption; timestamp: 106.294; robot: 3; time: 0; initial_level: 97.7366; final_level: 87.7366
event: task_execution; timestamp: 106.294; task: 2; robot: 4; pos: (-32, -27); time: 0
event: battery_consumption; timestamp: 106.294; robot: 4; time: 0; initial_level: 63.2675; final_level: 53.2675
event: task_resolution; timestamp: 106.294; task: 2; pos: (-32, -27); status: FAILED; attempt: 1
event: battery_consumption; timestamp: 106.294; robot: 3; time: 15.2315; initial_level: 87.7366; final_level: 86.2134
event: navigation; timestamp: 106.294; robot: 3; time: 15.2315; src: (-32, -27); dst: (-98, -65)
event: battery_consumption; timestamp: 106.294; robot: 2; time: 15.2315; initial_level: 40.1025; final_level: 38.5793
event: navigation; timestamp: 106.294; robot: 2; time: 15.2315; src: (-32, -27); dst: (-98, -65)
event: battery_consumption; timestamp: 107.294; robot: 4; time: 18.7446; initial_level: 53.2675; final_level: 51.393
event: navigation; timestamp: 107.294; robot: 4; time: 18.7446; src: (-32, -27); dst: (40, -87)
event: task_execution; timestamp: 121.526; task: 6; robot: 1; pos: (-98, -65); time: 0
event: battery_consumption; timestamp: 121.526; robot: 1; time: 0; initial_level: 83.8954; final_level: 73.8954
event: task_execution; timestamp: 121.526; task: 6; robot: 2; pos: (-98, -65); time: 0
event: battery_consumption; timestamp: 121.526; robot: 2; time: 0; initial_level: 38.5793; final_level: 28.5793
event: task_execution; timestamp: 121.526; task: 6; robot: 3; pos: (-98, -65); time: 0
event: battery_consumption; timestamp: 121.526; robot: 3; time: 0; initial_level: 86.2134; final_level: 76.2134
event: task_resolution; timestamp: 121.526; task: 6; pos: (-98, -65); status: FAILED; attempt: 1
event: battery_consumption; timestamp: 121.526; robot: 3; time: 27.9485; initial_level: 76.2134; final_level: 73.4186
event: navigation; timestamp: 121.526; robot: 3; time: 27.9485; src: (-98, -65); dst: (40, -87)
event: battery_consumption; timestamp: 121.526; robot: 1; time: 27.9485; initial_level: 73.8954; final_level: 71.1005
event: navigation; timestamp: 121.526; robot: 1; time: 27.9485; src: (-98, -65); dst: (40, -87)
event: battery_consumption; timestamp: 122.526; robot: 2; time: 39.4994; initial_level: 28.5793; final_level: 24.6294
event: navigation; timestamp: 122.526; robot: 2; time: 39.4994; src: (-98, -65); dst: (68, 42)
event: task_execution; timestamp: 149.474; task: 11; robot: 1; pos: (40, -87); time: 0
event: battery_consumption; timestamp: 149.474; robot: 1; time: 0; initial_level: 71.1005; final_level: 61.1005
event: task_execution; timestamp: 149.474; task: 11; robot: 3; pos: (40, -87); time: 0
event: battery_consumption; timestamp: 149.474; robot: 3; time: 0; initial_level: 73.4186; final_level: 63.4186
event: task_execution; timestamp: 149.474; task: 11; robot: 4; pos: (40, -87); time: 0
event: battery_consumption; timestamp: 149.474; robot: 4; time: 0; initial_level: 51.393; final_level: 41.393
event: task_resolution; timestamp: 149.474; task: 11; pos: (40, -87); status: FAILED; attempt: 1
event: battery_consumption; timestamp: 149.474; robot: 3; time: 27.4372; initial_level: 63.4186; final_level: 60.6749
event: navigation; timestamp: 149.474; robot: 3; time: 27.4372; src: (40, -87); dst: (58, 49)
event: battery_consumption; timestamp: 149.474; robot: 4; time: 27.4372; initial_level: 41.393; final_level: 38.6493
event: navigation; timestamp: 149.474; robot: 4; time: 27.4372; src: (40, -87); dst: (58, 49)
event: battery_consumption; timestamp: 149.474; robot: 1; time: 27.4372; initial_level: 61.1005; final_level: 58.3568
event: navigation; timestamp: 149.474; robot: 1; time: 27.4372; src: (40, -87); dst: (58, 49)
event: task_execution; timestamp: 176.911; task: 9; robot: 1; pos: (58, 49); time: 0
event: battery_consumption; timestamp: 176.911; robot: 1; time: 0; initial_level: 58.3568; final_level: 58.3568
event: task_execution; timestamp: 176.911; task: 9; robot: 3; pos: (58, 49); time: 0
event: battery_consumption; timestamp: 176.911; robot: 3; time: 0; initial_level: 60.6749; final_level: 60.6749
event: task_execution; timestamp: 176.911; task: 9; robot: 4; pos: (58, 49); time: 0
event: battery_consumption; timestamp: 176.911; robot: 4; time: 0; initial_level: 38.6493; final_level: 38.6493
event: task_resolution; timestamp: 176.911; task: 9; pos: (58, 49); status: COMPLETED; attempt: 1
event: battery_consumption; timestamp: 176.911; robot: 3; time: 2.44131; initial_level: 60.6749; final_level: 60.4307
event: navigation; timestamp: 176.911; robot: 3; time: 2.44131; src: (58, 49); dst: (68, 42)
event: battery_consumption; timestamp: 176.911; robot: 1; time: 22.8779; initial_level: 58.3568; final_level: 56.069
event: navigation; timestamp: 176.911; robot: 1; time: 22.8779; src: (58, 49); dst: (-48, 92)
event: battery_consumption; timestamp: 176.911; robot: 4; time: 22.8779; initial_level: 38.6493; final_level: 36.3615
event: navigation; timestamp: 176.911; robot: 4; time: 22.8779; src: (58, 49); dst: (-48, 92)
event: task_execution; timestamp: 179.353; task: 13; robot: 2; pos: (68, 42); time: 24.6294
event: battery_consumption; timestamp: 179.353; robot: 2; time: 24.6294; initial_level: 24.6294; final_level: 14.6294
event: task_execution; timestamp: 179.353; task: 13; robot: 3; pos: (68, 42); time: 24.6294
event: battery_consumption; timestamp: 179.353; robot: 3; time: 24.6294; initial_level: 60.4307; final_level: 50.4307
event: task_resolution; timestamp: 203.982; task: 13; pos: (68, 42); status: FAILED; attempt: 1
event: battery_consumption; timestamp: 203.982; robot: 3; time: 25.2634; initial_level: 50.4307; final_level: 47.9044
event: navigation; timestamp: 203.982; robot: 3; time: 25.2634; src: (68, 42); dst: (-48, 92)
event: battery_consumption; timestamp: 205.982; robot: 2; time: 36.8087; initial_level: 14.6294; final_level: 10.9485
event: navigation; timestamp: 205.982; robot: 2; time: 36.8087; src: (68, 42); dst: (-68, -82)
event: task_execution; timestamp: 242.791; task: 4; robot: 2; pos: (-68, -82); time: 0
event: battery_consumption; timestamp: 242.791; robot: 2; time: 0; initial_level: 10.9485; final_level: 10.9485
event: task_resolution; timestamp: 242.791; task: 4; pos: (-68, -82); status: COMPLETED; attempt: 1
event: battery_consumption; timestamp: 242.791; robot: 2; time: 25.9738; initial_level: 10.9485; final_level: 8.35115
event: navigation; timestamp: 242.791; robot: 2; time: 25.9738; src: (-68, -82); dst: (61, -97)
event: task_execution; timestamp: 229.245; task: 12; robot: 1; pos: (-48, 92); time: 36.3615
event: battery_consumption; timestamp: 229.245; robot: 1; time: 36.3615; initial_level: 56.069; final_level: 46.069
event: task_execution; timestamp: 229.245; task: 12; robot: 3; pos: (-48, 92); time: 36.3615
event: battery_consumption; timestamp: 229.245; robot: 3; time: 36.3615; initial_level: 47.9044; final_level: 37.9044
event: task_execution; timestamp: 229.245; task: 12; robot: 4; pos: (-48, 92); time: 36.3615
event: battery_consumption; timestamp: 229.245; robot: 4; time: 36.3615; initial_level: 36.3615; final_level: 26.3615
event: task_resolution; timestamp: 265.607; task: 12; pos: (-48, 92); status: FAILED; attempt: 1
event: battery_consumption; timestamp: 265.607; robot: 1; time: 4.77074; initial_level: 46.069; final_level: 45.5919
event: navigation; timestamp: 265.607; robot: 1; time: 4.77074; src: (-48, 92); dst: (-61, 72)
event: battery_consumption; timestamp: 265.607; robot: 4; time: 4.77074; initial_level: 26.3615; final_level: 25.8844
event: navigation; timestamp: 265.607; robot: 4; time: 4.77074; src: (-48, 92); dst: (-61, 72)
event: battery_consumption; timestamp: 265.607; robot: 3; time: 4.77074; initial_level: 37.9044; final_level: 37.4273
event: navigation; timestamp: 265.607; robot: 3; time: 4.77074; src: (-48, 92); dst: (-61, 72)
event: task_execution; timestamp: 268.765; task: 3; robot: 2; pos: (61, -97); time: 0
event: battery_consumption; timestamp: 268.765; robot: 2; time: 0; initial_level: 8.35115; final_level: 8.35115
event: task_resolution; timestamp: 268.765; task: 3; pos: (61, -97); status: COMPLETED; attempt: 1
event: battery_consumption; timestamp: 268.765; robot: 2; time: 22.9172; initial_level: 8.35115; final_level: 6.05943
event: navigation; timestamp: 268.765; robot: 2; time: 22.9172; src: (61, -97); dst: (0, 0)
event: robot_finished; timestamp: 291.682; robot: 2; pos: (0, 0); battery: 6.05943
event: task_execution; timestamp: 270.378; task: 14; robot: 1; pos: (-61, 72); time: 0
event: battery_consumption; timestamp: 270.378; robot: 1; time: 0; initial_level: 45.5919; final_level: 45.5919
event: task_execution; timestamp: 270.378; task: 14; robot: 3; pos: (-61, 72); time: 0
event: battery_consumption; timestamp: 270.378; robot: 3; time: 0; initial_level: 37.4273; final_level: 37.4273
event: task_execution; timestamp: 270.378; task: 14; robot: 4; pos: (-61, 72); time: 0
event: battery_consumption; timestamp: 270.378; robot: 4; time: 0; initial_level: 25.8844; final_level: 25.8844
event: task_resolution; timestamp: 270.378; task: 14; pos: (-61, 72); status: COMPLETED; attempt: 1
event: battery_consumption; timestamp: 270.378; robot: 4; time: 18.8733; initial_level: 25.8844; final_level: 23.9971
event: navigation; timestamp: 270.378; robot: 4; time: 18.8733; src: (-61, 72); dst: (0, 0)
event: recharge; timestamp: 289.251; robot: 4; recharging_station: 1; pos: (0, 0); level: 100
event: battery_consumption; timestamp: 270.378; robot: 1; time: 18.8733; initial_level: 45.5919; final_level: 43.7046
event: navigation; timestamp: 270.378; robot: 1; time: 18.8733; src: (-61, 72); dst: (0, 0)
event: recharge; timestamp: 289.251; robot: 1; recharging_station: 1; pos: (0, 0); level: 100
event: battery_consumption; timestamp: 270.378; robot: 3; time: 18.8733; initial_level: 37.4273; final_level: 35.54
event: navigation; timestamp: 270.378; robot: 3; time: 18.8733; src: (-61, 72); dst: (0, 0)
event: robot_finished; timestamp: 289.251; robot: 3; pos: (0, 0); battery: 35.54
event: robot_finished; timestamp: 289.251; robot: 4; pos: (0, 0); battery: 100
event: robot_finished; timestamp: 289.251; robot: 1; pos: (0, 0); battery: 100
metric: available_agents; value: 0
metric: failed_agents; value: 0
metric: finished_agents; value: 4
metric: completed_tasks; value: 8
metric: pending_tasks; value: 0
metric: failed_tasks; value: 7
metric: average_robot_makespan; value: 289.859
metric: sd_robot_makespan; value: 1.21542
metric: max_robot_makespan; value: 291.682
metric: min_robot_makespan; value: 289.251
metric: average_robot_travel_distance; value: 815.177
metric: sd_robot_travel_distance; value: 174.682
metric: max_robot_travel_distance; value: 1059.91
metric: min_robot_travel_distance; value: 663.028
metric: sum_robot_travel_distance; value: 3260.71
metric: average_completed_tasks_by_robot; value: 0
metric: sd_completed_tasks_by_robot; value: 0
metric: max_completed_tasks_by_robot; value: 0
metric: min_completed_tasks_by_robot; value: 0
metric: final_reward; value: 0.533333
metric: computing_time; value: 22.6631
