info: solver_name; value: greedy
info: reward_function; value: reward00
info: replica; value: 1
info: filename; value: ../logs/prueba/scenario_15t_01_3r_greedy_reward00_001.log
info: scenario_name; value: scenario_15t_01_3r
info: scenario_name; value: scenario_15t_01_3r
info: number_of_tasks; value: 15
info: number_of_robots; value: 3
info: number_of_recharging_stations; value: 1
info: scenario_size; value: (200,200)
event: recharging_station_spawn; timestamp: 0; recharging_station: 1; pos: (0, 0)
event: task_spawn; timestamp: 0; task: 1; pos: (-93, -67); earliest_start: 0; latest_start: 270; state: PENDING; required_workers: 3; success_prob: 0.6; max_attempts: 1
event: task_spawn; timestamp: 0; task: 2; pos: (39, 78); earliest_start: 0; latest_start: 720; state: PENDING; required_workers: 3; success_prob: 0.9; max_attempts: 1
event: task_spawn; timestamp: 0; task: 3; pos: (17, -22); earliest_start: 0; latest_start: 720; state: PENDING; required_workers: 3; success_prob: 0.7; max_attempts: 1
event: task_spawn; timestamp: 0; task: 4; pos: (-72, -12); earliest_start: 0; latest_start: 450; state: PENDING; required_workers: 1; success_prob: 0.8; max_attempts: 1
event: task_spawn; timestamp: 0; task: 5; pos: (-35, -34); earliest_start: 0; latest_start: 540; state: PENDING; required_workers: 3; success_prob: 0.6; max_attempts: 1
event: task_spawn; timestamp: 0; task: 6; pos: (-69, 72); earliest_start: 0; latest_start: 900; state: PENDING; required_workers: 2; success_prob: 0.9; max_attempts: 1
event: task_spawn; timestamp: 0; task: 7; pos: (25, -100); earliest_start: 0; latest_start: 450; state: PENDING; required_workers: 3; success_prob: 0.6; max_attempts: 1
event: task_spawn; timestamp: 0; task: 8; pos: (84, 59); earliest_start: 0; latest_start: 360; state: PENDING; required_workers: 2; success_prob: 0.7; max_attempts: 1
event: task_spawn; timestamp: 0; task: 9; pos: (93, -19); earliest_start: 0; latest_start: 450; state: PENDING; required_workers: 2; success_prob: 0.5; max_attempts: 1
event: task_spawn; timestamp: 0; task: 10; pos: (-24, 66); earliest_start: 0; latest_start: 630; state: PENDING; required_workers: 2; success_prob: 0.6; max_attempts: 1
event: task_spawn; timestamp: 0; task: 11; pos: (-35, -89); earliest_start: 0; latest_start: 1080; state: PENDING; required_workers: 2; success_prob: 0.7; max_attempts: 1
event: task_spawn; timestamp: 0; task: 12; pos: (-98, 71); earliest_start: 0; latest_start: 540; state: PENDING; required_workers: 3; success_prob: 0.6; max_attempts: 1
event: task_spawn; timestamp: 0; task: 13; pos: (-99, 84); earliest_start: 0; latest_start: 360; state: PENDING; required_workers: 2; success_prob: 0.6; max_attempts: 1
event: task_spawn; timestamp: 0; task: 14; pos: (-23, -23); earliest_start: 0; latest_start: 630; state: PENDING; required_workers: 1; success_prob: 0.7; max_attempts: 1
event: task_spawn; timestamp: 0; task: 15; pos: (68, 11); earliest_start: 0; latest_start: 630; state: PENDING; required_workers: 1; success_prob: 0.6; max_attempts: 1
event: robot_spawn; timestamp: 0; robot: 1; pos: (0, 0); state: AVAILABLE; battery_level: 100; battery_capacity: 100; velocity: 5; battery_rate_nav: 0.1
event: robot_spawn; timestamp: 0; robot: 2; pos: (0, 0); state: AVAILABLE; battery_level: 100; battery_capacity: 100; velocity: 5; battery_rate_nav: 0.1
event: robot_spawn; timestamp: 0; robot: 3; pos: (0, 0); state: AVAILABLE; battery_level: 100; battery_capacity: 100; velocity: 5; battery_rate_nav: 0.1
event: battery_consumption; timestamp: 0; robot: 2; time: 5.56058; initial_level: 100; final_level: 99.4439
event: navigation; timestamp: 0; robot: 2; time: 5.56058; src: (0, 0); dst: (17, -22)
event: battery_consumption; timestamp: 0; robot: 1; time: 5.56058; initial_level: 100; final_level: 99.4439
event: navigation; timestamp: 0; robot: 1; time: 5.56058; src: (0, 0); dst: (17, -22)
event: battery_consumption; timestamp: 0; robot: 3; time: 5.56058; initial_level: 100; final_level: 99.4439
event: navigation; timestamp: 0; robot: 3; time: 5.56058; src: (0, 0); dst: (17, -22)
event: task_execution; timestamp: 5.56058; task: 3; robot: 1; pos: (17, -22); time: 34.7286
event: battery_consumption; timestamp: 5.56058; robot: 1; time: 34.7286; initial_level: 99.4439; final_level: 64.7153
event: task_execution; timestamp: 5.56058; task: 3; robot: 2; pos: (17, -22); time: 34.7286
event: battery_consumption; timestamp: 5.56058; robot: 2; time: 34.7286; initial_level: 99.4439; final_level: 64.7153
event: task_execution; timestamp: 5.56058; task: 3; robot: 3; pos: (17, -22); time: 34.7286
event: battery_consumption; timestamp: 5.56058; robot: 3; time: 34.7286; initial_level: 99.4439; final_level: 64.7153
event: task_resolution; timestamp: 40.2892; task: 3; pos: (17, -22); status: COMPLETED; attempt: 1
event: battery_consumption; timestamp: 40.2892; robot: 3; time: 8.0025; initial_level: 64.7153; final_level: 63.9151
event: navigation; timestamp: 40.2892; robot: 3; time: 8.0025; src: (17, -22); dst: (-23, -23)
event: battery_consumption; timestamp: 40.2892; robot: 1; time: 10.6733; initial_level: 64.7153; final_level: 63.648
event: navigation; timestamp: 40.2892; robot: 1; time: 10.6733; src: (17, -22); dst: (-35, -34)
event: battery_consumption; timestamp: 40.2892; robot: 2; time: 10.6733; initial_level: 64.7153; final_level: 63.648
event: navigation; timestamp: 40.2892; robot: 2; time: 10.6733; src: (17, -22); dst: (-35, -34)
event: task_execution; timestamp: 48.2917; task: 14; robot: 3; pos: (-23, -23); time: 23.5889
event: battery_consumption; timestamp: 48.2917; robot: 3; time: 23.5889; initial_level: 63.9151; final_level: 40.3262
event: task_resolution; timestamp: 71.8806; task: 14; pos: (-23, -23); status: COMPLETED; attempt: 1
event: battery_consumption; timestamp: 71.8806; robot: 3; time: 3.25576; initial_level: 40.3262; final_level: 40.0006
event: navigation; timestamp: 71.8806; robot: 3; time: 3.25576; src: (-23, -23); dst: (-35, -34)
event: task_execution; timestamp: 75.1364; task: 5; robot: 1; pos: (-35, -34); time: 0
event: battery_consumption; timestamp: 75.1364; robot: 1; time: 0; initial_level: 63.648; final_level: 63.648
event: task_execution; timestamp: 75.1364; task: 5; robot: 2; pos: (-35, -34); time: 0
event: battery_consumption; timestamp: 75.1364; robot: 2; time: 0; initial_level: 63.648; final_level: 63.648
event: task_execution; timestamp: 75.1364; task: 5; robot: 3; pos: (-35, -34); time: 0
event: battery_consumption; timestamp: 75.1364; robot: 3; time: 0; initial_level: 40.0006; final_level: 40.0006
event: task_resolution; timestamp: 75.1364; task: 5; pos: (-35, -34); status: COMPLETED; attempt: 1
event: battery_consumption; timestamp: 75.1364; robot: 1; time: 8.6093; initial_level: 63.648; final_level: 62.7871
event: navigation; timestamp: 75.1364; robot: 1; time: 8.6093; src: (-35, -34); dst: (-72, -12)
event: battery_consumption; timestamp: 75.1364; robot: 3; time: 11; initial_level: 40.0006; final_level: 38.9006
event: navigation; timestamp: 75.1364; robot: 3; time: 11; src: (-35, -34); dst: (-35, -89)
event: battery_consumption; timestamp: 75.1364; robot: 2; time: 11; initial_level: 63.648; final_level: 62.548
event: navigation; timestamp: 75.1364; robot: 2; time: 11; src: (-35, -34); dst: (-35, -89)
event: task_execution; timestamp: 83.7457; task: 4; robot: 1; pos: (-72, -12); time: 0
event: battery_consumption; timestamp: 83.7457; robot: 1; time: 0; initial_level: 62.7871; final_level: 62.7871
event: task_resolution; timestamp: 83.7457; task: 4; pos: (-72, -12); status: COMPLETED; attempt: 1
event: battery_consumption; timestamp: 83.7457; robot: 1; time: 11.7745; initial_level: 62.7871; final_level: 61.6096
event: navigation; timestamp: 83.7457; robot: 1; time: 11.7745; src: (-72, -12); dst: (-93, -67)
event: task_execution; timestamp: 86.1364; task: 11; robot: 2; pos: (-35, -89); time: 38.9006
event: battery_consumption; timestamp: 86.1364; robot: 2; time: 38.9006; initial_level: 62.548; final_level: 52.548
event: task_execution; timestamp: 86.1364; task: 11; robot: 3; pos: (-35, -89); time: 38.9006
event: battery_consumption; timestamp: 86.1364; robot: 3; time: 38.9006; initial_level: 38.9006; final_level: 28.9006
event: task_resolution; timestamp: 125.037; task: 11; pos: (-35, -89); status: FAILED; attempt: 1
event: battery_consumption; timestamp: 125.037; robot: 3; time: 12.2; initial_level: 28.9006; final_level: 27.6806
event: navigation; timestamp: 125.037; robot: 3; time: 12.2; src: (-35, -89); dst: (25, -100)
event: battery_consumption; timestamp: 125.037; robot: 2; time: 12.2; initial_level: 52.548; final_level: 51.328
event: navigation; timestamp: 125.037; robot: 2; time: 12.2; src: (-35, -89); dst: (25, -100)
event: battery_consumption; timestamp: 270; robot: 1; time: 24.5055; initial_level: 61.6096; final_level: 59.1591
event: navigation; timestamp: 270; robot: 1; time: 24.5055; src: (-93, -67); dst: (25, -100)
event: task_execution; timestamp: 294.506; task: 7; robot: 1; pos: (25, -100); time: 27.6806
event: battery_consumption; timestamp: 294.506; robot: 1; time: 27.6806; initial_level: 59.1591; final_level: 49.1591
event: task_execution; timestamp: 294.506; task: 7; robot: 2; pos: (25, -100); time: 27.6806
event: battery_consumption; timestamp: 294.506; robot: 2; time: 27.6806; initial_level: 51.328; final_level: 41.328
event: task_execution; timestamp: 294.506; task: 7; robot: 3; pos: (25, -100); time: 27.6806
event: battery_consumption; timestamp: 294.506; robot: 3; time: 27.6806; initial_level: 27.6806; final_level: 17.6806
event: task_resolution; timestamp: 322.186; task: 7; pos: (25, -100); status: FAILED; attempt: 1
event: battery_consumption; timestamp: 322.186; robot: 2; time: 21.1518; initial_level: 41.328; final_level: 39.2128
event: navigation; timestamp: 322.186; robot: 2; time: 21.1518; src: (25, -100); dst: (93, -19)
event: battery_consumption; timestamp: 322.186; robot: 3; time: 21.1518; initial_level: 17.6806; final_level: 15.5654
event: navigation; timestamp: 322.186; robot: 3; time: 21.1518; src: (25, -100); dst: (93, -19)
event: battery_consumption; timestamp: 322.186; robot: 1; time: 23.8076; initial_level: 49.1591; final_level: 46.7783
event: navigation; timestamp: 322.186; robot: 1; time: 23.8076; src: (25, -100); dst: (68, 11)
event: task_execution; timestamp: 343.338; task: 9; robot: 2; pos: (93, -19); time: 0
event: battery_consumption; timestamp: 343.338; robot: 2; time: 0; initial_level: 39.2128; final_level: 29.2128
event: task_execution; timestamp: 343.338; task: 9; robot: 3; pos: (93, -19); time: 0
event: battery_consumption; timestamp: 343.338; robot: 3; time: 0; initial_level: 15.5654; final_level: 5.56539
event: task_resolution; timestamp: 343.338; task: 9; pos: (93, -19); status: FAILED; attempt: 1
event: battery_consumption; timestamp: 343.338; robot: 2; time: 15.7035; initial_level: 29.2128; final_level: 27.6425
event: navigation; timestamp: 343.338; robot: 2; time: 15.7035; src: (93, -19); dst: (84, 59)
event: battery_consumption; timestamp: 343.338; robot: 3; time: 15.7035; initial_level: 5.56539; final_level: 3.99504
event: navigation; timestamp: 343.338; robot: 3; time: 15.7035; src: (93, -19); dst: (84, 59)
event: task_execution; timestamp: 359.041; task: 8; robot: 2; pos: (84, 59); time: 0
event: battery_consumption; timestamp: 359.041; robot: 2; time: 0; initial_level: 27.6425; final_level: 27.6425
event: task_execution; timestamp: 359.041; task: 8; robot: 3; pos: (84, 59); time: 0
event: battery_consumption; timestamp: 359.041; robot: 3; time: 0; initial_level: 3.99504; final_level: 3.99504
event: task_resolution; timestamp: 359.041; task: 8; pos: (84, 59); status: COMPLETED; attempt: 1
event: battery_consumption; timestamp: 359.041; robot: 3; time: 9.76934; initial_level: 3.99504; final_level: 3.01811
event: navigation; timestamp: 359.041; robot: 3; time: 9.76934; src: (84, 59); dst: (39, 78)
event: battery_consumption; timestamp: 359.041; robot: 2; time: 9.76934; initial_level: 27.6425; final_level: 26.6655
event: navigation; timestamp: 359.041; robot: 2; time: 9.76934; src: (84, 59); dst: (39, 78)
event: task_execution; timestamp: 345.994; task: 15; robot: 1; pos: (68, 11); time: 46.7783
event: battery_consumption; timestamp: 345.994; robot: 1; time: 46.7783; initial_level: 46.7783; final_level: 36.7783
event: task_resolution; timestamp: 392.772; task: 15; pos: (68, 11); status: FAILED; attempt: 1
event: battery_consumption; timestamp: 392.772; robot: 1; time: 14.6014; initial_level: 36.7783; final_level: 35.3182
event: navigation; timestamp: 392.772; robot: 1; time: 14.6014; src: (68, 11); dst: (39, 78)
event: task_execution; timestamp: 407.373; task: 2; robot: 1; pos: (39, 78); time: 0
event: battery_consumption; timestamp: 407.373; robot: 1; time: 0; initial_level: 35.3182; final_level: 35.3182
event: task_execution; timestamp: 407.373; task: 2; robot: 2; pos: (39, 78); time: 0
event: battery_consumption; timestamp: 407.373; robot: 2; time: 0; initial_level: 26.6655; final_level: 26.6655
event: task_execution; timestamp: 407.373; task: 2; robot: 3; pos: (39, 78); time: 0
event: battery_consumption; timestamp: 407.373; robot: 3; time: 0; initial_level: 3.01811; final_level: 3.01811
event: task_resolution; timestamp: 407.373; task: 2; pos: (39, 78); status: COMPLETED; attempt: 1
event: battery_consumption; timestamp: 407.373; robot: 2; time: 12.8265; initial_level: 26.6655; final_level: 25.3829
event: navigation; timestamp: 407.373; robot: 2; time: 12.8265; src: (39, 78); dst: (-24, 66)
event: battery_consumption; timestamp: 407.373; robot: 1; time: 12.8265; initial_level: 35.3182; final_level: 34.0355
event: navigation; timestamp: 407.373; robot: 1; time: 12.8265; src: (39, 78); dst: (-24, 66)
event: battery_consumption; timestamp: 407.373; robot: 3; time: 21.6333; initial_level: 3.01811; final_level: 0.854776
event: navigation; timestamp: 407.373; robot: 3; time: 21.6333; src: (39, 78); dst: (-69, 72)
event: task_execution; timestamp: 420.2; task: 10; robot: 1; pos: (-24, 66); time: 0
event: battery_consumption; timestamp: 420.2; robot: 1; time: 0; initial_level: 34.0355; final_level: 34.0355
event: task_execution; timestamp: 420.2; task: 10; robot: 2; pos: (-24, 66); time: 0
event: battery_consumption; timestamp: 420.2; robot: 2; time: 0; initial_level: 25.3829; final_level: 25.3829
event: task_resolution; timestamp: 420.2; task: 10; pos: (-24, 66); status: COMPLETED; attempt: 1
event: battery_consumption; timestamp: 420.2; robot: 1; time: 9.07965; initial_level: 34.0355; final_level: 33.1275
event: navigation; timestamp: 420.2; robot: 1; time: 9.07965; src: (-24, 66); dst: (-69, 72)
event: battery_consumption; timestamp: 420.2; robot: 2; time: 14.8337; initial_level: 25.3829; final_level: 23.8995
event: navigation; timestamp: 420.2; robot: 2; time: 14.8337; src: (-24, 66); dst: (-98, 71)
event: task_execution; timestamp: 429.279; task: 6; robot: 1; pos: (-69, 72); time: 0.854776
event: battery_consumption; timestamp: 429.279; robot: 1; time: 0.854776; initial_level: 33.1275; final_level: 23.1275
event: task_execution; timestamp: 429.279; task: 6; robot: 3; pos: (-69, 72); time: 0.854776
event: battery_consumption; timestamp: 429.279; robot: 3; time: 0.854776; initial_level: 0.854776; final_level: -9.14522
event: robot_failed; timestamp: 430.134; robot: 3; pos: (-69, 72)
event: task_resolution; timestamp: 430.134; task: 6; pos: (-69, 72); status: FAILED; attempt: 1
event: battery_consumption; timestamp: 430.134; robot: 1; time: 5.80345; initial_level: 23.1275; final_level: 22.5472
event: navigation; timestamp: 430.134; robot: 1; time: 5.80345; src: (-69, 72); dst: (-98, 71)
event: battery_consumption; timestamp: 540; robot: 1; time: 24.2033; initial_level: 22.5472; final_level: 20.1269
event: navigation; timestamp: 540; robot: 1; time: 24.2033; src: (-98, 71); dst: (0, 0)
event: robot_finished; timestamp: 564.203; robot: 1; pos: (0, 0); battery: 20.1269
event: battery_consumption; timestamp: 540; robot: 2; time: 24.2033; initial_level: 23.8995; final_level: 21.4792
event: navigation; timestamp: 540; robot: 2; time: 24.2033; src: (-98, 71); dst: (0, 0)
event: robot_finished; timestamp: 564.203; robot: 2; pos: (0, 0); battery: 21.4792
metric: available_agents; value: 0
metric: failed_agents; value: 1
metric: finished_agents; value: 2
metric: completed_tasks; value: 7
metric: pending_tasks; value: 0
metric: failed_tasks; value: 8
metric: average_robot_makespan; value: 519.514
metric: sd_robot_makespan; value: 77.4048
metric: max_robot_makespan; value: 564.203
metric: min_robot_makespan; value: 430.134
metric: average_robot_travel_distance; value: 662.74
metric: sd_robot_travel_distance; value: 110.401
metric: max_robot_travel_distance; value: 757.226
metric: min_robot_travel_distance; value: 541.384
metric: sum_robot_travel_distance; value: 1988.22
metric: average_completed_tasks_by_robot; value: 0
metric: sd_completed_tasks_by_robot; value: 0
metric: max_completed_tasks_by_robot; value: 0
metric: min_completed_tasks_by_robot; value: 0
metric: final_reward; value: 0.466667
metric: computing_time; value: 0.00189053
