info: solver_name; value: cbba
info: reward_function; value: reward00
info: replica; value: 17
info: filename; value: ../logs/prueba/scenario_12_06_01_cbba_reward00_017.log
info: scenario_name; value: scenario_12_06_01
info: scenario_name; value: scenario_12_06_01
info: number_of_tasks; value: 12
info: number_of_robots; value: 6
info: number_of_recharging_stations; value: 1
info: scenario_size; value: (200,200)
event: recharging_station_spawn; timestamp: 0; recharging_station: 1; pos: (0, 0)
event: task_spawn; timestamp: 0; task: 1; pos: (-70.0709, -68.0831); earliest_start: 0; latest_start: 1080; state: PENDING; required_workers: 3; success_prob: 0.8; max_attempts: 1
event: task_spawn; timestamp: 0; task: 2; pos: (-17.4248, -96.1114); earliest_start: 0; latest_start: 810; state: PENDING; required_workers: 3; success_prob: 0.8; max_attempts: 1
event: task_spawn; timestamp: 0; task: 3; pos: (-29.5006, -24.1376); earliest_start: 0; latest_start: 1080; state: PENDING; required_workers: 2; success_prob: 0.8; max_attempts: 1
event: task_spawn; timestamp: 0; task: 4; pos: (6.58351, -36.5381); earliest_start: 0; latest_start: 540; state: PENDING; required_workers: 1; success_prob: 0.8; max_attempts: 1
event: task_spawn; timestamp: 0; task: 5; pos: (-46.7684, -52.5449); earliest_start: 0; latest_start: 540; state: PENDING; required_workers: 3; success_prob: 0.8; max_attempts: 1
event: task_spawn; timestamp: 0; task: 6; pos: (-87.1468, -93.4297); earliest_start: 0; latest_start: 810; state: PENDING; required_workers: 2; success_prob: 0.8; max_attempts: 1
event: task_spawn; timestamp: 0; task: 7; pos: (-74.758, -54.3258); earliest_start: 0; latest_start: 540; state: PENDING; required_workers: 2; success_prob: 0.8; max_attempts: 1
event: task_spawn; timestamp: 0; task: 8; pos: (-1.29451, 32.4663); earliest_start: 0; latest_start: 540; state: PENDING; required_workers: 2; success_prob: 0.8; max_attempts: 1
event: task_spawn; timestamp: 0; task: 9; pos: (60.5478, -15.9338); earliest_start: 0; latest_start: 1080; state: PENDING; required_workers: 1; success_prob: 0.8; max_attempts: 1
event: task_spawn; timestamp: 0; task: 10; pos: (56.8755, 43.1394); earliest_start: 0; latest_start: 810; state: PENDING; required_workers: 2; success_prob: 0.8; max_attempts: 1
event: task_spawn; timestamp: 0; task: 11; pos: (-24.173, 41.1999); earliest_start: 0; latest_start: 540; state: PENDING; required_workers: 2; success_prob: 0.8; max_attempts: 1
event: task_spawn; timestamp: 0; task: 12; pos: (72.2993, -29.315); earliest_start: 0; latest_start: 1080; state: PENDING; required_workers: 1; success_prob: 0.8; max_attempts: 1
event: robot_spawn; timestamp: 0; robot: 1; pos: (0, 0); state: AVAILABLE; battery_level: 100; battery_capacity: 100; velocity: 5; battery_rate_nav: 0.1
event: robot_spawn; timestamp: 0; robot: 2; pos: (0, 0); state: AVAILABLE; battery_level: 100; battery_capacity: 100; velocity: 5; battery_rate_nav: 0.1
event: robot_spawn; timestamp: 0; robot: 3; pos: (0, 0); state: AVAILABLE; battery_level: 100; battery_capacity: 100; velocity: 5; battery_rate_nav: 0.1
event: robot_spawn; timestamp: 0; robot: 4; pos: (0, 0); state: AVAILABLE; battery_level: 100; battery_capacity: 100; velocity: 5; battery_rate_nav: 0.1
event: robot_spawn; timestamp: 0; robot: 5; pos: (0, 0); state: AVAILABLE; battery_level: 100; battery_capacity: 100; velocity: 5; battery_rate_nav: 0.1
event: robot_spawn; timestamp: 0; robot: 6; pos: (0, 0); state: AVAILABLE; battery_level: 100; battery_capacity: 100; velocity: 5; battery_rate_nav: 0.1
event: battery_consumption; timestamp: 0; robot: 4; time: 6.49842; initial_level: 100; final_level: 99.3502
event: navigation; timestamp: 0; robot: 4; time: 6.49842; src: (0, 0); dst: (-1.29451, 32.4663)
event: battery_consumption; timestamp: 0; robot: 6; time: 6.49842; initial_level: 100; final_level: 99.3502
event: navigation; timestamp: 0; robot: 6; time: 6.49842; src: (0, 0); dst: (-1.29451, 32.4663)
event: battery_consumption; timestamp: 0; robot: 3; time: 7.4253; initial_level: 100; final_level: 99.2575
event: navigation; timestamp: 0; robot: 3; time: 7.4253; src: (0, 0); dst: (6.58351, -36.5381)
event: battery_consumption; timestamp: 0; robot: 1; time: 7.62341; initial_level: 100; final_level: 99.2377
event: navigation; timestamp: 0; robot: 1; time: 7.62341; src: (0, 0); dst: (-29.5006, -24.1376)
event: battery_consumption; timestamp: 0; robot: 2; time: 7.62341; initial_level: 100; final_level: 99.2377
event: navigation; timestamp: 0; robot: 2; time: 7.62341; src: (0, 0); dst: (-29.5006, -24.1376)
event: battery_consumption; timestamp: 0; robot: 5; time: 9.55357; initial_level: 100; final_level: 99.0446
event: navigation; timestamp: 0; robot: 5; time: 9.55357; src: (0, 0); dst: (-24.173, 41.1999)
event: task_execution; timestamp: 6.49842; task: 8; robot: 4; pos: (-1.29451, 32.4663); time: 0
event: battery_consumption; timestamp: 6.49842; robot: 4; time: 0; initial_level: 99.3502; final_level: 99.3502
event: task_execution; timestamp: 6.49842; task: 8; robot: 6; pos: (-1.29451, 32.4663); time: 0
event: battery_consumption; timestamp: 6.49842; robot: 6; time: 0; initial_level: 99.3502; final_level: 99.3502
event: task_resolution; timestamp: 6.49842; task: 8; pos: (-1.29451, 32.4663); status: COMPLETED; attempt: 1
event: battery_consumption; timestamp: 6.49842; robot: 4; time: 4.89776; initial_level: 99.3502; final_level: 98.8604
event: navigation; timestamp: 6.49842; robot: 4; time: 4.89776; src: (-1.29451, 32.4663); dst: (-24.173, 41.1999)
event: battery_consumption; timestamp: 6.49842; robot: 6; time: 11.8282; initial_level: 99.3502; final_level: 98.1673
event: navigation; timestamp: 6.49842; robot: 6; time: 11.8282; src: (-1.29451, 32.4663); dst: (56.8755, 43.1394)
event: task_execution; timestamp: 7.4253; task: 4; robot: 3; pos: (6.58351, -36.5381); time: 30.199
event: battery_consumption; timestamp: 7.4253; robot: 3; time: 30.199; initial_level: 99.2575; final_level: 69.0585
event: task_resolution; timestamp: 37.6243; task: 4; pos: (6.58351, -36.5381); status: COMPLETED; attempt: 1
event: battery_consumption; timestamp: 37.6243; robot: 3; time: 11.1403; initial_level: 69.0585; final_level: 67.9444
event: navigation; timestamp: 37.6243; robot: 3; time: 11.1403; src: (6.58351, -36.5381); dst: (-46.7684, -52.5449)
event: task_execution; timestamp: 7.62341; task: 3; robot: 1; pos: (-29.5006, -24.1376); time: 68.9149
event: battery_consumption; timestamp: 7.62341; robot: 1; time: 68.9149; initial_level: 99.2377; final_level: 30.3228
event: task_execution; timestamp: 7.62341; task: 3; robot: 2; pos: (-29.5006, -24.1376); time: 68.9149
event: battery_consumption; timestamp: 7.62341; robot: 2; time: 68.9149; initial_level: 99.2377; final_level: 30.3228
event: task_resolution; timestamp: 76.5383; task: 3; pos: (-29.5006, -24.1376); status: COMPLETED; attempt: 1
event: battery_consumption; timestamp: 76.5383; robot: 2; time: 6.64876; initial_level: 30.3228; final_level: 29.6579
event: navigation; timestamp: 76.5383; robot: 2; time: 6.64876; src: (-29.5006, -24.1376); dst: (-46.7684, -52.5449)
event: battery_consumption; timestamp: 76.5383; robot: 1; time: 6.64876; initial_level: 30.3228; final_level: 29.6579
event: navigation; timestamp: 76.5383; robot: 1; time: 6.64876; src: (-29.5006, -24.1376); dst: (-46.7684, -52.5449)
event: task_execution; timestamp: 83.1871; task: 5; robot: 1; pos: (-46.7684, -52.5449); time: 0
event: battery_consumption; timestamp: 83.1871; robot: 1; time: 0; initial_level: 29.6579; final_level: 29.6579
event: task_execution; timestamp: 83.1871; task: 5; robot: 2; pos: (-46.7684, -52.5449); time: 0
event: battery_consumption; timestamp: 83.1871; robot: 2; time: 0; initial_level: 29.6579; final_level: 29.6579
event: task_execution; timestamp: 83.1871; task: 5; robot: 3; pos: (-46.7684, -52.5449); time: 0
event: battery_consumption; timestamp: 83.1871; robot: 3; time: 0; initial_level: 67.9444; final_level: 67.9444
event: task_resolution; timestamp: 83.1871; task: 5; pos: (-46.7684, -52.5449); status: COMPLETED; attempt: 1
event: battery_consumption; timestamp: 83.1871; robot: 3; time: 5.60158; initial_level: 67.9444; final_level: 67.3843
event: navigation; timestamp: 83.1871; robot: 3; time: 5.60158; src: (-46.7684, -52.5449); dst: (-70.0709, -68.0831)
event: battery_consumption; timestamp: 83.1871; robot: 1; time: 5.60158; initial_level: 29.6579; final_level: 29.0977
event: navigation; timestamp: 83.1871; robot: 1; time: 5.60158; src: (-46.7684, -52.5449); dst: (-70.0709, -68.0831)
event: battery_consumption; timestamp: 83.1871; robot: 2; time: 5.60158; initial_level: 29.6579; final_level: 29.0977
event: navigation; timestamp: 83.1871; robot: 2; time: 5.60158; src: (-46.7684, -52.5449); dst: (-70.0709, -68.0831)
event: task_execution; timestamp: 11.3962; task: 11; robot: 4; pos: (-24.173, 41.1999); time: 75.7827
event: battery_consumption; timestamp: 11.3962; robot: 4; time: 75.7827; initial_level: 98.8604; final_level: 23.0777
event: task_execution; timestamp: 11.3962; task: 11; robot: 5; pos: (-24.173, 41.1999); time: 75.7827
event: battery_consumption; timestamp: 11.3962; robot: 5; time: 75.7827; initial_level: 99.0446; final_level: 23.2619
event: task_resolution; timestamp: 87.1789; task: 11; pos: (-24.173, 41.1999); status: COMPLETED; attempt: 1
event: battery_consumption; timestamp: 87.1789; robot: 4; time: 16.2143; initial_level: 23.0777; final_level: 21.4562
event: navigation; timestamp: 87.1789; robot: 4; time: 16.2143; src: (-24.173, 41.1999); dst: (56.8755, 43.1394)
event: battery_consumption; timestamp: 87.1789; robot: 5; time: 20.4371; initial_level: 23.2619; final_level: 21.2182
event: navigation; timestamp: 87.1789; robot: 5; time: 20.4371; src: (-24.173, 41.1999); dst: (60.5478, -15.9338)
event: task_execution; timestamp: 88.7887; task: 1; robot: 1; pos: (-70.0709, -68.0831); time: 0
event: battery_consumption; timestamp: 88.7887; robot: 1; time: 0; initial_level: 29.0977; final_level: 19.0977
event: task_execution; timestamp: 88.7887; task: 1; robot: 2; pos: (-70.0709, -68.0831); time: 0
event: battery_consumption; timestamp: 88.7887; robot: 2; time: 0; initial_level: 29.0977; final_level: 19.0977
event: task_execution; timestamp: 88.7887; task: 1; robot: 3; pos: (-70.0709, -68.0831); time: 0
event: battery_consumption; timestamp: 88.7887; robot: 3; time: 0; initial_level: 67.3843; final_level: 57.3843
event: task_resolution; timestamp: 88.7887; task: 1; pos: (-70.0709, -68.0831); status: FAILED; attempt: 1
event: battery_consumption; timestamp: 88.7887; robot: 2; time: 2.90677; initial_level: 19.0977; final_level: 18.807
event: navigation; timestamp: 88.7887; robot: 2; time: 2.90677; src: (-70.0709, -68.0831); dst: (-74.758, -54.3258)
event: battery_consumption; timestamp: 88.7887; robot: 1; time: 2.90677; initial_level: 19.0977; final_level: 18.807
event: navigation; timestamp: 88.7887; robot: 1; time: 2.90677; src: (-70.0709, -68.0831); dst: (-74.758, -54.3258)
event: battery_consumption; timestamp: 88.7887; robot: 3; time: 6.1124; initial_level: 57.3843; final_level: 56.773
event: navigation; timestamp: 88.7887; robot: 3; time: 6.1124; src: (-70.0709, -68.0831); dst: (-87.1468, -93.4297)
event: task_execution; timestamp: 103.393; task: 10; robot: 4; pos: (56.8755, 43.1394); time: 0
event: battery_consumption; timestamp: 103.393; robot: 4; time: 0; initial_level: 21.4562; final_level: 21.4562
event: task_execution; timestamp: 103.393; task: 10; robot: 6; pos: (56.8755, 43.1394); time: 0
event: battery_consumption; timestamp: 103.393; robot: 6; time: 0; initial_level: 98.1673; final_level: 98.1673
event: task_resolution; timestamp: 103.393; task: 10; pos: (56.8755, 43.1394); status: COMPLETED; attempt: 1
event: battery_consumption; timestamp: 103.393; robot: 6; time: 14.8156; initial_level: 98.1673; final_level: 96.6858
event: navigation; timestamp: 103.393; robot: 6; time: 14.8156; src: (56.8755, 43.1394); dst: (72.2993, -29.315)
event: battery_consumption; timestamp: 103.393; robot: 4; time: 31.5666; initial_level: 21.4562; final_level: 18.2996
event: navigation; timestamp: 103.393; robot: 4; time: 31.5666; src: (56.8755, 43.1394); dst: (-17.4248, -96.1114)
event: task_execution; timestamp: 107.616; task: 9; robot: 5; pos: (60.5478, -15.9338); time: 0
event: battery_consumption; timestamp: 107.616; robot: 5; time: 0; initial_level: 21.2182; final_level: 21.2182
event: task_resolution; timestamp: 107.616; task: 9; pos: (60.5478, -15.9338); status: COMPLETED; attempt: 1
event: battery_consumption; timestamp: 107.616; robot: 5; time: 22.368; initial_level: 21.2182; final_level: 18.9814
event: navigation; timestamp: 107.616; robot: 5; time: 22.368; src: (60.5478, -15.9338); dst: (-17.4248, -96.1114)
event: task_execution; timestamp: 91.6954; task: 7; robot: 1; pos: (-74.758, -54.3258); time: 18.807
event: battery_consumption; timestamp: 91.6954; robot: 1; time: 18.807; initial_level: 18.807; final_level: 8.80704
event: task_execution; timestamp: 91.6954; task: 7; robot: 2; pos: (-74.758, -54.3258); time: 18.807
event: battery_consumption; timestamp: 91.6954; robot: 2; time: 18.807; initial_level: 18.807; final_level: 8.80704
event: task_resolution; timestamp: 110.502; task: 7; pos: (-74.758, -54.3258); status: FAILED; attempt: 1
event: battery_consumption; timestamp: 110.502; robot: 2; time: 8.2039; initial_level: 8.80704; final_level: 7.98665
event: navigation; timestamp: 110.502; robot: 2; time: 8.2039; src: (-74.758, -54.3258); dst: (-87.1468, -93.4297)
event: battery_consumption; timestamp: 110.502; robot: 1; time: 14.1889; initial_level: 8.80704; final_level: 7.38815
event: navigation; timestamp: 110.502; robot: 1; time: 14.1889; src: (-74.758, -54.3258); dst: (-17.4248, -96.1114)
event: task_execution; timestamp: 118.209; task: 12; robot: 6; pos: (72.2993, -29.315); time: 0
event: battery_consumption; timestamp: 118.209; robot: 6; time: 0; initial_level: 96.6858; final_level: 86.6858
event: task_resolution; timestamp: 118.209; task: 12; pos: (72.2993, -29.315); status: FAILED; attempt: 1
event: battery_consumption; timestamp: 118.209; robot: 6; time: 15.6033; initial_level: 86.6858; final_level: 85.1255
event: navigation; timestamp: 118.209; robot: 6; time: 15.6033; src: (72.2993, -29.315); dst: (0, 0)
event: robot_finished; timestamp: 133.812; robot: 6; pos: (0, 0); battery: 85.1255
event: task_execution; timestamp: 118.706; task: 6; robot: 2; pos: (-87.1468, -93.4297); time: 0
event: battery_consumption; timestamp: 118.706; robot: 2; time: 0; initial_level: 7.98665; final_level: 7.98665
event: task_execution; timestamp: 118.706; task: 6; robot: 3; pos: (-87.1468, -93.4297); time: 0
event: battery_consumption; timestamp: 118.706; robot: 3; time: 0; initial_level: 56.773; final_level: 56.773
event: task_resolution; timestamp: 118.706; task: 6; pos: (-87.1468, -93.4297); status: COMPLETED; attempt: 1
event: battery_consumption; timestamp: 118.706; robot: 3; time: 25.5528; initial_level: 56.773; final_level: 54.2178
event: navigation; timestamp: 118.706; robot: 3; time: 25.5528; src: (-87.1468, -93.4297); dst: (0, 0)
event: robot_finished; timestamp: 144.259; robot: 3; pos: (0, 0); battery: 54.2178
event: battery_consumption; timestamp: 118.706; robot: 2; time: 25.5528; initial_level: 7.98665; final_level: 5.43137
event: navigation; timestamp: 118.706; robot: 2; time: 25.5528; src: (-87.1468, -93.4297); dst: (0, 0)
event: robot_finished; timestamp: 144.259; robot: 2; pos: (0, 0); battery: 5.43137
event: task_execution; timestamp: 134.96; task: 2; robot: 1; pos: (-17.4248, -96.1114); time: 0
event: battery_consumption; timestamp: 134.96; robot: 1; time: 0; initial_level: 7.38815; final_level: 7.38815
event: task_execution; timestamp: 134.96; task: 2; robot: 4; pos: (-17.4248, -96.1114); time: 0
event: battery_consumption; timestamp: 134.96; robot: 4; time: 0; initial_level: 18.2996; final_level: 18.2996
event: task_execution; timestamp: 134.96; task: 2; robot: 5; pos: (-17.4248, -96.1114); time: 0
event: battery_consumption; timestamp: 134.96; robot: 5; time: 0; initial_level: 18.9814; final_level: 18.9814
event: task_resolution; timestamp: 134.96; task: 2; pos: (-17.4248, -96.1114); status: COMPLETED; attempt: 1
event: battery_consumption; timestamp: 134.96; robot: 1; time: 19.5356; initial_level: 7.38815; final_level: 5.43459
event: navigation; timestamp: 134.96; robot: 1; time: 19.5356; src: (-17.4248, -96.1114); dst: (0, 0)
event: robot_finished; timestamp: 154.495; robot: 1; pos: (0, 0); battery: 5.43459
event: battery_consumption; timestamp: 134.96; robot: 4; time: 19.5356; initial_level: 18.2996; final_level: 16.346
event: navigation; timestamp: 134.96; robot: 4; time: 19.5356; src: (-17.4248, -96.1114); dst: (0, 0)
event: robot_finished; timestamp: 154.495; robot: 4; pos: (0, 0); battery: 16.346
event: battery_consumption; timestamp: 134.96; robot: 5; time: 19.5356; initial_level: 18.9814; final_level: 17.0279
event: navigation; timestamp: 134.96; robot: 5; time: 19.5356; src: (-17.4248, -96.1114); dst: (0, 0)
event: robot_finished; timestamp: 154.495; robot: 5; pos: (0, 0); battery: 17.0279
metric: available_agents; value: 0
metric: failed_agents; value: 0
metric: finished_agents; value: 6
metric: completed_tasks; value: 9
metric: pending_tasks; value: 0
metric: failed_tasks; value: 3
metric: average_robot_makespan; value: 147.636
metric: sd_robot_makespan; value: 8.42692
metric: max_robot_makespan; value: 154.495
metric: min_robot_makespan; value: 133.812
metric: average_robot_travel_distance; value: 306.856
metric: sd_robot_travel_distance; value: 56.9473
metric: max_robot_travel_distance; value: 393.564
metric: min_robot_travel_distance; value: 243.727
metric: sum_robot_travel_distance; value: 1841.14
metric: average_completed_tasks_by_robot; value: 0
metric: sd_completed_tasks_by_robot; value: 0
metric: max_completed_tasks_by_robot; value: 0
metric: min_completed_tasks_by_robot; value: 0
metric: final_reward; value: 0.75
metric: computing_time; value: 0.0137922
