info: solver_name; value: random
info: reward_function; value: reward00
info: replica; value: 24
info: filename; value: ../logs/prueba/scenario_12_06_01_random_reward00_024.log
info: scenario_name; value: scenario_12_06_01
info: scenario_name; value: scenario_12_06_01
info: number_of_tasks; value: 12
info: number_of_robots; value: 6
info: number_of_recharging_stations; value: 1
info: scenario_size; value: (200,200)
event: recharging_station_spawn; timestamp: 0; recharging_station: 1; pos: (0, 0)
event: task_spawn; timestamp: 0; task: 1; pos: (-70.0709, -68.0831); earliest_start: 0; latest_start: 1080; state: PENDING; required_workers: 3; success_prob: 0.8; max_attempts: 1
event: task_spawn; timestamp: 0; task: 2; pos: (-17.4248, -96.1114); earliest_start: 0; latest_start: 810; state: PENDING; required_workers: 3; success_prob: 0.8; max_attempts: 1
event: task_spawn; timestamp: 0; task: 3; pos: (-29.5006, -24.1376); earliest_start: 0; latest_start: 1080; state: PENDING; required_workers: 2; success_prob: 0.8; max_attempts: 1
event: task_spawn; timestamp: 0; task: 4; pos: (6.58351, -36.5381); earliest_start: 0; latest_start: 540; state: PENDING; required_workers: 1; success_prob: 0.8; max_attempts: 1
event: task_spawn; timestamp: 0; task: 5; pos: (-46.7684, -52.5449); earliest_start: 0; latest_start: 540; state: PENDING; required_workers: 3; success_prob: 0.8; max_attempts: 1
event: task_spawn; timestamp: 0; task: 6; pos: (-87.1468, -93.4297); earliest_start: 0; latest_start: 810; state: PENDING; required_workers: 2; success_prob: 0.8; max_attempts: 1
event: task_spawn; timestamp: 0; task: 7; pos: (-74.758, -54.3258); earliest_start: 0; latest_start: 540; state: PENDING; required_workers: 2; success_prob: 0.8; max_attempts: 1
event: task_spawn; timestamp: 0; task: 8; pos: (-1.29451, 32.4663); earliest_start: 0; latest_start: 540; state: PENDING; required_workers: 2; success_prob: 0.8; max_attempts: 1
event: task_spawn; timestamp: 0; task: 9; pos: (60.5478, -15.9338); earliest_start: 0; latest_start: 1080; state: PENDING; required_workers: 1; success_prob: 0.8; max_attempts: 1
event: task_spawn; timestamp: 0; task: 10; pos: (56.8755, 43.1394); earliest_start: 0; latest_start: 810; state: PENDING; required_workers: 2; success_prob: 0.8; max_attempts: 1
event: task_spawn; timestamp: 0; task: 11; pos: (-24.173, 41.1999); earliest_start: 0; latest_start: 540; state: PENDING; required_workers: 2; success_prob: 0.8; max_attempts: 1
event: task_spawn; timestamp: 0; task: 12; pos: (72.2993, -29.315); earliest_start: 0; latest_start: 1080; state: PENDING; required_workers: 1; success_prob: 0.8; max_attempts: 1
event: robot_spawn; timestamp: 0; robot: 1; pos: (0, 0); state: AVAILABLE; battery_level: 100; battery_capacity: 100; velocity: 5; battery_rate_nav: 0.1
event: robot_spawn; timestamp: 0; robot: 2; pos: (0, 0); state: AVAILABLE; battery_level: 100; battery_capacity: 100; velocity: 5; battery_rate_nav: 0.1
event: robot_spawn; timestamp: 0; robot: 3; pos: (0, 0); state: AVAILABLE; battery_level: 100; battery_capacity: 100; velocity: 5; battery_rate_nav: 0.1
event: robot_spawn; timestamp: 0; robot: 4; pos: (0, 0); state: AVAILABLE; battery_level: 100; battery_capacity: 100; velocity: 5; battery_rate_nav: 0.1
event: robot_spawn; timestamp: 0; robot: 5; pos: (0, 0); state: AVAILABLE; battery_level: 100; battery_capacity: 100; velocity: 5; battery_rate_nav: 0.1
event: robot_spawn; timestamp: 0; robot: 6; pos: (0, 0); state: AVAILABLE; battery_level: 100; battery_capacity: 100; velocity: 5; battery_rate_nav: 0.1
event: battery_consumption; timestamp: 0; robot: 2; time: 9.55357; initial_level: 100; final_level: 99.0446
event: navigation; timestamp: 0; robot: 2; time: 9.55357; src: (0, 0); dst: (-24.173, 41.1999)
event: battery_consumption; timestamp: 0; robot: 6; time: 7.62341; initial_level: 100; final_level: 99.2377
event: navigation; timestamp: 0; robot: 6; time: 7.62341; src: (0, 0); dst: (-29.5006, -24.1376)
event: battery_consumption; timestamp: 0; robot: 3; time: 19.5356; initial_level: 100; final_level: 98.0464
event: navigation; timestamp: 0; robot: 3; time: 19.5356; src: (0, 0); dst: (-17.4248, -96.1114)
event: battery_consumption; timestamp: 0; robot: 5; time: 14.277; initial_level: 100; final_level: 98.5723
event: navigation; timestamp: 0; robot: 5; time: 14.277; src: (0, 0); dst: (56.8755, 43.1394)
event: battery_consumption; timestamp: 0; robot: 1; time: 14.277; initial_level: 100; final_level: 98.5723
event: navigation; timestamp: 0; robot: 1; time: 14.277; src: (0, 0); dst: (56.8755, 43.1394)
event: battery_consumption; timestamp: 0; robot: 4; time: 25.5528; initial_level: 100; final_level: 97.4447
event: navigation; timestamp: 0; robot: 4; time: 25.5528; src: (0, 0); dst: (-87.1468, -93.4297)
event: task_execution; timestamp: 14.277; task: 10; robot: 1; pos: (56.8755, 43.1394); time: 16.2968
event: battery_consumption; timestamp: 14.277; robot: 1; time: 16.2968; initial_level: 98.5723; final_level: 82.2755
event: task_execution; timestamp: 14.277; task: 10; robot: 5; pos: (56.8755, 43.1394); time: 16.2968
event: battery_consumption; timestamp: 14.277; robot: 5; time: 16.2968; initial_level: 98.5723; final_level: 82.2755
event: task_resolution; timestamp: 30.5738; task: 10; pos: (56.8755, 43.1394); status: COMPLETED; attempt: 1
event: battery_consumption; timestamp: 30.5738; robot: 5; time: 14.8156; initial_level: 82.2755; final_level: 80.794
event: navigation; timestamp: 30.5738; robot: 5; time: 14.8156; src: (56.8755, 43.1394); dst: (72.2993, -29.315)
event: battery_consumption; timestamp: 30.5738; robot: 1; time: 11.8282; initial_level: 82.2755; final_level: 81.0927
event: navigation; timestamp: 30.5738; robot: 1; time: 11.8282; src: (56.8755, 43.1394); dst: (-1.29451, 32.4663)
event: task_execution; timestamp: 45.3894; task: 12; robot: 5; pos: (72.2993, -29.315); time: 18.8536
event: battery_consumption; timestamp: 45.3894; robot: 5; time: 18.8536; initial_level: 80.794; final_level: 61.9403
event: task_resolution; timestamp: 64.243; task: 12; pos: (72.2993, -29.315); status: COMPLETED; attempt: 1
event: battery_consumption; timestamp: 64.243; robot: 5; time: 23.8992; initial_level: 61.9403; final_level: 59.5504
event: navigation; timestamp: 64.243; robot: 5; time: 23.8992; src: (72.2993, -29.315); dst: (-24.173, 41.1999)
event: task_execution; timestamp: 88.1422; task: 11; robot: 2; pos: (-24.173, 41.1999); time: 0
event: battery_consumption; timestamp: 88.1422; robot: 2; time: 0; initial_level: 99.0446; final_level: 89.0446
event: task_execution; timestamp: 88.1422; task: 11; robot: 5; pos: (-24.173, 41.1999); time: 0
event: battery_consumption; timestamp: 88.1422; robot: 5; time: 0; initial_level: 59.5504; final_level: 49.5504
event: task_resolution; timestamp: 88.1422; task: 11; pos: (-24.173, 41.1999); status: FAILED; attempt: 1
event: battery_consumption; timestamp: 88.1422; robot: 5; time: 29.726; initial_level: 49.5504; final_level: 46.5778
event: navigation; timestamp: 88.1422; robot: 5; time: 29.726; src: (-24.173, 41.1999); dst: (-87.1468, -93.4297)
event: battery_consumption; timestamp: 88.1422; robot: 2; time: 16.7202; initial_level: 89.0446; final_level: 87.3726
event: navigation; timestamp: 88.1422; robot: 2; time: 16.7202; src: (-24.173, 41.1999); dst: (6.58351, -36.5381)
event: task_execution; timestamp: 117.868; task: 6; robot: 4; pos: (-87.1468, -93.4297); time: 12.7705
event: battery_consumption; timestamp: 117.868; robot: 4; time: 12.7705; initial_level: 97.4447; final_level: 84.6742
event: task_execution; timestamp: 117.868; task: 6; robot: 5; pos: (-87.1468, -93.4297); time: 12.7705
event: battery_consumption; timestamp: 117.868; robot: 5; time: 12.7705; initial_level: 46.5778; final_level: 33.8073
event: task_resolution; timestamp: 130.639; task: 6; pos: (-87.1468, -93.4297); status: COMPLETED; attempt: 1
event: battery_consumption; timestamp: 130.639; robot: 4; time: 33.3582; initial_level: 84.6742; final_level: 81.3384
event: navigation; timestamp: 130.639; robot: 4; time: 33.3582; src: (-87.1468, -93.4297); dst: (60.5478, -15.9338)
event: battery_consumption; timestamp: 130.639; robot: 5; time: 18.0272; initial_level: 33.8073; final_level: 32.0046
event: navigation; timestamp: 130.639; robot: 5; time: 18.0272; src: (-87.1468, -93.4297); dst: (-29.5006, -24.1376)
event: task_execution; timestamp: 148.666; task: 3; robot: 5; pos: (-29.5006, -24.1376); time: 0
event: battery_consumption; timestamp: 148.666; robot: 5; time: 0; initial_level: 32.0046; final_level: 22.0046
event: task_execution; timestamp: 148.666; task: 3; robot: 6; pos: (-29.5006, -24.1376); time: 0
event: battery_consumption; timestamp: 148.666; robot: 6; time: 0; initial_level: 99.2377; final_level: 89.2377
event: task_resolution; timestamp: 148.666; task: 3; pos: (-29.5006, -24.1376); status: FAILED; attempt: 1
event: battery_consumption; timestamp: 148.666; robot: 6; time: 12.6485; initial_level: 89.2377; final_level: 87.9728
event: navigation; timestamp: 148.666; robot: 6; time: 12.6485; src: (-29.5006, -24.1376); dst: (-1.29451, 32.4663)
event: battery_consumption; timestamp: 148.666; robot: 5; time: 6.64876; initial_level: 22.0046; final_level: 21.3397
event: navigation; timestamp: 148.666; robot: 5; time: 6.64876; src: (-29.5006, -24.1376); dst: (-46.7684, -52.5449)
event: task_execution; timestamp: 163.997; task: 9; robot: 4; pos: (60.5478, -15.9338); time: 0
event: battery_consumption; timestamp: 163.997; robot: 4; time: 0; initial_level: 81.3384; final_level: 81.3384
event: task_resolution; timestamp: 163.997; task: 9; pos: (60.5478, -15.9338); status: COMPLETED; attempt: 1
event: battery_consumption; timestamp: 163.997; robot: 4; time: 22.368; initial_level: 81.3384; final_level: 79.1016
event: navigation; timestamp: 163.997; robot: 4; time: 22.368; src: (60.5478, -15.9338); dst: (-17.4248, -96.1114)
event: task_execution; timestamp: 104.862; task: 4; robot: 2; pos: (6.58351, -36.5381); time: 87.3726
event: battery_consumption; timestamp: 104.862; robot: 2; time: 87.3726; initial_level: 87.3726; final_level: 77.3726
event: task_resolution; timestamp: 192.235; task: 4; pos: (6.58351, -36.5381); status: FAILED; attempt: 1
event: battery_consumption; timestamp: 192.235; robot: 2; time: 11.1403; initial_level: 77.3726; final_level: 76.2586
event: navigation; timestamp: 192.235; robot: 2; time: 11.1403; src: (6.58351, -36.5381); dst: (-46.7684, -52.5449)
event: task_execution; timestamp: 161.314; task: 8; robot: 1; pos: (-1.29451, 32.4663); time: 81.0927
event: battery_consumption; timestamp: 161.314; robot: 1; time: 81.0927; initial_level: 81.0927; final_level: 71.0927
event: task_execution; timestamp: 161.314; task: 8; robot: 6; pos: (-1.29451, 32.4663); time: 81.0927
event: battery_consumption; timestamp: 161.314; robot: 6; time: 81.0927; initial_level: 87.9728; final_level: 77.9728
event: task_resolution; timestamp: 242.407; task: 8; pos: (-1.29451, 32.4663); status: FAILED; attempt: 1
event: battery_consumption; timestamp: 242.407; robot: 6; time: 24.3642; initial_level: 77.9728; final_level: 75.5364
event: navigation; timestamp: 242.407; robot: 6; time: 24.3642; src: (-1.29451, 32.4663); dst: (-70.0709, -68.0831)
event: battery_consumption; timestamp: 242.407; robot: 1; time: 25.9171; initial_level: 71.0927; final_level: 68.501
event: navigation; timestamp: 242.407; robot: 1; time: 25.9171; src: (-1.29451, 32.4663); dst: (-17.4248, -96.1114)
event: task_execution; timestamp: 268.324; task: 2; robot: 1; pos: (-17.4248, -96.1114); time: 0
event: battery_consumption; timestamp: 268.324; robot: 1; time: 0; initial_level: 68.501; final_level: 58.501
event: task_execution; timestamp: 268.324; task: 2; robot: 3; pos: (-17.4248, -96.1114); time: 0
event: battery_consumption; timestamp: 268.324; robot: 3; time: 0; initial_level: 98.0464; final_level: 88.0464
event: task_execution; timestamp: 268.324; task: 2; robot: 4; pos: (-17.4248, -96.1114); time: 0
event: battery_consumption; timestamp: 268.324; robot: 4; time: 0; initial_level: 79.1016; final_level: 69.1016
event: task_resolution; timestamp: 268.324; task: 2; pos: (-17.4248, -96.1114); status: FAILED; attempt: 1
event: battery_consumption; timestamp: 268.324; robot: 3; time: 11.9284; initial_level: 88.0464; final_level: 86.8536
event: navigation; timestamp: 268.324; robot: 3; time: 11.9284; src: (-17.4248, -96.1114); dst: (-70.0709, -68.0831)
event: battery_consumption; timestamp: 268.324; robot: 4; time: 14.1889; initial_level: 69.1016; final_level: 67.6827
event: navigation; timestamp: 268.324; robot: 4; time: 14.1889; src: (-17.4248, -96.1114); dst: (-74.758, -54.3258)
event: battery_consumption; timestamp: 268.324; robot: 1; time: 11.9284; initial_level: 58.501; final_level: 57.3082
event: navigation; timestamp: 268.324; robot: 1; time: 11.9284; src: (-17.4248, -96.1114); dst: (-70.0709, -68.0831)
event: task_execution; timestamp: 280.253; task: 1; robot: 1; pos: (-70.0709, -68.0831); time: 47.7146
event: battery_consumption; timestamp: 280.253; robot: 1; time: 47.7146; initial_level: 57.3082; final_level: 9.59355
event: task_execution; timestamp: 280.253; task: 1; robot: 3; pos: (-70.0709, -68.0831); time: 47.7146
event: battery_consumption; timestamp: 280.253; robot: 3; time: 47.7146; initial_level: 86.8536; final_level: 39.139
event: task_execution; timestamp: 280.253; task: 1; robot: 6; pos: (-70.0709, -68.0831); time: 47.7146
event: battery_consumption; timestamp: 280.253; robot: 6; time: 47.7146; initial_level: 75.5364; final_level: 27.8218
event: task_resolution; timestamp: 327.967; task: 1; pos: (-70.0709, -68.0831); status: COMPLETED; attempt: 1
event: battery_consumption; timestamp: 327.967; robot: 6; time: 2.90677; initial_level: 27.8218; final_level: 27.5311
event: navigation; timestamp: 327.967; robot: 6; time: 2.90677; src: (-70.0709, -68.0831); dst: (-74.758, -54.3258)
event: battery_consumption; timestamp: 327.967; robot: 3; time: 5.60158; initial_level: 39.139; final_level: 38.5788
event: navigation; timestamp: 327.967; robot: 3; time: 5.60158; src: (-70.0709, -68.0831); dst: (-46.7684, -52.5449)
event: battery_consumption; timestamp: 327.967; robot: 1; time: 19.5399; initial_level: 9.59355; final_level: 7.63956
event: navigation; timestamp: 327.967; robot: 1; time: 19.5399; src: (-70.0709, -68.0831); dst: (0, 0)
event: robot_finished; timestamp: 347.507; robot: 1; pos: (0, 0); battery: 7.63956
event: task_execution; timestamp: 330.874; task: 7; robot: 4; pos: (-74.758, -54.3258); time: 0
event: battery_consumption; timestamp: 330.874; robot: 4; time: 0; initial_level: 67.6827; final_level: 57.6827
event: task_execution; timestamp: 330.874; task: 7; robot: 6; pos: (-74.758, -54.3258); time: 0
event: battery_consumption; timestamp: 330.874; robot: 6; time: 0; initial_level: 27.5311; final_level: 17.5311
event: task_resolution; timestamp: 330.874; task: 7; pos: (-74.758, -54.3258); status: FAILED; attempt: 1
event: battery_consumption; timestamp: 330.874; robot: 4; time: 18.4825; initial_level: 57.6827; final_level: 55.8344
event: navigation; timestamp: 330.874; robot: 4; time: 18.4825; src: (-74.758, -54.3258); dst: (0, 0)
event: robot_finished; timestamp: 349.356; robot: 4; pos: (0, 0); battery: 55.8344
event: battery_consumption; timestamp: 330.874; robot: 6; time: 18.4825; initial_level: 17.5311; final_level: 15.6829
event: navigation; timestamp: 330.874; robot: 6; time: 18.4825; src: (-74.758, -54.3258); dst: (0, 0)
event: robot_finished; timestamp: 349.356; robot: 6; pos: (0, 0); battery: 15.6829
event: task_execution; timestamp: 333.569; task: 5; robot: 2; pos: (-46.7684, -52.5449); time: 0
event: battery_consumption; timestamp: 333.569; robot: 2; time: 0; initial_level: 76.2586; final_level: 76.2586
event: task_execution; timestamp: 333.569; task: 5; robot: 3; pos: (-46.7684, -52.5449); time: 0
event: battery_consumption; timestamp: 333.569; robot: 3; time: 0; initial_level: 38.5788; final_level: 38.5788
event: task_execution; timestamp: 333.569; task: 5; robot: 5; pos: (-46.7684, -52.5449); time: 0
event: battery_consumption; timestamp: 333.569; robot: 5; time: 0; initial_level: 21.3397; final_level: 21.3397
event: task_resolution; timestamp: 333.569; task: 5; pos: (-46.7684, -52.5449); status: COMPLETED; attempt: 1
event: battery_consumption; timestamp: 333.569; robot: 3; time: 14.0688; initial_level: 38.5788; final_level: 37.172
event: navigation; timestamp: 333.569; robot: 3; time: 14.0688; src: (-46.7684, -52.5449); dst: (0, 0)
event: robot_finished; timestamp: 347.638; robot: 3; pos: (0, 0); battery: 37.172
event: battery_consumption; timestamp: 333.569; robot: 5; time: 14.0688; initial_level: 21.3397; final_level: 19.9328
event: navigation; timestamp: 333.569; robot: 5; time: 14.0688; src: (-46.7684, -52.5449); dst: (0, 0)
event: robot_finished; timestamp: 347.638; robot: 5; pos: (0, 0); battery: 19.9328
event: battery_consumption; timestamp: 333.569; robot: 2; time: 14.0688; initial_level: 76.2586; final_level: 74.8517
event: navigation; timestamp: 333.569; robot: 2; time: 14.0688; src: (-46.7684, -52.5449); dst: (0, 0)
event: robot_finished; timestamp: 347.638; robot: 2; pos: (0, 0); battery: 74.8517
metric: available_agents; value: 0
metric: failed_agents; value: 0
metric: finished_agents; value: 6
metric: completed_tasks; value: 6
metric: pending_tasks; value: 0
metric: failed_tasks; value: 6
metric: average_robot_makespan; value: 348.189
metric: sd_robot_makespan; value: 0.905882
metric: max_robot_makespan; value: 349.356
metric: min_robot_makespan; value: 347.507
metric: average_robot_travel_distance; value: 406.289
metric: sd_robot_travel_distance; value: 153.561
metric: max_robot_travel_distance; value: 607.312
metric: min_robot_travel_distance; value: 255.672
metric: sum_robot_travel_distance; value: 2437.73
metric: average_completed_tasks_by_robot; value: 0
metric: sd_completed_tasks_by_robot; value: 0
metric: max_completed_tasks_by_robot; value: 0
metric: min_completed_tasks_by_robot; value: 0
metric: final_reward; value: 0.5
metric: computing_time; value: 0.0260331
