info: solver_name; value: random
info: reward_function; value: reward00
info: replica; value: 7
info: filename; value: ../logs/prueba/scenario_12_06_01_random_reward00_007.log
info: scenario_name; value: scenario_12_06_01
info: scenario_name; value: scenario_12_06_01
info: number_of_tasks; value: 12
info: number_of_robots; value: 6
info: number_of_recharging_stations; value: 1
info: scenario_size; value: (200,200)
event: recharging_station_spawn; timestamp: 0; recharging_station: 1; pos: (0, 0)
event: task_spawn; timestamp: 0; task: 1; pos: (-70.0709, -68.0831); earliest_start: 0; latest_start: 1080; state: PENDING; required_workers: 3; success_prob: 0.8; max_attempts: 1
event: task_spawn; timestamp: 0; task: 2; pos: (-17.4248, -96.1114); earliest_start: 0; latest_start: 810; state: PENDING; required_workers: 3; success_prob: 0.8; max_attempts: 1
event: task_spawn; timestamp: 0; task: 3; pos: (-29.5006, -24.1376); earliest_start: 0; latest_start: 1080; state: PENDING; required_workers: 2; success_prob: 0.8; max_attempts: 1
event: task_spawn; timestamp: 0; task: 4; pos: (6.58351, -36.5381); earliest_start: 0; latest_start: 540; state: PENDING; required_workers: 1; success_prob: 0.8; max_attempts: 1
event: task_spawn; timestamp: 0; task: 5; pos: (-46.7684, -52.5449); earliest_start: 0; latest_start: 540; state: PENDING; required_workers: 3; success_prob: 0.8; max_attempts: 1
event: task_spawn; timestamp: 0; task: 6; pos: (-87.1468, -93.4297); earliest_start: 0; latest_start: 810; state: PENDING; required_workers: 2; success_prob: 0.8; max_attempts: 1
event: task_spawn; timestamp: 0; task: 7; pos: (-74.758, -54.3258); earliest_start: 0; latest_start: 540; state: PENDING; required_workers: 2; success_prob: 0.8; max_attempts: 1
event: task_spawn; timestamp: 0; task: 8; pos: (-1.29451, 32.4663); earliest_start: 0; latest_start: 540; state: PENDING; required_workers: 2; success_prob: 0.8; max_attempts: 1
event: task_spawn; timestamp: 0; task: 9; pos: (60.5478, -15.9338); earliest_start: 0; latest_start: 1080; state: PENDING; required_workers: 1; success_prob: 0.8; max_attempts: 1
event: task_spawn; timestamp: 0; task: 10; pos: (56.8755, 43.1394); earliest_start: 0; latest_start: 810; state: PENDING; required_workers: 2; success_prob: 0.8; max_attempts: 1
event: task_spawn; timestamp: 0; task: 11; pos: (-24.173, 41.1999); earliest_start: 0; latest_start: 540; state: PENDING; required_workers: 2; success_prob: 0.8; max_attempts: 1
event: task_spawn; timestamp: 0; task: 12; pos: (72.2993, -29.315); earliest_start: 0; latest_start: 1080; state: PENDING; required_workers: 1; success_prob: 0.8; max_attempts: 1
event: robot_spawn; timestamp: 0; robot: 1; pos: (0, 0); state: AVAILABLE; battery_level: 100; battery_capacity: 100; velocity: 5; battery_rate_nav: 0.1
event: robot_spawn; timestamp: 0; robot: 2; pos: (0, 0); state: AVAILABLE; battery_level: 100; battery_capacity: 100; velocity: 5; battery_rate_nav: 0.1
event: robot_spawn; timestamp: 0; robot: 3; pos: (0, 0); state: AVAILABLE; battery_level: 100; battery_capacity: 100; velocity: 5; battery_rate_nav: 0.1
event: robot_spawn; timestamp: 0; robot: 4; pos: (0, 0); state: AVAILABLE; battery_level: 100; battery_capacity: 100; velocity: 5; battery_rate_nav: 0.1
event: robot_spawn; timestamp: 0; robot: 5; pos: (0, 0); state: AVAILABLE; battery_level: 100; battery_capacity: 100; velocity: 5; battery_rate_nav: 0.1
event: robot_spawn; timestamp: 0; robot: 6; pos: (0, 0); state: AVAILABLE; battery_level: 100; battery_capacity: 100; velocity: 5; battery_rate_nav: 0.1
event: battery_consumption; timestamp: 0; robot: 6; time: 18.4825; initial_level: 100; final_level: 98.1518
event: navigation; timestamp: 0; robot: 6; time: 18.4825; src: (0, 0); dst: (-74.758, -54.3258)
event: battery_consumption; timestamp: 0; robot: 1; time: 7.4253; initial_level: 100; final_level: 99.2575
event: navigation; timestamp: 0; robot: 1; time: 7.4253; src: (0, 0); dst: (6.58351, -36.5381)
event: battery_consumption; timestamp: 0; robot: 3; time: 18.4825; initial_level: 100; final_level: 98.1518
event: navigation; timestamp: 0; robot: 3; time: 18.4825; src: (0, 0); dst: (-74.758, -54.3258)
event: battery_consumption; timestamp: 0; robot: 5; time: 6.49842; initial_level: 100; final_level: 99.3502
event: navigation; timestamp: 0; robot: 5; time: 6.49842; src: (0, 0); dst: (-1.29451, 32.4663)
event: battery_consumption; timestamp: 0; robot: 4; time: 14.0688; initial_level: 100; final_level: 98.5931
event: navigation; timestamp: 0; robot: 4; time: 14.0688; src: (0, 0); dst: (-46.7684, -52.5449)
event: battery_consumption; timestamp: 0; robot: 2; time: 14.277; initial_level: 100; final_level: 98.5723
event: navigation; timestamp: 0; robot: 2; time: 14.277; src: (0, 0); dst: (56.8755, 43.1394)
event: task_execution; timestamp: 18.4825; task: 7; robot: 3; pos: (-74.758, -54.3258); time: 0
event: battery_consumption; timestamp: 18.4825; robot: 3; time: 0; initial_level: 98.1518; final_level: 98.1518
event: task_execution; timestamp: 18.4825; task: 7; robot: 6; pos: (-74.758, -54.3258); time: 0
event: battery_consumption; timestamp: 18.4825; robot: 6; time: 0; initial_level: 98.1518; final_level: 98.1518
event: task_resolution; timestamp: 18.4825; task: 7; pos: (-74.758, -54.3258); status: COMPLETED; attempt: 1
event: battery_consumption; timestamp: 18.4825; robot: 3; time: 28.1294; initial_level: 98.1518; final_level: 95.3388
event: navigation; timestamp: 18.4825; robot: 3; time: 28.1294; src: (-74.758, -54.3258); dst: (60.5478, -15.9338)
event: battery_consumption; timestamp: 18.4825; robot: 6; time: 29.8338; initial_level: 98.1518; final_level: 95.1684
event: navigation; timestamp: 18.4825; robot: 6; time: 29.8338; src: (-74.758, -54.3258); dst: (72.2993, -29.315)
event: task_execution; timestamp: 46.6119; task: 9; robot: 3; pos: (60.5478, -15.9338); time: 0
event: battery_consumption; timestamp: 46.6119; robot: 3; time: 0; initial_level: 95.3388; final_level: 85.3388
event: task_resolution; timestamp: 46.6119; task: 9; pos: (60.5478, -15.9338); status: FAILED; attempt: 1
event: battery_consumption; timestamp: 46.6119; robot: 3; time: 22.368; initial_level: 85.3388; final_level: 83.102
event: navigation; timestamp: 46.6119; robot: 3; time: 22.368; src: (60.5478, -15.9338); dst: (-17.4248, -96.1114)
event: task_execution; timestamp: 48.3163; task: 12; robot: 6; pos: (72.2993, -29.315); time: 0
event: battery_consumption; timestamp: 48.3163; robot: 6; time: 0; initial_level: 95.1684; final_level: 85.1684
event: task_resolution; timestamp: 48.3163; task: 12; pos: (72.2993, -29.315); status: FAILED; attempt: 1
event: battery_consumption; timestamp: 48.3163; robot: 6; time: 24.2625; initial_level: 85.1684; final_level: 82.7421
event: navigation; timestamp: 48.3163; robot: 6; time: 24.2625; src: (72.2993, -29.315); dst: (-46.7684, -52.5449)
event: task_execution; timestamp: 7.4253; task: 4; robot: 1; pos: (6.58351, -36.5381); time: 99.2575
event: battery_consumption; timestamp: 7.4253; robot: 1; time: 99.2575; initial_level: 99.2575; final_level: 89.2575
event: task_resolution; timestamp: 106.683; task: 4; pos: (6.58351, -36.5381); status: FAILED; attempt: 1
event: battery_consumption; timestamp: 106.683; robot: 1; time: 7.63108; initial_level: 89.2575; final_level: 88.4944
event: navigation; timestamp: 106.683; robot: 1; time: 7.63108; src: (6.58351, -36.5381); dst: (-29.5006, -24.1376)
event: battery_consumption; timestamp: 540; robot: 6; time: 6.64876; initial_level: 82.7421; final_level: 82.0772
event: navigation; timestamp: 540; robot: 6; time: 6.64876; src: (-46.7684, -52.5449); dst: (-29.5006, -24.1376)
event: battery_consumption; timestamp: 540; robot: 4; time: 28.2117; initial_level: 98.5931; final_level: 95.772
event: navigation; timestamp: 540; robot: 4; time: 28.2117; src: (-46.7684, -52.5449); dst: (56.8755, 43.1394)
event: battery_consumption; timestamp: 540; robot: 5; time: 25.9171; initial_level: 99.3502; final_level: 96.7584
event: navigation; timestamp: 540; robot: 5; time: 25.9171; src: (-1.29451, 32.4663); dst: (-17.4248, -96.1114)
event: task_execution; timestamp: 546.649; task: 3; robot: 1; pos: (-29.5006, -24.1376); time: 0
event: battery_consumption; timestamp: 546.649; robot: 1; time: 0; initial_level: 88.4944; final_level: 88.4944
event: task_execution; timestamp: 546.649; task: 3; robot: 6; pos: (-29.5006, -24.1376); time: 0
event: battery_consumption; timestamp: 546.649; robot: 6; time: 0; initial_level: 82.0772; final_level: 82.0772
event: task_resolution; timestamp: 546.649; task: 3; pos: (-29.5006, -24.1376); status: COMPLETED; attempt: 1
event: battery_consumption; timestamp: 546.649; robot: 1; time: 18.0272; initial_level: 88.4944; final_level: 86.6916
event: navigation; timestamp: 546.649; robot: 1; time: 18.0272; src: (-29.5006, -24.1376); dst: (-87.1468, -93.4297)
event: battery_consumption; timestamp: 546.649; robot: 6; time: 18.0272; initial_level: 82.0772; final_level: 80.2745
event: navigation; timestamp: 546.649; robot: 6; time: 18.0272; src: (-29.5006, -24.1376); dst: (-87.1468, -93.4297)
event: task_execution; timestamp: 564.676; task: 6; robot: 1; pos: (-87.1468, -93.4297); time: 0
event: battery_consumption; timestamp: 564.676; robot: 1; time: 0; initial_level: 86.6916; final_level: 76.6916
event: task_execution; timestamp: 564.676; task: 6; robot: 6; pos: (-87.1468, -93.4297); time: 0
event: battery_consumption; timestamp: 564.676; robot: 6; time: 0; initial_level: 80.2745; final_level: 70.2745
event: task_resolution; timestamp: 564.676; task: 6; pos: (-87.1468, -93.4297); status: FAILED; attempt: 1
event: battery_consumption; timestamp: 564.676; robot: 6; time: 13.9547; initial_level: 70.2745; final_level: 68.8791
event: navigation; timestamp: 564.676; robot: 6; time: 13.9547; src: (-87.1468, -93.4297); dst: (-17.4248, -96.1114)
event: battery_consumption; timestamp: 564.676; robot: 1; time: 6.1124; initial_level: 76.6916; final_level: 76.0804
event: navigation; timestamp: 564.676; robot: 1; time: 6.1124; src: (-87.1468, -93.4297); dst: (-70.0709, -68.0831)
event: task_execution; timestamp: 568.212; task: 10; robot: 2; pos: (56.8755, 43.1394); time: 0
event: battery_consumption; timestamp: 568.212; robot: 2; time: 0; initial_level: 98.5723; final_level: 88.5723
event: task_execution; timestamp: 568.212; task: 10; robot: 4; pos: (56.8755, 43.1394); time: 0
event: battery_consumption; timestamp: 568.212; robot: 4; time: 0; initial_level: 95.772; final_level: 85.772
event: task_resolution; timestamp: 568.212; task: 10; pos: (56.8755, 43.1394); status: FAILED; attempt: 1
event: battery_consumption; timestamp: 568.212; robot: 2; time: 33.7555; initial_level: 88.5723; final_level: 85.1967
event: navigation; timestamp: 568.212; robot: 2; time: 33.7555; src: (56.8755, 43.1394); dst: (-70.0709, -68.0831)
event: battery_consumption; timestamp: 568.212; robot: 4; time: 33.7555; initial_level: 85.772; final_level: 82.3964
event: navigation; timestamp: 568.212; robot: 4; time: 33.7555; src: (56.8755, 43.1394); dst: (-70.0709, -68.0831)
event: task_execution; timestamp: 601.967; task: 1; robot: 1; pos: (-70.0709, -68.0831); time: 0
event: battery_consumption; timestamp: 601.967; robot: 1; time: 0; initial_level: 76.0804; final_level: 76.0804
event: task_execution; timestamp: 601.967; task: 1; robot: 2; pos: (-70.0709, -68.0831); time: 0
event: battery_consumption; timestamp: 601.967; robot: 2; time: 0; initial_level: 85.1967; final_level: 85.1967
event: task_execution; timestamp: 601.967; task: 1; robot: 4; pos: (-70.0709, -68.0831); time: 0
event: battery_consumption; timestamp: 601.967; robot: 4; time: 0; initial_level: 82.3964; final_level: 82.3964
event: task_resolution; timestamp: 601.967; task: 1; pos: (-70.0709, -68.0831); status: COMPLETED; attempt: 1
event: battery_consumption; timestamp: 601.967; robot: 4; time: 19.5399; initial_level: 82.3964; final_level: 80.4424
event: navigation; timestamp: 601.967; robot: 4; time: 19.5399; src: (-70.0709, -68.0831); dst: (0, 0)
event: robot_finished; timestamp: 621.507; robot: 4; pos: (0, 0); battery: 80.4424
event: battery_consumption; timestamp: 601.967; robot: 2; time: 19.5399; initial_level: 85.1967; final_level: 83.2428
event: navigation; timestamp: 601.967; robot: 2; time: 19.5399; src: (-70.0709, -68.0831); dst: (0, 0)
event: robot_finished; timestamp: 621.507; robot: 2; pos: (0, 0); battery: 83.2428
event: battery_consumption; timestamp: 601.967; robot: 1; time: 19.5399; initial_level: 76.0804; final_level: 74.1264
event: navigation; timestamp: 601.967; robot: 1; time: 19.5399; src: (-70.0709, -68.0831); dst: (0, 0)
event: robot_finished; timestamp: 621.507; robot: 1; pos: (0, 0); battery: 74.1264
event: task_execution; timestamp: 578.631; task: 2; robot: 3; pos: (-17.4248, -96.1114); time: 68.8791
event: battery_consumption; timestamp: 578.631; robot: 3; time: 68.8791; initial_level: 83.102; final_level: 73.102
event: task_execution; timestamp: 578.631; task: 2; robot: 5; pos: (-17.4248, -96.1114); time: 68.8791
event: battery_consumption; timestamp: 578.631; robot: 5; time: 68.8791; initial_level: 96.7584; final_level: 86.7584
event: task_execution; timestamp: 578.631; task: 2; robot: 6; pos: (-17.4248, -96.1114); time: 68.8791
event: battery_consumption; timestamp: 578.631; robot: 6; time: 68.8791; initial_level: 68.8791; final_level: 58.8791
event: task_resolution; timestamp: 647.51; task: 2; pos: (-17.4248, -96.1114); status: FAILED; attempt: 1
event: battery_consumption; timestamp: 647.51; robot: 6; time: 19.5356; initial_level: 58.8791; final_level: 56.9255
event: navigation; timestamp: 647.51; robot: 6; time: 19.5356; src: (-17.4248, -96.1114); dst: (0, 0)
event: robot_finished; timestamp: 667.045; robot: 6; pos: (0, 0); battery: 56.9255
event: battery_consumption; timestamp: 647.51; robot: 3; time: 19.5356; initial_level: 73.102; final_level: 71.1484
event: navigation; timestamp: 647.51; robot: 3; time: 19.5356; src: (-17.4248, -96.1114); dst: (0, 0)
event: robot_finished; timestamp: 667.045; robot: 3; pos: (0, 0); battery: 71.1484
event: battery_consumption; timestamp: 647.51; robot: 5; time: 19.5356; initial_level: 86.7584; final_level: 84.8049
event: navigation; timestamp: 647.51; robot: 5; time: 19.5356; src: (-17.4248, -96.1114); dst: (0, 0)
event: robot_finished; timestamp: 667.045; robot: 5; pos: (0, 0); battery: 84.8049
metric: available_agents; value: 0
metric: failed_agents; value: 0
metric: finished_agents; value: 6
metric: completed_tasks; value: 3
metric: pending_tasks; value: 0
metric: failed_tasks; value: 9
metric: average_robot_makespan; value: 644.276
metric: sd_robot_makespan; value: 24.9423
metric: max_robot_makespan; value: 667.045
metric: min_robot_makespan; value: 621.507
metric: average_robot_travel_distance; value: 410.913
metric: sd_robot_travel_distance; value: 145.859
metric: max_robot_travel_distance; value: 653.725
metric: min_robot_travel_distance; value: 259.756
metric: sum_robot_travel_distance; value: 2465.48
metric: average_completed_tasks_by_robot; value: 0
metric: sd_completed_tasks_by_robot; value: 0
metric: max_completed_tasks_by_robot; value: 0
metric: min_completed_tasks_by_robot; value: 0
metric: final_reward; value: 0.25
metric: computing_time; value: 0.0540047
