info: solver_name; value: dec-mcts-v1
info: reward_function; value: reward00
info: replica; value: 1
info: filename; value: ../logs/prueba/scenario_10t_02_4r_dec-mcts-v1_reward00_001.log
info: scenario_name; value: scenario_10t_02_4r
info: scenario_name; value: scenario_10t_02_4r
info: number_of_tasks; value: 10
info: number_of_robots; value: 4
info: number_of_recharging_stations; value: 1
info: scenario_size; value: (200,200)
event: recharging_station_spawn; timestamp: 0; recharging_station: 1; pos: (0, 0)
event: task_spawn; timestamp: 0; task: 1; pos: (17, 95); earliest_start: 0; latest_start: 270; state: PENDING; required_workers: 3; success_prob: 0.8; max_attempts: 1
event: task_spawn; timestamp: 0; task: 2; pos: (-29, 13); earliest_start: 0; latest_start: 540; state: PENDING; required_workers: 3; success_prob: 0.6; max_attempts: 1
event: task_spawn; timestamp: 0; task: 3; pos: (47, -55); earliest_start: 0; latest_start: 1080; state: PENDING; required_workers: 1; success_prob: 0.7; max_attempts: 1
event: task_spawn; timestamp: 0; task: 4; pos: (86, -18); earliest_start: 0; latest_start: 630; state: PENDING; required_workers: 2; success_prob: 0.9; max_attempts: 1
event: task_spawn; timestamp: 0; task: 5; pos: (35, 14); earliest_start: 0; latest_start: 720; state: PENDING; required_workers: 1; success_prob: 0.5; max_attempts: 1
event: task_spawn; timestamp: 0; task: 6; pos: (36, 16); earliest_start: 0; latest_start: 630; state: PENDING; required_workers: 3; success_prob: 0.7; max_attempts: 1
event: task_spawn; timestamp: 0; task: 7; pos: (2, 76); earliest_start: 0; latest_start: 450; state: PENDING; required_workers: 3; success_prob: 0.5; max_attempts: 1
event: task_spawn; timestamp: 0; task: 8; pos: (-82, 93); earliest_start: 0; latest_start: 1080; state: PENDING; required_workers: 3; success_prob: 0.8; max_attempts: 1
event: task_spawn; timestamp: 0; task: 9; pos: (91, 44); earliest_start: 0; latest_start: 1080; state: PENDING; required_workers: 3; success_prob: 0.7; max_attempts: 1
event: task_spawn; timestamp: 0; task: 10; pos: (10, 67); earliest_start: 0; latest_start: 810; state: PENDING; required_workers: 3; success_prob: 0.8; max_attempts: 1
event: robot_spawn; timestamp: 0; robot: 1; pos: (0, 0); state: AVAILABLE; battery_level: 100; battery_capacity: 100; velocity: 5; battery_rate_nav: 0.1
event: robot_spawn; timestamp: 0; robot: 2; pos: (0, 0); state: AVAILABLE; battery_level: 100; battery_capacity: 100; velocity: 5; battery_rate_nav: 0.1
event: robot_spawn; timestamp: 0; robot: 3; pos: (0, 0); state: AVAILABLE; battery_level: 100; battery_capacity: 100; velocity: 5; battery_rate_nav: 0.1
event: robot_spawn; timestamp: 0; robot: 4; pos: (0, 0); state: AVAILABLE; battery_level: 100; battery_capacity: 100; velocity: 5; battery_rate_nav: 0.1
event: battery_consumption; timestamp: 0; robot: 1; time: 17.5727; initial_level: 100; final_level: 98.2427
event: navigation; timestamp: 0; robot: 1; time: 17.5727; src: (0, 0); dst: (86, -18)
event: battery_consumption; timestamp: 0; robot: 2; time: 17.5727; initial_level: 100; final_level: 98.2427
event: navigation; timestamp: 0; robot: 2; time: 17.5727; src: (0, 0); dst: (86, -18)
event: battery_consumption; timestamp: 1; robot: 3; time: 14.4693; initial_level: 100; final_level: 98.5531
event: navigation; timestamp: 1; robot: 3; time: 14.4693; src: (0, 0); dst: (47, -55)
event: battery_consumption; timestamp: 1; robot: 4; time: 7.87909; initial_level: 100; final_level: 99.2121
event: navigation; timestamp: 1; robot: 4; time: 7.87909; src: (0, 0); dst: (36, 16)
event: task_execution; timestamp: 15.4693; task: 3; robot: 3; pos: (47, -55); time: 0
event: battery_consumption; timestamp: 15.4693; robot: 3; time: 0; initial_level: 98.5531; final_level: 88.5531
event: task_resolution; timestamp: 15.4693; task: 3; pos: (47, -55); status: FAILED; attempt: 1
event: battery_consumption; timestamp: 15.4693; robot: 3; time: 14.3694; initial_level: 88.5531; final_level: 87.1161
event: navigation; timestamp: 15.4693; robot: 3; time: 14.3694; src: (47, -55); dst: (36, 16)
event: task_execution; timestamp: 17.5727; task: 4; robot: 1; pos: (86, -18); time: 0
event: battery_consumption; timestamp: 17.5727; robot: 1; time: 0; initial_level: 98.2427; final_level: 98.2427
event: task_execution; timestamp: 17.5727; task: 4; robot: 2; pos: (86, -18); time: 0
event: battery_consumption; timestamp: 17.5727; robot: 2; time: 0; initial_level: 98.2427; final_level: 98.2427
event: task_resolution; timestamp: 17.5727; task: 4; pos: (86, -18); status: COMPLETED; attempt: 1
event: battery_consumption; timestamp: 17.5727; robot: 2; time: 12.093; initial_level: 98.2427; final_level: 97.0334
event: navigation; timestamp: 17.5727; robot: 2; time: 12.093; src: (86, -18); dst: (36, 16)
event: battery_consumption; timestamp: 18.5727; robot: 1; time: 25.2127; initial_level: 98.2427; final_level: 95.7215
event: navigation; timestamp: 18.5727; robot: 1; time: 25.2127; src: (86, -18); dst: (2, 76)
event: task_execution; timestamp: 29.8387; task: 6; robot: 2; pos: (36, 16); time: 10.3055
event: battery_consumption; timestamp: 29.8387; robot: 2; time: 10.3055; initial_level: 97.0334; final_level: 86.728
event: task_execution; timestamp: 29.8387; task: 6; robot: 3; pos: (36, 16); time: 10.3055
event: battery_consumption; timestamp: 29.8387; robot: 3; time: 10.3055; initial_level: 87.1161; final_level: 76.8107
event: task_execution; timestamp: 29.8387; task: 6; robot: 4; pos: (36, 16); time: 10.3055
event: battery_consumption; timestamp: 29.8387; robot: 4; time: 10.3055; initial_level: 99.2121; final_level: 88.9066
event: task_resolution; timestamp: 40.1442; task: 6; pos: (36, 16); status: COMPLETED; attempt: 1
event: battery_consumption; timestamp: 40.1442; robot: 4; time: 0.447214; initial_level: 88.9066; final_level: 88.8619
event: navigation; timestamp: 40.1442; robot: 4; time: 0.447214; src: (36, 16); dst: (35, 14)
event: battery_consumption; timestamp: 40.1442; robot: 3; time: 7.87909; initial_level: 76.8107; final_level: 76.0227
event: navigation; timestamp: 40.1442; robot: 3; time: 7.87909; src: (36, 16); dst: (0, 0)
event: recharge; timestamp: 48.0233; robot: 3; recharging_station: 1; pos: (0, 0); level: 100
event: task_execution; timestamp: 40.5914; task: 5; robot: 4; pos: (35, 14); time: 0
event: battery_consumption; timestamp: 40.5914; robot: 4; time: 0; initial_level: 88.8619; final_level: 78.8619
event: task_resolution; timestamp: 40.5914; task: 5; pos: (35, 14); status: FAILED; attempt: 1
event: battery_consumption; timestamp: 40.5914; robot: 4; time: 14.0471; initial_level: 78.8619; final_level: 77.4572
event: navigation; timestamp: 40.5914; robot: 4; time: 14.0471; src: (35, 14); dst: (2, 76)
event: battery_consumption; timestamp: 41.1442; robot: 2; time: 11.449; initial_level: 86.728; final_level: 85.5831
event: navigation; timestamp: 41.1442; robot: 2; time: 11.449; src: (36, 16); dst: (10, 67)
event: battery_consumption; timestamp: 48.0233; robot: 3; time: 15.2053; initial_level: 100; final_level: 98.4795
event: navigation; timestamp: 48.0233; robot: 3; time: 15.2053; src: (0, 0); dst: (2, 76)
event: task_execution; timestamp: 63.2285; task: 7; robot: 1; pos: (2, 76); time: 0
event: battery_consumption; timestamp: 63.2285; robot: 1; time: 0; initial_level: 95.7215; final_level: 85.7215
event: task_execution; timestamp: 63.2285; task: 7; robot: 3; pos: (2, 76); time: 0
event: battery_consumption; timestamp: 63.2285; robot: 3; time: 0; initial_level: 98.4795; final_level: 88.4795
event: task_execution; timestamp: 63.2285; task: 7; robot: 4; pos: (2, 76); time: 0
event: battery_consumption; timestamp: 63.2285; robot: 4; time: 0; initial_level: 77.4572; final_level: 67.4572
event: task_resolution; timestamp: 63.2285; task: 7; pos: (2, 76); status: FAILED; attempt: 1
event: battery_consumption; timestamp: 63.2285; robot: 4; time: 2.40832; initial_level: 67.4572; final_level: 67.2164
event: navigation; timestamp: 63.2285; robot: 4; time: 2.40832; src: (2, 76); dst: (10, 67)
event: battery_consumption; timestamp: 63.2285; robot: 3; time: 2.40832; initial_level: 88.4795; final_level: 88.2386
event: navigation; timestamp: 63.2285; robot: 3; time: 2.40832; src: (2, 76); dst: (10, 67)
event: battery_consumption; timestamp: 64.2285; robot: 1; time: 18.9156; initial_level: 85.7215; final_level: 83.8299
event: navigation; timestamp: 64.2285; robot: 1; time: 18.9156; src: (2, 76); dst: (91, 44)
event: task_execution; timestamp: 65.6368; task: 10; robot: 2; pos: (10, 67); time: 2.21463
event: battery_consumption; timestamp: 65.6368; robot: 2; time: 2.21463; initial_level: 85.5831; final_level: 83.3684
event: task_execution; timestamp: 65.6368; task: 10; robot: 3; pos: (10, 67); time: 2.21463
event: battery_consumption; timestamp: 65.6368; robot: 3; time: 2.21463; initial_level: 88.2386; final_level: 86.024
event: task_execution; timestamp: 65.6368; task: 10; robot: 4; pos: (10, 67); time: 2.21463
event: battery_consumption; timestamp: 65.6368; robot: 4; time: 2.21463; initial_level: 67.2164; final_level: 65.0017
event: task_resolution; timestamp: 67.8515; task: 10; pos: (10, 67); status: COMPLETED; attempt: 1
event: battery_consumption; timestamp: 67.8515; robot: 2; time: 16.8404; initial_level: 83.3684; final_level: 81.6844
event: navigation; timestamp: 67.8515; robot: 2; time: 16.8404; src: (10, 67); dst: (91, 44)
event: battery_consumption; timestamp: 67.8515; robot: 4; time: 16.8404; initial_level: 65.0017; final_level: 63.3177
event: navigation; timestamp: 67.8515; robot: 4; time: 16.8404; src: (10, 67); dst: (91, 44)
event: battery_consumption; timestamp: 68.8515; robot: 3; time: 5.77235; initial_level: 86.024; final_level: 85.4468
event: navigation; timestamp: 68.8515; robot: 3; time: 5.77235; src: (10, 67); dst: (17, 95)
event: task_execution; timestamp: 84.6919; task: 9; robot: 1; pos: (91, 44); time: 0
event: battery_consumption; timestamp: 84.6919; robot: 1; time: 0; initial_level: 83.8299; final_level: 73.8299
event: task_execution; timestamp: 84.6919; task: 9; robot: 2; pos: (91, 44); time: 0
event: battery_consumption; timestamp: 84.6919; robot: 2; time: 0; initial_level: 81.6844; final_level: 71.6844
event: task_execution; timestamp: 84.6919; task: 9; robot: 4; pos: (91, 44); time: 0
event: battery_consumption; timestamp: 84.6919; robot: 4; time: 0; initial_level: 63.3177; final_level: 53.3177
event: task_resolution; timestamp: 84.6919; task: 9; pos: (91, 44); status: FAILED; attempt: 1
event: battery_consumption; timestamp: 84.6919; robot: 1; time: 17.9744; initial_level: 73.8299; final_level: 72.0325
event: navigation; timestamp: 84.6919; robot: 1; time: 17.9744; src: (91, 44); dst: (17, 95)
event: battery_consumption; timestamp: 84.6919; robot: 2; time: 17.9744; initial_level: 71.6844; final_level: 69.8869
event: navigation; timestamp: 84.6919; robot: 2; time: 17.9744; src: (91, 44); dst: (17, 95)
event: battery_consumption; timestamp: 85.6919; robot: 4; time: 24.7879; initial_level: 53.3177; final_level: 50.8389
event: navigation; timestamp: 85.6919; robot: 4; time: 24.7879; src: (91, 44); dst: (-29, 13)
event: task_execution; timestamp: 102.666; task: 1; robot: 1; pos: (17, 95); time: 69.8869
event: battery_consumption; timestamp: 102.666; robot: 1; time: 69.8869; initial_level: 72.0325; final_level: 62.0325
event: task_execution; timestamp: 102.666; task: 1; robot: 2; pos: (17, 95); time: 69.8869
event: battery_consumption; timestamp: 102.666; robot: 2; time: 69.8869; initial_level: 69.8869; final_level: 59.8869
event: task_execution; timestamp: 102.666; task: 1; robot: 3; pos: (17, 95); time: 69.8869
event: battery_consumption; timestamp: 102.666; robot: 3; time: 69.8869; initial_level: 85.4468; final_level: 75.4468
event: task_resolution; timestamp: 172.553; task: 1; pos: (17, 95); status: FAILED; attempt: 1
event: battery_consumption; timestamp: 172.553; robot: 3; time: 18.8043; initial_level: 75.4468; final_level: 73.5663
event: navigation; timestamp: 172.553; robot: 3; time: 18.8043; src: (17, 95); dst: (-29, 13)
event: battery_consumption; timestamp: 172.553; robot: 1; time: 18.8043; initial_level: 62.0325; final_level: 60.152
event: navigation; timestamp: 172.553; robot: 1; time: 18.8043; src: (17, 95); dst: (-29, 13)
event: battery_consumption; timestamp: 173.553; robot: 2; time: 19.804; initial_level: 59.8869; final_level: 57.9065
event: navigation; timestamp: 173.553; robot: 2; time: 19.804; src: (17, 95); dst: (-82, 93)
event: task_execution; timestamp: 191.358; task: 2; robot: 1; pos: (-29, 13); time: 0
event: battery_consumption; timestamp: 191.358; robot: 1; time: 0; initial_level: 60.152; final_level: 50.152
event: task_execution; timestamp: 191.358; task: 2; robot: 3; pos: (-29, 13); time: 0
event: battery_consumption; timestamp: 191.358; robot: 3; time: 0; initial_level: 73.5663; final_level: 63.5663
event: task_execution; timestamp: 191.358; task: 2; robot: 4; pos: (-29, 13); time: 0
event: battery_consumption; timestamp: 191.358; robot: 4; time: 0; initial_level: 50.8389; final_level: 40.8389
event: task_resolution; timestamp: 191.358; task: 2; pos: (-29, 13); status: FAILED; attempt: 1
event: battery_consumption; timestamp: 191.358; robot: 1; time: 19.1927; initial_level: 50.152; final_level: 48.2328
event: navigation; timestamp: 191.358; robot: 1; time: 19.1927; src: (-29, 13); dst: (-82, 93)
event: battery_consumption; timestamp: 191.358; robot: 3; time: 6.3561; initial_level: 63.5663; final_level: 62.9307
event: navigation; timestamp: 191.358; robot: 3; time: 6.3561; src: (-29, 13); dst: (0, 0)
event: recharge; timestamp: 197.714; robot: 3; recharging_station: 1; pos: (0, 0); level: 100
event: battery_consumption; timestamp: 191.358; robot: 4; time: 6.3561; initial_level: 40.8389; final_level: 40.2033
event: navigation; timestamp: 191.358; robot: 4; time: 6.3561; src: (-29, 13); dst: (0, 0)
event: recharge; timestamp: 197.714; robot: 4; recharging_station: 1; pos: (0, 0); level: 100
event: battery_consumption; timestamp: 197.714; robot: 3; time: 24.7976; initial_level: 100; final_level: 97.5202
event: navigation; timestamp: 197.714; robot: 3; time: 24.7976; src: (0, 0); dst: (-82, 93)
event: recharge; timestamp: 197.714; robot: 4; recharging_station: 1; pos: (0, 0); level: 100
event: robot_finished; timestamp: 198.714; robot: 4; pos: (0, 0); battery: 100
event: task_execution; timestamp: 222.511; task: 8; robot: 1; pos: (-82, 93); time: 0
event: battery_consumption; timestamp: 222.511; robot: 1; time: 0; initial_level: 48.2328; final_level: 38.2328
event: task_execution; timestamp: 222.511; task: 8; robot: 2; pos: (-82, 93); time: 0
event: battery_consumption; timestamp: 222.511; robot: 2; time: 0; initial_level: 57.9065; final_level: 47.9065
event: task_execution; timestamp: 222.511; task: 8; robot: 3; pos: (-82, 93); time: 0
event: battery_consumption; timestamp: 222.511; robot: 3; time: 0; initial_level: 97.5202; final_level: 87.5202
event: task_resolution; timestamp: 222.511; task: 8; pos: (-82, 93); status: FAILED; attempt: 1
event: battery_consumption; timestamp: 222.511; robot: 3; time: 24.7976; initial_level: 87.5202; final_level: 85.0405
event: navigation; timestamp: 222.511; robot: 3; time: 24.7976; src: (-82, 93); dst: (0, 0)
event: robot_finished; timestamp: 247.309; robot: 3; pos: (0, 0); battery: 85.0405
event: battery_consumption; timestamp: 222.511; robot: 2; time: 24.7976; initial_level: 47.9065; final_level: 45.4268
event: navigation; timestamp: 222.511; robot: 2; time: 24.7976; src: (-82, 93); dst: (0, 0)
event: robot_finished; timestamp: 247.309; robot: 2; pos: (0, 0); battery: 45.4268
event: battery_consumption; timestamp: 222.511; robot: 1; time: 24.7976; initial_level: 38.2328; final_level: 35.753
event: navigation; timestamp: 222.511; robot: 1; time: 24.7976; src: (-82, 93); dst: (0, 0)
event: robot_finished; timestamp: 247.309; robot: 1; pos: (0, 0); battery: 35.753
metric: available_agents; value: 0
metric: failed_agents; value: 0
metric: finished_agents; value: 4
metric: completed_tasks; value: 3
metric: pending_tasks; value: 0
metric: failed_tasks; value: 7
metric: average_robot_makespan; value: 235.16
metric: sd_robot_makespan; value: 24.2976
metric: max_robot_makespan; value: 247.309
metric: min_robot_makespan; value: 198.714
metric: average_robot_travel_distance; value: 588.283
metric: sd_robot_travel_distance; value: 156.393
metric: max_robot_travel_distance; value: 712.35
metric: min_robot_travel_distance; value: 363.831
metric: sum_robot_travel_distance; value: 2353.13
metric: average_completed_tasks_by_robot; value: 0
metric: sd_completed_tasks_by_robot; value: 0
metric: max_completed_tasks_by_robot; value: 0
metric: min_completed_tasks_by_robot; value: 0
metric: final_reward; value: 0.3
metric: computing_time; value: 13.21
