info: solver_name; value: greedy
info: reward_function; value: reward00
info: replica; value: 1
info: filename; value: ../logs/prueba/scenario_10t_03_5r_greedy_reward00_001.log
info: scenario_name; value: scenario_10t_03_5r
info: scenario_name; value: scenario_10t_03_5r
info: number_of_tasks; value: 10
info: number_of_robots; value: 5
info: number_of_recharging_stations; value: 1
info: scenario_size; value: (200,200)
event: recharging_station_spawn; timestamp: 0; recharging_station: 1; pos: (0, 0)
event: task_spawn; timestamp: 0; task: 1; pos: (-37, -22); earliest_start: 0; latest_start: 1080; state: PENDING; required_workers: 3; success_prob: 0.5; max_attempts: 1
event: task_spawn; timestamp: 0; task: 2; pos: (50, -94); earliest_start: 0; latest_start: 810; state: PENDING; required_workers: 1; success_prob: 0.6; max_attempts: 1
event: task_spawn; timestamp: 0; task: 3; pos: (29, 46); earliest_start: 0; latest_start: 450; state: PENDING; required_workers: 1; success_prob: 0.8; max_attempts: 1
event: task_spawn; timestamp: 0; task: 4; pos: (4, 75); earliest_start: 0; latest_start: 720; state: PENDING; required_workers: 1; success_prob: 0.6; max_attempts: 1
event: task_spawn; timestamp: 0; task: 5; pos: (-92, -48); earliest_start: 0; latest_start: 720; state: PENDING; required_workers: 1; success_prob: 0.8; max_attempts: 1
event: task_spawn; timestamp: 0; task: 6; pos: (-48, -48); earliest_start: 0; latest_start: 810; state: PENDING; required_workers: 1; success_prob: 0.9; max_attempts: 1
event: task_spawn; timestamp: 0; task: 7; pos: (-46, -64); earliest_start: 0; latest_start: 900; state: PENDING; required_workers: 1; success_prob: 0.8; max_attempts: 1
event: task_spawn; timestamp: 0; task: 8; pos: (61, 13); earliest_start: 0; latest_start: 1080; state: PENDING; required_workers: 3; success_prob: 0.6; max_attempts: 1
event: task_spawn; timestamp: 0; task: 9; pos: (46, 95); earliest_start: 0; latest_start: 810; state: PENDING; required_workers: 3; success_prob: 0.6; max_attempts: 1
event: task_spawn; timestamp: 0; task: 10; pos: (-62, -34); earliest_start: 0; latest_start: 1080; state: PENDING; required_workers: 2; success_prob: 0.6; max_attempts: 1
event: robot_spawn; timestamp: 0; robot: 1; pos: (0, 0); state: AVAILABLE; battery_level: 100; battery_capacity: 100; velocity: 5; battery_rate_nav: 0.1
event: robot_spawn; timestamp: 0; robot: 2; pos: (0, 0); state: AVAILABLE; battery_level: 100; battery_capacity: 100; velocity: 5; battery_rate_nav: 0.1
event: robot_spawn; timestamp: 0; robot: 3; pos: (0, 0); state: AVAILABLE; battery_level: 100; battery_capacity: 100; velocity: 5; battery_rate_nav: 0.1
event: robot_spawn; timestamp: 0; robot: 4; pos: (0, 0); state: AVAILABLE; battery_level: 100; battery_capacity: 100; velocity: 5; battery_rate_nav: 0.1
event: robot_spawn; timestamp: 0; robot: 5; pos: (0, 0); state: AVAILABLE; battery_level: 100; battery_capacity: 100; velocity: 5; battery_rate_nav: 0.1
event: battery_consumption; timestamp: 0; robot: 3; time: 8.6093; initial_level: 100; final_level: 99.1391
event: navigation; timestamp: 0; robot: 3; time: 8.6093; src: (0, 0); dst: (-37, -22)
event: battery_consumption; timestamp: 0; robot: 1; time: 8.6093; initial_level: 100; final_level: 99.1391
event: navigation; timestamp: 0; robot: 1; time: 8.6093; src: (0, 0); dst: (-37, -22)
event: battery_consumption; timestamp: 0; robot: 4; time: 8.6093; initial_level: 100; final_level: 99.1391
event: navigation; timestamp: 0; robot: 4; time: 8.6093; src: (0, 0); dst: (-37, -22)
event: battery_consumption; timestamp: 0; robot: 2; time: 10.8757; initial_level: 100; final_level: 98.9124
event: navigation; timestamp: 0; robot: 2; time: 10.8757; src: (0, 0); dst: (29, 46)
event: battery_consumption; timestamp: 0; robot: 5; time: 12.474; initial_level: 100; final_level: 98.7526
event: navigation; timestamp: 0; robot: 5; time: 12.474; src: (0, 0); dst: (61, 13)
event: task_execution; timestamp: 8.6093; task: 1; robot: 1; pos: (-37, -22); time: 0
event: battery_consumption; timestamp: 8.6093; robot: 1; time: 0; initial_level: 99.1391; final_level: 99.1391
event: task_execution; timestamp: 8.6093; task: 1; robot: 3; pos: (-37, -22); time: 0
event: battery_consumption; timestamp: 8.6093; robot: 3; time: 0; initial_level: 99.1391; final_level: 99.1391
event: task_execution; timestamp: 8.6093; task: 1; robot: 4; pos: (-37, -22); time: 0
event: battery_consumption; timestamp: 8.6093; robot: 4; time: 0; initial_level: 99.1391; final_level: 99.1391
event: task_resolution; timestamp: 8.6093; task: 1; pos: (-37, -22); status: COMPLETED; attempt: 1
event: battery_consumption; timestamp: 8.6093; robot: 4; time: 5.54617; initial_level: 99.1391; final_level: 98.5845
event: navigation; timestamp: 8.6093; robot: 4; time: 5.54617; src: (-37, -22); dst: (-62, -34)
event: battery_consumption; timestamp: 8.6093; robot: 1; time: 5.54617; initial_level: 99.1391; final_level: 98.5845
event: navigation; timestamp: 8.6093; robot: 1; time: 5.54617; src: (-37, -22); dst: (-62, -34)
event: battery_consumption; timestamp: 8.6093; robot: 3; time: 5.64624; initial_level: 99.1391; final_level: 98.5744
event: navigation; timestamp: 8.6093; robot: 3; time: 5.64624; src: (-37, -22); dst: (-48, -48)
event: task_execution; timestamp: 10.8757; task: 3; robot: 2; pos: (29, 46); time: 0
event: battery_consumption; timestamp: 10.8757; robot: 2; time: 0; initial_level: 98.9124; final_level: 88.9124
event: task_resolution; timestamp: 10.8757; task: 3; pos: (29, 46); status: FAILED; attempt: 1
event: battery_consumption; timestamp: 10.8757; robot: 2; time: 7.65768; initial_level: 88.9124; final_level: 88.1467
event: navigation; timestamp: 10.8757; robot: 2; time: 7.65768; src: (29, 46); dst: (4, 75)
event: task_execution; timestamp: 14.2555; task: 6; robot: 3; pos: (-48, -48); time: 0
event: battery_consumption; timestamp: 14.2555; robot: 3; time: 0; initial_level: 98.5744; final_level: 98.5744
event: task_resolution; timestamp: 14.2555; task: 6; pos: (-48, -48); status: COMPLETED; attempt: 1
event: battery_consumption; timestamp: 14.2555; robot: 3; time: 3.2249; initial_level: 98.5744; final_level: 98.252
event: navigation; timestamp: 14.2555; robot: 3; time: 3.2249; src: (-48, -48); dst: (-46, -64)
event: task_execution; timestamp: 17.4804; task: 7; robot: 3; pos: (-46, -64); time: 0
event: battery_consumption; timestamp: 17.4804; robot: 3; time: 0; initial_level: 98.252; final_level: 98.252
event: task_resolution; timestamp: 17.4804; task: 7; pos: (-46, -64); status: COMPLETED; attempt: 1
event: battery_consumption; timestamp: 17.4804; robot: 3; time: 9.74064; initial_level: 98.252; final_level: 97.2779
event: navigation; timestamp: 17.4804; robot: 3; time: 9.74064; src: (-46, -64); dst: (-92, -48)
event: task_execution; timestamp: 18.5333; task: 4; robot: 2; pos: (4, 75); time: 31.7591
event: battery_consumption; timestamp: 18.5333; robot: 2; time: 31.7591; initial_level: 88.1467; final_level: 56.3875
event: task_resolution; timestamp: 50.2925; task: 4; pos: (4, 75); status: COMPLETED; attempt: 1
event: battery_consumption; timestamp: 50.2925; robot: 2; time: 9.30376; initial_level: 56.3875; final_level: 55.4572
event: navigation; timestamp: 50.2925; robot: 2; time: 9.30376; src: (4, 75); dst: (46, 95)
event: task_execution; timestamp: 27.2211; task: 5; robot: 3; pos: (-92, -48); time: 32.4258
event: battery_consumption; timestamp: 27.2211; robot: 3; time: 32.4258; initial_level: 97.2779; final_level: 64.8521
event: task_resolution; timestamp: 59.6469; task: 5; pos: (-92, -48); status: COMPLETED; attempt: 1
event: battery_consumption; timestamp: 59.6469; robot: 3; time: 29.853; initial_level: 64.8521; final_level: 61.8668
event: navigation; timestamp: 59.6469; robot: 3; time: 29.853; src: (-92, -48); dst: (50, -94)
event: task_execution; timestamp: 14.1555; task: 10; robot: 1; pos: (-62, -34); time: 45.5246
event: battery_consumption; timestamp: 14.1555; robot: 1; time: 45.5246; initial_level: 98.5845; final_level: 53.0598
event: task_execution; timestamp: 14.1555; task: 10; robot: 4; pos: (-62, -34); time: 45.5246
event: battery_consumption; timestamp: 14.1555; robot: 4; time: 45.5246; initial_level: 98.5845; final_level: 53.0598
event: task_resolution; timestamp: 59.6801; task: 10; pos: (-62, -34); status: COMPLETED; attempt: 1
event: battery_consumption; timestamp: 59.6801; robot: 1; time: 26.3348; initial_level: 53.0598; final_level: 50.4263
event: navigation; timestamp: 59.6801; robot: 1; time: 26.3348; src: (-62, -34); dst: (61, 13)
event: battery_consumption; timestamp: 59.6801; robot: 4; time: 26.3348; initial_level: 53.0598; final_level: 50.4263
event: navigation; timestamp: 59.6801; robot: 4; time: 26.3348; src: (-62, -34); dst: (61, 13)
event: task_execution; timestamp: 89.4999; task: 2; robot: 3; pos: (50, -94); time: 0
event: battery_consumption; timestamp: 89.4999; robot: 3; time: 0; initial_level: 61.8668; final_level: 61.8668
event: task_resolution; timestamp: 89.4999; task: 2; pos: (50, -94); status: COMPLETED; attempt: 1
event: battery_consumption; timestamp: 89.4999; robot: 3; time: 37.8085; initial_level: 61.8668; final_level: 58.0859
event: navigation; timestamp: 89.4999; robot: 3; time: 37.8085; src: (50, -94); dst: (46, 95)
event: task_execution; timestamp: 86.0149; task: 8; robot: 1; pos: (61, 13); time: 50.4263
event: battery_consumption; timestamp: 86.0149; robot: 1; time: 50.4263; initial_level: 50.4263; final_level: 40.4263
event: task_execution; timestamp: 86.0149; task: 8; robot: 4; pos: (61, 13); time: 50.4263
event: battery_consumption; timestamp: 86.0149; robot: 4; time: 50.4263; initial_level: 50.4263; final_level: 40.4263
event: task_execution; timestamp: 86.0149; task: 8; robot: 5; pos: (61, 13); time: 50.4263
event: battery_consumption; timestamp: 86.0149; robot: 5; time: 50.4263; initial_level: 98.7526; final_level: 88.7526
event: task_resolution; timestamp: 136.441; task: 8; pos: (61, 13); status: FAILED; attempt: 1
event: battery_consumption; timestamp: 136.441; robot: 4; time: 16.6721; initial_level: 40.4263; final_level: 38.7591
event: navigation; timestamp: 136.441; robot: 4; time: 16.6721; src: (61, 13); dst: (46, 95)
event: battery_consumption; timestamp: 136.441; robot: 5; time: 12.474; initial_level: 88.7526; final_level: 87.5052
event: navigation; timestamp: 136.441; robot: 5; time: 12.474; src: (61, 13); dst: (0, 0)
event: robot_finished; timestamp: 148.915; robot: 5; pos: (0, 0); battery: 87.5052
event: battery_consumption; timestamp: 136.441; robot: 1; time: 12.474; initial_level: 40.4263; final_level: 39.1789
event: navigation; timestamp: 136.441; robot: 1; time: 12.474; src: (61, 13); dst: (0, 0)
event: robot_finished; timestamp: 148.915; robot: 1; pos: (0, 0); battery: 39.1789
event: task_execution; timestamp: 153.113; task: 9; robot: 2; pos: (46, 95); time: 0
event: battery_consumption; timestamp: 153.113; robot: 2; time: 0; initial_level: 55.4572; final_level: 45.4572
event: task_execution; timestamp: 153.113; task: 9; robot: 3; pos: (46, 95); time: 0
event: battery_consumption; timestamp: 153.113; robot: 3; time: 0; initial_level: 58.0859; final_level: 48.0859
event: task_execution; timestamp: 153.113; task: 9; robot: 4; pos: (46, 95); time: 0
event: battery_consumption; timestamp: 153.113; robot: 4; time: 0; initial_level: 38.7591; final_level: 28.7591
event: task_resolution; timestamp: 153.113; task: 9; pos: (46, 95); status: FAILED; attempt: 1
event: battery_consumption; timestamp: 153.113; robot: 2; time: 21.1102; initial_level: 45.4572; final_level: 43.3461
event: navigation; timestamp: 153.113; robot: 2; time: 21.1102; src: (46, 95); dst: (0, 0)
event: robot_finished; timestamp: 174.224; robot: 2; pos: (0, 0); battery: 43.3461
event: battery_consumption; timestamp: 153.113; robot: 3; time: 21.1102; initial_level: 48.0859; final_level: 45.9749
event: navigation; timestamp: 153.113; robot: 3; time: 21.1102; src: (46, 95); dst: (0, 0)
event: robot_finished; timestamp: 174.224; robot: 3; pos: (0, 0); battery: 45.9749
event: battery_consumption; timestamp: 153.113; robot: 4; time: 21.1102; initial_level: 28.7591; final_level: 26.6481
event: navigation; timestamp: 153.113; robot: 4; time: 21.1102; src: (46, 95); dst: (0, 0)
event: robot_finished; timestamp: 174.224; robot: 4; pos: (0, 0); battery: 26.6481
metric: available_agents; value: 0
metric: failed_agents; value: 0
metric: finished_agents; value: 5
metric: completed_tasks; value: 7
metric: pending_tasks; value: 0
metric: failed_tasks; value: 3
metric: average_robot_makespan; value: 164.1
metric: sd_robot_makespan; value: 13.862
metric: max_robot_makespan; value: 174.224
metric: min_robot_makespan; value: 148.915
metric: average_robot_travel_distance; value: 321.125
metric: sd_robot_travel_distance; value: 172.846
metric: max_robot_travel_distance; value: 579.963
metric: min_robot_travel_distance; value: 124.74
metric: sum_robot_travel_distance; value: 1605.62
metric: average_completed_tasks_by_robot; value: 0
metric: sd_completed_tasks_by_robot; value: 0
metric: max_completed_tasks_by_robot; value: 0
metric: min_completed_tasks_by_robot; value: 0
metric: final_reward; value: 0.7
metric: computing_time; value: 0.000746293
