info: solver_name; value: greedy
info: reward_function; value: reward00
info: replica; value: 1
info: filename; value: ../logs/prueba/scenario_20t_03_5r_greedy_reward00_001.log
info: scenario_name; value: scenario_20t_03_5r
info: scenario_name; value: scenario_20t_03_5r
info: number_of_tasks; value: 20
info: number_of_robots; value: 5
info: number_of_recharging_stations; value: 1
info: scenario_size; value: (200,200)
event: recharging_station_spawn; timestamp: 0; recharging_station: 1; pos: (0, 0)
event: task_spawn; timestamp: 0; task: 1; pos: (63, -100); earliest_start: 0; latest_start: 540; state: PENDING; required_workers: 1; success_prob: 0.6; max_attempts: 1
event: task_spawn; timestamp: 0; task: 2; pos: (-1, -84); earliest_start: 0; latest_start: 900; state: PENDING; required_workers: 2; success_prob: 0.7; max_attempts: 1
event: task_spawn; timestamp: 0; task: 3; pos: (2, -86); earliest_start: 0; latest_start: 450; state: PENDING; required_workers: 1; success_prob: 0.6; max_attempts: 1
event: task_spawn; timestamp: 0; task: 4; pos: (-25, 58); earliest_start: 0; latest_start: 900; state: PENDING; required_workers: 3; success_prob: 0.8; max_attempts: 1
event: task_spawn; timestamp: 0; task: 5; pos: (43, 29); earliest_start: 0; latest_start: 630; state: PENDING; required_workers: 2; success_prob: 0.7; max_attempts: 1
event: task_spawn; timestamp: 0; task: 6; pos: (58, -53); earliest_start: 0; latest_start: 360; state: PENDING; required_workers: 1; success_prob: 0.6; max_attempts: 1
event: task_spawn; timestamp: 0; task: 7; pos: (-55, -77); earliest_start: 0; latest_start: 1080; state: PENDING; required_workers: 1; success_prob: 0.9; max_attempts: 1
event: task_spawn; timestamp: 0; task: 8; pos: (-1, -74); earliest_start: 0; latest_start: 540; state: PENDING; required_workers: 3; success_prob: 0.9; max_attempts: 1
event: task_spawn; timestamp: 0; task: 9; pos: (-36, 34); earliest_start: 0; latest_start: 720; state: PENDING; required_workers: 1; success_prob: 0.5; max_attempts: 1
event: task_spawn; timestamp: 0; task: 10; pos: (58, -73); earliest_start: 0; latest_start: 1080; state: PENDING; required_workers: 2; success_prob: 0.9; max_attempts: 1
event: task_spawn; timestamp: 0; task: 11; pos: (-45, -42); earliest_start: 0; latest_start: 450; state: PENDING; required_workers: 2; success_prob: 0.7; max_attempts: 1
event: task_spawn; timestamp: 0; task: 12; pos: (52, 9); earliest_start: 0; latest_start: 450; state: PENDING; required_workers: 1; success_prob: 0.7; max_attempts: 1
event: task_spawn; timestamp: 0; task: 13; pos: (-46, 3); earliest_start: 0; latest_start: 900; state: PENDING; required_workers: 1; success_prob: 0.8; max_attempts: 1
event: task_spawn; timestamp: 0; task: 14; pos: (54, -5); earliest_start: 0; latest_start: 360; state: PENDING; required_workers: 1; success_prob: 0.8; max_attempts: 1
event: task_spawn; timestamp: 0; task: 15; pos: (-58, 69); earliest_start: 0; latest_start: 270; state: PENDING; required_workers: 3; success_prob: 0.5; max_attempts: 1
event: task_spawn; timestamp: 0; task: 16; pos: (42, 91); earliest_start: 0; latest_start: 720; state: PENDING; required_workers: 2; success_prob: 0.8; max_attempts: 1
event: task_spawn; timestamp: 0; task: 17; pos: (-26, 57); earliest_start: 0; latest_start: 450; state: PENDING; required_workers: 3; success_prob: 0.5; max_attempts: 1
event: task_spawn; timestamp: 0; task: 18; pos: (52, -23); earliest_start: 0; latest_start: 360; state: PENDING; required_workers: 3; success_prob: 0.8; max_attempts: 1
event: task_spawn; timestamp: 0; task: 19; pos: (-98, 79); earliest_start: 0; latest_start: 900; state: PENDING; required_workers: 3; success_prob: 0.5; max_attempts: 1
event: task_spawn; timestamp: 0; task: 20; pos: (-92, 98); earliest_start: 0; latest_start: 630; state: PENDING; required_workers: 1; success_prob: 0.7; max_attempts: 1
event: robot_spawn; timestamp: 0; robot: 1; pos: (0, 0); state: AVAILABLE; battery_level: 100; battery_capacity: 100; velocity: 5; battery_rate_nav: 0.1
event: robot_spawn; timestamp: 0; robot: 2; pos: (0, 0); state: AVAILABLE; battery_level: 100; battery_capacity: 100; velocity: 5; battery_rate_nav: 0.1
event: robot_spawn; timestamp: 0; robot: 3; pos: (0, 0); state: AVAILABLE; battery_level: 100; battery_capacity: 100; velocity: 5; battery_rate_nav: 0.1
event: robot_spawn; timestamp: 0; robot: 4; pos: (0, 0); state: AVAILABLE; battery_level: 100; battery_capacity: 100; velocity: 5; battery_rate_nav: 0.1
event: robot_spawn; timestamp: 0; robot: 5; pos: (0, 0); state: AVAILABLE; battery_level: 100; battery_capacity: 100; velocity: 5; battery_rate_nav: 0.1
event: battery_consumption; timestamp: 0; robot: 5; time: 9.21954; initial_level: 100; final_level: 99.078
event: navigation; timestamp: 0; robot: 5; time: 9.21954; src: (0, 0); dst: (-46, 3)
event: battery_consumption; timestamp: 0; robot: 2; time: 9.90353; initial_level: 100; final_level: 99.0096
event: navigation; timestamp: 0; robot: 2; time: 9.90353; src: (0, 0); dst: (-36, 34)
event: battery_consumption; timestamp: 0; robot: 4; time: 10.373; initial_level: 100; final_level: 98.9627
event: navigation; timestamp: 0; robot: 4; time: 10.373; src: (0, 0); dst: (43, 29)
event: battery_consumption; timestamp: 0; robot: 1; time: 10.373; initial_level: 100; final_level: 98.9627
event: navigation; timestamp: 0; robot: 1; time: 10.373; src: (0, 0); dst: (43, 29)
event: battery_consumption; timestamp: 0; robot: 3; time: 10.5546; initial_level: 100; final_level: 98.9445
event: navigation; timestamp: 0; robot: 3; time: 10.5546; src: (0, 0); dst: (52, 9)
event: task_execution; timestamp: 10.373; task: 5; robot: 1; pos: (43, 29); time: 0
event: battery_consumption; timestamp: 10.373; robot: 1; time: 0; initial_level: 98.9627; final_level: 88.9627
event: task_execution; timestamp: 10.373; task: 5; robot: 4; pos: (43, 29); time: 0
event: battery_consumption; timestamp: 10.373; robot: 4; time: 0; initial_level: 98.9627; final_level: 88.9627
event: task_resolution; timestamp: 10.373; task: 5; pos: (43, 29); status: FAILED; attempt: 1
event: battery_consumption; timestamp: 10.373; robot: 1; time: 7.14703; initial_level: 88.9627; final_level: 88.248
event: navigation; timestamp: 10.373; robot: 1; time: 7.14703; src: (43, 29); dst: (54, -5)
event: battery_consumption; timestamp: 10.373; robot: 4; time: 10.5546; initial_level: 88.9627; final_level: 87.9072
event: navigation; timestamp: 10.373; robot: 4; time: 10.5546; src: (43, 29); dst: (52, -23)
event: task_execution; timestamp: 17.5201; task: 14; robot: 1; pos: (54, -5); time: 0
event: battery_consumption; timestamp: 17.5201; robot: 1; time: 0; initial_level: 88.248; final_level: 78.248
event: task_resolution; timestamp: 17.5201; task: 14; pos: (54, -5); status: FAILED; attempt: 1
event: battery_consumption; timestamp: 17.5201; robot: 1; time: 3.62215; initial_level: 78.248; final_level: 77.8858
event: navigation; timestamp: 17.5201; robot: 1; time: 3.62215; src: (54, -5); dst: (52, -23)
event: task_execution; timestamp: 10.5546; task: 12; robot: 3; pos: (52, 9); time: 31.6998
event: battery_consumption; timestamp: 10.5546; robot: 3; time: 31.6998; initial_level: 98.9445; final_level: 67.2447
event: task_resolution; timestamp: 42.2544; task: 12; pos: (52, 9); status: COMPLETED; attempt: 1
event: battery_consumption; timestamp: 42.2544; robot: 3; time: 6.4; initial_level: 67.2447; final_level: 66.6047
event: navigation; timestamp: 42.2544; robot: 3; time: 6.4; src: (52, 9); dst: (52, -23)
event: task_execution; timestamp: 48.6544; task: 18; robot: 1; pos: (52, -23); time: 0
event: battery_consumption; timestamp: 48.6544; robot: 1; time: 0; initial_level: 77.8858; final_level: 77.8858
event: task_execution; timestamp: 48.6544; task: 18; robot: 3; pos: (52, -23); time: 0
event: battery_consumption; timestamp: 48.6544; robot: 3; time: 0; initial_level: 66.6047; final_level: 66.6047
event: task_execution; timestamp: 48.6544; task: 18; robot: 4; pos: (52, -23); time: 0
event: battery_consumption; timestamp: 48.6544; robot: 4; time: 0; initial_level: 87.9072; final_level: 87.9072
event: task_resolution; timestamp: 48.6544; task: 18; pos: (52, -23); status: COMPLETED; attempt: 1
event: battery_consumption; timestamp: 48.6544; robot: 4; time: 6.11882; initial_level: 87.9072; final_level: 87.2954
event: navigation; timestamp: 48.6544; robot: 4; time: 6.11882; src: (52, -23); dst: (58, -53)
event: battery_consumption; timestamp: 48.6544; robot: 1; time: 10.0717; initial_level: 77.8858; final_level: 76.8786
event: navigation; timestamp: 48.6544; robot: 1; time: 10.0717; src: (52, -23); dst: (58, -73)
event: battery_consumption; timestamp: 48.6544; robot: 3; time: 10.0717; initial_level: 66.6047; final_level: 65.5976
event: navigation; timestamp: 48.6544; robot: 3; time: 10.0717; src: (52, -23); dst: (58, -73)
event: task_execution; timestamp: 54.7733; task: 6; robot: 4; pos: (58, -53); time: 0
event: battery_consumption; timestamp: 54.7733; robot: 4; time: 0; initial_level: 87.2954; final_level: 77.2954
event: task_resolution; timestamp: 54.7733; task: 6; pos: (58, -53); status: FAILED; attempt: 1
event: battery_consumption; timestamp: 54.7733; robot: 4; time: 9.45304; initial_level: 77.2954; final_level: 76.35
event: navigation; timestamp: 54.7733; robot: 4; time: 9.45304; src: (58, -53); dst: (63, -100)
event: task_execution; timestamp: 58.7262; task: 10; robot: 1; pos: (58, -73); time: 0
event: battery_consumption; timestamp: 58.7262; robot: 1; time: 0; initial_level: 76.8786; final_level: 66.8786
event: task_execution; timestamp: 58.7262; task: 10; robot: 3; pos: (58, -73); time: 0
event: battery_consumption; timestamp: 58.7262; robot: 3; time: 0; initial_level: 65.5976; final_level: 55.5976
event: task_resolution; timestamp: 58.7262; task: 10; pos: (58, -73); status: FAILED; attempt: 1
event: battery_consumption; timestamp: 58.7262; robot: 1; time: 11.4978; initial_level: 66.8786; final_level: 65.7288
event: navigation; timestamp: 58.7262; robot: 1; time: 11.4978; src: (58, -73); dst: (2, -86)
event: battery_consumption; timestamp: 58.7262; robot: 3; time: 11.8017; initial_level: 55.5976; final_level: 54.4174
event: navigation; timestamp: 58.7262; robot: 3; time: 11.8017; src: (58, -73); dst: (-1, -74)
event: task_execution; timestamp: 70.224; task: 3; robot: 1; pos: (2, -86); time: 0
event: battery_consumption; timestamp: 70.224; robot: 1; time: 0; initial_level: 65.7288; final_level: 65.7288
event: task_resolution; timestamp: 70.224; task: 3; pos: (2, -86); status: COMPLETED; attempt: 1
event: battery_consumption; timestamp: 70.224; robot: 1; time: 0.72111; initial_level: 65.7288; final_level: 65.6567
event: navigation; timestamp: 70.224; robot: 1; time: 0.72111; src: (2, -86); dst: (-1, -84)
event: task_execution; timestamp: 64.2263; task: 1; robot: 4; pos: (63, -100); time: 15.7248
event: battery_consumption; timestamp: 64.2263; robot: 4; time: 15.7248; initial_level: 76.35; final_level: 60.6253
event: task_resolution; timestamp: 79.9511; task: 1; pos: (63, -100); status: COMPLETED; attempt: 1
event: battery_consumption; timestamp: 79.9511; robot: 4; time: 13.1939; initial_level: 60.6253; final_level: 59.3059
event: navigation; timestamp: 79.9511; robot: 4; time: 13.1939; src: (63, -100); dst: (-1, -84)
event: task_execution; timestamp: 93.145; task: 2; robot: 1; pos: (-1, -84); time: 0
event: battery_consumption; timestamp: 93.145; robot: 1; time: 0; initial_level: 65.6567; final_level: 65.6567
event: task_execution; timestamp: 93.145; task: 2; robot: 4; pos: (-1, -84); time: 0
event: battery_consumption; timestamp: 93.145; robot: 4; time: 0; initial_level: 59.3059; final_level: 59.3059
event: task_resolution; timestamp: 93.145; task: 2; pos: (-1, -84); status: COMPLETED; attempt: 1
event: battery_consumption; timestamp: 93.145; robot: 1; time: 2; initial_level: 65.6567; final_level: 65.4567
event: navigation; timestamp: 93.145; robot: 1; time: 2; src: (-1, -84); dst: (-1, -74)
event: battery_consumption; timestamp: 93.145; robot: 4; time: 2; initial_level: 59.3059; final_level: 59.1059
event: navigation; timestamp: 93.145; robot: 4; time: 2; src: (-1, -84); dst: (-1, -74)
event: task_execution; timestamp: 95.145; task: 8; robot: 1; pos: (-1, -74); time: 0
event: battery_consumption; timestamp: 95.145; robot: 1; time: 0; initial_level: 65.4567; final_level: 65.4567
event: task_execution; timestamp: 95.145; task: 8; robot: 3; pos: (-1, -74); time: 0
event: battery_consumption; timestamp: 95.145; robot: 3; time: 0; initial_level: 54.4174; final_level: 54.4174
event: task_execution; timestamp: 95.145; task: 8; robot: 4; pos: (-1, -74); time: 0
event: battery_consumption; timestamp: 95.145; robot: 4; time: 0; initial_level: 59.1059; final_level: 59.1059
event: task_resolution; timestamp: 95.145; task: 8; pos: (-1, -74); status: COMPLETED; attempt: 1
event: battery_consumption; timestamp: 95.145; robot: 3; time: 10.8167; initial_level: 54.4174; final_level: 53.3357
event: navigation; timestamp: 95.145; robot: 3; time: 10.8167; src: (-1, -74); dst: (-55, -77)
event: battery_consumption; timestamp: 95.145; robot: 4; time: 10.8812; initial_level: 59.1059; final_level: 58.0177
event: navigation; timestamp: 95.145; robot: 4; time: 10.8812; src: (-1, -74); dst: (-45, -42)
event: battery_consumption; timestamp: 95.145; robot: 1; time: 10.8812; initial_level: 65.4567; final_level: 64.3686
event: navigation; timestamp: 95.145; robot: 1; time: 10.8812; src: (-1, -74); dst: (-45, -42)
event: task_execution; timestamp: 106.026; task: 11; robot: 1; pos: (-45, -42); time: 0
event: battery_consumption; timestamp: 106.026; robot: 1; time: 0; initial_level: 64.3686; final_level: 64.3686
event: task_execution; timestamp: 106.026; task: 11; robot: 4; pos: (-45, -42); time: 0
event: battery_consumption; timestamp: 106.026; robot: 4; time: 0; initial_level: 58.0177; final_level: 58.0177
event: task_resolution; timestamp: 106.026; task: 11; pos: (-45, -42); status: COMPLETED; attempt: 1
event: battery_consumption; timestamp: 106.026; robot: 4; time: 20.1613; initial_level: 58.0177; final_level: 56.0016
event: navigation; timestamp: 106.026; robot: 4; time: 20.1613; src: (-45, -42); dst: (-26, 57)
event: battery_consumption; timestamp: 106.026; robot: 1; time: 20.1613; initial_level: 64.3686; final_level: 62.3525
event: navigation; timestamp: 106.026; robot: 1; time: 20.1613; src: (-45, -42); dst: (-26, 57)
event: task_execution; timestamp: 9.21954; task: 13; robot: 5; pos: (-46, 3); time: 99.078
event: battery_consumption; timestamp: 9.21954; robot: 5; time: 99.078; initial_level: 99.078; final_level: 89.078
event: task_resolution; timestamp: 108.298; task: 13; pos: (-46, 3); status: FAILED; attempt: 1
event: battery_consumption; timestamp: 108.298; robot: 5; time: 11.5169; initial_level: 89.078; final_level: 87.9264
event: navigation; timestamp: 108.298; robot: 5; time: 11.5169; src: (-46, 3); dst: (-26, 57)
event: task_execution; timestamp: 9.90353; task: 9; robot: 2; pos: (-36, 34); time: 99.0096
event: battery_consumption; timestamp: 9.90353; robot: 2; time: 99.0096; initial_level: 99.0096; final_level: 89.0096
event: task_resolution; timestamp: 108.913; task: 9; pos: (-36, 34); status: FAILED; attempt: 1
event: battery_consumption; timestamp: 108.913; robot: 2; time: 5.28015; initial_level: 89.0096; final_level: 88.4816
event: navigation; timestamp: 108.913; robot: 2; time: 5.28015; src: (-36, 34); dst: (-25, 58)
event: task_execution; timestamp: 126.188; task: 17; robot: 1; pos: (-26, 57); time: 0
event: battery_consumption; timestamp: 126.188; robot: 1; time: 0; initial_level: 62.3525; final_level: 52.3525
event: task_execution; timestamp: 126.188; task: 17; robot: 4; pos: (-26, 57); time: 0
event: battery_consumption; timestamp: 126.188; robot: 4; time: 0; initial_level: 56.0016; final_level: 46.0016
event: task_execution; timestamp: 126.188; task: 17; robot: 5; pos: (-26, 57); time: 0
event: battery_consumption; timestamp: 126.188; robot: 5; time: 0; initial_level: 87.9264; final_level: 77.9264
event: task_resolution; timestamp: 126.188; task: 17; pos: (-26, 57); status: FAILED; attempt: 1
event: battery_consumption; timestamp: 126.188; robot: 1; time: 0.282843; initial_level: 52.3525; final_level: 52.3242
event: navigation; timestamp: 126.188; robot: 1; time: 0.282843; src: (-26, 57); dst: (-25, 58)
event: battery_consumption; timestamp: 126.188; robot: 5; time: 0.282843; initial_level: 77.9264; final_level: 77.8981
event: navigation; timestamp: 126.188; robot: 5; time: 0.282843; src: (-26, 57); dst: (-25, 58)
event: battery_consumption; timestamp: 126.188; robot: 4; time: 6.8352; initial_level: 46.0016; final_level: 45.3181
event: navigation; timestamp: 126.188; robot: 4; time: 6.8352; src: (-26, 57); dst: (-58, 69)
event: task_execution; timestamp: 105.962; task: 7; robot: 3; pos: (-55, -77); time: 53.3357
event: battery_consumption; timestamp: 105.962; robot: 3; time: 53.3357; initial_level: 53.3357; final_level: 43.3357
event: task_resolution; timestamp: 159.297; task: 7; pos: (-55, -77); status: FAILED; attempt: 1
event: battery_consumption; timestamp: 159.297; robot: 3; time: 29.2062; initial_level: 43.3357; final_level: 40.4151
event: navigation; timestamp: 159.297; robot: 3; time: 29.2062; src: (-55, -77); dst: (-58, 69)
event: task_execution; timestamp: 126.47; task: 4; robot: 1; pos: (-25, 58); time: 52.3242
event: battery_consumption; timestamp: 126.47; robot: 1; time: 52.3242; initial_level: 52.3242; final_level: 42.3242
event: task_execution; timestamp: 126.47; task: 4; robot: 2; pos: (-25, 58); time: 52.3242
event: battery_consumption; timestamp: 126.47; robot: 2; time: 52.3242; initial_level: 88.4816; final_level: 78.4816
event: task_execution; timestamp: 126.47; task: 4; robot: 5; pos: (-25, 58); time: 52.3242
event: battery_consumption; timestamp: 126.47; robot: 5; time: 52.3242; initial_level: 77.8981; final_level: 67.8981
event: task_resolution; timestamp: 178.795; task: 4; pos: (-25, 58); status: FAILED; attempt: 1
event: battery_consumption; timestamp: 178.795; robot: 5; time: 6.95701; initial_level: 67.8981; final_level: 67.2024
event: navigation; timestamp: 178.795; robot: 5; time: 6.95701; src: (-25, 58); dst: (-58, 69)
event: battery_consumption; timestamp: 178.795; robot: 1; time: 14.9372; initial_level: 42.3242; final_level: 40.8305
event: navigation; timestamp: 178.795; robot: 1; time: 14.9372; src: (-25, 58); dst: (42, 91)
event: battery_consumption; timestamp: 178.795; robot: 2; time: 14.9372; initial_level: 78.4816; final_level: 76.9879
event: navigation; timestamp: 178.795; robot: 2; time: 14.9372; src: (-25, 58); dst: (42, 91)
event: task_execution; timestamp: 193.732; task: 16; robot: 1; pos: (42, 91); time: 0
event: battery_consumption; timestamp: 193.732; robot: 1; time: 0; initial_level: 40.8305; final_level: 30.8305
event: task_execution; timestamp: 193.732; task: 16; robot: 2; pos: (42, 91); time: 0
event: battery_consumption; timestamp: 193.732; robot: 2; time: 0; initial_level: 76.9879; final_level: 66.9879
event: task_resolution; timestamp: 193.732; task: 16; pos: (42, 91); status: FAILED; attempt: 1
event: battery_consumption; timestamp: 193.732; robot: 1; time: 26.8365; initial_level: 30.8305; final_level: 28.1468
event: navigation; timestamp: 193.732; robot: 1; time: 26.8365; src: (42, 91); dst: (-92, 98)
event: battery_consumption; timestamp: 193.732; robot: 2; time: 28.1027; initial_level: 66.9879; final_level: 64.1776
event: navigation; timestamp: 193.732; robot: 2; time: 28.1027; src: (42, 91); dst: (-98, 79)
event: task_execution; timestamp: 188.504; task: 15; robot: 3; pos: (-58, 69); time: 40.4151
event: battery_consumption; timestamp: 188.504; robot: 3; time: 40.4151; initial_level: 40.4151; final_level: 30.4151
event: task_execution; timestamp: 188.504; task: 15; robot: 4; pos: (-58, 69); time: 40.4151
event: battery_consumption; timestamp: 188.504; robot: 4; time: 40.4151; initial_level: 45.3181; final_level: 35.3181
event: task_execution; timestamp: 188.504; task: 15; robot: 5; pos: (-58, 69); time: 40.4151
event: battery_consumption; timestamp: 188.504; robot: 5; time: 40.4151; initial_level: 67.2024; final_level: 57.2024
event: task_resolution; timestamp: 228.919; task: 15; pos: (-58, 69); status: FAILED; attempt: 1
event: battery_consumption; timestamp: 228.919; robot: 4; time: 8.24621; initial_level: 35.3181; final_level: 34.4935
event: navigation; timestamp: 228.919; robot: 4; time: 8.24621; src: (-58, 69); dst: (-98, 79)
event: battery_consumption; timestamp: 228.919; robot: 5; time: 8.24621; initial_level: 57.2024; final_level: 56.3777
event: navigation; timestamp: 228.919; robot: 5; time: 8.24621; src: (-58, 69); dst: (-98, 79)
event: battery_consumption; timestamp: 228.919; robot: 3; time: 18.0278; initial_level: 30.4151; final_level: 28.6123
event: navigation; timestamp: 228.919; robot: 3; time: 18.0278; src: (-58, 69); dst: (0, 0)
event: robot_finished; timestamp: 246.946; robot: 3; pos: (0, 0); battery: 28.6123
event: task_execution; timestamp: 237.165; task: 19; robot: 2; pos: (-98, 79); time: 3.16424
event: battery_consumption; timestamp: 237.165; robot: 2; time: 3.16424; initial_level: 64.1776; final_level: 61.0134
event: task_execution; timestamp: 237.165; task: 19; robot: 4; pos: (-98, 79); time: 3.16424
event: battery_consumption; timestamp: 237.165; robot: 4; time: 3.16424; initial_level: 34.4935; final_level: 31.3292
event: task_execution; timestamp: 237.165; task: 19; robot: 5; pos: (-98, 79); time: 3.16424
event: battery_consumption; timestamp: 237.165; robot: 5; time: 3.16424; initial_level: 56.3777; final_level: 53.2135
event: task_resolution; timestamp: 240.329; task: 19; pos: (-98, 79); status: COMPLETED; attempt: 1
event: battery_consumption; timestamp: 240.329; robot: 4; time: 25.1754; initial_level: 31.3292; final_level: 28.8117
event: navigation; timestamp: 240.329; robot: 4; time: 25.1754; src: (-98, 79); dst: (0, 0)
event: robot_finished; timestamp: 265.505; robot: 4; pos: (0, 0); battery: 28.8117
event: battery_consumption; timestamp: 240.329; robot: 5; time: 25.1754; initial_level: 53.2135; final_level: 50.696
event: navigation; timestamp: 240.329; robot: 5; time: 25.1754; src: (-98, 79); dst: (0, 0)
event: robot_finished; timestamp: 265.505; robot: 5; pos: (0, 0); battery: 50.696
event: battery_consumption; timestamp: 240.329; robot: 2; time: 25.1754; initial_level: 61.0134; final_level: 58.4959
event: navigation; timestamp: 240.329; robot: 2; time: 25.1754; src: (-98, 79); dst: (0, 0)
event: robot_finished; timestamp: 265.505; robot: 2; pos: (0, 0); battery: 58.4959
event: task_execution; timestamp: 220.568; task: 20; robot: 1; pos: (-92, 98); time: 28.1468
event: battery_consumption; timestamp: 220.568; robot: 1; time: 28.1468; initial_level: 28.1468; final_level: 18.1468
event: task_resolution; timestamp: 248.715; task: 20; pos: (-92, 98); status: FAILED; attempt: 1
event: battery_consumption; timestamp: 248.715; robot: 1; time: 26.8835; initial_level: 18.1468; final_level: 15.4585
event: navigation; timestamp: 248.715; robot: 1; time: 26.8835; src: (-92, 98); dst: (0, 0)
event: robot_finished; timestamp: 275.599; robot: 1; pos: (0, 0); battery: 15.4585
metric: available_agents; value: 0
metric: failed_agents; value: 0
metric: finished_agents; value: 5
metric: completed_tasks; value: 8
metric: pending_tasks; value: 0
metric: failed_tasks; value: 12
metric: average_robot_makespan; value: 263.812
metric: sd_robot_makespan; value: 10.3919
metric: max_robot_makespan; value: 275.599
metric: min_robot_makespan; value: 246.946
metric: average_robot_travel_distance; value: 510.084
metric: sd_robot_travel_distance; value: 164.817
metric: max_robot_travel_distance; value: 727.077
metric: min_robot_travel_distance; value: 306.99
metric: sum_robot_travel_distance; value: 2550.42
metric: average_completed_tasks_by_robot; value: 0
metric: sd_completed_tasks_by_robot; value: 0
metric: max_completed_tasks_by_robot; value: 0
metric: min_completed_tasks_by_robot; value: 0
metric: final_reward; value: 0.4
metric: computing_time; value: 0.00191438
