info: solver_name; value: cbaa
info: reward_function; value: reward00
info: replica; value: 1
info: filename; value: ../logs/prueba/scenario_10t_02_3r_cbaa_reward00_001.log
info: scenario_name; value: scenario_10t_02_3r
info: scenario_name; value: scenario_10t_02_3r
info: number_of_tasks; value: 10
info: number_of_robots; value: 3
info: number_of_recharging_stations; value: 1
info: scenario_size; value: (200,200)
event: recharging_station_spawn; timestamp: 0; recharging_station: 1; pos: (0, 0)
event: task_spawn; timestamp: 0; task: 1; pos: (17, 95); earliest_start: 0; latest_start: 270; state: PENDING; required_workers: 3; success_prob: 0.8; max_attempts: 1
event: task_spawn; timestamp: 0; task: 2; pos: (-29, 13); earliest_start: 0; latest_start: 540; state: PENDING; required_workers: 3; success_prob: 0.6; max_attempts: 1
event: task_spawn; timestamp: 0; task: 3; pos: (47, -55); earliest_start: 0; latest_start: 1080; state: PENDING; required_workers: 1; success_prob: 0.7; max_attempts: 1
event: task_spawn; timestamp: 0; task: 4; pos: (86, -18); earliest_start: 0; latest_start: 630; state: PENDING; required_workers: 2; success_prob: 0.9; max_attempts: 1
event: task_spawn; timestamp: 0; task: 5; pos: (35, 14); earliest_start: 0; latest_start: 720; state: PENDING; required_workers: 1; success_prob: 0.5; max_attempts: 1
event: task_spawn; timestamp: 0; task: 6; pos: (36, 16); earliest_start: 0; latest_start: 630; state: PENDING; required_workers: 3; success_prob: 0.7; max_attempts: 1
event: task_spawn; timestamp: 0; task: 7; pos: (2, 76); earliest_start: 0; latest_start: 450; state: PENDING; required_workers: 3; success_prob: 0.5; max_attempts: 1
event: task_spawn; timestamp: 0; task: 8; pos: (-82, 93); earliest_start: 0; latest_start: 1080; state: PENDING; required_workers: 3; success_prob: 0.8; max_attempts: 1
event: task_spawn; timestamp: 0; task: 9; pos: (91, 44); earliest_start: 0; latest_start: 1080; state: PENDING; required_workers: 3; success_prob: 0.7; max_attempts: 1
event: task_spawn; timestamp: 0; task: 10; pos: (10, 67); earliest_start: 0; latest_start: 810; state: PENDING; required_workers: 3; success_prob: 0.8; max_attempts: 1
event: robot_spawn; timestamp: 0; robot: 1; pos: (0, 0); state: AVAILABLE; battery_level: 100; battery_capacity: 100; velocity: 5; battery_rate_nav: 0.1
event: robot_spawn; timestamp: 0; robot: 2; pos: (0, 0); state: AVAILABLE; battery_level: 100; battery_capacity: 100; velocity: 5; battery_rate_nav: 0.1
event: robot_spawn; timestamp: 0; robot: 3; pos: (0, 0); state: AVAILABLE; battery_level: 100; battery_capacity: 100; velocity: 5; battery_rate_nav: 0.1
event: battery_consumption; timestamp: 0; robot: 1; time: 7.53923; initial_level: 100; final_level: 99.2461
event: navigation; timestamp: 0; robot: 1; time: 7.53923; src: (0, 0); dst: (35, 14)
event: battery_consumption; timestamp: 0; robot: 2; time: 17.5727; initial_level: 100; final_level: 98.2427
event: navigation; timestamp: 0; robot: 2; time: 17.5727; src: (0, 0); dst: (86, -18)
event: battery_consumption; timestamp: 0; robot: 3; time: 6.3561; initial_level: 100; final_level: 99.3644
event: navigation; timestamp: 0; robot: 3; time: 6.3561; src: (0, 0); dst: (-29, 13)
event: task_execution; timestamp: 7.53923; task: 5; robot: 1; pos: (35, 14); time: 0
event: battery_consumption; timestamp: 7.53923; robot: 1; time: 0; initial_level: 99.2461; final_level: 89.2461
event: task_resolution; timestamp: 7.53923; task: 5; pos: (35, 14); status: FAILED; attempt: 1
event: battery_consumption; timestamp: 7.53923; robot: 1; time: 12.0416; initial_level: 89.2461; final_level: 88.0419
event: navigation; timestamp: 7.53923; robot: 1; time: 12.0416; src: (35, 14); dst: (86, -18)
event: task_execution; timestamp: 19.5808; task: 4; robot: 1; pos: (86, -18); time: 57.6351
event: battery_consumption; timestamp: 19.5808; robot: 1; time: 57.6351; initial_level: 88.0419; final_level: 30.4068
event: task_execution; timestamp: 19.5808; task: 4; robot: 2; pos: (86, -18); time: 57.6351
event: battery_consumption; timestamp: 19.5808; robot: 2; time: 57.6351; initial_level: 98.2427; final_level: 40.6076
event: task_resolution; timestamp: 77.216; task: 4; pos: (86, -18); status: COMPLETED; attempt: 1
event: battery_consumption; timestamp: 77.216; robot: 1; time: 10.7517; initial_level: 30.4068; final_level: 29.3316
event: navigation; timestamp: 77.216; robot: 1; time: 10.7517; src: (86, -18); dst: (47, -55)
event: battery_consumption; timestamp: 77.216; robot: 2; time: 23.821; initial_level: 40.6076; final_level: 38.2255
event: navigation; timestamp: 77.216; robot: 2; time: 23.821; src: (86, -18); dst: (-29, 13)
event: task_execution; timestamp: 87.9677; task: 3; robot: 1; pos: (47, -55); time: 0
event: battery_consumption; timestamp: 87.9677; robot: 1; time: 0; initial_level: 29.3316; final_level: 19.3316
event: task_resolution; timestamp: 87.9677; task: 3; pos: (47, -55); status: FAILED; attempt: 1
event: battery_consumption; timestamp: 87.9677; robot: 1; time: 20.3961; initial_level: 19.3316; final_level: 17.292
event: navigation; timestamp: 87.9677; robot: 1; time: 20.3961; src: (47, -55); dst: (-29, 13)
event: task_execution; timestamp: 108.364; task: 2; robot: 1; pos: (-29, 13); time: 17.292
event: battery_consumption; timestamp: 108.364; robot: 1; time: 17.292; initial_level: 17.292; final_level: 7.292
event: task_execution; timestamp: 108.364; task: 2; robot: 2; pos: (-29, 13); time: 17.292
event: battery_consumption; timestamp: 108.364; robot: 2; time: 17.292; initial_level: 38.2255; final_level: 28.2255
event: task_execution; timestamp: 108.364; task: 2; robot: 3; pos: (-29, 13); time: 17.292
event: battery_consumption; timestamp: 108.364; robot: 3; time: 17.292; initial_level: 99.3644; final_level: 89.3644
event: task_resolution; timestamp: 125.656; task: 2; pos: (-29, 13); status: FAILED; attempt: 1
event: battery_consumption; timestamp: 125.656; robot: 2; time: 13.3222; initial_level: 28.2255; final_level: 26.8933
event: navigation; timestamp: 125.656; robot: 2; time: 13.3222; src: (-29, 13); dst: (10, 67)
event: battery_consumption; timestamp: 125.656; robot: 3; time: 13.3222; initial_level: 89.3644; final_level: 88.0322
event: navigation; timestamp: 125.656; robot: 3; time: 13.3222; src: (-29, 13); dst: (10, 67)
event: battery_consumption; timestamp: 125.656; robot: 1; time: 13.3222; initial_level: 7.292; final_level: 5.95979
event: navigation; timestamp: 125.656; robot: 1; time: 13.3222; src: (-29, 13); dst: (10, 67)
event: task_execution; timestamp: 138.978; task: 10; robot: 1; pos: (10, 67); time: 5.95979
event: battery_consumption; timestamp: 138.978; robot: 1; time: 5.95979; initial_level: 5.95979; final_level: -4.04021
event: robot_failed; timestamp: 144.938; robot: 1; pos: (10, 67)
event: task_execution; timestamp: 138.978; task: 10; robot: 2; pos: (10, 67); time: 5.95979
event: battery_consumption; timestamp: 138.978; robot: 2; time: 5.95979; initial_level: 26.8933; final_level: 16.8933
event: task_execution; timestamp: 138.978; task: 10; robot: 3; pos: (10, 67); time: 5.95979
event: battery_consumption; timestamp: 138.978; robot: 3; time: 5.95979; initial_level: 88.0322; final_level: 78.0322
event: task_resolution; timestamp: 144.938; task: 10; pos: (10, 67); status: FAILED; attempt: 1
event: battery_consumption; timestamp: 144.938; robot: 2; time: 2.40832; initial_level: 16.8933; final_level: 16.6524
event: navigation; timestamp: 144.938; robot: 2; time: 2.40832; src: (10, 67); dst: (2, 76)
event: battery_consumption; timestamp: 144.938; robot: 3; time: 2.40832; initial_level: 78.0322; final_level: 77.7913
event: navigation; timestamp: 144.938; robot: 3; time: 2.40832; src: (10, 67); dst: (2, 76)
event: battery_consumption; timestamp: 450; robot: 2; time: 13.7928; initial_level: 16.6524; final_level: 15.2732
event: navigation; timestamp: 450; robot: 2; time: 13.7928; src: (2, 76); dst: (36, 16)
event: battery_consumption; timestamp: 450; robot: 3; time: 13.7928; initial_level: 77.7913; final_level: 76.4121
event: navigation; timestamp: 450; robot: 3; time: 13.7928; src: (2, 76); dst: (36, 16)
event: battery_consumption; timestamp: 630; robot: 2; time: 12.3434; initial_level: 15.2732; final_level: 14.0388
event: navigation; timestamp: 630; robot: 2; time: 12.3434; src: (36, 16); dst: (91, 44)
event: battery_consumption; timestamp: 630; robot: 3; time: 12.3434; initial_level: 76.4121; final_level: 75.1777
event: navigation; timestamp: 630; robot: 3; time: 12.3434; src: (36, 16); dst: (91, 44)
event: battery_consumption; timestamp: 1080; robot: 2; time: 20.2158; initial_level: 14.0388; final_level: 12.0172
event: navigation; timestamp: 1080; robot: 2; time: 20.2158; src: (91, 44); dst: (0, 0)
event: robot_finished; timestamp: 1100.22; robot: 2; pos: (0, 0); battery: 12.0172
event: battery_consumption; timestamp: 1080; robot: 3; time: 20.2158; initial_level: 75.1777; final_level: 73.1561
event: navigation; timestamp: 1080; robot: 3; time: 20.2158; src: (91, 44); dst: (0, 0)
event: robot_finished; timestamp: 1100.22; robot: 3; pos: (0, 0); battery: 73.1561
metric: available_agents; value: 0
metric: failed_agents; value: 1
metric: finished_agents; value: 2
metric: completed_tasks; value: 1
metric: pending_tasks; value: 0
metric: failed_tasks; value: 9
metric: average_robot_makespan; value: 781.79
metric: sd_robot_makespan; value: 551.53
metric: max_robot_makespan; value: 1100.22
metric: min_robot_makespan; value: 144.938
metric: average_robot_travel_distance; value: 393.276
metric: sd_robot_travel_distance; value: 108.036
metric: max_robot_travel_distance; value: 517.381
metric: min_robot_travel_distance; value: 320.254
metric: sum_robot_travel_distance; value: 1179.83
metric: average_completed_tasks_by_robot; value: 0
metric: sd_completed_tasks_by_robot; value: 0
metric: max_completed_tasks_by_robot; value: 0
metric: min_completed_tasks_by_robot; value: 0
metric: final_reward; value: 0.1
metric: computing_time; value: 0.000646602
