info: solver_name; value: random
info: reward_function; value: reward00
info: replica; value: 1
info: filename; value: ../logs/prueba/scenario_15t_01_4r_random_reward00_001.log
info: scenario_name; value: scenario_15t_01_4r
info: scenario_name; value: scenario_15t_01_4r
info: number_of_tasks; value: 15
info: number_of_robots; value: 4
info: number_of_recharging_stations; value: 1
info: scenario_size; value: (200,200)
event: recharging_station_spawn; timestamp: 0; recharging_station: 1; pos: (0, 0)
event: task_spawn; timestamp: 0; task: 1; pos: (-93, -67); earliest_start: 0; latest_start: 270; state: PENDING; required_workers: 3; success_prob: 0.6; max_attempts: 1
event: task_spawn; timestamp: 0; task: 2; pos: (39, 78); earliest_start: 0; latest_start: 720; state: PENDING; required_workers: 3; success_prob: 0.9; max_attempts: 1
event: task_spawn; timestamp: 0; task: 3; pos: (17, -22); earliest_start: 0; latest_start: 720; state: PENDING; required_workers: 3; success_prob: 0.7; max_attempts: 1
event: task_spawn; timestamp: 0; task: 4; pos: (-72, -12); earliest_start: 0; latest_start: 450; state: PENDING; required_workers: 1; success_prob: 0.8; max_attempts: 1
event: task_spawn; timestamp: 0; task: 5; pos: (-35, -34); earliest_start: 0; latest_start: 540; state: PENDING; required_workers: 3; success_prob: 0.6; max_attempts: 1
event: task_spawn; timestamp: 0; task: 6; pos: (-69, 72); earliest_start: 0; latest_start: 900; state: PENDING; required_workers: 2; success_prob: 0.9; max_attempts: 1
event: task_spawn; timestamp: 0; task: 7; pos: (25, -100); earliest_start: 0; latest_start: 450; state: PENDING; required_workers: 3; success_prob: 0.6; max_attempts: 1
event: task_spawn; timestamp: 0; task: 8; pos: (84, 59); earliest_start: 0; latest_start: 360; state: PENDING; required_workers: 2; success_prob: 0.7; max_attempts: 1
event: task_spawn; timestamp: 0; task: 9; pos: (93, -19); earliest_start: 0; latest_start: 450; state: PENDING; required_workers: 2; success_prob: 0.5; max_attempts: 1
event: task_spawn; timestamp: 0; task: 10; pos: (-24, 66); earliest_start: 0; latest_start: 630; state: PENDING; required_workers: 2; success_prob: 0.6; max_attempts: 1
event: task_spawn; timestamp: 0; task: 11; pos: (-35, -89); earliest_start: 0; latest_start: 1080; state: PENDING; required_workers: 2; success_prob: 0.7; max_attempts: 1
event: task_spawn; timestamp: 0; task: 12; pos: (-98, 71); earliest_start: 0; latest_start: 540; state: PENDING; required_workers: 3; success_prob: 0.6; max_attempts: 1
event: task_spawn; timestamp: 0; task: 13; pos: (-99, 84); earliest_start: 0; latest_start: 360; state: PENDING; required_workers: 2; success_prob: 0.6; max_attempts: 1
event: task_spawn; timestamp: 0; task: 14; pos: (-23, -23); earliest_start: 0; latest_start: 630; state: PENDING; required_workers: 1; success_prob: 0.7; max_attempts: 1
event: task_spawn; timestamp: 0; task: 15; pos: (68, 11); earliest_start: 0; latest_start: 630; state: PENDING; required_workers: 1; success_prob: 0.6; max_attempts: 1
event: robot_spawn; timestamp: 0; robot: 1; pos: (0, 0); state: AVAILABLE; battery_level: 100; battery_capacity: 100; velocity: 5; battery_rate_nav: 0.1
event: robot_spawn; timestamp: 0; robot: 2; pos: (0, 0); state: AVAILABLE; battery_level: 100; battery_capacity: 100; velocity: 5; battery_rate_nav: 0.1
event: robot_spawn; timestamp: 0; robot: 3; pos: (0, 0); state: AVAILABLE; battery_level: 100; battery_capacity: 100; velocity: 5; battery_rate_nav: 0.1
event: robot_spawn; timestamp: 0; robot: 4; pos: (0, 0); state: AVAILABLE; battery_level: 100; battery_capacity: 100; velocity: 5; battery_rate_nav: 0.1
event: battery_consumption; timestamp: 0; robot: 1; time: 6.50538; initial_level: 100; final_level: 99.3495
event: navigation; timestamp: 0; robot: 1; time: 6.50538; src: (0, 0); dst: (-23, -23)
event: battery_consumption; timestamp: 0; robot: 2; time: 9.7591; initial_level: 100; final_level: 99.0241
event: navigation; timestamp: 0; robot: 2; time: 9.7591; src: (0, 0); dst: (-35, -34)
event: battery_consumption; timestamp: 0; robot: 3; time: 19.9449; initial_level: 100; final_level: 98.0055
event: navigation; timestamp: 0; robot: 3; time: 19.9449; src: (0, 0); dst: (-69, 72)
event: battery_consumption; timestamp: 0; robot: 4; time: 18.9842; initial_level: 100; final_level: 98.1016
event: navigation; timestamp: 0; robot: 4; time: 18.9842; src: (0, 0); dst: (93, -19)
event: task_execution; timestamp: 6.50538; task: 14; robot: 1; pos: (-23, -23); time: 99.3495
event: battery_consumption; timestamp: 6.50538; robot: 1; time: 99.3495; initial_level: 99.3495; final_level: 89.3495
event: task_resolution; timestamp: 105.855; task: 14; pos: (-23, -23); status: FAILED; attempt: 1
event: battery_consumption; timestamp: 105.855; robot: 1; time: 19.4288; initial_level: 89.3495; final_level: 87.4066
event: navigation; timestamp: 105.855; robot: 1; time: 19.4288; src: (-23, -23); dst: (68, 11)
event: task_execution; timestamp: 125.284; task: 15; robot: 1; pos: (68, 11); time: 0
event: battery_consumption; timestamp: 125.284; robot: 1; time: 0; initial_level: 87.4066; final_level: 77.4066
event: task_resolution; timestamp: 125.284; task: 15; pos: (68, 11); status: FAILED; attempt: 1
event: battery_consumption; timestamp: 125.284; robot: 1; time: 35.3021; initial_level: 77.4066; final_level: 73.8764
event: navigation; timestamp: 125.284; robot: 1; time: 35.3021; src: (68, 11); dst: (-98, 71)
event: battery_consumption; timestamp: 450; robot: 4; time: 37.1618; initial_level: 98.1016; final_level: 94.3854
event: navigation; timestamp: 450; robot: 4; time: 37.1618; src: (93, -19); dst: (-69, 72)
event: battery_consumption; timestamp: 540; robot: 2; time: 11; initial_level: 99.0241; final_level: 97.9241
event: navigation; timestamp: 540; robot: 2; time: 11; src: (-35, -34); dst: (-35, -89)
event: battery_consumption; timestamp: 540; robot: 1; time: 14.8337; initial_level: 73.8764; final_level: 72.393
event: navigation; timestamp: 540; robot: 1; time: 14.8337; src: (-98, 71); dst: (-24, 66)
event: task_execution; timestamp: 487.162; task: 6; robot: 3; pos: (-69, 72); time: 94.3854
event: battery_consumption; timestamp: 487.162; robot: 3; time: 94.3854; initial_level: 98.0055; final_level: 88.0055
event: task_execution; timestamp: 487.162; task: 6; robot: 4; pos: (-69, 72); time: 94.3854
event: battery_consumption; timestamp: 487.162; robot: 4; time: 94.3854; initial_level: 94.3854; final_level: 84.3854
event: task_resolution; timestamp: 581.547; task: 6; pos: (-69, 72); status: FAILED; attempt: 1
event: battery_consumption; timestamp: 581.547; robot: 4; time: 9.07965; initial_level: 84.3854; final_level: 83.4774
event: navigation; timestamp: 581.547; robot: 4; time: 9.07965; src: (-69, 72); dst: (-24, 66)
event: battery_consumption; timestamp: 581.547; robot: 3; time: 25.481; initial_level: 88.0055; final_level: 85.4574
event: navigation; timestamp: 581.547; robot: 3; time: 25.481; src: (-69, 72); dst: (17, -22)
event: task_execution; timestamp: 590.627; task: 10; robot: 1; pos: (-24, 66); time: 0
event: battery_consumption; timestamp: 590.627; robot: 1; time: 0; initial_level: 72.393; final_level: 62.393
event: task_execution; timestamp: 590.627; task: 10; robot: 4; pos: (-24, 66); time: 0
event: battery_consumption; timestamp: 590.627; robot: 4; time: 0; initial_level: 83.4774; final_level: 73.4774
event: task_resolution; timestamp: 590.627; task: 10; pos: (-24, 66); status: FAILED; attempt: 1
event: battery_consumption; timestamp: 590.627; robot: 4; time: 19.4165; initial_level: 73.4774; final_level: 71.5358
event: navigation; timestamp: 590.627; robot: 4; time: 19.4165; src: (-24, 66); dst: (17, -22)
event: battery_consumption; timestamp: 590.627; robot: 1; time: 12.8265; initial_level: 62.393; final_level: 61.1103
event: navigation; timestamp: 590.627; robot: 1; time: 12.8265; src: (-24, 66); dst: (39, 78)
event: battery_consumption; timestamp: 720; robot: 4; time: 16.9623; initial_level: 71.5358; final_level: 69.8396
event: navigation; timestamp: 720; robot: 4; time: 16.9623; src: (17, -22); dst: (-35, -89)
event: battery_consumption; timestamp: 720; robot: 3; time: 5.56058; initial_level: 85.4574; final_level: 84.9014
event: navigation; timestamp: 720; robot: 3; time: 5.56058; src: (17, -22); dst: (0, 0)
event: robot_finished; timestamp: 725.561; robot: 3; pos: (0, 0); battery: 84.9014
event: battery_consumption; timestamp: 720; robot: 1; time: 17.4413; initial_level: 61.1103; final_level: 59.3662
event: navigation; timestamp: 720; robot: 1; time: 17.4413; src: (39, 78); dst: (0, 0)
event: robot_finished; timestamp: 737.441; robot: 1; pos: (0, 0); battery: 59.3662
event: task_execution; timestamp: 736.962; task: 11; robot: 2; pos: (-35, -89); time: 69.8396
event: battery_consumption; timestamp: 736.962; robot: 2; time: 69.8396; initial_level: 97.9241; final_level: 87.9241
event: task_execution; timestamp: 736.962; task: 11; robot: 4; pos: (-35, -89); time: 69.8396
event: battery_consumption; timestamp: 736.962; robot: 4; time: 69.8396; initial_level: 69.8396; final_level: 59.8396
event: task_resolution; timestamp: 806.802; task: 11; pos: (-35, -89); status: FAILED; attempt: 1
event: battery_consumption; timestamp: 806.802; robot: 2; time: 19.1269; initial_level: 87.9241; final_level: 86.0114
event: navigation; timestamp: 806.802; robot: 2; time: 19.1269; src: (-35, -89); dst: (0, 0)
event: robot_finished; timestamp: 825.929; robot: 2; pos: (0, 0); battery: 86.0114
event: battery_consumption; timestamp: 806.802; robot: 4; time: 19.1269; initial_level: 59.8396; final_level: 57.9269
event: navigation; timestamp: 806.802; robot: 4; time: 19.1269; src: (-35, -89); dst: (0, 0)
event: robot_finished; timestamp: 825.929; robot: 4; pos: (0, 0); battery: 57.9269
metric: available_agents; value: 0
metric: failed_agents; value: 0
metric: finished_agents; value: 4
metric: completed_tasks; value: 0
metric: pending_tasks; value: 0
metric: failed_tasks; value: 15
metric: average_robot_makespan; value: 778.715
metric: sd_robot_makespan; value: 54.7333
metric: max_robot_makespan; value: 825.929
metric: min_robot_makespan; value: 725.561
metric: average_robot_travel_distance; value: 397.427
metric: sd_robot_travel_distance; value: 200.054
metric: max_robot_travel_distance; value: 603.657
metric: min_robot_travel_distance; value: 199.43
metric: sum_robot_travel_distance; value: 1589.71
metric: average_completed_tasks_by_robot; value: 0
metric: sd_completed_tasks_by_robot; value: 0
metric: max_completed_tasks_by_robot; value: 0
metric: min_completed_tasks_by_robot; value: 0
metric: final_reward; value: 0
metric: computing_time; value: 0.000650854
