info: solver_name; value: random
info: reward_function; value: reward00
info: replica; value: 22
info: filename; value: ../logs/prueba/scenario_12_06_01_random_reward00_022.log
info: scenario_name; value: scenario_12_06_01
info: scenario_name; value: scenario_12_06_01
info: number_of_tasks; value: 12
info: number_of_robots; value: 6
info: number_of_recharging_stations; value: 1
info: scenario_size; value: (200,200)
event: recharging_station_spawn; timestamp: 0; recharging_station: 1; pos: (0, 0)
event: task_spawn; timestamp: 0; task: 1; pos: (-70.0709, -68.0831); earliest_start: 0; latest_start: 1080; state: PENDING; required_workers: 3; success_prob: 0.8; max_attempts: 1
event: task_spawn; timestamp: 0; task: 2; pos: (-17.4248, -96.1114); earliest_start: 0; latest_start: 810; state: PENDING; required_workers: 3; success_prob: 0.8; max_attempts: 1
event: task_spawn; timestamp: 0; task: 3; pos: (-29.5006, -24.1376); earliest_start: 0; latest_start: 1080; state: PENDING; required_workers: 2; success_prob: 0.8; max_attempts: 1
event: task_spawn; timestamp: 0; task: 4; pos: (6.58351, -36.5381); earliest_start: 0; latest_start: 540; state: PENDING; required_workers: 1; success_prob: 0.8; max_attempts: 1
event: task_spawn; timestamp: 0; task: 5; pos: (-46.7684, -52.5449); earliest_start: 0; latest_start: 540; state: PENDING; required_workers: 3; success_prob: 0.8; max_attempts: 1
event: task_spawn; timestamp: 0; task: 6; pos: (-87.1468, -93.4297); earliest_start: 0; latest_start: 810; state: PENDING; required_workers: 2; success_prob: 0.8; max_attempts: 1
event: task_spawn; timestamp: 0; task: 7; pos: (-74.758, -54.3258); earliest_start: 0; latest_start: 540; state: PENDING; required_workers: 2; success_prob: 0.8; max_attempts: 1
event: task_spawn; timestamp: 0; task: 8; pos: (-1.29451, 32.4663); earliest_start: 0; latest_start: 540; state: PENDING; required_workers: 2; success_prob: 0.8; max_attempts: 1
event: task_spawn; timestamp: 0; task: 9; pos: (60.5478, -15.9338); earliest_start: 0; latest_start: 1080; state: PENDING; required_workers: 1; success_prob: 0.8; max_attempts: 1
event: task_spawn; timestamp: 0; task: 10; pos: (56.8755, 43.1394); earliest_start: 0; latest_start: 810; state: PENDING; required_workers: 2; success_prob: 0.8; max_attempts: 1
event: task_spawn; timestamp: 0; task: 11; pos: (-24.173, 41.1999); earliest_start: 0; latest_start: 540; state: PENDING; required_workers: 2; success_prob: 0.8; max_attempts: 1
event: task_spawn; timestamp: 0; task: 12; pos: (72.2993, -29.315); earliest_start: 0; latest_start: 1080; state: PENDING; required_workers: 1; success_prob: 0.8; max_attempts: 1
event: robot_spawn; timestamp: 0; robot: 1; pos: (0, 0); state: AVAILABLE; battery_level: 100; battery_capacity: 100; velocity: 5; battery_rate_nav: 0.1
event: robot_spawn; timestamp: 0; robot: 2; pos: (0, 0); state: AVAILABLE; battery_level: 100; battery_capacity: 100; velocity: 5; battery_rate_nav: 0.1
event: robot_spawn; timestamp: 0; robot: 3; pos: (0, 0); state: AVAILABLE; battery_level: 100; battery_capacity: 100; velocity: 5; battery_rate_nav: 0.1
event: robot_spawn; timestamp: 0; robot: 4; pos: (0, 0); state: AVAILABLE; battery_level: 100; battery_capacity: 100; velocity: 5; battery_rate_nav: 0.1
event: robot_spawn; timestamp: 0; robot: 5; pos: (0, 0); state: AVAILABLE; battery_level: 100; battery_capacity: 100; velocity: 5; battery_rate_nav: 0.1
event: robot_spawn; timestamp: 0; robot: 6; pos: (0, 0); state: AVAILABLE; battery_level: 100; battery_capacity: 100; velocity: 5; battery_rate_nav: 0.1
event: battery_consumption; timestamp: 0; robot: 4; time: 19.5399; initial_level: 100; final_level: 98.046
event: navigation; timestamp: 0; robot: 4; time: 19.5399; src: (0, 0); dst: (-70.0709, -68.0831)
event: battery_consumption; timestamp: 0; robot: 3; time: 25.5528; initial_level: 100; final_level: 97.4447
event: navigation; timestamp: 0; robot: 3; time: 25.5528; src: (0, 0); dst: (-87.1468, -93.4297)
event: battery_consumption; timestamp: 0; robot: 1; time: 25.5528; initial_level: 100; final_level: 97.4447
event: navigation; timestamp: 0; robot: 1; time: 25.5528; src: (0, 0); dst: (-87.1468, -93.4297)
event: battery_consumption; timestamp: 0; robot: 6; time: 12.5219; initial_level: 100; final_level: 98.7478
event: navigation; timestamp: 0; robot: 6; time: 12.5219; src: (0, 0); dst: (60.5478, -15.9338)
event: battery_consumption; timestamp: 0; robot: 5; time: 7.4253; initial_level: 100; final_level: 99.2575
event: navigation; timestamp: 0; robot: 5; time: 7.4253; src: (0, 0); dst: (6.58351, -36.5381)
event: battery_consumption; timestamp: 0; robot: 2; time: 7.62341; initial_level: 100; final_level: 99.2377
event: navigation; timestamp: 0; robot: 2; time: 7.62341; src: (0, 0); dst: (-29.5006, -24.1376)
event: task_execution; timestamp: 12.5219; task: 9; robot: 6; pos: (60.5478, -15.9338); time: 0
event: battery_consumption; timestamp: 12.5219; robot: 6; time: 0; initial_level: 98.7478; final_level: 88.7478
event: task_resolution; timestamp: 12.5219; task: 9; pos: (60.5478, -15.9338); status: FAILED; attempt: 1
event: battery_consumption; timestamp: 12.5219; robot: 6; time: 20.4371; initial_level: 88.7478; final_level: 86.7041
event: navigation; timestamp: 12.5219; robot: 6; time: 20.4371; src: (60.5478, -15.9338); dst: (-24.173, 41.1999)
event: task_execution; timestamp: 25.5528; task: 6; robot: 1; pos: (-87.1468, -93.4297); time: 0
event: battery_consumption; timestamp: 25.5528; robot: 1; time: 0; initial_level: 97.4447; final_level: 97.4447
event: task_execution; timestamp: 25.5528; task: 6; robot: 3; pos: (-87.1468, -93.4297); time: 0
event: battery_consumption; timestamp: 25.5528; robot: 3; time: 0; initial_level: 97.4447; final_level: 97.4447
event: task_resolution; timestamp: 25.5528; task: 6; pos: (-87.1468, -93.4297); status: COMPLETED; attempt: 1
event: battery_consumption; timestamp: 25.5528; robot: 3; time: 8.2039; initial_level: 97.4447; final_level: 96.6243
event: navigation; timestamp: 25.5528; robot: 3; time: 8.2039; src: (-87.1468, -93.4297); dst: (-74.758, -54.3258)
event: battery_consumption; timestamp: 25.5528; robot: 1; time: 13.9547; initial_level: 97.4447; final_level: 96.0492
event: navigation; timestamp: 25.5528; robot: 1; time: 13.9547; src: (-87.1468, -93.4297); dst: (-17.4248, -96.1114)
event: task_execution; timestamp: 7.4253; task: 4; robot: 5; pos: (6.58351, -36.5381); time: 99.2575
event: battery_consumption; timestamp: 7.4253; robot: 5; time: 99.2575; initial_level: 99.2575; final_level: 89.2575
event: task_resolution; timestamp: 106.683; task: 4; pos: (6.58351, -36.5381); status: FAILED; attempt: 1
event: battery_consumption; timestamp: 106.683; robot: 5; time: 18.8444; initial_level: 89.2575; final_level: 87.373
event: navigation; timestamp: 106.683; robot: 5; time: 18.8444; src: (6.58351, -36.5381); dst: (56.8755, 43.1394)
event: battery_consumption; timestamp: 540; robot: 6; time: 13.1109; initial_level: 86.7041; final_level: 85.393
event: navigation; timestamp: 540; robot: 6; time: 13.1109; src: (-24.173, 41.1999); dst: (-29.5006, -24.1376)
event: battery_consumption; timestamp: 540; robot: 3; time: 14.1889; initial_level: 96.6243; final_level: 95.2054
event: navigation; timestamp: 540; robot: 3; time: 14.1889; src: (-74.758, -54.3258); dst: (-17.4248, -96.1114)
event: task_execution; timestamp: 553.111; task: 3; robot: 2; pos: (-29.5006, -24.1376); time: 85.393
event: battery_consumption; timestamp: 553.111; robot: 2; time: 85.393; initial_level: 99.2377; final_level: 89.2377
event: task_execution; timestamp: 553.111; task: 3; robot: 6; pos: (-29.5006, -24.1376); time: 85.393
event: battery_consumption; timestamp: 553.111; robot: 6; time: 85.393; initial_level: 85.393; final_level: 75.393
event: task_resolution; timestamp: 638.504; task: 3; pos: (-29.5006, -24.1376); status: FAILED; attempt: 1
event: battery_consumption; timestamp: 638.504; robot: 6; time: 14.596; initial_level: 75.393; final_level: 73.9334
event: navigation; timestamp: 638.504; robot: 6; time: 14.596; src: (-29.5006, -24.1376); dst: (-17.4248, -96.1114)
event: battery_consumption; timestamp: 638.504; robot: 2; time: 20.3863; initial_level: 89.2377; final_level: 87.199
event: navigation; timestamp: 638.504; robot: 2; time: 20.3863; src: (-29.5006, -24.1376); dst: (72.2993, -29.315)
event: task_execution; timestamp: 653.1; task: 2; robot: 1; pos: (-17.4248, -96.1114); time: 0
event: battery_consumption; timestamp: 653.1; robot: 1; time: 0; initial_level: 96.0492; final_level: 96.0492
event: task_execution; timestamp: 653.1; task: 2; robot: 3; pos: (-17.4248, -96.1114); time: 0
event: battery_consumption; timestamp: 653.1; robot: 3; time: 0; initial_level: 95.2054; final_level: 95.2054
event: task_execution; timestamp: 653.1; task: 2; robot: 6; pos: (-17.4248, -96.1114); time: 0
event: battery_consumption; timestamp: 653.1; robot: 6; time: 0; initial_level: 73.9334; final_level: 73.9334
event: task_resolution; timestamp: 653.1; task: 2; pos: (-17.4248, -96.1114); status: COMPLETED; attempt: 1
event: battery_consumption; timestamp: 653.1; robot: 6; time: 11.9284; initial_level: 73.9334; final_level: 72.7406
event: navigation; timestamp: 653.1; robot: 6; time: 11.9284; src: (-17.4248, -96.1114); dst: (-70.0709, -68.0831)
event: battery_consumption; timestamp: 653.1; robot: 3; time: 11.9284; initial_level: 95.2054; final_level: 94.0126
event: navigation; timestamp: 653.1; robot: 3; time: 11.9284; src: (-17.4248, -96.1114); dst: (-70.0709, -68.0831)
event: battery_consumption; timestamp: 653.1; robot: 1; time: 31.5666; initial_level: 96.0492; final_level: 92.8926
event: navigation; timestamp: 653.1; robot: 1; time: 31.5666; src: (-17.4248, -96.1114); dst: (56.8755, 43.1394)
event: task_execution; timestamp: 658.89; task: 12; robot: 2; pos: (72.2993, -29.315); time: 0
event: battery_consumption; timestamp: 658.89; robot: 2; time: 0; initial_level: 87.199; final_level: 77.199
event: task_resolution; timestamp: 658.89; task: 12; pos: (72.2993, -29.315); status: FAILED; attempt: 1
event: battery_consumption; timestamp: 658.89; robot: 2; time: 15.6033; initial_level: 77.199; final_level: 75.6387
event: navigation; timestamp: 658.89; robot: 2; time: 15.6033; src: (72.2993, -29.315); dst: (0, 0)
event: robot_finished; timestamp: 674.493; robot: 2; pos: (0, 0); battery: 75.6387
event: task_execution; timestamp: 684.666; task: 10; robot: 1; pos: (56.8755, 43.1394); time: 0
event: battery_consumption; timestamp: 684.666; robot: 1; time: 0; initial_level: 92.8926; final_level: 92.8926
event: task_execution; timestamp: 684.666; task: 10; robot: 5; pos: (56.8755, 43.1394); time: 0
event: battery_consumption; timestamp: 684.666; robot: 5; time: 0; initial_level: 87.373; final_level: 87.373
event: task_resolution; timestamp: 684.666; task: 10; pos: (56.8755, 43.1394); status: COMPLETED; attempt: 1
event: battery_consumption; timestamp: 684.666; robot: 5; time: 14.277; initial_level: 87.373; final_level: 85.9453
event: navigation; timestamp: 684.666; robot: 5; time: 14.277; src: (56.8755, 43.1394); dst: (0, 0)
event: robot_finished; timestamp: 698.944; robot: 5; pos: (0, 0); battery: 85.9453
event: battery_consumption; timestamp: 684.666; robot: 1; time: 14.277; initial_level: 92.8926; final_level: 91.4649
event: navigation; timestamp: 684.666; robot: 1; time: 14.277; src: (56.8755, 43.1394); dst: (0, 0)
event: robot_finished; timestamp: 698.944; robot: 1; pos: (0, 0); battery: 91.4649
event: task_execution; timestamp: 665.028; task: 1; robot: 3; pos: (-70.0709, -68.0831); time: 72.7406
event: battery_consumption; timestamp: 665.028; robot: 3; time: 72.7406; initial_level: 94.0126; final_level: 84.0126
event: task_execution; timestamp: 665.028; task: 1; robot: 4; pos: (-70.0709, -68.0831); time: 72.7406
event: battery_consumption; timestamp: 665.028; robot: 4; time: 72.7406; initial_level: 98.046; final_level: 88.046
event: task_execution; timestamp: 665.028; task: 1; robot: 6; pos: (-70.0709, -68.0831); time: 72.7406
event: battery_consumption; timestamp: 665.028; robot: 6; time: 72.7406; initial_level: 72.7406; final_level: 62.7406
event: task_resolution; timestamp: 737.769; task: 1; pos: (-70.0709, -68.0831); status: FAILED; attempt: 1
event: battery_consumption; timestamp: 737.769; robot: 6; time: 19.5399; initial_level: 62.7406; final_level: 60.7866
event: navigation; timestamp: 737.769; robot: 6; time: 19.5399; src: (-70.0709, -68.0831); dst: (0, 0)
event: robot_finished; timestamp: 757.309; robot: 6; pos: (0, 0); battery: 60.7866
event: battery_consumption; timestamp: 737.769; robot: 4; time: 19.5399; initial_level: 88.046; final_level: 86.092
event: navigation; timestamp: 737.769; robot: 4; time: 19.5399; src: (-70.0709, -68.0831); dst: (0, 0)
event: robot_finished; timestamp: 757.309; robot: 4; pos: (0, 0); battery: 86.092
event: battery_consumption; timestamp: 737.769; robot: 3; time: 19.5399; initial_level: 84.0126; final_level: 82.0586
event: navigation; timestamp: 737.769; robot: 3; time: 19.5399; src: (-70.0709, -68.0831); dst: (0, 0)
event: robot_finished; timestamp: 757.309; robot: 3; pos: (0, 0); battery: 82.0586
metric: available_agents; value: 0
metric: failed_agents; value: 0
metric: finished_agents; value: 6
metric: completed_tasks; value: 3
metric: pending_tasks; value: 0
metric: failed_tasks; value: 9
metric: average_robot_makespan; value: 724.051
metric: sd_robot_makespan; value: 37.5099
metric: max_robot_makespan; value: 757.309
metric: min_robot_makespan; value: 674.493
metric: average_robot_travel_distance; value: 316.783
metric: sd_robot_travel_distance; value: 123.879
metric: max_robot_travel_distance; value: 460.671
metric: min_robot_travel_distance; value: 195.399
metric: sum_robot_travel_distance; value: 1900.7
metric: average_completed_tasks_by_robot; value: 0
metric: sd_completed_tasks_by_robot; value: 0
metric: max_completed_tasks_by_robot; value: 0
metric: min_completed_tasks_by_robot; value: 0
metric: final_reward; value: 0.25
metric: computing_time; value: 0.0466565
