info: solver_name; value: cbaa
info: reward_function; value: reward00
info: replica; value: 7
info: filename; value: ../logs/prueba/scenario_12_06_01_cbaa_reward00_007.log
info: scenario_name; value: scenario_12_06_01
info: scenario_name; value: scenario_12_06_01
info: number_of_tasks; value: 12
info: number_of_robots; value: 6
info: number_of_recharging_stations; value: 1
info: scenario_size; value: (200,200)
event: recharging_station_spawn; timestamp: 0; recharging_station: 1; pos: (0, 0)
event: task_spawn; timestamp: 0; task: 1; pos: (-70.0709, -68.0831); earliest_start: 0; latest_start: 1080; state: PENDING; required_workers: 3; success_prob: 0.8; max_attempts: 1
event: task_spawn; timestamp: 0; task: 2; pos: (-17.4248, -96.1114); earliest_start: 0; latest_start: 810; state: PENDING; required_workers: 3; success_prob: 0.8; max_attempts: 1
event: task_spawn; timestamp: 0; task: 3; pos: (-29.5006, -24.1376); earliest_start: 0; latest_start: 1080; state: PENDING; required_workers: 2; success_prob: 0.8; max_attempts: 1
event: task_spawn; timestamp: 0; task: 4; pos: (6.58351, -36.5381); earliest_start: 0; latest_start: 540; state: PENDING; required_workers: 1; success_prob: 0.8; max_attempts: 1
event: task_spawn; timestamp: 0; task: 5; pos: (-46.7684, -52.5449); earliest_start: 0; latest_start: 540; state: PENDING; required_workers: 3; success_prob: 0.8; max_attempts: 1
event: task_spawn; timestamp: 0; task: 6; pos: (-87.1468, -93.4297); earliest_start: 0; latest_start: 810; state: PENDING; required_workers: 2; success_prob: 0.8; max_attempts: 1
event: task_spawn; timestamp: 0; task: 7; pos: (-74.758, -54.3258); earliest_start: 0; latest_start: 540; state: PENDING; required_workers: 2; success_prob: 0.8; max_attempts: 1
event: task_spawn; timestamp: 0; task: 8; pos: (-1.29451, 32.4663); earliest_start: 0; latest_start: 540; state: PENDING; required_workers: 2; success_prob: 0.8; max_attempts: 1
event: task_spawn; timestamp: 0; task: 9; pos: (60.5478, -15.9338); earliest_start: 0; latest_start: 1080; state: PENDING; required_workers: 1; success_prob: 0.8; max_attempts: 1
event: task_spawn; timestamp: 0; task: 10; pos: (56.8755, 43.1394); earliest_start: 0; latest_start: 810; state: PENDING; required_workers: 2; success_prob: 0.8; max_attempts: 1
event: task_spawn; timestamp: 0; task: 11; pos: (-24.173, 41.1999); earliest_start: 0; latest_start: 540; state: PENDING; required_workers: 2; success_prob: 0.8; max_attempts: 1
event: task_spawn; timestamp: 0; task: 12; pos: (72.2993, -29.315); earliest_start: 0; latest_start: 1080; state: PENDING; required_workers: 1; success_prob: 0.8; max_attempts: 1
event: robot_spawn; timestamp: 0; robot: 1; pos: (0, 0); state: AVAILABLE; battery_level: 100; battery_capacity: 100; velocity: 5; battery_rate_nav: 0.1
event: robot_spawn; timestamp: 0; robot: 2; pos: (0, 0); state: AVAILABLE; battery_level: 100; battery_capacity: 100; velocity: 5; battery_rate_nav: 0.1
event: robot_spawn; timestamp: 0; robot: 3; pos: (0, 0); state: AVAILABLE; battery_level: 100; battery_capacity: 100; velocity: 5; battery_rate_nav: 0.1
event: robot_spawn; timestamp: 0; robot: 4; pos: (0, 0); state: AVAILABLE; battery_level: 100; battery_capacity: 100; velocity: 5; battery_rate_nav: 0.1
event: robot_spawn; timestamp: 0; robot: 5; pos: (0, 0); state: AVAILABLE; battery_level: 100; battery_capacity: 100; velocity: 5; battery_rate_nav: 0.1
event: robot_spawn; timestamp: 0; robot: 6; pos: (0, 0); state: AVAILABLE; battery_level: 100; battery_capacity: 100; velocity: 5; battery_rate_nav: 0.1
event: battery_consumption; timestamp: 0; robot: 1; time: 6.49842; initial_level: 100; final_level: 99.3502
event: navigation; timestamp: 0; robot: 1; time: 6.49842; src: (0, 0); dst: (-1.29451, 32.4663)
event: battery_consumption; timestamp: 0; robot: 3; time: 7.62341; initial_level: 100; final_level: 99.2377
event: navigation; timestamp: 0; robot: 3; time: 7.62341; src: (0, 0); dst: (-29.5006, -24.1376)
event: battery_consumption; timestamp: 0; robot: 2; time: 6.49842; initial_level: 100; final_level: 99.3502
event: navigation; timestamp: 0; robot: 2; time: 6.49842; src: (0, 0); dst: (-1.29451, 32.4663)
event: battery_consumption; timestamp: 0; robot: 4; time: 7.4253; initial_level: 100; final_level: 99.2575
event: navigation; timestamp: 0; robot: 4; time: 7.4253; src: (0, 0); dst: (6.58351, -36.5381)
event: battery_consumption; timestamp: 0; robot: 5; time: 7.62341; initial_level: 100; final_level: 99.2377
event: navigation; timestamp: 0; robot: 5; time: 7.62341; src: (0, 0); dst: (-29.5006, -24.1376)
event: battery_consumption; timestamp: 0; robot: 6; time: 9.55357; initial_level: 100; final_level: 99.0446
event: navigation; timestamp: 0; robot: 6; time: 9.55357; src: (0, 0); dst: (-24.173, 41.1999)
event: task_execution; timestamp: 7.4253; task: 4; robot: 4; pos: (6.58351, -36.5381); time: 15.5284
event: battery_consumption; timestamp: 7.4253; robot: 4; time: 15.5284; initial_level: 99.2575; final_level: 83.7291
event: task_resolution; timestamp: 22.9537; task: 4; pos: (6.58351, -36.5381); status: COMPLETED; attempt: 1
event: battery_consumption; timestamp: 22.9537; robot: 4; time: 11.1403; initial_level: 83.7291; final_level: 82.6151
event: navigation; timestamp: 22.9537; robot: 4; time: 11.1403; src: (6.58351, -36.5381); dst: (-46.7684, -52.5449)
event: task_execution; timestamp: 6.49842; task: 8; robot: 1; pos: (-1.29451, 32.4663); time: 99.3502
event: battery_consumption; timestamp: 6.49842; robot: 1; time: 99.3502; initial_level: 99.3502; final_level: 89.3502
event: task_execution; timestamp: 6.49842; task: 8; robot: 2; pos: (-1.29451, 32.4663); time: 99.3502
event: battery_consumption; timestamp: 6.49842; robot: 2; time: 99.3502; initial_level: 99.3502; final_level: 89.3502
event: task_resolution; timestamp: 105.849; task: 8; pos: (-1.29451, 32.4663); status: FAILED; attempt: 1
event: battery_consumption; timestamp: 105.849; robot: 1; time: 4.89776; initial_level: 89.3502; final_level: 88.8604
event: navigation; timestamp: 105.849; robot: 1; time: 4.89776; src: (-1.29451, 32.4663); dst: (-24.173, 41.1999)
event: battery_consumption; timestamp: 105.849; robot: 2; time: 11.8282; initial_level: 89.3502; final_level: 88.1673
event: navigation; timestamp: 105.849; robot: 2; time: 11.8282; src: (-1.29451, 32.4663); dst: (56.8755, 43.1394)
event: task_execution; timestamp: 7.62341; task: 3; robot: 3; pos: (-29.5006, -24.1376); time: 99.2377
event: battery_consumption; timestamp: 7.62341; robot: 3; time: 99.2377; initial_level: 99.2377; final_level: 89.2377
event: task_execution; timestamp: 7.62341; task: 3; robot: 5; pos: (-29.5006, -24.1376); time: 99.2377
event: battery_consumption; timestamp: 7.62341; robot: 5; time: 99.2377; initial_level: 99.2377; final_level: 89.2377
event: task_resolution; timestamp: 106.861; task: 3; pos: (-29.5006, -24.1376); status: FAILED; attempt: 1
event: battery_consumption; timestamp: 106.861; robot: 5; time: 6.64876; initial_level: 89.2377; final_level: 88.5728
event: navigation; timestamp: 106.861; robot: 5; time: 6.64876; src: (-29.5006, -24.1376); dst: (-46.7684, -52.5449)
event: battery_consumption; timestamp: 106.861; robot: 3; time: 6.64876; initial_level: 89.2377; final_level: 88.5728
event: navigation; timestamp: 106.861; robot: 3; time: 6.64876; src: (-29.5006, -24.1376); dst: (-46.7684, -52.5449)
event: task_execution; timestamp: 110.746; task: 11; robot: 1; pos: (-24.173, 41.1999); time: 0
event: battery_consumption; timestamp: 110.746; robot: 1; time: 0; initial_level: 88.8604; final_level: 78.8604
event: task_execution; timestamp: 110.746; task: 11; robot: 6; pos: (-24.173, 41.1999); time: 0
event: battery_consumption; timestamp: 110.746; robot: 6; time: 0; initial_level: 99.0446; final_level: 89.0446
event: task_resolution; timestamp: 110.746; task: 11; pos: (-24.173, 41.1999); status: FAILED; attempt: 1
event: battery_consumption; timestamp: 110.746; robot: 6; time: 9.55357; initial_level: 89.0446; final_level: 88.0893
event: navigation; timestamp: 110.746; robot: 6; time: 9.55357; src: (-24.173, 41.1999); dst: (0, 0)
event: robot_finished; timestamp: 120.3; robot: 6; pos: (0, 0); battery: 88.0893
event: battery_consumption; timestamp: 110.746; robot: 1; time: 16.2143; initial_level: 78.8604; final_level: 77.2389
event: navigation; timestamp: 110.746; robot: 1; time: 16.2143; src: (-24.173, 41.1999); dst: (56.8755, 43.1394)
event: task_execution; timestamp: 126.961; task: 10; robot: 1; pos: (56.8755, 43.1394); time: 0
event: battery_consumption; timestamp: 126.961; robot: 1; time: 0; initial_level: 77.2389; final_level: 77.2389
event: task_execution; timestamp: 126.961; task: 10; robot: 2; pos: (56.8755, 43.1394); time: 0
event: battery_consumption; timestamp: 126.961; robot: 2; time: 0; initial_level: 88.1673; final_level: 88.1673
event: task_resolution; timestamp: 126.961; task: 10; pos: (56.8755, 43.1394); status: COMPLETED; attempt: 1
event: battery_consumption; timestamp: 126.961; robot: 2; time: 31.5666; initial_level: 88.1673; final_level: 85.0107
event: navigation; timestamp: 126.961; robot: 2; time: 31.5666; src: (56.8755, 43.1394); dst: (-17.4248, -96.1114)
event: battery_consumption; timestamp: 126.961; robot: 1; time: 11.8374; initial_level: 77.2389; final_level: 76.0552
event: navigation; timestamp: 126.961; robot: 1; time: 11.8374; src: (56.8755, 43.1394); dst: (60.5478, -15.9338)
event: task_execution; timestamp: 138.798; task: 9; robot: 1; pos: (60.5478, -15.9338); time: 0
event: battery_consumption; timestamp: 138.798; robot: 1; time: 0; initial_level: 76.0552; final_level: 76.0552
event: task_resolution; timestamp: 138.798; task: 9; pos: (60.5478, -15.9338); status: COMPLETED; attempt: 1
event: battery_consumption; timestamp: 138.798; robot: 1; time: 3.56177; initial_level: 76.0552; final_level: 75.699
event: navigation; timestamp: 138.798; robot: 1; time: 3.56177; src: (60.5478, -15.9338); dst: (72.2993, -29.315)
event: task_execution; timestamp: 142.36; task: 12; robot: 1; pos: (72.2993, -29.315); time: 0
event: battery_consumption; timestamp: 142.36; robot: 1; time: 0; initial_level: 75.699; final_level: 75.699
event: task_resolution; timestamp: 142.36; task: 12; pos: (72.2993, -29.315); status: COMPLETED; attempt: 1
event: battery_consumption; timestamp: 142.36; robot: 1; time: 22.3716; initial_level: 75.699; final_level: 73.4619
event: navigation; timestamp: 142.36; robot: 1; time: 22.3716; src: (72.2993, -29.315); dst: (-17.4248, -96.1114)
event: task_execution; timestamp: 113.51; task: 5; robot: 3; pos: (-46.7684, -52.5449); time: 75.7251
event: battery_consumption; timestamp: 113.51; robot: 3; time: 75.7251; initial_level: 88.5728; final_level: 12.8477
event: task_execution; timestamp: 113.51; task: 5; robot: 4; pos: (-46.7684, -52.5449); time: 75.7251
event: battery_consumption; timestamp: 113.51; robot: 4; time: 75.7251; initial_level: 82.6151; final_level: 6.88999
event: task_execution; timestamp: 113.51; task: 5; robot: 5; pos: (-46.7684, -52.5449); time: 75.7251
event: battery_consumption; timestamp: 113.51; robot: 5; time: 75.7251; initial_level: 88.5728; final_level: 12.8477
event: task_resolution; timestamp: 189.235; task: 5; pos: (-46.7684, -52.5449); status: COMPLETED; attempt: 1
event: battery_consumption; timestamp: 189.235; robot: 4; time: 5.60158; initial_level: 6.88999; final_level: 6.32983
event: navigation; timestamp: 189.235; robot: 4; time: 5.60158; src: (-46.7684, -52.5449); dst: (-70.0709, -68.0831)
event: battery_consumption; timestamp: 189.235; robot: 3; time: 5.60158; initial_level: 12.8477; final_level: 12.2876
event: navigation; timestamp: 189.235; robot: 3; time: 5.60158; src: (-46.7684, -52.5449); dst: (-70.0709, -68.0831)
event: battery_consumption; timestamp: 189.235; robot: 5; time: 5.60158; initial_level: 12.8477; final_level: 12.2876
event: navigation; timestamp: 189.235; robot: 5; time: 5.60158; src: (-46.7684, -52.5449); dst: (-70.0709, -68.0831)
event: task_execution; timestamp: 194.836; task: 1; robot: 3; pos: (-70.0709, -68.0831); time: 0
event: battery_consumption; timestamp: 194.836; robot: 3; time: 0; initial_level: 12.2876; final_level: 12.2876
event: task_execution; timestamp: 194.836; task: 1; robot: 4; pos: (-70.0709, -68.0831); time: 0
event: battery_consumption; timestamp: 194.836; robot: 4; time: 0; initial_level: 6.32983; final_level: 6.32983
event: task_execution; timestamp: 194.836; task: 1; robot: 5; pos: (-70.0709, -68.0831); time: 0
event: battery_consumption; timestamp: 194.836; robot: 5; time: 0; initial_level: 12.2876; final_level: 12.2876
event: task_resolution; timestamp: 194.836; task: 1; pos: (-70.0709, -68.0831); status: COMPLETED; attempt: 1
event: battery_consumption; timestamp: 194.836; robot: 4; time: 2.90677; initial_level: 6.32983; final_level: 6.03915
event: navigation; timestamp: 194.836; robot: 4; time: 2.90677; src: (-70.0709, -68.0831); dst: (-74.758, -54.3258)
event: battery_consumption; timestamp: 194.836; robot: 3; time: 2.90677; initial_level: 12.2876; final_level: 11.9969
event: navigation; timestamp: 194.836; robot: 3; time: 2.90677; src: (-70.0709, -68.0831); dst: (-74.758, -54.3258)
event: battery_consumption; timestamp: 194.836; robot: 5; time: 6.1124; initial_level: 12.2876; final_level: 11.6763
event: navigation; timestamp: 194.836; robot: 5; time: 6.1124; src: (-70.0709, -68.0831); dst: (-87.1468, -93.4297)
event: task_execution; timestamp: 197.743; task: 7; robot: 3; pos: (-74.758, -54.3258); time: 6.03915
event: battery_consumption; timestamp: 197.743; robot: 3; time: 6.03915; initial_level: 11.9969; final_level: 1.99688
event: task_execution; timestamp: 197.743; task: 7; robot: 4; pos: (-74.758, -54.3258); time: 6.03915
event: battery_consumption; timestamp: 197.743; robot: 4; time: 6.03915; initial_level: 6.03915; final_level: -3.96085
event: robot_failed; timestamp: 203.782; robot: 4; pos: (-74.758, -54.3258)
event: task_resolution; timestamp: 203.782; task: 7; pos: (-74.758, -54.3258); status: FAILED; attempt: 1
event: battery_consumption; timestamp: 203.782; robot: 3; time: 8.2039; initial_level: 1.99688; final_level: 1.17649
event: navigation; timestamp: 203.782; robot: 3; time: 8.2039; src: (-74.758, -54.3258); dst: (-87.1468, -93.4297)
event: task_execution; timestamp: 211.986; task: 6; robot: 3; pos: (-87.1468, -93.4297); time: 1.17649
event: battery_consumption; timestamp: 211.986; robot: 3; time: 1.17649; initial_level: 1.17649; final_level: -8.82351
event: robot_failed; timestamp: 213.163; robot: 3; pos: (-87.1468, -93.4297)
event: task_execution; timestamp: 211.986; task: 6; robot: 5; pos: (-87.1468, -93.4297); time: 1.17649
event: battery_consumption; timestamp: 211.986; robot: 5; time: 1.17649; initial_level: 11.6763; final_level: 1.67632
event: task_resolution; timestamp: 213.163; task: 6; pos: (-87.1468, -93.4297); status: FAILED; attempt: 1
event: battery_consumption; timestamp: 213.163; robot: 5; time: 13.9547; initial_level: 1.67632; final_level: 0.280845
event: navigation; timestamp: 213.163; robot: 5; time: 13.9547; src: (-87.1468, -93.4297); dst: (-17.4248, -96.1114)
event: task_execution; timestamp: 227.117; task: 2; robot: 1; pos: (-17.4248, -96.1114); time: 0.280845
event: battery_consumption; timestamp: 227.117; robot: 1; time: 0.280845; initial_level: 73.4619; final_level: 63.4619
event: task_execution; timestamp: 227.117; task: 2; robot: 2; pos: (-17.4248, -96.1114); time: 0.280845
event: battery_consumption; timestamp: 227.117; robot: 2; time: 0.280845; initial_level: 85.0107; final_level: 75.0107
event: task_execution; timestamp: 227.117; task: 2; robot: 5; pos: (-17.4248, -96.1114); time: 0.280845
event: battery_consumption; timestamp: 227.117; robot: 5; time: 0.280845; initial_level: 0.280845; final_level: -9.71915
event: robot_failed; timestamp: 227.398; robot: 5; pos: (-17.4248, -96.1114)
event: task_resolution; timestamp: 227.398; task: 2; pos: (-17.4248, -96.1114); status: FAILED; attempt: 1
event: battery_consumption; timestamp: 227.398; robot: 2; time: 19.5356; initial_level: 75.0107; final_level: 73.0571
event: navigation; timestamp: 227.398; robot: 2; time: 19.5356; src: (-17.4248, -96.1114); dst: (0, 0)
event: robot_finished; timestamp: 246.934; robot: 2; pos: (0, 0); battery: 73.0571
event: battery_consumption; timestamp: 227.398; robot: 1; time: 19.5356; initial_level: 63.4619; final_level: 61.5083
event: navigation; timestamp: 227.398; robot: 1; time: 19.5356; src: (-17.4248, -96.1114); dst: (0, 0)
event: robot_finished; timestamp: 246.934; robot: 1; pos: (0, 0); battery: 61.5083
metric: available_agents; value: 0
metric: failed_agents; value: 3
metric: finished_agents; value: 3
metric: completed_tasks; value: 6
metric: pending_tasks; value: 0
metric: failed_tasks; value: 6
metric: average_robot_makespan; value: 209.752
metric: sd_robot_makespan; value: 47.1706
metric: max_robot_makespan; value: 246.934
metric: min_robot_makespan; value: 120.3
metric: average_robot_travel_distance; value: 226.21
metric: sd_robot_travel_distance; value: 130.453
metric: max_robot_travel_distance; value: 424.585
metric: min_robot_travel_distance; value: 95.5357
metric: sum_robot_travel_distance; value: 1357.26
metric: average_completed_tasks_by_robot; value: 0
metric: sd_completed_tasks_by_robot; value: 0
metric: max_completed_tasks_by_robot; value: 0
metric: min_completed_tasks_by_robot; value: 0
metric: final_reward; value: 0.5
metric: computing_time; value: 0.0182374
