info: solver_name; value: cbba
info: reward_function; value: reward00
info: replica; value: 1
info: filename; value: ../logs/prueba/scenario_15t_04_4r_cbba_reward00_001.log
info: scenario_name; value: scenario_15t_04_4r
info: scenario_name; value: scenario_15t_04_4r
info: number_of_tasks; value: 15
info: number_of_robots; value: 4
info: number_of_recharging_stations; value: 1
info: scenario_size; value: (200,200)
event: recharging_station_spawn; timestamp: 0; recharging_station: 1; pos: (0, 0)
event: task_spawn; timestamp: 0; task: 1; pos: (-71, -75); earliest_start: 0; latest_start: 450; state: PENDING; required_workers: 1; success_prob: 0.8; max_attempts: 1
event: task_spawn; timestamp: 0; task: 2; pos: (7, 92); earliest_start: 0; latest_start: 540; state: PENDING; required_workers: 2; success_prob: 0.8; max_attempts: 1
event: task_spawn; timestamp: 0; task: 3; pos: (26, 51); earliest_start: 0; latest_start: 270; state: PENDING; required_workers: 2; success_prob: 0.8; max_attempts: 1
event: task_spawn; timestamp: 0; task: 4; pos: (10, 21); earliest_start: 0; latest_start: 270; state: PENDING; required_workers: 1; success_prob: 0.8; max_attempts: 1
event: task_spawn; timestamp: 0; task: 5; pos: (28, -68); earliest_start: 0; latest_start: 630; state: PENDING; required_workers: 1; success_prob: 0.7; max_attempts: 1
event: task_spawn; timestamp: 0; task: 6; pos: (-21, -25); earliest_start: 0; latest_start: 270; state: PENDING; required_workers: 2; success_prob: 0.6; max_attempts: 1
event: task_spawn; timestamp: 0; task: 7; pos: (-60, -5); earliest_start: 0; latest_start: 630; state: PENDING; required_workers: 2; success_prob: 0.8; max_attempts: 1
event: task_spawn; timestamp: 0; task: 8; pos: (-32, -86); earliest_start: 0; latest_start: 720; state: PENDING; required_workers: 3; success_prob: 0.7; max_attempts: 1
event: task_spawn; timestamp: 0; task: 9; pos: (73, 52); earliest_start: 0; latest_start: 900; state: PENDING; required_workers: 1; success_prob: 0.7; max_attempts: 1
event: task_spawn; timestamp: 0; task: 10; pos: (35, 47); earliest_start: 0; latest_start: 900; state: PENDING; required_workers: 1; success_prob: 0.6; max_attempts: 1
event: task_spawn; timestamp: 0; task: 11; pos: (-77, -9); earliest_start: 0; latest_start: 450; state: PENDING; required_workers: 2; success_prob: 0.7; max_attempts: 1
event: task_spawn; timestamp: 0; task: 12; pos: (-22, -38); earliest_start: 0; latest_start: 1080; state: PENDING; required_workers: 1; success_prob: 0.7; max_attempts: 1
event: task_spawn; timestamp: 0; task: 13; pos: (12, 12); earliest_start: 0; latest_start: 630; state: PENDING; required_workers: 3; success_prob: 0.9; max_attempts: 1
event: task_spawn; timestamp: 0; task: 14; pos: (-27, 43); earliest_start: 0; latest_start: 720; state: PENDING; required_workers: 2; success_prob: 0.6; max_attempts: 1
event: task_spawn; timestamp: 0; task: 15; pos: (75, -41); earliest_start: 0; latest_start: 540; state: PENDING; required_workers: 3; success_prob: 0.8; max_attempts: 1
event: robot_spawn; timestamp: 0; robot: 1; pos: (0, 0); state: AVAILABLE; battery_level: 100; battery_capacity: 100; velocity: 5; battery_rate_nav: 0.1
event: robot_spawn; timestamp: 0; robot: 2; pos: (0, 0); state: AVAILABLE; battery_level: 100; battery_capacity: 100; velocity: 5; battery_rate_nav: 0.1
event: robot_spawn; timestamp: 0; robot: 3; pos: (0, 0); state: AVAILABLE; battery_level: 100; battery_capacity: 100; velocity: 5; battery_rate_nav: 0.1
event: robot_spawn; timestamp: 0; robot: 4; pos: (0, 0); state: AVAILABLE; battery_level: 100; battery_capacity: 100; velocity: 5; battery_rate_nav: 0.1
event: battery_consumption; timestamp: 0; robot: 3; time: 4.65188; initial_level: 100; final_level: 99.5348
event: navigation; timestamp: 0; robot: 3; time: 4.65188; src: (0, 0); dst: (10, 21)
event: battery_consumption; timestamp: 0; robot: 4; time: 8.7818; initial_level: 100; final_level: 99.1218
event: navigation; timestamp: 0; robot: 4; time: 8.7818; src: (0, 0); dst: (-22, -38)
event: battery_consumption; timestamp: 0; robot: 1; time: 14.7078; initial_level: 100; final_level: 98.5292
event: navigation; timestamp: 0; robot: 1; time: 14.7078; src: (0, 0); dst: (28, -68)
event: battery_consumption; timestamp: 0; robot: 2; time: 3.39411; initial_level: 100; final_level: 99.6606
event: navigation; timestamp: 0; robot: 2; time: 3.39411; src: (0, 0); dst: (12, 12)
event: task_execution; timestamp: 4.65188; task: 4; robot: 3; pos: (10, 21); time: 0
event: battery_consumption; timestamp: 4.65188; robot: 3; time: 0; initial_level: 99.5348; final_level: 89.5348
event: task_resolution; timestamp: 4.65188; task: 4; pos: (10, 21); status: FAILED; attempt: 1
event: battery_consumption; timestamp: 4.65188; robot: 3; time: 1.84391; initial_level: 89.5348; final_level: 89.3504
event: navigation; timestamp: 4.65188; robot: 3; time: 1.84391; src: (10, 21); dst: (12, 12)
event: task_execution; timestamp: 8.7818; task: 12; robot: 4; pos: (-22, -38); time: 0
event: battery_consumption; timestamp: 8.7818; robot: 4; time: 0; initial_level: 99.1218; final_level: 99.1218
event: task_resolution; timestamp: 8.7818; task: 12; pos: (-22, -38); status: COMPLETED; attempt: 1
event: battery_consumption; timestamp: 8.7818; robot: 4; time: 12.093; initial_level: 99.1218; final_level: 97.9125
event: navigation; timestamp: 8.7818; robot: 4; time: 12.093; src: (-22, -38); dst: (12, 12)
event: task_execution; timestamp: 14.7078; task: 5; robot: 1; pos: (28, -68); time: 0
event: battery_consumption; timestamp: 14.7078; robot: 1; time: 0; initial_level: 98.5292; final_level: 88.5292
event: task_resolution; timestamp: 14.7078; task: 5; pos: (28, -68); status: FAILED; attempt: 1
event: battery_consumption; timestamp: 14.7078; robot: 1; time: 19.8494; initial_level: 88.5292; final_level: 86.5443
event: navigation; timestamp: 14.7078; robot: 1; time: 19.8494; src: (28, -68); dst: (-71, -75)
event: task_execution; timestamp: 34.5573; task: 1; robot: 1; pos: (-71, -75); time: 27.551
event: battery_consumption; timestamp: 34.5573; robot: 1; time: 27.551; initial_level: 86.5443; final_level: 58.9933
event: task_resolution; timestamp: 62.1083; task: 1; pos: (-71, -75); status: COMPLETED; attempt: 1
event: battery_consumption; timestamp: 62.1083; robot: 1; time: 14.1718; initial_level: 58.9933; final_level: 57.5761
event: navigation; timestamp: 62.1083; robot: 1; time: 14.1718; src: (-71, -75); dst: (-60, -5)
event: task_execution; timestamp: 20.8748; task: 13; robot: 2; pos: (12, 12); time: 80.0639
event: battery_consumption; timestamp: 20.8748; robot: 2; time: 80.0639; initial_level: 99.6606; final_level: 19.5966
event: task_execution; timestamp: 20.8748; task: 13; robot: 3; pos: (12, 12); time: 80.0639
event: battery_consumption; timestamp: 20.8748; robot: 3; time: 80.0639; initial_level: 89.3504; final_level: 9.28647
event: task_execution; timestamp: 20.8748; task: 13; robot: 4; pos: (12, 12); time: 80.0639
event: battery_consumption; timestamp: 20.8748; robot: 4; time: 80.0639; initial_level: 97.9125; final_level: 17.8486
event: task_resolution; timestamp: 100.939; task: 13; pos: (12, 12); status: COMPLETED; attempt: 1
event: battery_consumption; timestamp: 100.939; robot: 4; time: 8.37616; initial_level: 17.8486; final_level: 17.011
event: navigation; timestamp: 100.939; robot: 4; time: 8.37616; src: (12, 12); dst: (35, 47)
event: battery_consumption; timestamp: 100.939; robot: 2; time: 14.7959; initial_level: 19.5966; final_level: 18.117
event: navigation; timestamp: 100.939; robot: 2; time: 14.7959; src: (12, 12); dst: (-60, -5)
event: battery_consumption; timestamp: 100.939; robot: 3; time: 8.28734; initial_level: 9.28647; final_level: 8.45774
event: navigation; timestamp: 100.939; robot: 3; time: 8.28734; src: (12, 12); dst: (26, 51)
event: task_execution; timestamp: 115.735; task: 7; robot: 1; pos: (-60, -5); time: 0
event: battery_consumption; timestamp: 115.735; robot: 1; time: 0; initial_level: 57.5761; final_level: 57.5761
event: task_execution; timestamp: 115.735; task: 7; robot: 2; pos: (-60, -5); time: 0
event: battery_consumption; timestamp: 115.735; robot: 2; time: 0; initial_level: 18.117; final_level: 18.117
event: task_resolution; timestamp: 115.735; task: 7; pos: (-60, -5); status: COMPLETED; attempt: 1
event: battery_consumption; timestamp: 115.735; robot: 1; time: 3.49285; initial_level: 57.5761; final_level: 57.2268
event: navigation; timestamp: 115.735; robot: 1; time: 3.49285; src: (-60, -5); dst: (-77, -9)
event: battery_consumption; timestamp: 115.735; robot: 2; time: 3.49285; initial_level: 18.117; final_level: 17.7678
event: navigation; timestamp: 115.735; robot: 2; time: 3.49285; src: (-60, -5); dst: (-77, -9)
event: task_execution; timestamp: 119.228; task: 11; robot: 1; pos: (-77, -9); time: 0
event: battery_consumption; timestamp: 119.228; robot: 1; time: 0; initial_level: 57.2268; final_level: 57.2268
event: task_execution; timestamp: 119.228; task: 11; robot: 2; pos: (-77, -9); time: 0
event: battery_consumption; timestamp: 119.228; robot: 2; time: 0; initial_level: 17.7678; final_level: 17.7678
event: task_resolution; timestamp: 119.228; task: 11; pos: (-77, -9); status: COMPLETED; attempt: 1
event: battery_consumption; timestamp: 119.228; robot: 2; time: 11.6482; initial_level: 17.7678; final_level: 16.6029
event: navigation; timestamp: 119.228; robot: 2; time: 11.6482; src: (-77, -9); dst: (-21, -25)
event: battery_consumption; timestamp: 119.228; robot: 1; time: 11.6482; initial_level: 57.2268; final_level: 56.062
event: navigation; timestamp: 119.228; robot: 1; time: 11.6482; src: (-77, -9); dst: (-21, -25)
event: task_execution; timestamp: 109.315; task: 10; robot: 4; pos: (35, 47); time: 17.011
event: battery_consumption; timestamp: 109.315; robot: 4; time: 17.011; initial_level: 17.011; final_level: 7.01096
event: task_resolution; timestamp: 126.326; task: 10; pos: (35, 47); status: FAILED; attempt: 1
event: battery_consumption; timestamp: 126.326; robot: 4; time: 1.96977; initial_level: 7.01096; final_level: 6.81398
event: navigation; timestamp: 126.326; robot: 4; time: 1.96977; src: (35, 47); dst: (26, 51)
event: task_execution; timestamp: 130.876; task: 6; robot: 1; pos: (-21, -25); time: 0
event: battery_consumption; timestamp: 130.876; robot: 1; time: 0; initial_level: 56.062; final_level: 46.062
event: task_execution; timestamp: 130.876; task: 6; robot: 2; pos: (-21, -25); time: 0
event: battery_consumption; timestamp: 130.876; robot: 2; time: 0; initial_level: 16.6029; final_level: 6.60295
event: task_resolution; timestamp: 130.876; task: 6; pos: (-21, -25); status: FAILED; attempt: 1
event: battery_consumption; timestamp: 130.876; robot: 2; time: 13.6528; initial_level: 6.60295; final_level: 5.23766
event: navigation; timestamp: 130.876; robot: 2; time: 13.6528; src: (-21, -25); dst: (-27, 43)
event: battery_consumption; timestamp: 130.876; robot: 1; time: 13.6528; initial_level: 46.062; final_level: 44.6967
event: navigation; timestamp: 130.876; robot: 1; time: 13.6528; src: (-21, -25); dst: (-27, 43)
event: task_execution; timestamp: 128.296; task: 3; robot: 3; pos: (26, 51); time: 6.81398
event: battery_consumption; timestamp: 128.296; robot: 3; time: 6.81398; initial_level: 8.45774; final_level: -1.54226
event: robot_failed; timestamp: 135.11; robot: 3; pos: (26, 51)
event: task_execution; timestamp: 128.296; task: 3; robot: 4; pos: (26, 51); time: 6.81398
event: battery_consumption; timestamp: 128.296; robot: 4; time: 6.81398; initial_level: 6.81398; final_level: -3.18602
event: robot_failed; timestamp: 135.11; robot: 4; pos: (26, 51)
event: task_resolution; timestamp: 135.11; task: 3; pos: (26, 51); status: FAILED; attempt: 1
event: task_execution; timestamp: 144.529; task: 14; robot: 1; pos: (-27, 43); time: 0
event: battery_consumption; timestamp: 144.529; robot: 1; time: 0; initial_level: 44.6967; final_level: 34.6967
event: task_execution; timestamp: 144.529; task: 14; robot: 2; pos: (-27, 43); time: 0
event: battery_consumption; timestamp: 144.529; robot: 2; time: 0; initial_level: 5.23766; final_level: -4.76234
event: robot_failed; timestamp: 144.529; robot: 2; pos: (-27, 43)
event: task_resolution; timestamp: 144.529; task: 14; pos: (-27, 43); status: FAILED; attempt: 1
event: battery_consumption; timestamp: 144.529; robot: 1; time: 20.0808; initial_level: 34.6967; final_level: 32.6886
event: navigation; timestamp: 144.529; robot: 1; time: 20.0808; src: (-27, 43); dst: (73, 52)
event: task_execution; timestamp: 164.609; task: 9; robot: 1; pos: (73, 52); time: 32.6886
event: battery_consumption; timestamp: 164.609; robot: 1; time: 32.6886; initial_level: 32.6886; final_level: 22.6886
event: task_resolution; timestamp: 197.298; task: 9; pos: (73, 52); status: FAILED; attempt: 1
event: battery_consumption; timestamp: 197.298; robot: 1; time: 15.435; initial_level: 22.6886; final_level: 21.1451
event: navigation; timestamp: 197.298; robot: 1; time: 15.435; src: (73, 52); dst: (7, 92)
event: battery_consumption; timestamp: 540; robot: 1; time: 36.4445; initial_level: 21.1451; final_level: 17.5007
event: navigation; timestamp: 540; robot: 1; time: 36.4445; src: (7, 92); dst: (-32, -86)
event: battery_consumption; timestamp: 720; robot: 1; time: 18.3521; initial_level: 17.5007; final_level: 15.6654
event: navigation; timestamp: 720; robot: 1; time: 18.3521; src: (-32, -86); dst: (0, 0)
event: robot_finished; timestamp: 738.352; robot: 1; pos: (0, 0); battery: 15.6654
metric: available_agents; value: 0
metric: failed_agents; value: 3
metric: finished_agents; value: 1
metric: completed_tasks; value: 5
metric: pending_tasks; value: 0
metric: failed_tasks; value: 10
metric: average_robot_makespan; value: 288.275
metric: sd_robot_makespan; value: 300.084
metric: max_robot_makespan; value: 738.352
metric: min_robot_makespan; value: 135.11
metric: average_robot_travel_distance; value: 326.029
metric: sd_robot_travel_distance; value: 348.357
metric: max_robot_travel_distance; value: 839.177
metric: min_robot_travel_distance; value: 73.9156
metric: sum_robot_travel_distance; value: 1304.12
metric: average_completed_tasks_by_robot; value: 0
metric: sd_completed_tasks_by_robot; value: 0
metric: max_completed_tasks_by_robot; value: 0
metric: min_completed_tasks_by_robot; value: 0
metric: final_reward; value: 0.333333
metric: computing_time; value: 0.0053705
