info: solver_name; value: cbaa
info: reward_function; value: reward00
info: replica; value: 1
info: filename; value: ../logs/prueba/scenario_10t_02_5r_cbaa_reward00_001.log
info: scenario_name; value: scenario_10t_02_5r
info: scenario_name; value: scenario_10t_02_5r
info: number_of_tasks; value: 10
info: number_of_robots; value: 5
info: number_of_recharging_stations; value: 1
info: scenario_size; value: (200,200)
event: recharging_station_spawn; timestamp: 0; recharging_station: 1; pos: (0, 0)
event: task_spawn; timestamp: 0; task: 1; pos: (17, 95); earliest_start: 0; latest_start: 270; state: PENDING; required_workers: 3; success_prob: 0.8; max_attempts: 1
event: task_spawn; timestamp: 0; task: 2; pos: (-29, 13); earliest_start: 0; latest_start: 540; state: PENDING; required_workers: 3; success_prob: 0.6; max_attempts: 1
event: task_spawn; timestamp: 0; task: 3; pos: (47, -55); earliest_start: 0; latest_start: 1080; state: PENDING; required_workers: 1; success_prob: 0.7; max_attempts: 1
event: task_spawn; timestamp: 0; task: 4; pos: (86, -18); earliest_start: 0; latest_start: 630; state: PENDING; required_workers: 2; success_prob: 0.9; max_attempts: 1
event: task_spawn; timestamp: 0; task: 5; pos: (35, 14); earliest_start: 0; latest_start: 720; state: PENDING; required_workers: 1; success_prob: 0.5; max_attempts: 1
event: task_spawn; timestamp: 0; task: 6; pos: (36, 16); earliest_start: 0; latest_start: 630; state: PENDING; required_workers: 3; success_prob: 0.7; max_attempts: 1
event: task_spawn; timestamp: 0; task: 7; pos: (2, 76); earliest_start: 0; latest_start: 450; state: PENDING; required_workers: 3; success_prob: 0.5; max_attempts: 1
event: task_spawn; timestamp: 0; task: 8; pos: (-82, 93); earliest_start: 0; latest_start: 1080; state: PENDING; required_workers: 3; success_prob: 0.8; max_attempts: 1
event: task_spawn; timestamp: 0; task: 9; pos: (91, 44); earliest_start: 0; latest_start: 1080; state: PENDING; required_workers: 3; success_prob: 0.7; max_attempts: 1
event: task_spawn; timestamp: 0; task: 10; pos: (10, 67); earliest_start: 0; latest_start: 810; state: PENDING; required_workers: 3; success_prob: 0.8; max_attempts: 1
event: robot_spawn; timestamp: 0; robot: 1; pos: (0, 0); state: AVAILABLE; battery_level: 100; battery_capacity: 100; velocity: 5; battery_rate_nav: 0.1
event: robot_spawn; timestamp: 0; robot: 2; pos: (0, 0); state: AVAILABLE; battery_level: 100; battery_capacity: 100; velocity: 5; battery_rate_nav: 0.1
event: robot_spawn; timestamp: 0; robot: 3; pos: (0, 0); state: AVAILABLE; battery_level: 100; battery_capacity: 100; velocity: 5; battery_rate_nav: 0.1
event: robot_spawn; timestamp: 0; robot: 4; pos: (0, 0); state: AVAILABLE; battery_level: 100; battery_capacity: 100; velocity: 5; battery_rate_nav: 0.1
event: robot_spawn; timestamp: 0; robot: 5; pos: (0, 0); state: AVAILABLE; battery_level: 100; battery_capacity: 100; velocity: 5; battery_rate_nav: 0.1
event: battery_consumption; timestamp: 0; robot: 2; time: 17.5727; initial_level: 100; final_level: 98.2427
event: navigation; timestamp: 0; robot: 2; time: 17.5727; src: (0, 0); dst: (86, -18)
event: robot_finished; timestamp: 0; robot: 5; pos: (0, 0); battery: 100
event: battery_consumption; timestamp: 0; robot: 3; time: 6.3561; initial_level: 100; final_level: 99.3644
event: navigation; timestamp: 0; robot: 3; time: 6.3561; src: (0, 0); dst: (-29, 13)
event: battery_consumption; timestamp: 0; robot: 1; time: 7.53923; initial_level: 100; final_level: 99.2461
event: navigation; timestamp: 0; robot: 1; time: 7.53923; src: (0, 0); dst: (35, 14)
event: battery_consumption; timestamp: 0; robot: 4; time: 6.3561; initial_level: 100; final_level: 99.3644
event: navigation; timestamp: 0; robot: 4; time: 6.3561; src: (0, 0); dst: (-29, 13)
event: task_execution; timestamp: 7.53923; task: 5; robot: 1; pos: (35, 14); time: 42.4292
event: battery_consumption; timestamp: 7.53923; robot: 1; time: 42.4292; initial_level: 99.2461; final_level: 56.8169
event: task_resolution; timestamp: 49.9684; task: 5; pos: (35, 14); status: COMPLETED; attempt: 1
event: battery_consumption; timestamp: 49.9684; robot: 1; time: 12.0416; initial_level: 56.8169; final_level: 55.6127
event: navigation; timestamp: 49.9684; robot: 1; time: 12.0416; src: (35, 14); dst: (86, -18)
event: task_execution; timestamp: 62.01; task: 4; robot: 1; pos: (86, -18); time: 55.6127
event: battery_consumption; timestamp: 62.01; robot: 1; time: 55.6127; initial_level: 55.6127; final_level: 45.6127
event: task_execution; timestamp: 62.01; task: 4; robot: 2; pos: (86, -18); time: 55.6127
event: battery_consumption; timestamp: 62.01; robot: 2; time: 55.6127; initial_level: 98.2427; final_level: 88.2427
event: task_resolution; timestamp: 117.623; task: 4; pos: (86, -18); status: FAILED; attempt: 1
event: battery_consumption; timestamp: 117.623; robot: 2; time: 12.093; initial_level: 88.2427; final_level: 87.0334
event: navigation; timestamp: 117.623; robot: 2; time: 12.093; src: (86, -18); dst: (36, 16)
event: battery_consumption; timestamp: 117.623; robot: 1; time: 10.7517; initial_level: 45.6127; final_level: 44.5375
event: navigation; timestamp: 117.623; robot: 1; time: 10.7517; src: (86, -18); dst: (47, -55)
event: task_execution; timestamp: 128.374; task: 3; robot: 1; pos: (47, -55); time: 0
event: battery_consumption; timestamp: 128.374; robot: 1; time: 0; initial_level: 44.5375; final_level: 34.5375
event: task_resolution; timestamp: 128.374; task: 3; pos: (47, -55); status: FAILED; attempt: 1
event: battery_consumption; timestamp: 128.374; robot: 1; time: 20.3961; initial_level: 34.5375; final_level: 32.4979
event: navigation; timestamp: 128.374; robot: 1; time: 20.3961; src: (47, -55); dst: (-29, 13)
event: task_execution; timestamp: 148.771; task: 2; robot: 1; pos: (-29, 13); time: 32.4979
event: battery_consumption; timestamp: 148.771; robot: 1; time: 32.4979; initial_level: 32.4979; final_level: 22.4979
event: task_execution; timestamp: 148.771; task: 2; robot: 3; pos: (-29, 13); time: 32.4979
event: battery_consumption; timestamp: 148.771; robot: 3; time: 32.4979; initial_level: 99.3644; final_level: 89.3644
event: task_execution; timestamp: 148.771; task: 2; robot: 4; pos: (-29, 13); time: 32.4979
event: battery_consumption; timestamp: 148.771; robot: 4; time: 32.4979; initial_level: 99.3644; final_level: 89.3644
event: task_resolution; timestamp: 181.268; task: 2; pos: (-29, 13); status: FAILED; attempt: 1
event: battery_consumption; timestamp: 181.268; robot: 1; time: 13.0138; initial_level: 22.4979; final_level: 21.1965
event: navigation; timestamp: 181.268; robot: 1; time: 13.0138; src: (-29, 13); dst: (36, 16)
event: battery_consumption; timestamp: 181.268; robot: 4; time: 18.8043; initial_level: 89.3644; final_level: 87.484
event: navigation; timestamp: 181.268; robot: 4; time: 18.8043; src: (-29, 13); dst: (17, 95)
event: battery_consumption; timestamp: 181.268; robot: 3; time: 13.0138; initial_level: 89.3644; final_level: 88.063
event: navigation; timestamp: 181.268; robot: 3; time: 13.0138; src: (-29, 13); dst: (36, 16)
event: task_execution; timestamp: 194.282; task: 6; robot: 1; pos: (36, 16); time: 0
event: battery_consumption; timestamp: 194.282; robot: 1; time: 0; initial_level: 21.1965; final_level: 21.1965
event: task_execution; timestamp: 194.282; task: 6; robot: 2; pos: (36, 16); time: 0
event: battery_consumption; timestamp: 194.282; robot: 2; time: 0; initial_level: 87.0334; final_level: 87.0334
event: task_execution; timestamp: 194.282; task: 6; robot: 3; pos: (36, 16); time: 0
event: battery_consumption; timestamp: 194.282; robot: 3; time: 0; initial_level: 88.063; final_level: 88.063
event: task_resolution; timestamp: 194.282; task: 6; pos: (36, 16); status: COMPLETED; attempt: 1
event: battery_consumption; timestamp: 194.282; robot: 3; time: 12.3434; initial_level: 88.063; final_level: 86.8287
event: navigation; timestamp: 194.282; robot: 3; time: 12.3434; src: (36, 16); dst: (91, 44)
event: battery_consumption; timestamp: 194.282; robot: 1; time: 12.3434; initial_level: 21.1965; final_level: 19.9622
event: navigation; timestamp: 194.282; robot: 1; time: 12.3434; src: (36, 16); dst: (91, 44)
event: battery_consumption; timestamp: 194.282; robot: 2; time: 12.3434; initial_level: 87.0334; final_level: 85.7991
event: navigation; timestamp: 194.282; robot: 2; time: 12.3434; src: (36, 16); dst: (91, 44)
event: task_execution; timestamp: 206.626; task: 9; robot: 1; pos: (91, 44); time: 19.9622
event: battery_consumption; timestamp: 206.626; robot: 1; time: 19.9622; initial_level: 19.9622; final_level: 9.9622
event: task_execution; timestamp: 206.626; task: 9; robot: 2; pos: (91, 44); time: 19.9622
event: battery_consumption; timestamp: 206.626; robot: 2; time: 19.9622; initial_level: 85.7991; final_level: 75.7991
event: task_execution; timestamp: 206.626; task: 9; robot: 3; pos: (91, 44); time: 19.9622
event: battery_consumption; timestamp: 206.626; robot: 3; time: 19.9622; initial_level: 86.8287; final_level: 76.8287
event: task_resolution; timestamp: 226.588; task: 9; pos: (91, 44); status: FAILED; attempt: 1
event: battery_consumption; timestamp: 226.588; robot: 2; time: 17.9744; initial_level: 75.7991; final_level: 74.0016
event: navigation; timestamp: 226.588; robot: 2; time: 17.9744; src: (91, 44); dst: (17, 95)
event: battery_consumption; timestamp: 226.588; robot: 3; time: 20.2158; initial_level: 76.8287; final_level: 74.8071
event: navigation; timestamp: 226.588; robot: 3; time: 20.2158; src: (91, 44); dst: (0, 0)
event: robot_finished; timestamp: 246.804; robot: 3; pos: (0, 0); battery: 74.8071
event: battery_consumption; timestamp: 226.588; robot: 1; time: 17.9744; initial_level: 9.9622; final_level: 8.16475
event: navigation; timestamp: 226.588; robot: 1; time: 17.9744; src: (91, 44); dst: (17, 95)
event: task_execution; timestamp: 244.562; task: 1; robot: 1; pos: (17, 95); time: 8.16475
event: battery_consumption; timestamp: 244.562; robot: 1; time: 8.16475; initial_level: 8.16475; final_level: -1.83525
event: robot_failed; timestamp: 252.727; robot: 1; pos: (17, 95)
event: task_execution; timestamp: 244.562; task: 1; robot: 2; pos: (17, 95); time: 8.16475
event: battery_consumption; timestamp: 244.562; robot: 2; time: 8.16475; initial_level: 74.0016; final_level: 64.0016
event: task_execution; timestamp: 244.562; task: 1; robot: 4; pos: (17, 95); time: 8.16475
event: battery_consumption; timestamp: 244.562; robot: 4; time: 8.16475; initial_level: 87.484; final_level: 77.484
event: task_resolution; timestamp: 252.727; task: 1; pos: (17, 95); status: FAILED; attempt: 1
event: battery_consumption; timestamp: 252.727; robot: 2; time: 5.77235; initial_level: 64.0016; final_level: 63.4244
event: navigation; timestamp: 252.727; robot: 2; time: 5.77235; src: (17, 95); dst: (10, 67)
event: battery_consumption; timestamp: 252.727; robot: 4; time: 5.77235; initial_level: 77.484; final_level: 76.9067
event: navigation; timestamp: 252.727; robot: 4; time: 5.77235; src: (17, 95); dst: (10, 67)
event: battery_consumption; timestamp: 810; robot: 4; time: 19.1207; initial_level: 76.9067; final_level: 74.9947
event: navigation; timestamp: 810; robot: 4; time: 19.1207; src: (10, 67); dst: (-82, 93)
event: battery_consumption; timestamp: 810; robot: 2; time: 19.1207; initial_level: 63.4244; final_level: 61.5123
event: navigation; timestamp: 810; robot: 2; time: 19.1207; src: (10, 67); dst: (-82, 93)
event: battery_consumption; timestamp: 1080; robot: 4; time: 24.7976; initial_level: 74.9947; final_level: 72.5149
event: navigation; timestamp: 1080; robot: 4; time: 24.7976; src: (-82, 93); dst: (0, 0)
event: robot_finished; timestamp: 1104.8; robot: 4; pos: (0, 0); battery: 72.5149
event: battery_consumption; timestamp: 1080; robot: 2; time: 24.7976; initial_level: 61.5123; final_level: 59.0326
event: navigation; timestamp: 1080; robot: 2; time: 24.7976; src: (-82, 93); dst: (0, 0)
event: robot_finished; timestamp: 1104.8; robot: 2; pos: (0, 0); battery: 59.0326
metric: available_agents; value: 0
metric: failed_agents; value: 1
metric: finished_agents; value: 4
metric: completed_tasks; value: 2
metric: pending_tasks; value: 0
metric: failed_tasks; value: 8
metric: average_robot_makespan; value: 541.825
metric: sd_robot_makespan; value: 523.943
metric: max_robot_makespan; value: 1104.8
metric: min_robot_makespan; value: 0
metric: average_robot_travel_distance; value: 330.515
metric: sd_robot_travel_distance; value: 213.996
metric: max_robot_travel_distance; value: 548.371
metric: min_robot_travel_distance; value: 0
metric: sum_robot_travel_distance; value: 1652.57
metric: average_completed_tasks_by_robot; value: 0
metric: sd_completed_tasks_by_robot; value: 0
metric: max_completed_tasks_by_robot; value: 0
metric: min_completed_tasks_by_robot; value: 0
metric: final_reward; value: 0.2
metric: computing_time; value: 0.00106971
