info: solver_name; value: cbba
info: reward_function; value: reward00
info: replica; value: 1
info: filename; value: ../logs/prueba/scenario_15t_01_4r_cbba_reward00_001.log
info: scenario_name; value: scenario_15t_01_4r
info: scenario_name; value: scenario_15t_01_4r
info: number_of_tasks; value: 15
info: number_of_robots; value: 4
info: number_of_recharging_stations; value: 1
info: scenario_size; value: (200,200)
event: recharging_station_spawn; timestamp: 0; recharging_station: 1; pos: (0, 0)
event: task_spawn; timestamp: 0; task: 1; pos: (-93, -67); earliest_start: 0; latest_start: 270; state: PENDING; required_workers: 3; success_prob: 0.6; max_attempts: 1
event: task_spawn; timestamp: 0; task: 2; pos: (39, 78); earliest_start: 0; latest_start: 720; state: PENDING; required_workers: 3; success_prob: 0.9; max_attempts: 1
event: task_spawn; timestamp: 0; task: 3; pos: (17, -22); earliest_start: 0; latest_start: 720; state: PENDING; required_workers: 3; success_prob: 0.7; max_attempts: 1
event: task_spawn; timestamp: 0; task: 4; pos: (-72, -12); earliest_start: 0; latest_start: 450; state: PENDING; required_workers: 1; success_prob: 0.8; max_attempts: 1
event: task_spawn; timestamp: 0; task: 5; pos: (-35, -34); earliest_start: 0; latest_start: 540; state: PENDING; required_workers: 3; success_prob: 0.6; max_attempts: 1
event: task_spawn; timestamp: 0; task: 6; pos: (-69, 72); earliest_start: 0; latest_start: 900; state: PENDING; required_workers: 2; success_prob: 0.9; max_attempts: 1
event: task_spawn; timestamp: 0; task: 7; pos: (25, -100); earliest_start: 0; latest_start: 450; state: PENDING; required_workers: 3; success_prob: 0.6; max_attempts: 1
event: task_spawn; timestamp: 0; task: 8; pos: (84, 59); earliest_start: 0; latest_start: 360; state: PENDING; required_workers: 2; success_prob: 0.7; max_attempts: 1
event: task_spawn; timestamp: 0; task: 9; pos: (93, -19); earliest_start: 0; latest_start: 450; state: PENDING; required_workers: 2; success_prob: 0.5; max_attempts: 1
event: task_spawn; timestamp: 0; task: 10; pos: (-24, 66); earliest_start: 0; latest_start: 630; state: PENDING; required_workers: 2; success_prob: 0.6; max_attempts: 1
event: task_spawn; timestamp: 0; task: 11; pos: (-35, -89); earliest_start: 0; latest_start: 1080; state: PENDING; required_workers: 2; success_prob: 0.7; max_attempts: 1
event: task_spawn; timestamp: 0; task: 12; pos: (-98, 71); earliest_start: 0; latest_start: 540; state: PENDING; required_workers: 3; success_prob: 0.6; max_attempts: 1
event: task_spawn; timestamp: 0; task: 13; pos: (-99, 84); earliest_start: 0; latest_start: 360; state: PENDING; required_workers: 2; success_prob: 0.6; max_attempts: 1
event: task_spawn; timestamp: 0; task: 14; pos: (-23, -23); earliest_start: 0; latest_start: 630; state: PENDING; required_workers: 1; success_prob: 0.7; max_attempts: 1
event: task_spawn; timestamp: 0; task: 15; pos: (68, 11); earliest_start: 0; latest_start: 630; state: PENDING; required_workers: 1; success_prob: 0.6; max_attempts: 1
event: robot_spawn; timestamp: 0; robot: 1; pos: (0, 0); state: AVAILABLE; battery_level: 100; battery_capacity: 100; velocity: 5; battery_rate_nav: 0.1
event: robot_spawn; timestamp: 0; robot: 2; pos: (0, 0); state: AVAILABLE; battery_level: 100; battery_capacity: 100; velocity: 5; battery_rate_nav: 0.1
event: robot_spawn; timestamp: 0; robot: 3; pos: (0, 0); state: AVAILABLE; battery_level: 100; battery_capacity: 100; velocity: 5; battery_rate_nav: 0.1
event: robot_spawn; timestamp: 0; robot: 4; pos: (0, 0); state: AVAILABLE; battery_level: 100; battery_capacity: 100; velocity: 5; battery_rate_nav: 0.1
event: battery_consumption; timestamp: 0; robot: 4; time: 6.50538; initial_level: 100; final_level: 99.3495
event: navigation; timestamp: 0; robot: 4; time: 6.50538; src: (0, 0); dst: (-23, -23)
event: battery_consumption; timestamp: 0; robot: 1; time: 13.7768; initial_level: 100; final_level: 98.6223
event: navigation; timestamp: 0; robot: 1; time: 13.7768; src: (0, 0); dst: (68, 11)
event: battery_consumption; timestamp: 0; robot: 3; time: 5.56058; initial_level: 100; final_level: 99.4439
event: navigation; timestamp: 0; robot: 3; time: 5.56058; src: (0, 0); dst: (17, -22)
event: battery_consumption; timestamp: 0; robot: 2; time: 5.56058; initial_level: 100; final_level: 99.4439
event: navigation; timestamp: 0; robot: 2; time: 5.56058; src: (0, 0); dst: (17, -22)
event: task_execution; timestamp: 6.50538; task: 14; robot: 4; pos: (-23, -23); time: 0
event: battery_consumption; timestamp: 6.50538; robot: 4; time: 0; initial_level: 99.3495; final_level: 99.3495
event: task_resolution; timestamp: 6.50538; task: 14; pos: (-23, -23); status: COMPLETED; attempt: 1
event: battery_consumption; timestamp: 6.50538; robot: 4; time: 8.0025; initial_level: 99.3495; final_level: 98.5492
event: navigation; timestamp: 6.50538; robot: 4; time: 8.0025; src: (-23, -23); dst: (17, -22)
event: task_execution; timestamp: 13.7768; task: 15; robot: 1; pos: (68, 11); time: 0
event: battery_consumption; timestamp: 13.7768; robot: 1; time: 0; initial_level: 98.6223; final_level: 88.6223
event: task_resolution; timestamp: 13.7768; task: 15; pos: (68, 11); status: FAILED; attempt: 1
event: battery_consumption; timestamp: 13.7768; robot: 1; time: 10.1193; initial_level: 88.6223; final_level: 87.6104
event: navigation; timestamp: 13.7768; robot: 1; time: 10.1193; src: (68, 11); dst: (84, 59)
event: task_execution; timestamp: 14.5079; task: 3; robot: 2; pos: (17, -22); time: 0
event: battery_consumption; timestamp: 14.5079; robot: 2; time: 0; initial_level: 99.4439; final_level: 99.4439
event: task_execution; timestamp: 14.5079; task: 3; robot: 3; pos: (17, -22); time: 0
event: battery_consumption; timestamp: 14.5079; robot: 3; time: 0; initial_level: 99.4439; final_level: 99.4439
event: task_execution; timestamp: 14.5079; task: 3; robot: 4; pos: (17, -22); time: 0
event: battery_consumption; timestamp: 14.5079; robot: 4; time: 0; initial_level: 98.5492; final_level: 98.5492
event: task_resolution; timestamp: 14.5079; task: 3; pos: (17, -22); status: COMPLETED; attempt: 1
event: battery_consumption; timestamp: 14.5079; robot: 3; time: 17.912; initial_level: 99.4439; final_level: 97.6527
event: navigation; timestamp: 14.5079; robot: 3; time: 17.912; src: (17, -22); dst: (-72, -12)
event: battery_consumption; timestamp: 14.5079; robot: 4; time: 21.0238; initial_level: 98.5492; final_level: 96.4468
event: navigation; timestamp: 14.5079; robot: 4; time: 21.0238; src: (17, -22); dst: (84, 59)
event: battery_consumption; timestamp: 14.5079; robot: 2; time: 16.9623; initial_level: 99.4439; final_level: 97.7477
event: navigation; timestamp: 14.5079; robot: 2; time: 16.9623; src: (17, -22); dst: (-35, -89)
event: task_execution; timestamp: 32.4199; task: 4; robot: 3; pos: (-72, -12); time: 0
event: battery_consumption; timestamp: 32.4199; robot: 3; time: 0; initial_level: 97.6527; final_level: 97.6527
event: task_resolution; timestamp: 32.4199; task: 4; pos: (-72, -12); status: COMPLETED; attempt: 1
event: battery_consumption; timestamp: 32.4199; robot: 3; time: 17.0857; initial_level: 97.6527; final_level: 95.9442
event: navigation; timestamp: 32.4199; robot: 3; time: 17.0857; src: (-72, -12); dst: (-35, -89)
event: task_execution; timestamp: 35.5317; task: 8; robot: 1; pos: (84, 59); time: 0
event: battery_consumption; timestamp: 35.5317; robot: 1; time: 0; initial_level: 87.6104; final_level: 77.6104
event: task_execution; timestamp: 35.5317; task: 8; robot: 4; pos: (84, 59); time: 0
event: battery_consumption; timestamp: 35.5317; robot: 4; time: 0; initial_level: 96.4468; final_level: 86.4468
event: task_resolution; timestamp: 35.5317; task: 8; pos: (84, 59); status: FAILED; attempt: 1
event: battery_consumption; timestamp: 35.5317; robot: 4; time: 9.76934; initial_level: 86.4468; final_level: 85.4699
event: navigation; timestamp: 35.5317; robot: 4; time: 9.76934; src: (84, 59); dst: (39, 78)
event: battery_consumption; timestamp: 35.5317; robot: 1; time: 9.76934; initial_level: 77.6104; final_level: 76.6335
event: navigation; timestamp: 35.5317; robot: 1; time: 9.76934; src: (84, 59); dst: (39, 78)
event: task_execution; timestamp: 49.5056; task: 11; robot: 2; pos: (-35, -89); time: 0
event: battery_consumption; timestamp: 49.5056; robot: 2; time: 0; initial_level: 97.7477; final_level: 87.7477
event: task_execution; timestamp: 49.5056; task: 11; robot: 3; pos: (-35, -89); time: 0
event: battery_consumption; timestamp: 49.5056; robot: 3; time: 0; initial_level: 95.9442; final_level: 85.9442
event: task_resolution; timestamp: 49.5056; task: 11; pos: (-35, -89); status: FAILED; attempt: 1
event: battery_consumption; timestamp: 49.5056; robot: 2; time: 36.5322; initial_level: 87.7477; final_level: 84.0945
event: navigation; timestamp: 49.5056; robot: 2; time: 36.5322; src: (-35, -89); dst: (39, 78)
event: battery_consumption; timestamp: 49.5056; robot: 3; time: 11; initial_level: 85.9442; final_level: 84.8442
event: navigation; timestamp: 49.5056; robot: 3; time: 11; src: (-35, -89); dst: (-35, -34)
event: task_execution; timestamp: 86.0377; task: 2; robot: 1; pos: (39, 78); time: 76.6335
event: battery_consumption; timestamp: 86.0377; robot: 1; time: 76.6335; initial_level: 76.6335; final_level: 66.6335
event: task_execution; timestamp: 86.0377; task: 2; robot: 2; pos: (39, 78); time: 76.6335
event: battery_consumption; timestamp: 86.0377; robot: 2; time: 76.6335; initial_level: 84.0945; final_level: 74.0945
event: task_execution; timestamp: 86.0377; task: 2; robot: 4; pos: (39, 78); time: 76.6335
event: battery_consumption; timestamp: 86.0377; robot: 4; time: 76.6335; initial_level: 85.4699; final_level: 75.4699
event: task_resolution; timestamp: 162.671; task: 2; pos: (39, 78); status: FAILED; attempt: 1
event: battery_consumption; timestamp: 162.671; robot: 4; time: 12.8265; initial_level: 75.4699; final_level: 74.1872
event: navigation; timestamp: 162.671; robot: 4; time: 12.8265; src: (39, 78); dst: (-24, 66)
event: battery_consumption; timestamp: 162.671; robot: 2; time: 12.8265; initial_level: 74.0945; final_level: 72.8118
event: navigation; timestamp: 162.671; robot: 2; time: 12.8265; src: (39, 78); dst: (-24, 66)
event: battery_consumption; timestamp: 162.671; robot: 1; time: 22.2036; initial_level: 66.6335; final_level: 64.4131
event: navigation; timestamp: 162.671; robot: 1; time: 22.2036; src: (39, 78); dst: (93, -19)
event: task_execution; timestamp: 175.498; task: 10; robot: 2; pos: (-24, 66); time: 15.0237
event: battery_consumption; timestamp: 175.498; robot: 2; time: 15.0237; initial_level: 72.8118; final_level: 57.7881
event: task_execution; timestamp: 175.498; task: 10; robot: 4; pos: (-24, 66); time: 15.0237
event: battery_consumption; timestamp: 175.498; robot: 4; time: 15.0237; initial_level: 74.1872; final_level: 59.1635
event: task_resolution; timestamp: 190.521; task: 10; pos: (-24, 66); status: COMPLETED; attempt: 1
event: battery_consumption; timestamp: 190.521; robot: 4; time: 9.07965; initial_level: 59.1635; final_level: 58.2556
event: navigation; timestamp: 190.521; robot: 4; time: 9.07965; src: (-24, 66); dst: (-69, 72)
event: battery_consumption; timestamp: 190.521; robot: 2; time: 9.07965; initial_level: 57.7881; final_level: 56.8802
event: navigation; timestamp: 190.521; robot: 2; time: 9.07965; src: (-24, 66); dst: (-69, 72)
event: task_execution; timestamp: 199.601; task: 6; robot: 2; pos: (-69, 72); time: 0
event: battery_consumption; timestamp: 199.601; robot: 2; time: 0; initial_level: 56.8802; final_level: 46.8802
event: task_execution; timestamp: 199.601; task: 6; robot: 4; pos: (-69, 72); time: 0
event: battery_consumption; timestamp: 199.601; robot: 4; time: 0; initial_level: 58.2556; final_level: 48.2556
event: task_resolution; timestamp: 199.601; task: 6; pos: (-69, 72); status: FAILED; attempt: 1
event: battery_consumption; timestamp: 199.601; robot: 2; time: 6.4622; initial_level: 46.8802; final_level: 46.2339
event: navigation; timestamp: 199.601; robot: 2; time: 6.4622; src: (-69, 72); dst: (-99, 84)
event: battery_consumption; timestamp: 199.601; robot: 4; time: 6.4622; initial_level: 48.2556; final_level: 47.6093
event: navigation; timestamp: 199.601; robot: 4; time: 6.4622; src: (-69, 72); dst: (-99, 84)
event: task_execution; timestamp: 206.063; task: 13; robot: 2; pos: (-99, 84); time: 0
event: battery_consumption; timestamp: 206.063; robot: 2; time: 0; initial_level: 46.2339; final_level: 36.2339
event: task_execution; timestamp: 206.063; task: 13; robot: 4; pos: (-99, 84); time: 0
event: battery_consumption; timestamp: 206.063; robot: 4; time: 0; initial_level: 47.6093; final_level: 37.6093
event: task_resolution; timestamp: 206.063; task: 13; pos: (-99, 84); status: FAILED; attempt: 1
event: battery_consumption; timestamp: 206.063; robot: 4; time: 2.60768; initial_level: 37.6093; final_level: 37.3486
event: navigation; timestamp: 206.063; robot: 4; time: 2.60768; src: (-99, 84); dst: (-98, 71)
event: battery_consumption; timestamp: 206.063; robot: 2; time: 2.60768; initial_level: 36.2339; final_level: 35.9732
event: navigation; timestamp: 206.063; robot: 2; time: 2.60768; src: (-99, 84); dst: (-98, 71)
event: battery_consumption; timestamp: 450; robot: 1; time: 25.7752; initial_level: 64.4131; final_level: 61.8356
event: navigation; timestamp: 450; robot: 1; time: 25.7752; src: (93, -19); dst: (-35, -34)
event: battery_consumption; timestamp: 540; robot: 1; time: 9.7591; initial_level: 61.8356; final_level: 60.8597
event: navigation; timestamp: 540; robot: 1; time: 9.7591; src: (-35, -34); dst: (0, 0)
event: robot_finished; timestamp: 549.759; robot: 1; pos: (0, 0); battery: 60.8597
event: battery_consumption; timestamp: 540; robot: 3; time: 9.7591; initial_level: 84.8442; final_level: 83.8683
event: navigation; timestamp: 540; robot: 3; time: 9.7591; src: (-35, -34); dst: (0, 0)
event: robot_finished; timestamp: 549.759; robot: 3; pos: (0, 0); battery: 83.8683
event: battery_consumption; timestamp: 540; robot: 2; time: 24.2033; initial_level: 35.9732; final_level: 33.5528
event: navigation; timestamp: 540; robot: 2; time: 24.2033; src: (-98, 71); dst: (0, 0)
event: robot_finished; timestamp: 564.203; robot: 2; pos: (0, 0); battery: 33.5528
event: battery_consumption; timestamp: 540; robot: 4; time: 24.2033; initial_level: 37.3486; final_level: 34.9282
event: navigation; timestamp: 540; robot: 4; time: 24.2033; src: (-98, 71); dst: (0, 0)
event: robot_finished; timestamp: 564.203; robot: 4; pos: (0, 0); battery: 34.9282
metric: available_agents; value: 0
metric: failed_agents; value: 0
metric: finished_agents; value: 4
metric: completed_tasks; value: 4
metric: pending_tasks; value: 0
metric: failed_tasks; value: 11
metric: average_robot_makespan; value: 556.981
metric: sd_robot_makespan; value: 8.33937
metric: max_robot_makespan; value: 564.203
metric: min_robot_makespan; value: 549.759
metric: average_robot_travel_distance; value: 459.294
metric: sd_robot_travel_distance; value: 112.101
metric: max_robot_travel_distance; value: 571.172
metric: min_robot_travel_distance; value: 306.587
metric: sum_robot_travel_distance; value: 1837.18
metric: average_completed_tasks_by_robot; value: 0
metric: sd_completed_tasks_by_robot; value: 0
metric: max_completed_tasks_by_robot; value: 0
metric: min_completed_tasks_by_robot; value: 0
metric: final_reward; value: 0.266667
metric: computing_time; value: 0.0108032
