info: solver_name; value: cbaa
info: reward_function; value: reward00
info: replica; value: 20
info: filename; value: ../logs/prueba/scenario_12_06_01_cbaa_reward00_020.log
info: scenario_name; value: scenario_12_06_01
info: scenario_name; value: scenario_12_06_01
info: number_of_tasks; value: 12
info: number_of_robots; value: 6
info: number_of_recharging_stations; value: 1
info: scenario_size; value: (200,200)
event: recharging_station_spawn; timestamp: 0; recharging_station: 1; pos: (0, 0)
event: task_spawn; timestamp: 0; task: 1; pos: (-70.0709, -68.0831); earliest_start: 0; latest_start: 1080; state: PENDING; required_workers: 3; success_prob: 0.8; max_attempts: 1
event: task_spawn; timestamp: 0; task: 2; pos: (-17.4248, -96.1114); earliest_start: 0; latest_start: 810; state: PENDING; required_workers: 3; success_prob: 0.8; max_attempts: 1
event: task_spawn; timestamp: 0; task: 3; pos: (-29.5006, -24.1376); earliest_start: 0; latest_start: 1080; state: PENDING; required_workers: 2; success_prob: 0.8; max_attempts: 1
event: task_spawn; timestamp: 0; task: 4; pos: (6.58351, -36.5381); earliest_start: 0; latest_start: 540; state: PENDING; required_workers: 1; success_prob: 0.8; max_attempts: 1
event: task_spawn; timestamp: 0; task: 5; pos: (-46.7684, -52.5449); earliest_start: 0; latest_start: 540; state: PENDING; required_workers: 3; success_prob: 0.8; max_attempts: 1
event: task_spawn; timestamp: 0; task: 6; pos: (-87.1468, -93.4297); earliest_start: 0; latest_start: 810; state: PENDING; required_workers: 2; success_prob: 0.8; max_attempts: 1
event: task_spawn; timestamp: 0; task: 7; pos: (-74.758, -54.3258); earliest_start: 0; latest_start: 540; state: PENDING; required_workers: 2; success_prob: 0.8; max_attempts: 1
event: task_spawn; timestamp: 0; task: 8; pos: (-1.29451, 32.4663); earliest_start: 0; latest_start: 540; state: PENDING; required_workers: 2; success_prob: 0.8; max_attempts: 1
event: task_spawn; timestamp: 0; task: 9; pos: (60.5478, -15.9338); earliest_start: 0; latest_start: 1080; state: PENDING; required_workers: 1; success_prob: 0.8; max_attempts: 1
event: task_spawn; timestamp: 0; task: 10; pos: (56.8755, 43.1394); earliest_start: 0; latest_start: 810; state: PENDING; required_workers: 2; success_prob: 0.8; max_attempts: 1
event: task_spawn; timestamp: 0; task: 11; pos: (-24.173, 41.1999); earliest_start: 0; latest_start: 540; state: PENDING; required_workers: 2; success_prob: 0.8; max_attempts: 1
event: task_spawn; timestamp: 0; task: 12; pos: (72.2993, -29.315); earliest_start: 0; latest_start: 1080; state: PENDING; required_workers: 1; success_prob: 0.8; max_attempts: 1
event: robot_spawn; timestamp: 0; robot: 1; pos: (0, 0); state: AVAILABLE; battery_level: 100; battery_capacity: 100; velocity: 5; battery_rate_nav: 0.1
event: robot_spawn; timestamp: 0; robot: 2; pos: (0, 0); state: AVAILABLE; battery_level: 100; battery_capacity: 100; velocity: 5; battery_rate_nav: 0.1
event: robot_spawn; timestamp: 0; robot: 3; pos: (0, 0); state: AVAILABLE; battery_level: 100; battery_capacity: 100; velocity: 5; battery_rate_nav: 0.1
event: robot_spawn; timestamp: 0; robot: 4; pos: (0, 0); state: AVAILABLE; battery_level: 100; battery_capacity: 100; velocity: 5; battery_rate_nav: 0.1
event: robot_spawn; timestamp: 0; robot: 5; pos: (0, 0); state: AVAILABLE; battery_level: 100; battery_capacity: 100; velocity: 5; battery_rate_nav: 0.1
event: robot_spawn; timestamp: 0; robot: 6; pos: (0, 0); state: AVAILABLE; battery_level: 100; battery_capacity: 100; velocity: 5; battery_rate_nav: 0.1
event: robot_finished; timestamp: 0; robot: 6; pos: (0, 0); battery: 100
event: robot_finished; timestamp: 0; robot: 5; pos: (0, 0); battery: 100
event: battery_consumption; timestamp: 0; robot: 3; time: 14.0688; initial_level: 100; final_level: 98.5931
event: navigation; timestamp: 0; robot: 3; time: 14.0688; src: (0, 0); dst: (-46.7684, -52.5449)
event: battery_consumption; timestamp: 0; robot: 2; time: 6.49842; initial_level: 100; final_level: 99.3502
event: navigation; timestamp: 0; robot: 2; time: 6.49842; src: (0, 0); dst: (-1.29451, 32.4663)
event: battery_consumption; timestamp: 0; robot: 4; time: 7.62341; initial_level: 100; final_level: 99.2377
event: navigation; timestamp: 0; robot: 4; time: 7.62341; src: (0, 0); dst: (-29.5006, -24.1376)
event: battery_consumption; timestamp: 0; robot: 1; time: 6.49842; initial_level: 100; final_level: 99.3502
event: navigation; timestamp: 0; robot: 1; time: 6.49842; src: (0, 0); dst: (-1.29451, 32.4663)
event: task_execution; timestamp: 6.49842; task: 8; robot: 1; pos: (-1.29451, 32.4663); time: 0
event: battery_consumption; timestamp: 6.49842; robot: 1; time: 0; initial_level: 99.3502; final_level: 99.3502
event: task_execution; timestamp: 6.49842; task: 8; robot: 2; pos: (-1.29451, 32.4663); time: 0
event: battery_consumption; timestamp: 6.49842; robot: 2; time: 0; initial_level: 99.3502; final_level: 99.3502
event: task_resolution; timestamp: 6.49842; task: 8; pos: (-1.29451, 32.4663); status: COMPLETED; attempt: 1
event: battery_consumption; timestamp: 6.49842; robot: 1; time: 4.89776; initial_level: 99.3502; final_level: 98.8604
event: navigation; timestamp: 6.49842; robot: 1; time: 4.89776; src: (-1.29451, 32.4663); dst: (-24.173, 41.1999)
event: battery_consumption; timestamp: 6.49842; robot: 2; time: 4.89776; initial_level: 99.3502; final_level: 98.8604
event: navigation; timestamp: 6.49842; robot: 2; time: 4.89776; src: (-1.29451, 32.4663); dst: (-24.173, 41.1999)
event: task_execution; timestamp: 11.3962; task: 11; robot: 1; pos: (-24.173, 41.1999); time: 0
event: battery_consumption; timestamp: 11.3962; robot: 1; time: 0; initial_level: 98.8604; final_level: 98.8604
event: task_execution; timestamp: 11.3962; task: 11; robot: 2; pos: (-24.173, 41.1999); time: 0
event: battery_consumption; timestamp: 11.3962; robot: 2; time: 0; initial_level: 98.8604; final_level: 98.8604
event: task_resolution; timestamp: 11.3962; task: 11; pos: (-24.173, 41.1999); status: COMPLETED; attempt: 1
event: battery_consumption; timestamp: 11.3962; robot: 2; time: 16.2143; initial_level: 98.8604; final_level: 97.2389
event: navigation; timestamp: 11.3962; robot: 2; time: 16.2143; src: (-24.173, 41.1999); dst: (56.8755, 43.1394)
event: battery_consumption; timestamp: 11.3962; robot: 1; time: 13.1109; initial_level: 98.8604; final_level: 97.5493
event: navigation; timestamp: 11.3962; robot: 1; time: 13.1109; src: (-24.173, 41.1999); dst: (-29.5006, -24.1376)
event: task_execution; timestamp: 24.507; task: 3; robot: 1; pos: (-29.5006, -24.1376); time: 0
event: battery_consumption; timestamp: 24.507; robot: 1; time: 0; initial_level: 97.5493; final_level: 97.5493
event: task_execution; timestamp: 24.507; task: 3; robot: 4; pos: (-29.5006, -24.1376); time: 0
event: battery_consumption; timestamp: 24.507; robot: 4; time: 0; initial_level: 99.2377; final_level: 99.2377
event: task_resolution; timestamp: 24.507; task: 3; pos: (-29.5006, -24.1376); status: COMPLETED; attempt: 1
event: battery_consumption; timestamp: 24.507; robot: 1; time: 6.64876; initial_level: 97.5493; final_level: 96.8844
event: navigation; timestamp: 24.507; robot: 1; time: 6.64876; src: (-29.5006, -24.1376); dst: (-46.7684, -52.5449)
event: battery_consumption; timestamp: 24.507; robot: 4; time: 6.64876; initial_level: 99.2377; final_level: 98.5728
event: navigation; timestamp: 24.507; robot: 4; time: 6.64876; src: (-29.5006, -24.1376); dst: (-46.7684, -52.5449)
event: task_execution; timestamp: 31.1558; task: 5; robot: 1; pos: (-46.7684, -52.5449); time: 0
event: battery_consumption; timestamp: 31.1558; robot: 1; time: 0; initial_level: 96.8844; final_level: 96.8844
event: task_execution; timestamp: 31.1558; task: 5; robot: 3; pos: (-46.7684, -52.5449); time: 0
event: battery_consumption; timestamp: 31.1558; robot: 3; time: 0; initial_level: 98.5931; final_level: 98.5931
event: task_execution; timestamp: 31.1558; task: 5; robot: 4; pos: (-46.7684, -52.5449); time: 0
event: battery_consumption; timestamp: 31.1558; robot: 4; time: 0; initial_level: 98.5728; final_level: 98.5728
event: task_resolution; timestamp: 31.1558; task: 5; pos: (-46.7684, -52.5449); status: COMPLETED; attempt: 1
event: battery_consumption; timestamp: 31.1558; robot: 4; time: 5.60158; initial_level: 98.5728; final_level: 98.0126
event: navigation; timestamp: 31.1558; robot: 4; time: 5.60158; src: (-46.7684, -52.5449); dst: (-70.0709, -68.0831)
event: battery_consumption; timestamp: 31.1558; robot: 3; time: 5.60158; initial_level: 98.5931; final_level: 98.033
event: navigation; timestamp: 31.1558; robot: 3; time: 5.60158; src: (-46.7684, -52.5449); dst: (-70.0709, -68.0831)
event: battery_consumption; timestamp: 31.1558; robot: 1; time: 5.60158; initial_level: 96.8844; final_level: 96.3243
event: navigation; timestamp: 31.1558; robot: 1; time: 5.60158; src: (-46.7684, -52.5449); dst: (-70.0709, -68.0831)
event: task_execution; timestamp: 36.7574; task: 1; robot: 1; pos: (-70.0709, -68.0831); time: 0
event: battery_consumption; timestamp: 36.7574; robot: 1; time: 0; initial_level: 96.3243; final_level: 86.3243
event: task_execution; timestamp: 36.7574; task: 1; robot: 3; pos: (-70.0709, -68.0831); time: 0
event: battery_consumption; timestamp: 36.7574; robot: 3; time: 0; initial_level: 98.033; final_level: 88.033
event: task_execution; timestamp: 36.7574; task: 1; robot: 4; pos: (-70.0709, -68.0831); time: 0
event: battery_consumption; timestamp: 36.7574; robot: 4; time: 0; initial_level: 98.0126; final_level: 88.0126
event: task_resolution; timestamp: 36.7574; task: 1; pos: (-70.0709, -68.0831); status: FAILED; attempt: 1
event: battery_consumption; timestamp: 36.7574; robot: 4; time: 11.9284; initial_level: 88.0126; final_level: 86.8198
event: navigation; timestamp: 36.7574; robot: 4; time: 11.9284; src: (-70.0709, -68.0831); dst: (-17.4248, -96.1114)
event: battery_consumption; timestamp: 36.7574; robot: 1; time: 2.90677; initial_level: 86.3243; final_level: 86.0336
event: navigation; timestamp: 36.7574; robot: 1; time: 2.90677; src: (-70.0709, -68.0831); dst: (-74.758, -54.3258)
event: battery_consumption; timestamp: 36.7574; robot: 3; time: 2.90677; initial_level: 88.033; final_level: 87.7423
event: navigation; timestamp: 36.7574; robot: 3; time: 2.90677; src: (-70.0709, -68.0831); dst: (-74.758, -54.3258)
event: task_execution; timestamp: 39.6642; task: 7; robot: 1; pos: (-74.758, -54.3258); time: 5.19166
event: battery_consumption; timestamp: 39.6642; robot: 1; time: 5.19166; initial_level: 86.0336; final_level: 80.8419
event: task_execution; timestamp: 39.6642; task: 7; robot: 3; pos: (-74.758, -54.3258); time: 5.19166
event: battery_consumption; timestamp: 39.6642; robot: 3; time: 5.19166; initial_level: 87.7423; final_level: 82.5506
event: task_resolution; timestamp: 44.8558; task: 7; pos: (-74.758, -54.3258); status: COMPLETED; attempt: 1
event: battery_consumption; timestamp: 44.8558; robot: 3; time: 8.2039; initial_level: 82.5506; final_level: 81.7302
event: navigation; timestamp: 44.8558; robot: 3; time: 8.2039; src: (-74.758, -54.3258); dst: (-87.1468, -93.4297)
event: battery_consumption; timestamp: 44.8558; robot: 1; time: 8.2039; initial_level: 80.8419; final_level: 80.0215
event: navigation; timestamp: 44.8558; robot: 1; time: 8.2039; src: (-74.758, -54.3258); dst: (-87.1468, -93.4297)
event: task_execution; timestamp: 53.0597; task: 6; robot: 1; pos: (-87.1468, -93.4297); time: 0
event: battery_consumption; timestamp: 53.0597; robot: 1; time: 0; initial_level: 80.0215; final_level: 80.0215
event: task_execution; timestamp: 53.0597; task: 6; robot: 3; pos: (-87.1468, -93.4297); time: 0
event: battery_consumption; timestamp: 53.0597; robot: 3; time: 0; initial_level: 81.7302; final_level: 81.7302
event: task_resolution; timestamp: 53.0597; task: 6; pos: (-87.1468, -93.4297); status: COMPLETED; attempt: 1
event: battery_consumption; timestamp: 53.0597; robot: 1; time: 13.9547; initial_level: 80.0215; final_level: 78.6261
event: navigation; timestamp: 53.0597; robot: 1; time: 13.9547; src: (-87.1468, -93.4297); dst: (-17.4248, -96.1114)
event: battery_consumption; timestamp: 53.0597; robot: 3; time: 13.9547; initial_level: 81.7302; final_level: 80.3348
event: navigation; timestamp: 53.0597; robot: 3; time: 13.9547; src: (-87.1468, -93.4297); dst: (-17.4248, -96.1114)
event: task_execution; timestamp: 67.0144; task: 2; robot: 1; pos: (-17.4248, -96.1114); time: 0
event: battery_consumption; timestamp: 67.0144; robot: 1; time: 0; initial_level: 78.6261; final_level: 78.6261
event: task_execution; timestamp: 67.0144; task: 2; robot: 3; pos: (-17.4248, -96.1114); time: 0
event: battery_consumption; timestamp: 67.0144; robot: 3; time: 0; initial_level: 80.3348; final_level: 80.3348
event: task_execution; timestamp: 67.0144; task: 2; robot: 4; pos: (-17.4248, -96.1114); time: 0
event: battery_consumption; timestamp: 67.0144; robot: 4; time: 0; initial_level: 86.8198; final_level: 86.8198
event: task_resolution; timestamp: 67.0144; task: 2; pos: (-17.4248, -96.1114); status: COMPLETED; attempt: 1
event: battery_consumption; timestamp: 67.0144; robot: 3; time: 19.5356; initial_level: 80.3348; final_level: 78.3812
event: navigation; timestamp: 67.0144; robot: 3; time: 19.5356; src: (-17.4248, -96.1114); dst: (0, 0)
event: robot_finished; timestamp: 86.5501; robot: 3; pos: (0, 0); battery: 78.3812
event: battery_consumption; timestamp: 67.0144; robot: 1; time: 12.8458; initial_level: 78.6261; final_level: 77.3415
event: navigation; timestamp: 67.0144; robot: 1; time: 12.8458; src: (-17.4248, -96.1114); dst: (6.58351, -36.5381)
event: battery_consumption; timestamp: 67.0144; robot: 4; time: 22.368; initial_level: 86.8198; final_level: 84.583
event: navigation; timestamp: 67.0144; robot: 4; time: 22.368; src: (-17.4248, -96.1114); dst: (60.5478, -15.9338)
event: task_execution; timestamp: 79.8602; task: 4; robot: 1; pos: (6.58351, -36.5381); time: 0
event: battery_consumption; timestamp: 79.8602; robot: 1; time: 0; initial_level: 77.3415; final_level: 67.3415
event: task_resolution; timestamp: 79.8602; task: 4; pos: (6.58351, -36.5381); status: FAILED; attempt: 1
event: battery_consumption; timestamp: 79.8602; robot: 1; time: 13.2223; initial_level: 67.3415; final_level: 66.0192
event: navigation; timestamp: 79.8602; robot: 1; time: 13.2223; src: (6.58351, -36.5381); dst: (72.2993, -29.315)
event: task_execution; timestamp: 89.3824; task: 9; robot: 4; pos: (60.5478, -15.9338); time: 0
event: battery_consumption; timestamp: 89.3824; robot: 4; time: 0; initial_level: 84.583; final_level: 74.583
event: task_resolution; timestamp: 89.3824; task: 9; pos: (60.5478, -15.9338); status: FAILED; attempt: 1
event: battery_consumption; timestamp: 89.3824; robot: 4; time: 11.8374; initial_level: 74.583; final_level: 73.3992
event: navigation; timestamp: 89.3824; robot: 4; time: 11.8374; src: (60.5478, -15.9338); dst: (56.8755, 43.1394)
event: task_execution; timestamp: 101.22; task: 10; robot: 2; pos: (56.8755, 43.1394); time: 0
event: battery_consumption; timestamp: 101.22; robot: 2; time: 0; initial_level: 97.2389; final_level: 87.2389
event: task_execution; timestamp: 101.22; task: 10; robot: 4; pos: (56.8755, 43.1394); time: 0
event: battery_consumption; timestamp: 101.22; robot: 4; time: 0; initial_level: 73.3992; final_level: 63.3992
event: task_resolution; timestamp: 101.22; task: 10; pos: (56.8755, 43.1394); status: FAILED; attempt: 1
event: battery_consumption; timestamp: 101.22; robot: 2; time: 14.277; initial_level: 87.2389; final_level: 85.8112
event: navigation; timestamp: 101.22; robot: 2; time: 14.277; src: (56.8755, 43.1394); dst: (0, 0)
event: robot_finished; timestamp: 115.497; robot: 2; pos: (0, 0); battery: 85.8112
event: battery_consumption; timestamp: 101.22; robot: 4; time: 14.277; initial_level: 63.3992; final_level: 61.9715
event: navigation; timestamp: 101.22; robot: 4; time: 14.277; src: (56.8755, 43.1394); dst: (0, 0)
event: robot_finished; timestamp: 115.497; robot: 4; pos: (0, 0); battery: 61.9715
event: task_execution; timestamp: 93.0826; task: 12; robot: 1; pos: (72.2993, -29.315); time: 66.0192
event: battery_consumption; timestamp: 93.0826; robot: 1; time: 66.0192; initial_level: 66.0192; final_level: 56.0192
event: task_resolution; timestamp: 159.102; task: 12; pos: (72.2993, -29.315); status: FAILED; attempt: 1
event: battery_consumption; timestamp: 159.102; robot: 1; time: 15.6033; initial_level: 56.0192; final_level: 54.4589
event: navigation; timestamp: 159.102; robot: 1; time: 15.6033; src: (72.2993, -29.315); dst: (0, 0)
event: robot_finished; timestamp: 174.705; robot: 1; pos: (0, 0); battery: 54.4589
metric: available_agents; value: 0
metric: failed_agents; value: 0
metric: finished_agents; value: 6
metric: completed_tasks; value: 7
metric: pending_tasks; value: 0
metric: failed_tasks; value: 5
metric: average_robot_makespan; value: 82.0415
metric: sd_robot_makespan; value: 69.7238
metric: max_robot_makespan; value: 174.705
metric: min_robot_makespan; value: 0
metric: average_robot_travel_distance; value: 241.615
metric: sd_robot_travel_distance; value: 212.502
metric: max_robot_travel_distance; value: 517.471
metric: min_robot_travel_distance; value: 0
metric: sum_robot_travel_distance; value: 1449.69
metric: average_completed_tasks_by_robot; value: 0
metric: sd_completed_tasks_by_robot; value: 0
metric: max_completed_tasks_by_robot; value: 0
metric: min_completed_tasks_by_robot; value: 0
metric: final_reward; value: 0.583333
metric: computing_time; value: 0.008835
