info: solver_name; value: dec-mcts-v3.2
info: reward_function; value: reward00
info: replica; value: 1
info: filename; value: ../logs/prueba/scenario_1E_20t_4r_dec-mcts-v3.2_reward00_001.log
info: scenario_name; value: scenario_1E_20t_4r
info: scenario_name; value: scenario_1E_20t_4r
info: number_of_tasks; value: 20
info: number_of_robots; value: 4
info: number_of_recharging_stations; value: 1
info: scenario_size; value: (15,15)
event: recharging_station_spawn; timestamp: 0; recharging_station: 1; pos: (0, 0)
event: task_spawn; timestamp: 0; task: 1; pos: (0, 5); earliest_start: 31; latest_start: 39.6; state: PENDING; required_workers: 1; success_prob: 1; max_attempts: 1
event: task_spawn; timestamp: 0; task: 2; pos: (0.95, 4.31); earliest_start: 38; latest_start: 48.39; state: PENDING; required_workers: 1; success_prob: 1; max_attempts: 1
event: task_spawn; timestamp: 0; task: 3; pos: (0.59, 3.19); earliest_start: 36; latest_start: 41.87; state: PENDING; required_workers: 1; success_prob: 1; max_attempts: 1
event: task_spawn; timestamp: 0; task: 4; pos: (-0.59, 3.19); earliest_start: 15; latest_start: 24.05; state: PENDING; required_workers: 1; success_prob: 1; max_attempts: 1
event: task_spawn; timestamp: 0; task: 5; pos: (-0.95, 4.31); earliest_start: 0; latest_start: 9.51; state: PENDING; required_workers: 1; success_prob: 1; max_attempts: 1
event: task_spawn; timestamp: 0; task: 6; pos: (4, 1); earliest_start: 39; latest_start: 46.56; state: PENDING; required_workers: 1; success_prob: 1; max_attempts: 1
event: task_spawn; timestamp: 0; task: 7; pos: (4.95, 0.31); earliest_start: 11; latest_start: 18.65; state: PENDING; required_workers: 1; success_prob: 1; max_attempts: 1
event: task_spawn; timestamp: 0; task: 8; pos: (4.59, -0.81); earliest_start: 5; latest_start: 18.12; state: PENDING; required_workers: 1; success_prob: 1; max_attempts: 1
event: task_spawn; timestamp: 0; task: 9; pos: (3.41, -0.81); earliest_start: 33; latest_start: 40.19; state: PENDING; required_workers: 1; success_prob: 1; max_attempts: 1
event: task_spawn; timestamp: 0; task: 10; pos: (3.05, 0.31); earliest_start: 34; latest_start: 43.58; state: PENDING; required_workers: 1; success_prob: 1; max_attempts: 1
event: task_spawn; timestamp: 0; task: 11; pos: (0, -3); earliest_start: 35; latest_start: 36.06; state: PENDING; required_workers: 1; success_prob: 1; max_attempts: 1
event: task_spawn; timestamp: 0; task: 12; pos: (0.95, -3.69); earliest_start: 1; latest_start: 10.59; state: PENDING; required_workers: 1; success_prob: 1; max_attempts: 1
event: task_spawn; timestamp: 0; task: 13; pos: (0.59, -4.81); earliest_start: 40; latest_start: 47.39; state: PENDING; required_workers: 1; success_prob: 1; max_attempts: 1
event: task_spawn; timestamp: 0; task: 14; pos: (-0.59, -4.81); earliest_start: 24; latest_start: 36.15; state: PENDING; required_workers: 1; success_prob: 1; max_attempts: 1
event: task_spawn; timestamp: 0; task: 15; pos: (-0.95, -3.69); earliest_start: 1; latest_start: 13.28; state: PENDING; required_workers: 1; success_prob: 1; max_attempts: 1
event: task_spawn; timestamp: 0; task: 16; pos: (-4, 1); earliest_start: 22; latest_start: 31.73; state: PENDING; required_workers: 1; success_prob: 1; max_attempts: 1
event: task_spawn; timestamp: 0; task: 17; pos: (-3.05, 0.31); earliest_start: 40; latest_start: 50.66; state: PENDING; required_workers: 1; success_prob: 1; max_attempts: 1
event: task_spawn; timestamp: 0; task: 18; pos: (-3.41, -0.81); earliest_start: 6; latest_start: 13.32; state: PENDING; required_workers: 1; success_prob: 1; max_attempts: 1
event: task_spawn; timestamp: 0; task: 19; pos: (-4.59, -0.81); earliest_start: 21; latest_start: 31.66; state: PENDING; required_workers: 1; success_prob: 1; max_attempts: 1
event: task_spawn; timestamp: 0; task: 20; pos: (-4.95, 0.31); earliest_start: 8; latest_start: 13.15; state: PENDING; required_workers: 1; success_prob: 1; max_attempts: 1
event: robot_spawn; timestamp: 0; robot: 1; pos: (0, 0); state: AVAILABLE; battery_level: 100; battery_capacity: 100; velocity: 1; battery_rate_nav: 1
event: robot_spawn; timestamp: 0; robot: 2; pos: (0, 0); state: AVAILABLE; battery_level: 100; battery_capacity: 100; velocity: 1; battery_rate_nav: 1
event: robot_spawn; timestamp: 0; robot: 3; pos: (0, 0); state: AVAILABLE; battery_level: 100; battery_capacity: 100; velocity: 1; battery_rate_nav: 1
event: robot_spawn; timestamp: 0; robot: 4; pos: (0, 0); state: AVAILABLE; battery_level: 100; battery_capacity: 100; velocity: 1; battery_rate_nav: 1
event: battery_consumption; timestamp: 0; robot: 1; time: 4.66092; initial_level: 100; final_level: 95.3391
event: navigation; timestamp: 0; robot: 1; time: 4.66092; src: (0, 0); dst: (4.59, -0.81)
event: battery_consumption; timestamp: 0; robot: 2; time: 4.41346; initial_level: 100; final_level: 95.5865
event: navigation; timestamp: 0; robot: 2; time: 4.41346; src: (0, 0); dst: (-0.95, 4.31)
event: battery_consumption; timestamp: 0; robot: 4; time: 3.81033; initial_level: 100; final_level: 96.1897
event: navigation; timestamp: 0; robot: 4; time: 3.81033; src: (0, 0); dst: (0.95, -3.69)
event: battery_consumption; timestamp: 0; robot: 3; time: 4.9597; initial_level: 100; final_level: 95.0403
event: navigation; timestamp: 0; robot: 3; time: 4.9597; src: (0, 0); dst: (-4.95, 0.31)
event: task_execution; timestamp: 3.81033; task: 12; robot: 4; pos: (0.95, -3.69); time: 10
event: battery_consumption; timestamp: 3.81033; robot: 4; time: 10; initial_level: 96.1897; final_level: 86.1897
event: task_resolution; timestamp: 13.8103; task: 12; pos: (0.95, -3.69); status: COMPLETED; attempt: 1
event: battery_consumption; timestamp: 13.8103; robot: 4; time: 8.74177; initial_level: 86.1897; final_level: 77.4479
event: navigation; timestamp: 13.8103; robot: 4; time: 8.74177; src: (0.95, -3.69); dst: (0, 5)
event: task_execution; timestamp: 4.41346; task: 5; robot: 2; pos: (-0.95, 4.31); time: 10
event: battery_consumption; timestamp: 4.41346; robot: 2; time: 10; initial_level: 95.5865; final_level: 85.5865
event: task_resolution; timestamp: 14.4135; task: 5; pos: (-0.95, 4.31); status: COMPLETED; attempt: 1
event: battery_consumption; timestamp: 14.4135; robot: 2; time: 1.17644; initial_level: 85.5865; final_level: 84.4101
event: navigation; timestamp: 14.4135; robot: 2; time: 1.17644; src: (-0.95, 4.31); dst: (-0.59, 3.19)
event: task_execution; timestamp: 5; task: 8; robot: 1; pos: (4.59, -0.81); time: 10
event: battery_consumption; timestamp: 5; robot: 1; time: 10; initial_level: 95.3391; final_level: 85.3391
event: task_resolution; timestamp: 15; task: 8; pos: (4.59, -0.81); status: COMPLETED; attempt: 1
event: battery_consumption; timestamp: 15; robot: 1; time: 1.17644; initial_level: 85.3391; final_level: 84.1626
event: navigation; timestamp: 15; robot: 1; time: 1.17644; src: (4.59, -0.81); dst: (4.95, 0.31)
event: task_execution; timestamp: 8; task: 20; robot: 3; pos: (-4.95, 0.31); time: 10
event: battery_consumption; timestamp: 8; robot: 3; time: 10; initial_level: 95.0403; final_level: 85.0403
event: task_resolution; timestamp: 18; task: 20; pos: (-4.95, 0.31); status: COMPLETED; attempt: 1
event: battery_consumption; timestamp: 18; robot: 3; time: 1.17414; initial_level: 85.0403; final_level: 83.8662
event: navigation; timestamp: 18; robot: 3; time: 1.17414; src: (-4.95, 0.31); dst: (-4, 1)
event: task_execution; timestamp: 15.5899; task: 4; robot: 2; pos: (-0.59, 3.19); time: 10
event: battery_consumption; timestamp: 15.5899; robot: 2; time: 10; initial_level: 84.4101; final_level: 74.4101
event: task_resolution; timestamp: 25.5899; task: 4; pos: (-0.59, 3.19); status: COMPLETED; attempt: 1
event: battery_consumption; timestamp: 25.5899; robot: 2; time: 8; initial_level: 74.4101; final_level: 66.4101
event: navigation; timestamp: 25.5899; robot: 2; time: 8; src: (-0.59, 3.19); dst: (-0.59, -4.81)
event: task_execution; timestamp: 16.1764; task: 7; robot: 1; pos: (4.95, 0.31); time: 10
event: battery_consumption; timestamp: 16.1764; robot: 1; time: 10; initial_level: 84.1626; final_level: 74.1626
event: task_resolution; timestamp: 26.1764; task: 7; pos: (4.95, 0.31); status: COMPLETED; attempt: 1
event: battery_consumption; timestamp: 26.1764; robot: 1; time: 1.9; initial_level: 74.1626; final_level: 72.2626
event: navigation; timestamp: 26.1764; robot: 1; time: 1.9; src: (4.95, 0.31); dst: (3.05, 0.31)
event: task_execution; timestamp: 22; task: 16; robot: 3; pos: (-4, 1); time: 10
event: battery_consumption; timestamp: 22; robot: 3; time: 10; initial_level: 83.8662; final_level: 73.8662
event: task_resolution; timestamp: 32; task: 16; pos: (-4, 1); status: COMPLETED; attempt: 1
event: battery_consumption; timestamp: 32; robot: 3; time: 7.40434; initial_level: 73.8662; final_level: 66.4618
event: navigation; timestamp: 32; robot: 3; time: 7.40434; src: (-4, 1); dst: (0.59, -4.81)
event: task_execution; timestamp: 31; task: 1; robot: 4; pos: (0, 5); time: 10
event: battery_consumption; timestamp: 31; robot: 4; time: 10; initial_level: 77.4479; final_level: 67.4479
event: task_resolution; timestamp: 41; task: 1; pos: (0, 5); status: COMPLETED; attempt: 1
event: battery_consumption; timestamp: 41; robot: 4; time: 1.17414; initial_level: 67.4479; final_level: 66.2738
event: navigation; timestamp: 41; robot: 4; time: 1.17414; src: (0, 5); dst: (0.95, 4.31)
event: task_execution; timestamp: 33.5899; task: 14; robot: 2; pos: (-0.59, -4.81); time: 10
event: battery_consumption; timestamp: 33.5899; robot: 2; time: 10; initial_level: 66.4101; final_level: 56.4101
event: task_resolution; timestamp: 43.5899; task: 14; pos: (-0.59, -4.81); status: COMPLETED; attempt: 1
event: battery_consumption; timestamp: 43.5899; robot: 2; time: 5.68032; initial_level: 56.4101; final_level: 50.7298
event: navigation; timestamp: 43.5899; robot: 2; time: 5.68032; src: (-0.59, -4.81); dst: (-3.05, 0.31)
event: task_execution; timestamp: 34; task: 10; robot: 1; pos: (3.05, 0.31); time: 10
event: battery_consumption; timestamp: 34; robot: 1; time: 10; initial_level: 72.2626; final_level: 62.2626
event: task_resolution; timestamp: 44; task: 10; pos: (3.05, 0.31); status: COMPLETED; attempt: 1
event: battery_consumption; timestamp: 44; robot: 1; time: 1.17414; initial_level: 62.2626; final_level: 61.0885
event: navigation; timestamp: 44; robot: 1; time: 1.17414; src: (3.05, 0.31); dst: (4, 1)
event: task_execution; timestamp: 40; task: 13; robot: 3; pos: (0.59, -4.81); time: 10
event: battery_consumption; timestamp: 40; robot: 3; time: 10; initial_level: 66.4618; final_level: 56.4618
event: task_resolution; timestamp: 50; task: 13; pos: (0.59, -4.81); status: COMPLETED; attempt: 1
event: battery_consumption; timestamp: 50; robot: 3; time: 4.84605; initial_level: 56.4618; final_level: 51.6158
event: navigation; timestamp: 50; robot: 3; time: 4.84605; src: (0.59, -4.81); dst: (0, 0)
event: robot_finished; timestamp: 54.846; robot: 3; pos: (0, 0); battery: 51.6158
event: task_execution; timestamp: 42.1741; task: 2; robot: 4; pos: (0.95, 4.31); time: 10
event: battery_consumption; timestamp: 42.1741; robot: 4; time: 10; initial_level: 66.2738; final_level: 56.2738
event: task_resolution; timestamp: 52.1741; task: 2; pos: (0.95, 4.31); status: COMPLETED; attempt: 1
event: battery_consumption; timestamp: 52.1741; robot: 4; time: 4.41346; initial_level: 56.2738; final_level: 51.8603
event: navigation; timestamp: 52.1741; robot: 4; time: 4.41346; src: (0.95, 4.31); dst: (0, 0)
event: robot_finished; timestamp: 56.5876; robot: 4; pos: (0, 0); battery: 51.8603
event: task_execution; timestamp: 45.1741; task: 6; robot: 1; pos: (4, 1); time: 10
event: battery_consumption; timestamp: 45.1741; robot: 1; time: 10; initial_level: 61.0885; final_level: 51.0885
event: task_resolution; timestamp: 55.1741; task: 6; pos: (4, 1); status: COMPLETED; attempt: 1
event: battery_consumption; timestamp: 55.1741; robot: 1; time: 4.12311; initial_level: 51.0885; final_level: 46.9654
event: navigation; timestamp: 55.1741; robot: 1; time: 4.12311; src: (4, 1); dst: (0, 0)
event: robot_finished; timestamp: 59.2972; robot: 1; pos: (0, 0); battery: 46.9654
event: task_execution; timestamp: 49.2702; task: 17; robot: 2; pos: (-3.05, 0.31); time: 10
event: battery_consumption; timestamp: 49.2702; robot: 2; time: 10; initial_level: 50.7298; final_level: 40.7298
event: task_resolution; timestamp: 59.2702; task: 17; pos: (-3.05, 0.31); status: COMPLETED; attempt: 1
event: battery_consumption; timestamp: 59.2702; robot: 2; time: 3.06571; initial_level: 40.7298; final_level: 37.6641
event: navigation; timestamp: 59.2702; robot: 2; time: 3.06571; src: (-3.05, 0.31); dst: (0, 0)
event: robot_finished; timestamp: 62.3359; robot: 2; pos: (0, 0); battery: 37.6641
metric: available_agents; value: 0
metric: failed_agents; value: 0
metric: finished_agents; value: 4
metric: completed_tasks; value: 14
metric: pending_tasks; value: 0
metric: failed_tasks; value: 6
metric: average_robot_makespan; value: 58.2667
metric: sd_robot_makespan; value: 3.27317
metric: max_robot_makespan; value: 62.3359
metric: min_robot_makespan; value: 54.846
metric: average_robot_travel_distance; value: 17.9736
metric: sd_robot_travel_distance; value: 3.81312
metric: max_robot_travel_distance; value: 22.3359
metric: min_robot_travel_distance; value: 13.0346
metric: sum_robot_travel_distance; value: 71.8944
metric: average_completed_tasks_by_robot; value: 0
metric: sd_completed_tasks_by_robot; value: 0
metric: max_completed_tasks_by_robot; value: 0
metric: min_completed_tasks_by_robot; value: 0
metric: final_reward; value: 0.7
metric: computing_time; value: 2.30824
