info: solver_name; value: greedy
info: reward_function; value: reward00
info: replica; value: 1
info: filename; value: ../logs/prueba/scenario_10t_01_5r_greedy_reward00_001.log
info: scenario_name; value: scenario_10t_01_5r
info: scenario_name; value: scenario_10t_01_5r
info: number_of_tasks; value: 10
info: number_of_robots; value: 5
info: number_of_recharging_stations; value: 1
info: scenario_size; value: (200,200)
event: recharging_station_spawn; timestamp: 0; recharging_station: 1; pos: (0, 0)
event: task_spawn; timestamp: 0; task: 1; pos: (42, -79); earliest_start: 0; latest_start: 360; state: PENDING; required_workers: 3; success_prob: 0.7; max_attempts: 1
event: task_spawn; timestamp: 0; task: 2; pos: (65, 22); earliest_start: 0; latest_start: 270; state: PENDING; required_workers: 1; success_prob: 0.7; max_attempts: 1
event: task_spawn; timestamp: 0; task: 3; pos: (-56, 35); earliest_start: 0; latest_start: 540; state: PENDING; required_workers: 1; success_prob: 0.8; max_attempts: 1
event: task_spawn; timestamp: 0; task: 4; pos: (-100, -5); earliest_start: 0; latest_start: 540; state: PENDING; required_workers: 3; success_prob: 0.9; max_attempts: 1
event: task_spawn; timestamp: 0; task: 5; pos: (-4, 45); earliest_start: 0; latest_start: 810; state: PENDING; required_workers: 2; success_prob: 0.9; max_attempts: 1
event: task_spawn; timestamp: 0; task: 6; pos: (-41, -84); earliest_start: 0; latest_start: 1080; state: PENDING; required_workers: 3; success_prob: 0.9; max_attempts: 1
event: task_spawn; timestamp: 0; task: 7; pos: (-3, 2); earliest_start: 0; latest_start: 360; state: PENDING; required_workers: 1; success_prob: 0.7; max_attempts: 1
event: task_spawn; timestamp: 0; task: 8; pos: (-75, -89); earliest_start: 0; latest_start: 360; state: PENDING; required_workers: 1; success_prob: 0.6; max_attempts: 1
event: task_spawn; timestamp: 0; task: 9; pos: (-70, 96); earliest_start: 0; latest_start: 360; state: PENDING; required_workers: 3; success_prob: 0.8; max_attempts: 1
event: task_spawn; timestamp: 0; task: 10; pos: (-46, -4); earliest_start: 0; latest_start: 720; state: PENDING; required_workers: 3; success_prob: 0.5; max_attempts: 1
event: robot_spawn; timestamp: 0; robot: 1; pos: (0, 0); state: AVAILABLE; battery_level: 100; battery_capacity: 100; velocity: 5; battery_rate_nav: 0.1
event: robot_spawn; timestamp: 0; robot: 2; pos: (0, 0); state: AVAILABLE; battery_level: 100; battery_capacity: 100; velocity: 5; battery_rate_nav: 0.1
event: robot_spawn; timestamp: 0; robot: 3; pos: (0, 0); state: AVAILABLE; battery_level: 100; battery_capacity: 100; velocity: 5; battery_rate_nav: 0.1
event: robot_spawn; timestamp: 0; robot: 4; pos: (0, 0); state: AVAILABLE; battery_level: 100; battery_capacity: 100; velocity: 5; battery_rate_nav: 0.1
event: robot_spawn; timestamp: 0; robot: 5; pos: (0, 0); state: AVAILABLE; battery_level: 100; battery_capacity: 100; velocity: 5; battery_rate_nav: 0.1
event: battery_consumption; timestamp: 0; robot: 1; time: 0.72111; initial_level: 100; final_level: 99.9279
event: navigation; timestamp: 0; robot: 1; time: 0.72111; src: (0, 0); dst: (-3, 2)
event: battery_consumption; timestamp: 0; robot: 5; time: 9.03549; initial_level: 100; final_level: 99.0965
event: navigation; timestamp: 0; robot: 5; time: 9.03549; src: (0, 0); dst: (-4, 45)
event: battery_consumption; timestamp: 0; robot: 4; time: 9.03549; initial_level: 100; final_level: 99.0965
event: navigation; timestamp: 0; robot: 4; time: 9.03549; src: (0, 0); dst: (-4, 45)
event: battery_consumption; timestamp: 0; robot: 3; time: 9.23472; initial_level: 100; final_level: 99.0765
event: navigation; timestamp: 0; robot: 3; time: 9.23472; src: (0, 0); dst: (-46, -4)
event: battery_consumption; timestamp: 0; robot: 2; time: 9.23472; initial_level: 100; final_level: 99.0765
event: navigation; timestamp: 0; robot: 2; time: 9.23472; src: (0, 0); dst: (-46, -4)
event: task_execution; timestamp: 0.72111; task: 7; robot: 1; pos: (-3, 2); time: 69.2913
event: battery_consumption; timestamp: 0.72111; robot: 1; time: 69.2913; initial_level: 99.9279; final_level: 30.6366
event: task_resolution; timestamp: 70.0124; task: 7; pos: (-3, 2); status: COMPLETED; attempt: 1
event: battery_consumption; timestamp: 70.0124; robot: 1; time: 8.68332; initial_level: 30.6366; final_level: 29.7682
event: navigation; timestamp: 70.0124; robot: 1; time: 8.68332; src: (-3, 2); dst: (-46, -4)
event: task_execution; timestamp: 78.6957; task: 10; robot: 1; pos: (-46, -4); time: 0
event: battery_consumption; timestamp: 78.6957; robot: 1; time: 0; initial_level: 29.7682; final_level: 19.7682
event: task_execution; timestamp: 78.6957; task: 10; robot: 2; pos: (-46, -4); time: 0
event: battery_consumption; timestamp: 78.6957; robot: 2; time: 0; initial_level: 99.0765; final_level: 89.0765
event: task_execution; timestamp: 78.6957; task: 10; robot: 3; pos: (-46, -4); time: 0
event: battery_consumption; timestamp: 78.6957; robot: 3; time: 0; initial_level: 99.0765; final_level: 89.0765
event: task_resolution; timestamp: 78.6957; task: 10; pos: (-46, -4); status: FAILED; attempt: 1
event: battery_consumption; timestamp: 78.6957; robot: 3; time: 8.05233; initial_level: 89.0765; final_level: 88.2713
event: navigation; timestamp: 78.6957; robot: 3; time: 8.05233; src: (-46, -4); dst: (-56, 35)
event: battery_consumption; timestamp: 78.6957; robot: 1; time: 10.8019; initial_level: 19.7682; final_level: 18.6881
event: navigation; timestamp: 78.6957; robot: 1; time: 10.8019; src: (-46, -4); dst: (-100, -5)
event: battery_consumption; timestamp: 78.6957; robot: 2; time: 10.8019; initial_level: 89.0765; final_level: 87.9963
event: navigation; timestamp: 78.6957; robot: 2; time: 10.8019; src: (-46, -4); dst: (-100, -5)
event: task_execution; timestamp: 86.7481; task: 3; robot: 3; pos: (-56, 35); time: 0
event: battery_consumption; timestamp: 86.7481; robot: 3; time: 0; initial_level: 88.2713; final_level: 88.2713
event: task_resolution; timestamp: 86.7481; task: 3; pos: (-56, 35); status: COMPLETED; attempt: 1
event: battery_consumption; timestamp: 86.7481; robot: 3; time: 11.8929; initial_level: 88.2713; final_level: 87.082
event: navigation; timestamp: 86.7481; robot: 3; time: 11.8929; src: (-56, 35); dst: (-100, -5)
event: task_execution; timestamp: 9.03549; task: 5; robot: 4; pos: (-4, 45); time: 79.0946
event: battery_consumption; timestamp: 9.03549; robot: 4; time: 79.0946; initial_level: 99.0965; final_level: 20.0019
event: task_execution; timestamp: 9.03549; task: 5; robot: 5; pos: (-4, 45); time: 79.0946
event: battery_consumption; timestamp: 9.03549; robot: 5; time: 79.0946; initial_level: 99.0965; final_level: 20.0019
event: task_resolution; timestamp: 88.1301; task: 5; pos: (-4, 45); status: COMPLETED; attempt: 1
event: battery_consumption; timestamp: 88.1301; robot: 4; time: 14.5465; initial_level: 20.0019; final_level: 18.5472
event: navigation; timestamp: 88.1301; robot: 4; time: 14.5465; src: (-4, 45); dst: (65, 22)
event: battery_consumption; timestamp: 88.1301; robot: 5; time: 16.6817; initial_level: 20.0019; final_level: 18.3337
event: navigation; timestamp: 88.1301; robot: 5; time: 16.6817; src: (-4, 45); dst: (-70, 96)
event: task_execution; timestamp: 102.677; task: 2; robot: 4; pos: (65, 22); time: 0
event: battery_consumption; timestamp: 102.677; robot: 4; time: 0; initial_level: 18.5472; final_level: 18.5472
event: task_resolution; timestamp: 102.677; task: 2; pos: (65, 22); status: COMPLETED; attempt: 1
event: battery_consumption; timestamp: 102.677; robot: 4; time: 20.7171; initial_level: 18.5472; final_level: 16.4755
event: navigation; timestamp: 102.677; robot: 4; time: 20.7171; src: (65, 22); dst: (42, -79)
event: task_execution; timestamp: 98.6409; task: 4; robot: 1; pos: (-100, -5); time: 18.6881
event: battery_consumption; timestamp: 98.6409; robot: 1; time: 18.6881; initial_level: 18.6881; final_level: 8.68806
event: task_execution; timestamp: 98.6409; task: 4; robot: 2; pos: (-100, -5); time: 18.6881
event: battery_consumption; timestamp: 98.6409; robot: 2; time: 18.6881; initial_level: 87.9963; final_level: 77.9963
event: task_execution; timestamp: 98.6409; task: 4; robot: 3; pos: (-100, -5); time: 18.6881
event: battery_consumption; timestamp: 98.6409; robot: 3; time: 18.6881; initial_level: 87.082; final_level: 77.082
event: task_resolution; timestamp: 117.329; task: 4; pos: (-100, -5); status: FAILED; attempt: 1
event: battery_consumption; timestamp: 117.329; robot: 3; time: 17.5283; initial_level: 77.082; final_level: 75.3292
event: navigation; timestamp: 117.329; robot: 3; time: 17.5283; src: (-100, -5); dst: (-75, -89)
event: battery_consumption; timestamp: 117.329; robot: 1; time: 19.72; initial_level: 8.68806; final_level: 6.71606
event: navigation; timestamp: 117.329; robot: 1; time: 19.72; src: (-100, -5); dst: (-41, -84)
event: battery_consumption; timestamp: 117.329; robot: 2; time: 19.72; initial_level: 77.9963; final_level: 76.0243
event: navigation; timestamp: 117.329; robot: 2; time: 19.72; src: (-100, -5); dst: (-41, -84)
event: task_execution; timestamp: 134.857; task: 8; robot: 3; pos: (-75, -89); time: 0
event: battery_consumption; timestamp: 134.857; robot: 3; time: 0; initial_level: 75.3292; final_level: 65.3292
event: task_resolution; timestamp: 134.857; task: 8; pos: (-75, -89); status: FAILED; attempt: 1
event: battery_consumption; timestamp: 134.857; robot: 3; time: 6.87314; initial_level: 65.3292; final_level: 64.6419
event: navigation; timestamp: 134.857; robot: 3; time: 6.87314; src: (-75, -89); dst: (-41, -84)
event: task_execution; timestamp: 141.73; task: 6; robot: 1; pos: (-41, -84); time: 6.71606
event: battery_consumption; timestamp: 141.73; robot: 1; time: 6.71606; initial_level: 6.71606; final_level: -3.28394
event: robot_failed; timestamp: 148.446; robot: 1; pos: (-41, -84)
event: task_execution; timestamp: 141.73; task: 6; robot: 2; pos: (-41, -84); time: 6.71606
event: battery_consumption; timestamp: 141.73; robot: 2; time: 6.71606; initial_level: 76.0243; final_level: 66.0243
event: task_execution; timestamp: 141.73; task: 6; robot: 3; pos: (-41, -84); time: 6.71606
event: battery_consumption; timestamp: 141.73; robot: 3; time: 6.71606; initial_level: 64.6419; final_level: 54.6419
event: task_resolution; timestamp: 148.446; task: 6; pos: (-41, -84); status: FAILED; attempt: 1
event: battery_consumption; timestamp: 148.446; robot: 2; time: 16.6301; initial_level: 66.0243; final_level: 64.3613
event: navigation; timestamp: 148.446; robot: 2; time: 16.6301; src: (-41, -84); dst: (42, -79)
event: battery_consumption; timestamp: 148.446; robot: 3; time: 16.6301; initial_level: 54.6419; final_level: 52.9789
event: navigation; timestamp: 148.446; robot: 3; time: 16.6301; src: (-41, -84); dst: (42, -79)
event: task_execution; timestamp: 165.077; task: 1; robot: 2; pos: (42, -79); time: 16.4755
event: battery_consumption; timestamp: 165.077; robot: 2; time: 16.4755; initial_level: 64.3613; final_level: 54.3613
event: task_execution; timestamp: 165.077; task: 1; robot: 3; pos: (42, -79); time: 16.4755
event: battery_consumption; timestamp: 165.077; robot: 3; time: 16.4755; initial_level: 52.9789; final_level: 42.9789
event: task_execution; timestamp: 165.077; task: 1; robot: 4; pos: (42, -79); time: 16.4755
event: battery_consumption; timestamp: 165.077; robot: 4; time: 16.4755; initial_level: 16.4755; final_level: 6.4755
event: task_resolution; timestamp: 181.552; task: 1; pos: (42, -79); status: FAILED; attempt: 1
event: battery_consumption; timestamp: 181.552; robot: 4; time: 41.5543; initial_level: 6.4755; final_level: 2.32007
event: navigation; timestamp: 181.552; robot: 4; time: 41.5543; src: (42, -79); dst: (-70, 96)
event: battery_consumption; timestamp: 181.552; robot: 3; time: 41.5543; initial_level: 42.9789; final_level: 38.8234
event: navigation; timestamp: 181.552; robot: 3; time: 41.5543; src: (42, -79); dst: (-70, 96)
event: battery_consumption; timestamp: 181.552; robot: 2; time: 17.8941; initial_level: 54.3613; final_level: 52.5719
event: navigation; timestamp: 181.552; robot: 2; time: 17.8941; src: (42, -79); dst: (0, 0)
event: robot_finished; timestamp: 199.446; robot: 2; pos: (0, 0); battery: 52.5719
event: task_execution; timestamp: 223.106; task: 9; robot: 3; pos: (-70, 96); time: 0
event: battery_consumption; timestamp: 223.106; robot: 3; time: 0; initial_level: 38.8234; final_level: 38.8234
event: task_execution; timestamp: 223.106; task: 9; robot: 4; pos: (-70, 96); time: 0
event: battery_consumption; timestamp: 223.106; robot: 4; time: 0; initial_level: 2.32007; final_level: 2.32007
event: task_execution; timestamp: 223.106; task: 9; robot: 5; pos: (-70, 96); time: 0
event: battery_consumption; timestamp: 223.106; robot: 5; time: 0; initial_level: 18.3337; final_level: 18.3337
event: task_resolution; timestamp: 223.106; task: 9; pos: (-70, 96); status: COMPLETED; attempt: 1
event: battery_consumption; timestamp: 223.106; robot: 5; time: 23.7622; initial_level: 18.3337; final_level: 15.9575
event: navigation; timestamp: 223.106; robot: 5; time: 23.7622; src: (-70, 96); dst: (0, 0)
event: robot_finished; timestamp: 246.868; robot: 5; pos: (0, 0); battery: 15.9575
event: battery_consumption; timestamp: 223.106; robot: 4; time: 23.7622; initial_level: 2.32007; final_level: 0
event: navigation; timestamp: 223.106; robot: 4; time: 23.7622; src: (-70, 96); dst: (0, 0)
event: robot_finished; timestamp: 246.868; robot: 4; pos: (0, 0); battery: 0
event: battery_consumption; timestamp: 223.106; robot: 3; time: 23.7622; initial_level: 38.8234; final_level: 36.4472
event: navigation; timestamp: 223.106; robot: 3; time: 23.7622; src: (-70, 96); dst: (0, 0)
event: robot_finished; timestamp: 246.868; robot: 3; pos: (0, 0); battery: 36.4472
metric: available_agents; value: 0
metric: failed_agents; value: 1
metric: finished_agents; value: 4
metric: completed_tasks; value: 5
metric: pending_tasks; value: 0
metric: failed_tasks; value: 5
metric: average_robot_makespan; value: 217.7
metric: sd_robot_makespan; value: 43.8225
metric: max_robot_makespan; value: 246.868
metric: min_robot_makespan; value: 148.446
metric: average_robot_travel_distance; value: 408.83
metric: sd_robot_travel_distance; value: 201.788
metric: max_robot_travel_distance; value: 677.639
metric: min_robot_travel_distance; value: 199.632
metric: sum_robot_travel_distance; value: 2044.15
metric: average_completed_tasks_by_robot; value: 0
metric: sd_completed_tasks_by_robot; value: 0
metric: max_completed_tasks_by_robot; value: 0
metric: min_completed_tasks_by_robot; value: 0
metric: final_reward; value: 0.5
metric: computing_time; value: 0.000762773
