info: solver_name; value: cbaa
info: reward_function; value: reward00
info: replica; value: 1
info: filename; value: ../logs/prueba/scenario_15t_03_5r_cbaa_reward00_001.log
info: scenario_name; value: scenario_15t_03_5r
info: scenario_name; value: scenario_15t_03_5r
info: number_of_tasks; value: 15
info: number_of_robots; value: 5
info: number_of_recharging_stations; value: 1
info: scenario_size; value: (200,200)
event: recharging_station_spawn; timestamp: 0; recharging_station: 1; pos: (0, 0)
event: task_spawn; timestamp: 0; task: 1; pos: (15, -68); earliest_start: 0; latest_start: 540; state: PENDING; required_workers: 2; success_prob: 0.7; max_attempts: 1
event: task_spawn; timestamp: 0; task: 2; pos: (-70, -11); earliest_start: 0; latest_start: 450; state: PENDING; required_workers: 3; success_prob: 0.7; max_attempts: 1
event: task_spawn; timestamp: 0; task: 3; pos: (-56, -71); earliest_start: 0; latest_start: 720; state: PENDING; required_workers: 3; success_prob: 0.9; max_attempts: 1
event: task_spawn; timestamp: 0; task: 4; pos: (60, 65); earliest_start: 0; latest_start: 720; state: PENDING; required_workers: 2; success_prob: 0.9; max_attempts: 1
event: task_spawn; timestamp: 0; task: 5; pos: (49, -14); earliest_start: 0; latest_start: 540; state: PENDING; required_workers: 1; success_prob: 0.7; max_attempts: 1
event: task_spawn; timestamp: 0; task: 6; pos: (-74, 51); earliest_start: 0; latest_start: 360; state: PENDING; required_workers: 3; success_prob: 0.9; max_attempts: 1
event: task_spawn; timestamp: 0; task: 7; pos: (-96, 64); earliest_start: 0; latest_start: 450; state: PENDING; required_workers: 1; success_prob: 0.7; max_attempts: 1
event: task_spawn; timestamp: 0; task: 8; pos: (-98, -34); earliest_start: 0; latest_start: 1080; state: PENDING; required_workers: 3; success_prob: 0.6; max_attempts: 1
event: task_spawn; timestamp: 0; task: 9; pos: (-80, 86); earliest_start: 0; latest_start: 360; state: PENDING; required_workers: 1; success_prob: 0.6; max_attempts: 1
event: task_spawn; timestamp: 0; task: 10; pos: (-21, 75); earliest_start: 0; latest_start: 720; state: PENDING; required_workers: 3; success_prob: 0.6; max_attempts: 1
event: task_spawn; timestamp: 0; task: 11; pos: (87, 95); earliest_start: 0; latest_start: 810; state: PENDING; required_workers: 2; success_prob: 0.8; max_attempts: 1
event: task_spawn; timestamp: 0; task: 12; pos: (69, -26); earliest_start: 0; latest_start: 900; state: PENDING; required_workers: 1; success_prob: 0.5; max_attempts: 1
event: task_spawn; timestamp: 0; task: 13; pos: (-19, -66); earliest_start: 0; latest_start: 450; state: PENDING; required_workers: 3; success_prob: 0.6; max_attempts: 1
event: task_spawn; timestamp: 0; task: 14; pos: (-99, 16); earliest_start: 0; latest_start: 270; state: PENDING; required_workers: 3; success_prob: 0.7; max_attempts: 1
event: task_spawn; timestamp: 0; task: 15; pos: (32, -82); earliest_start: 0; latest_start: 450; state: PENDING; required_workers: 1; success_prob: 0.8; max_attempts: 1
event: robot_spawn; timestamp: 0; robot: 1; pos: (0, 0); state: AVAILABLE; battery_level: 100; battery_capacity: 100; velocity: 5; battery_rate_nav: 0.1
event: robot_spawn; timestamp: 0; robot: 2; pos: (0, 0); state: AVAILABLE; battery_level: 100; battery_capacity: 100; velocity: 5; battery_rate_nav: 0.1
event: robot_spawn; timestamp: 0; robot: 3; pos: (0, 0); state: AVAILABLE; battery_level: 100; battery_capacity: 100; velocity: 5; battery_rate_nav: 0.1
event: robot_spawn; timestamp: 0; robot: 4; pos: (0, 0); state: AVAILABLE; battery_level: 100; battery_capacity: 100; velocity: 5; battery_rate_nav: 0.1
event: robot_spawn; timestamp: 0; robot: 5; pos: (0, 0); state: AVAILABLE; battery_level: 100; battery_capacity: 100; velocity: 5; battery_rate_nav: 0.1
event: robot_finished; timestamp: 0; robot: 4; pos: (0, 0); battery: 100
event: battery_consumption; timestamp: 0; robot: 1; time: 10.1922; initial_level: 100; final_level: 98.9808
event: navigation; timestamp: 0; robot: 1; time: 10.1922; src: (0, 0); dst: (49, -14)
event: battery_consumption; timestamp: 0; robot: 5; time: 17.9744; initial_level: 100; final_level: 98.2026
event: navigation; timestamp: 0; robot: 5; time: 17.9744; src: (0, 0); dst: (-74, 51)
event: battery_consumption; timestamp: 0; robot: 2; time: 17.9744; initial_level: 100; final_level: 98.2026
event: navigation; timestamp: 0; robot: 2; time: 17.9744; src: (0, 0); dst: (-74, 51)
event: battery_consumption; timestamp: 0; robot: 3; time: 17.9744; initial_level: 100; final_level: 98.2026
event: navigation; timestamp: 0; robot: 3; time: 17.9744; src: (0, 0); dst: (-74, 51)
event: task_execution; timestamp: 17.9744; task: 6; robot: 2; pos: (-74, 51); time: 0
event: battery_consumption; timestamp: 17.9744; robot: 2; time: 0; initial_level: 98.2026; final_level: 98.2026
event: task_execution; timestamp: 17.9744; task: 6; robot: 3; pos: (-74, 51); time: 0
event: battery_consumption; timestamp: 17.9744; robot: 3; time: 0; initial_level: 98.2026; final_level: 98.2026
event: task_execution; timestamp: 17.9744; task: 6; robot: 5; pos: (-74, 51); time: 0
event: battery_consumption; timestamp: 17.9744; robot: 5; time: 0; initial_level: 98.2026; final_level: 98.2026
event: task_resolution; timestamp: 17.9744; task: 6; pos: (-74, 51); status: COMPLETED; attempt: 1
event: battery_consumption; timestamp: 17.9744; robot: 2; time: 5.11077; initial_level: 98.2026; final_level: 97.6915
event: navigation; timestamp: 17.9744; robot: 2; time: 5.11077; src: (-74, 51); dst: (-96, 64)
event: battery_consumption; timestamp: 17.9744; robot: 5; time: 8.60233; initial_level: 98.2026; final_level: 97.3423
event: navigation; timestamp: 17.9744; robot: 5; time: 8.60233; src: (-74, 51); dst: (-99, 16)
event: battery_consumption; timestamp: 17.9744; robot: 3; time: 8.60233; initial_level: 98.2026; final_level: 97.3423
event: navigation; timestamp: 17.9744; robot: 3; time: 8.60233; src: (-74, 51); dst: (-99, 16)
event: task_execution; timestamp: 10.1922; task: 5; robot: 1; pos: (49, -14); time: 59.9314
event: battery_consumption; timestamp: 10.1922; robot: 1; time: 59.9314; initial_level: 98.9808; final_level: 39.0494
event: task_resolution; timestamp: 70.1236; task: 5; pos: (49, -14); status: COMPLETED; attempt: 1
event: battery_consumption; timestamp: 70.1236; robot: 1; time: 4.66476; initial_level: 39.0494; final_level: 38.5829
event: navigation; timestamp: 70.1236; robot: 1; time: 4.66476; src: (49, -14); dst: (69, -26)
event: task_execution; timestamp: 74.7883; task: 12; robot: 1; pos: (69, -26); time: 38.5829
event: battery_consumption; timestamp: 74.7883; robot: 1; time: 38.5829; initial_level: 38.5829; final_level: 28.5829
event: task_resolution; timestamp: 113.371; task: 12; pos: (69, -26); status: FAILED; attempt: 1
event: battery_consumption; timestamp: 113.371; robot: 1; time: 13.4239; initial_level: 28.5829; final_level: 27.2405
event: navigation; timestamp: 113.371; robot: 1; time: 13.4239; src: (69, -26); dst: (32, -82)
event: task_execution; timestamp: 23.0852; task: 7; robot: 2; pos: (-96, 64); time: 90.3379
event: battery_consumption; timestamp: 23.0852; robot: 2; time: 90.3379; initial_level: 97.6915; final_level: 7.35358
event: task_resolution; timestamp: 113.423; task: 7; pos: (-96, 64); status: COMPLETED; attempt: 1
event: battery_consumption; timestamp: 113.423; robot: 2; time: 5.44059; initial_level: 7.35358; final_level: 6.80952
event: navigation; timestamp: 113.423; robot: 2; time: 5.44059; src: (-96, 64); dst: (-80, 86)
event: task_execution; timestamp: 118.864; task: 9; robot: 2; pos: (-80, 86); time: 6.80952
event: battery_consumption; timestamp: 118.864; robot: 2; time: 6.80952; initial_level: 6.80952; final_level: -3.19048
event: robot_failed; timestamp: 125.673; robot: 2; pos: (-80, 86)
event: task_resolution; timestamp: 125.673; task: 9; pos: (-80, 86); status: FAILED; attempt: 1
event: task_execution; timestamp: 126.795; task: 15; robot: 1; pos: (32, -82); time: 0
event: battery_consumption; timestamp: 126.795; robot: 1; time: 0; initial_level: 27.2405; final_level: 27.2405
event: task_resolution; timestamp: 126.795; task: 15; pos: (32, -82); status: COMPLETED; attempt: 1
event: battery_consumption; timestamp: 126.795; robot: 1; time: 4.40454; initial_level: 27.2405; final_level: 26.8001
event: navigation; timestamp: 126.795; robot: 1; time: 4.40454; src: (32, -82); dst: (15, -68)
event: battery_consumption; timestamp: 270; robot: 5; time: 7.92465; initial_level: 97.3423; final_level: 96.5499
event: navigation; timestamp: 270; robot: 5; time: 7.92465; src: (-99, 16); dst: (-70, -11)
event: battery_consumption; timestamp: 270; robot: 3; time: 7.92465; initial_level: 97.3423; final_level: 96.5499
event: navigation; timestamp: 270; robot: 3; time: 7.92465; src: (-99, 16); dst: (-70, -11)
event: battery_consumption; timestamp: 450; robot: 3; time: 20.4685; initial_level: 96.5499; final_level: 94.503
event: navigation; timestamp: 450; robot: 3; time: 20.4685; src: (-70, -11); dst: (15, -68)
event: battery_consumption; timestamp: 450; robot: 5; time: 7.24707; initial_level: 96.5499; final_level: 95.8252
event: navigation; timestamp: 450; robot: 5; time: 7.24707; src: (-70, -11); dst: (-98, -34)
event: task_execution; timestamp: 470.469; task: 1; robot: 1; pos: (15, -68); time: 26.8001
event: battery_consumption; timestamp: 470.469; robot: 1; time: 26.8001; initial_level: 26.8001; final_level: 16.8001
event: task_execution; timestamp: 470.469; task: 1; robot: 3; pos: (15, -68); time: 26.8001
event: battery_consumption; timestamp: 470.469; robot: 3; time: 26.8001; initial_level: 94.503; final_level: 84.503
event: task_resolution; timestamp: 497.269; task: 1; pos: (15, -68); status: FAILED; attempt: 1
event: battery_consumption; timestamp: 497.269; robot: 3; time: 23.6008; initial_level: 84.503; final_level: 82.1429
event: navigation; timestamp: 497.269; robot: 3; time: 23.6008; src: (15, -68); dst: (-98, -34)
event: battery_consumption; timestamp: 497.269; robot: 1; time: 23.6008; initial_level: 16.8001; final_level: 14.44
event: navigation; timestamp: 497.269; robot: 1; time: 23.6008; src: (15, -68); dst: (-98, -34)
event: task_execution; timestamp: 520.869; task: 8; robot: 1; pos: (-98, -34); time: 0
event: battery_consumption; timestamp: 520.869; robot: 1; time: 0; initial_level: 14.44; final_level: 4.43998
event: task_execution; timestamp: 520.869; task: 8; robot: 3; pos: (-98, -34); time: 0
event: battery_consumption; timestamp: 520.869; robot: 3; time: 0; initial_level: 82.1429; final_level: 72.1429
event: task_execution; timestamp: 520.869; task: 8; robot: 5; pos: (-98, -34); time: 0
event: battery_consumption; timestamp: 520.869; robot: 5; time: 0; initial_level: 95.8252; final_level: 85.8252
event: task_resolution; timestamp: 520.869; task: 8; pos: (-98, -34); status: FAILED; attempt: 1
event: battery_consumption; timestamp: 520.869; robot: 1; time: 11.1946; initial_level: 4.43998; final_level: 3.32051
event: navigation; timestamp: 520.869; robot: 1; time: 11.1946; src: (-98, -34); dst: (-56, -71)
event: battery_consumption; timestamp: 520.869; robot: 3; time: 11.1946; initial_level: 72.1429; final_level: 71.0235
event: navigation; timestamp: 520.869; robot: 3; time: 11.1946; src: (-98, -34); dst: (-56, -71)
event: battery_consumption; timestamp: 520.869; robot: 5; time: 11.1946; initial_level: 85.8252; final_level: 84.7057
event: navigation; timestamp: 520.869; robot: 5; time: 11.1946; src: (-98, -34); dst: (-56, -71)
event: task_execution; timestamp: 532.064; task: 3; robot: 1; pos: (-56, -71); time: 3.32051
event: battery_consumption; timestamp: 532.064; robot: 1; time: 3.32051; initial_level: 3.32051; final_level: -6.67949
event: robot_failed; timestamp: 535.385; robot: 1; pos: (-56, -71)
event: task_execution; timestamp: 532.064; task: 3; robot: 3; pos: (-56, -71); time: 3.32051
event: battery_consumption; timestamp: 532.064; robot: 3; time: 3.32051; initial_level: 71.0235; final_level: 61.0235
event: task_execution; timestamp: 532.064; task: 3; robot: 5; pos: (-56, -71); time: 3.32051
event: battery_consumption; timestamp: 532.064; robot: 5; time: 3.32051; initial_level: 84.7057; final_level: 74.7057
event: task_resolution; timestamp: 535.385; task: 3; pos: (-56, -71); status: FAILED; attempt: 1
event: battery_consumption; timestamp: 535.385; robot: 5; time: 35.7502; initial_level: 74.7057; final_level: 71.1307
event: navigation; timestamp: 535.385; robot: 5; time: 35.7502; src: (-56, -71); dst: (60, 65)
event: battery_consumption; timestamp: 535.385; robot: 3; time: 35.7502; initial_level: 61.0235; final_level: 57.4484
event: navigation; timestamp: 535.385; robot: 3; time: 35.7502; src: (-56, -71); dst: (60, 65)
event: task_execution; timestamp: 571.135; task: 4; robot: 3; pos: (60, 65); time: 57.4484
event: battery_consumption; timestamp: 571.135; robot: 3; time: 57.4484; initial_level: 57.4484; final_level: 47.4484
event: task_execution; timestamp: 571.135; task: 4; robot: 5; pos: (60, 65); time: 57.4484
event: battery_consumption; timestamp: 571.135; robot: 5; time: 57.4484; initial_level: 71.1307; final_level: 61.1307
event: task_resolution; timestamp: 628.583; task: 4; pos: (60, 65); status: FAILED; attempt: 1
event: battery_consumption; timestamp: 628.583; robot: 3; time: 8.07217; initial_level: 47.4484; final_level: 46.6412
event: navigation; timestamp: 628.583; robot: 3; time: 8.07217; src: (60, 65); dst: (87, 95)
event: battery_consumption; timestamp: 628.583; robot: 5; time: 8.07217; initial_level: 61.1307; final_level: 60.3234
event: navigation; timestamp: 628.583; robot: 5; time: 8.07217; src: (60, 65); dst: (87, 95)
event: task_execution; timestamp: 636.655; task: 11; robot: 3; pos: (87, 95); time: 28.7814
event: battery_consumption; timestamp: 636.655; robot: 3; time: 28.7814; initial_level: 46.6412; final_level: 17.8598
event: task_execution; timestamp: 636.655; task: 11; robot: 5; pos: (87, 95); time: 28.7814
event: battery_consumption; timestamp: 636.655; robot: 5; time: 28.7814; initial_level: 60.3234; final_level: 31.542
event: task_resolution; timestamp: 665.437; task: 11; pos: (87, 95); status: COMPLETED; attempt: 1
event: battery_consumption; timestamp: 665.437; robot: 3; time: 21.9672; initial_level: 17.8598; final_level: 15.6631
event: navigation; timestamp: 665.437; robot: 3; time: 21.9672; src: (87, 95); dst: (-21, 75)
event: battery_consumption; timestamp: 665.437; robot: 5; time: 21.9672; initial_level: 31.542; final_level: 29.3453
event: navigation; timestamp: 665.437; robot: 5; time: 21.9672; src: (87, 95); dst: (-21, 75)
event: battery_consumption; timestamp: 720; robot: 3; time: 15.5769; initial_level: 15.6631; final_level: 14.1054
event: navigation; timestamp: 720; robot: 3; time: 15.5769; src: (-21, 75); dst: (0, 0)
event: robot_finished; timestamp: 735.577; robot: 3; pos: (0, 0); battery: 14.1054
event: battery_consumption; timestamp: 720; robot: 5; time: 15.5769; initial_level: 29.3453; final_level: 27.7876
event: navigation; timestamp: 720; robot: 5; time: 15.5769; src: (-21, 75); dst: (0, 0)
event: robot_finished; timestamp: 735.577; robot: 5; pos: (0, 0); battery: 27.7876
metric: available_agents; value: 0
metric: failed_agents; value: 2
metric: finished_agents; value: 3
metric: completed_tasks; value: 5
metric: pending_tasks; value: 0
metric: failed_tasks; value: 10
metric: average_robot_makespan; value: 426.442
metric: sd_robot_makespan; value: 344.714
metric: max_robot_makespan; value: 735.577
metric: min_robot_makespan; value: 0
metric: average_robot_travel_distance; value: 401.448
metric: sd_robot_travel_distance; value: 357.6
metric: max_robot_travel_distance; value: 855.66
metric: min_robot_travel_distance; value: 0
metric: sum_robot_travel_distance; value: 2007.24
metric: average_completed_tasks_by_robot; value: 0
metric: sd_completed_tasks_by_robot; value: 0
metric: max_completed_tasks_by_robot; value: 0
metric: min_completed_tasks_by_robot; value: 0
metric: final_reward; value: 0.333333
metric: computing_time; value: 0.00128307
