info: solver_name; value: greedy
info: reward_function; value: reward00
info: replica; value: 1
info: filename; value: ../logs/prueba/scenario_20t_05_4r_greedy_reward00_001.log
info: scenario_name; value: scenario_20t_05_4r
info: scenario_name; value: scenario_20t_05_4r
info: number_of_tasks; value: 20
info: number_of_robots; value: 4
info: number_of_recharging_stations; value: 1
info: scenario_size; value: (200,200)
event: recharging_station_spawn; timestamp: 0; recharging_station: 1; pos: (0, 0)
event: task_spawn; timestamp: 0; task: 1; pos: (16, 84); earliest_start: 0; latest_start: 900; state: PENDING; required_workers: 1; success_prob: 0.7; max_attempts: 1
event: task_spawn; timestamp: 0; task: 2; pos: (-15, -42); earliest_start: 0; latest_start: 540; state: PENDING; required_workers: 2; success_prob: 0.6; max_attempts: 1
event: task_spawn; timestamp: 0; task: 3; pos: (46, -95); earliest_start: 0; latest_start: 1080; state: PENDING; required_workers: 2; success_prob: 0.8; max_attempts: 1
event: task_spawn; timestamp: 0; task: 4; pos: (45, 64); earliest_start: 0; latest_start: 1080; state: PENDING; required_workers: 2; success_prob: 0.8; max_attempts: 1
event: task_spawn; timestamp: 0; task: 5; pos: (-30, 7); earliest_start: 0; latest_start: 360; state: PENDING; required_workers: 1; success_prob: 0.5; max_attempts: 1
event: task_spawn; timestamp: 0; task: 6; pos: (65, 77); earliest_start: 0; latest_start: 1080; state: PENDING; required_workers: 3; success_prob: 0.5; max_attempts: 1
event: task_spawn; timestamp: 0; task: 7; pos: (49, 52); earliest_start: 0; latest_start: 270; state: PENDING; required_workers: 3; success_prob: 0.8; max_attempts: 1
event: task_spawn; timestamp: 0; task: 8; pos: (-59, -97); earliest_start: 0; latest_start: 630; state: PENDING; required_workers: 3; success_prob: 0.7; max_attempts: 1
event: task_spawn; timestamp: 0; task: 9; pos: (-88, 81); earliest_start: 0; latest_start: 540; state: PENDING; required_workers: 2; success_prob: 0.8; max_attempts: 1
event: task_spawn; timestamp: 0; task: 10; pos: (-90, -6); earliest_start: 0; latest_start: 900; state: PENDING; required_workers: 2; success_prob: 0.8; max_attempts: 1
event: task_spawn; timestamp: 0; task: 11; pos: (35, -56); earliest_start: 0; latest_start: 720; state: PENDING; required_workers: 2; success_prob: 0.5; max_attempts: 1
event: task_spawn; timestamp: 0; task: 12; pos: (-84, -51); earliest_start: 0; latest_start: 540; state: PENDING; required_workers: 1; success_prob: 0.8; max_attempts: 1
event: task_spawn; timestamp: 0; task: 13; pos: (-99, 25); earliest_start: 0; latest_start: 720; state: PENDING; required_workers: 1; success_prob: 0.9; max_attempts: 1
event: task_spawn; timestamp: 0; task: 14; pos: (30, -36); earliest_start: 0; latest_start: 810; state: PENDING; required_workers: 3; success_prob: 0.7; max_attempts: 1
event: task_spawn; timestamp: 0; task: 15; pos: (-19, 25); earliest_start: 0; latest_start: 630; state: PENDING; required_workers: 3; success_prob: 0.7; max_attempts: 1
event: task_spawn; timestamp: 0; task: 16; pos: (96, 92); earliest_start: 0; latest_start: 720; state: PENDING; required_workers: 3; success_prob: 0.6; max_attempts: 1
event: task_spawn; timestamp: 0; task: 17; pos: (16, 49); earliest_start: 0; latest_start: 1080; state: PENDING; required_workers: 3; success_prob: 0.6; max_attempts: 1
event: task_spawn; timestamp: 0; task: 18; pos: (10, -17); earliest_start: 0; latest_start: 360; state: PENDING; required_workers: 1; success_prob: 0.8; max_attempts: 1
event: task_spawn; timestamp: 0; task: 19; pos: (14, 46); earliest_start: 0; latest_start: 900; state: PENDING; required_workers: 1; success_prob: 0.7; max_attempts: 1
event: task_spawn; timestamp: 0; task: 20; pos: (-26, 52); earliest_start: 0; latest_start: 540; state: PENDING; required_workers: 3; success_prob: 0.6; max_attempts: 1
event: robot_spawn; timestamp: 0; robot: 1; pos: (0, 0); state: AVAILABLE; battery_level: 100; battery_capacity: 100; velocity: 5; battery_rate_nav: 0.1
event: robot_spawn; timestamp: 0; robot: 2; pos: (0, 0); state: AVAILABLE; battery_level: 100; battery_capacity: 100; velocity: 5; battery_rate_nav: 0.1
event: robot_spawn; timestamp: 0; robot: 3; pos: (0, 0); state: AVAILABLE; battery_level: 100; battery_capacity: 100; velocity: 5; battery_rate_nav: 0.1
event: robot_spawn; timestamp: 0; robot: 4; pos: (0, 0); state: AVAILABLE; battery_level: 100; battery_capacity: 100; velocity: 5; battery_rate_nav: 0.1
event: battery_consumption; timestamp: 0; robot: 4; time: 3.94462; initial_level: 100; final_level: 99.6055
event: navigation; timestamp: 0; robot: 4; time: 3.94462; src: (0, 0); dst: (10, -17)
event: battery_consumption; timestamp: 0; robot: 3; time: 6.16117; initial_level: 100; final_level: 99.3839
event: navigation; timestamp: 0; robot: 3; time: 6.16117; src: (0, 0); dst: (-30, 7)
event: battery_consumption; timestamp: 0; robot: 2; time: 6.28013; initial_level: 100; final_level: 99.372
event: navigation; timestamp: 0; robot: 2; time: 6.28013; src: (0, 0); dst: (-19, 25)
event: battery_consumption; timestamp: 0; robot: 1; time: 6.28013; initial_level: 100; final_level: 99.372
event: navigation; timestamp: 0; robot: 1; time: 6.28013; src: (0, 0); dst: (-19, 25)
event: task_execution; timestamp: 3.94462; task: 18; robot: 4; pos: (10, -17); time: 0
event: battery_consumption; timestamp: 3.94462; robot: 4; time: 0; initial_level: 99.6055; final_level: 89.6055
event: task_resolution; timestamp: 3.94462; task: 18; pos: (10, -17); status: FAILED; attempt: 1
event: battery_consumption; timestamp: 3.94462; robot: 4; time: 5.51725; initial_level: 89.6055; final_level: 89.0538
event: navigation; timestamp: 3.94462; robot: 4; time: 5.51725; src: (10, -17); dst: (30, -36)
event: task_execution; timestamp: 6.16117; task: 5; robot: 3; pos: (-30, 7); time: 99.3839
event: battery_consumption; timestamp: 6.16117; robot: 3; time: 99.3839; initial_level: 99.3839; final_level: 89.3839
event: task_resolution; timestamp: 105.545; task: 5; pos: (-30, 7); status: FAILED; attempt: 1
event: battery_consumption; timestamp: 105.545; robot: 3; time: 4.219; initial_level: 89.3839; final_level: 88.962
event: navigation; timestamp: 105.545; robot: 3; time: 4.219; src: (-30, 7); dst: (-19, 25)
event: task_execution; timestamp: 109.764; task: 15; robot: 1; pos: (-19, 25); time: 0
event: battery_consumption; timestamp: 109.764; robot: 1; time: 0; initial_level: 99.372; final_level: 99.372
event: task_execution; timestamp: 109.764; task: 15; robot: 2; pos: (-19, 25); time: 0
event: battery_consumption; timestamp: 109.764; robot: 2; time: 0; initial_level: 99.372; final_level: 99.372
event: task_execution; timestamp: 109.764; task: 15; robot: 3; pos: (-19, 25); time: 0
event: battery_consumption; timestamp: 109.764; robot: 3; time: 0; initial_level: 88.962; final_level: 88.962
event: task_resolution; timestamp: 109.764; task: 15; pos: (-19, 25); status: COMPLETED; attempt: 1
event: battery_consumption; timestamp: 109.764; robot: 3; time: 5.57853; initial_level: 88.962; final_level: 88.4041
event: navigation; timestamp: 109.764; robot: 3; time: 5.57853; src: (-19, 25); dst: (-26, 52)
event: battery_consumption; timestamp: 109.764; robot: 2; time: 5.57853; initial_level: 99.372; final_level: 98.8141
event: navigation; timestamp: 109.764; robot: 2; time: 5.57853; src: (-19, 25); dst: (-26, 52)
event: battery_consumption; timestamp: 109.764; robot: 1; time: 5.57853; initial_level: 99.372; final_level: 98.8141
event: navigation; timestamp: 109.764; robot: 1; time: 5.57853; src: (-19, 25); dst: (-26, 52)
event: task_execution; timestamp: 115.343; task: 20; robot: 1; pos: (-26, 52); time: 31.2772
event: battery_consumption; timestamp: 115.343; robot: 1; time: 31.2772; initial_level: 98.8141; final_level: 67.537
event: task_execution; timestamp: 115.343; task: 20; robot: 2; pos: (-26, 52); time: 31.2772
event: battery_consumption; timestamp: 115.343; robot: 2; time: 31.2772; initial_level: 98.8141; final_level: 67.537
event: task_execution; timestamp: 115.343; task: 20; robot: 3; pos: (-26, 52); time: 31.2772
event: battery_consumption; timestamp: 115.343; robot: 3; time: 31.2772; initial_level: 88.4041; final_level: 57.127
event: task_resolution; timestamp: 146.62; task: 20; pos: (-26, 52); status: COMPLETED; attempt: 1
event: battery_consumption; timestamp: 146.62; robot: 2; time: 8.0895; initial_level: 67.537; final_level: 66.728
event: navigation; timestamp: 146.62; robot: 2; time: 8.0895; src: (-26, 52); dst: (14, 46)
event: battery_consumption; timestamp: 146.62; robot: 3; time: 8.4214; initial_level: 57.127; final_level: 56.2848
event: navigation; timestamp: 146.62; robot: 3; time: 8.4214; src: (-26, 52); dst: (16, 49)
event: battery_consumption; timestamp: 146.62; robot: 1; time: 8.4214; initial_level: 67.537; final_level: 66.6948
event: navigation; timestamp: 146.62; robot: 1; time: 8.4214; src: (-26, 52); dst: (16, 49)
event: task_execution; timestamp: 154.709; task: 19; robot: 2; pos: (14, 46); time: 0
event: battery_consumption; timestamp: 154.709; robot: 2; time: 0; initial_level: 66.728; final_level: 56.728
event: task_resolution; timestamp: 154.709; task: 19; pos: (14, 46); status: FAILED; attempt: 1
event: battery_consumption; timestamp: 154.709; robot: 2; time: 0.72111; initial_level: 56.728; final_level: 56.6559
event: navigation; timestamp: 154.709; robot: 2; time: 0.72111; src: (14, 46); dst: (16, 49)
event: task_execution; timestamp: 155.43; task: 17; robot: 1; pos: (16, 49); time: 37.0977
event: battery_consumption; timestamp: 155.43; robot: 1; time: 37.0977; initial_level: 66.6948; final_level: 29.5972
event: task_execution; timestamp: 155.43; task: 17; robot: 2; pos: (16, 49); time: 37.0977
event: battery_consumption; timestamp: 155.43; robot: 2; time: 37.0977; initial_level: 56.6559; final_level: 19.5582
event: task_execution; timestamp: 155.43; task: 17; robot: 3; pos: (16, 49); time: 37.0977
event: battery_consumption; timestamp: 155.43; robot: 3; time: 37.0977; initial_level: 56.2848; final_level: 19.1872
event: task_resolution; timestamp: 192.528; task: 17; pos: (16, 49); status: COMPLETED; attempt: 1
event: battery_consumption; timestamp: 192.528; robot: 1; time: 6.52993; initial_level: 29.5972; final_level: 28.9442
event: navigation; timestamp: 192.528; robot: 1; time: 6.52993; src: (16, 49); dst: (45, 64)
event: battery_consumption; timestamp: 192.528; robot: 2; time: 6.52993; initial_level: 19.5582; final_level: 18.9052
event: navigation; timestamp: 192.528; robot: 2; time: 6.52993; src: (16, 49); dst: (45, 64)
event: battery_consumption; timestamp: 192.528; robot: 3; time: 6.62722; initial_level: 19.1872; final_level: 18.5244
event: navigation; timestamp: 192.528; robot: 3; time: 6.62722; src: (16, 49); dst: (49, 52)
event: task_execution; timestamp: 199.058; task: 4; robot: 1; pos: (45, 64); time: 13.3428
event: battery_consumption; timestamp: 199.058; robot: 1; time: 13.3428; initial_level: 28.9442; final_level: 15.6014
event: task_execution; timestamp: 199.058; task: 4; robot: 2; pos: (45, 64); time: 13.3428
event: battery_consumption; timestamp: 199.058; robot: 2; time: 13.3428; initial_level: 18.9052; final_level: 5.56243
event: task_resolution; timestamp: 212.401; task: 4; pos: (45, 64); status: COMPLETED; attempt: 1
event: battery_consumption; timestamp: 212.401; robot: 2; time: 2.52982; initial_level: 5.56243; final_level: 5.30945
event: navigation; timestamp: 212.401; robot: 2; time: 2.52982; src: (45, 64); dst: (49, 52)
event: battery_consumption; timestamp: 212.401; robot: 1; time: 2.52982; initial_level: 15.6014; final_level: 15.3484
event: navigation; timestamp: 212.401; robot: 1; time: 2.52982; src: (45, 64); dst: (49, 52)
event: task_execution; timestamp: 214.931; task: 7; robot: 1; pos: (49, 52); time: 5.30945
event: battery_consumption; timestamp: 214.931; robot: 1; time: 5.30945; initial_level: 15.3484; final_level: 5.34837
event: task_execution; timestamp: 214.931; task: 7; robot: 2; pos: (49, 52); time: 5.30945
event: battery_consumption; timestamp: 214.931; robot: 2; time: 5.30945; initial_level: 5.30945; final_level: -4.69055
event: robot_failed; timestamp: 220.24; robot: 2; pos: (49, 52)
event: task_execution; timestamp: 214.931; task: 7; robot: 3; pos: (49, 52); time: 5.30945
event: battery_consumption; timestamp: 214.931; robot: 3; time: 5.30945; initial_level: 18.5244; final_level: 8.52443
event: task_resolution; timestamp: 220.24; task: 7; pos: (49, 52); status: FAILED; attempt: 1
event: battery_consumption; timestamp: 220.24; robot: 3; time: 5.93633; initial_level: 8.52443; final_level: 7.9308
event: navigation; timestamp: 220.24; robot: 3; time: 5.93633; src: (49, 52); dst: (65, 77)
event: battery_consumption; timestamp: 220.24; robot: 1; time: 5.93633; initial_level: 5.34837; final_level: 4.75474
event: navigation; timestamp: 220.24; robot: 1; time: 5.93633; src: (49, 52); dst: (65, 77)
event: battery_consumption; timestamp: 810; robot: 4; time: 12.2262; initial_level: 89.0538; final_level: 87.8312
event: navigation; timestamp: 810; robot: 4; time: 12.2262; src: (30, -36); dst: (46, -95)
event: battery_consumption; timestamp: 1080; robot: 3; time: 20.1534; initial_level: 7.9308; final_level: 5.91546
event: navigation; timestamp: 1080; robot: 3; time: 20.1534; src: (65, 77); dst: (0, 0)
event: robot_finished; timestamp: 1100.15; robot: 3; pos: (0, 0); battery: 5.91546
event: battery_consumption; timestamp: 1080; robot: 1; time: 20.1534; initial_level: 4.75474; final_level: 2.7394
event: navigation; timestamp: 1080; robot: 1; time: 20.1534; src: (65, 77); dst: (0, 0)
event: robot_finished; timestamp: 1100.15; robot: 1; pos: (0, 0); battery: 2.7394
event: battery_consumption; timestamp: 1080; robot: 4; time: 21.1102; initial_level: 87.8312; final_level: 85.7202
event: navigation; timestamp: 1080; robot: 4; time: 21.1102; src: (46, -95); dst: (0, 0)
event: robot_finished; timestamp: 1101.11; robot: 4; pos: (0, 0); battery: 85.7202
metric: available_agents; value: 0
metric: failed_agents; value: 1
metric: finished_agents; value: 3
metric: completed_tasks; value: 4
metric: pending_tasks; value: 0
metric: failed_tasks; value: 16
metric: average_robot_makespan; value: 880.414
metric: sd_robot_makespan; value: 440.116
metric: max_robot_makespan; value: 1101.11
metric: min_robot_makespan; value: 220.24
metric: average_robot_travel_distance; value: 231.317
metric: sd_robot_travel_distance; value: 63.6906
metric: max_robot_travel_distance; value: 285.485
metric: min_robot_travel_distance; value: 148.645
metric: sum_robot_travel_distance; value: 925.269
metric: average_completed_tasks_by_robot; value: 0
metric: sd_completed_tasks_by_robot; value: 0
metric: max_completed_tasks_by_robot; value: 0
metric: min_completed_tasks_by_robot; value: 0
metric: final_reward; value: 0.2
metric: computing_time; value: 0.00128776
