info: solver_name; value: greedy
info: reward_function; value: reward00
info: replica; value: 1
info: filename; value: ../logs/prueba/scenario_15t_02_3r_greedy_reward00_001.log
info: scenario_name; value: scenario_15t_02_3r
info: scenario_name; value: scenario_15t_02_3r
info: number_of_tasks; value: 15
info: number_of_robots; value: 3
info: number_of_recharging_stations; value: 1
info: scenario_size; value: (200,200)
event: recharging_station_spawn; timestamp: 0; recharging_station: 1; pos: (0, 0)
event: task_spawn; timestamp: 0; task: 1; pos: (-10, -63); earliest_start: 0; latest_start: 720; state: PENDING; required_workers: 2; success_prob: 0.6; max_attempts: 1
event: task_spawn; timestamp: 0; task: 2; pos: (-32, -27); earliest_start: 0; latest_start: 450; state: PENDING; required_workers: 3; success_prob: 0.6; max_attempts: 1
event: task_spawn; timestamp: 0; task: 3; pos: (61, -97); earliest_start: 0; latest_start: 810; state: PENDING; required_workers: 1; success_prob: 0.7; max_attempts: 1
event: task_spawn; timestamp: 0; task: 4; pos: (-68, -82); earliest_start: 0; latest_start: 720; state: PENDING; required_workers: 1; success_prob: 0.8; max_attempts: 1
event: task_spawn; timestamp: 0; task: 5; pos: (-65, 76); earliest_start: 0; latest_start: 540; state: PENDING; required_workers: 1; success_prob: 0.6; max_attempts: 1
event: task_spawn; timestamp: 0; task: 6; pos: (-98, -65); earliest_start: 0; latest_start: 630; state: PENDING; required_workers: 3; success_prob: 0.6; max_attempts: 1
event: task_spawn; timestamp: 0; task: 7; pos: (-46, -61); earliest_start: 0; latest_start: 450; state: PENDING; required_workers: 2; success_prob: 0.7; max_attempts: 1
event: task_spawn; timestamp: 0; task: 8; pos: (24, 94); earliest_start: 0; latest_start: 810; state: PENDING; required_workers: 1; success_prob: 0.5; max_attempts: 1
event: task_spawn; timestamp: 0; task: 9; pos: (58, 49); earliest_start: 0; latest_start: 450; state: PENDING; required_workers: 3; success_prob: 0.9; max_attempts: 1
event: task_spawn; timestamp: 0; task: 10; pos: (-62, -76); earliest_start: 0; latest_start: 540; state: PENDING; required_workers: 1; success_prob: 0.9; max_attempts: 1
event: task_spawn; timestamp: 0; task: 11; pos: (40, -87); earliest_start: 0; latest_start: 720; state: PENDING; required_workers: 3; success_prob: 0.6; max_attempts: 1
event: task_spawn; timestamp: 0; task: 12; pos: (-48, 92); earliest_start: 0; latest_start: 450; state: PENDING; required_workers: 3; success_prob: 0.7; max_attempts: 1
event: task_spawn; timestamp: 0; task: 13; pos: (68, 42); earliest_start: 0; latest_start: 540; state: PENDING; required_workers: 2; success_prob: 0.7; max_attempts: 1
event: task_spawn; timestamp: 0; task: 14; pos: (-61, 72); earliest_start: 0; latest_start: 900; state: PENDING; required_workers: 3; success_prob: 0.9; max_attempts: 1
event: task_spawn; timestamp: 0; task: 15; pos: (-72, -84); earliest_start: 0; latest_start: 360; state: PENDING; required_workers: 2; success_prob: 0.7; max_attempts: 1
event: robot_spawn; timestamp: 0; robot: 1; pos: (0, 0); state: AVAILABLE; battery_level: 100; battery_capacity: 100; velocity: 5; battery_rate_nav: 0.1
event: robot_spawn; timestamp: 0; robot: 2; pos: (0, 0); state: AVAILABLE; battery_level: 100; battery_capacity: 100; velocity: 5; battery_rate_nav: 0.1
event: robot_spawn; timestamp: 0; robot: 3; pos: (0, 0); state: AVAILABLE; battery_level: 100; battery_capacity: 100; velocity: 5; battery_rate_nav: 0.1
event: battery_consumption; timestamp: 0; robot: 2; time: 8.37377; initial_level: 100; final_level: 99.1626
event: navigation; timestamp: 0; robot: 2; time: 8.37377; src: (0, 0); dst: (-32, -27)
event: battery_consumption; timestamp: 0; robot: 1; time: 8.37377; initial_level: 100; final_level: 99.1626
event: navigation; timestamp: 0; robot: 1; time: 8.37377; src: (0, 0); dst: (-32, -27)
event: battery_consumption; timestamp: 0; robot: 3; time: 8.37377; initial_level: 100; final_level: 99.1626
event: navigation; timestamp: 0; robot: 3; time: 8.37377; src: (0, 0); dst: (-32, -27)
event: task_execution; timestamp: 8.37377; task: 2; robot: 1; pos: (-32, -27); time: 0
event: battery_consumption; timestamp: 8.37377; robot: 1; time: 0; initial_level: 99.1626; final_level: 89.1626
event: task_execution; timestamp: 8.37377; task: 2; robot: 2; pos: (-32, -27); time: 0
event: battery_consumption; timestamp: 8.37377; robot: 2; time: 0; initial_level: 99.1626; final_level: 89.1626
event: task_execution; timestamp: 8.37377; task: 2; robot: 3; pos: (-32, -27); time: 0
event: battery_consumption; timestamp: 8.37377; robot: 3; time: 0; initial_level: 99.1626; final_level: 89.1626
event: task_resolution; timestamp: 8.37377; task: 2; pos: (-32, -27); status: FAILED; attempt: 1
event: battery_consumption; timestamp: 8.37377; robot: 1; time: 7.35391; initial_level: 89.1626; final_level: 88.4272
event: navigation; timestamp: 8.37377; robot: 1; time: 7.35391; src: (-32, -27); dst: (-46, -61)
event: battery_consumption; timestamp: 8.37377; robot: 2; time: 7.35391; initial_level: 89.1626; final_level: 88.4272
event: navigation; timestamp: 8.37377; robot: 2; time: 7.35391; src: (-32, -27); dst: (-46, -61)
event: battery_consumption; timestamp: 8.37377; robot: 3; time: 8.43801; initial_level: 89.1626; final_level: 88.3188
event: navigation; timestamp: 8.37377; robot: 3; time: 8.43801; src: (-32, -27); dst: (-10, -63)
event: task_execution; timestamp: 15.7277; task: 7; robot: 1; pos: (-46, -61); time: 13.5386
event: battery_consumption; timestamp: 15.7277; robot: 1; time: 13.5386; initial_level: 88.4272; final_level: 74.8886
event: task_execution; timestamp: 15.7277; task: 7; robot: 2; pos: (-46, -61); time: 13.5386
event: battery_consumption; timestamp: 15.7277; robot: 2; time: 13.5386; initial_level: 88.4272; final_level: 74.8886
event: task_resolution; timestamp: 29.2663; task: 7; pos: (-46, -61); status: COMPLETED; attempt: 1
event: battery_consumption; timestamp: 29.2663; robot: 2; time: 4.38634; initial_level: 74.8886; final_level: 74.45
event: navigation; timestamp: 29.2663; robot: 2; time: 4.38634; src: (-46, -61); dst: (-62, -76)
event: battery_consumption; timestamp: 29.2663; robot: 1; time: 6.08276; initial_level: 74.8886; final_level: 74.2803
event: navigation; timestamp: 29.2663; robot: 1; time: 6.08276; src: (-46, -61); dst: (-68, -82)
event: task_execution; timestamp: 33.6526; task: 10; robot: 2; pos: (-62, -76); time: 0
event: battery_consumption; timestamp: 33.6526; robot: 2; time: 0; initial_level: 74.45; final_level: 74.45
event: task_resolution; timestamp: 33.6526; task: 10; pos: (-62, -76); status: COMPLETED; attempt: 1
event: battery_consumption; timestamp: 33.6526; robot: 2; time: 2.56125; initial_level: 74.45; final_level: 74.1939
event: navigation; timestamp: 33.6526; robot: 2; time: 2.56125; src: (-62, -76); dst: (-72, -84)
event: task_execution; timestamp: 35.349; task: 4; robot: 1; pos: (-68, -82); time: 0
event: battery_consumption; timestamp: 35.349; robot: 1; time: 0; initial_level: 74.2803; final_level: 74.2803
event: task_resolution; timestamp: 35.349; task: 4; pos: (-68, -82); status: COMPLETED; attempt: 1
event: battery_consumption; timestamp: 35.349; robot: 1; time: 0.894427; initial_level: 74.2803; final_level: 74.1909
event: navigation; timestamp: 35.349; robot: 1; time: 0.894427; src: (-68, -82); dst: (-72, -84)
event: task_execution; timestamp: 36.2435; task: 15; robot: 1; pos: (-72, -84); time: 46.1
event: battery_consumption; timestamp: 36.2435; robot: 1; time: 46.1; initial_level: 74.1909; final_level: 28.0909
event: task_execution; timestamp: 36.2435; task: 15; robot: 2; pos: (-72, -84); time: 46.1
event: battery_consumption; timestamp: 36.2435; robot: 2; time: 46.1; initial_level: 74.1939; final_level: 28.0939
event: task_resolution; timestamp: 82.3435; task: 15; pos: (-72, -84); status: COMPLETED; attempt: 1
event: battery_consumption; timestamp: 82.3435; robot: 1; time: 6.4405; initial_level: 28.0909; final_level: 27.4468
event: navigation; timestamp: 82.3435; robot: 1; time: 6.4405; src: (-72, -84); dst: (-98, -65)
event: battery_consumption; timestamp: 82.3435; robot: 2; time: 6.4405; initial_level: 28.0939; final_level: 27.4498
event: navigation; timestamp: 82.3435; robot: 2; time: 6.4405; src: (-72, -84); dst: (-98, -65)
event: battery_consumption; timestamp: 630; robot: 2; time: 17.6045; initial_level: 27.4498; final_level: 25.6893
event: navigation; timestamp: 630; robot: 2; time: 17.6045; src: (-98, -65); dst: (-10, -63)
event: battery_consumption; timestamp: 630; robot: 1; time: 27.9485; initial_level: 27.4468; final_level: 24.652
event: navigation; timestamp: 630; robot: 1; time: 27.9485; src: (-98, -65); dst: (40, -87)
event: task_execution; timestamp: 647.605; task: 1; robot: 2; pos: (-10, -63); time: 25.6893
event: battery_consumption; timestamp: 647.605; robot: 2; time: 25.6893; initial_level: 25.6893; final_level: 15.6893
event: task_execution; timestamp: 647.605; task: 1; robot: 3; pos: (-10, -63); time: 25.6893
event: battery_consumption; timestamp: 647.605; robot: 3; time: 25.6893; initial_level: 88.3188; final_level: 78.3188
event: task_resolution; timestamp: 673.294; task: 1; pos: (-10, -63); status: FAILED; attempt: 1
event: battery_consumption; timestamp: 673.294; robot: 3; time: 11.0923; initial_level: 78.3188; final_level: 77.2096
event: navigation; timestamp: 673.294; robot: 3; time: 11.0923; src: (-10, -63); dst: (40, -87)
event: battery_consumption; timestamp: 673.294; robot: 2; time: 11.0923; initial_level: 15.6893; final_level: 14.5801
event: navigation; timestamp: 673.294; robot: 2; time: 11.0923; src: (-10, -63); dst: (40, -87)
event: task_execution; timestamp: 684.386; task: 11; robot: 1; pos: (40, -87); time: 0
event: battery_consumption; timestamp: 684.386; robot: 1; time: 0; initial_level: 24.652; final_level: 14.652
event: task_execution; timestamp: 684.386; task: 11; robot: 2; pos: (40, -87); time: 0
event: battery_consumption; timestamp: 684.386; robot: 2; time: 0; initial_level: 14.5801; final_level: 4.58012
event: task_execution; timestamp: 684.386; task: 11; robot: 3; pos: (40, -87); time: 0
event: battery_consumption; timestamp: 684.386; robot: 3; time: 0; initial_level: 77.2096; final_level: 67.2096
event: task_resolution; timestamp: 684.386; task: 11; pos: (40, -87); status: FAILED; attempt: 1
event: battery_consumption; timestamp: 684.386; robot: 3; time: 4.65188; initial_level: 67.2096; final_level: 66.7444
event: navigation; timestamp: 684.386; robot: 3; time: 4.65188; src: (40, -87); dst: (61, -97)
event: battery_consumption; timestamp: 684.386; robot: 2; time: 36.3412; initial_level: 4.58012; final_level: 0.945999
event: navigation; timestamp: 684.386; robot: 2; time: 36.3412; src: (40, -87); dst: (24, 94)
event: battery_consumption; timestamp: 684.386; robot: 1; time: 37.6733; initial_level: 14.652; final_level: 10.8847
event: navigation; timestamp: 684.386; robot: 1; time: 37.6733; src: (40, -87); dst: (-61, 72)
event: task_execution; timestamp: 689.038; task: 3; robot: 3; pos: (61, -97); time: 0
event: battery_consumption; timestamp: 689.038; robot: 3; time: 0; initial_level: 66.7444; final_level: 56.7444
event: task_resolution; timestamp: 689.038; task: 3; pos: (61, -97); status: FAILED; attempt: 1
event: battery_consumption; timestamp: 689.038; robot: 3; time: 41.6869; initial_level: 56.7444; final_level: 52.5757
event: navigation; timestamp: 689.038; robot: 3; time: 41.6869; src: (61, -97); dst: (-61, 72)
event: task_execution; timestamp: 720.727; task: 8; robot: 2; pos: (24, 94); time: 0.945999
event: battery_consumption; timestamp: 720.727; robot: 2; time: 0.945999; initial_level: 0.945999; final_level: -9.054
event: robot_failed; timestamp: 721.673; robot: 2; pos: (24, 94)
event: task_resolution; timestamp: 721.673; task: 8; pos: (24, 94); status: FAILED; attempt: 1
event: battery_consumption; timestamp: 900; robot: 1; time: 18.8733; initial_level: 10.8847; final_level: 8.99733
event: navigation; timestamp: 900; robot: 1; time: 18.8733; src: (-61, 72); dst: (0, 0)
event: robot_finished; timestamp: 918.873; robot: 1; pos: (0, 0); battery: 8.99733
event: battery_consumption; timestamp: 900; robot: 3; time: 18.8733; initial_level: 52.5757; final_level: 50.6884
event: navigation; timestamp: 900; robot: 3; time: 18.8733; src: (-61, 72); dst: (0, 0)
event: robot_finished; timestamp: 918.873; robot: 3; pos: (0, 0); battery: 50.6884
metric: available_agents; value: 0
metric: failed_agents; value: 1
metric: finished_agents; value: 2
metric: completed_tasks; value: 4
metric: pending_tasks; value: 0
metric: failed_tasks; value: 11
metric: average_robot_makespan; value: 853.14
metric: sd_robot_makespan; value: 113.853
metric: max_robot_makespan; value: 918.873
metric: min_robot_makespan; value: 721.673
metric: average_robot_travel_distance; value: 501.517
metric: sd_robot_travel_distance; value: 57.8091
metric: max_robot_travel_distance; value: 568.202
metric: min_robot_travel_distance; value: 465.581
metric: sum_robot_travel_distance; value: 1504.55
metric: average_completed_tasks_by_robot; value: 0
metric: sd_completed_tasks_by_robot; value: 0
metric: max_completed_tasks_by_robot; value: 0
metric: min_completed_tasks_by_robot; value: 0
metric: final_reward; value: 0.266667
metric: computing_time; value: 0.00159927
