info: solver_name; value: cbba
info: reward_function; value: reward00
info: replica; value: 1
info: filename; value: ../logs/prueba/scenario_10t_01_5r_cbba_reward00_001.log
info: scenario_name; value: scenario_10t_01_5r
info: scenario_name; value: scenario_10t_01_5r
info: number_of_tasks; value: 10
info: number_of_robots; value: 5
info: number_of_recharging_stations; value: 1
info: scenario_size; value: (200,200)
event: recharging_station_spawn; timestamp: 0; recharging_station: 1; pos: (0, 0)
event: task_spawn; timestamp: 0; task: 1; pos: (42, -79); earliest_start: 0; latest_start: 360; state: PENDING; required_workers: 3; success_prob: 0.7; max_attempts: 1
event: task_spawn; timestamp: 0; task: 2; pos: (65, 22); earliest_start: 0; latest_start: 270; state: PENDING; required_workers: 1; success_prob: 0.7; max_attempts: 1
event: task_spawn; timestamp: 0; task: 3; pos: (-56, 35); earliest_start: 0; latest_start: 540; state: PENDING; required_workers: 1; success_prob: 0.8; max_attempts: 1
event: task_spawn; timestamp: 0; task: 4; pos: (-100, -5); earliest_start: 0; latest_start: 540; state: PENDING; required_workers: 3; success_prob: 0.9; max_attempts: 1
event: task_spawn; timestamp: 0; task: 5; pos: (-4, 45); earliest_start: 0; latest_start: 810; state: PENDING; required_workers: 2; success_prob: 0.9; max_attempts: 1
event: task_spawn; timestamp: 0; task: 6; pos: (-41, -84); earliest_start: 0; latest_start: 1080; state: PENDING; required_workers: 3; success_prob: 0.9; max_attempts: 1
event: task_spawn; timestamp: 0; task: 7; pos: (-3, 2); earliest_start: 0; latest_start: 360; state: PENDING; required_workers: 1; success_prob: 0.7; max_attempts: 1
event: task_spawn; timestamp: 0; task: 8; pos: (-75, -89); earliest_start: 0; latest_start: 360; state: PENDING; required_workers: 1; success_prob: 0.6; max_attempts: 1
event: task_spawn; timestamp: 0; task: 9; pos: (-70, 96); earliest_start: 0; latest_start: 360; state: PENDING; required_workers: 3; success_prob: 0.8; max_attempts: 1
event: task_spawn; timestamp: 0; task: 10; pos: (-46, -4); earliest_start: 0; latest_start: 720; state: PENDING; required_workers: 3; success_prob: 0.5; max_attempts: 1
event: robot_spawn; timestamp: 0; robot: 1; pos: (0, 0); state: AVAILABLE; battery_level: 100; battery_capacity: 100; velocity: 5; battery_rate_nav: 0.1
event: robot_spawn; timestamp: 0; robot: 2; pos: (0, 0); state: AVAILABLE; battery_level: 100; battery_capacity: 100; velocity: 5; battery_rate_nav: 0.1
event: robot_spawn; timestamp: 0; robot: 3; pos: (0, 0); state: AVAILABLE; battery_level: 100; battery_capacity: 100; velocity: 5; battery_rate_nav: 0.1
event: robot_spawn; timestamp: 0; robot: 4; pos: (0, 0); state: AVAILABLE; battery_level: 100; battery_capacity: 100; velocity: 5; battery_rate_nav: 0.1
event: robot_spawn; timestamp: 0; robot: 5; pos: (0, 0); state: AVAILABLE; battery_level: 100; battery_capacity: 100; velocity: 5; battery_rate_nav: 0.1
event: battery_consumption; timestamp: 0; robot: 5; time: 0.72111; initial_level: 100; final_level: 99.9279
event: navigation; timestamp: 0; robot: 5; time: 0.72111; src: (0, 0); dst: (-3, 2)
event: battery_consumption; timestamp: 0; robot: 4; time: 13.7244; initial_level: 100; final_level: 98.6276
event: navigation; timestamp: 0; robot: 4; time: 13.7244; src: (0, 0); dst: (65, 22)
event: battery_consumption; timestamp: 0; robot: 1; time: 9.03549; initial_level: 100; final_level: 99.0965
event: navigation; timestamp: 0; robot: 1; time: 9.03549; src: (0, 0); dst: (-4, 45)
event: battery_consumption; timestamp: 0; robot: 3; time: 23.2775; initial_level: 100; final_level: 97.6723
event: navigation; timestamp: 0; robot: 3; time: 23.2775; src: (0, 0); dst: (-75, -89)
event: battery_consumption; timestamp: 0; robot: 2; time: 9.23472; initial_level: 100; final_level: 99.0765
event: navigation; timestamp: 0; robot: 2; time: 9.23472; src: (0, 0); dst: (-46, -4)
event: task_execution; timestamp: 13.7244; task: 2; robot: 4; pos: (65, 22); time: 0
event: battery_consumption; timestamp: 13.7244; robot: 4; time: 0; initial_level: 98.6276; final_level: 88.6276
event: task_resolution; timestamp: 13.7244; task: 2; pos: (65, 22); status: FAILED; attempt: 1
event: battery_consumption; timestamp: 13.7244; robot: 4; time: 20.7171; initial_level: 88.6276; final_level: 86.5558
event: navigation; timestamp: 13.7244; robot: 4; time: 20.7171; src: (65, 22); dst: (42, -79)
event: task_execution; timestamp: 23.2775; task: 8; robot: 3; pos: (-75, -89); time: 3.33391
event: battery_consumption; timestamp: 23.2775; robot: 3; time: 3.33391; initial_level: 97.6723; final_level: 94.3383
event: task_resolution; timestamp: 26.6114; task: 8; pos: (-75, -89); status: COMPLETED; attempt: 1
event: battery_consumption; timestamp: 26.6114; robot: 3; time: 6.87314; initial_level: 94.3383; final_level: 93.651
event: navigation; timestamp: 26.6114; robot: 3; time: 6.87314; src: (-75, -89); dst: (-41, -84)
event: task_execution; timestamp: 0.72111; task: 7; robot: 5; pos: (-3, 2); time: 34.0121
event: battery_consumption; timestamp: 0.72111; robot: 5; time: 34.0121; initial_level: 99.9279; final_level: 65.9158
event: task_resolution; timestamp: 34.7332; task: 7; pos: (-3, 2); status: COMPLETED; attempt: 1
event: battery_consumption; timestamp: 34.7332; robot: 5; time: 8.60233; initial_level: 65.9158; final_level: 65.0556
event: navigation; timestamp: 34.7332; robot: 5; time: 8.60233; src: (-3, 2); dst: (-4, 45)
event: task_execution; timestamp: 43.3355; task: 5; robot: 1; pos: (-4, 45); time: 0
event: battery_consumption; timestamp: 43.3355; robot: 1; time: 0; initial_level: 99.0965; final_level: 99.0965
event: task_execution; timestamp: 43.3355; task: 5; robot: 5; pos: (-4, 45); time: 0
event: battery_consumption; timestamp: 43.3355; robot: 5; time: 0; initial_level: 65.0556; final_level: 65.0556
event: task_resolution; timestamp: 43.3355; task: 5; pos: (-4, 45); status: COMPLETED; attempt: 1
event: battery_consumption; timestamp: 43.3355; robot: 5; time: 10.5906; initial_level: 65.0556; final_level: 63.9965
event: navigation; timestamp: 43.3355; robot: 5; time: 10.5906; src: (-4, 45); dst: (-56, 35)
event: battery_consumption; timestamp: 43.3355; robot: 1; time: 12.9074; initial_level: 99.0965; final_level: 97.8057
event: navigation; timestamp: 43.3355; robot: 1; time: 12.9074; src: (-4, 45); dst: (-46, -4)
event: task_execution; timestamp: 53.9261; task: 3; robot: 5; pos: (-56, 35); time: 0
event: battery_consumption; timestamp: 53.9261; robot: 5; time: 0; initial_level: 63.9965; final_level: 63.9965
event: task_resolution; timestamp: 53.9261; task: 3; pos: (-56, 35); status: COMPLETED; attempt: 1
event: battery_consumption; timestamp: 53.9261; robot: 5; time: 8.05233; initial_level: 63.9965; final_level: 63.1913
event: navigation; timestamp: 53.9261; robot: 5; time: 8.05233; src: (-56, 35); dst: (-46, -4)
event: task_execution; timestamp: 61.9784; task: 10; robot: 1; pos: (-46, -4); time: 0
event: battery_consumption; timestamp: 61.9784; robot: 1; time: 0; initial_level: 97.8057; final_level: 87.8057
event: task_execution; timestamp: 61.9784; task: 10; robot: 2; pos: (-46, -4); time: 0
event: battery_consumption; timestamp: 61.9784; robot: 2; time: 0; initial_level: 99.0765; final_level: 89.0765
event: task_execution; timestamp: 61.9784; task: 10; robot: 5; pos: (-46, -4); time: 0
event: battery_consumption; timestamp: 61.9784; robot: 5; time: 0; initial_level: 63.1913; final_level: 53.1913
event: task_resolution; timestamp: 61.9784; task: 10; pos: (-46, -4); status: FAILED; attempt: 1
event: battery_consumption; timestamp: 61.9784; robot: 2; time: 16.0312; initial_level: 89.0765; final_level: 87.4734
event: navigation; timestamp: 61.9784; robot: 2; time: 16.0312; src: (-46, -4); dst: (-41, -84)
event: battery_consumption; timestamp: 61.9784; robot: 5; time: 16.0312; initial_level: 53.1913; final_level: 51.5882
event: navigation; timestamp: 61.9784; robot: 5; time: 16.0312; src: (-46, -4); dst: (-41, -84)
event: battery_consumption; timestamp: 61.9784; robot: 1; time: 10.8019; initial_level: 87.8057; final_level: 86.7255
event: navigation; timestamp: 61.9784; robot: 1; time: 10.8019; src: (-46, -4); dst: (-100, -5)
event: task_execution; timestamp: 78.0096; task: 6; robot: 2; pos: (-41, -84); time: 51.5882
event: battery_consumption; timestamp: 78.0096; robot: 2; time: 51.5882; initial_level: 87.4734; final_level: 77.4734
event: task_execution; timestamp: 78.0096; task: 6; robot: 3; pos: (-41, -84); time: 51.5882
event: battery_consumption; timestamp: 78.0096; robot: 3; time: 51.5882; initial_level: 93.651; final_level: 83.651
event: task_execution; timestamp: 78.0096; task: 6; robot: 5; pos: (-41, -84); time: 51.5882
event: battery_consumption; timestamp: 78.0096; robot: 5; time: 51.5882; initial_level: 51.5882; final_level: 41.5882
event: task_resolution; timestamp: 129.598; task: 6; pos: (-41, -84); status: FAILED; attempt: 1
event: battery_consumption; timestamp: 129.598; robot: 5; time: 19.72; initial_level: 41.5882; final_level: 39.6161
event: navigation; timestamp: 129.598; robot: 5; time: 19.72; src: (-41, -84); dst: (-100, -5)
event: battery_consumption; timestamp: 129.598; robot: 3; time: 19.72; initial_level: 83.651; final_level: 81.679
event: navigation; timestamp: 129.598; robot: 3; time: 19.72; src: (-41, -84); dst: (-100, -5)
event: battery_consumption; timestamp: 129.598; robot: 2; time: 16.6301; initial_level: 77.4734; final_level: 75.8104
event: navigation; timestamp: 129.598; robot: 2; time: 16.6301; src: (-41, -84); dst: (42, -79)
event: task_execution; timestamp: 149.318; task: 4; robot: 1; pos: (-100, -5); time: 39.6161
event: battery_consumption; timestamp: 149.318; robot: 1; time: 39.6161; initial_level: 86.7255; final_level: 76.7255
event: task_execution; timestamp: 149.318; task: 4; robot: 3; pos: (-100, -5); time: 39.6161
event: battery_consumption; timestamp: 149.318; robot: 3; time: 39.6161; initial_level: 81.679; final_level: 71.679
event: task_execution; timestamp: 149.318; task: 4; robot: 5; pos: (-100, -5); time: 39.6161
event: battery_consumption; timestamp: 149.318; robot: 5; time: 39.6161; initial_level: 39.6161; final_level: 29.6161
event: task_resolution; timestamp: 188.934; task: 4; pos: (-100, -5); status: FAILED; attempt: 1
event: battery_consumption; timestamp: 188.934; robot: 1; time: 32.025; initial_level: 76.7255; final_level: 73.523
event: navigation; timestamp: 188.934; robot: 1; time: 32.025; src: (-100, -5); dst: (42, -79)
event: battery_consumption; timestamp: 188.934; robot: 3; time: 21.0723; initial_level: 71.679; final_level: 69.5718
event: navigation; timestamp: 188.934; robot: 3; time: 21.0723; src: (-100, -5); dst: (-70, 96)
event: battery_consumption; timestamp: 188.934; robot: 5; time: 21.0723; initial_level: 29.6161; final_level: 27.5089
event: navigation; timestamp: 188.934; robot: 5; time: 21.0723; src: (-100, -5); dst: (-70, 96)
event: task_execution; timestamp: 220.959; task: 1; robot: 1; pos: (42, -79); time: 58.6356
event: battery_consumption; timestamp: 220.959; robot: 1; time: 58.6356; initial_level: 73.523; final_level: 14.8875
event: task_execution; timestamp: 220.959; task: 1; robot: 2; pos: (42, -79); time: 58.6356
event: battery_consumption; timestamp: 220.959; robot: 2; time: 58.6356; initial_level: 75.8104; final_level: 17.1748
event: task_execution; timestamp: 220.959; task: 1; robot: 4; pos: (42, -79); time: 58.6356
event: battery_consumption; timestamp: 220.959; robot: 4; time: 58.6356; initial_level: 86.5558; final_level: 27.9203
event: task_resolution; timestamp: 279.595; task: 1; pos: (42, -79); status: COMPLETED; attempt: 1
event: battery_consumption; timestamp: 279.595; robot: 2; time: 41.5543; initial_level: 17.1748; final_level: 13.0194
event: navigation; timestamp: 279.595; robot: 2; time: 41.5543; src: (42, -79); dst: (-70, 96)
event: battery_consumption; timestamp: 279.595; robot: 4; time: 17.8941; initial_level: 27.9203; final_level: 26.1309
event: navigation; timestamp: 279.595; robot: 4; time: 17.8941; src: (42, -79); dst: (0, 0)
event: robot_finished; timestamp: 297.489; robot: 4; pos: (0, 0); battery: 26.1309
event: battery_consumption; timestamp: 279.595; robot: 1; time: 17.8941; initial_level: 14.8875; final_level: 13.098
event: navigation; timestamp: 279.595; robot: 1; time: 17.8941; src: (42, -79); dst: (0, 0)
event: robot_finished; timestamp: 297.489; robot: 1; pos: (0, 0); battery: 13.098
event: task_execution; timestamp: 321.149; task: 9; robot: 2; pos: (-70, 96); time: 0
event: battery_consumption; timestamp: 321.149; robot: 2; time: 0; initial_level: 13.0194; final_level: 13.0194
event: task_execution; timestamp: 321.149; task: 9; robot: 3; pos: (-70, 96); time: 0
event: battery_consumption; timestamp: 321.149; robot: 3; time: 0; initial_level: 69.5718; final_level: 69.5718
event: task_execution; timestamp: 321.149; task: 9; robot: 5; pos: (-70, 96); time: 0
event: battery_consumption; timestamp: 321.149; robot: 5; time: 0; initial_level: 27.5089; final_level: 27.5089
event: task_resolution; timestamp: 321.149; task: 9; pos: (-70, 96); status: COMPLETED; attempt: 1
event: battery_consumption; timestamp: 321.149; robot: 5; time: 23.7622; initial_level: 27.5089; final_level: 25.1327
event: navigation; timestamp: 321.149; robot: 5; time: 23.7622; src: (-70, 96); dst: (0, 0)
event: robot_finished; timestamp: 344.911; robot: 5; pos: (0, 0); battery: 25.1327
event: battery_consumption; timestamp: 321.149; robot: 3; time: 23.7622; initial_level: 69.5718; final_level: 67.1956
event: navigation; timestamp: 321.149; robot: 3; time: 23.7622; src: (-70, 96); dst: (0, 0)
event: robot_finished; timestamp: 344.911; robot: 3; pos: (0, 0); battery: 67.1956
event: battery_consumption; timestamp: 321.149; robot: 2; time: 23.7622; initial_level: 13.0194; final_level: 10.6432
event: navigation; timestamp: 321.149; robot: 2; time: 23.7622; src: (-70, 96); dst: (0, 0)
event: robot_finished; timestamp: 344.911; robot: 2; pos: (0, 0); battery: 10.6432
metric: available_agents; value: 0
metric: failed_agents; value: 0
metric: finished_agents; value: 5
metric: completed_tasks; value: 6
metric: pending_tasks; value: 0
metric: failed_tasks; value: 4
metric: average_robot_makespan; value: 325.942
metric: sd_robot_makespan; value: 25.9743
metric: max_robot_makespan; value: 344.911
metric: min_robot_makespan; value: 297.489
metric: average_robot_travel_distance; value: 445.469
metric: sd_robot_travel_distance; value: 115.404
metric: max_robot_travel_distance; value: 542.76
metric: min_robot_travel_distance; value: 261.679
metric: sum_robot_travel_distance; value: 2227.35
metric: average_completed_tasks_by_robot; value: 0
metric: sd_completed_tasks_by_robot; value: 0
metric: max_completed_tasks_by_robot; value: 0
metric: min_completed_tasks_by_robot; value: 0
metric: final_reward; value: 0.6
metric: computing_time; value: 0.00347192
