info: solver_name; value: dec-mcts-v2
info: reward_function; value: reward00
info: replica; value: 1
info: filename; value: ../logs/prueba/scenario_10t_03_4r_dec-mcts-v2_reward00_001.log
info: scenario_name; value: scenario_10t_03_4r
info: scenario_name; value: scenario_10t_03_4r
info: number_of_tasks; value: 10
info: number_of_robots; value: 4
info: number_of_recharging_stations; value: 1
info: scenario_size; value: (200,200)
event: recharging_station_spawn; timestamp: 0; recharging_station: 1; pos: (0, 0)
event: task_spawn; timestamp: 0; task: 1; pos: (-37, -22); earliest_start: 0; latest_start: 1080; state: PENDING; required_workers: 3; success_prob: 0.5; max_attempts: 1
event: task_spawn; timestamp: 0; task: 2; pos: (50, -94); earliest_start: 0; latest_start: 810; state: PENDING; required_workers: 1; success_prob: 0.6; max_attempts: 1
event: task_spawn; timestamp: 0; task: 3; pos: (29, 46); earliest_start: 0; latest_start: 450; state: PENDING; required_workers: 1; success_prob: 0.8; max_attempts: 1
event: task_spawn; timestamp: 0; task: 4; pos: (4, 75); earliest_start: 0; latest_start: 720; state: PENDING; required_workers: 1; success_prob: 0.6; max_attempts: 1
event: task_spawn; timestamp: 0; task: 5; pos: (-92, -48); earliest_start: 0; latest_start: 720; state: PENDING; required_workers: 1; success_prob: 0.8; max_attempts: 1
event: task_spawn; timestamp: 0; task: 6; pos: (-48, -48); earliest_start: 0; latest_start: 810; state: PENDING; required_workers: 1; success_prob: 0.9; max_attempts: 1
event: task_spawn; timestamp: 0; task: 7; pos: (-46, -64); earliest_start: 0; latest_start: 900; state: PENDING; required_workers: 1; success_prob: 0.8; max_attempts: 1
event: task_spawn; timestamp: 0; task: 8; pos: (61, 13); earliest_start: 0; latest_start: 1080; state: PENDING; required_workers: 3; success_prob: 0.6; max_attempts: 1
event: task_spawn; timestamp: 0; task: 9; pos: (46, 95); earliest_start: 0; latest_start: 810; state: PENDING; required_workers: 3; success_prob: 0.6; max_attempts: 1
event: task_spawn; timestamp: 0; task: 10; pos: (-62, -34); earliest_start: 0; latest_start: 1080; state: PENDING; required_workers: 2; success_prob: 0.6; max_attempts: 1
event: robot_spawn; timestamp: 0; robot: 1; pos: (0, 0); state: AVAILABLE; battery_level: 100; battery_capacity: 100; velocity: 5; battery_rate_nav: 0.1
event: robot_spawn; timestamp: 0; robot: 2; pos: (0, 0); state: AVAILABLE; battery_level: 100; battery_capacity: 100; velocity: 5; battery_rate_nav: 0.1
event: robot_spawn; timestamp: 0; robot: 3; pos: (0, 0); state: AVAILABLE; battery_level: 100; battery_capacity: 100; velocity: 5; battery_rate_nav: 0.1
event: robot_spawn; timestamp: 0; robot: 4; pos: (0, 0); state: AVAILABLE; battery_level: 100; battery_capacity: 100; velocity: 5; battery_rate_nav: 0.1
event: battery_consumption; timestamp: 0; robot: 2; time: 8.6093; initial_level: 100; final_level: 99.1391
event: navigation; timestamp: 0; robot: 2; time: 8.6093; src: (0, 0); dst: (-37, -22)
event: battery_consumption; timestamp: 0; robot: 3; time: 8.6093; initial_level: 100; final_level: 99.1391
event: navigation; timestamp: 0; robot: 3; time: 8.6093; src: (0, 0); dst: (-37, -22)
event: battery_consumption; timestamp: 0; robot: 1; time: 8.6093; initial_level: 100; final_level: 99.1391
event: navigation; timestamp: 0; robot: 1; time: 8.6093; src: (0, 0); dst: (-37, -22)
event: battery_consumption; timestamp: 1; robot: 4; time: 15.0213; initial_level: 100; final_level: 98.4979
event: navigation; timestamp: 1; robot: 4; time: 15.0213; src: (0, 0); dst: (4, 75)
event: task_execution; timestamp: 8.6093; task: 1; robot: 1; pos: (-37, -22); time: 0
event: battery_consumption; timestamp: 8.6093; robot: 1; time: 0; initial_level: 99.1391; final_level: 89.1391
event: task_execution; timestamp: 8.6093; task: 1; robot: 2; pos: (-37, -22); time: 0
event: battery_consumption; timestamp: 8.6093; robot: 2; time: 0; initial_level: 99.1391; final_level: 89.1391
event: task_execution; timestamp: 8.6093; task: 1; robot: 3; pos: (-37, -22); time: 0
event: battery_consumption; timestamp: 8.6093; robot: 3; time: 0; initial_level: 99.1391; final_level: 89.1391
event: task_resolution; timestamp: 8.6093; task: 1; pos: (-37, -22); status: FAILED; attempt: 1
event: battery_consumption; timestamp: 8.6093; robot: 3; time: 20.8125; initial_level: 89.1391; final_level: 87.0578
event: navigation; timestamp: 8.6093; robot: 3; time: 20.8125; src: (-37, -22); dst: (61, 13)
event: battery_consumption; timestamp: 8.6093; robot: 1; time: 12.1672; initial_level: 89.1391; final_level: 87.9224
event: navigation; timestamp: 8.6093; robot: 1; time: 12.1672; src: (-37, -22); dst: (-92, -48)
event: battery_consumption; timestamp: 8.6093; robot: 2; time: 5.54617; initial_level: 89.1391; final_level: 88.5845
event: navigation; timestamp: 8.6093; robot: 2; time: 5.54617; src: (-37, -22); dst: (-62, -34)
event: task_execution; timestamp: 16.0213; task: 4; robot: 4; pos: (4, 75); time: 0
event: battery_consumption; timestamp: 16.0213; robot: 4; time: 0; initial_level: 98.4979; final_level: 98.4979
event: task_resolution; timestamp: 16.0213; task: 4; pos: (4, 75); status: COMPLETED; attempt: 1
event: battery_consumption; timestamp: 16.0213; robot: 4; time: 25.4849; initial_level: 98.4979; final_level: 95.9494
event: navigation; timestamp: 16.0213; robot: 4; time: 25.4849; src: (4, 75); dst: (-62, -34)
event: task_execution; timestamp: 20.7765; task: 5; robot: 1; pos: (-92, -48); time: 0
event: battery_consumption; timestamp: 20.7765; robot: 1; time: 0; initial_level: 87.9224; final_level: 77.9224
event: task_resolution; timestamp: 20.7765; task: 5; pos: (-92, -48); status: FAILED; attempt: 1
event: battery_consumption; timestamp: 21.7765; robot: 1; time: 29.853; initial_level: 77.9224; final_level: 74.9371
event: navigation; timestamp: 21.7765; robot: 1; time: 29.853; src: (-92, -48); dst: (50, -94)
event: task_execution; timestamp: 41.5062; task: 10; robot: 2; pos: (-62, -34); time: 0
event: battery_consumption; timestamp: 41.5062; robot: 2; time: 0; initial_level: 88.5845; final_level: 88.5845
event: task_execution; timestamp: 41.5062; task: 10; robot: 4; pos: (-62, -34); time: 0
event: battery_consumption; timestamp: 41.5062; robot: 4; time: 0; initial_level: 95.9494; final_level: 95.9494
event: task_resolution; timestamp: 41.5062; task: 10; pos: (-62, -34); status: COMPLETED; attempt: 1
event: battery_consumption; timestamp: 41.5062; robot: 2; time: 26.3348; initial_level: 88.5845; final_level: 85.951
event: navigation; timestamp: 41.5062; robot: 2; time: 26.3348; src: (-62, -34); dst: (61, 13)
event: battery_consumption; timestamp: 41.5062; robot: 4; time: 26.3348; initial_level: 95.9494; final_level: 93.3159
event: navigation; timestamp: 41.5062; robot: 4; time: 26.3348; src: (-62, -34); dst: (61, 13)
event: task_execution; timestamp: 51.6294; task: 2; robot: 1; pos: (50, -94); time: 0
event: battery_consumption; timestamp: 51.6294; robot: 1; time: 0; initial_level: 74.9371; final_level: 64.9371
event: task_resolution; timestamp: 51.6294; task: 2; pos: (50, -94); status: FAILED; attempt: 1
event: battery_consumption; timestamp: 52.6294; robot: 1; time: 37.8085; initial_level: 64.9371; final_level: 61.1562
event: navigation; timestamp: 52.6294; robot: 1; time: 37.8085; src: (50, -94); dst: (46, 95)
event: task_execution; timestamp: 67.841; task: 8; robot: 2; pos: (61, 13); time: 0
event: battery_consumption; timestamp: 67.841; robot: 2; time: 0; initial_level: 85.951; final_level: 75.951
event: task_execution; timestamp: 67.841; task: 8; robot: 3; pos: (61, 13); time: 0
event: battery_consumption; timestamp: 67.841; robot: 3; time: 0; initial_level: 87.0578; final_level: 77.0578
event: task_execution; timestamp: 67.841; task: 8; robot: 4; pos: (61, 13); time: 0
event: battery_consumption; timestamp: 67.841; robot: 4; time: 0; initial_level: 93.3159; final_level: 83.3159
event: task_resolution; timestamp: 67.841; task: 8; pos: (61, 13); status: FAILED; attempt: 1
event: battery_consumption; timestamp: 67.841; robot: 3; time: 12.474; initial_level: 77.0578; final_level: 75.8104
event: navigation; timestamp: 67.841; robot: 3; time: 12.474; src: (61, 13); dst: (0, 0)
event: recharge; timestamp: 80.315; robot: 3; recharging_station: 1; pos: (0, 0); level: 100
event: battery_consumption; timestamp: 68.841; robot: 4; time: 16.6721; initial_level: 83.3159; final_level: 81.6487
event: navigation; timestamp: 68.841; robot: 4; time: 16.6721; src: (61, 13); dst: (46, 95)
event: battery_consumption; timestamp: 68.841; robot: 2; time: 16.6721; initial_level: 75.951; final_level: 74.2838
event: navigation; timestamp: 68.841; robot: 2; time: 16.6721; src: (61, 13); dst: (46, 95)
event: battery_consumption; timestamp: 80.315; robot: 3; time: 13.5765; initial_level: 100; final_level: 98.6424
event: navigation; timestamp: 80.315; robot: 3; time: 13.5765; src: (0, 0); dst: (-48, -48)
event: task_execution; timestamp: 90.4379; task: 9; robot: 1; pos: (46, 95); time: 0
event: battery_consumption; timestamp: 90.4379; robot: 1; time: 0; initial_level: 61.1562; final_level: 61.1562
event: task_execution; timestamp: 90.4379; task: 9; robot: 2; pos: (46, 95); time: 0
event: battery_consumption; timestamp: 90.4379; robot: 2; time: 0; initial_level: 74.2838; final_level: 74.2838
event: task_execution; timestamp: 90.4379; task: 9; robot: 4; pos: (46, 95); time: 0
event: battery_consumption; timestamp: 90.4379; robot: 4; time: 0; initial_level: 81.6487; final_level: 81.6487
event: task_resolution; timestamp: 90.4379; task: 9; pos: (46, 95); status: COMPLETED; attempt: 1
event: battery_consumption; timestamp: 90.4379; robot: 2; time: 21.1102; initial_level: 74.2838; final_level: 72.1727
event: navigation; timestamp: 90.4379; robot: 2; time: 21.1102; src: (46, 95); dst: (0, 0)
event: robot_finished; timestamp: 111.548; robot: 2; pos: (0, 0); battery: 72.1727
event: battery_consumption; timestamp: 90.4379; robot: 4; time: 21.1102; initial_level: 81.6487; final_level: 79.5377
event: navigation; timestamp: 90.4379; robot: 4; time: 21.1102; src: (46, 95); dst: (0, 0)
event: robot_finished; timestamp: 111.548; robot: 4; pos: (0, 0); battery: 79.5377
event: battery_consumption; timestamp: 90.4379; robot: 1; time: 21.1102; initial_level: 61.1562; final_level: 59.0452
event: navigation; timestamp: 90.4379; robot: 1; time: 21.1102; src: (46, 95); dst: (0, 0)
event: robot_finished; timestamp: 111.548; robot: 1; pos: (0, 0); battery: 59.0452
event: task_execution; timestamp: 93.8914; task: 6; robot: 3; pos: (-48, -48); time: 0
event: battery_consumption; timestamp: 93.8914; robot: 3; time: 0; initial_level: 98.6424; final_level: 98.6424
event: task_resolution; timestamp: 93.8914; task: 6; pos: (-48, -48); status: COMPLETED; attempt: 1
event: battery_consumption; timestamp: 94.8914; robot: 3; time: 13.5765; initial_level: 98.6424; final_level: 97.2847
event: navigation; timestamp: 94.8914; robot: 3; time: 13.5765; src: (-48, -48); dst: (0, 0)
event: robot_finished; timestamp: 108.468; robot: 3; pos: (0, 0); battery: 97.2847
metric: available_agents; value: 0
metric: failed_agents; value: 0
metric: finished_agents; value: 4
metric: completed_tasks; value: 4
metric: pending_tasks; value: 2
metric: failed_tasks; value: 4
metric: average_robot_makespan; value: 110.778
metric: sd_robot_makespan; value: 1.54012
metric: max_robot_makespan; value: 111.548
metric: min_robot_makespan; value: 108.468
metric: average_robot_travel_distance; value: 451.866
metric: sd_robot_travel_distance; value: 98.8224
metric: max_robot_travel_distance; value: 547.74
metric: min_robot_travel_distance; value: 345.243
metric: sum_robot_travel_distance; value: 1807.46
metric: average_completed_tasks_by_robot; value: 0
metric: sd_completed_tasks_by_robot; value: 0
metric: max_completed_tasks_by_robot; value: 0
metric: min_completed_tasks_by_robot; value: 0
metric: final_reward; value: 0.4
metric: computing_time; value: 6.56027
