info: solver_name; value: dec-mcts-v2
info: reward_function; value: reward00
info: replica; value: 1
info: filename; value: ../logs/prueba/scenario_20t_01_3r_dec-mcts-v2_reward00_001.log
info: scenario_name; value: scenario_20t_01_3r
info: scenario_name; value: scenario_20t_01_3r
info: number_of_tasks; value: 20
info: number_of_robots; value: 3
info: number_of_recharging_stations; value: 1
info: scenario_size; value: (200,200)
event: recharging_station_spawn; timestamp: 0; recharging_station: 1; pos: (0, 0)
event: task_spawn; timestamp: 0; task: 1; pos: (75, -53); earliest_start: 0; latest_start: 720; state: PENDING; required_workers: 1; success_prob: 0.7; max_attempts: 1
event: task_spawn; timestamp: 0; task: 2; pos: (-90, 79); earliest_start: 0; latest_start: 810; state: PENDING; required_workers: 2; success_prob: 0.6; max_attempts: 1
event: task_spawn; timestamp: 0; task: 3; pos: (92, 15); earliest_start: 0; latest_start: 540; state: PENDING; required_workers: 3; success_prob: 0.7; max_attempts: 1
event: task_spawn; timestamp: 0; task: 4; pos: (-58, 59); earliest_start: 0; latest_start: 720; state: PENDING; required_workers: 1; success_prob: 0.7; max_attempts: 1
event: task_spawn; timestamp: 0; task: 5; pos: (-3, 7); earliest_start: 0; latest_start: 720; state: PENDING; required_workers: 2; success_prob: 0.5; max_attempts: 1
event: task_spawn; timestamp: 0; task: 6; pos: (-100, -54); earliest_start: 0; latest_start: 450; state: PENDING; required_workers: 1; success_prob: 0.8; max_attempts: 1
event: task_spawn; timestamp: 0; task: 7; pos: (-92, 39); earliest_start: 0; latest_start: 720; state: PENDING; required_workers: 1; success_prob: 0.8; max_attempts: 1
event: task_spawn; timestamp: 0; task: 8; pos: (39, -71); earliest_start: 0; latest_start: 540; state: PENDING; required_workers: 2; success_prob: 0.9; max_attempts: 1
event: task_spawn; timestamp: 0; task: 9; pos: (-85, -18); earliest_start: 0; latest_start: 540; state: PENDING; required_workers: 1; success_prob: 0.7; max_attempts: 1
event: task_spawn; timestamp: 0; task: 10; pos: (-20, -89); earliest_start: 0; latest_start: 450; state: PENDING; required_workers: 1; success_prob: 0.7; max_attempts: 1
event: task_spawn; timestamp: 0; task: 11; pos: (-55, 49); earliest_start: 0; latest_start: 360; state: PENDING; required_workers: 1; success_prob: 0.7; max_attempts: 1
event: task_spawn; timestamp: 0; task: 12; pos: (-22, 78); earliest_start: 0; latest_start: 360; state: PENDING; required_workers: 1; success_prob: 0.5; max_attempts: 1
event: task_spawn; timestamp: 0; task: 13; pos: (30, -49); earliest_start: 0; latest_start: 360; state: PENDING; required_workers: 2; success_prob: 0.7; max_attempts: 1
event: task_spawn; timestamp: 0; task: 14; pos: (37, -23); earliest_start: 0; latest_start: 900; state: PENDING; required_workers: 2; success_prob: 0.6; max_attempts: 1
event: task_spawn; timestamp: 0; task: 15; pos: (-15, 20); earliest_start: 0; latest_start: 540; state: PENDING; required_workers: 1; success_prob: 0.5; max_attempts: 1
event: task_spawn; timestamp: 0; task: 16; pos: (100, -27); earliest_start: 0; latest_start: 1080; state: PENDING; required_workers: 2; success_prob: 0.7; max_attempts: 1
event: task_spawn; timestamp: 0; task: 17; pos: (53, -30); earliest_start: 0; latest_start: 720; state: PENDING; required_workers: 2; success_prob: 0.5; max_attempts: 1
event: task_spawn; timestamp: 0; task: 18; pos: (34, -74); earliest_start: 0; latest_start: 720; state: PENDING; required_workers: 1; success_prob: 0.8; max_attempts: 1
event: task_spawn; timestamp: 0; task: 19; pos: (43, -26); earliest_start: 0; latest_start: 270; state: PENDING; required_workers: 1; success_prob: 0.7; max_attempts: 1
event: task_spawn; timestamp: 0; task: 20; pos: (-4, 55); earliest_start: 0; latest_start: 720; state: PENDING; required_workers: 3; success_prob: 0.6; max_attempts: 1
event: robot_spawn; timestamp: 0; robot: 1; pos: (0, 0); state: AVAILABLE; battery_level: 100; battery_capacity: 100; velocity: 5; battery_rate_nav: 0.1
event: robot_spawn; timestamp: 0; robot: 2; pos: (0, 0); state: AVAILABLE; battery_level: 100; battery_capacity: 100; velocity: 5; battery_rate_nav: 0.1
event: robot_spawn; timestamp: 0; robot: 3; pos: (0, 0); state: AVAILABLE; battery_level: 100; battery_capacity: 100; velocity: 5; battery_rate_nav: 0.1
event: battery_consumption; timestamp: 0; robot: 2; time: 23.9508; initial_level: 100; final_level: 97.6049
event: navigation; timestamp: 0; robot: 2; time: 23.9508; src: (0, 0); dst: (-90, 79)
event: battery_consumption; timestamp: 0; robot: 3; time: 10.0499; initial_level: 100; final_level: 98.995
event: navigation; timestamp: 0; robot: 3; time: 10.0499; src: (0, 0); dst: (43, -26)
event: battery_consumption; timestamp: 0; robot: 1; time: 23.9508; initial_level: 100; final_level: 97.6049
event: navigation; timestamp: 0; robot: 1; time: 23.9508; src: (0, 0); dst: (-90, 79)
event: task_execution; timestamp: 23.9508; task: 2; robot: 1; pos: (-90, 79); time: 0
event: battery_consumption; timestamp: 23.9508; robot: 1; time: 0; initial_level: 97.6049; final_level: 87.6049
event: task_execution; timestamp: 23.9508; task: 2; robot: 2; pos: (-90, 79); time: 0
event: battery_consumption; timestamp: 23.9508; robot: 2; time: 0; initial_level: 97.6049; final_level: 87.6049
event: task_resolution; timestamp: 23.9508; task: 2; pos: (-90, 79); status: FAILED; attempt: 1
event: battery_consumption; timestamp: 23.9508; robot: 1; time: 42.2606; initial_level: 87.6049; final_level: 83.3789
event: navigation; timestamp: 23.9508; robot: 1; time: 42.2606; src: (-90, 79); dst: (75, -53)
event: battery_consumption; timestamp: 23.9508; robot: 2; time: 36.4; initial_level: 87.6049; final_level: 83.9649
event: navigation; timestamp: 23.9508; robot: 2; time: 36.4; src: (-90, 79); dst: (-20, -89)
event: task_execution; timestamp: 10.0499; task: 19; robot: 3; pos: (43, -26); time: 41.9242
event: battery_consumption; timestamp: 10.0499; robot: 3; time: 41.9242; initial_level: 98.995; final_level: 57.0708
event: task_resolution; timestamp: 51.9741; task: 19; pos: (43, -26); status: COMPLETED; attempt: 1
event: battery_consumption; timestamp: 51.9741; robot: 3; time: 24.6812; initial_level: 57.0708; final_level: 54.6027
event: navigation; timestamp: 51.9741; robot: 3; time: 24.6812; src: (43, -26); dst: (-55, 49)
event: task_execution; timestamp: 76.6552; task: 11; robot: 3; pos: (-55, 49); time: 0
event: battery_consumption; timestamp: 76.6552; robot: 3; time: 0; initial_level: 54.6027; final_level: 54.6027
event: task_resolution; timestamp: 76.6552; task: 11; pos: (-55, 49); status: COMPLETED; attempt: 1
event: battery_consumption; timestamp: 76.6552; robot: 3; time: 9.8813; initial_level: 54.6027; final_level: 53.6146
event: navigation; timestamp: 76.6552; robot: 3; time: 9.8813; src: (-55, 49); dst: (-15, 20)
event: task_execution; timestamp: 86.5365; task: 15; robot: 3; pos: (-15, 20); time: 0
event: battery_consumption; timestamp: 86.5365; robot: 3; time: 0; initial_level: 53.6146; final_level: 53.6146
event: task_resolution; timestamp: 86.5365; task: 15; pos: (-15, 20); status: COMPLETED; attempt: 1
event: battery_consumption; timestamp: 86.5365; robot: 3; time: 21.4234; initial_level: 53.6146; final_level: 51.4722
event: navigation; timestamp: 86.5365; robot: 3; time: 21.4234; src: (-15, 20); dst: (92, 15)
event: task_execution; timestamp: 60.3508; task: 10; robot: 2; pos: (-20, -89); time: 83.9649
event: battery_consumption; timestamp: 60.3508; robot: 2; time: 83.9649; initial_level: 83.9649; final_level: 73.9649
event: task_resolution; timestamp: 144.316; task: 10; pos: (-20, -89); status: FAILED; attempt: 1
event: battery_consumption; timestamp: 144.316; robot: 2; time: 17.4642; initial_level: 73.9649; final_level: 72.2185
event: navigation; timestamp: 144.316; robot: 2; time: 17.4642; src: (-20, -89); dst: (-100, -54)
event: task_execution; timestamp: 66.2114; task: 1; robot: 1; pos: (75, -53); time: 83.3789
event: battery_consumption; timestamp: 66.2114; robot: 1; time: 83.3789; initial_level: 83.3789; final_level: 73.3789
event: task_resolution; timestamp: 149.59; task: 1; pos: (75, -53); status: FAILED; attempt: 1
event: battery_consumption; timestamp: 149.59; robot: 1; time: 32.7567; initial_level: 73.3789; final_level: 70.1032
event: navigation; timestamp: 149.59; robot: 1; time: 32.7567; src: (75, -53); dst: (-85, -18)
event: task_execution; timestamp: 182.347; task: 9; robot: 1; pos: (-85, -18); time: 0
event: battery_consumption; timestamp: 182.347; robot: 1; time: 0; initial_level: 70.1032; final_level: 70.1032
event: task_resolution; timestamp: 182.347; task: 9; pos: (-85, -18); status: COMPLETED; attempt: 1
event: battery_consumption; timestamp: 182.347; robot: 1; time: 36.01; initial_level: 70.1032; final_level: 66.5022
event: navigation; timestamp: 182.347; robot: 1; time: 36.01; src: (-85, -18); dst: (92, 15)
event: task_execution; timestamp: 161.78; task: 6; robot: 2; pos: (-100, -54); time: 62.9004
event: battery_consumption; timestamp: 161.78; robot: 2; time: 62.9004; initial_level: 72.2185; final_level: 9.31813
event: task_resolution; timestamp: 224.68; task: 6; pos: (-100, -54); status: COMPLETED; attempt: 1
event: battery_consumption; timestamp: 224.68; robot: 2; time: 40.8044; initial_level: 9.31813; final_level: 5.23769
event: navigation; timestamp: 224.68; robot: 2; time: 40.8044; src: (-100, -54); dst: (92, 15)
event: task_execution; timestamp: 265.485; task: 3; robot: 1; pos: (92, 15); time: 5.23769
event: battery_consumption; timestamp: 265.485; robot: 1; time: 5.23769; initial_level: 66.5022; final_level: 56.5022
event: task_execution; timestamp: 265.485; task: 3; robot: 2; pos: (92, 15); time: 5.23769
event: battery_consumption; timestamp: 265.485; robot: 2; time: 5.23769; initial_level: 5.23769; final_level: -4.76231
event: robot_failed; timestamp: 270.722; robot: 2; pos: (92, 15)
event: task_execution; timestamp: 265.485; task: 3; robot: 3; pos: (92, 15); time: 5.23769
event: battery_consumption; timestamp: 265.485; robot: 3; time: 5.23769; initial_level: 51.4722; final_level: 41.4722
event: task_resolution; timestamp: 270.722; task: 3; pos: (92, 15); status: FAILED; attempt: 1
event: battery_consumption; timestamp: 270.722; robot: 3; time: 21.2462; initial_level: 41.4722; final_level: 39.3476
event: navigation; timestamp: 270.722; robot: 3; time: 21.2462; src: (92, 15); dst: (34, -74)
event: battery_consumption; timestamp: 271.722; robot: 1; time: 31.264; initial_level: 56.5022; final_level: 53.3758
event: navigation; timestamp: 271.722; robot: 1; time: 31.264; src: (92, 15); dst: (-58, 59)
event: task_execution; timestamp: 291.969; task: 18; robot: 3; pos: (34, -74); time: 0
event: battery_consumption; timestamp: 291.969; robot: 3; time: 0; initial_level: 39.3476; final_level: 39.3476
event: task_resolution; timestamp: 291.969; task: 18; pos: (34, -74); status: COMPLETED; attempt: 1
event: battery_consumption; timestamp: 291.969; robot: 3; time: 33.8497; initial_level: 39.3476; final_level: 35.9626
event: navigation; timestamp: 291.969; robot: 3; time: 33.8497; src: (34, -74); dst: (-92, 39)
event: task_execution; timestamp: 302.986; task: 4; robot: 1; pos: (-58, 59); time: 0
event: battery_consumption; timestamp: 302.986; robot: 1; time: 0; initial_level: 53.3758; final_level: 53.3758
event: task_resolution; timestamp: 302.986; task: 4; pos: (-58, 59); status: COMPLETED; attempt: 1
event: battery_consumption; timestamp: 302.986; robot: 1; time: 8.14125; initial_level: 53.3758; final_level: 52.5617
event: navigation; timestamp: 302.986; robot: 1; time: 8.14125; src: (-58, 59); dst: (-22, 78)
event: task_execution; timestamp: 325.818; task: 7; robot: 3; pos: (-92, 39); time: 35.9626
event: battery_consumption; timestamp: 325.818; robot: 3; time: 35.9626; initial_level: 35.9626; final_level: 25.9626
event: task_resolution; timestamp: 361.781; task: 7; pos: (-92, 39); status: FAILED; attempt: 1
event: battery_consumption; timestamp: 361.781; robot: 3; time: 18.9156; initial_level: 25.9626; final_level: 24.0711
event: navigation; timestamp: 361.781; robot: 3; time: 18.9156; src: (-92, 39); dst: (-3, 7)
event: task_execution; timestamp: 311.128; task: 12; robot: 1; pos: (-22, 78); time: 52.5617
event: battery_consumption; timestamp: 311.128; robot: 1; time: 52.5617; initial_level: 52.5617; final_level: 42.5617
event: task_resolution; timestamp: 363.689; task: 12; pos: (-22, 78); status: FAILED; attempt: 1
event: battery_consumption; timestamp: 363.689; robot: 1; time: 14.6997; initial_level: 42.5617; final_level: 41.0917
event: navigation; timestamp: 363.689; robot: 1; time: 14.6997; src: (-22, 78); dst: (-3, 7)
event: task_execution; timestamp: 380.697; task: 5; robot: 1; pos: (-3, 7); time: 0
event: battery_consumption; timestamp: 380.697; robot: 1; time: 0; initial_level: 41.0917; final_level: 31.0917
event: task_execution; timestamp: 380.697; task: 5; robot: 3; pos: (-3, 7); time: 0
event: battery_consumption; timestamp: 380.697; robot: 3; time: 0; initial_level: 24.0711; final_level: 14.0711
event: task_resolution; timestamp: 380.697; task: 5; pos: (-3, 7); status: FAILED; attempt: 1
event: battery_consumption; timestamp: 380.697; robot: 1; time: 10; initial_level: 31.0917; final_level: 30.0917
event: navigation; timestamp: 380.697; robot: 1; time: 10; src: (-3, 7); dst: (37, -23)
event: battery_consumption; timestamp: 380.697; robot: 3; time: 10; initial_level: 14.0711; final_level: 13.0711
event: navigation; timestamp: 380.697; robot: 3; time: 10; src: (-3, 7); dst: (37, -23)
event: task_execution; timestamp: 390.697; task: 14; robot: 1; pos: (37, -23); time: 0
event: battery_consumption; timestamp: 390.697; robot: 1; time: 0; initial_level: 30.0917; final_level: 30.0917
event: task_execution; timestamp: 390.697; task: 14; robot: 3; pos: (37, -23); time: 0
event: battery_consumption; timestamp: 390.697; robot: 3; time: 0; initial_level: 13.0711; final_level: 13.0711
event: task_resolution; timestamp: 390.697; task: 14; pos: (37, -23); status: COMPLETED; attempt: 1
event: battery_consumption; timestamp: 390.697; robot: 1; time: 9.60833; initial_level: 30.0917; final_level: 29.1309
event: navigation; timestamp: 390.697; robot: 1; time: 9.60833; src: (37, -23); dst: (39, -71)
event: battery_consumption; timestamp: 390.697; robot: 3; time: 3.49285; initial_level: 13.0711; final_level: 12.7218
event: navigation; timestamp: 390.697; robot: 3; time: 3.49285; src: (37, -23); dst: (53, -30)
event: battery_consumption; timestamp: 540; robot: 1; time: 8.66487; initial_level: 29.1309; final_level: 28.2644
event: navigation; timestamp: 540; robot: 1; time: 8.66487; src: (39, -71); dst: (53, -30)
event: task_execution; timestamp: 548.665; task: 17; robot: 1; pos: (53, -30); time: 0
event: battery_consumption; timestamp: 548.665; robot: 1; time: 0; initial_level: 28.2644; final_level: 28.2644
event: task_execution; timestamp: 548.665; task: 17; robot: 3; pos: (53, -30); time: 0
event: battery_consumption; timestamp: 548.665; robot: 3; time: 0; initial_level: 12.7218; final_level: 12.7218
event: task_resolution; timestamp: 548.665; task: 17; pos: (53, -30); status: COMPLETED; attempt: 1
event: battery_consumption; timestamp: 548.665; robot: 1; time: 12.1803; initial_level: 28.2644; final_level: 27.0463
event: navigation; timestamp: 548.665; robot: 1; time: 12.1803; src: (53, -30); dst: (0, 0)
event: recharge; timestamp: 560.845; robot: 1; recharging_station: 1; pos: (0, 0); level: 100
event: battery_consumption; timestamp: 548.665; robot: 3; time: 12.1803; initial_level: 12.7218; final_level: 11.5038
event: navigation; timestamp: 548.665; robot: 3; time: 12.1803; src: (53, -30); dst: (0, 0)
event: recharge; timestamp: 560.845; robot: 3; recharging_station: 1; pos: (0, 0); level: 100
event: battery_consumption; timestamp: 560.845; robot: 1; time: 20.7162; initial_level: 100; final_level: 97.9284
event: navigation; timestamp: 560.845; robot: 1; time: 20.7162; src: (0, 0); dst: (100, -27)
event: battery_consumption; timestamp: 561.845; robot: 3; time: 11.0291; initial_level: 100; final_level: 98.8971
event: navigation; timestamp: 561.845; robot: 3; time: 11.0291; src: (0, 0); dst: (-4, 55)
event: battery_consumption; timestamp: 720; robot: 3; time: 11.0291; initial_level: 98.8971; final_level: 97.7942
event: navigation; timestamp: 720; robot: 3; time: 11.0291; src: (-4, 55); dst: (0, 0)
event: recharge; timestamp: 731.029; robot: 3; recharging_station: 1; pos: (0, 0); level: 100
event: battery_consumption; timestamp: 731.029; robot: 3; time: 20.7162; initial_level: 100; final_level: 97.9284
event: navigation; timestamp: 731.029; robot: 3; time: 20.7162; src: (0, 0); dst: (100, -27)
event: task_execution; timestamp: 751.745; task: 16; robot: 1; pos: (100, -27); time: 0
event: battery_consumption; timestamp: 751.745; robot: 1; time: 0; initial_level: 97.9284; final_level: 97.9284
event: task_execution; timestamp: 751.745; task: 16; robot: 3; pos: (100, -27); time: 0
event: battery_consumption; timestamp: 751.745; robot: 3; time: 0; initial_level: 97.9284; final_level: 97.9284
event: task_resolution; timestamp: 751.745; task: 16; pos: (100, -27); status: COMPLETED; attempt: 1
event: battery_consumption; timestamp: 751.745; robot: 3; time: 20.7162; initial_level: 97.9284; final_level: 95.8568
event: navigation; timestamp: 751.745; robot: 3; time: 20.7162; src: (100, -27); dst: (0, 0)
event: robot_finished; timestamp: 772.461; robot: 3; pos: (0, 0); battery: 95.8568
event: battery_consumption; timestamp: 751.745; robot: 1; time: 20.7162; initial_level: 97.9284; final_level: 95.8568
event: navigation; timestamp: 751.745; robot: 1; time: 20.7162; src: (100, -27); dst: (0, 0)
event: robot_finished; timestamp: 772.461; robot: 1; pos: (0, 0); battery: 95.8568
metric: available_agents; value: 0
metric: failed_agents; value: 1
metric: finished_agents; value: 2
metric: completed_tasks; value: 10
metric: pending_tasks; value: 0
metric: failed_tasks; value: 10
metric: average_robot_makespan; value: 605.215
metric: sd_robot_makespan; value: 289.679
metric: max_robot_makespan; value: 772.461
metric: min_robot_makespan; value: 270.722
metric: average_robot_travel_distance; value: 1031.33
metric: sd_robot_travel_distance; value: 393.619
metric: max_robot_travel_distance; value: 1354.84
metric: min_robot_travel_distance; value: 593.097
metric: sum_robot_travel_distance; value: 3094
metric: average_completed_tasks_by_robot; value: 0
metric: sd_completed_tasks_by_robot; value: 0
metric: max_completed_tasks_by_robot; value: 0
metric: min_completed_tasks_by_robot; value: 0
metric: final_reward; value: 0.5
metric: computing_time; value: 30.5979
