info: solver_name; value: cbaa
info: reward_function; value: reward00
info: replica; value: 6
info: filename; value: ../logs/prueba/scenario_12_06_01_cbaa_reward00_006.log
info: scenario_name; value: scenario_12_06_01
info: scenario_name; value: scenario_12_06_01
info: number_of_tasks; value: 12
info: number_of_robots; value: 6
info: number_of_recharging_stations; value: 1
info: scenario_size; value: (200,200)
event: recharging_station_spawn; timestamp: 0; recharging_station: 1; pos: (0, 0)
event: task_spawn; timestamp: 0; task: 1; pos: (-70.0709, -68.0831); earliest_start: 0; latest_start: 1080; state: PENDING; required_workers: 3; success_prob: 0.8; max_attempts: 1
event: task_spawn; timestamp: 0; task: 2; pos: (-17.4248, -96.1114); earliest_start: 0; latest_start: 810; state: PENDING; required_workers: 3; success_prob: 0.8; max_attempts: 1
event: task_spawn; timestamp: 0; task: 3; pos: (-29.5006, -24.1376); earliest_start: 0; latest_start: 1080; state: PENDING; required_workers: 2; success_prob: 0.8; max_attempts: 1
event: task_spawn; timestamp: 0; task: 4; pos: (6.58351, -36.5381); earliest_start: 0; latest_start: 540; state: PENDING; required_workers: 1; success_prob: 0.8; max_attempts: 1
event: task_spawn; timestamp: 0; task: 5; pos: (-46.7684, -52.5449); earliest_start: 0; latest_start: 540; state: PENDING; required_workers: 3; success_prob: 0.8; max_attempts: 1
event: task_spawn; timestamp: 0; task: 6; pos: (-87.1468, -93.4297); earliest_start: 0; latest_start: 810; state: PENDING; required_workers: 2; success_prob: 0.8; max_attempts: 1
event: task_spawn; timestamp: 0; task: 7; pos: (-74.758, -54.3258); earliest_start: 0; latest_start: 540; state: PENDING; required_workers: 2; success_prob: 0.8; max_attempts: 1
event: task_spawn; timestamp: 0; task: 8; pos: (-1.29451, 32.4663); earliest_start: 0; latest_start: 540; state: PENDING; required_workers: 2; success_prob: 0.8; max_attempts: 1
event: task_spawn; timestamp: 0; task: 9; pos: (60.5478, -15.9338); earliest_start: 0; latest_start: 1080; state: PENDING; required_workers: 1; success_prob: 0.8; max_attempts: 1
event: task_spawn; timestamp: 0; task: 10; pos: (56.8755, 43.1394); earliest_start: 0; latest_start: 810; state: PENDING; required_workers: 2; success_prob: 0.8; max_attempts: 1
event: task_spawn; timestamp: 0; task: 11; pos: (-24.173, 41.1999); earliest_start: 0; latest_start: 540; state: PENDING; required_workers: 2; success_prob: 0.8; max_attempts: 1
event: task_spawn; timestamp: 0; task: 12; pos: (72.2993, -29.315); earliest_start: 0; latest_start: 1080; state: PENDING; required_workers: 1; success_prob: 0.8; max_attempts: 1
event: robot_spawn; timestamp: 0; robot: 1; pos: (0, 0); state: AVAILABLE; battery_level: 100; battery_capacity: 100; velocity: 5; battery_rate_nav: 0.1
event: robot_spawn; timestamp: 0; robot: 2; pos: (0, 0); state: AVAILABLE; battery_level: 100; battery_capacity: 100; velocity: 5; battery_rate_nav: 0.1
event: robot_spawn; timestamp: 0; robot: 3; pos: (0, 0); state: AVAILABLE; battery_level: 100; battery_capacity: 100; velocity: 5; battery_rate_nav: 0.1
event: robot_spawn; timestamp: 0; robot: 4; pos: (0, 0); state: AVAILABLE; battery_level: 100; battery_capacity: 100; velocity: 5; battery_rate_nav: 0.1
event: robot_spawn; timestamp: 0; robot: 5; pos: (0, 0); state: AVAILABLE; battery_level: 100; battery_capacity: 100; velocity: 5; battery_rate_nav: 0.1
event: robot_spawn; timestamp: 0; robot: 6; pos: (0, 0); state: AVAILABLE; battery_level: 100; battery_capacity: 100; velocity: 5; battery_rate_nav: 0.1
event: battery_consumption; timestamp: 0; robot: 2; time: 6.49842; initial_level: 100; final_level: 99.3502
event: navigation; timestamp: 0; robot: 2; time: 6.49842; src: (0, 0); dst: (-1.29451, 32.4663)
event: battery_consumption; timestamp: 0; robot: 3; time: 7.62341; initial_level: 100; final_level: 99.2377
event: navigation; timestamp: 0; robot: 3; time: 7.62341; src: (0, 0); dst: (-29.5006, -24.1376)
event: battery_consumption; timestamp: 0; robot: 1; time: 6.49842; initial_level: 100; final_level: 99.3502
event: navigation; timestamp: 0; robot: 1; time: 6.49842; src: (0, 0); dst: (-1.29451, 32.4663)
event: battery_consumption; timestamp: 0; robot: 6; time: 14.0688; initial_level: 100; final_level: 98.5931
event: navigation; timestamp: 0; robot: 6; time: 14.0688; src: (0, 0); dst: (-46.7684, -52.5449)
event: battery_consumption; timestamp: 0; robot: 4; time: 7.4253; initial_level: 100; final_level: 99.2575
event: navigation; timestamp: 0; robot: 4; time: 7.4253; src: (0, 0); dst: (6.58351, -36.5381)
event: battery_consumption; timestamp: 0; robot: 5; time: 7.62341; initial_level: 100; final_level: 99.2377
event: navigation; timestamp: 0; robot: 5; time: 7.62341; src: (0, 0); dst: (-29.5006, -24.1376)
event: task_execution; timestamp: 7.62341; task: 3; robot: 3; pos: (-29.5006, -24.1376); time: 0
event: battery_consumption; timestamp: 7.62341; robot: 3; time: 0; initial_level: 99.2377; final_level: 99.2377
event: task_execution; timestamp: 7.62341; task: 3; robot: 5; pos: (-29.5006, -24.1376); time: 0
event: battery_consumption; timestamp: 7.62341; robot: 5; time: 0; initial_level: 99.2377; final_level: 99.2377
event: task_resolution; timestamp: 7.62341; task: 3; pos: (-29.5006, -24.1376); status: COMPLETED; attempt: 1
event: battery_consumption; timestamp: 7.62341; robot: 5; time: 6.64876; initial_level: 99.2377; final_level: 98.5728
event: navigation; timestamp: 7.62341; robot: 5; time: 6.64876; src: (-29.5006, -24.1376); dst: (-46.7684, -52.5449)
event: battery_consumption; timestamp: 7.62341; robot: 3; time: 6.64876; initial_level: 99.2377; final_level: 98.5728
event: navigation; timestamp: 7.62341; robot: 3; time: 6.64876; src: (-29.5006, -24.1376); dst: (-46.7684, -52.5449)
event: task_execution; timestamp: 6.49842; task: 8; robot: 1; pos: (-1.29451, 32.4663); time: 23.1656
event: battery_consumption; timestamp: 6.49842; robot: 1; time: 23.1656; initial_level: 99.3502; final_level: 76.1845
event: task_execution; timestamp: 6.49842; task: 8; robot: 2; pos: (-1.29451, 32.4663); time: 23.1656
event: battery_consumption; timestamp: 6.49842; robot: 2; time: 23.1656; initial_level: 99.3502; final_level: 76.1845
event: task_resolution; timestamp: 29.664; task: 8; pos: (-1.29451, 32.4663); status: COMPLETED; attempt: 1
event: battery_consumption; timestamp: 29.664; robot: 1; time: 4.89776; initial_level: 76.1845; final_level: 75.6948
event: navigation; timestamp: 29.664; robot: 1; time: 4.89776; src: (-1.29451, 32.4663); dst: (-24.173, 41.1999)
event: battery_consumption; timestamp: 29.664; robot: 2; time: 4.89776; initial_level: 76.1845; final_level: 75.6948
event: navigation; timestamp: 29.664; robot: 2; time: 4.89776; src: (-1.29451, 32.4663); dst: (-24.173, 41.1999)
event: task_execution; timestamp: 34.5618; task: 11; robot: 1; pos: (-24.173, 41.1999); time: 0
event: battery_consumption; timestamp: 34.5618; robot: 1; time: 0; initial_level: 75.6948; final_level: 75.6948
event: task_execution; timestamp: 34.5618; task: 11; robot: 2; pos: (-24.173, 41.1999); time: 0
event: battery_consumption; timestamp: 34.5618; robot: 2; time: 0; initial_level: 75.6948; final_level: 75.6948
event: task_resolution; timestamp: 34.5618; task: 11; pos: (-24.173, 41.1999); status: COMPLETED; attempt: 1
event: battery_consumption; timestamp: 34.5618; robot: 1; time: 16.2143; initial_level: 75.6948; final_level: 74.0733
event: navigation; timestamp: 34.5618; robot: 1; time: 16.2143; src: (-24.173, 41.1999); dst: (56.8755, 43.1394)
event: battery_consumption; timestamp: 34.5618; robot: 2; time: 16.2143; initial_level: 75.6948; final_level: 74.0733
event: navigation; timestamp: 34.5618; robot: 2; time: 16.2143; src: (-24.173, 41.1999); dst: (56.8755, 43.1394)
event: task_execution; timestamp: 50.7761; task: 10; robot: 1; pos: (56.8755, 43.1394); time: 0
event: battery_consumption; timestamp: 50.7761; robot: 1; time: 0; initial_level: 74.0733; final_level: 74.0733
event: task_execution; timestamp: 50.7761; task: 10; robot: 2; pos: (56.8755, 43.1394); time: 0
event: battery_consumption; timestamp: 50.7761; robot: 2; time: 0; initial_level: 74.0733; final_level: 74.0733
event: task_resolution; timestamp: 50.7761; task: 10; pos: (56.8755, 43.1394); status: COMPLETED; attempt: 1
event: battery_consumption; timestamp: 50.7761; robot: 2; time: 31.5666; initial_level: 74.0733; final_level: 70.9167
event: navigation; timestamp: 50.7761; robot: 2; time: 31.5666; src: (56.8755, 43.1394); dst: (-17.4248, -96.1114)
event: battery_consumption; timestamp: 50.7761; robot: 1; time: 11.8374; initial_level: 74.0733; final_level: 72.8896
event: navigation; timestamp: 50.7761; robot: 1; time: 11.8374; src: (56.8755, 43.1394); dst: (60.5478, -15.9338)
event: task_execution; timestamp: 62.6136; task: 9; robot: 1; pos: (60.5478, -15.9338); time: 0
event: battery_consumption; timestamp: 62.6136; robot: 1; time: 0; initial_level: 72.8896; final_level: 72.8896
event: task_resolution; timestamp: 62.6136; task: 9; pos: (60.5478, -15.9338); status: COMPLETED; attempt: 1
event: battery_consumption; timestamp: 62.6136; robot: 1; time: 3.56177; initial_level: 72.8896; final_level: 72.5334
event: navigation; timestamp: 62.6136; robot: 1; time: 3.56177; src: (60.5478, -15.9338); dst: (72.2993, -29.315)
event: task_execution; timestamp: 66.1753; task: 12; robot: 1; pos: (72.2993, -29.315); time: 0
event: battery_consumption; timestamp: 66.1753; robot: 1; time: 0; initial_level: 72.5334; final_level: 62.5334
event: task_resolution; timestamp: 66.1753; task: 12; pos: (72.2993, -29.315); status: FAILED; attempt: 1
event: battery_consumption; timestamp: 66.1753; robot: 1; time: 22.3716; initial_level: 62.5334; final_level: 60.2963
event: navigation; timestamp: 66.1753; robot: 1; time: 22.3716; src: (72.2993, -29.315); dst: (-17.4248, -96.1114)
event: task_execution; timestamp: 7.4253; task: 4; robot: 4; pos: (6.58351, -36.5381); time: 95.671
event: battery_consumption; timestamp: 7.4253; robot: 4; time: 95.671; initial_level: 99.2575; final_level: 3.58649
event: task_resolution; timestamp: 103.096; task: 4; pos: (6.58351, -36.5381); status: COMPLETED; attempt: 1
event: battery_consumption; timestamp: 103.096; robot: 4; time: 12.8458; initial_level: 3.58649; final_level: 2.30191
event: navigation; timestamp: 103.096; robot: 4; time: 12.8458; src: (6.58351, -36.5381); dst: (-17.4248, -96.1114)
event: task_execution; timestamp: 14.2722; task: 5; robot: 3; pos: (-46.7684, -52.5449); time: 98.5728
event: battery_consumption; timestamp: 14.2722; robot: 3; time: 98.5728; initial_level: 98.5728; final_level: 88.5728
event: task_execution; timestamp: 14.2722; task: 5; robot: 5; pos: (-46.7684, -52.5449); time: 98.5728
event: battery_consumption; timestamp: 14.2722; robot: 5; time: 98.5728; initial_level: 98.5728; final_level: 88.5728
event: task_execution; timestamp: 14.2722; task: 5; robot: 6; pos: (-46.7684, -52.5449); time: 98.5728
event: battery_consumption; timestamp: 14.2722; robot: 6; time: 98.5728; initial_level: 98.5931; final_level: 88.5931
event: task_resolution; timestamp: 112.845; task: 5; pos: (-46.7684, -52.5449); status: FAILED; attempt: 1
event: battery_consumption; timestamp: 112.845; robot: 5; time: 5.60158; initial_level: 88.5728; final_level: 88.0126
event: navigation; timestamp: 112.845; robot: 5; time: 5.60158; src: (-46.7684, -52.5449); dst: (-70.0709, -68.0831)
event: battery_consumption; timestamp: 112.845; robot: 6; time: 5.60158; initial_level: 88.5931; final_level: 88.033
event: navigation; timestamp: 112.845; robot: 6; time: 5.60158; src: (-46.7684, -52.5449); dst: (-70.0709, -68.0831)
event: battery_consumption; timestamp: 112.845; robot: 3; time: 5.60158; initial_level: 88.5728; final_level: 88.0126
event: navigation; timestamp: 112.845; robot: 3; time: 5.60158; src: (-46.7684, -52.5449); dst: (-70.0709, -68.0831)
event: task_execution; timestamp: 115.942; task: 2; robot: 1; pos: (-17.4248, -96.1114); time: 0
event: battery_consumption; timestamp: 115.942; robot: 1; time: 0; initial_level: 60.2963; final_level: 50.2963
event: task_execution; timestamp: 115.942; task: 2; robot: 2; pos: (-17.4248, -96.1114); time: 0
event: battery_consumption; timestamp: 115.942; robot: 2; time: 0; initial_level: 70.9167; final_level: 60.9167
event: task_execution; timestamp: 115.942; task: 2; robot: 4; pos: (-17.4248, -96.1114); time: 0
event: battery_consumption; timestamp: 115.942; robot: 4; time: 0; initial_level: 2.30191; final_level: -7.69809
event: robot_failed; timestamp: 115.942; robot: 4; pos: (-17.4248, -96.1114)
event: task_resolution; timestamp: 115.942; task: 2; pos: (-17.4248, -96.1114); status: FAILED; attempt: 1
event: battery_consumption; timestamp: 115.942; robot: 1; time: 13.9547; initial_level: 50.2963; final_level: 48.9008
event: navigation; timestamp: 115.942; robot: 1; time: 13.9547; src: (-17.4248, -96.1114); dst: (-87.1468, -93.4297)
event: battery_consumption; timestamp: 115.942; robot: 2; time: 13.9547; initial_level: 60.9167; final_level: 59.5212
event: navigation; timestamp: 115.942; robot: 2; time: 13.9547; src: (-17.4248, -96.1114); dst: (-87.1468, -93.4297)
event: task_execution; timestamp: 118.447; task: 1; robot: 3; pos: (-70.0709, -68.0831); time: 0
event: battery_consumption; timestamp: 118.447; robot: 3; time: 0; initial_level: 88.0126; final_level: 88.0126
event: task_execution; timestamp: 118.447; task: 1; robot: 5; pos: (-70.0709, -68.0831); time: 0
event: battery_consumption; timestamp: 118.447; robot: 5; time: 0; initial_level: 88.0126; final_level: 88.0126
event: task_execution; timestamp: 118.447; task: 1; robot: 6; pos: (-70.0709, -68.0831); time: 0
event: battery_consumption; timestamp: 118.447; robot: 6; time: 0; initial_level: 88.033; final_level: 88.033
event: task_resolution; timestamp: 118.447; task: 1; pos: (-70.0709, -68.0831); status: COMPLETED; attempt: 1
event: battery_consumption; timestamp: 118.447; robot: 6; time: 19.5399; initial_level: 88.033; final_level: 86.079
event: navigation; timestamp: 118.447; robot: 6; time: 19.5399; src: (-70.0709, -68.0831); dst: (0, 0)
event: robot_finished; timestamp: 137.986; robot: 6; pos: (0, 0); battery: 86.079
event: battery_consumption; timestamp: 118.447; robot: 5; time: 2.90677; initial_level: 88.0126; final_level: 87.7219
event: navigation; timestamp: 118.447; robot: 5; time: 2.90677; src: (-70.0709, -68.0831); dst: (-74.758, -54.3258)
event: battery_consumption; timestamp: 118.447; robot: 3; time: 2.90677; initial_level: 88.0126; final_level: 87.7219
event: navigation; timestamp: 118.447; robot: 3; time: 2.90677; src: (-70.0709, -68.0831); dst: (-74.758, -54.3258)
event: task_execution; timestamp: 121.353; task: 7; robot: 3; pos: (-74.758, -54.3258); time: 0
event: battery_consumption; timestamp: 121.353; robot: 3; time: 0; initial_level: 87.7219; final_level: 87.7219
event: task_execution; timestamp: 121.353; task: 7; robot: 5; pos: (-74.758, -54.3258); time: 0
event: battery_consumption; timestamp: 121.353; robot: 5; time: 0; initial_level: 87.7219; final_level: 87.7219
event: task_resolution; timestamp: 121.353; task: 7; pos: (-74.758, -54.3258); status: COMPLETED; attempt: 1
event: battery_consumption; timestamp: 121.353; robot: 5; time: 18.4825; initial_level: 87.7219; final_level: 85.8737
event: navigation; timestamp: 121.353; robot: 5; time: 18.4825; src: (-74.758, -54.3258); dst: (0, 0)
event: robot_finished; timestamp: 139.836; robot: 5; pos: (0, 0); battery: 85.8737
event: battery_consumption; timestamp: 121.353; robot: 3; time: 18.4825; initial_level: 87.7219; final_level: 85.8737
event: navigation; timestamp: 121.353; robot: 3; time: 18.4825; src: (-74.758, -54.3258); dst: (0, 0)
event: robot_finished; timestamp: 139.836; robot: 3; pos: (0, 0); battery: 85.8737
event: task_execution; timestamp: 129.897; task: 6; robot: 1; pos: (-87.1468, -93.4297); time: 0
event: battery_consumption; timestamp: 129.897; robot: 1; time: 0; initial_level: 48.9008; final_level: 48.9008
event: task_execution; timestamp: 129.897; task: 6; robot: 2; pos: (-87.1468, -93.4297); time: 0
event: battery_consumption; timestamp: 129.897; robot: 2; time: 0; initial_level: 59.5212; final_level: 59.5212
event: task_resolution; timestamp: 129.897; task: 6; pos: (-87.1468, -93.4297); status: COMPLETED; attempt: 1
event: battery_consumption; timestamp: 129.897; robot: 1; time: 25.5528; initial_level: 48.9008; final_level: 46.3455
event: navigation; timestamp: 129.897; robot: 1; time: 25.5528; src: (-87.1468, -93.4297); dst: (0, 0)
event: robot_finished; timestamp: 155.45; robot: 1; pos: (0, 0); battery: 46.3455
event: battery_consumption; timestamp: 129.897; robot: 2; time: 25.5528; initial_level: 59.5212; final_level: 56.9659
event: navigation; timestamp: 129.897; robot: 2; time: 25.5528; src: (-87.1468, -93.4297); dst: (0, 0)
event: robot_finished; timestamp: 155.45; robot: 2; pos: (0, 0); battery: 56.9659
metric: available_agents; value: 0
metric: failed_agents; value: 1
metric: finished_agents; value: 5
metric: completed_tasks; value: 9
metric: pending_tasks; value: 0
metric: failed_tasks; value: 3
metric: average_robot_makespan; value: 140.75
metric: sd_robot_makespan; value: 14.5389
metric: max_robot_makespan; value: 155.45
metric: min_robot_makespan; value: 115.942
metric: average_robot_travel_distance; value: 287.984
metric: sd_robot_travel_distance; value: 175.921
metric: max_robot_travel_distance; value: 524.444
metric: min_robot_travel_distance; value: 101.356
metric: sum_robot_travel_distance; value: 1727.9
metric: average_completed_tasks_by_robot; value: 0
metric: sd_completed_tasks_by_robot; value: 0
metric: max_completed_tasks_by_robot; value: 0
metric: min_completed_tasks_by_robot; value: 0
metric: final_reward; value: 0.75
metric: computing_time; value: 0.0132947
