info: solver_name; value: dec-mcts-v2
info: reward_function; value: reward00
info: replica; value: 1
info: filename; value: ../logs/prueba/scenario_15t_05_3r_dec-mcts-v2_reward00_001.log
info: scenario_name; value: scenario_15t_05_3r
info: scenario_name; value: scenario_15t_05_3r
info: number_of_tasks; value: 15
info: number_of_robots; value: 3
info: number_of_recharging_stations; value: 1
info: scenario_size; value: (200,200)
event: recharging_station_spawn; timestamp: 0; recharging_station: 1; pos: (0, 0)
event: task_spawn; timestamp: 0; task: 1; pos: (-98, 31); earliest_start: 0; latest_start: 900; state: PENDING; required_workers: 3; success_prob: 0.8; max_attempts: 1
event: task_spawn; timestamp: 0; task: 2; pos: (1, -76); earliest_start: 0; latest_start: 270; state: PENDING; required_workers: 1; success_prob: 0.5; max_attempts: 1
event: task_spawn; timestamp: 0; task: 3; pos: (6, 49); earliest_start: 0; latest_start: 360; state: PENDING; required_workers: 2; success_prob: 0.7; max_attempts: 1
event: task_spawn; timestamp: 0; task: 4; pos: (-64, 75); earliest_start: 0; latest_start: 900; state: PENDING; required_workers: 2; success_prob: 0.7; max_attempts: 1
event: task_spawn; timestamp: 0; task: 5; pos: (-88, 0); earliest_start: 0; latest_start: 900; state: PENDING; required_workers: 1; success_prob: 0.8; max_attempts: 1
event: task_spawn; timestamp: 0; task: 6; pos: (80, -17); earliest_start: 0; latest_start: 810; state: PENDING; required_workers: 2; success_prob: 0.6; max_attempts: 1
event: task_spawn; timestamp: 0; task: 7; pos: (56, 99); earliest_start: 0; latest_start: 630; state: PENDING; required_workers: 2; success_prob: 0.9; max_attempts: 1
event: task_spawn; timestamp: 0; task: 8; pos: (-4, 66); earliest_start: 0; latest_start: 1080; state: PENDING; required_workers: 1; success_prob: 0.7; max_attempts: 1
event: task_spawn; timestamp: 0; task: 9; pos: (11, 55); earliest_start: 0; latest_start: 810; state: PENDING; required_workers: 1; success_prob: 0.8; max_attempts: 1
event: task_spawn; timestamp: 0; task: 10; pos: (72, 12); earliest_start: 0; latest_start: 720; state: PENDING; required_workers: 2; success_prob: 0.7; max_attempts: 1
event: task_spawn; timestamp: 0; task: 11; pos: (26, 31); earliest_start: 0; latest_start: 630; state: PENDING; required_workers: 3; success_prob: 0.7; max_attempts: 1
event: task_spawn; timestamp: 0; task: 12; pos: (-47, -89); earliest_start: 0; latest_start: 540; state: PENDING; required_workers: 3; success_prob: 0.8; max_attempts: 1
event: task_spawn; timestamp: 0; task: 13; pos: (40, -36); earliest_start: 0; latest_start: 540; state: PENDING; required_workers: 2; success_prob: 0.7; max_attempts: 1
event: task_spawn; timestamp: 0; task: 14; pos: (-40, 33); earliest_start: 0; latest_start: 540; state: PENDING; required_workers: 3; success_prob: 0.7; max_attempts: 1
event: task_spawn; timestamp: 0; task: 15; pos: (-98, -87); earliest_start: 0; latest_start: 1080; state: PENDING; required_workers: 2; success_prob: 0.8; max_attempts: 1
event: robot_spawn; timestamp: 0; robot: 1; pos: (0, 0); state: AVAILABLE; battery_level: 100; battery_capacity: 100; velocity: 5; battery_rate_nav: 0.1
event: robot_spawn; timestamp: 0; robot: 2; pos: (0, 0); state: AVAILABLE; battery_level: 100; battery_capacity: 100; velocity: 5; battery_rate_nav: 0.1
event: robot_spawn; timestamp: 0; robot: 3; pos: (0, 0); state: AVAILABLE; battery_level: 100; battery_capacity: 100; velocity: 5; battery_rate_nav: 0.1
event: battery_consumption; timestamp: 0; robot: 3; time: 20.5572; initial_level: 100; final_level: 97.9443
event: navigation; timestamp: 0; robot: 3; time: 20.5572; src: (0, 0); dst: (-98, 31)
event: battery_consumption; timestamp: 0; robot: 2; time: 20.5572; initial_level: 100; final_level: 97.9443
event: navigation; timestamp: 0; robot: 2; time: 20.5572; src: (0, 0); dst: (-98, 31)
event: battery_consumption; timestamp: 0; robot: 1; time: 20.5572; initial_level: 100; final_level: 97.9443
event: navigation; timestamp: 0; robot: 1; time: 20.5572; src: (0, 0); dst: (-98, 31)
event: task_execution; timestamp: 20.5572; task: 1; robot: 1; pos: (-98, 31); time: 0
event: battery_consumption; timestamp: 20.5572; robot: 1; time: 0; initial_level: 97.9443; final_level: 97.9443
event: task_execution; timestamp: 20.5572; task: 1; robot: 2; pos: (-98, 31); time: 0
event: battery_consumption; timestamp: 20.5572; robot: 2; time: 0; initial_level: 97.9443; final_level: 97.9443
event: task_execution; timestamp: 20.5572; task: 1; robot: 3; pos: (-98, 31); time: 0
event: battery_consumption; timestamp: 20.5572; robot: 3; time: 0; initial_level: 97.9443; final_level: 97.9443
event: task_resolution; timestamp: 20.5572; task: 1; pos: (-98, 31); status: COMPLETED; attempt: 1
event: battery_consumption; timestamp: 20.5572; robot: 1; time: 29.1548; initial_level: 97.9443; final_level: 95.0288
event: navigation; timestamp: 20.5572; robot: 1; time: 29.1548; src: (-98, 31); dst: (1, -76)
event: battery_consumption; timestamp: 21.5572; robot: 2; time: 21.1092; initial_level: 97.9443; final_level: 95.8334
event: navigation; timestamp: 21.5572; robot: 2; time: 21.1092; src: (-98, 31); dst: (6, 49)
event: battery_consumption; timestamp: 21.5572; robot: 3; time: 21.1092; initial_level: 97.9443; final_level: 95.8334
event: navigation; timestamp: 21.5572; robot: 3; time: 21.1092; src: (-98, 31); dst: (6, 49)
event: task_execution; timestamp: 49.712; task: 2; robot: 1; pos: (1, -76); time: 0
event: battery_consumption; timestamp: 49.712; robot: 1; time: 0; initial_level: 95.0288; final_level: 85.0288
event: task_resolution; timestamp: 49.712; task: 2; pos: (1, -76); status: FAILED; attempt: 1
event: battery_consumption; timestamp: 49.712; robot: 1; time: 26.2762; initial_level: 85.0288; final_level: 82.4012
event: navigation; timestamp: 49.712; robot: 1; time: 26.2762; src: (1, -76); dst: (11, 55)
event: task_execution; timestamp: 75.9882; task: 9; robot: 1; pos: (11, 55); time: 0
event: battery_consumption; timestamp: 75.9882; robot: 1; time: 0; initial_level: 82.4012; final_level: 82.4012
event: task_resolution; timestamp: 75.9882; task: 9; pos: (11, 55); status: COMPLETED; attempt: 1
event: battery_consumption; timestamp: 75.9882; robot: 1; time: 12.5873; initial_level: 82.4012; final_level: 81.1424
event: navigation; timestamp: 75.9882; robot: 1; time: 12.5873; src: (11, 55); dst: (56, 99)
event: task_execution; timestamp: 42.6665; task: 3; robot: 2; pos: (6, 49); time: 93.3454
event: battery_consumption; timestamp: 42.6665; robot: 2; time: 93.3454; initial_level: 95.8334; final_level: 2.48795
event: task_execution; timestamp: 42.6665; task: 3; robot: 3; pos: (6, 49); time: 93.3454
event: battery_consumption; timestamp: 42.6665; robot: 3; time: 93.3454; initial_level: 95.8334; final_level: 2.48795
event: task_resolution; timestamp: 136.012; task: 3; pos: (6, 49); status: COMPLETED; attempt: 1
event: battery_consumption; timestamp: 136.012; robot: 2; time: 14.1421; initial_level: 2.48795; final_level: 1.07374
event: navigation; timestamp: 136.012; robot: 2; time: 14.1421; src: (6, 49); dst: (56, 99)
event: battery_consumption; timestamp: 137.012; robot: 3; time: 9.8732; initial_level: 2.48795; final_level: 1.50063
event: navigation; timestamp: 137.012; robot: 3; time: 9.8732; src: (6, 49); dst: (0, 0)
event: recharge; timestamp: 146.885; robot: 3; recharging_station: 1; pos: (0, 0); level: 100
event: battery_consumption; timestamp: 146.885; robot: 3; time: 17.6; initial_level: 100; final_level: 98.24
event: navigation; timestamp: 146.885; robot: 3; time: 17.6; src: (0, 0); dst: (-88, 0)
event: task_execution; timestamp: 150.154; task: 7; robot: 1; pos: (56, 99); time: 1.07374
event: battery_consumption; timestamp: 150.154; robot: 1; time: 1.07374; initial_level: 81.1424; final_level: 71.1424
event: task_execution; timestamp: 150.154; task: 7; robot: 2; pos: (56, 99); time: 1.07374
event: battery_consumption; timestamp: 150.154; robot: 2; time: 1.07374; initial_level: 1.07374; final_level: -8.92626
event: robot_failed; timestamp: 151.228; robot: 2; pos: (56, 99)
event: task_resolution; timestamp: 151.228; task: 7; pos: (56, 99); status: FAILED; attempt: 1
event: battery_consumption; timestamp: 151.228; robot: 1; time: 27.189; initial_level: 71.1424; final_level: 68.4236
event: navigation; timestamp: 151.228; robot: 1; time: 27.189; src: (56, 99); dst: (40, -36)
event: task_execution; timestamp: 164.485; task: 5; robot: 3; pos: (-88, 0); time: 34.3117
event: battery_consumption; timestamp: 164.485; robot: 3; time: 34.3117; initial_level: 98.24; final_level: 63.9283
event: task_resolution; timestamp: 198.797; task: 5; pos: (-88, 0); status: COMPLETED; attempt: 1
event: battery_consumption; timestamp: 198.797; robot: 3; time: 26.5932; initial_level: 63.9283; final_level: 61.2689
event: navigation; timestamp: 198.797; robot: 3; time: 26.5932; src: (-88, 0); dst: (40, -36)
event: task_execution; timestamp: 225.39; task: 13; robot: 1; pos: (40, -36); time: 52.5282
event: battery_consumption; timestamp: 225.39; robot: 1; time: 52.5282; initial_level: 68.4236; final_level: 15.8953
event: task_execution; timestamp: 225.39; task: 13; robot: 3; pos: (40, -36); time: 52.5282
event: battery_consumption; timestamp: 225.39; robot: 3; time: 52.5282; initial_level: 61.2689; final_level: 8.74074
event: task_resolution; timestamp: 277.918; task: 13; pos: (40, -36); status: COMPLETED; attempt: 1
event: battery_consumption; timestamp: 277.918; robot: 3; time: 30.4217; initial_level: 8.74074; final_level: 5.69857
event: navigation; timestamp: 277.918; robot: 3; time: 30.4217; src: (40, -36); dst: (-64, 75)
event: battery_consumption; timestamp: 277.918; robot: 1; time: 30.4217; initial_level: 15.8953; final_level: 12.8532
event: navigation; timestamp: 277.918; robot: 1; time: 30.4217; src: (40, -36); dst: (-64, 75)
event: task_execution; timestamp: 308.34; task: 4; robot: 1; pos: (-64, 75); time: 5.69857
event: battery_consumption; timestamp: 308.34; robot: 1; time: 5.69857; initial_level: 12.8532; final_level: 2.85318
event: task_execution; timestamp: 308.34; task: 4; robot: 3; pos: (-64, 75); time: 5.69857
event: battery_consumption; timestamp: 308.34; robot: 3; time: 5.69857; initial_level: 5.69857; final_level: -4.30143
event: robot_failed; timestamp: 314.039; robot: 3; pos: (-64, 75)
event: task_resolution; timestamp: 314.039; task: 4; pos: (-64, 75); status: FAILED; attempt: 1
event: battery_consumption; timestamp: 314.039; robot: 1; time: 12.1342; initial_level: 2.85318; final_level: 1.63975
event: navigation; timestamp: 314.039; robot: 1; time: 12.1342; src: (-64, 75); dst: (-4, 66)
event: task_execution; timestamp: 326.173; task: 8; robot: 1; pos: (-4, 66); time: 0
event: battery_consumption; timestamp: 326.173; robot: 1; time: 0; initial_level: 1.63975; final_level: -8.36025
event: robot_failed; timestamp: 326.173; robot: 1; pos: (-4, 66)
event: task_resolution; timestamp: 326.173; task: 8; pos: (-4, 66); status: FAILED; attempt: 1
metric: available_agents; value: 0
metric: failed_agents; value: 3
metric: finished_agents; value: 0
metric: completed_tasks; value: 5
metric: pending_tasks; value: 6
metric: failed_tasks; value: 4
metric: average_robot_makespan; value: 263.813
metric: sd_robot_makespan; value: 97.6903
metric: max_robot_makespan; value: 326.173
metric: min_robot_makespan; value: 151.228
metric: average_robot_travel_distance; value: 567.139
metric: sd_robot_travel_distance; value: 262.138
metric: max_robot_travel_distance; value: 791.602
metric: min_robot_travel_distance; value: 279.043
metric: sum_robot_travel_distance; value: 1701.42
metric: average_completed_tasks_by_robot; value: 0
metric: sd_completed_tasks_by_robot; value: 0
metric: max_completed_tasks_by_robot; value: 0
metric: min_completed_tasks_by_robot; value: 0
metric: final_reward; value: 0.333333
metric: computing_time; value: 15.8881
