info: solver_name; value: greedy
info: reward_function; value: reward00
info: replica; value: 1
info: filename; value: ../logs/prueba/scenario_20t_03_4r_greedy_reward00_001.log
info: scenario_name; value: scenario_20t_03_4r
info: scenario_name; value: scenario_20t_03_4r
info: number_of_tasks; value: 20
info: number_of_robots; value: 4
info: number_of_recharging_stations; value: 1
info: scenario_size; value: (200,200)
event: recharging_station_spawn; timestamp: 0; recharging_station: 1; pos: (0, 0)
event: task_spawn; timestamp: 0; task: 1; pos: (63, -100); earliest_start: 0; latest_start: 540; state: PENDING; required_workers: 1; success_prob: 0.6; max_attempts: 1
event: task_spawn; timestamp: 0; task: 2; pos: (-1, -84); earliest_start: 0; latest_start: 900; state: PENDING; required_workers: 2; success_prob: 0.7; max_attempts: 1
event: task_spawn; timestamp: 0; task: 3; pos: (2, -86); earliest_start: 0; latest_start: 450; state: PENDING; required_workers: 1; success_prob: 0.6; max_attempts: 1
event: task_spawn; timestamp: 0; task: 4; pos: (-25, 58); earliest_start: 0; latest_start: 900; state: PENDING; required_workers: 3; success_prob: 0.8; max_attempts: 1
event: task_spawn; timestamp: 0; task: 5; pos: (43, 29); earliest_start: 0; latest_start: 630; state: PENDING; required_workers: 2; success_prob: 0.7; max_attempts: 1
event: task_spawn; timestamp: 0; task: 6; pos: (58, -53); earliest_start: 0; latest_start: 360; state: PENDING; required_workers: 1; success_prob: 0.6; max_attempts: 1
event: task_spawn; timestamp: 0; task: 7; pos: (-55, -77); earliest_start: 0; latest_start: 1080; state: PENDING; required_workers: 1; success_prob: 0.9; max_attempts: 1
event: task_spawn; timestamp: 0; task: 8; pos: (-1, -74); earliest_start: 0; latest_start: 540; state: PENDING; required_workers: 3; success_prob: 0.9; max_attempts: 1
event: task_spawn; timestamp: 0; task: 9; pos: (-36, 34); earliest_start: 0; latest_start: 720; state: PENDING; required_workers: 1; success_prob: 0.5; max_attempts: 1
event: task_spawn; timestamp: 0; task: 10; pos: (58, -73); earliest_start: 0; latest_start: 1080; state: PENDING; required_workers: 2; success_prob: 0.9; max_attempts: 1
event: task_spawn; timestamp: 0; task: 11; pos: (-45, -42); earliest_start: 0; latest_start: 450; state: PENDING; required_workers: 2; success_prob: 0.7; max_attempts: 1
event: task_spawn; timestamp: 0; task: 12; pos: (52, 9); earliest_start: 0; latest_start: 450; state: PENDING; required_workers: 1; success_prob: 0.7; max_attempts: 1
event: task_spawn; timestamp: 0; task: 13; pos: (-46, 3); earliest_start: 0; latest_start: 900; state: PENDING; required_workers: 1; success_prob: 0.8; max_attempts: 1
event: task_spawn; timestamp: 0; task: 14; pos: (54, -5); earliest_start: 0; latest_start: 360; state: PENDING; required_workers: 1; success_prob: 0.8; max_attempts: 1
event: task_spawn; timestamp: 0; task: 15; pos: (-58, 69); earliest_start: 0; latest_start: 270; state: PENDING; required_workers: 3; success_prob: 0.5; max_attempts: 1
event: task_spawn; timestamp: 0; task: 16; pos: (42, 91); earliest_start: 0; latest_start: 720; state: PENDING; required_workers: 2; success_prob: 0.8; max_attempts: 1
event: task_spawn; timestamp: 0; task: 17; pos: (-26, 57); earliest_start: 0; latest_start: 450; state: PENDING; required_workers: 3; success_prob: 0.5; max_attempts: 1
event: task_spawn; timestamp: 0; task: 18; pos: (52, -23); earliest_start: 0; latest_start: 360; state: PENDING; required_workers: 3; success_prob: 0.8; max_attempts: 1
event: task_spawn; timestamp: 0; task: 19; pos: (-98, 79); earliest_start: 0; latest_start: 900; state: PENDING; required_workers: 3; success_prob: 0.5; max_attempts: 1
event: task_spawn; timestamp: 0; task: 20; pos: (-92, 98); earliest_start: 0; latest_start: 630; state: PENDING; required_workers: 1; success_prob: 0.7; max_attempts: 1
event: robot_spawn; timestamp: 0; robot: 1; pos: (0, 0); state: AVAILABLE; battery_level: 100; battery_capacity: 100; velocity: 5; battery_rate_nav: 0.1
event: robot_spawn; timestamp: 0; robot: 2; pos: (0, 0); state: AVAILABLE; battery_level: 100; battery_capacity: 100; velocity: 5; battery_rate_nav: 0.1
event: robot_spawn; timestamp: 0; robot: 3; pos: (0, 0); state: AVAILABLE; battery_level: 100; battery_capacity: 100; velocity: 5; battery_rate_nav: 0.1
event: robot_spawn; timestamp: 0; robot: 4; pos: (0, 0); state: AVAILABLE; battery_level: 100; battery_capacity: 100; velocity: 5; battery_rate_nav: 0.1
event: battery_consumption; timestamp: 0; robot: 3; time: 9.21954; initial_level: 100; final_level: 99.078
event: navigation; timestamp: 0; robot: 3; time: 9.21954; src: (0, 0); dst: (-46, 3)
event: battery_consumption; timestamp: 0; robot: 1; time: 9.90353; initial_level: 100; final_level: 99.0096
event: navigation; timestamp: 0; robot: 1; time: 9.90353; src: (0, 0); dst: (-36, 34)
event: battery_consumption; timestamp: 0; robot: 2; time: 10.373; initial_level: 100; final_level: 98.9627
event: navigation; timestamp: 0; robot: 2; time: 10.373; src: (0, 0); dst: (43, 29)
event: battery_consumption; timestamp: 0; robot: 4; time: 10.373; initial_level: 100; final_level: 98.9627
event: navigation; timestamp: 0; robot: 4; time: 10.373; src: (0, 0); dst: (43, 29)
event: task_execution; timestamp: 9.90353; task: 9; robot: 1; pos: (-36, 34); time: 0
event: battery_consumption; timestamp: 9.90353; robot: 1; time: 0; initial_level: 99.0096; final_level: 99.0096
event: task_resolution; timestamp: 9.90353; task: 9; pos: (-36, 34); status: COMPLETED; attempt: 1
event: battery_consumption; timestamp: 9.90353; robot: 1; time: 5.01597; initial_level: 99.0096; final_level: 98.508
event: navigation; timestamp: 9.90353; robot: 1; time: 5.01597; src: (-36, 34); dst: (-26, 57)
event: task_execution; timestamp: 9.21954; task: 13; robot: 3; pos: (-46, 3); time: 6.29192
event: battery_consumption; timestamp: 9.21954; robot: 3; time: 6.29192; initial_level: 99.078; final_level: 92.7861
event: task_resolution; timestamp: 15.5115; task: 13; pos: (-46, 3); status: COMPLETED; attempt: 1
event: battery_consumption; timestamp: 15.5115; robot: 3; time: 9.00222; initial_level: 92.7861; final_level: 91.8859
event: navigation; timestamp: 15.5115; robot: 3; time: 9.00222; src: (-46, 3); dst: (-45, -42)
event: task_execution; timestamp: 10.373; task: 5; robot: 2; pos: (43, 29); time: 74.1238
event: battery_consumption; timestamp: 10.373; robot: 2; time: 74.1238; initial_level: 98.9627; final_level: 24.8389
event: task_execution; timestamp: 10.373; task: 5; robot: 4; pos: (43, 29); time: 74.1238
event: battery_consumption; timestamp: 10.373; robot: 4; time: 74.1238; initial_level: 98.9627; final_level: 24.8389
event: task_resolution; timestamp: 84.4968; task: 5; pos: (43, 29); status: COMPLETED; attempt: 1
event: battery_consumption; timestamp: 84.4968; robot: 4; time: 4.38634; initial_level: 24.8389; final_level: 24.4003
event: navigation; timestamp: 84.4968; robot: 4; time: 4.38634; src: (43, 29); dst: (52, 9)
event: battery_consumption; timestamp: 84.4968; robot: 2; time: 7.14703; initial_level: 24.8389; final_level: 24.1242
event: navigation; timestamp: 84.4968; robot: 2; time: 7.14703; src: (43, 29); dst: (54, -5)
event: task_execution; timestamp: 88.8832; task: 12; robot: 4; pos: (52, 9); time: 0
event: battery_consumption; timestamp: 88.8832; robot: 4; time: 0; initial_level: 24.4003; final_level: 24.4003
event: task_resolution; timestamp: 88.8832; task: 12; pos: (52, 9); status: COMPLETED; attempt: 1
event: battery_consumption; timestamp: 88.8832; robot: 4; time: 6.4; initial_level: 24.4003; final_level: 23.7603
event: navigation; timestamp: 88.8832; robot: 4; time: 6.4; src: (52, 9); dst: (52, -23)
event: task_execution; timestamp: 91.6438; task: 14; robot: 2; pos: (54, -5); time: 24.1242
event: battery_consumption; timestamp: 91.6438; robot: 2; time: 24.1242; initial_level: 24.1242; final_level: 14.1242
event: task_resolution; timestamp: 115.768; task: 14; pos: (54, -5); status: FAILED; attempt: 1
event: battery_consumption; timestamp: 115.768; robot: 2; time: 3.62215; initial_level: 14.1242; final_level: 13.762
event: navigation; timestamp: 115.768; robot: 2; time: 3.62215; src: (54, -5); dst: (52, -23)
event: battery_consumption; timestamp: 360; robot: 4; time: 10.0717; initial_level: 23.7603; final_level: 22.7531
event: navigation; timestamp: 360; robot: 4; time: 10.0717; src: (52, -23); dst: (58, -73)
event: battery_consumption; timestamp: 360; robot: 2; time: 10.0717; initial_level: 13.762; final_level: 12.7548
event: navigation; timestamp: 360; robot: 2; time: 10.0717; src: (52, -23); dst: (58, -73)
event: task_execution; timestamp: 370.072; task: 10; robot: 2; pos: (58, -73); time: 12.7548
event: battery_consumption; timestamp: 370.072; robot: 2; time: 12.7548; initial_level: 12.7548; final_level: 2.75483
event: task_execution; timestamp: 370.072; task: 10; robot: 4; pos: (58, -73); time: 12.7548
event: battery_consumption; timestamp: 370.072; robot: 4; time: 12.7548; initial_level: 22.7531; final_level: 12.7531
event: task_resolution; timestamp: 382.827; task: 10; pos: (58, -73); status: FAILED; attempt: 1
event: battery_consumption; timestamp: 382.827; robot: 2; time: 5.49181; initial_level: 2.75483; final_level: 2.20564
event: navigation; timestamp: 382.827; robot: 2; time: 5.49181; src: (58, -73); dst: (63, -100)
event: battery_consumption; timestamp: 382.827; robot: 4; time: 11.4978; initial_level: 12.7531; final_level: 11.6033
event: navigation; timestamp: 382.827; robot: 4; time: 11.4978; src: (58, -73); dst: (2, -86)
event: task_execution; timestamp: 388.318; task: 1; robot: 2; pos: (63, -100); time: 2.20564
event: battery_consumption; timestamp: 388.318; robot: 2; time: 2.20564; initial_level: 2.20564; final_level: -7.79436
event: robot_failed; timestamp: 390.524; robot: 2; pos: (63, -100)
event: task_resolution; timestamp: 390.524; task: 1; pos: (63, -100); status: FAILED; attempt: 1
event: task_execution; timestamp: 394.324; task: 3; robot: 4; pos: (2, -86); time: 0
event: battery_consumption; timestamp: 394.324; robot: 4; time: 0; initial_level: 11.6033; final_level: 1.60333
event: task_resolution; timestamp: 394.324; task: 3; pos: (2, -86); status: FAILED; attempt: 1
event: battery_consumption; timestamp: 394.324; robot: 4; time: 0.72111; initial_level: 1.60333; final_level: 1.53122
event: navigation; timestamp: 394.324; robot: 4; time: 0.72111; src: (2, -86); dst: (-1, -84)
event: battery_consumption; timestamp: 450; robot: 1; time: 0.282843; initial_level: 98.508; final_level: 98.4798
event: navigation; timestamp: 450; robot: 1; time: 0.282843; src: (-26, 57); dst: (-25, 58)
event: battery_consumption; timestamp: 450; robot: 3; time: 7.28011; initial_level: 91.8859; final_level: 91.1579
event: navigation; timestamp: 450; robot: 3; time: 7.28011; src: (-45, -42); dst: (-55, -77)
event: task_execution; timestamp: 457.28; task: 7; robot: 3; pos: (-55, -77); time: 12.4499
event: battery_consumption; timestamp: 457.28; robot: 3; time: 12.4499; initial_level: 91.1579; final_level: 78.708
event: task_resolution; timestamp: 469.73; task: 7; pos: (-55, -77); status: COMPLETED; attempt: 1
event: battery_consumption; timestamp: 469.73; robot: 3; time: 10.8167; initial_level: 78.708; final_level: 77.6263
event: navigation; timestamp: 469.73; robot: 3; time: 10.8167; src: (-55, -77); dst: (-1, -74)
event: battery_consumption; timestamp: 540; robot: 3; time: 2; initial_level: 77.6263; final_level: 77.4263
event: navigation; timestamp: 540; robot: 3; time: 2; src: (-1, -74); dst: (-1, -84)
event: task_execution; timestamp: 542; task: 2; robot: 3; pos: (-1, -84); time: 1.53122
event: battery_consumption; timestamp: 542; robot: 3; time: 1.53122; initial_level: 77.4263; final_level: 67.4263
event: task_execution; timestamp: 542; task: 2; robot: 4; pos: (-1, -84); time: 1.53122
event: battery_consumption; timestamp: 542; robot: 4; time: 1.53122; initial_level: 1.53122; final_level: -8.46878
event: robot_failed; timestamp: 543.531; robot: 4; pos: (-1, -84)
event: task_resolution; timestamp: 543.531; task: 2; pos: (-1, -84); status: FAILED; attempt: 1
event: battery_consumption; timestamp: 543.531; robot: 3; time: 28.8028; initial_level: 67.4263; final_level: 64.5461
event: navigation; timestamp: 543.531; robot: 3; time: 28.8028; src: (-1, -84); dst: (-25, 58)
event: battery_consumption; timestamp: 900; robot: 3; time: 12.6317; initial_level: 64.5461; final_level: 63.2829
event: navigation; timestamp: 900; robot: 3; time: 12.6317; src: (-25, 58); dst: (0, 0)
event: robot_finished; timestamp: 912.632; robot: 3; pos: (0, 0); battery: 63.2829
event: battery_consumption; timestamp: 900; robot: 1; time: 12.6317; initial_level: 98.4798; final_level: 97.2166
event: navigation; timestamp: 900; robot: 1; time: 12.6317; src: (-25, 58); dst: (0, 0)
event: robot_finished; timestamp: 912.632; robot: 1; pos: (0, 0); battery: 97.2166
metric: available_agents; value: 0
metric: failed_agents; value: 2
metric: finished_agents; value: 2
metric: completed_tasks; value: 5
metric: pending_tasks; value: 0
metric: failed_tasks; value: 15
metric: average_robot_makespan; value: 689.83
metric: sd_robot_makespan; value: 264.744
metric: max_robot_makespan; value: 912.632
metric: min_robot_makespan; value: 390.524
metric: average_robot_travel_distance; value: 234.679
metric: sd_robot_travel_distance; value: 113.968
metric: max_robot_travel_distance; value: 398.765
metric: min_robot_travel_distance; value: 139.17
metric: sum_robot_travel_distance; value: 938.715
metric: average_completed_tasks_by_robot; value: 0
metric: sd_completed_tasks_by_robot; value: 0
metric: max_completed_tasks_by_robot; value: 0
metric: min_completed_tasks_by_robot; value: 0
metric: final_reward; value: 0.25
metric: computing_time; value: 0.000905818
