info: solver_name; value: greedy
info: reward_function; value: reward00
info: replica; value: 14
info: filename; value: ../logs/prueba/scenario_12_06_01_greedy_reward00_014.log
info: scenario_name; value: scenario_12_06_01
info: scenario_name; value: scenario_12_06_01
info: number_of_tasks; value: 12
info: number_of_robots; value: 6
info: number_of_recharging_stations; value: 1
info: scenario_size; value: (200,200)
event: recharging_station_spawn; timestamp: 0; recharging_station: 1; pos: (0, 0)
event: task_spawn; timestamp: 0; task: 1; pos: (-70.0709, -68.0831); earliest_start: 0; latest_start: 1080; state: PENDING; required_workers: 3; success_prob: 0.8; max_attempts: 1
event: task_spawn; timestamp: 0; task: 2; pos: (-17.4248, -96.1114); earliest_start: 0; latest_start: 810; state: PENDING; required_workers: 3; success_prob: 0.8; max_attempts: 1
event: task_spawn; timestamp: 0; task: 3; pos: (-29.5006, -24.1376); earliest_start: 0; latest_start: 1080; state: PENDING; required_workers: 2; success_prob: 0.8; max_attempts: 1
event: task_spawn; timestamp: 0; task: 4; pos: (6.58351, -36.5381); earliest_start: 0; latest_start: 540; state: PENDING; required_workers: 1; success_prob: 0.8; max_attempts: 1
event: task_spawn; timestamp: 0; task: 5; pos: (-46.7684, -52.5449); earliest_start: 0; latest_start: 540; state: PENDING; required_workers: 3; success_prob: 0.8; max_attempts: 1
event: task_spawn; timestamp: 0; task: 6; pos: (-87.1468, -93.4297); earliest_start: 0; latest_start: 810; state: PENDING; required_workers: 2; success_prob: 0.8; max_attempts: 1
event: task_spawn; timestamp: 0; task: 7; pos: (-74.758, -54.3258); earliest_start: 0; latest_start: 540; state: PENDING; required_workers: 2; success_prob: 0.8; max_attempts: 1
event: task_spawn; timestamp: 0; task: 8; pos: (-1.29451, 32.4663); earliest_start: 0; latest_start: 540; state: PENDING; required_workers: 2; success_prob: 0.8; max_attempts: 1
event: task_spawn; timestamp: 0; task: 9; pos: (60.5478, -15.9338); earliest_start: 0; latest_start: 1080; state: PENDING; required_workers: 1; success_prob: 0.8; max_attempts: 1
event: task_spawn; timestamp: 0; task: 10; pos: (56.8755, 43.1394); earliest_start: 0; latest_start: 810; state: PENDING; required_workers: 2; success_prob: 0.8; max_attempts: 1
event: task_spawn; timestamp: 0; task: 11; pos: (-24.173, 41.1999); earliest_start: 0; latest_start: 540; state: PENDING; required_workers: 2; success_prob: 0.8; max_attempts: 1
event: task_spawn; timestamp: 0; task: 12; pos: (72.2993, -29.315); earliest_start: 0; latest_start: 1080; state: PENDING; required_workers: 1; success_prob: 0.8; max_attempts: 1
event: robot_spawn; timestamp: 0; robot: 1; pos: (0, 0); state: AVAILABLE; battery_level: 100; battery_capacity: 100; velocity: 5; battery_rate_nav: 0.1
event: robot_spawn; timestamp: 0; robot: 2; pos: (0, 0); state: AVAILABLE; battery_level: 100; battery_capacity: 100; velocity: 5; battery_rate_nav: 0.1
event: robot_spawn; timestamp: 0; robot: 3; pos: (0, 0); state: AVAILABLE; battery_level: 100; battery_capacity: 100; velocity: 5; battery_rate_nav: 0.1
event: robot_spawn; timestamp: 0; robot: 4; pos: (0, 0); state: AVAILABLE; battery_level: 100; battery_capacity: 100; velocity: 5; battery_rate_nav: 0.1
event: robot_spawn; timestamp: 0; robot: 5; pos: (0, 0); state: AVAILABLE; battery_level: 100; battery_capacity: 100; velocity: 5; battery_rate_nav: 0.1
event: robot_spawn; timestamp: 0; robot: 6; pos: (0, 0); state: AVAILABLE; battery_level: 100; battery_capacity: 100; velocity: 5; battery_rate_nav: 0.1
event: battery_consumption; timestamp: 0; robot: 4; time: 6.49842; initial_level: 100; final_level: 99.3502
event: navigation; timestamp: 0; robot: 4; time: 6.49842; src: (0, 0); dst: (-1.29451, 32.4663)
event: battery_consumption; timestamp: 0; robot: 6; time: 6.49842; initial_level: 100; final_level: 99.3502
event: navigation; timestamp: 0; robot: 6; time: 6.49842; src: (0, 0); dst: (-1.29451, 32.4663)
event: battery_consumption; timestamp: 0; robot: 5; time: 7.4253; initial_level: 100; final_level: 99.2575
event: navigation; timestamp: 0; robot: 5; time: 7.4253; src: (0, 0); dst: (6.58351, -36.5381)
event: battery_consumption; timestamp: 0; robot: 2; time: 7.62341; initial_level: 100; final_level: 99.2377
event: navigation; timestamp: 0; robot: 2; time: 7.62341; src: (0, 0); dst: (-29.5006, -24.1376)
event: battery_consumption; timestamp: 0; robot: 1; time: 7.62341; initial_level: 100; final_level: 99.2377
event: navigation; timestamp: 0; robot: 1; time: 7.62341; src: (0, 0); dst: (-29.5006, -24.1376)
event: battery_consumption; timestamp: 0; robot: 3; time: 9.55357; initial_level: 100; final_level: 99.0446
event: navigation; timestamp: 0; robot: 3; time: 9.55357; src: (0, 0); dst: (-24.173, 41.1999)
event: task_execution; timestamp: 7.4253; task: 4; robot: 5; pos: (6.58351, -36.5381); time: 0
event: battery_consumption; timestamp: 7.4253; robot: 5; time: 0; initial_level: 99.2575; final_level: 99.2575
event: task_resolution; timestamp: 7.4253; task: 4; pos: (6.58351, -36.5381); status: COMPLETED; attempt: 1
event: battery_consumption; timestamp: 7.4253; robot: 5; time: 11.1403; initial_level: 99.2575; final_level: 98.1434
event: navigation; timestamp: 7.4253; robot: 5; time: 11.1403; src: (6.58351, -36.5381); dst: (-46.7684, -52.5449)
event: task_execution; timestamp: 7.62341; task: 3; robot: 1; pos: (-29.5006, -24.1376); time: 0
event: battery_consumption; timestamp: 7.62341; robot: 1; time: 0; initial_level: 99.2377; final_level: 89.2377
event: task_execution; timestamp: 7.62341; task: 3; robot: 2; pos: (-29.5006, -24.1376); time: 0
event: battery_consumption; timestamp: 7.62341; robot: 2; time: 0; initial_level: 99.2377; final_level: 89.2377
event: task_resolution; timestamp: 7.62341; task: 3; pos: (-29.5006, -24.1376); status: FAILED; attempt: 1
event: battery_consumption; timestamp: 7.62341; robot: 2; time: 6.64876; initial_level: 89.2377; final_level: 88.5728
event: navigation; timestamp: 7.62341; robot: 2; time: 6.64876; src: (-29.5006, -24.1376); dst: (-46.7684, -52.5449)
event: battery_consumption; timestamp: 7.62341; robot: 1; time: 6.64876; initial_level: 89.2377; final_level: 88.5728
event: navigation; timestamp: 7.62341; robot: 1; time: 6.64876; src: (-29.5006, -24.1376); dst: (-46.7684, -52.5449)
event: task_execution; timestamp: 6.49842; task: 8; robot: 4; pos: (-1.29451, 32.4663); time: 12.5556
event: battery_consumption; timestamp: 6.49842; robot: 4; time: 12.5556; initial_level: 99.3502; final_level: 86.7945
event: task_execution; timestamp: 6.49842; task: 8; robot: 6; pos: (-1.29451, 32.4663); time: 12.5556
event: battery_consumption; timestamp: 6.49842; robot: 6; time: 12.5556; initial_level: 99.3502; final_level: 86.7945
event: task_resolution; timestamp: 19.0541; task: 8; pos: (-1.29451, 32.4663); status: COMPLETED; attempt: 1
event: battery_consumption; timestamp: 19.0541; robot: 4; time: 4.89776; initial_level: 86.7945; final_level: 86.3047
event: navigation; timestamp: 19.0541; robot: 4; time: 4.89776; src: (-1.29451, 32.4663); dst: (-24.173, 41.1999)
event: battery_consumption; timestamp: 19.0541; robot: 6; time: 11.8282; initial_level: 86.7945; final_level: 85.6117
event: navigation; timestamp: 19.0541; robot: 6; time: 11.8282; src: (-1.29451, 32.4663); dst: (56.8755, 43.1394)
event: task_execution; timestamp: 23.9518; task: 11; robot: 3; pos: (-24.173, 41.1999); time: 0
event: battery_consumption; timestamp: 23.9518; robot: 3; time: 0; initial_level: 99.0446; final_level: 99.0446
event: task_execution; timestamp: 23.9518; task: 11; robot: 4; pos: (-24.173, 41.1999); time: 0
event: battery_consumption; timestamp: 23.9518; robot: 4; time: 0; initial_level: 86.3047; final_level: 86.3047
event: task_resolution; timestamp: 23.9518; task: 11; pos: (-24.173, 41.1999); status: COMPLETED; attempt: 1
event: battery_consumption; timestamp: 23.9518; robot: 3; time: 16.2143; initial_level: 99.0446; final_level: 97.4232
event: navigation; timestamp: 23.9518; robot: 3; time: 16.2143; src: (-24.173, 41.1999); dst: (56.8755, 43.1394)
event: battery_consumption; timestamp: 23.9518; robot: 4; time: 20.4371; initial_level: 86.3047; final_level: 84.261
event: navigation; timestamp: 23.9518; robot: 4; time: 20.4371; src: (-24.173, 41.1999); dst: (60.5478, -15.9338)
event: task_execution; timestamp: 18.5656; task: 5; robot: 1; pos: (-46.7684, -52.5449); time: 37.2299
event: battery_consumption; timestamp: 18.5656; robot: 1; time: 37.2299; initial_level: 88.5728; final_level: 51.3428
event: task_execution; timestamp: 18.5656; task: 5; robot: 2; pos: (-46.7684, -52.5449); time: 37.2299
event: battery_consumption; timestamp: 18.5656; robot: 2; time: 37.2299; initial_level: 88.5728; final_level: 51.3428
event: task_execution; timestamp: 18.5656; task: 5; robot: 5; pos: (-46.7684, -52.5449); time: 37.2299
event: battery_consumption; timestamp: 18.5656; robot: 5; time: 37.2299; initial_level: 98.1434; final_level: 60.9135
event: task_resolution; timestamp: 55.7955; task: 5; pos: (-46.7684, -52.5449); status: COMPLETED; attempt: 1
event: battery_consumption; timestamp: 55.7955; robot: 1; time: 5.60158; initial_level: 51.3428; final_level: 50.7827
event: navigation; timestamp: 55.7955; robot: 1; time: 5.60158; src: (-46.7684, -52.5449); dst: (-70.0709, -68.0831)
event: battery_consumption; timestamp: 55.7955; robot: 2; time: 5.60158; initial_level: 51.3428; final_level: 50.7827
event: navigation; timestamp: 55.7955; robot: 2; time: 5.60158; src: (-46.7684, -52.5449); dst: (-70.0709, -68.0831)
event: battery_consumption; timestamp: 55.7955; robot: 5; time: 5.60158; initial_level: 60.9135; final_level: 60.3533
event: navigation; timestamp: 55.7955; robot: 5; time: 5.60158; src: (-46.7684, -52.5449); dst: (-70.0709, -68.0831)
event: task_execution; timestamp: 61.3971; task: 1; robot: 1; pos: (-70.0709, -68.0831); time: 0
event: battery_consumption; timestamp: 61.3971; robot: 1; time: 0; initial_level: 50.7827; final_level: 40.7827
event: task_execution; timestamp: 61.3971; task: 1; robot: 2; pos: (-70.0709, -68.0831); time: 0
event: battery_consumption; timestamp: 61.3971; robot: 2; time: 0; initial_level: 50.7827; final_level: 40.7827
event: task_execution; timestamp: 61.3971; task: 1; robot: 5; pos: (-70.0709, -68.0831); time: 0
event: battery_consumption; timestamp: 61.3971; robot: 5; time: 0; initial_level: 60.3533; final_level: 50.3533
event: task_resolution; timestamp: 61.3971; task: 1; pos: (-70.0709, -68.0831); status: FAILED; attempt: 1
event: battery_consumption; timestamp: 61.3971; robot: 5; time: 2.90677; initial_level: 50.3533; final_level: 50.0627
event: navigation; timestamp: 61.3971; robot: 5; time: 2.90677; src: (-70.0709, -68.0831); dst: (-74.758, -54.3258)
event: battery_consumption; timestamp: 61.3971; robot: 2; time: 2.90677; initial_level: 40.7827; final_level: 40.492
event: navigation; timestamp: 61.3971; robot: 2; time: 2.90677; src: (-70.0709, -68.0831); dst: (-74.758, -54.3258)
event: battery_consumption; timestamp: 61.3971; robot: 1; time: 6.1124; initial_level: 40.7827; final_level: 40.1714
event: navigation; timestamp: 61.3971; robot: 1; time: 6.1124; src: (-70.0709, -68.0831); dst: (-87.1468, -93.4297)
event: task_execution; timestamp: 64.3039; task: 7; robot: 2; pos: (-74.758, -54.3258); time: 0
event: battery_consumption; timestamp: 64.3039; robot: 2; time: 0; initial_level: 40.492; final_level: 30.492
event: task_execution; timestamp: 64.3039; task: 7; robot: 5; pos: (-74.758, -54.3258); time: 0
event: battery_consumption; timestamp: 64.3039; robot: 5; time: 0; initial_level: 50.0627; final_level: 40.0627
event: task_resolution; timestamp: 64.3039; task: 7; pos: (-74.758, -54.3258); status: FAILED; attempt: 1
event: battery_consumption; timestamp: 64.3039; robot: 5; time: 8.2039; initial_level: 40.0627; final_level: 39.2423
event: navigation; timestamp: 64.3039; robot: 5; time: 8.2039; src: (-74.758, -54.3258); dst: (-87.1468, -93.4297)
event: battery_consumption; timestamp: 64.3039; robot: 2; time: 14.1889; initial_level: 30.492; final_level: 29.0731
event: navigation; timestamp: 64.3039; robot: 2; time: 14.1889; src: (-74.758, -54.3258); dst: (-17.4248, -96.1114)
event: task_execution; timestamp: 72.5078; task: 6; robot: 1; pos: (-87.1468, -93.4297); time: 17.4466
event: battery_consumption; timestamp: 72.5078; robot: 1; time: 17.4466; initial_level: 40.1714; final_level: 22.7248
event: task_execution; timestamp: 72.5078; task: 6; robot: 5; pos: (-87.1468, -93.4297); time: 17.4466
event: battery_consumption; timestamp: 72.5078; robot: 5; time: 17.4466; initial_level: 39.2423; final_level: 21.7957
event: task_resolution; timestamp: 89.9544; task: 6; pos: (-87.1468, -93.4297); status: COMPLETED; attempt: 1
event: battery_consumption; timestamp: 89.9544; robot: 5; time: 13.9547; initial_level: 21.7957; final_level: 20.4002
event: navigation; timestamp: 89.9544; robot: 5; time: 13.9547; src: (-87.1468, -93.4297); dst: (-17.4248, -96.1114)
event: battery_consumption; timestamp: 89.9544; robot: 1; time: 13.9547; initial_level: 22.7248; final_level: 21.3294
event: navigation; timestamp: 89.9544; robot: 1; time: 13.9547; src: (-87.1468, -93.4297); dst: (-17.4248, -96.1114)
event: task_execution; timestamp: 103.909; task: 2; robot: 1; pos: (-17.4248, -96.1114); time: 0
event: battery_consumption; timestamp: 103.909; robot: 1; time: 0; initial_level: 21.3294; final_level: 21.3294
event: task_execution; timestamp: 103.909; task: 2; robot: 2; pos: (-17.4248, -96.1114); time: 0
event: battery_consumption; timestamp: 103.909; robot: 2; time: 0; initial_level: 29.0731; final_level: 29.0731
event: task_execution; timestamp: 103.909; task: 2; robot: 5; pos: (-17.4248, -96.1114); time: 0
event: battery_consumption; timestamp: 103.909; robot: 5; time: 0; initial_level: 20.4002; final_level: 20.4002
event: task_resolution; timestamp: 103.909; task: 2; pos: (-17.4248, -96.1114); status: COMPLETED; attempt: 1
event: battery_consumption; timestamp: 103.909; robot: 2; time: 22.3716; initial_level: 29.0731; final_level: 26.836
event: navigation; timestamp: 103.909; robot: 2; time: 22.3716; src: (-17.4248, -96.1114); dst: (72.2993, -29.315)
event: battery_consumption; timestamp: 103.909; robot: 1; time: 19.5356; initial_level: 21.3294; final_level: 19.3758
event: navigation; timestamp: 103.909; robot: 1; time: 19.5356; src: (-17.4248, -96.1114); dst: (0, 0)
event: robot_finished; timestamp: 123.445; robot: 1; pos: (0, 0); battery: 19.3758
event: battery_consumption; timestamp: 103.909; robot: 5; time: 19.5356; initial_level: 20.4002; final_level: 18.4466
event: navigation; timestamp: 103.909; robot: 5; time: 19.5356; src: (-17.4248, -96.1114); dst: (0, 0)
event: robot_finished; timestamp: 123.445; robot: 5; pos: (0, 0); battery: 18.4466
event: task_execution; timestamp: 40.1662; task: 10; robot: 3; pos: (56.8755, 43.1394); time: 85.6117
event: battery_consumption; timestamp: 40.1662; robot: 3; time: 85.6117; initial_level: 97.4232; final_level: 87.4232
event: task_execution; timestamp: 40.1662; task: 10; robot: 6; pos: (56.8755, 43.1394); time: 85.6117
event: battery_consumption; timestamp: 40.1662; robot: 6; time: 85.6117; initial_level: 85.6117; final_level: 75.6117
event: task_resolution; timestamp: 125.778; task: 10; pos: (56.8755, 43.1394); status: FAILED; attempt: 1
event: battery_consumption; timestamp: 125.778; robot: 6; time: 14.277; initial_level: 75.6117; final_level: 74.184
event: navigation; timestamp: 125.778; robot: 6; time: 14.277; src: (56.8755, 43.1394); dst: (0, 0)
event: robot_finished; timestamp: 140.055; robot: 6; pos: (0, 0); battery: 74.184
event: battery_consumption; timestamp: 125.778; robot: 3; time: 14.277; initial_level: 87.4232; final_level: 85.9955
event: navigation; timestamp: 125.778; robot: 3; time: 14.277; src: (56.8755, 43.1394); dst: (0, 0)
event: robot_finished; timestamp: 140.055; robot: 3; pos: (0, 0); battery: 85.9955
event: task_execution; timestamp: 126.281; task: 12; robot: 2; pos: (72.2993, -29.315); time: 0
event: battery_consumption; timestamp: 126.281; robot: 2; time: 0; initial_level: 26.836; final_level: 26.836
event: task_resolution; timestamp: 126.281; task: 12; pos: (72.2993, -29.315); status: COMPLETED; attempt: 1
event: battery_consumption; timestamp: 126.281; robot: 2; time: 15.6033; initial_level: 26.836; final_level: 25.2756
event: navigation; timestamp: 126.281; robot: 2; time: 15.6033; src: (72.2993, -29.315); dst: (0, 0)
event: robot_finished; timestamp: 141.884; robot: 2; pos: (0, 0); battery: 25.2756
event: task_execution; timestamp: 44.3889; task: 9; robot: 4; pos: (60.5478, -15.9338); time: 84.261
event: battery_consumption; timestamp: 44.3889; robot: 4; time: 84.261; initial_level: 84.261; final_level: 74.261
event: task_resolution; timestamp: 128.65; task: 9; pos: (60.5478, -15.9338); status: FAILED; attempt: 1
event: battery_consumption; timestamp: 128.65; robot: 4; time: 12.5219; initial_level: 74.261; final_level: 73.0088
event: navigation; timestamp: 128.65; robot: 4; time: 12.5219; src: (60.5478, -15.9338); dst: (0, 0)
event: robot_finished; timestamp: 141.172; robot: 4; pos: (0, 0); battery: 73.0088
metric: available_agents; value: 0
metric: failed_agents; value: 0
metric: finished_agents; value: 6
metric: completed_tasks; value: 7
metric: pending_tasks; value: 0
metric: failed_tasks; value: 5
metric: average_robot_makespan; value: 135.009
metric: sd_robot_makespan; value: 8.98479
metric: max_robot_makespan; value: 141.884
metric: min_robot_makespan; value: 123.445
metric: average_robot_travel_distance; value: 266.827
metric: sd_robot_travel_distance; value: 84.555
metric: max_robot_travel_distance; value: 374.721
metric: min_robot_travel_distance; value: 163.018
metric: sum_robot_travel_distance; value: 1600.96
metric: average_completed_tasks_by_robot; value: 0
metric: sd_completed_tasks_by_robot; value: 0
metric: max_completed_tasks_by_robot; value: 0
metric: min_completed_tasks_by_robot; value: 0
metric: final_reward; value: 0.583333
metric: computing_time; value: 0.0029087
