info: solver_name; value: dec-mcts-v2
info: reward_function; value: reward00
info: replica; value: 1
info: filename; value: ../logs/prueba/scenario_10t_05_4r_dec-mcts-v2_reward00_001.log
info: scenario_name; value: scenario_10t_05_4r
info: scenario_name; value: scenario_10t_05_4r
info: number_of_tasks; value: 10
info: number_of_robots; value: 4
info: number_of_recharging_stations; value: 1
info: scenario_size; value: (200,200)
event: recharging_station_spawn; timestamp: 0; recharging_station: 1; pos: (0, 0)
event: task_spawn; timestamp: 0; task: 1; pos: (73, -33); earliest_start: 0; latest_start: 630; state: PENDING; required_workers: 3; success_prob: 0.7; max_attempts: 1
event: task_spawn; timestamp: 0; task: 2; pos: (55, -32); earliest_start: 0; latest_start: 270; state: PENDING; required_workers: 3; success_prob: 0.6; max_attempts: 1
event: task_spawn; timestamp: 0; task: 3; pos: (-51, 63); earliest_start: 0; latest_start: 900; state: PENDING; required_workers: 3; success_prob: 0.7; max_attempts: 1
event: task_spawn; timestamp: 0; task: 4; pos: (-87, 67); earliest_start: 0; latest_start: 360; state: PENDING; required_workers: 2; success_prob: 0.8; max_attempts: 1
event: task_spawn; timestamp: 0; task: 5; pos: (2, 42); earliest_start: 0; latest_start: 810; state: PENDING; required_workers: 2; success_prob: 0.9; max_attempts: 1
event: task_spawn; timestamp: 0; task: 6; pos: (49, 10); earliest_start: 0; latest_start: 270; state: PENDING; required_workers: 2; success_prob: 0.9; max_attempts: 1
event: task_spawn; timestamp: 0; task: 7; pos: (83, 98); earliest_start: 0; latest_start: 360; state: PENDING; required_workers: 3; success_prob: 0.8; max_attempts: 1
event: task_spawn; timestamp: 0; task: 8; pos: (-28, 43); earliest_start: 0; latest_start: 810; state: PENDING; required_workers: 2; success_prob: 0.7; max_attempts: 1
event: task_spawn; timestamp: 0; task: 9; pos: (-32, 70); earliest_start: 0; latest_start: 360; state: PENDING; required_workers: 2; success_prob: 0.6; max_attempts: 1
event: task_spawn; timestamp: 0; task: 10; pos: (-19, -50); earliest_start: 0; latest_start: 720; state: PENDING; required_workers: 3; success_prob: 0.9; max_attempts: 1
event: robot_spawn; timestamp: 0; robot: 1; pos: (0, 0); state: AVAILABLE; battery_level: 100; battery_capacity: 100; velocity: 5; battery_rate_nav: 0.1
event: robot_spawn; timestamp: 0; robot: 2; pos: (0, 0); state: AVAILABLE; battery_level: 100; battery_capacity: 100; velocity: 5; battery_rate_nav: 0.1
event: robot_spawn; timestamp: 0; robot: 3; pos: (0, 0); state: AVAILABLE; battery_level: 100; battery_capacity: 100; velocity: 5; battery_rate_nav: 0.1
event: robot_spawn; timestamp: 0; robot: 4; pos: (0, 0); state: AVAILABLE; battery_level: 100; battery_capacity: 100; velocity: 5; battery_rate_nav: 0.1
event: battery_consumption; timestamp: 0; robot: 1; time: 10.002; initial_level: 100; final_level: 98.9998
event: navigation; timestamp: 0; robot: 1; time: 10.002; src: (0, 0); dst: (49, 10)
event: battery_consumption; timestamp: 0; robot: 4; time: 21.9618; initial_level: 100; final_level: 97.8038
event: navigation; timestamp: 0; robot: 4; time: 21.9618; src: (0, 0); dst: (-87, 67)
event: battery_consumption; timestamp: 0; robot: 2; time: 21.9618; initial_level: 100; final_level: 97.8038
event: navigation; timestamp: 0; robot: 2; time: 21.9618; src: (0, 0); dst: (-87, 67)
event: battery_consumption; timestamp: 0; robot: 3; time: 10.002; initial_level: 100; final_level: 98.9998
event: navigation; timestamp: 0; robot: 3; time: 10.002; src: (0, 0); dst: (49, 10)
event: task_execution; timestamp: 21.9618; task: 4; robot: 2; pos: (-87, 67); time: 0
event: battery_consumption; timestamp: 21.9618; robot: 2; time: 0; initial_level: 97.8038; final_level: 87.8038
event: task_execution; timestamp: 21.9618; task: 4; robot: 4; pos: (-87, 67); time: 0
event: battery_consumption; timestamp: 21.9618; robot: 4; time: 0; initial_level: 97.8038; final_level: 87.8038
event: task_resolution; timestamp: 21.9618; task: 4; pos: (-87, 67); status: FAILED; attempt: 1
event: battery_consumption; timestamp: 21.9618; robot: 4; time: 7.24431; initial_level: 87.8038; final_level: 87.0794
event: navigation; timestamp: 21.9618; robot: 4; time: 7.24431; src: (-87, 67); dst: (-51, 63)
event: battery_consumption; timestamp: 21.9618; robot: 2; time: 7.24431; initial_level: 87.8038; final_level: 87.0794
event: navigation; timestamp: 21.9618; robot: 2; time: 7.24431; src: (-87, 67); dst: (-51, 63)
event: task_execution; timestamp: 10.002; task: 6; robot: 1; pos: (49, 10); time: 97.2393
event: battery_consumption; timestamp: 10.002; robot: 1; time: 97.2393; initial_level: 98.9998; final_level: 1.76051
event: task_execution; timestamp: 10.002; task: 6; robot: 3; pos: (49, 10); time: 97.2393
event: battery_consumption; timestamp: 10.002; robot: 3; time: 97.2393; initial_level: 98.9998; final_level: 1.76051
event: task_resolution; timestamp: 107.241; task: 6; pos: (49, 10); status: COMPLETED; attempt: 1
event: battery_consumption; timestamp: 107.241; robot: 3; time: 22.6354; initial_level: 1.76051; final_level: 0
event: navigation; timestamp: 107.241; robot: 3; time: 22.6354; src: (49, 10); dst: (-51, 63)
event: battery_consumption; timestamp: 108.241; robot: 1; time: 20.1604; initial_level: 1.76051; final_level: 0
event: navigation; timestamp: 108.241; robot: 1; time: 20.1604; src: (49, 10); dst: (-32, 70)
event: task_execution; timestamp: 129.877; task: 3; robot: 2; pos: (-51, 63); time: 0
event: battery_consumption; timestamp: 129.877; robot: 2; time: 0; initial_level: 87.0794; final_level: 77.0794
event: task_execution; timestamp: 129.877; task: 3; robot: 3; pos: (-51, 63); time: 0
event: battery_consumption; timestamp: 129.877; robot: 3; time: 0; initial_level: 0; final_level: -10
event: robot_failed; timestamp: 129.877; robot: 3; pos: (-51, 63)
event: task_execution; timestamp: 129.877; task: 3; robot: 4; pos: (-51, 63); time: 0
event: battery_consumption; timestamp: 129.877; robot: 4; time: 0; initial_level: 87.0794; final_level: 77.0794
event: task_resolution; timestamp: 129.877; task: 3; pos: (-51, 63); status: FAILED; attempt: 1
event: battery_consumption; timestamp: 129.877; robot: 2; time: 6.0959; initial_level: 77.0794; final_level: 76.4698
event: navigation; timestamp: 129.877; robot: 2; time: 6.0959; src: (-51, 63); dst: (-28, 43)
event: battery_consumption; timestamp: 129.877; robot: 4; time: 4.04969; initial_level: 77.0794; final_level: 76.6744
event: navigation; timestamp: 129.877; robot: 4; time: 4.04969; src: (-51, 63); dst: (-32, 70)
event: task_execution; timestamp: 133.926; task: 9; robot: 1; pos: (-32, 70); time: 0
event: battery_consumption; timestamp: 133.926; robot: 1; time: 0; initial_level: 0; final_level: -10
event: robot_failed; timestamp: 133.926; robot: 1; pos: (-32, 70)
event: task_execution; timestamp: 133.926; task: 9; robot: 4; pos: (-32, 70); time: 0
event: battery_consumption; timestamp: 133.926; robot: 4; time: 0; initial_level: 76.6744; final_level: 66.6744
event: task_resolution; timestamp: 133.926; task: 9; pos: (-32, 70); status: FAILED; attempt: 1
event: battery_consumption; timestamp: 133.926; robot: 4; time: 5.45894; initial_level: 66.6744; final_level: 66.1285
event: navigation; timestamp: 133.926; robot: 4; time: 5.45894; src: (-32, 70); dst: (-28, 43)
event: task_execution; timestamp: 139.385; task: 8; robot: 2; pos: (-28, 43); time: 0
event: battery_consumption; timestamp: 139.385; robot: 2; time: 0; initial_level: 76.4698; final_level: 66.4698
event: task_execution; timestamp: 139.385; task: 8; robot: 4; pos: (-28, 43); time: 0
event: battery_consumption; timestamp: 139.385; robot: 4; time: 0; initial_level: 66.1285; final_level: 56.1285
event: task_resolution; timestamp: 139.385; task: 8; pos: (-28, 43); status: FAILED; attempt: 1
event: battery_consumption; timestamp: 139.385; robot: 2; time: 6.00333; initial_level: 66.4698; final_level: 65.8695
event: navigation; timestamp: 139.385; robot: 2; time: 6.00333; src: (-28, 43); dst: (2, 42)
event: battery_consumption; timestamp: 139.385; robot: 4; time: 6.00333; initial_level: 56.1285; final_level: 55.5282
event: navigation; timestamp: 139.385; robot: 4; time: 6.00333; src: (-28, 43); dst: (2, 42)
event: task_execution; timestamp: 145.389; task: 5; robot: 2; pos: (2, 42); time: 55.5282
event: battery_consumption; timestamp: 145.389; robot: 2; time: 55.5282; initial_level: 65.8695; final_level: 55.8695
event: task_execution; timestamp: 145.389; task: 5; robot: 4; pos: (2, 42); time: 55.5282
event: battery_consumption; timestamp: 145.389; robot: 4; time: 55.5282; initial_level: 55.5282; final_level: 45.5282
event: task_resolution; timestamp: 200.917; task: 5; pos: (2, 42); status: FAILED; attempt: 1
event: battery_consumption; timestamp: 200.917; robot: 2; time: 8.40952; initial_level: 55.8695; final_level: 55.0285
event: navigation; timestamp: 200.917; robot: 2; time: 8.40952; src: (2, 42); dst: (0, 0)
event: recharge; timestamp: 209.326; robot: 2; recharging_station: 1; pos: (0, 0); level: 100
event: battery_consumption; timestamp: 200.917; robot: 4; time: 18.2044; initial_level: 45.5282; final_level: 43.7078
event: navigation; timestamp: 200.917; robot: 4; time: 18.2044; src: (2, 42); dst: (55, -32)
event: recharge; timestamp: 209.326; robot: 2; recharging_station: 1; pos: (0, 0); level: 100
event: battery_consumption; timestamp: 209.326; robot: 2; time: 16.0225; initial_level: 100; final_level: 98.3978
event: navigation; timestamp: 209.326; robot: 2; time: 16.0225; src: (0, 0); dst: (73, -33)
event: battery_consumption; timestamp: 270; robot: 4; time: 26.5962; initial_level: 43.7078; final_level: 41.0481
event: navigation; timestamp: 270; robot: 4; time: 26.5962; src: (55, -32); dst: (83, 98)
event: battery_consumption; timestamp: 360; robot: 4; time: 25.685; initial_level: 41.0481; final_level: 38.4796
event: navigation; timestamp: 360; robot: 4; time: 25.685; src: (83, 98); dst: (0, 0)
event: robot_finished; timestamp: 385.685; robot: 4; pos: (0, 0); battery: 38.4796
event: battery_consumption; timestamp: 630; robot: 2; time: 18.7115; initial_level: 98.3978; final_level: 96.5266
event: navigation; timestamp: 630; robot: 2; time: 18.7115; src: (73, -33); dst: (-19, -50)
event: battery_consumption; timestamp: 720; robot: 2; time: 10.6977; initial_level: 96.5266; final_level: 95.4568
event: navigation; timestamp: 720; robot: 2; time: 10.6977; src: (-19, -50); dst: (0, 0)
event: robot_finished; timestamp: 730.698; robot: 2; pos: (0, 0); battery: 95.4568
metric: available_agents; value: 0
metric: failed_agents; value: 2
metric: finished_agents; value: 2
metric: completed_tasks; value: 1
metric: pending_tasks; value: 0
metric: failed_tasks; value: 9
metric: average_robot_makespan; value: 345.046
metric: sd_robot_makespan; value: 283.577
metric: max_robot_makespan; value: 730.698
metric: min_robot_makespan; value: 129.877
metric: average_robot_travel_distance; value: 341.437
metric: sd_robot_travel_distance; value: 216.929
metric: max_robot_travel_distance; value: 576.019
metric: min_robot_travel_distance; value: 150.812
metric: sum_robot_travel_distance; value: 1365.75
metric: average_completed_tasks_by_robot; value: 0
metric: sd_completed_tasks_by_robot; value: 0
metric: max_completed_tasks_by_robot; value: 0
metric: min_completed_tasks_by_robot; value: 0
metric: final_reward; value: 0.1
metric: computing_time; value: 11.6621
