info: solver_name; value: random
info: reward_function; value: reward00
info: replica; value: 1
info: filename; value: ../logs/prueba/scenario_10t_02_5r_random_reward00_001.log
info: scenario_name; value: scenario_10t_02_5r
info: scenario_name; value: scenario_10t_02_5r
info: number_of_tasks; value: 10
info: number_of_robots; value: 5
info: number_of_recharging_stations; value: 1
info: scenario_size; value: (200,200)
event: recharging_station_spawn; timestamp: 0; recharging_station: 1; pos: (0, 0)
event: task_spawn; timestamp: 0; task: 1; pos: (17, 95); earliest_start: 0; latest_start: 270; state: PENDING; required_workers: 3; success_prob: 0.8; max_attempts: 1
event: task_spawn; timestamp: 0; task: 2; pos: (-29, 13); earliest_start: 0; latest_start: 540; state: PENDING; required_workers: 3; success_prob: 0.6; max_attempts: 1
event: task_spawn; timestamp: 0; task: 3; pos: (47, -55); earliest_start: 0; latest_start: 1080; state: PENDING; required_workers: 1; success_prob: 0.7; max_attempts: 1
event: task_spawn; timestamp: 0; task: 4; pos: (86, -18); earliest_start: 0; latest_start: 630; state: PENDING; required_workers: 2; success_prob: 0.9; max_attempts: 1
event: task_spawn; timestamp: 0; task: 5; pos: (35, 14); earliest_start: 0; latest_start: 720; state: PENDING; required_workers: 1; success_prob: 0.5; max_attempts: 1
event: task_spawn; timestamp: 0; task: 6; pos: (36, 16); earliest_start: 0; latest_start: 630; state: PENDING; required_workers: 3; success_prob: 0.7; max_attempts: 1
event: task_spawn; timestamp: 0; task: 7; pos: (2, 76); earliest_start: 0; latest_start: 450; state: PENDING; required_workers: 3; success_prob: 0.5; max_attempts: 1
event: task_spawn; timestamp: 0; task: 8; pos: (-82, 93); earliest_start: 0; latest_start: 1080; state: PENDING; required_workers: 3; success_prob: 0.8; max_attempts: 1
event: task_spawn; timestamp: 0; task: 9; pos: (91, 44); earliest_start: 0; latest_start: 1080; state: PENDING; required_workers: 3; success_prob: 0.7; max_attempts: 1
event: task_spawn; timestamp: 0; task: 10; pos: (10, 67); earliest_start: 0; latest_start: 810; state: PENDING; required_workers: 3; success_prob: 0.8; max_attempts: 1
event: robot_spawn; timestamp: 0; robot: 1; pos: (0, 0); state: AVAILABLE; battery_level: 100; battery_capacity: 100; velocity: 5; battery_rate_nav: 0.1
event: robot_spawn; timestamp: 0; robot: 2; pos: (0, 0); state: AVAILABLE; battery_level: 100; battery_capacity: 100; velocity: 5; battery_rate_nav: 0.1
event: robot_spawn; timestamp: 0; robot: 3; pos: (0, 0); state: AVAILABLE; battery_level: 100; battery_capacity: 100; velocity: 5; battery_rate_nav: 0.1
event: robot_spawn; timestamp: 0; robot: 4; pos: (0, 0); state: AVAILABLE; battery_level: 100; battery_capacity: 100; velocity: 5; battery_rate_nav: 0.1
event: robot_spawn; timestamp: 0; robot: 5; pos: (0, 0); state: AVAILABLE; battery_level: 100; battery_capacity: 100; velocity: 5; battery_rate_nav: 0.1
event: battery_consumption; timestamp: 0; robot: 2; time: 7.53923; initial_level: 100; final_level: 99.2461
event: navigation; timestamp: 0; robot: 2; time: 7.53923; src: (0, 0); dst: (35, 14)
event: battery_consumption; timestamp: 0; robot: 3; time: 15.2053; initial_level: 100; final_level: 98.4795
event: navigation; timestamp: 0; robot: 3; time: 15.2053; src: (0, 0); dst: (2, 76)
event: battery_consumption; timestamp: 0; robot: 1; time: 19.3018; initial_level: 100; final_level: 98.0698
event: navigation; timestamp: 0; robot: 1; time: 19.3018; src: (0, 0); dst: (17, 95)
event: battery_consumption; timestamp: 0; robot: 5; time: 17.5727; initial_level: 100; final_level: 98.2427
event: navigation; timestamp: 0; robot: 5; time: 17.5727; src: (0, 0); dst: (86, -18)
event: battery_consumption; timestamp: 0; robot: 4; time: 15.2053; initial_level: 100; final_level: 98.4795
event: navigation; timestamp: 0; robot: 4; time: 15.2053; src: (0, 0); dst: (2, 76)
event: task_execution; timestamp: 7.53923; task: 5; robot: 2; pos: (35, 14); time: 99.2461
event: battery_consumption; timestamp: 7.53923; robot: 2; time: 99.2461; initial_level: 99.2461; final_level: 89.2461
event: task_resolution; timestamp: 106.785; task: 5; pos: (35, 14); status: FAILED; attempt: 1
event: battery_consumption; timestamp: 106.785; robot: 2; time: 11.7201; initial_level: 89.2461; final_level: 88.0741
event: navigation; timestamp: 106.785; robot: 2; time: 11.7201; src: (35, 14); dst: (10, 67)
event: battery_consumption; timestamp: 270; robot: 1; time: 30.5941; initial_level: 98.0698; final_level: 95.0104
event: navigation; timestamp: 270; robot: 1; time: 30.5941; src: (17, 95); dst: (47, -55)
event: task_execution; timestamp: 300.594; task: 3; robot: 1; pos: (47, -55); time: 77.5347
event: battery_consumption; timestamp: 300.594; robot: 1; time: 77.5347; initial_level: 95.0104; final_level: 17.4757
event: task_resolution; timestamp: 378.129; task: 3; pos: (47, -55); status: COMPLETED; attempt: 1
event: battery_consumption; timestamp: 378.129; robot: 1; time: 14.3694; initial_level: 17.4757; final_level: 16.0387
event: navigation; timestamp: 378.129; robot: 1; time: 14.3694; src: (47, -55); dst: (36, 16)
event: battery_consumption; timestamp: 450; robot: 3; time: 14.0428; initial_level: 98.4795; final_level: 97.0752
event: navigation; timestamp: 450; robot: 3; time: 14.0428; src: (2, 76); dst: (-29, 13)
event: battery_consumption; timestamp: 450; robot: 4; time: 18.9156; initial_level: 98.4795; final_level: 96.5879
event: navigation; timestamp: 450; robot: 4; time: 18.9156; src: (2, 76); dst: (91, 44)
event: battery_consumption; timestamp: 540; robot: 3; time: 23.821; initial_level: 97.0752; final_level: 94.6931
event: navigation; timestamp: 540; robot: 3; time: 23.821; src: (-29, 13); dst: (86, -18)
event: battery_consumption; timestamp: 630; robot: 1; time: 12.3434; initial_level: 16.0387; final_level: 14.8044
event: navigation; timestamp: 630; robot: 1; time: 12.3434; src: (36, 16); dst: (91, 44)
event: task_execution; timestamp: 563.821; task: 4; robot: 3; pos: (86, -18); time: 77.121
event: battery_consumption; timestamp: 563.821; robot: 3; time: 77.121; initial_level: 94.6931; final_level: 17.5721
event: task_execution; timestamp: 563.821; task: 4; robot: 5; pos: (86, -18); time: 77.121
event: battery_consumption; timestamp: 563.821; robot: 5; time: 77.121; initial_level: 98.2427; final_level: 21.1218
event: task_resolution; timestamp: 640.942; task: 4; pos: (86, -18); status: COMPLETED; attempt: 1
event: battery_consumption; timestamp: 640.942; robot: 5; time: 22.8044; initial_level: 21.1218; final_level: 18.8413
event: navigation; timestamp: 640.942; robot: 5; time: 22.8044; src: (86, -18); dst: (10, 67)
event: battery_consumption; timestamp: 640.942; robot: 3; time: 12.4403; initial_level: 17.5721; final_level: 16.3281
event: navigation; timestamp: 640.942; robot: 3; time: 12.4403; src: (86, -18); dst: (91, 44)
event: task_execution; timestamp: 653.382; task: 9; robot: 1; pos: (91, 44); time: 0
event: battery_consumption; timestamp: 653.382; robot: 1; time: 0; initial_level: 14.8044; final_level: 14.8044
event: task_execution; timestamp: 653.382; task: 9; robot: 3; pos: (91, 44); time: 0
event: battery_consumption; timestamp: 653.382; robot: 3; time: 0; initial_level: 16.3281; final_level: 16.3281
event: task_execution; timestamp: 653.382; task: 9; robot: 4; pos: (91, 44); time: 0
event: battery_consumption; timestamp: 653.382; robot: 4; time: 0; initial_level: 96.5879; final_level: 96.5879
event: task_resolution; timestamp: 653.382; task: 9; pos: (91, 44); status: COMPLETED; attempt: 1
event: battery_consumption; timestamp: 653.382; robot: 1; time: 16.8404; initial_level: 14.8044; final_level: 13.1204
event: navigation; timestamp: 653.382; robot: 1; time: 16.8404; src: (91, 44); dst: (10, 67)
event: battery_consumption; timestamp: 653.382; robot: 3; time: 35.9611; initial_level: 16.3281; final_level: 12.732
event: navigation; timestamp: 653.382; robot: 3; time: 35.9611; src: (91, 44); dst: (-82, 93)
event: battery_consumption; timestamp: 653.382; robot: 4; time: 35.9611; initial_level: 96.5879; final_level: 92.9918
event: navigation; timestamp: 653.382; robot: 4; time: 35.9611; src: (91, 44); dst: (-82, 93)
event: task_execution; timestamp: 670.223; task: 10; robot: 1; pos: (10, 67); time: 0
event: battery_consumption; timestamp: 670.223; robot: 1; time: 0; initial_level: 13.1204; final_level: 13.1204
event: task_execution; timestamp: 670.223; task: 10; robot: 2; pos: (10, 67); time: 0
event: battery_consumption; timestamp: 670.223; robot: 2; time: 0; initial_level: 88.0741; final_level: 88.0741
event: task_execution; timestamp: 670.223; task: 10; robot: 5; pos: (10, 67); time: 0
event: battery_consumption; timestamp: 670.223; robot: 5; time: 0; initial_level: 18.8413; final_level: 18.8413
event: task_resolution; timestamp: 670.223; task: 10; pos: (10, 67); status: COMPLETED; attempt: 1
event: battery_consumption; timestamp: 670.223; robot: 2; time: 19.1207; initial_level: 88.0741; final_level: 86.162
event: navigation; timestamp: 670.223; robot: 2; time: 19.1207; src: (10, 67); dst: (-82, 93)
event: battery_consumption; timestamp: 670.223; robot: 1; time: 13.5484; initial_level: 13.1204; final_level: 11.7655
event: navigation; timestamp: 670.223; robot: 1; time: 13.5484; src: (10, 67); dst: (0, 0)
event: robot_finished; timestamp: 683.771; robot: 1; pos: (0, 0); battery: 11.7655
event: battery_consumption; timestamp: 670.223; robot: 5; time: 13.5484; initial_level: 18.8413; final_level: 17.4865
event: navigation; timestamp: 670.223; robot: 5; time: 13.5484; src: (10, 67); dst: (0, 0)
event: robot_finished; timestamp: 683.771; robot: 5; pos: (0, 0); battery: 17.4865
event: task_execution; timestamp: 689.343; task: 8; robot: 2; pos: (-82, 93); time: 0
event: battery_consumption; timestamp: 689.343; robot: 2; time: 0; initial_level: 86.162; final_level: 86.162
event: task_execution; timestamp: 689.343; task: 8; robot: 3; pos: (-82, 93); time: 0
event: battery_consumption; timestamp: 689.343; robot: 3; time: 0; initial_level: 12.732; final_level: 12.732
event: task_execution; timestamp: 689.343; task: 8; robot: 4; pos: (-82, 93); time: 0
event: battery_consumption; timestamp: 689.343; robot: 4; time: 0; initial_level: 92.9918; final_level: 92.9918
event: task_resolution; timestamp: 689.343; task: 8; pos: (-82, 93); status: COMPLETED; attempt: 1
event: battery_consumption; timestamp: 689.343; robot: 2; time: 24.7976; initial_level: 86.162; final_level: 83.6822
event: navigation; timestamp: 689.343; robot: 2; time: 24.7976; src: (-82, 93); dst: (0, 0)
event: robot_finished; timestamp: 714.141; robot: 2; pos: (0, 0); battery: 83.6822
event: battery_consumption; timestamp: 689.343; robot: 3; time: 24.7976; initial_level: 12.732; final_level: 10.2522
event: navigation; timestamp: 689.343; robot: 3; time: 24.7976; src: (-82, 93); dst: (0, 0)
event: robot_finished; timestamp: 714.141; robot: 3; pos: (0, 0); battery: 10.2522
event: battery_consumption; timestamp: 689.343; robot: 4; time: 24.7976; initial_level: 92.9918; final_level: 90.512
event: navigation; timestamp: 689.343; robot: 4; time: 24.7976; src: (-82, 93); dst: (0, 0)
event: robot_finished; timestamp: 714.141; robot: 4; pos: (0, 0); battery: 90.512
metric: available_agents; value: 0
metric: failed_agents; value: 0
metric: finished_agents; value: 5
metric: completed_tasks; value: 5
metric: pending_tasks; value: 0
metric: failed_tasks; value: 5
metric: average_robot_makespan; value: 701.993
metric: sd_robot_makespan; value: 16.6342
metric: max_robot_makespan; value: 714.141
metric: min_robot_makespan; value: 683.771
metric: average_robot_travel_distance; value: 445.248
metric: sd_robot_travel_distance; value: 150.922
metric: max_robot_travel_distance; value: 631.34
metric: min_robot_travel_distance; value: 269.628
metric: sum_robot_travel_distance; value: 2226.24
metric: average_completed_tasks_by_robot; value: 0
metric: sd_completed_tasks_by_robot; value: 0
metric: max_completed_tasks_by_robot; value: 0
metric: min_completed_tasks_by_robot; value: 0
metric: final_reward; value: 0.5
metric: computing_time; value: 0.000770587
