info: solver_name; value: random
info: reward_function; value: reward00
info: replica; value: 9
info: filename; value: ../logs/prueba/scenario_12_06_01_random_reward00_009.log
info: scenario_name; value: scenario_12_06_01
info: scenario_name; value: scenario_12_06_01
info: number_of_tasks; value: 12
info: number_of_robots; value: 6
info: number_of_recharging_stations; value: 1
info: scenario_size; value: (200,200)
event: recharging_station_spawn; timestamp: 0; recharging_station: 1; pos: (0, 0)
event: task_spawn; timestamp: 0; task: 1; pos: (-70.0709, -68.0831); earliest_start: 0; latest_start: 1080; state: PENDING; required_workers: 3; success_prob: 0.8; max_attempts: 1
event: task_spawn; timestamp: 0; task: 2; pos: (-17.4248, -96.1114); earliest_start: 0; latest_start: 810; state: PENDING; required_workers: 3; success_prob: 0.8; max_attempts: 1
event: task_spawn; timestamp: 0; task: 3; pos: (-29.5006, -24.1376); earliest_start: 0; latest_start: 1080; state: PENDING; required_workers: 2; success_prob: 0.8; max_attempts: 1
event: task_spawn; timestamp: 0; task: 4; pos: (6.58351, -36.5381); earliest_start: 0; latest_start: 540; state: PENDING; required_workers: 1; success_prob: 0.8; max_attempts: 1
event: task_spawn; timestamp: 0; task: 5; pos: (-46.7684, -52.5449); earliest_start: 0; latest_start: 540; state: PENDING; required_workers: 3; success_prob: 0.8; max_attempts: 1
event: task_spawn; timestamp: 0; task: 6; pos: (-87.1468, -93.4297); earliest_start: 0; latest_start: 810; state: PENDING; required_workers: 2; success_prob: 0.8; max_attempts: 1
event: task_spawn; timestamp: 0; task: 7; pos: (-74.758, -54.3258); earliest_start: 0; latest_start: 540; state: PENDING; required_workers: 2; success_prob: 0.8; max_attempts: 1
event: task_spawn; timestamp: 0; task: 8; pos: (-1.29451, 32.4663); earliest_start: 0; latest_start: 540; state: PENDING; required_workers: 2; success_prob: 0.8; max_attempts: 1
event: task_spawn; timestamp: 0; task: 9; pos: (60.5478, -15.9338); earliest_start: 0; latest_start: 1080; state: PENDING; required_workers: 1; success_prob: 0.8; max_attempts: 1
event: task_spawn; timestamp: 0; task: 10; pos: (56.8755, 43.1394); earliest_start: 0; latest_start: 810; state: PENDING; required_workers: 2; success_prob: 0.8; max_attempts: 1
event: task_spawn; timestamp: 0; task: 11; pos: (-24.173, 41.1999); earliest_start: 0; latest_start: 540; state: PENDING; required_workers: 2; success_prob: 0.8; max_attempts: 1
event: task_spawn; timestamp: 0; task: 12; pos: (72.2993, -29.315); earliest_start: 0; latest_start: 1080; state: PENDING; required_workers: 1; success_prob: 0.8; max_attempts: 1
event: robot_spawn; timestamp: 0; robot: 1; pos: (0, 0); state: AVAILABLE; battery_level: 100; battery_capacity: 100; velocity: 5; battery_rate_nav: 0.1
event: robot_spawn; timestamp: 0; robot: 2; pos: (0, 0); state: AVAILABLE; battery_level: 100; battery_capacity: 100; velocity: 5; battery_rate_nav: 0.1
event: robot_spawn; timestamp: 0; robot: 3; pos: (0, 0); state: AVAILABLE; battery_level: 100; battery_capacity: 100; velocity: 5; battery_rate_nav: 0.1
event: robot_spawn; timestamp: 0; robot: 4; pos: (0, 0); state: AVAILABLE; battery_level: 100; battery_capacity: 100; velocity: 5; battery_rate_nav: 0.1
event: robot_spawn; timestamp: 0; robot: 5; pos: (0, 0); state: AVAILABLE; battery_level: 100; battery_capacity: 100; velocity: 5; battery_rate_nav: 0.1
event: robot_spawn; timestamp: 0; robot: 6; pos: (0, 0); state: AVAILABLE; battery_level: 100; battery_capacity: 100; velocity: 5; battery_rate_nav: 0.1
event: battery_consumption; timestamp: 0; robot: 6; time: 14.277; initial_level: 100; final_level: 98.5723
event: navigation; timestamp: 0; robot: 6; time: 14.277; src: (0, 0); dst: (56.8755, 43.1394)
event: battery_consumption; timestamp: 0; robot: 1; time: 19.5356; initial_level: 100; final_level: 98.0464
event: navigation; timestamp: 0; robot: 1; time: 19.5356; src: (0, 0); dst: (-17.4248, -96.1114)
event: battery_consumption; timestamp: 0; robot: 3; time: 14.277; initial_level: 100; final_level: 98.5723
event: navigation; timestamp: 0; robot: 3; time: 14.277; src: (0, 0); dst: (56.8755, 43.1394)
event: battery_consumption; timestamp: 0; robot: 5; time: 19.5356; initial_level: 100; final_level: 98.0464
event: navigation; timestamp: 0; robot: 5; time: 19.5356; src: (0, 0); dst: (-17.4248, -96.1114)
event: battery_consumption; timestamp: 0; robot: 4; time: 14.0688; initial_level: 100; final_level: 98.5931
event: navigation; timestamp: 0; robot: 4; time: 14.0688; src: (0, 0); dst: (-46.7684, -52.5449)
event: battery_consumption; timestamp: 0; robot: 2; time: 19.5399; initial_level: 100; final_level: 98.046
event: navigation; timestamp: 0; robot: 2; time: 19.5399; src: (0, 0); dst: (-70.0709, -68.0831)
event: task_execution; timestamp: 14.277; task: 10; robot: 3; pos: (56.8755, 43.1394); time: 0
event: battery_consumption; timestamp: 14.277; robot: 3; time: 0; initial_level: 98.5723; final_level: 88.5723
event: task_execution; timestamp: 14.277; task: 10; robot: 6; pos: (56.8755, 43.1394); time: 0
event: battery_consumption; timestamp: 14.277; robot: 6; time: 0; initial_level: 98.5723; final_level: 88.5723
event: task_resolution; timestamp: 14.277; task: 10; pos: (56.8755, 43.1394); status: FAILED; attempt: 1
event: battery_consumption; timestamp: 14.277; robot: 6; time: 11.8282; initial_level: 88.5723; final_level: 87.3895
event: navigation; timestamp: 14.277; robot: 6; time: 11.8282; src: (56.8755, 43.1394); dst: (-1.29451, 32.4663)
event: battery_consumption; timestamp: 14.277; robot: 3; time: 31.5666; initial_level: 88.5723; final_level: 85.4156
event: navigation; timestamp: 14.277; robot: 3; time: 31.5666; src: (56.8755, 43.1394); dst: (-17.4248, -96.1114)
event: task_execution; timestamp: 45.8437; task: 2; robot: 1; pos: (-17.4248, -96.1114); time: 0
event: battery_consumption; timestamp: 45.8437; robot: 1; time: 0; initial_level: 98.0464; final_level: 98.0464
event: task_execution; timestamp: 45.8437; task: 2; robot: 3; pos: (-17.4248, -96.1114); time: 0
event: battery_consumption; timestamp: 45.8437; robot: 3; time: 0; initial_level: 85.4156; final_level: 85.4156
event: task_execution; timestamp: 45.8437; task: 2; robot: 5; pos: (-17.4248, -96.1114); time: 0
event: battery_consumption; timestamp: 45.8437; robot: 5; time: 0; initial_level: 98.0464; final_level: 98.0464
event: task_resolution; timestamp: 45.8437; task: 2; pos: (-17.4248, -96.1114); status: COMPLETED; attempt: 1
event: battery_consumption; timestamp: 45.8437; robot: 3; time: 11.9284; initial_level: 85.4156; final_level: 84.2228
event: navigation; timestamp: 45.8437; robot: 3; time: 11.9284; src: (-17.4248, -96.1114); dst: (-70.0709, -68.0831)
event: battery_consumption; timestamp: 45.8437; robot: 5; time: 22.3716; initial_level: 98.0464; final_level: 95.8093
event: navigation; timestamp: 45.8437; robot: 5; time: 22.3716; src: (-17.4248, -96.1114); dst: (72.2993, -29.315)
event: battery_consumption; timestamp: 45.8437; robot: 1; time: 10.5054; initial_level: 98.0464; final_level: 96.9959
event: navigation; timestamp: 45.8437; robot: 1; time: 10.5054; src: (-17.4248, -96.1114); dst: (-46.7684, -52.5449)
event: task_execution; timestamp: 68.2152; task: 12; robot: 5; pos: (72.2993, -29.315); time: 0
event: battery_consumption; timestamp: 68.2152; robot: 5; time: 0; initial_level: 95.8093; final_level: 95.8093
event: task_resolution; timestamp: 68.2152; task: 12; pos: (72.2993, -29.315); status: COMPLETED; attempt: 1
event: battery_consumption; timestamp: 68.2152; robot: 5; time: 29.8338; initial_level: 95.8093; final_level: 92.8259
event: navigation; timestamp: 68.2152; robot: 5; time: 29.8338; src: (72.2993, -29.315); dst: (-74.758, -54.3258)
event: battery_consumption; timestamp: 540; robot: 1; time: 5.60158; initial_level: 96.9959; final_level: 96.4357
event: navigation; timestamp: 540; robot: 1; time: 5.60158; src: (-46.7684, -52.5449); dst: (-70.0709, -68.0831)
event: battery_consumption; timestamp: 540; robot: 4; time: 11.4926; initial_level: 98.5931; final_level: 97.4439
event: navigation; timestamp: 540; robot: 4; time: 11.4926; src: (-46.7684, -52.5449); dst: (-87.1468, -93.4297)
event: battery_consumption; timestamp: 540; robot: 5; time: 28.1294; initial_level: 92.8259; final_level: 90.013
event: navigation; timestamp: 540; robot: 5; time: 28.1294; src: (-74.758, -54.3258); dst: (60.5478, -15.9338)
event: battery_consumption; timestamp: 540; robot: 6; time: 30.4765; initial_level: 87.3895; final_level: 84.3418
event: navigation; timestamp: 540; robot: 6; time: 30.4765; src: (-1.29451, 32.4663); dst: (-87.1468, -93.4297)
event: task_execution; timestamp: 568.129; task: 9; robot: 5; pos: (60.5478, -15.9338); time: 0
event: battery_consumption; timestamp: 568.129; robot: 5; time: 0; initial_level: 90.013; final_level: 80.013
event: task_resolution; timestamp: 568.129; task: 9; pos: (60.5478, -15.9338); status: FAILED; attempt: 1
event: battery_consumption; timestamp: 568.129; robot: 5; time: 18.0843; initial_level: 80.013; final_level: 78.2045
event: navigation; timestamp: 568.129; robot: 5; time: 18.0843; src: (60.5478, -15.9338); dst: (-29.5006, -24.1376)
event: task_execution; timestamp: 545.602; task: 1; robot: 1; pos: (-70.0709, -68.0831); time: 36.8707
event: battery_consumption; timestamp: 545.602; robot: 1; time: 36.8707; initial_level: 96.4357; final_level: 59.565
event: task_execution; timestamp: 545.602; task: 1; robot: 2; pos: (-70.0709, -68.0831); time: 36.8707
event: battery_consumption; timestamp: 545.602; robot: 2; time: 36.8707; initial_level: 98.046; final_level: 61.1753
event: task_execution; timestamp: 545.602; task: 1; robot: 3; pos: (-70.0709, -68.0831); time: 36.8707
event: battery_consumption; timestamp: 545.602; robot: 3; time: 36.8707; initial_level: 84.2228; final_level: 47.3521
event: task_resolution; timestamp: 582.472; task: 1; pos: (-70.0709, -68.0831); status: COMPLETED; attempt: 1
event: battery_consumption; timestamp: 582.472; robot: 2; time: 11.9619; initial_level: 61.1753; final_level: 59.9791
event: navigation; timestamp: 582.472; robot: 2; time: 11.9619; src: (-70.0709, -68.0831); dst: (-29.5006, -24.1376)
event: battery_consumption; timestamp: 582.472; robot: 3; time: 19.5399; initial_level: 47.3521; final_level: 45.3981
event: navigation; timestamp: 582.472; robot: 3; time: 19.5399; src: (-70.0709, -68.0831); dst: (0, 0)
event: robot_finished; timestamp: 602.012; robot: 3; pos: (0, 0); battery: 45.3981
event: battery_consumption; timestamp: 582.472; robot: 1; time: 19.5399; initial_level: 59.565; final_level: 57.611
event: navigation; timestamp: 582.472; robot: 1; time: 19.5399; src: (-70.0709, -68.0831); dst: (0, 0)
event: robot_finished; timestamp: 602.012; robot: 1; pos: (0, 0); battery: 57.611
event: task_execution; timestamp: 594.434; task: 3; robot: 2; pos: (-29.5006, -24.1376); time: 0
event: battery_consumption; timestamp: 594.434; robot: 2; time: 0; initial_level: 59.9791; final_level: 59.9791
event: task_execution; timestamp: 594.434; task: 3; robot: 5; pos: (-29.5006, -24.1376); time: 0
event: battery_consumption; timestamp: 594.434; robot: 5; time: 0; initial_level: 78.2045; final_level: 78.2045
event: task_resolution; timestamp: 594.434; task: 3; pos: (-29.5006, -24.1376); status: COMPLETED; attempt: 1
event: battery_consumption; timestamp: 594.434; robot: 2; time: 7.62341; initial_level: 59.9791; final_level: 59.2168
event: navigation; timestamp: 594.434; robot: 2; time: 7.62341; src: (-29.5006, -24.1376); dst: (0, 0)
event: robot_finished; timestamp: 602.058; robot: 2; pos: (0, 0); battery: 59.2168
event: battery_consumption; timestamp: 594.434; robot: 5; time: 7.62341; initial_level: 78.2045; final_level: 77.4422
event: navigation; timestamp: 594.434; robot: 5; time: 7.62341; src: (-29.5006, -24.1376); dst: (0, 0)
event: robot_finished; timestamp: 602.058; robot: 5; pos: (0, 0); battery: 77.4422
event: task_execution; timestamp: 570.476; task: 6; robot: 4; pos: (-87.1468, -93.4297); time: 63.0362
event: battery_consumption; timestamp: 570.476; robot: 4; time: 63.0362; initial_level: 97.4439; final_level: 34.4077
event: task_execution; timestamp: 570.476; task: 6; robot: 6; pos: (-87.1468, -93.4297); time: 63.0362
event: battery_consumption; timestamp: 570.476; robot: 6; time: 63.0362; initial_level: 84.3418; final_level: 21.3057
event: task_resolution; timestamp: 633.513; task: 6; pos: (-87.1468, -93.4297); status: COMPLETED; attempt: 1
event: battery_consumption; timestamp: 633.513; robot: 4; time: 25.5528; initial_level: 34.4077; final_level: 31.8524
event: navigation; timestamp: 633.513; robot: 4; time: 25.5528; src: (-87.1468, -93.4297); dst: (0, 0)
event: robot_finished; timestamp: 659.065; robot: 4; pos: (0, 0); battery: 31.8524
event: battery_consumption; timestamp: 633.513; robot: 6; time: 25.5528; initial_level: 21.3057; final_level: 18.7504
event: navigation; timestamp: 633.513; robot: 6; time: 25.5528; src: (-87.1468, -93.4297); dst: (0, 0)
event: robot_finished; timestamp: 659.065; robot: 6; pos: (0, 0); battery: 18.7504
metric: available_agents; value: 0
metric: failed_agents; value: 0
metric: finished_agents; value: 6
metric: completed_tasks; value: 5
metric: pending_tasks; value: 0
metric: failed_tasks; value: 7
metric: average_robot_makespan; value: 621.045
metric: sd_robot_makespan; value: 29.4505
metric: max_robot_makespan; value: 659.065
metric: min_robot_makespan; value: 602.012
metric: average_robot_travel_distance; value: 358.706
metric: sd_robot_travel_distance; value: 154.934
metric: max_robot_travel_distance; value: 627.89
metric: min_robot_travel_distance; value: 195.626
metric: sum_robot_travel_distance; value: 2152.23
metric: average_completed_tasks_by_robot; value: 0
metric: sd_completed_tasks_by_robot; value: 0
metric: max_completed_tasks_by_robot; value: 0
metric: min_completed_tasks_by_robot; value: 0
metric: final_reward; value: 0.416667
metric: computing_time; value: 0.00128142
