info: solver_name; value: random
info: reward_function; value: reward00
info: replica; value: 1
info: filename; value: ../logs/prueba/scenario_20t_01_5r_random_reward00_001.log
info: scenario_name; value: scenario_20t_01_5r
info: scenario_name; value: scenario_20t_01_5r
info: number_of_tasks; value: 20
info: number_of_robots; value: 5
info: number_of_recharging_stations; value: 1
info: scenario_size; value: (200,200)
event: recharging_station_spawn; timestamp: 0; recharging_station: 1; pos: (0, 0)
event: task_spawn; timestamp: 0; task: 1; pos: (75, -53); earliest_start: 0; latest_start: 720; state: PENDING; required_workers: 1; success_prob: 0.7; max_attempts: 1
event: task_spawn; timestamp: 0; task: 2; pos: (-90, 79); earliest_start: 0; latest_start: 810; state: PENDING; required_workers: 2; success_prob: 0.6; max_attempts: 1
event: task_spawn; timestamp: 0; task: 3; pos: (92, 15); earliest_start: 0; latest_start: 540; state: PENDING; required_workers: 3; success_prob: 0.7; max_attempts: 1
event: task_spawn; timestamp: 0; task: 4; pos: (-58, 59); earliest_start: 0; latest_start: 720; state: PENDING; required_workers: 1; success_prob: 0.7; max_attempts: 1
event: task_spawn; timestamp: 0; task: 5; pos: (-3, 7); earliest_start: 0; latest_start: 720; state: PENDING; required_workers: 2; success_prob: 0.5; max_attempts: 1
event: task_spawn; timestamp: 0; task: 6; pos: (-100, -54); earliest_start: 0; latest_start: 450; state: PENDING; required_workers: 1; success_prob: 0.8; max_attempts: 1
event: task_spawn; timestamp: 0; task: 7; pos: (-92, 39); earliest_start: 0; latest_start: 720; state: PENDING; required_workers: 1; success_prob: 0.8; max_attempts: 1
event: task_spawn; timestamp: 0; task: 8; pos: (39, -71); earliest_start: 0; latest_start: 540; state: PENDING; required_workers: 2; success_prob: 0.9; max_attempts: 1
event: task_spawn; timestamp: 0; task: 9; pos: (-85, -18); earliest_start: 0; latest_start: 540; state: PENDING; required_workers: 1; success_prob: 0.7; max_attempts: 1
event: task_spawn; timestamp: 0; task: 10; pos: (-20, -89); earliest_start: 0; latest_start: 450; state: PENDING; required_workers: 1; success_prob: 0.7; max_attempts: 1
event: task_spawn; timestamp: 0; task: 11; pos: (-55, 49); earliest_start: 0; latest_start: 360; state: PENDING; required_workers: 1; success_prob: 0.7; max_attempts: 1
event: task_spawn; timestamp: 0; task: 12; pos: (-22, 78); earliest_start: 0; latest_start: 360; state: PENDING; required_workers: 1; success_prob: 0.5; max_attempts: 1
event: task_spawn; timestamp: 0; task: 13; pos: (30, -49); earliest_start: 0; latest_start: 360; state: PENDING; required_workers: 2; success_prob: 0.7; max_attempts: 1
event: task_spawn; timestamp: 0; task: 14; pos: (37, -23); earliest_start: 0; latest_start: 900; state: PENDING; required_workers: 2; success_prob: 0.6; max_attempts: 1
event: task_spawn; timestamp: 0; task: 15; pos: (-15, 20); earliest_start: 0; latest_start: 540; state: PENDING; required_workers: 1; success_prob: 0.5; max_attempts: 1
event: task_spawn; timestamp: 0; task: 16; pos: (100, -27); earliest_start: 0; latest_start: 1080; state: PENDING; required_workers: 2; success_prob: 0.7; max_attempts: 1
event: task_spawn; timestamp: 0; task: 17; pos: (53, -30); earliest_start: 0; latest_start: 720; state: PENDING; required_workers: 2; success_prob: 0.5; max_attempts: 1
event: task_spawn; timestamp: 0; task: 18; pos: (34, -74); earliest_start: 0; latest_start: 720; state: PENDING; required_workers: 1; success_prob: 0.8; max_attempts: 1
event: task_spawn; timestamp: 0; task: 19; pos: (43, -26); earliest_start: 0; latest_start: 270; state: PENDING; required_workers: 1; success_prob: 0.7; max_attempts: 1
event: task_spawn; timestamp: 0; task: 20; pos: (-4, 55); earliest_start: 0; latest_start: 720; state: PENDING; required_workers: 3; success_prob: 0.6; max_attempts: 1
event: robot_spawn; timestamp: 0; robot: 1; pos: (0, 0); state: AVAILABLE; battery_level: 100; battery_capacity: 100; velocity: 5; battery_rate_nav: 0.1
event: robot_spawn; timestamp: 0; robot: 2; pos: (0, 0); state: AVAILABLE; battery_level: 100; battery_capacity: 100; velocity: 5; battery_rate_nav: 0.1
event: robot_spawn; timestamp: 0; robot: 3; pos: (0, 0); state: AVAILABLE; battery_level: 100; battery_capacity: 100; velocity: 5; battery_rate_nav: 0.1
event: robot_spawn; timestamp: 0; robot: 4; pos: (0, 0); state: AVAILABLE; battery_level: 100; battery_capacity: 100; velocity: 5; battery_rate_nav: 0.1
event: robot_spawn; timestamp: 0; robot: 5; pos: (0, 0); state: AVAILABLE; battery_level: 100; battery_capacity: 100; velocity: 5; battery_rate_nav: 0.1
event: battery_consumption; timestamp: 0; robot: 4; time: 18.2439; initial_level: 100; final_level: 98.1756
event: navigation; timestamp: 0; robot: 4; time: 18.2439; src: (0, 0); dst: (-20, -89)
event: battery_consumption; timestamp: 0; robot: 1; time: 16.5469; initial_level: 100; final_level: 98.3453
event: navigation; timestamp: 0; robot: 1; time: 16.5469; src: (0, 0); dst: (-58, 59)
event: battery_consumption; timestamp: 0; robot: 3; time: 20.7162; initial_level: 100; final_level: 97.9284
event: navigation; timestamp: 0; robot: 3; time: 20.7162; src: (0, 0); dst: (100, -27)
event: battery_consumption; timestamp: 0; robot: 5; time: 16.2012; initial_level: 100; final_level: 98.3799
event: navigation; timestamp: 0; robot: 5; time: 16.2012; src: (0, 0); dst: (39, -71)
event: battery_consumption; timestamp: 0; robot: 2; time: 11.4909; initial_level: 100; final_level: 98.8509
event: navigation; timestamp: 0; robot: 2; time: 11.4909; src: (0, 0); dst: (30, -49)
event: task_execution; timestamp: 16.5469; task: 4; robot: 1; pos: (-58, 59); time: 61.3571
event: battery_consumption; timestamp: 16.5469; robot: 1; time: 61.3571; initial_level: 98.3453; final_level: 36.9882
event: task_resolution; timestamp: 77.904; task: 4; pos: (-58, 59); status: COMPLETED; attempt: 1
event: battery_consumption; timestamp: 77.904; robot: 1; time: 8.14125; initial_level: 36.9882; final_level: 36.1741
event: navigation; timestamp: 77.904; robot: 1; time: 8.14125; src: (-58, 59); dst: (-22, 78)
event: task_execution; timestamp: 86.0453; task: 12; robot: 1; pos: (-22, 78); time: 0
event: battery_consumption; timestamp: 86.0453; robot: 1; time: 0; initial_level: 36.1741; final_level: 26.1741
event: task_resolution; timestamp: 86.0453; task: 12; pos: (-22, 78); status: FAILED; attempt: 1
event: battery_consumption; timestamp: 86.0453; robot: 1; time: 32.6006; initial_level: 26.1741; final_level: 22.914
event: navigation; timestamp: 86.0453; robot: 1; time: 32.6006; src: (-22, 78); dst: (75, -53)
event: task_execution; timestamp: 18.2439; task: 10; robot: 4; pos: (-20, -89); time: 98.1756
event: battery_consumption; timestamp: 18.2439; robot: 4; time: 98.1756; initial_level: 98.1756; final_level: 88.1756
event: task_resolution; timestamp: 116.42; task: 10; pos: (-20, -89); status: FAILED; attempt: 1
event: battery_consumption; timestamp: 116.42; robot: 4; time: 29.3721; initial_level: 88.1756; final_level: 85.2384
event: navigation; timestamp: 116.42; robot: 4; time: 29.3721; src: (-20, -89); dst: (-92, 39)
event: task_execution; timestamp: 118.646; task: 1; robot: 1; pos: (75, -53); time: 10.7478
event: battery_consumption; timestamp: 118.646; robot: 1; time: 10.7478; initial_level: 22.914; final_level: 12.1662
event: task_resolution; timestamp: 129.394; task: 1; pos: (75, -53); status: COMPLETED; attempt: 1
event: battery_consumption; timestamp: 129.394; robot: 1; time: 33.0478; initial_level: 12.1662; final_level: 8.86145
event: navigation; timestamp: 129.394; robot: 1; time: 33.0478; src: (75, -53); dst: (-55, 49)
event: task_execution; timestamp: 162.442; task: 11; robot: 1; pos: (-55, 49); time: 8.86145
event: battery_consumption; timestamp: 162.442; robot: 1; time: 8.86145; initial_level: 8.86145; final_level: -1.13855
event: robot_failed; timestamp: 171.303; robot: 1; pos: (-55, 49)
event: task_resolution; timestamp: 171.303; task: 11; pos: (-55, 49); status: FAILED; attempt: 1
event: task_execution; timestamp: 145.792; task: 7; robot: 4; pos: (-92, 39); time: 85.2384
event: battery_consumption; timestamp: 145.792; robot: 4; time: 85.2384; initial_level: 85.2384; final_level: 75.2384
event: task_resolution; timestamp: 231.03; task: 7; pos: (-92, 39); status: FAILED; attempt: 1
event: battery_consumption; timestamp: 231.03; robot: 4; time: 18.6687; initial_level: 75.2384; final_level: 73.3715
event: navigation; timestamp: 231.03; robot: 4; time: 18.6687; src: (-92, 39); dst: (-100, -54)
event: task_execution; timestamp: 249.699; task: 6; robot: 4; pos: (-100, -54); time: 0
event: battery_consumption; timestamp: 249.699; robot: 4; time: 0; initial_level: 73.3715; final_level: 73.3715
event: task_resolution; timestamp: 249.699; task: 6; pos: (-100, -54); status: COMPLETED; attempt: 1
event: battery_consumption; timestamp: 249.699; robot: 4; time: 22.5397; initial_level: 73.3715; final_level: 71.1176
event: navigation; timestamp: 249.699; robot: 4; time: 22.5397; src: (-100, -54); dst: (-15, 20)
event: task_execution; timestamp: 272.238; task: 15; robot: 4; pos: (-15, 20); time: 0
event: battery_consumption; timestamp: 272.238; robot: 4; time: 0; initial_level: 71.1176; final_level: 61.1176
event: task_resolution; timestamp: 272.238; task: 15; pos: (-15, 20); status: FAILED; attempt: 1
event: battery_consumption; timestamp: 272.238; robot: 4; time: 16.4754; initial_level: 61.1176; final_level: 59.47
event: navigation; timestamp: 272.238; robot: 4; time: 16.4754; src: (-15, 20); dst: (30, -49)
event: task_execution; timestamp: 288.714; task: 13; robot: 2; pos: (30, -49); time: 0
event: battery_consumption; timestamp: 288.714; robot: 2; time: 0; initial_level: 98.8509; final_level: 88.8509
event: task_execution; timestamp: 288.714; task: 13; robot: 4; pos: (30, -49); time: 0
event: battery_consumption; timestamp: 288.714; robot: 4; time: 0; initial_level: 59.47; final_level: 49.47
event: task_resolution; timestamp: 288.714; task: 13; pos: (30, -49); status: FAILED; attempt: 1
event: battery_consumption; timestamp: 288.714; robot: 2; time: 21.8833; initial_level: 88.8509; final_level: 86.6626
event: navigation; timestamp: 288.714; robot: 2; time: 21.8833; src: (30, -49); dst: (-4, 55)
event: battery_consumption; timestamp: 288.714; robot: 4; time: 13; initial_level: 49.47; final_level: 48.17
event: navigation; timestamp: 288.714; robot: 4; time: 13; src: (30, -49); dst: (-3, 7)
event: battery_consumption; timestamp: 540; robot: 5; time: 8.66487; initial_level: 98.3799; final_level: 97.5134
event: navigation; timestamp: 540; robot: 5; time: 8.66487; src: (39, -71); dst: (53, -30)
event: battery_consumption; timestamp: 720; robot: 4; time: 22.5858; initial_level: 48.17; final_level: 45.9114
event: navigation; timestamp: 720; robot: 4; time: 22.5858; src: (-3, 7); dst: (-90, 79)
event: battery_consumption; timestamp: 720; robot: 5; time: 35.9611; initial_level: 97.5134; final_level: 93.9173
event: navigation; timestamp: 720; robot: 5; time: 35.9611; src: (53, -30); dst: (-90, 79)
event: battery_consumption; timestamp: 720; robot: 2; time: 17.6238; initial_level: 86.6626; final_level: 84.9002
event: navigation; timestamp: 720; robot: 2; time: 17.6238; src: (-4, 55); dst: (37, -23)
event: task_execution; timestamp: 755.961; task: 2; robot: 4; pos: (-90, 79); time: 0
event: battery_consumption; timestamp: 755.961; robot: 4; time: 0; initial_level: 45.9114; final_level: 35.9114
event: task_execution; timestamp: 755.961; task: 2; robot: 5; pos: (-90, 79); time: 0
event: battery_consumption; timestamp: 755.961; robot: 5; time: 0; initial_level: 93.9173; final_level: 83.9173
event: task_resolution; timestamp: 755.961; task: 2; pos: (-90, 79); status: FAILED; attempt: 1
event: battery_consumption; timestamp: 755.961; robot: 5; time: 43.5137; initial_level: 83.9173; final_level: 79.5659
event: navigation; timestamp: 755.961; robot: 5; time: 43.5137; src: (-90, 79); dst: (100, -27)
event: battery_consumption; timestamp: 755.961; robot: 4; time: 32.5779; initial_level: 35.9114; final_level: 32.6536
event: navigation; timestamp: 755.961; robot: 4; time: 32.5779; src: (-90, 79); dst: (37, -23)
event: task_execution; timestamp: 788.539; task: 14; robot: 2; pos: (37, -23); time: 4.99505
event: battery_consumption; timestamp: 788.539; robot: 2; time: 4.99505; initial_level: 84.9002; final_level: 79.9051
event: task_execution; timestamp: 788.539; task: 14; robot: 4; pos: (37, -23); time: 4.99505
event: battery_consumption; timestamp: 788.539; robot: 4; time: 4.99505; initial_level: 32.6536; final_level: 27.6586
event: task_resolution; timestamp: 793.534; task: 14; pos: (37, -23); status: COMPLETED; attempt: 1
event: battery_consumption; timestamp: 793.534; robot: 2; time: 8.71321; initial_level: 79.9051; final_level: 79.0338
event: navigation; timestamp: 793.534; robot: 2; time: 8.71321; src: (37, -23); dst: (0, 0)
event: robot_finished; timestamp: 802.247; robot: 2; pos: (0, 0); battery: 79.0338
event: battery_consumption; timestamp: 793.534; robot: 4; time: 8.71321; initial_level: 27.6586; final_level: 26.7873
event: navigation; timestamp: 793.534; robot: 4; time: 8.71321; src: (37, -23); dst: (0, 0)
event: robot_finished; timestamp: 802.247; robot: 4; pos: (0, 0); battery: 26.7873
event: task_execution; timestamp: 799.475; task: 16; robot: 3; pos: (100, -27); time: 0
event: battery_consumption; timestamp: 799.475; robot: 3; time: 0; initial_level: 97.9284; final_level: 97.9284
event: task_execution; timestamp: 799.475; task: 16; robot: 5; pos: (100, -27); time: 0
event: battery_consumption; timestamp: 799.475; robot: 5; time: 0; initial_level: 79.5659; final_level: 79.5659
event: task_resolution; timestamp: 799.475; task: 16; pos: (100, -27); status: COMPLETED; attempt: 1
event: battery_consumption; timestamp: 799.475; robot: 5; time: 20.7162; initial_level: 79.5659; final_level: 77.4943
event: navigation; timestamp: 799.475; robot: 5; time: 20.7162; src: (100, -27); dst: (0, 0)
event: robot_finished; timestamp: 820.191; robot: 5; pos: (0, 0); battery: 77.4943
event: battery_consumption; timestamp: 799.475; robot: 3; time: 20.7162; initial_level: 97.9284; final_level: 95.8568
event: navigation; timestamp: 799.475; robot: 3; time: 20.7162; src: (100, -27); dst: (0, 0)
event: robot_finished; timestamp: 820.191; robot: 3; pos: (0, 0); battery: 95.8568
metric: available_agents; value: 0
metric: failed_agents; value: 1
metric: finished_agents; value: 4
metric: completed_tasks; value: 5
metric: pending_tasks; value: 0
metric: failed_tasks; value: 15
metric: average_robot_makespan; value: 683.236
metric: sd_robot_makespan; value: 286.32
metric: max_robot_makespan; value: 820.191
metric: min_robot_makespan; value: 171.303
metric: average_robot_travel_distance; value: 498.714
metric: sd_robot_travel_distance; value: 279.813
metric: max_robot_travel_distance; value: 910.884
metric: min_robot_travel_distance; value: 207.162
metric: sum_robot_travel_distance; value: 2493.57
metric: average_completed_tasks_by_robot; value: 0
metric: sd_completed_tasks_by_robot; value: 0
metric: max_completed_tasks_by_robot; value: 0
metric: min_completed_tasks_by_robot; value: 0
metric: final_reward; value: 0.25
metric: computing_time; value: 0.0008349
