info: solver_name; value: dec-mcts
info: reward_function; value: reward00
info: replica; value: 1
info: filename; value: ../logs/prueba/scenario_1E_16t_5r_dec-mcts_reward00_001.log
info: scenario_name; value: scenario_1E_16t_5r
info: scenario_name; value: scenario_1E_16t_5r
info: number_of_tasks; value: 16
info: number_of_robots; value: 5
info: number_of_recharging_stations; value: 1
info: scenario_size; value: (15,15)
event: recharging_station_spawn; timestamp: 0; recharging_station: 1; pos: (0, 0)
event: task_spawn; timestamp: 0; task: 1; pos: (0, 5); earliest_start: 9; latest_start: 18.43; state: PENDING; required_workers: 1; success_prob: 1; max_attempts: 1
event: task_spawn; timestamp: 0; task: 2; pos: (1, 4); earliest_start: 5; latest_start: 14.97; state: PENDING; required_workers: 1; success_prob: 1; max_attempts: 1
event: task_spawn; timestamp: 0; task: 3; pos: (0, 3); earliest_start: 24; latest_start: 36.62; state: PENDING; required_workers: 1; success_prob: 1; max_attempts: 1
event: task_spawn; timestamp: 0; task: 4; pos: (-1, 4); earliest_start: 15; latest_start: 24.17; state: PENDING; required_workers: 1; success_prob: 1; max_attempts: 1
event: task_spawn; timestamp: 0; task: 5; pos: (4, 1); earliest_start: 4; latest_start: 18.94; state: PENDING; required_workers: 1; success_prob: 1; max_attempts: 1
event: task_spawn; timestamp: 0; task: 6; pos: (5, 0); earliest_start: 2; latest_start: 24.94; state: PENDING; required_workers: 1; success_prob: 1; max_attempts: 1
event: task_spawn; timestamp: 0; task: 7; pos: (4, -1); earliest_start: 16; latest_start: 24.5; state: PENDING; required_workers: 1; success_prob: 1; max_attempts: 1
event: task_spawn; timestamp: 0; task: 8; pos: (3, -0); earliest_start: 24; latest_start: 39.07; state: PENDING; required_workers: 1; success_prob: 1; max_attempts: 1
event: task_spawn; timestamp: 0; task: 9; pos: (0, -3); earliest_start: 16; latest_start: 21.24; state: PENDING; required_workers: 1; success_prob: 1; max_attempts: 1
event: task_spawn; timestamp: 0; task: 10; pos: (1, -4); earliest_start: 1; latest_start: 9.78; state: PENDING; required_workers: 1; success_prob: 1; max_attempts: 1
event: task_spawn; timestamp: 0; task: 11; pos: (0, -5); earliest_start: 19; latest_start: 25.78; state: PENDING; required_workers: 1; success_prob: 1; max_attempts: 1
event: task_spawn; timestamp: 0; task: 12; pos: (-1, -4); earliest_start: 4; latest_start: 8.78; state: PENDING; required_workers: 1; success_prob: 1; max_attempts: 1
event: task_spawn; timestamp: 0; task: 13; pos: (-4, 1); earliest_start: 5; latest_start: 13.58; state: PENDING; required_workers: 1; success_prob: 1; max_attempts: 1
event: task_spawn; timestamp: 0; task: 14; pos: (-3, 0); earliest_start: 26; latest_start: 35; state: PENDING; required_workers: 1; success_prob: 1; max_attempts: 1
event: task_spawn; timestamp: 0; task: 15; pos: (-4, -1); earliest_start: 28; latest_start: 36.52; state: PENDING; required_workers: 1; success_prob: 1; max_attempts: 1
event: task_spawn; timestamp: 0; task: 16; pos: (-5, -0); earliest_start: 5; latest_start: 11.07; state: PENDING; required_workers: 1; success_prob: 1; max_attempts: 1
event: robot_spawn; timestamp: 0; robot: 1; pos: (0, 0); state: AVAILABLE; battery_level: 100; battery_capacity: 100; velocity: 1; battery_rate_nav: 1
event: robot_spawn; timestamp: 0; robot: 2; pos: (0, 0); state: AVAILABLE; battery_level: 100; battery_capacity: 100; velocity: 1; battery_rate_nav: 1
event: robot_spawn; timestamp: 0; robot: 3; pos: (0, 0); state: AVAILABLE; battery_level: 100; battery_capacity: 100; velocity: 1; battery_rate_nav: 1
event: robot_spawn; timestamp: 0; robot: 4; pos: (0, 0); state: AVAILABLE; battery_level: 100; battery_capacity: 100; velocity: 1; battery_rate_nav: 1
event: robot_spawn; timestamp: 0; robot: 5; pos: (0, 0); state: AVAILABLE; battery_level: 100; battery_capacity: 100; velocity: 1; battery_rate_nav: 1
event: battery_consumption; timestamp: 0; robot: 5; time: 4.12311; initial_level: 100; final_level: 95.8769
event: navigation; timestamp: 0; robot: 5; time: 4.12311; src: (0, 0); dst: (1, 4)
event: battery_consumption; timestamp: 0; robot: 1; time: 4.12311; initial_level: 100; final_level: 95.8769
event: navigation; timestamp: 0; robot: 1; time: 4.12311; src: (0, 0); dst: (-4, 1)
event: battery_consumption; timestamp: 0; robot: 4; time: 4.12311; initial_level: 100; final_level: 95.8769
event: navigation; timestamp: 0; robot: 4; time: 4.12311; src: (0, 0); dst: (1, -4)
event: battery_consumption; timestamp: 1; robot: 2; time: 4.12311; initial_level: 100; final_level: 95.8769
event: navigation; timestamp: 1; robot: 2; time: 4.12311; src: (0, 0); dst: (4, 1)
event: battery_consumption; timestamp: 2; robot: 3; time: 5; initial_level: 100; final_level: 95
event: navigation; timestamp: 2; robot: 3; time: 5; src: (0, 0); dst: (-5, -0)
event: task_execution; timestamp: 4.12311; task: 10; robot: 4; pos: (1, -4); time: 10
event: battery_consumption; timestamp: 4.12311; robot: 4; time: 10; initial_level: 95.8769; final_level: 85.8769
event: task_resolution; timestamp: 14.1231; task: 10; pos: (1, -4); status: COMPLETED; attempt: 1
event: battery_consumption; timestamp: 14.1231; robot: 4; time: 4.24264; initial_level: 85.8769; final_level: 81.6343
event: navigation; timestamp: 14.1231; robot: 4; time: 4.24264; src: (1, -4); dst: (4, -1)
event: task_execution; timestamp: 5; task: 13; robot: 1; pos: (-4, 1); time: 10
event: battery_consumption; timestamp: 5; robot: 1; time: 10; initial_level: 95.8769; final_level: 85.8769
event: task_resolution; timestamp: 15; task: 13; pos: (-4, 1); status: COMPLETED; attempt: 1
event: task_execution; timestamp: 5; task: 2; robot: 5; pos: (1, 4); time: 10
event: battery_consumption; timestamp: 5; robot: 5; time: 10; initial_level: 95.8769; final_level: 85.8769
event: task_resolution; timestamp: 15; task: 2; pos: (1, 4); status: COMPLETED; attempt: 1
event: battery_consumption; timestamp: 15; robot: 1; time: 9.05539; initial_level: 85.8769; final_level: 76.8215
event: navigation; timestamp: 15; robot: 1; time: 9.05539; src: (-4, 1); dst: (5, 0)
event: battery_consumption; timestamp: 15; robot: 5; time: 1.41421; initial_level: 85.8769; final_level: 84.4627
event: navigation; timestamp: 15; robot: 5; time: 1.41421; src: (1, 4); dst: (0, 5)
event: task_execution; timestamp: 5.12311; task: 5; robot: 2; pos: (4, 1); time: 10
event: battery_consumption; timestamp: 5.12311; robot: 2; time: 10; initial_level: 95.8769; final_level: 85.8769
event: task_resolution; timestamp: 15.1231; task: 5; pos: (4, 1); status: COMPLETED; attempt: 1
event: battery_consumption; timestamp: 16.1231; robot: 2; time: 5.83095; initial_level: 85.8769; final_level: 80.0459
event: navigation; timestamp: 16.1231; robot: 2; time: 5.83095; src: (4, 1); dst: (-1, 4)
event: task_execution; timestamp: 7; task: 16; robot: 3; pos: (-5, -0); time: 10
event: battery_consumption; timestamp: 7; robot: 3; time: 10; initial_level: 95; final_level: 85
event: task_resolution; timestamp: 17; task: 16; pos: (-5, -0); status: COMPLETED; attempt: 1
event: battery_consumption; timestamp: 17; robot: 3; time: 7.07107; initial_level: 85; final_level: 77.9289
event: navigation; timestamp: 17; robot: 3; time: 7.07107; src: (-5, -0); dst: (0, -5)
event: task_execution; timestamp: 16.4142; task: 1; robot: 5; pos: (0, 5); time: 10
event: battery_consumption; timestamp: 16.4142; robot: 5; time: 10; initial_level: 84.4627; final_level: 74.4627
event: task_resolution; timestamp: 26.4142; task: 1; pos: (0, 5); status: COMPLETED; attempt: 1
event: battery_consumption; timestamp: 26.4142; robot: 5; time: 5.83095; initial_level: 74.4627; final_level: 68.6317
event: navigation; timestamp: 26.4142; robot: 5; time: 5.83095; src: (0, 5); dst: (-3, 0)
event: task_execution; timestamp: 18.3657; task: 7; robot: 4; pos: (4, -1); time: 10
event: battery_consumption; timestamp: 18.3657; robot: 4; time: 10; initial_level: 81.6343; final_level: 71.6343
event: task_resolution; timestamp: 28.3657; task: 7; pos: (4, -1); status: COMPLETED; attempt: 1
event: battery_consumption; timestamp: 28.3657; robot: 4; time: 8; initial_level: 71.6343; final_level: 63.6343
event: navigation; timestamp: 28.3657; robot: 4; time: 8; src: (4, -1); dst: (-4, -1)
event: task_execution; timestamp: 21.9541; task: 4; robot: 2; pos: (-1, 4); time: 10
event: battery_consumption; timestamp: 21.9541; robot: 2; time: 10; initial_level: 80.0459; final_level: 70.0459
event: task_resolution; timestamp: 31.9541; task: 4; pos: (-1, 4); status: COMPLETED; attempt: 1
event: battery_consumption; timestamp: 31.9541; robot: 2; time: 1.41421; initial_level: 70.0459; final_level: 68.6317
event: navigation; timestamp: 31.9541; robot: 2; time: 1.41421; src: (-1, 4); dst: (0, 3)
event: task_execution; timestamp: 24.0554; task: 6; robot: 1; pos: (5, 0); time: 10
event: battery_consumption; timestamp: 24.0554; robot: 1; time: 10; initial_level: 76.8215; final_level: 66.8215
event: task_resolution; timestamp: 34.0554; task: 6; pos: (5, 0); status: COMPLETED; attempt: 1
event: battery_consumption; timestamp: 34.0554; robot: 1; time: 2; initial_level: 66.8215; final_level: 64.8215
event: navigation; timestamp: 34.0554; robot: 1; time: 2; src: (5, 0); dst: (3, -0)
event: task_execution; timestamp: 24.0711; task: 11; robot: 3; pos: (0, -5); time: 10
event: battery_consumption; timestamp: 24.0711; robot: 3; time: 10; initial_level: 77.9289; final_level: 67.9289
event: task_resolution; timestamp: 34.0711; task: 11; pos: (0, -5); status: COMPLETED; attempt: 1
event: battery_consumption; timestamp: 36.0711; robot: 3; time: 5; initial_level: 67.9289; final_level: 62.9289
event: navigation; timestamp: 36.0711; robot: 3; time: 5; src: (0, -5); dst: (0, 0)
event: robot_finished; timestamp: 41.0711; robot: 3; pos: (0, 0); battery: 62.9289
event: task_execution; timestamp: 32.2452; task: 14; robot: 5; pos: (-3, 0); time: 10
event: battery_consumption; timestamp: 32.2452; robot: 5; time: 10; initial_level: 68.6317; final_level: 58.6317
event: task_resolution; timestamp: 42.2452; task: 14; pos: (-3, 0); status: COMPLETED; attempt: 1
event: battery_consumption; timestamp: 42.2452; robot: 5; time: 3; initial_level: 58.6317; final_level: 55.6317
event: navigation; timestamp: 42.2452; robot: 5; time: 3; src: (-3, 0); dst: (0, 0)
event: recharge; timestamp: 45.2452; robot: 5; recharging_station: 1; pos: (0, 0); level: 100
event: task_execution; timestamp: 33.3683; task: 3; robot: 2; pos: (0, 3); time: 10
event: battery_consumption; timestamp: 33.3683; robot: 2; time: 10; initial_level: 68.6317; final_level: 58.6317
event: task_resolution; timestamp: 43.3683; task: 3; pos: (0, 3); status: COMPLETED; attempt: 1
event: battery_consumption; timestamp: 44.3683; robot: 2; time: 3; initial_level: 58.6317; final_level: 55.6317
event: navigation; timestamp: 44.3683; robot: 2; time: 3; src: (0, 3); dst: (0, 0)
event: robot_finished; timestamp: 47.3683; robot: 2; pos: (0, 0); battery: 55.6317
event: task_execution; timestamp: 36.0554; task: 8; robot: 1; pos: (3, -0); time: 10
event: battery_consumption; timestamp: 36.0554; robot: 1; time: 10; initial_level: 64.8215; final_level: 54.8215
event: task_resolution; timestamp: 46.0554; task: 8; pos: (3, -0); status: COMPLETED; attempt: 1
event: battery_consumption; timestamp: 46.0554; robot: 1; time: 3; initial_level: 54.8215; final_level: 51.8215
event: navigation; timestamp: 46.0554; robot: 1; time: 3; src: (3, -0); dst: (0, 0)
event: robot_finished; timestamp: 49.0554; robot: 1; pos: (0, 0); battery: 51.8215
event: robot_finished; timestamp: 46.2452; robot: 5; pos: (0, 0); battery: 100
event: task_execution; timestamp: 36.3657; task: 15; robot: 4; pos: (-4, -1); time: 10
event: battery_consumption; timestamp: 36.3657; robot: 4; time: 10; initial_level: 63.6343; final_level: 53.6343
event: task_resolution; timestamp: 46.3657; task: 15; pos: (-4, -1); status: COMPLETED; attempt: 1
event: battery_consumption; timestamp: 46.3657; robot: 4; time: 4.12311; initial_level: 53.6343; final_level: 49.5111
event: navigation; timestamp: 46.3657; robot: 4; time: 4.12311; src: (-4, -1); dst: (0, 0)
event: recharge; timestamp: 50.4889; robot: 4; recharging_station: 1; pos: (0, 0); level: 100
event: robot_finished; timestamp: 51.4889; robot: 4; pos: (0, 0); battery: 100
metric: available_agents; value: 0
metric: failed_agents; value: 0
metric: finished_agents; value: 5
metric: completed_tasks; value: 14
metric: pending_tasks; value: 0
metric: failed_tasks; value: 2
metric: average_robot_makespan; value: 47.0457
metric: sd_robot_makespan; value: 3.88013
metric: max_robot_makespan; value: 51.4889
metric: min_robot_makespan; value: 41.0711
metric: average_robot_travel_distance; value: 16.895
metric: sd_robot_travel_distance; value: 2.61548
metric: max_robot_travel_distance; value: 20.4889
metric: min_robot_travel_distance; value: 14.3683
metric: sum_robot_travel_distance; value: 84.475
metric: average_completed_tasks_by_robot; value: 0
metric: sd_completed_tasks_by_robot; value: 0
metric: max_completed_tasks_by_robot; value: 0
metric: min_completed_tasks_by_robot; value: 0
metric: final_reward; value: 0.875
metric: computing_time; value: 8.80626
