info: solver_name; value: cbaa
info: reward_function; value: reward00
info: replica; value: 1
info: filename; value: ../logs/prueba/scenario_15t_01_5r_cbaa_reward00_001.log
info: scenario_name; value: scenario_15t_01_5r
info: scenario_name; value: scenario_15t_01_5r
info: number_of_tasks; value: 15
info: number_of_robots; value: 5
info: number_of_recharging_stations; value: 1
info: scenario_size; value: (200,200)
event: recharging_station_spawn; timestamp: 0; recharging_station: 1; pos: (0, 0)
event: task_spawn; timestamp: 0; task: 1; pos: (-93, -67); earliest_start: 0; latest_start: 270; state: PENDING; required_workers: 3; success_prob: 0.6; max_attempts: 1
event: task_spawn; timestamp: 0; task: 2; pos: (39, 78); earliest_start: 0; latest_start: 720; state: PENDING; required_workers: 3; success_prob: 0.9; max_attempts: 1
event: task_spawn; timestamp: 0; task: 3; pos: (17, -22); earliest_start: 0; latest_start: 720; state: PENDING; required_workers: 3; success_prob: 0.7; max_attempts: 1
event: task_spawn; timestamp: 0; task: 4; pos: (-72, -12); earliest_start: 0; latest_start: 450; state: PENDING; required_workers: 1; success_prob: 0.8; max_attempts: 1
event: task_spawn; timestamp: 0; task: 5; pos: (-35, -34); earliest_start: 0; latest_start: 540; state: PENDING; required_workers: 3; success_prob: 0.6; max_attempts: 1
event: task_spawn; timestamp: 0; task: 6; pos: (-69, 72); earliest_start: 0; latest_start: 900; state: PENDING; required_workers: 2; success_prob: 0.9; max_attempts: 1
event: task_spawn; timestamp: 0; task: 7; pos: (25, -100); earliest_start: 0; latest_start: 450; state: PENDING; required_workers: 3; success_prob: 0.6; max_attempts: 1
event: task_spawn; timestamp: 0; task: 8; pos: (84, 59); earliest_start: 0; latest_start: 360; state: PENDING; required_workers: 2; success_prob: 0.7; max_attempts: 1
event: task_spawn; timestamp: 0; task: 9; pos: (93, -19); earliest_start: 0; latest_start: 450; state: PENDING; required_workers: 2; success_prob: 0.5; max_attempts: 1
event: task_spawn; timestamp: 0; task: 10; pos: (-24, 66); earliest_start: 0; latest_start: 630; state: PENDING; required_workers: 2; success_prob: 0.6; max_attempts: 1
event: task_spawn; timestamp: 0; task: 11; pos: (-35, -89); earliest_start: 0; latest_start: 1080; state: PENDING; required_workers: 2; success_prob: 0.7; max_attempts: 1
event: task_spawn; timestamp: 0; task: 12; pos: (-98, 71); earliest_start: 0; latest_start: 540; state: PENDING; required_workers: 3; success_prob: 0.6; max_attempts: 1
event: task_spawn; timestamp: 0; task: 13; pos: (-99, 84); earliest_start: 0; latest_start: 360; state: PENDING; required_workers: 2; success_prob: 0.6; max_attempts: 1
event: task_spawn; timestamp: 0; task: 14; pos: (-23, -23); earliest_start: 0; latest_start: 630; state: PENDING; required_workers: 1; success_prob: 0.7; max_attempts: 1
event: task_spawn; timestamp: 0; task: 15; pos: (68, 11); earliest_start: 0; latest_start: 630; state: PENDING; required_workers: 1; success_prob: 0.6; max_attempts: 1
event: robot_spawn; timestamp: 0; robot: 1; pos: (0, 0); state: AVAILABLE; battery_level: 100; battery_capacity: 100; velocity: 5; battery_rate_nav: 0.1
event: robot_spawn; timestamp: 0; robot: 2; pos: (0, 0); state: AVAILABLE; battery_level: 100; battery_capacity: 100; velocity: 5; battery_rate_nav: 0.1
event: robot_spawn; timestamp: 0; robot: 3; pos: (0, 0); state: AVAILABLE; battery_level: 100; battery_capacity: 100; velocity: 5; battery_rate_nav: 0.1
event: robot_spawn; timestamp: 0; robot: 4; pos: (0, 0); state: AVAILABLE; battery_level: 100; battery_capacity: 100; velocity: 5; battery_rate_nav: 0.1
event: robot_spawn; timestamp: 0; robot: 5; pos: (0, 0); state: AVAILABLE; battery_level: 100; battery_capacity: 100; velocity: 5; battery_rate_nav: 0.1
event: battery_consumption; timestamp: 0; robot: 1; time: 6.50538; initial_level: 100; final_level: 99.3495
event: navigation; timestamp: 0; robot: 1; time: 6.50538; src: (0, 0); dst: (-23, -23)
event: battery_consumption; timestamp: 0; robot: 3; time: 5.56058; initial_level: 100; final_level: 99.4439
event: navigation; timestamp: 0; robot: 3; time: 5.56058; src: (0, 0); dst: (17, -22)
event: battery_consumption; timestamp: 0; robot: 5; time: 17.4413; initial_level: 100; final_level: 98.2559
event: navigation; timestamp: 0; robot: 5; time: 17.4413; src: (0, 0); dst: (39, 78)
event: battery_consumption; timestamp: 0; robot: 4; time: 5.56058; initial_level: 100; final_level: 99.4439
event: navigation; timestamp: 0; robot: 4; time: 5.56058; src: (0, 0); dst: (17, -22)
event: battery_consumption; timestamp: 0; robot: 2; time: 5.56058; initial_level: 100; final_level: 99.4439
event: navigation; timestamp: 0; robot: 2; time: 5.56058; src: (0, 0); dst: (17, -22)
event: task_execution; timestamp: 5.56058; task: 3; robot: 2; pos: (17, -22); time: 0
event: battery_consumption; timestamp: 5.56058; robot: 2; time: 0; initial_level: 99.4439; final_level: 99.4439
event: task_execution; timestamp: 5.56058; task: 3; robot: 3; pos: (17, -22); time: 0
event: battery_consumption; timestamp: 5.56058; robot: 3; time: 0; initial_level: 99.4439; final_level: 99.4439
event: task_execution; timestamp: 5.56058; task: 3; robot: 4; pos: (17, -22); time: 0
event: battery_consumption; timestamp: 5.56058; robot: 4; time: 0; initial_level: 99.4439; final_level: 99.4439
event: task_resolution; timestamp: 5.56058; task: 3; pos: (17, -22); status: COMPLETED; attempt: 1
event: battery_consumption; timestamp: 5.56058; robot: 2; time: 12.1491; initial_level: 99.4439; final_level: 98.229
event: navigation; timestamp: 5.56058; robot: 2; time: 12.1491; src: (17, -22); dst: (68, 11)
event: battery_consumption; timestamp: 5.56058; robot: 4; time: 10.6733; initial_level: 99.4439; final_level: 98.3766
event: navigation; timestamp: 5.56058; robot: 4; time: 10.6733; src: (17, -22); dst: (-35, -34)
event: battery_consumption; timestamp: 5.56058; robot: 3; time: 10.6733; initial_level: 99.4439; final_level: 98.3766
event: navigation; timestamp: 5.56058; robot: 3; time: 10.6733; src: (17, -22); dst: (-35, -34)
event: task_execution; timestamp: 6.50538; task: 14; robot: 1; pos: (-23, -23); time: 0
event: battery_consumption; timestamp: 6.50538; robot: 1; time: 0; initial_level: 99.3495; final_level: 99.3495
event: task_resolution; timestamp: 6.50538; task: 14; pos: (-23, -23); status: COMPLETED; attempt: 1
event: battery_consumption; timestamp: 6.50538; robot: 1; time: 3.25576; initial_level: 99.3495; final_level: 99.0239
event: navigation; timestamp: 6.50538; robot: 1; time: 3.25576; src: (-23, -23); dst: (-35, -34)
event: task_execution; timestamp: 16.2339; task: 5; robot: 1; pos: (-35, -34); time: 0
event: battery_consumption; timestamp: 16.2339; robot: 1; time: 0; initial_level: 99.0239; final_level: 99.0239
event: task_execution; timestamp: 16.2339; task: 5; robot: 3; pos: (-35, -34); time: 0
event: battery_consumption; timestamp: 16.2339; robot: 3; time: 0; initial_level: 98.3766; final_level: 98.3766
event: task_execution; timestamp: 16.2339; task: 5; robot: 4; pos: (-35, -34); time: 0
event: battery_consumption; timestamp: 16.2339; robot: 4; time: 0; initial_level: 98.3766; final_level: 98.3766
event: task_resolution; timestamp: 16.2339; task: 5; pos: (-35, -34); status: COMPLETED; attempt: 1
event: battery_consumption; timestamp: 16.2339; robot: 4; time: 13.3462; initial_level: 98.3766; final_level: 97.042
event: navigation; timestamp: 16.2339; robot: 4; time: 13.3462; src: (-35, -34); dst: (-93, -67)
event: battery_consumption; timestamp: 16.2339; robot: 3; time: 13.3462; initial_level: 98.3766; final_level: 97.042
event: navigation; timestamp: 16.2339; robot: 3; time: 13.3462; src: (-35, -34); dst: (-93, -67)
event: battery_consumption; timestamp: 16.2339; robot: 1; time: 8.6093; initial_level: 99.0239; final_level: 98.163
event: navigation; timestamp: 16.2339; robot: 1; time: 8.6093; src: (-35, -34); dst: (-72, -12)
event: task_execution; timestamp: 17.7096; task: 15; robot: 2; pos: (68, 11); time: 0
event: battery_consumption; timestamp: 17.7096; robot: 2; time: 0; initial_level: 98.229; final_level: 88.229
event: task_resolution; timestamp: 17.7096; task: 15; pos: (68, 11); status: FAILED; attempt: 1
event: battery_consumption; timestamp: 17.7096; robot: 2; time: 14.6014; initial_level: 88.229; final_level: 86.7689
event: navigation; timestamp: 17.7096; robot: 2; time: 14.6014; src: (68, 11); dst: (39, 78)
event: task_execution; timestamp: 24.8432; task: 4; robot: 1; pos: (-72, -12); time: 84.2144
event: battery_consumption; timestamp: 24.8432; robot: 1; time: 84.2144; initial_level: 98.163; final_level: 13.9485
event: task_resolution; timestamp: 109.058; task: 4; pos: (-72, -12); status: COMPLETED; attempt: 1
event: battery_consumption; timestamp: 109.058; robot: 1; time: 11.7745; initial_level: 13.9485; final_level: 12.7711
event: navigation; timestamp: 109.058; robot: 1; time: 11.7745; src: (-72, -12); dst: (-93, -67)
event: task_execution; timestamp: 120.832; task: 1; robot: 1; pos: (-93, -67); time: 12.7711
event: battery_consumption; timestamp: 120.832; robot: 1; time: 12.7711; initial_level: 12.7711; final_level: 2.77106
event: task_execution; timestamp: 120.832; task: 1; robot: 3; pos: (-93, -67); time: 12.7711
event: battery_consumption; timestamp: 120.832; robot: 3; time: 12.7711; initial_level: 97.042; final_level: 87.042
event: task_execution; timestamp: 120.832; task: 1; robot: 4; pos: (-93, -67); time: 12.7711
event: battery_consumption; timestamp: 120.832; robot: 4; time: 12.7711; initial_level: 97.042; final_level: 87.042
event: task_resolution; timestamp: 133.603; task: 1; pos: (-93, -67); status: FAILED; attempt: 1
event: battery_consumption; timestamp: 133.603; robot: 4; time: 24.5055; initial_level: 87.042; final_level: 84.5914
event: navigation; timestamp: 133.603; robot: 4; time: 24.5055; src: (-93, -67); dst: (25, -100)
event: battery_consumption; timestamp: 133.603; robot: 1; time: 12.4064; initial_level: 2.77106; final_level: 1.53042
event: navigation; timestamp: 133.603; robot: 1; time: 12.4064; src: (-93, -67); dst: (-35, -89)
event: battery_consumption; timestamp: 133.603; robot: 3; time: 24.5055; initial_level: 87.042; final_level: 84.5914
event: navigation; timestamp: 133.603; robot: 3; time: 24.5055; src: (-93, -67); dst: (25, -100)
event: battery_consumption; timestamp: 450; robot: 3; time: 12.2; initial_level: 84.5914; final_level: 83.3714
event: navigation; timestamp: 450; robot: 3; time: 12.2; src: (25, -100); dst: (-35, -89)
event: battery_consumption; timestamp: 450; robot: 4; time: 35.7099; initial_level: 84.5914; final_level: 81.0204
event: navigation; timestamp: 450; robot: 4; time: 35.7099; src: (25, -100); dst: (39, 78)
event: task_execution; timestamp: 462.2; task: 11; robot: 1; pos: (-35, -89); time: 1.53042
event: battery_consumption; timestamp: 462.2; robot: 1; time: 1.53042; initial_level: 1.53042; final_level: -8.46958
event: robot_failed; timestamp: 463.73; robot: 1; pos: (-35, -89)
event: task_execution; timestamp: 462.2; task: 11; robot: 3; pos: (-35, -89); time: 1.53042
event: battery_consumption; timestamp: 462.2; robot: 3; time: 1.53042; initial_level: 83.3714; final_level: 73.3714
event: task_resolution; timestamp: 463.73; task: 11; pos: (-35, -89); status: FAILED; attempt: 1
event: battery_consumption; timestamp: 463.73; robot: 3; time: 19.1269; initial_level: 73.3714; final_level: 71.4587
event: navigation; timestamp: 463.73; robot: 3; time: 19.1269; src: (-35, -89); dst: (0, 0)
event: robot_finished; timestamp: 482.857; robot: 3; pos: (0, 0); battery: 71.4587
event: task_execution; timestamp: 485.71; task: 2; robot: 2; pos: (39, 78); time: 13.1431
event: battery_consumption; timestamp: 485.71; robot: 2; time: 13.1431; initial_level: 86.7689; final_level: 73.6258
event: task_execution; timestamp: 485.71; task: 2; robot: 4; pos: (39, 78); time: 13.1431
event: battery_consumption; timestamp: 485.71; robot: 4; time: 13.1431; initial_level: 81.0204; final_level: 67.8773
event: task_execution; timestamp: 485.71; task: 2; robot: 5; pos: (39, 78); time: 13.1431
event: battery_consumption; timestamp: 485.71; robot: 5; time: 13.1431; initial_level: 98.2559; final_level: 85.1127
event: task_resolution; timestamp: 498.853; task: 2; pos: (39, 78); status: COMPLETED; attempt: 1
event: battery_consumption; timestamp: 498.853; robot: 2; time: 12.8265; initial_level: 73.6258; final_level: 72.3431
event: navigation; timestamp: 498.853; robot: 2; time: 12.8265; src: (39, 78); dst: (-24, 66)
event: battery_consumption; timestamp: 498.853; robot: 4; time: 12.8265; initial_level: 67.8773; final_level: 66.5946
event: navigation; timestamp: 498.853; robot: 4; time: 12.8265; src: (39, 78); dst: (-24, 66)
event: battery_consumption; timestamp: 498.853; robot: 5; time: 27.4357; initial_level: 85.1127; final_level: 82.3691
event: navigation; timestamp: 498.853; robot: 5; time: 27.4357; src: (39, 78); dst: (-98, 71)
event: task_execution; timestamp: 511.68; task: 10; robot: 2; pos: (-24, 66); time: 0
event: battery_consumption; timestamp: 511.68; robot: 2; time: 0; initial_level: 72.3431; final_level: 62.3431
event: task_execution; timestamp: 511.68; task: 10; robot: 4; pos: (-24, 66); time: 0
event: battery_consumption; timestamp: 511.68; robot: 4; time: 0; initial_level: 66.5946; final_level: 56.5946
event: task_resolution; timestamp: 511.68; task: 10; pos: (-24, 66); status: FAILED; attempt: 1
event: battery_consumption; timestamp: 511.68; robot: 4; time: 14.8337; initial_level: 56.5946; final_level: 55.1113
event: navigation; timestamp: 511.68; robot: 4; time: 14.8337; src: (-24, 66); dst: (-98, 71)
event: battery_consumption; timestamp: 511.68; robot: 2; time: 14.8337; initial_level: 62.3431; final_level: 60.8597
event: navigation; timestamp: 511.68; robot: 2; time: 14.8337; src: (-24, 66); dst: (-98, 71)
event: task_execution; timestamp: 526.513; task: 12; robot: 2; pos: (-98, 71); time: 0
event: battery_consumption; timestamp: 526.513; robot: 2; time: 0; initial_level: 60.8597; final_level: 50.8597
event: task_execution; timestamp: 526.513; task: 12; robot: 4; pos: (-98, 71); time: 0
event: battery_consumption; timestamp: 526.513; robot: 4; time: 0; initial_level: 55.1113; final_level: 45.1113
event: task_execution; timestamp: 526.513; task: 12; robot: 5; pos: (-98, 71); time: 0
event: battery_consumption; timestamp: 526.513; robot: 5; time: 0; initial_level: 82.3691; final_level: 72.3691
event: task_resolution; timestamp: 526.513; task: 12; pos: (-98, 71); status: FAILED; attempt: 1
event: battery_consumption; timestamp: 526.513; robot: 2; time: 5.80345; initial_level: 50.8597; final_level: 50.2794
event: navigation; timestamp: 526.513; robot: 2; time: 5.80345; src: (-98, 71); dst: (-69, 72)
event: battery_consumption; timestamp: 526.513; robot: 4; time: 5.80345; initial_level: 45.1113; final_level: 44.5309
event: navigation; timestamp: 526.513; robot: 4; time: 5.80345; src: (-98, 71); dst: (-69, 72)
event: battery_consumption; timestamp: 526.513; robot: 5; time: 24.2033; initial_level: 72.3691; final_level: 69.9488
event: navigation; timestamp: 526.513; robot: 5; time: 24.2033; src: (-98, 71); dst: (0, 0)
event: robot_finished; timestamp: 550.717; robot: 5; pos: (0, 0); battery: 69.9488
event: task_execution; timestamp: 532.317; task: 6; robot: 2; pos: (-69, 72); time: 0
event: battery_consumption; timestamp: 532.317; robot: 2; time: 0; initial_level: 50.2794; final_level: 50.2794
event: task_execution; timestamp: 532.317; task: 6; robot: 4; pos: (-69, 72); time: 0
event: battery_consumption; timestamp: 532.317; robot: 4; time: 0; initial_level: 44.5309; final_level: 44.5309
event: task_resolution; timestamp: 532.317; task: 6; pos: (-69, 72); status: COMPLETED; attempt: 1
event: battery_consumption; timestamp: 532.317; robot: 2; time: 19.9449; initial_level: 50.2794; final_level: 48.2849
event: navigation; timestamp: 532.317; robot: 2; time: 19.9449; src: (-69, 72); dst: (0, 0)
event: robot_finished; timestamp: 552.262; robot: 2; pos: (0, 0); battery: 48.2849
event: battery_consumption; timestamp: 532.317; robot: 4; time: 19.9449; initial_level: 44.5309; final_level: 42.5364
event: navigation; timestamp: 532.317; robot: 4; time: 19.9449; src: (-69, 72); dst: (0, 0)
event: robot_finished; timestamp: 552.262; robot: 4; pos: (0, 0); battery: 42.5364
metric: available_agents; value: 0
metric: failed_agents; value: 1
metric: finished_agents; value: 4
metric: completed_tasks; value: 6
metric: pending_tasks; value: 0
metric: failed_tasks; value: 9
metric: average_robot_makespan; value: 520.366
metric: sd_robot_makespan; value: 43.5038
metric: max_robot_makespan; value: 552.262
metric: min_robot_makespan; value: 463.73
metric: average_robot_travel_distance; value: 425.968
metric: sd_robot_travel_distance; value: 184.451
metric: max_robot_travel_distance; value: 716.021
metric: min_robot_travel_distance; value: 212.757
metric: sum_robot_travel_distance; value: 2129.84
metric: average_completed_tasks_by_robot; value: 0
metric: sd_completed_tasks_by_robot; value: 0
metric: max_completed_tasks_by_robot; value: 0
metric: min_completed_tasks_by_robot; value: 0
metric: final_reward; value: 0.4
metric: computing_time; value: 0.00154659
