info: solver_name; value: dec-mcts-v3.1
info: reward_function; value: reward00
info: replica; value: 2
info: filename; value: ../logs/prueba/scenario_1E_24t_5r_dec-mcts-v3.1_reward00_002.log
info: scenario_name; value: scenario_1E_24t_5r
info: scenario_name; value: scenario_1E_24t_5r
info: number_of_tasks; value: 24
info: number_of_robots; value: 5
info: number_of_recharging_stations; value: 1
info: scenario_size; value: (15,15)
event: recharging_station_spawn; timestamp: 0; recharging_station: 1; pos: (0, 0)
event: task_spawn; timestamp: 0; task: 1; pos: (0, 5); earliest_start: 40; latest_start: 51.29; state: PENDING; required_workers: 1; success_prob: 1; max_attempts: 1
event: task_spawn; timestamp: 0; task: 2; pos: (0.87, 4.5); earliest_start: 35; latest_start: 43.12; state: PENDING; required_workers: 1; success_prob: 1; max_attempts: 1
event: task_spawn; timestamp: 0; task: 3; pos: (0.87, 3.5); earliest_start: 39; latest_start: 48.36; state: PENDING; required_workers: 1; success_prob: 1; max_attempts: 1
event: task_spawn; timestamp: 0; task: 4; pos: (0, 3); earliest_start: 34; latest_start: 48.15; state: PENDING; required_workers: 1; success_prob: 1; max_attempts: 1
event: task_spawn; timestamp: 0; task: 5; pos: (-0.87, 3.5); earliest_start: 37; latest_start: 50.58; state: PENDING; required_workers: 1; success_prob: 1; max_attempts: 1
event: task_spawn; timestamp: 0; task: 6; pos: (-0.87, 4.5); earliest_start: 37; latest_start: 49.38; state: PENDING; required_workers: 1; success_prob: 1; max_attempts: 1
event: task_spawn; timestamp: 0; task: 7; pos: (4, 1); earliest_start: 46; latest_start: 58.49; state: PENDING; required_workers: 1; success_prob: 1; max_attempts: 1
event: task_spawn; timestamp: 0; task: 8; pos: (4.87, 0.5); earliest_start: 38; latest_start: 51.63; state: PENDING; required_workers: 1; success_prob: 1; max_attempts: 1
event: task_spawn; timestamp: 0; task: 9; pos: (4.87, -0.5); earliest_start: 2; latest_start: 8.44; state: PENDING; required_workers: 1; success_prob: 1; max_attempts: 1
event: task_spawn; timestamp: 0; task: 10; pos: (4, -1); earliest_start: 1; latest_start: 16.8; state: PENDING; required_workers: 1; success_prob: 1; max_attempts: 1
event: task_spawn; timestamp: 0; task: 11; pos: (3.13, -0.5); earliest_start: 49; latest_start: 65.38; state: PENDING; required_workers: 1; success_prob: 1; max_attempts: 1
event: task_spawn; timestamp: 0; task: 12; pos: (3.13, 0.5); earliest_start: 36; latest_start: 49.57; state: PENDING; required_workers: 1; success_prob: 1; max_attempts: 1
event: task_spawn; timestamp: 0; task: 13; pos: (0, -3); earliest_start: 36; latest_start: 45.81; state: PENDING; required_workers: 1; success_prob: 1; max_attempts: 1
event: task_spawn; timestamp: 0; task: 14; pos: (0.87, -3.5); earliest_start: 26; latest_start: 38.06; state: PENDING; required_workers: 1; success_prob: 1; max_attempts: 1
event: task_spawn; timestamp: 0; task: 15; pos: (0.87, -4.5); earliest_start: 40; latest_start: 49.45; state: PENDING; required_workers: 1; success_prob: 1; max_attempts: 1
event: task_spawn; timestamp: 0; task: 16; pos: (0, -5); earliest_start: 34; latest_start: 43.5; state: PENDING; required_workers: 1; success_prob: 1; max_attempts: 1
event: task_spawn; timestamp: 0; task: 17; pos: (-0.87, -4.5); earliest_start: 30; latest_start: 38.15; state: PENDING; required_workers: 1; success_prob: 1; max_attempts: 1
event: task_spawn; timestamp: 0; task: 18; pos: (-0.87, -3.5); earliest_start: 15; latest_start: 32.28; state: PENDING; required_workers: 1; success_prob: 1; max_attempts: 1
event: task_spawn; timestamp: 0; task: 19; pos: (-4, 1); earliest_start: 19; latest_start: 30.54; state: PENDING; required_workers: 1; success_prob: 1; max_attempts: 1
event: task_spawn; timestamp: 0; task: 20; pos: (-3.13, 0.5); earliest_start: 29; latest_start: 34.71; state: PENDING; required_workers: 1; success_prob: 1; max_attempts: 1
event: task_spawn; timestamp: 0; task: 21; pos: (-3.13, -0.5); earliest_start: 28; latest_start: 38.95; state: PENDING; required_workers: 1; success_prob: 1; max_attempts: 1
event: task_spawn; timestamp: 0; task: 22; pos: (-4, -1); earliest_start: 26; latest_start: 36.47; state: PENDING; required_workers: 1; success_prob: 1; max_attempts: 1
event: task_spawn; timestamp: 0; task: 23; pos: (-4.87, -0.5); earliest_start: 38; latest_start: 45.98; state: PENDING; required_workers: 1; success_prob: 1; max_attempts: 1
event: task_spawn; timestamp: 0; task: 24; pos: (-4.87, 0.5); earliest_start: 9; latest_start: 19.2; state: PENDING; required_workers: 1; success_prob: 1; max_attempts: 1
event: robot_spawn; timestamp: 0; robot: 1; pos: (0, 0); state: AVAILABLE; battery_level: 100; battery_capacity: 100; velocity: 1; battery_rate_nav: 1
event: robot_spawn; timestamp: 0; robot: 2; pos: (0, 0); state: AVAILABLE; battery_level: 100; battery_capacity: 100; velocity: 1; battery_rate_nav: 1
event: robot_spawn; timestamp: 0; robot: 3; pos: (0, 0); state: AVAILABLE; battery_level: 100; battery_capacity: 100; velocity: 1; battery_rate_nav: 1
event: robot_spawn; timestamp: 0; robot: 4; pos: (0, 0); state: AVAILABLE; battery_level: 100; battery_capacity: 100; velocity: 1; battery_rate_nav: 1
event: robot_spawn; timestamp: 0; robot: 5; pos: (0, 0); state: AVAILABLE; battery_level: 100; battery_capacity: 100; velocity: 1; battery_rate_nav: 1
event: battery_consumption; timestamp: 0; robot: 2; time: 4.8956; initial_level: 100; final_level: 95.1044
event: navigation; timestamp: 0; robot: 2; time: 4.8956; src: (0, 0); dst: (4.87, -0.5)
event: battery_consumption; timestamp: 0; robot: 5; time: 4.12311; initial_level: 100; final_level: 95.8769
event: navigation; timestamp: 0; robot: 5; time: 4.12311; src: (0, 0); dst: (4, -1)
event: battery_consumption; timestamp: 0; robot: 1; time: 4.8956; initial_level: 100; final_level: 95.1044
event: navigation; timestamp: 0; robot: 1; time: 4.8956; src: (0, 0); dst: (-4.87, 0.5)
event: battery_consumption; timestamp: 1; robot: 4; time: 4.12311; initial_level: 100; final_level: 95.8769
event: navigation; timestamp: 1; robot: 4; time: 4.12311; src: (0, 0); dst: (-4, 1)
event: battery_consumption; timestamp: 1; robot: 3; time: 4.8956; initial_level: 100; final_level: 95.1044
event: navigation; timestamp: 1; robot: 3; time: 4.8956; src: (0, 0); dst: (-4.87, -0.5)
event: task_execution; timestamp: 4.12311; task: 10; robot: 5; pos: (4, -1); time: 10
event: battery_consumption; timestamp: 4.12311; robot: 5; time: 10; initial_level: 95.8769; final_level: 85.8769
event: task_resolution; timestamp: 14.1231; task: 10; pos: (4, -1); status: COMPLETED; attempt: 1
event: battery_consumption; timestamp: 14.1231; robot: 5; time: 5.4742; initial_level: 85.8769; final_level: 80.4027
event: navigation; timestamp: 14.1231; robot: 5; time: 5.4742; src: (4, -1); dst: (-0.87, -3.5)
event: task_execution; timestamp: 4.8956; task: 9; robot: 2; pos: (4.87, -0.5); time: 10
event: battery_consumption; timestamp: 4.8956; robot: 2; time: 10; initial_level: 95.1044; final_level: 85.1044
event: task_resolution; timestamp: 14.8956; task: 9; pos: (4.87, -0.5); status: COMPLETED; attempt: 1
event: battery_consumption; timestamp: 14.8956; robot: 2; time: 5; initial_level: 85.1044; final_level: 80.1044
event: navigation; timestamp: 14.8956; robot: 2; time: 5; src: (4.87, -0.5); dst: (0.87, -3.5)
event: task_execution; timestamp: 9; task: 24; robot: 1; pos: (-4.87, 0.5); time: 10
event: battery_consumption; timestamp: 9; robot: 1; time: 10; initial_level: 95.1044; final_level: 85.1044
event: task_resolution; timestamp: 19; task: 24; pos: (-4.87, 0.5); status: COMPLETED; attempt: 1
event: battery_consumption; timestamp: 19; robot: 1; time: 1.73404; initial_level: 85.1044; final_level: 83.3704
event: navigation; timestamp: 19; robot: 1; time: 1.73404; src: (-4.87, 0.5); dst: (-4, -1)
event: task_execution; timestamp: 19; task: 19; robot: 4; pos: (-4, 1); time: 10
event: battery_consumption; timestamp: 19; robot: 4; time: 10; initial_level: 95.8769; final_level: 85.8769
event: task_resolution; timestamp: 29; task: 19; pos: (-4, 1); status: COMPLETED; attempt: 1
event: battery_consumption; timestamp: 29; robot: 4; time: 1.73404; initial_level: 85.8769; final_level: 84.1429
event: navigation; timestamp: 29; robot: 4; time: 1.73404; src: (-4, 1); dst: (-3.13, -0.5)
event: task_execution; timestamp: 19.5973; task: 18; robot: 5; pos: (-0.87, -3.5); time: 10
event: battery_consumption; timestamp: 19.5973; robot: 5; time: 10; initial_level: 80.4027; final_level: 70.4027
event: task_resolution; timestamp: 29.5973; task: 18; pos: (-0.87, -3.5); status: COMPLETED; attempt: 1
event: battery_consumption; timestamp: 29.5973; robot: 5; time: 1; initial_level: 70.4027; final_level: 69.4027
event: navigation; timestamp: 29.5973; robot: 5; time: 1; src: (-0.87, -3.5); dst: (-0.87, -4.5)
event: task_execution; timestamp: 26; task: 14; robot: 2; pos: (0.87, -3.5); time: 10
event: battery_consumption; timestamp: 26; robot: 2; time: 10; initial_level: 80.1044; final_level: 70.1044
event: task_resolution; timestamp: 36; task: 14; pos: (0.87, -3.5); status: COMPLETED; attempt: 1
event: task_execution; timestamp: 26; task: 22; robot: 1; pos: (-4, -1); time: 10
event: battery_consumption; timestamp: 26; robot: 1; time: 10; initial_level: 83.3704; final_level: 73.3704
event: task_resolution; timestamp: 36; task: 22; pos: (-4, -1); status: COMPLETED; attempt: 1
event: battery_consumption; timestamp: 36; robot: 1; time: 5.65685; initial_level: 73.3704; final_level: 67.7135
event: navigation; timestamp: 36; robot: 1; time: 5.65685; src: (-4, -1); dst: (0, -5)
event: battery_consumption; timestamp: 37; robot: 2; time: 3.60651; initial_level: 70.1044; final_level: 66.4979
event: navigation; timestamp: 37; robot: 2; time: 3.60651; src: (0.87, -3.5); dst: (0, 0)
event: recharge; timestamp: 40.6065; robot: 2; recharging_station: 1; pos: (0, 0); level: 100
event: task_execution; timestamp: 30.5973; task: 17; robot: 5; pos: (-0.87, -4.5); time: 10
event: battery_consumption; timestamp: 30.5973; robot: 5; time: 10; initial_level: 69.4027; final_level: 59.4027
event: task_resolution; timestamp: 40.5973; task: 17; pos: (-0.87, -4.5); status: COMPLETED; attempt: 1
event: battery_consumption; timestamp: 40.5973; robot: 5; time: 6.40312; initial_level: 59.4027; final_level: 52.9996
event: navigation; timestamp: 40.5973; robot: 5; time: 6.40312; src: (-0.87, -4.5); dst: (3.13, 0.5)
event: battery_consumption; timestamp: 40.6065; robot: 2; time: 4.58333; initial_level: 100; final_level: 95.4167
event: navigation; timestamp: 40.6065; robot: 2; time: 4.58333; src: (0, 0); dst: (-0.87, 4.5)
event: task_execution; timestamp: 30.734; task: 21; robot: 4; pos: (-3.13, -0.5); time: 10
event: battery_consumption; timestamp: 30.734; robot: 4; time: 10; initial_level: 84.1429; final_level: 74.1429
event: task_resolution; timestamp: 40.734; task: 21; pos: (-3.13, -0.5); status: COMPLETED; attempt: 1
event: battery_consumption; timestamp: 41.734; robot: 4; time: 3.16968; initial_level: 74.1429; final_level: 70.9732
event: navigation; timestamp: 41.734; robot: 4; time: 3.16968; src: (-3.13, -0.5); dst: (0, 0)
event: robot_finished; timestamp: 44.9037; robot: 4; pos: (0, 0); battery: 70.9732
event: task_execution; timestamp: 38; task: 23; robot: 3; pos: (-4.87, -0.5); time: 10
event: battery_consumption; timestamp: 38; robot: 3; time: 10; initial_level: 95.1044; final_level: 85.1044
event: task_resolution; timestamp: 48; task: 23; pos: (-4.87, -0.5); status: COMPLETED; attempt: 1
event: battery_consumption; timestamp: 48; robot: 3; time: 8.99594; initial_level: 85.1044; final_level: 76.1085
event: navigation; timestamp: 48; robot: 3; time: 8.99594; src: (-4.87, -0.5); dst: (4, 1)
event: task_execution; timestamp: 41.6569; task: 16; robot: 1; pos: (0, -5); time: 10
event: battery_consumption; timestamp: 41.6569; robot: 1; time: 10; initial_level: 67.7135; final_level: 57.7135
event: task_resolution; timestamp: 51.6569; task: 16; pos: (0, -5); status: COMPLETED; attempt: 1
event: battery_consumption; timestamp: 51.6569; robot: 1; time: 5; initial_level: 57.7135; final_level: 52.7135
event: navigation; timestamp: 51.6569; robot: 1; time: 5; src: (0, -5); dst: (0, 0)
event: recharge; timestamp: 56.6569; robot: 1; recharging_station: 1; pos: (0, 0); level: 100
event: task_execution; timestamp: 45.1898; task: 6; robot: 2; pos: (-0.87, 4.5); time: 10
event: battery_consumption; timestamp: 45.1898; robot: 2; time: 10; initial_level: 95.4167; final_level: 85.4167
event: task_resolution; timestamp: 55.1898; task: 6; pos: (-0.87, 4.5); status: COMPLETED; attempt: 1
event: battery_consumption; timestamp: 55.1898; robot: 2; time: 4.58333; initial_level: 85.4167; final_level: 80.8333
event: navigation; timestamp: 55.1898; robot: 2; time: 4.58333; src: (-0.87, 4.5); dst: (0, 0)
event: robot_finished; timestamp: 59.7732; robot: 2; pos: (0, 0); battery: 80.8333
event: robot_finished; timestamp: 56.6569; robot: 1; pos: (0, 0); battery: 100
event: task_execution; timestamp: 47.0004; task: 12; robot: 5; pos: (3.13, 0.5); time: 10
event: battery_consumption; timestamp: 47.0004; robot: 5; time: 10; initial_level: 52.9996; final_level: 42.9996
event: task_resolution; timestamp: 57.0004; task: 12; pos: (3.13, 0.5); status: COMPLETED; attempt: 1
event: battery_consumption; timestamp: 57.0004; robot: 5; time: 3.16968; initial_level: 42.9996; final_level: 39.8299
event: navigation; timestamp: 57.0004; robot: 5; time: 3.16968; src: (3.13, 0.5); dst: (0, 0)
event: robot_finished; timestamp: 60.1701; robot: 5; pos: (0, 0); battery: 39.8299
event: task_execution; timestamp: 56.9959; task: 7; robot: 3; pos: (4, 1); time: 10
event: battery_consumption; timestamp: 56.9959; robot: 3; time: 10; initial_level: 76.1085; final_level: 66.1085
event: task_resolution; timestamp: 66.9959; task: 7; pos: (4, 1); status: COMPLETED; attempt: 1
event: battery_consumption; timestamp: 66.9959; robot: 3; time: 4.12311; initial_level: 66.1085; final_level: 61.9854
event: navigation; timestamp: 66.9959; robot: 3; time: 4.12311; src: (4, 1); dst: (0, 0)
event: robot_finished; timestamp: 71.119; robot: 3; pos: (0, 0); battery: 61.9854
metric: available_agents; value: 0
metric: failed_agents; value: 0
metric: finished_agents; value: 5
metric: completed_tasks; value: 14
metric: pending_tasks; value: 0
metric: failed_tasks; value: 10
metric: average_robot_makespan; value: 58.5246
metric: sd_robot_makespan; value: 9.37954
metric: max_robot_makespan; value: 71.119
metric: min_robot_makespan; value: 44.9037
metric: average_robot_travel_distance; value: 17.4334
metric: sd_robot_travel_distance; value: 5.14608
metric: max_robot_travel_distance; value: 22.6688
metric: min_robot_travel_distance; value: 9.02683
metric: sum_robot_travel_distance; value: 87.1669
metric: average_completed_tasks_by_robot; value: 0
metric: sd_completed_tasks_by_robot; value: 0
metric: max_completed_tasks_by_robot; value: 0
metric: min_completed_tasks_by_robot; value: 0
metric: final_reward; value: 0.583333
metric: computing_time; value: 2.05771
