info: solver_name; value: cbaa
info: reward_function; value: reward00
info: replica; value: 1
info: filename; value: ../logs/prueba/scenario_10t_03_5r_cbaa_reward00_001.log
info: scenario_name; value: scenario_10t_03_5r
info: scenario_name; value: scenario_10t_03_5r
info: number_of_tasks; value: 10
info: number_of_robots; value: 5
info: number_of_recharging_stations; value: 1
info: scenario_size; value: (200,200)
event: recharging_station_spawn; timestamp: 0; recharging_station: 1; pos: (0, 0)
event: task_spawn; timestamp: 0; task: 1; pos: (-37, -22); earliest_start: 0; latest_start: 1080; state: PENDING; required_workers: 3; success_prob: 0.5; max_attempts: 1
event: task_spawn; timestamp: 0; task: 2; pos: (50, -94); earliest_start: 0; latest_start: 810; state: PENDING; required_workers: 1; success_prob: 0.6; max_attempts: 1
event: task_spawn; timestamp: 0; task: 3; pos: (29, 46); earliest_start: 0; latest_start: 450; state: PENDING; required_workers: 1; success_prob: 0.8; max_attempts: 1
event: task_spawn; timestamp: 0; task: 4; pos: (4, 75); earliest_start: 0; latest_start: 720; state: PENDING; required_workers: 1; success_prob: 0.6; max_attempts: 1
event: task_spawn; timestamp: 0; task: 5; pos: (-92, -48); earliest_start: 0; latest_start: 720; state: PENDING; required_workers: 1; success_prob: 0.8; max_attempts: 1
event: task_spawn; timestamp: 0; task: 6; pos: (-48, -48); earliest_start: 0; latest_start: 810; state: PENDING; required_workers: 1; success_prob: 0.9; max_attempts: 1
event: task_spawn; timestamp: 0; task: 7; pos: (-46, -64); earliest_start: 0; latest_start: 900; state: PENDING; required_workers: 1; success_prob: 0.8; max_attempts: 1
event: task_spawn; timestamp: 0; task: 8; pos: (61, 13); earliest_start: 0; latest_start: 1080; state: PENDING; required_workers: 3; success_prob: 0.6; max_attempts: 1
event: task_spawn; timestamp: 0; task: 9; pos: (46, 95); earliest_start: 0; latest_start: 810; state: PENDING; required_workers: 3; success_prob: 0.6; max_attempts: 1
event: task_spawn; timestamp: 0; task: 10; pos: (-62, -34); earliest_start: 0; latest_start: 1080; state: PENDING; required_workers: 2; success_prob: 0.6; max_attempts: 1
event: robot_spawn; timestamp: 0; robot: 1; pos: (0, 0); state: AVAILABLE; battery_level: 100; battery_capacity: 100; velocity: 5; battery_rate_nav: 0.1
event: robot_spawn; timestamp: 0; robot: 2; pos: (0, 0); state: AVAILABLE; battery_level: 100; battery_capacity: 100; velocity: 5; battery_rate_nav: 0.1
event: robot_spawn; timestamp: 0; robot: 3; pos: (0, 0); state: AVAILABLE; battery_level: 100; battery_capacity: 100; velocity: 5; battery_rate_nav: 0.1
event: robot_spawn; timestamp: 0; robot: 4; pos: (0, 0); state: AVAILABLE; battery_level: 100; battery_capacity: 100; velocity: 5; battery_rate_nav: 0.1
event: robot_spawn; timestamp: 0; robot: 5; pos: (0, 0); state: AVAILABLE; battery_level: 100; battery_capacity: 100; velocity: 5; battery_rate_nav: 0.1
event: battery_consumption; timestamp: 0; robot: 1; time: 10.8757; initial_level: 100; final_level: 98.9124
event: navigation; timestamp: 0; robot: 1; time: 10.8757; src: (0, 0); dst: (29, 46)
event: robot_finished; timestamp: 0; robot: 5; pos: (0, 0); battery: 100
event: battery_consumption; timestamp: 0; robot: 2; time: 13.5765; initial_level: 100; final_level: 98.6424
event: navigation; timestamp: 0; robot: 2; time: 13.5765; src: (0, 0); dst: (-48, -48)
event: battery_consumption; timestamp: 0; robot: 3; time: 21.2941; initial_level: 100; final_level: 97.8706
event: navigation; timestamp: 0; robot: 3; time: 21.2941; src: (0, 0); dst: (50, -94)
event: battery_consumption; timestamp: 0; robot: 4; time: 14.1421; initial_level: 100; final_level: 98.5858
event: navigation; timestamp: 0; robot: 4; time: 14.1421; src: (0, 0); dst: (-62, -34)
event: task_execution; timestamp: 10.8757; task: 3; robot: 1; pos: (29, 46); time: 0
event: battery_consumption; timestamp: 10.8757; robot: 1; time: 0; initial_level: 98.9124; final_level: 98.9124
event: task_resolution; timestamp: 10.8757; task: 3; pos: (29, 46); status: COMPLETED; attempt: 1
event: battery_consumption; timestamp: 10.8757; robot: 1; time: 7.65768; initial_level: 98.9124; final_level: 98.1467
event: navigation; timestamp: 10.8757; robot: 1; time: 7.65768; src: (29, 46); dst: (4, 75)
event: task_execution; timestamp: 18.5333; task: 4; robot: 1; pos: (4, 75); time: 0
event: battery_consumption; timestamp: 18.5333; robot: 1; time: 0; initial_level: 98.1467; final_level: 88.1467
event: task_resolution; timestamp: 18.5333; task: 4; pos: (4, 75); status: FAILED; attempt: 1
event: battery_consumption; timestamp: 18.5333; robot: 1; time: 9.30376; initial_level: 88.1467; final_level: 87.2163
event: navigation; timestamp: 18.5333; robot: 1; time: 9.30376; src: (4, 75); dst: (46, 95)
event: task_execution; timestamp: 21.2941; task: 2; robot: 3; pos: (50, -94); time: 54.54
event: battery_consumption; timestamp: 21.2941; robot: 3; time: 54.54; initial_level: 97.8706; final_level: 43.3306
event: task_resolution; timestamp: 75.8341; task: 2; pos: (50, -94); status: COMPLETED; attempt: 1
event: battery_consumption; timestamp: 75.8341; robot: 3; time: 37.8085; initial_level: 43.3306; final_level: 39.5497
event: navigation; timestamp: 75.8341; robot: 3; time: 37.8085; src: (50, -94); dst: (46, 95)
event: task_execution; timestamp: 13.5765; task: 6; robot: 2; pos: (-48, -48); time: 98.6424
event: battery_consumption; timestamp: 13.5765; robot: 2; time: 98.6424; initial_level: 98.6424; final_level: 88.6424
event: task_resolution; timestamp: 112.219; task: 6; pos: (-48, -48); status: FAILED; attempt: 1
event: battery_consumption; timestamp: 112.219; robot: 2; time: 3.2249; initial_level: 88.6424; final_level: 88.3199
event: navigation; timestamp: 112.219; robot: 2; time: 3.2249; src: (-48, -48); dst: (-46, -64)
event: task_execution; timestamp: 115.444; task: 7; robot: 2; pos: (-46, -64); time: 0
event: battery_consumption; timestamp: 115.444; robot: 2; time: 0; initial_level: 88.3199; final_level: 88.3199
event: task_resolution; timestamp: 115.444; task: 7; pos: (-46, -64); status: COMPLETED; attempt: 1
event: battery_consumption; timestamp: 115.444; robot: 2; time: 6.8; initial_level: 88.3199; final_level: 87.6399
event: navigation; timestamp: 115.444; robot: 2; time: 6.8; src: (-46, -64); dst: (-62, -34)
event: task_execution; timestamp: 122.244; task: 10; robot: 2; pos: (-62, -34); time: 0
event: battery_consumption; timestamp: 122.244; robot: 2; time: 0; initial_level: 87.6399; final_level: 77.6399
event: task_execution; timestamp: 122.244; task: 10; robot: 4; pos: (-62, -34); time: 0
event: battery_consumption; timestamp: 122.244; robot: 4; time: 0; initial_level: 98.5858; final_level: 88.5858
event: task_resolution; timestamp: 122.244; task: 10; pos: (-62, -34); status: FAILED; attempt: 1
event: battery_consumption; timestamp: 122.244; robot: 2; time: 6.62118; initial_level: 77.6399; final_level: 76.9777
event: navigation; timestamp: 122.244; robot: 2; time: 6.62118; src: (-62, -34); dst: (-92, -48)
event: battery_consumption; timestamp: 122.244; robot: 4; time: 33.6482; initial_level: 88.5858; final_level: 85.221
event: navigation; timestamp: 122.244; robot: 4; time: 33.6482; src: (-62, -34); dst: (46, 95)
event: task_execution; timestamp: 155.892; task: 9; robot: 1; pos: (46, 95); time: 0
event: battery_consumption; timestamp: 155.892; robot: 1; time: 0; initial_level: 87.2163; final_level: 77.2163
event: task_execution; timestamp: 155.892; task: 9; robot: 3; pos: (46, 95); time: 0
event: battery_consumption; timestamp: 155.892; robot: 3; time: 0; initial_level: 39.5497; final_level: 29.5497
event: task_execution; timestamp: 155.892; task: 9; robot: 4; pos: (46, 95); time: 0
event: battery_consumption; timestamp: 155.892; robot: 4; time: 0; initial_level: 85.221; final_level: 75.221
event: task_resolution; timestamp: 155.892; task: 9; pos: (46, 95); status: FAILED; attempt: 1
event: battery_consumption; timestamp: 155.892; robot: 3; time: 16.6721; initial_level: 29.5497; final_level: 27.8825
event: navigation; timestamp: 155.892; robot: 3; time: 16.6721; src: (46, 95); dst: (61, 13)
event: battery_consumption; timestamp: 155.892; robot: 4; time: 16.6721; initial_level: 75.221; final_level: 73.5538
event: navigation; timestamp: 155.892; robot: 4; time: 16.6721; src: (46, 95); dst: (61, 13)
event: battery_consumption; timestamp: 155.892; robot: 1; time: 16.6721; initial_level: 77.2163; final_level: 75.5491
event: navigation; timestamp: 155.892; robot: 1; time: 16.6721; src: (46, 95); dst: (61, 13)
event: task_execution; timestamp: 172.564; task: 8; robot: 1; pos: (61, 13); time: 0
event: battery_consumption; timestamp: 172.564; robot: 1; time: 0; initial_level: 75.5491; final_level: 65.5491
event: task_execution; timestamp: 172.564; task: 8; robot: 3; pos: (61, 13); time: 0
event: battery_consumption; timestamp: 172.564; robot: 3; time: 0; initial_level: 27.8825; final_level: 17.8825
event: task_execution; timestamp: 172.564; task: 8; robot: 4; pos: (61, 13); time: 0
event: battery_consumption; timestamp: 172.564; robot: 4; time: 0; initial_level: 73.5538; final_level: 63.5538
event: task_resolution; timestamp: 172.564; task: 8; pos: (61, 13); status: FAILED; attempt: 1
event: battery_consumption; timestamp: 172.564; robot: 1; time: 20.8125; initial_level: 65.5491; final_level: 63.4678
event: navigation; timestamp: 172.564; robot: 1; time: 20.8125; src: (61, 13); dst: (-37, -22)
event: battery_consumption; timestamp: 172.564; robot: 3; time: 20.8125; initial_level: 17.8825; final_level: 15.8013
event: navigation; timestamp: 172.564; robot: 3; time: 20.8125; src: (61, 13); dst: (-37, -22)
event: battery_consumption; timestamp: 172.564; robot: 4; time: 12.474; initial_level: 63.5538; final_level: 62.3064
event: navigation; timestamp: 172.564; robot: 4; time: 12.474; src: (61, 13); dst: (0, 0)
event: robot_finished; timestamp: 185.038; robot: 4; pos: (0, 0); battery: 62.3064
event: task_execution; timestamp: 128.865; task: 5; robot: 2; pos: (-92, -48); time: 76.9777
event: battery_consumption; timestamp: 128.865; robot: 2; time: 76.9777; initial_level: 76.9777; final_level: 66.9777
event: task_resolution; timestamp: 205.843; task: 5; pos: (-92, -48); status: FAILED; attempt: 1
event: battery_consumption; timestamp: 205.843; robot: 2; time: 12.1672; initial_level: 66.9777; final_level: 65.761
event: navigation; timestamp: 205.843; robot: 2; time: 12.1672; src: (-92, -48); dst: (-37, -22)
event: task_execution; timestamp: 218.01; task: 1; robot: 1; pos: (-37, -22); time: 15.8013
event: battery_consumption; timestamp: 218.01; robot: 1; time: 15.8013; initial_level: 63.4678; final_level: 53.4678
event: task_execution; timestamp: 218.01; task: 1; robot: 2; pos: (-37, -22); time: 15.8013
event: battery_consumption; timestamp: 218.01; robot: 2; time: 15.8013; initial_level: 65.761; final_level: 55.761
event: task_execution; timestamp: 218.01; task: 1; robot: 3; pos: (-37, -22); time: 15.8013
event: battery_consumption; timestamp: 218.01; robot: 3; time: 15.8013; initial_level: 15.8013; final_level: 5.80126
event: task_resolution; timestamp: 233.811; task: 1; pos: (-37, -22); status: FAILED; attempt: 1
event: battery_consumption; timestamp: 233.811; robot: 1; time: 8.6093; initial_level: 53.4678; final_level: 52.6069
event: navigation; timestamp: 233.811; robot: 1; time: 8.6093; src: (-37, -22); dst: (0, 0)
event: robot_finished; timestamp: 242.42; robot: 1; pos: (0, 0); battery: 52.6069
event: battery_consumption; timestamp: 233.811; robot: 2; time: 8.6093; initial_level: 55.761; final_level: 54.9001
event: navigation; timestamp: 233.811; robot: 2; time: 8.6093; src: (-37, -22); dst: (0, 0)
event: robot_finished; timestamp: 242.42; robot: 2; pos: (0, 0); battery: 54.9001
event: battery_consumption; timestamp: 233.811; robot: 3; time: 8.6093; initial_level: 5.80126; final_level: 4.94033
event: navigation; timestamp: 233.811; robot: 3; time: 8.6093; src: (-37, -22); dst: (0, 0)
event: robot_finished; timestamp: 242.42; robot: 3; pos: (0, 0); battery: 4.94033
metric: available_agents; value: 0
metric: failed_agents; value: 0
metric: finished_agents; value: 5
metric: completed_tasks; value: 3
metric: pending_tasks; value: 0
metric: failed_tasks; value: 7
metric: average_robot_makespan; value: 182.46
metric: sd_robot_makespan; value: 104.981
metric: max_robot_makespan; value: 242.42
metric: min_robot_makespan; value: 0
metric: average_robot_travel_distance; value: 307.063
metric: sd_robot_travel_distance; value: 196.766
metric: max_robot_travel_distance; value: 525.983
metric: min_robot_travel_distance; value: 0
metric: sum_robot_travel_distance; value: 1535.31
metric: average_completed_tasks_by_robot; value: 0
metric: sd_completed_tasks_by_robot; value: 0
metric: max_completed_tasks_by_robot; value: 0
metric: min_completed_tasks_by_robot; value: 0
metric: final_reward; value: 0.3
metric: computing_time; value: 0.000901509
