info: solver_name; value: greedy
info: reward_function; value: reward00
info: replica; value: 30
info: filename; value: ../logs/prueba/scenario_12_06_01_greedy_reward00_030.log
info: scenario_name; value: scenario_12_06_01
info: scenario_name; value: scenario_12_06_01
info: number_of_tasks; value: 12
info: number_of_robots; value: 6
info: number_of_recharging_stations; value: 1
info: scenario_size; value: (200,200)
event: recharging_station_spawn; timestamp: 0; recharging_station: 1; pos: (0, 0)
event: task_spawn; timestamp: 0; task: 1; pos: (-70.0709, -68.0831); earliest_start: 0; latest_start: 1080; state: PENDING; required_workers: 3; success_prob: 0.8; max_attempts: 1
event: task_spawn; timestamp: 0; task: 2; pos: (-17.4248, -96.1114); earliest_start: 0; latest_start: 810; state: PENDING; required_workers: 3; success_prob: 0.8; max_attempts: 1
event: task_spawn; timestamp: 0; task: 3; pos: (-29.5006, -24.1376); earliest_start: 0; latest_start: 1080; state: PENDING; required_workers: 2; success_prob: 0.8; max_attempts: 1
event: task_spawn; timestamp: 0; task: 4; pos: (6.58351, -36.5381); earliest_start: 0; latest_start: 540; state: PENDING; required_workers: 1; success_prob: 0.8; max_attempts: 1
event: task_spawn; timestamp: 0; task: 5; pos: (-46.7684, -52.5449); earliest_start: 0; latest_start: 540; state: PENDING; required_workers: 3; success_prob: 0.8; max_attempts: 1
event: task_spawn; timestamp: 0; task: 6; pos: (-87.1468, -93.4297); earliest_start: 0; latest_start: 810; state: PENDING; required_workers: 2; success_prob: 0.8; max_attempts: 1
event: task_spawn; timestamp: 0; task: 7; pos: (-74.758, -54.3258); earliest_start: 0; latest_start: 540; state: PENDING; required_workers: 2; success_prob: 0.8; max_attempts: 1
event: task_spawn; timestamp: 0; task: 8; pos: (-1.29451, 32.4663); earliest_start: 0; latest_start: 540; state: PENDING; required_workers: 2; success_prob: 0.8; max_attempts: 1
event: task_spawn; timestamp: 0; task: 9; pos: (60.5478, -15.9338); earliest_start: 0; latest_start: 1080; state: PENDING; required_workers: 1; success_prob: 0.8; max_attempts: 1
event: task_spawn; timestamp: 0; task: 10; pos: (56.8755, 43.1394); earliest_start: 0; latest_start: 810; state: PENDING; required_workers: 2; success_prob: 0.8; max_attempts: 1
event: task_spawn; timestamp: 0; task: 11; pos: (-24.173, 41.1999); earliest_start: 0; latest_start: 540; state: PENDING; required_workers: 2; success_prob: 0.8; max_attempts: 1
event: task_spawn; timestamp: 0; task: 12; pos: (72.2993, -29.315); earliest_start: 0; latest_start: 1080; state: PENDING; required_workers: 1; success_prob: 0.8; max_attempts: 1
event: robot_spawn; timestamp: 0; robot: 1; pos: (0, 0); state: AVAILABLE; battery_level: 100; battery_capacity: 100; velocity: 5; battery_rate_nav: 0.1
event: robot_spawn; timestamp: 0; robot: 2; pos: (0, 0); state: AVAILABLE; battery_level: 100; battery_capacity: 100; velocity: 5; battery_rate_nav: 0.1
event: robot_spawn; timestamp: 0; robot: 3; pos: (0, 0); state: AVAILABLE; battery_level: 100; battery_capacity: 100; velocity: 5; battery_rate_nav: 0.1
event: robot_spawn; timestamp: 0; robot: 4; pos: (0, 0); state: AVAILABLE; battery_level: 100; battery_capacity: 100; velocity: 5; battery_rate_nav: 0.1
event: robot_spawn; timestamp: 0; robot: 5; pos: (0, 0); state: AVAILABLE; battery_level: 100; battery_capacity: 100; velocity: 5; battery_rate_nav: 0.1
event: robot_spawn; timestamp: 0; robot: 6; pos: (0, 0); state: AVAILABLE; battery_level: 100; battery_capacity: 100; velocity: 5; battery_rate_nav: 0.1
event: battery_consumption; timestamp: 0; robot: 3; time: 6.49842; initial_level: 100; final_level: 99.3502
event: navigation; timestamp: 0; robot: 3; time: 6.49842; src: (0, 0); dst: (-1.29451, 32.4663)
event: battery_consumption; timestamp: 0; robot: 2; time: 6.49842; initial_level: 100; final_level: 99.3502
event: navigation; timestamp: 0; robot: 2; time: 6.49842; src: (0, 0); dst: (-1.29451, 32.4663)
event: battery_consumption; timestamp: 0; robot: 5; time: 7.4253; initial_level: 100; final_level: 99.2575
event: navigation; timestamp: 0; robot: 5; time: 7.4253; src: (0, 0); dst: (6.58351, -36.5381)
event: battery_consumption; timestamp: 0; robot: 4; time: 7.62341; initial_level: 100; final_level: 99.2377
event: navigation; timestamp: 0; robot: 4; time: 7.62341; src: (0, 0); dst: (-29.5006, -24.1376)
event: battery_consumption; timestamp: 0; robot: 6; time: 7.62341; initial_level: 100; final_level: 99.2377
event: navigation; timestamp: 0; robot: 6; time: 7.62341; src: (0, 0); dst: (-29.5006, -24.1376)
event: battery_consumption; timestamp: 0; robot: 1; time: 9.55357; initial_level: 100; final_level: 99.0446
event: navigation; timestamp: 0; robot: 1; time: 9.55357; src: (0, 0); dst: (-24.173, 41.1999)
event: task_execution; timestamp: 6.49842; task: 8; robot: 2; pos: (-1.29451, 32.4663); time: 0
event: battery_consumption; timestamp: 6.49842; robot: 2; time: 0; initial_level: 99.3502; final_level: 99.3502
event: task_execution; timestamp: 6.49842; task: 8; robot: 3; pos: (-1.29451, 32.4663); time: 0
event: battery_consumption; timestamp: 6.49842; robot: 3; time: 0; initial_level: 99.3502; final_level: 99.3502
event: task_resolution; timestamp: 6.49842; task: 8; pos: (-1.29451, 32.4663); status: COMPLETED; attempt: 1
event: battery_consumption; timestamp: 6.49842; robot: 3; time: 4.89776; initial_level: 99.3502; final_level: 98.8604
event: navigation; timestamp: 6.49842; robot: 3; time: 4.89776; src: (-1.29451, 32.4663); dst: (-24.173, 41.1999)
event: battery_consumption; timestamp: 6.49842; robot: 2; time: 11.8282; initial_level: 99.3502; final_level: 98.1673
event: navigation; timestamp: 6.49842; robot: 2; time: 11.8282; src: (-1.29451, 32.4663); dst: (56.8755, 43.1394)
event: task_execution; timestamp: 7.4253; task: 4; robot: 5; pos: (6.58351, -36.5381); time: 36.9824
event: battery_consumption; timestamp: 7.4253; robot: 5; time: 36.9824; initial_level: 99.2575; final_level: 62.2751
event: task_resolution; timestamp: 44.4077; task: 4; pos: (6.58351, -36.5381); status: COMPLETED; attempt: 1
event: battery_consumption; timestamp: 44.4077; robot: 5; time: 11.1403; initial_level: 62.2751; final_level: 61.1611
event: navigation; timestamp: 44.4077; robot: 5; time: 11.1403; src: (6.58351, -36.5381); dst: (-46.7684, -52.5449)
event: task_execution; timestamp: 7.62341; task: 3; robot: 4; pos: (-29.5006, -24.1376); time: 89.981
event: battery_consumption; timestamp: 7.62341; robot: 4; time: 89.981; initial_level: 99.2377; final_level: 9.25669
event: task_execution; timestamp: 7.62341; task: 3; robot: 6; pos: (-29.5006, -24.1376); time: 89.981
event: battery_consumption; timestamp: 7.62341; robot: 6; time: 89.981; initial_level: 99.2377; final_level: 9.25669
event: task_resolution; timestamp: 97.6044; task: 3; pos: (-29.5006, -24.1376); status: COMPLETED; attempt: 1
event: battery_consumption; timestamp: 97.6044; robot: 4; time: 6.64876; initial_level: 9.25669; final_level: 8.59182
event: navigation; timestamp: 97.6044; robot: 4; time: 6.64876; src: (-29.5006, -24.1376); dst: (-46.7684, -52.5449)
event: battery_consumption; timestamp: 97.6044; robot: 6; time: 6.64876; initial_level: 9.25669; final_level: 8.59182
event: navigation; timestamp: 97.6044; robot: 6; time: 6.64876; src: (-29.5006, -24.1376); dst: (-46.7684, -52.5449)
event: task_execution; timestamp: 11.3962; task: 11; robot: 1; pos: (-24.173, 41.1999); time: 98.8604
event: battery_consumption; timestamp: 11.3962; robot: 1; time: 98.8604; initial_level: 99.0446; final_level: 89.0446
event: task_execution; timestamp: 11.3962; task: 11; robot: 3; pos: (-24.173, 41.1999); time: 98.8604
event: battery_consumption; timestamp: 11.3962; robot: 3; time: 98.8604; initial_level: 98.8604; final_level: 88.8604
event: task_resolution; timestamp: 110.257; task: 11; pos: (-24.173, 41.1999); status: FAILED; attempt: 1
event: battery_consumption; timestamp: 110.257; robot: 1; time: 16.2143; initial_level: 89.0446; final_level: 87.4232
event: navigation; timestamp: 110.257; robot: 1; time: 16.2143; src: (-24.173, 41.1999); dst: (56.8755, 43.1394)
event: battery_consumption; timestamp: 110.257; robot: 3; time: 20.4371; initial_level: 88.8604; final_level: 86.8167
event: navigation; timestamp: 110.257; robot: 3; time: 20.4371; src: (-24.173, 41.1999); dst: (60.5478, -15.9338)
event: task_execution; timestamp: 104.253; task: 5; robot: 4; pos: (-46.7684, -52.5449); time: 8.59182
event: battery_consumption; timestamp: 104.253; robot: 4; time: 8.59182; initial_level: 8.59182; final_level: -1.40818
event: robot_failed; timestamp: 112.845; robot: 4; pos: (-46.7684, -52.5449)
event: task_execution; timestamp: 104.253; task: 5; robot: 5; pos: (-46.7684, -52.5449); time: 8.59182
event: battery_consumption; timestamp: 104.253; robot: 5; time: 8.59182; initial_level: 61.1611; final_level: 51.1611
event: task_execution; timestamp: 104.253; task: 5; robot: 6; pos: (-46.7684, -52.5449); time: 8.59182
event: battery_consumption; timestamp: 104.253; robot: 6; time: 8.59182; initial_level: 8.59182; final_level: -1.40818
event: robot_failed; timestamp: 112.845; robot: 6; pos: (-46.7684, -52.5449)
event: task_resolution; timestamp: 112.845; task: 5; pos: (-46.7684, -52.5449); status: FAILED; attempt: 1
event: battery_consumption; timestamp: 112.845; robot: 5; time: 5.60158; initial_level: 51.1611; final_level: 50.6009
event: navigation; timestamp: 112.845; robot: 5; time: 5.60158; src: (-46.7684, -52.5449); dst: (-70.0709, -68.0831)
event: task_execution; timestamp: 126.471; task: 10; robot: 1; pos: (56.8755, 43.1394); time: 0
event: battery_consumption; timestamp: 126.471; robot: 1; time: 0; initial_level: 87.4232; final_level: 87.4232
event: task_execution; timestamp: 126.471; task: 10; robot: 2; pos: (56.8755, 43.1394); time: 0
event: battery_consumption; timestamp: 126.471; robot: 2; time: 0; initial_level: 98.1673; final_level: 98.1673
event: task_resolution; timestamp: 126.471; task: 10; pos: (56.8755, 43.1394); status: COMPLETED; attempt: 1
event: battery_consumption; timestamp: 126.471; robot: 2; time: 14.8156; initial_level: 98.1673; final_level: 96.6858
event: navigation; timestamp: 126.471; robot: 2; time: 14.8156; src: (56.8755, 43.1394); dst: (72.2993, -29.315)
event: battery_consumption; timestamp: 126.471; robot: 1; time: 31.5666; initial_level: 87.4232; final_level: 84.2665
event: navigation; timestamp: 126.471; robot: 1; time: 31.5666; src: (56.8755, 43.1394); dst: (-17.4248, -96.1114)
event: task_execution; timestamp: 130.694; task: 9; robot: 3; pos: (60.5478, -15.9338); time: 0
event: battery_consumption; timestamp: 130.694; robot: 3; time: 0; initial_level: 86.8167; final_level: 76.8167
event: task_resolution; timestamp: 130.694; task: 9; pos: (60.5478, -15.9338); status: FAILED; attempt: 1
event: battery_consumption; timestamp: 130.694; robot: 3; time: 22.368; initial_level: 76.8167; final_level: 74.5799
event: navigation; timestamp: 130.694; robot: 3; time: 22.368; src: (60.5478, -15.9338); dst: (-17.4248, -96.1114)
event: task_execution; timestamp: 141.286; task: 12; robot: 2; pos: (72.2993, -29.315); time: 0
event: battery_consumption; timestamp: 141.286; robot: 2; time: 0; initial_level: 96.6858; final_level: 86.6858
event: task_resolution; timestamp: 141.286; task: 12; pos: (72.2993, -29.315); status: FAILED; attempt: 1
event: battery_consumption; timestamp: 141.286; robot: 2; time: 22.3716; initial_level: 86.6858; final_level: 84.4486
event: navigation; timestamp: 141.286; robot: 2; time: 22.3716; src: (72.2993, -29.315); dst: (-17.4248, -96.1114)
event: task_execution; timestamp: 163.658; task: 2; robot: 1; pos: (-17.4248, -96.1114); time: 0
event: battery_consumption; timestamp: 163.658; robot: 1; time: 0; initial_level: 84.2665; final_level: 84.2665
event: task_execution; timestamp: 163.658; task: 2; robot: 2; pos: (-17.4248, -96.1114); time: 0
event: battery_consumption; timestamp: 163.658; robot: 2; time: 0; initial_level: 84.4486; final_level: 84.4486
event: task_execution; timestamp: 163.658; task: 2; robot: 3; pos: (-17.4248, -96.1114); time: 0
event: battery_consumption; timestamp: 163.658; robot: 3; time: 0; initial_level: 74.5799; final_level: 74.5799
event: task_resolution; timestamp: 163.658; task: 2; pos: (-17.4248, -96.1114); status: COMPLETED; attempt: 1
event: battery_consumption; timestamp: 163.658; robot: 1; time: 11.9284; initial_level: 84.2665; final_level: 83.0737
event: navigation; timestamp: 163.658; robot: 1; time: 11.9284; src: (-17.4248, -96.1114); dst: (-70.0709, -68.0831)
event: battery_consumption; timestamp: 163.658; robot: 3; time: 11.9284; initial_level: 74.5799; final_level: 73.387
event: navigation; timestamp: 163.658; robot: 3; time: 11.9284; src: (-17.4248, -96.1114); dst: (-70.0709, -68.0831)
event: battery_consumption; timestamp: 163.658; robot: 2; time: 13.9547; initial_level: 84.4486; final_level: 83.0532
event: navigation; timestamp: 163.658; robot: 2; time: 13.9547; src: (-17.4248, -96.1114); dst: (-87.1468, -93.4297)
event: task_execution; timestamp: 175.586; task: 1; robot: 1; pos: (-70.0709, -68.0831); time: 50.6009
event: battery_consumption; timestamp: 175.586; robot: 1; time: 50.6009; initial_level: 83.0737; final_level: 73.0737
event: task_execution; timestamp: 175.586; task: 1; robot: 3; pos: (-70.0709, -68.0831); time: 50.6009
event: battery_consumption; timestamp: 175.586; robot: 3; time: 50.6009; initial_level: 73.387; final_level: 63.387
event: task_execution; timestamp: 175.586; task: 1; robot: 5; pos: (-70.0709, -68.0831); time: 50.6009
event: battery_consumption; timestamp: 175.586; robot: 5; time: 50.6009; initial_level: 50.6009; final_level: 40.6009
event: task_resolution; timestamp: 226.187; task: 1; pos: (-70.0709, -68.0831); status: FAILED; attempt: 1
event: battery_consumption; timestamp: 226.187; robot: 3; time: 2.90677; initial_level: 63.387; final_level: 63.0964
event: navigation; timestamp: 226.187; robot: 3; time: 2.90677; src: (-70.0709, -68.0831); dst: (-74.758, -54.3258)
event: battery_consumption; timestamp: 226.187; robot: 1; time: 2.90677; initial_level: 73.0737; final_level: 72.783
event: navigation; timestamp: 226.187; robot: 1; time: 2.90677; src: (-70.0709, -68.0831); dst: (-74.758, -54.3258)
event: battery_consumption; timestamp: 226.187; robot: 5; time: 6.1124; initial_level: 40.6009; final_level: 39.9897
event: navigation; timestamp: 226.187; robot: 5; time: 6.1124; src: (-70.0709, -68.0831); dst: (-87.1468, -93.4297)
event: task_execution; timestamp: 229.094; task: 7; robot: 1; pos: (-74.758, -54.3258); time: 0
event: battery_consumption; timestamp: 229.094; robot: 1; time: 0; initial_level: 72.783; final_level: 72.783
event: task_execution; timestamp: 229.094; task: 7; robot: 3; pos: (-74.758, -54.3258); time: 0
event: battery_consumption; timestamp: 229.094; robot: 3; time: 0; initial_level: 63.0964; final_level: 63.0964
event: task_resolution; timestamp: 229.094; task: 7; pos: (-74.758, -54.3258); status: COMPLETED; attempt: 1
event: battery_consumption; timestamp: 229.094; robot: 3; time: 18.4825; initial_level: 63.0964; final_level: 61.2481
event: navigation; timestamp: 229.094; robot: 3; time: 18.4825; src: (-74.758, -54.3258); dst: (0, 0)
event: robot_finished; timestamp: 247.577; robot: 3; pos: (0, 0); battery: 61.2481
event: battery_consumption; timestamp: 229.094; robot: 1; time: 18.4825; initial_level: 72.783; final_level: 70.9348
event: navigation; timestamp: 229.094; robot: 1; time: 18.4825; src: (-74.758, -54.3258); dst: (0, 0)
event: robot_finished; timestamp: 247.577; robot: 1; pos: (0, 0); battery: 70.9348
event: task_execution; timestamp: 232.3; task: 6; robot: 2; pos: (-87.1468, -93.4297); time: 0
event: battery_consumption; timestamp: 232.3; robot: 2; time: 0; initial_level: 83.0532; final_level: 83.0532
event: task_execution; timestamp: 232.3; task: 6; robot: 5; pos: (-87.1468, -93.4297); time: 0
event: battery_consumption; timestamp: 232.3; robot: 5; time: 0; initial_level: 39.9897; final_level: 39.9897
event: task_resolution; timestamp: 232.3; task: 6; pos: (-87.1468, -93.4297); status: COMPLETED; attempt: 1
event: battery_consumption; timestamp: 232.3; robot: 2; time: 25.5528; initial_level: 83.0532; final_level: 80.4979
event: navigation; timestamp: 232.3; robot: 2; time: 25.5528; src: (-87.1468, -93.4297); dst: (0, 0)
event: robot_finished; timestamp: 257.853; robot: 2; pos: (0, 0); battery: 80.4979
event: battery_consumption; timestamp: 232.3; robot: 5; time: 25.5528; initial_level: 39.9897; final_level: 37.4344
event: navigation; timestamp: 232.3; robot: 5; time: 25.5528; src: (-87.1468, -93.4297); dst: (0, 0)
event: robot_finished; timestamp: 257.853; robot: 5; pos: (0, 0); battery: 37.4344
metric: available_agents; value: 0
metric: failed_agents; value: 2
metric: finished_agents; value: 4
metric: completed_tasks; value: 7
metric: pending_tasks; value: 0
metric: failed_tasks; value: 5
metric: average_robot_makespan; value: 206.091
metric: sd_robot_makespan; value: 72.3744
metric: max_robot_makespan; value: 257.853
metric: min_robot_makespan; value: 112.845
metric: average_robot_travel_distance; value: 297.974
metric: sd_robot_travel_distance; value: 188.703
metric: max_robot_travel_distance; value: 475.107
metric: min_robot_travel_distance; value: 71.3609
metric: sum_robot_travel_distance; value: 1787.85
metric: average_completed_tasks_by_robot; value: 0
metric: sd_completed_tasks_by_robot; value: 0
metric: max_completed_tasks_by_robot; value: 0
metric: min_completed_tasks_by_robot; value: 0
metric: final_reward; value: 0.583333
metric: computing_time; value: 0.0268532
