info: solver_name; value: dec-mcts
info: reward_function; value: reward00
info: replica; value: 1
info: filename; value: ../logs/prueba/scenario_1E_20t_5r_dec-mcts_reward00_001.log
info: scenario_name; value: scenario_1E_20t_5r
info: scenario_name; value: scenario_1E_20t_5r
info: number_of_tasks; value: 20
info: number_of_robots; value: 5
info: number_of_recharging_stations; value: 1
info: scenario_size; value: (15,15)
event: recharging_station_spawn; timestamp: 0; recharging_station: 1; pos: (0, 0)
event: task_spawn; timestamp: 0; task: 1; pos: (0, 5); earliest_start: 11; latest_start: 24.62; state: PENDING; required_workers: 1; success_prob: 1; max_attempts: 1
event: task_spawn; timestamp: 0; task: 2; pos: (0.95, 4.31); earliest_start: 29; latest_start: 40.04; state: PENDING; required_workers: 1; success_prob: 1; max_attempts: 1
event: task_spawn; timestamp: 0; task: 3; pos: (0.59, 3.19); earliest_start: 11; latest_start: 24.4; state: PENDING; required_workers: 1; success_prob: 1; max_attempts: 1
event: task_spawn; timestamp: 0; task: 4; pos: (-0.59, 3.19); earliest_start: 8; latest_start: 17.59; state: PENDING; required_workers: 1; success_prob: 1; max_attempts: 1
event: task_spawn; timestamp: 0; task: 5; pos: (-0.95, 4.31); earliest_start: 29; latest_start: 43.79; state: PENDING; required_workers: 1; success_prob: 1; max_attempts: 1
event: task_spawn; timestamp: 0; task: 6; pos: (4, 1); earliest_start: 2; latest_start: 14; state: PENDING; required_workers: 1; success_prob: 1; max_attempts: 1
event: task_spawn; timestamp: 0; task: 7; pos: (4.95, 0.31); earliest_start: 12; latest_start: 21.76; state: PENDING; required_workers: 1; success_prob: 1; max_attempts: 1
event: task_spawn; timestamp: 0; task: 8; pos: (4.59, -0.81); earliest_start: 2; latest_start: 12.86; state: PENDING; required_workers: 1; success_prob: 1; max_attempts: 1
event: task_spawn; timestamp: 0; task: 9; pos: (3.41, -0.81); earliest_start: 25; latest_start: 33.96; state: PENDING; required_workers: 1; success_prob: 1; max_attempts: 1
event: task_spawn; timestamp: 0; task: 10; pos: (3.05, 0.31); earliest_start: 34; latest_start: 46.37; state: PENDING; required_workers: 1; success_prob: 1; max_attempts: 1
event: task_spawn; timestamp: 0; task: 11; pos: (0, -3); earliest_start: 12; latest_start: 21.19; state: PENDING; required_workers: 1; success_prob: 1; max_attempts: 1
event: task_spawn; timestamp: 0; task: 12; pos: (0.95, -3.69); earliest_start: 18; latest_start: 28.14; state: PENDING; required_workers: 1; success_prob: 1; max_attempts: 1
event: task_spawn; timestamp: 0; task: 13; pos: (0.59, -4.81); earliest_start: 21; latest_start: 27.75; state: PENDING; required_workers: 1; success_prob: 1; max_attempts: 1
event: task_spawn; timestamp: 0; task: 14; pos: (-0.59, -4.81); earliest_start: 17; latest_start: 31.09; state: PENDING; required_workers: 1; success_prob: 1; max_attempts: 1
event: task_spawn; timestamp: 0; task: 15; pos: (-0.95, -3.69); earliest_start: 25; latest_start: 37.04; state: PENDING; required_workers: 1; success_prob: 1; max_attempts: 1
event: task_spawn; timestamp: 0; task: 16; pos: (-4, 1); earliest_start: 28; latest_start: 40.03; state: PENDING; required_workers: 1; success_prob: 1; max_attempts: 1
event: task_spawn; timestamp: 0; task: 17; pos: (-3.05, 0.31); earliest_start: 11; latest_start: 23.34; state: PENDING; required_workers: 1; success_prob: 1; max_attempts: 1
event: task_spawn; timestamp: 0; task: 18; pos: (-3.41, -0.81); earliest_start: 31; latest_start: 39.18; state: PENDING; required_workers: 1; success_prob: 1; max_attempts: 1
event: task_spawn; timestamp: 0; task: 19; pos: (-4.59, -0.81); earliest_start: 33; latest_start: 41.98; state: PENDING; required_workers: 1; success_prob: 1; max_attempts: 1
event: task_spawn; timestamp: 0; task: 20; pos: (-4.95, 0.31); earliest_start: 17; latest_start: 24.32; state: PENDING; required_workers: 1; success_prob: 1; max_attempts: 1
event: robot_spawn; timestamp: 0; robot: 1; pos: (0, 0); state: AVAILABLE; battery_level: 100; battery_capacity: 100; velocity: 1; battery_rate_nav: 1
event: robot_spawn; timestamp: 0; robot: 2; pos: (0, 0); state: AVAILABLE; battery_level: 100; battery_capacity: 100; velocity: 1; battery_rate_nav: 1
event: robot_spawn; timestamp: 0; robot: 3; pos: (0, 0); state: AVAILABLE; battery_level: 100; battery_capacity: 100; velocity: 1; battery_rate_nav: 1
event: robot_spawn; timestamp: 0; robot: 4; pos: (0, 0); state: AVAILABLE; battery_level: 100; battery_capacity: 100; velocity: 1; battery_rate_nav: 1
event: robot_spawn; timestamp: 0; robot: 5; pos: (0, 0); state: AVAILABLE; battery_level: 100; battery_capacity: 100; velocity: 1; battery_rate_nav: 1
event: battery_consumption; timestamp: 0; robot: 1; time: 4.12311; initial_level: 100; final_level: 95.8769
event: navigation; timestamp: 0; robot: 1; time: 4.12311; src: (0, 0); dst: (4, 1)
event: battery_consumption; timestamp: 0; robot: 4; time: 3.2441; initial_level: 100; final_level: 96.7559
event: navigation; timestamp: 0; robot: 4; time: 3.2441; src: (0, 0); dst: (-0.59, 3.19)
event: battery_consumption; timestamp: 0; robot: 2; time: 4.66092; initial_level: 100; final_level: 95.3391
event: navigation; timestamp: 0; robot: 2; time: 4.66092; src: (0, 0); dst: (4.59, -0.81)
event: battery_consumption; timestamp: 1; robot: 3; time: 3.2441; initial_level: 100; final_level: 96.7559
event: navigation; timestamp: 1; robot: 3; time: 3.2441; src: (0, 0); dst: (0.59, 3.19)
event: battery_consumption; timestamp: 1; robot: 5; time: 4.9597; initial_level: 100; final_level: 95.0403
event: navigation; timestamp: 1; robot: 5; time: 4.9597; src: (0, 0); dst: (4.95, 0.31)
event: task_execution; timestamp: 4.12311; task: 6; robot: 1; pos: (4, 1); time: 10
event: battery_consumption; timestamp: 4.12311; robot: 1; time: 10; initial_level: 95.8769; final_level: 85.8769
event: task_resolution; timestamp: 14.1231; task: 6; pos: (4, 1); status: COMPLETED; attempt: 1
event: battery_consumption; timestamp: 14.1231; robot: 1; time: 5.59452; initial_level: 85.8769; final_level: 80.2824
event: navigation; timestamp: 14.1231; robot: 1; time: 5.59452; src: (4, 1); dst: (0.95, -3.69)
event: task_execution; timestamp: 4.66092; task: 8; robot: 2; pos: (4.59, -0.81); time: 10
event: battery_consumption; timestamp: 4.66092; robot: 2; time: 10; initial_level: 95.3391; final_level: 85.3391
event: task_resolution; timestamp: 14.6609; task: 8; pos: (4.59, -0.81); status: COMPLETED; attempt: 1
event: battery_consumption; timestamp: 14.6609; robot: 2; time: 5.65685; initial_level: 85.3391; final_level: 79.6822
event: navigation; timestamp: 14.6609; robot: 2; time: 5.65685; src: (4.59, -0.81); dst: (0.59, -4.81)
event: task_execution; timestamp: 8; task: 4; robot: 4; pos: (-0.59, 3.19); time: 10
event: battery_consumption; timestamp: 8; robot: 4; time: 10; initial_level: 96.7559; final_level: 86.7559
event: task_resolution; timestamp: 18; task: 4; pos: (-0.59, 3.19); status: COMPLETED; attempt: 1
event: battery_consumption; timestamp: 18; robot: 4; time: 1.90373; initial_level: 86.7559; final_level: 84.8522
event: navigation; timestamp: 18; robot: 4; time: 1.90373; src: (-0.59, 3.19); dst: (0, 5)
event: task_execution; timestamp: 11; task: 3; robot: 3; pos: (0.59, 3.19); time: 10
event: battery_consumption; timestamp: 11; robot: 3; time: 10; initial_level: 96.7559; final_level: 86.7559
event: task_resolution; timestamp: 21; task: 3; pos: (0.59, 3.19); status: COMPLETED; attempt: 1
event: battery_consumption; timestamp: 21; robot: 3; time: 4.64155; initial_level: 86.7559; final_level: 82.1143
event: navigation; timestamp: 21; robot: 3; time: 4.64155; src: (0.59, 3.19); dst: (-3.05, 0.31)
event: task_execution; timestamp: 12; task: 7; robot: 5; pos: (4.95, 0.31); time: 10
event: battery_consumption; timestamp: 12; robot: 5; time: 10; initial_level: 95.0403; final_level: 85.0403
event: task_resolution; timestamp: 22; task: 7; pos: (4.95, 0.31); status: COMPLETED; attempt: 1
event: battery_consumption; timestamp: 22; robot: 5; time: 1.90421; initial_level: 85.0403; final_level: 83.1361
event: navigation; timestamp: 22; robot: 5; time: 1.90421; src: (4.95, 0.31); dst: (3.41, -0.81)
event: task_execution; timestamp: 19.7176; task: 12; robot: 1; pos: (0.95, -3.69); time: 10
event: battery_consumption; timestamp: 19.7176; robot: 1; time: 10; initial_level: 80.2824; final_level: 70.2824
event: task_resolution; timestamp: 29.7176; task: 12; pos: (0.95, -3.69); status: COMPLETED; attempt: 1
event: battery_consumption; timestamp: 29.7176; robot: 1; time: 1.90421; initial_level: 70.2824; final_level: 68.3782
event: navigation; timestamp: 29.7176; robot: 1; time: 1.90421; src: (0.95, -3.69); dst: (-0.59, -4.81)
event: task_execution; timestamp: 19.9037; task: 1; robot: 4; pos: (0, 5); time: 10
event: battery_consumption; timestamp: 19.9037; robot: 4; time: 10; initial_level: 84.8522; final_level: 74.8522
event: task_resolution; timestamp: 29.9037; task: 1; pos: (0, 5); status: COMPLETED; attempt: 1
event: battery_consumption; timestamp: 29.9037; robot: 4; time: 1.17414; initial_level: 74.8522; final_level: 73.678
event: navigation; timestamp: 29.9037; robot: 4; time: 1.17414; src: (0, 5); dst: (0.95, 4.31)
event: task_execution; timestamp: 21; task: 13; robot: 2; pos: (0.59, -4.81); time: 10
event: battery_consumption; timestamp: 21; robot: 2; time: 10; initial_level: 79.6822; final_level: 69.6822
event: task_resolution; timestamp: 31; task: 13; pos: (0.59, -4.81); status: COMPLETED; attempt: 1
event: battery_consumption; timestamp: 31; robot: 2; time: 1.90421; initial_level: 69.6822; final_level: 67.778
event: navigation; timestamp: 31; robot: 2; time: 1.90421; src: (0.59, -4.81); dst: (-0.95, -3.69)
event: task_execution; timestamp: 25; task: 9; robot: 5; pos: (3.41, -0.81); time: 10
event: battery_consumption; timestamp: 25; robot: 5; time: 10; initial_level: 83.1361; final_level: 73.1361
event: task_resolution; timestamp: 35; task: 9; pos: (3.41, -0.81); status: COMPLETED; attempt: 1
event: battery_consumption; timestamp: 35; robot: 5; time: 6.82; initial_level: 73.1361; final_level: 66.3161
event: navigation; timestamp: 35; robot: 5; time: 6.82; src: (3.41, -0.81); dst: (-3.41, -0.81)
event: task_execution; timestamp: 25.6416; task: 17; robot: 3; pos: (-3.05, 0.31); time: 10
event: battery_consumption; timestamp: 25.6416; robot: 3; time: 10; initial_level: 82.1143; final_level: 72.1143
event: task_resolution; timestamp: 35.6416; task: 17; pos: (-3.05, 0.31); status: COMPLETED; attempt: 1
event: battery_consumption; timestamp: 35.6416; robot: 3; time: 1.17414; initial_level: 72.1143; final_level: 70.9402
event: navigation; timestamp: 35.6416; robot: 3; time: 1.17414; src: (-3.05, 0.31); dst: (-4, 1)
event: task_execution; timestamp: 31.0779; task: 2; robot: 4; pos: (0.95, 4.31); time: 10
event: battery_consumption; timestamp: 31.0779; robot: 4; time: 10; initial_level: 73.678; final_level: 63.678
event: task_resolution; timestamp: 41.0779; task: 2; pos: (0.95, 4.31); status: COMPLETED; attempt: 1
event: battery_consumption; timestamp: 41.0779; robot: 4; time: 7.54361; initial_level: 63.678; final_level: 56.1344
event: navigation; timestamp: 41.0779; robot: 4; time: 7.54361; src: (0.95, 4.31); dst: (-4.59, -0.81)
event: task_execution; timestamp: 31.6218; task: 14; robot: 1; pos: (-0.59, -4.81); time: 10
event: battery_consumption; timestamp: 31.6218; robot: 1; time: 10; initial_level: 68.3782; final_level: 58.3782
event: task_resolution; timestamp: 41.6218; task: 14; pos: (-0.59, -4.81); status: COMPLETED; attempt: 1
event: battery_consumption; timestamp: 42.6218; robot: 1; time: 4.84605; initial_level: 58.3782; final_level: 53.5321
event: navigation; timestamp: 42.6218; robot: 1; time: 4.84605; src: (-0.59, -4.81); dst: (0, 0)
event: robot_finished; timestamp: 47.4679; robot: 1; pos: (0, 0); battery: 53.5321
event: task_execution; timestamp: 32.9042; task: 15; robot: 2; pos: (-0.95, -3.69); time: 10
event: battery_consumption; timestamp: 32.9042; robot: 2; time: 10; initial_level: 67.778; final_level: 57.778
event: task_resolution; timestamp: 42.9042; task: 15; pos: (-0.95, -3.69); status: COMPLETED; attempt: 1
event: battery_consumption; timestamp: 42.9042; robot: 2; time: 5.65685; initial_level: 57.778; final_level: 52.1212
event: navigation; timestamp: 42.9042; robot: 2; time: 5.65685; src: (-0.95, -3.69); dst: (3.05, 0.31)
event: task_execution; timestamp: 36.8157; task: 16; robot: 3; pos: (-4, 1); time: 10
event: battery_consumption; timestamp: 36.8157; robot: 3; time: 10; initial_level: 70.9402; final_level: 60.9402
event: task_resolution; timestamp: 46.8157; task: 16; pos: (-4, 1); status: COMPLETED; attempt: 1
event: battery_consumption; timestamp: 48.8157; robot: 3; time: 4.12311; initial_level: 60.9402; final_level: 56.8171
event: navigation; timestamp: 48.8157; robot: 3; time: 4.12311; src: (-4, 1); dst: (0, 0)
event: robot_finished; timestamp: 52.9388; robot: 3; pos: (0, 0); battery: 56.8171
event: task_execution; timestamp: 41.82; task: 18; robot: 5; pos: (-3.41, -0.81); time: 10
event: battery_consumption; timestamp: 41.82; robot: 5; time: 10; initial_level: 66.3161; final_level: 56.3161
event: task_resolution; timestamp: 51.82; task: 18; pos: (-3.41, -0.81); status: COMPLETED; attempt: 1
event: battery_consumption; timestamp: 53.82; robot: 5; time: 3.50488; initial_level: 56.3161; final_level: 52.8112
event: navigation; timestamp: 53.82; robot: 5; time: 3.50488; src: (-3.41, -0.81); dst: (0, 0)
event: robot_finished; timestamp: 57.3249; robot: 5; pos: (0, 0); battery: 52.8112
event: task_execution; timestamp: 48.5611; task: 10; robot: 2; pos: (3.05, 0.31); time: 10
event: battery_consumption; timestamp: 48.5611; robot: 2; time: 10; initial_level: 52.1212; final_level: 42.1212
event: task_resolution; timestamp: 58.5611; task: 10; pos: (3.05, 0.31); status: COMPLETED; attempt: 1
event: task_execution; timestamp: 48.6215; task: 19; robot: 4; pos: (-4.59, -0.81); time: 10
event: battery_consumption; timestamp: 48.6215; robot: 4; time: 10; initial_level: 56.1344; final_level: 46.1344
event: task_resolution; timestamp: 58.6215; task: 19; pos: (-4.59, -0.81); status: COMPLETED; attempt: 1
event: battery_consumption; timestamp: 58.6215; robot: 4; time: 4.66092; initial_level: 46.1344; final_level: 41.4735
event: navigation; timestamp: 58.6215; robot: 4; time: 4.66092; src: (-4.59, -0.81); dst: (0, 0)
event: robot_finished; timestamp: 63.2824; robot: 4; pos: (0, 0); battery: 41.4735
event: battery_consumption; timestamp: 59.5611; robot: 2; time: 3.06571; initial_level: 42.1212; final_level: 39.0554
event: navigation; timestamp: 59.5611; robot: 2; time: 3.06571; src: (3.05, 0.31); dst: (0, 0)
event: robot_finished; timestamp: 62.6268; robot: 2; pos: (0, 0); battery: 39.0554
metric: available_agents; value: 0
metric: failed_agents; value: 0
metric: finished_agents; value: 5
metric: completed_tasks; value: 17
metric: pending_tasks; value: 0
metric: failed_tasks; value: 3
metric: average_robot_makespan; value: 56.7281
metric: sd_robot_makespan; value: 6.67495
metric: max_robot_makespan; value: 63.2824
metric: min_robot_makespan; value: 47.4679
metric: average_robot_travel_distance; value: 17.2621
metric: sd_robot_travel_distance; value: 2.8476
metric: max_robot_travel_distance; value: 20.9446
metric: min_robot_travel_distance; value: 13.1829
metric: sum_robot_travel_distance; value: 86.3106
metric: average_completed_tasks_by_robot; value: 0
metric: sd_completed_tasks_by_robot; value: 0
metric: max_completed_tasks_by_robot; value: 0
metric: min_completed_tasks_by_robot; value: 0
metric: final_reward; value: 0.85
metric: computing_time; value: 14.4132
