info: solver_name; value: cbba
info: reward_function; value: reward00
info: replica; value: 1
info: filename; value: ../logs/prueba/scenario_10t_05_3r_cbba_reward00_001.log
info: scenario_name; value: scenario_10t_05_3r
info: scenario_name; value: scenario_10t_05_3r
info: number_of_tasks; value: 10
info: number_of_robots; value: 3
info: number_of_recharging_stations; value: 1
info: scenario_size; value: (200,200)
event: recharging_station_spawn; timestamp: 0; recharging_station: 1; pos: (0, 0)
event: task_spawn; timestamp: 0; task: 1; pos: (73, -33); earliest_start: 0; latest_start: 630; state: PENDING; required_workers: 3; success_prob: 0.7; max_attempts: 1
event: task_spawn; timestamp: 0; task: 2; pos: (55, -32); earliest_start: 0; latest_start: 270; state: PENDING; required_workers: 3; success_prob: 0.6; max_attempts: 1
event: task_spawn; timestamp: 0; task: 3; pos: (-51, 63); earliest_start: 0; latest_start: 900; state: PENDING; required_workers: 3; success_prob: 0.7; max_attempts: 1
event: task_spawn; timestamp: 0; task: 4; pos: (-87, 67); earliest_start: 0; latest_start: 360; state: PENDING; required_workers: 2; success_prob: 0.8; max_attempts: 1
event: task_spawn; timestamp: 0; task: 5; pos: (2, 42); earliest_start: 0; latest_start: 810; state: PENDING; required_workers: 2; success_prob: 0.9; max_attempts: 1
event: task_spawn; timestamp: 0; task: 6; pos: (49, 10); earliest_start: 0; latest_start: 270; state: PENDING; required_workers: 2; success_prob: 0.9; max_attempts: 1
event: task_spawn; timestamp: 0; task: 7; pos: (83, 98); earliest_start: 0; latest_start: 360; state: PENDING; required_workers: 3; success_prob: 0.8; max_attempts: 1
event: task_spawn; timestamp: 0; task: 8; pos: (-28, 43); earliest_start: 0; latest_start: 810; state: PENDING; required_workers: 2; success_prob: 0.7; max_attempts: 1
event: task_spawn; timestamp: 0; task: 9; pos: (-32, 70); earliest_start: 0; latest_start: 360; state: PENDING; required_workers: 2; success_prob: 0.6; max_attempts: 1
event: task_spawn; timestamp: 0; task: 10; pos: (-19, -50); earliest_start: 0; latest_start: 720; state: PENDING; required_workers: 3; success_prob: 0.9; max_attempts: 1
event: robot_spawn; timestamp: 0; robot: 1; pos: (0, 0); state: AVAILABLE; battery_level: 100; battery_capacity: 100; velocity: 5; battery_rate_nav: 0.1
event: robot_spawn; timestamp: 0; robot: 2; pos: (0, 0); state: AVAILABLE; battery_level: 100; battery_capacity: 100; velocity: 5; battery_rate_nav: 0.1
event: robot_spawn; timestamp: 0; robot: 3; pos: (0, 0); state: AVAILABLE; battery_level: 100; battery_capacity: 100; velocity: 5; battery_rate_nav: 0.1
event: battery_consumption; timestamp: 0; robot: 3; time: 8.40952; initial_level: 100; final_level: 99.159
event: navigation; timestamp: 0; robot: 3; time: 8.40952; src: (0, 0); dst: (2, 42)
event: battery_consumption; timestamp: 0; robot: 1; time: 8.40952; initial_level: 100; final_level: 99.159
event: navigation; timestamp: 0; robot: 1; time: 8.40952; src: (0, 0); dst: (2, 42)
event: battery_consumption; timestamp: 0; robot: 2; time: 10.002; initial_level: 100; final_level: 98.9998
event: navigation; timestamp: 0; robot: 2; time: 10.002; src: (0, 0); dst: (49, 10)
event: task_execution; timestamp: 8.40952; task: 5; robot: 1; pos: (2, 42); time: 0
event: battery_consumption; timestamp: 8.40952; robot: 1; time: 0; initial_level: 99.159; final_level: 99.159
event: task_execution; timestamp: 8.40952; task: 5; robot: 3; pos: (2, 42); time: 0
event: battery_consumption; timestamp: 8.40952; robot: 3; time: 0; initial_level: 99.159; final_level: 99.159
event: task_resolution; timestamp: 8.40952; task: 5; pos: (2, 42); status: COMPLETED; attempt: 1
event: battery_consumption; timestamp: 8.40952; robot: 1; time: 11.3719; initial_level: 99.159; final_level: 98.0219
event: navigation; timestamp: 8.40952; robot: 1; time: 11.3719; src: (2, 42); dst: (49, 10)
event: battery_consumption; timestamp: 8.40952; robot: 3; time: 6.00333; initial_level: 99.159; final_level: 98.5587
event: navigation; timestamp: 8.40952; robot: 3; time: 6.00333; src: (2, 42); dst: (-28, 43)
event: task_execution; timestamp: 19.7814; task: 6; robot: 1; pos: (49, 10); time: 0
event: battery_consumption; timestamp: 19.7814; robot: 1; time: 0; initial_level: 98.0219; final_level: 88.0219
event: task_execution; timestamp: 19.7814; task: 6; robot: 2; pos: (49, 10); time: 0
event: battery_consumption; timestamp: 19.7814; robot: 2; time: 0; initial_level: 98.9998; final_level: 88.9998
event: task_resolution; timestamp: 19.7814; task: 6; pos: (49, 10); status: FAILED; attempt: 1
event: battery_consumption; timestamp: 19.7814; robot: 2; time: 16.7547; initial_level: 88.9998; final_level: 87.3243
event: navigation; timestamp: 19.7814; robot: 2; time: 16.7547; src: (49, 10); dst: (-28, 43)
event: battery_consumption; timestamp: 19.7814; robot: 1; time: 9.84886; initial_level: 88.0219; final_level: 87.037
event: navigation; timestamp: 19.7814; robot: 1; time: 9.84886; src: (49, 10); dst: (73, -33)
event: task_execution; timestamp: 36.5361; task: 8; robot: 2; pos: (-28, 43); time: 0
event: battery_consumption; timestamp: 36.5361; robot: 2; time: 0; initial_level: 87.3243; final_level: 77.3243
event: task_execution; timestamp: 36.5361; task: 8; robot: 3; pos: (-28, 43); time: 0
event: battery_consumption; timestamp: 36.5361; robot: 3; time: 0; initial_level: 98.5587; final_level: 88.5587
event: task_resolution; timestamp: 36.5361; task: 8; pos: (-28, 43); status: FAILED; attempt: 1
event: battery_consumption; timestamp: 36.5361; robot: 2; time: 5.45894; initial_level: 77.3243; final_level: 76.7784
event: navigation; timestamp: 36.5361; robot: 2; time: 5.45894; src: (-28, 43); dst: (-32, 70)
event: battery_consumption; timestamp: 36.5361; robot: 3; time: 5.45894; initial_level: 88.5587; final_level: 88.0128
event: navigation; timestamp: 36.5361; robot: 3; time: 5.45894; src: (-28, 43); dst: (-32, 70)
event: task_execution; timestamp: 41.9951; task: 9; robot: 2; pos: (-32, 70); time: 45.0108
event: battery_consumption; timestamp: 41.9951; robot: 2; time: 45.0108; initial_level: 76.7784; final_level: 31.7677
event: task_execution; timestamp: 41.9951; task: 9; robot: 3; pos: (-32, 70); time: 45.0108
event: battery_consumption; timestamp: 41.9951; robot: 3; time: 45.0108; initial_level: 88.0128; final_level: 43.0021
event: task_resolution; timestamp: 87.0058; task: 9; pos: (-32, 70); status: COMPLETED; attempt: 1
event: battery_consumption; timestamp: 87.0058; robot: 3; time: 11.0164; initial_level: 43.0021; final_level: 41.9004
event: navigation; timestamp: 87.0058; robot: 3; time: 11.0164; src: (-32, 70); dst: (-87, 67)
event: battery_consumption; timestamp: 87.0058; robot: 2; time: 11.0164; initial_level: 31.7677; final_level: 30.666
event: navigation; timestamp: 87.0058; robot: 2; time: 11.0164; src: (-32, 70); dst: (-87, 67)
event: task_execution; timestamp: 98.0222; task: 4; robot: 2; pos: (-87, 67); time: 0
event: battery_consumption; timestamp: 98.0222; robot: 2; time: 0; initial_level: 30.666; final_level: 30.666
event: task_execution; timestamp: 98.0222; task: 4; robot: 3; pos: (-87, 67); time: 0
event: battery_consumption; timestamp: 98.0222; robot: 3; time: 0; initial_level: 41.9004; final_level: 41.9004
event: task_resolution; timestamp: 98.0222; task: 4; pos: (-87, 67); status: COMPLETED; attempt: 1
event: battery_consumption; timestamp: 98.0222; robot: 2; time: 7.24431; initial_level: 30.666; final_level: 29.9416
event: navigation; timestamp: 98.0222; robot: 2; time: 7.24431; src: (-87, 67); dst: (-51, 63)
event: battery_consumption; timestamp: 98.0222; robot: 3; time: 7.24431; initial_level: 41.9004; final_level: 41.176
event: navigation; timestamp: 98.0222; robot: 3; time: 7.24431; src: (-87, 67); dst: (-51, 63)
event: battery_consumption; timestamp: 630; robot: 1; time: 31.3637; initial_level: 87.037; final_level: 83.9006
event: navigation; timestamp: 630; robot: 1; time: 31.3637; src: (73, -33); dst: (-51, 63)
event: task_execution; timestamp: 661.364; task: 3; robot: 1; pos: (-51, 63); time: 4.13043
event: battery_consumption; timestamp: 661.364; robot: 1; time: 4.13043; initial_level: 83.9006; final_level: 79.7702
event: task_execution; timestamp: 661.364; task: 3; robot: 2; pos: (-51, 63); time: 4.13043
event: battery_consumption; timestamp: 661.364; robot: 2; time: 4.13043; initial_level: 29.9416; final_level: 25.8112
event: task_execution; timestamp: 661.364; task: 3; robot: 3; pos: (-51, 63); time: 4.13043
event: battery_consumption; timestamp: 661.364; robot: 3; time: 4.13043; initial_level: 41.176; final_level: 37.0456
event: task_resolution; timestamp: 665.494; task: 3; pos: (-51, 63); status: COMPLETED; attempt: 1
event: battery_consumption; timestamp: 665.494; robot: 3; time: 23.4887; initial_level: 37.0456; final_level: 34.6967
event: navigation; timestamp: 665.494; robot: 3; time: 23.4887; src: (-51, 63); dst: (-19, -50)
event: battery_consumption; timestamp: 665.494; robot: 1; time: 23.4887; initial_level: 79.7702; final_level: 77.4213
event: navigation; timestamp: 665.494; robot: 1; time: 23.4887; src: (-51, 63); dst: (-19, -50)
event: battery_consumption; timestamp: 665.494; robot: 2; time: 23.4887; initial_level: 25.8112; final_level: 23.4623
event: navigation; timestamp: 665.494; robot: 2; time: 23.4887; src: (-51, 63); dst: (-19, -50)
event: task_execution; timestamp: 688.983; task: 10; robot: 1; pos: (-19, -50); time: 0
event: battery_consumption; timestamp: 688.983; robot: 1; time: 0; initial_level: 77.4213; final_level: 77.4213
event: task_execution; timestamp: 688.983; task: 10; robot: 2; pos: (-19, -50); time: 0
event: battery_consumption; timestamp: 688.983; robot: 2; time: 0; initial_level: 23.4623; final_level: 23.4623
event: task_execution; timestamp: 688.983; task: 10; robot: 3; pos: (-19, -50); time: 0
event: battery_consumption; timestamp: 688.983; robot: 3; time: 0; initial_level: 34.6967; final_level: 34.6967
event: task_resolution; timestamp: 688.983; task: 10; pos: (-19, -50); status: COMPLETED; attempt: 1
event: battery_consumption; timestamp: 688.983; robot: 2; time: 10.6977; initial_level: 23.4623; final_level: 22.3925
event: navigation; timestamp: 688.983; robot: 2; time: 10.6977; src: (-19, -50); dst: (0, 0)
event: robot_finished; timestamp: 699.68; robot: 2; pos: (0, 0); battery: 22.3925
event: battery_consumption; timestamp: 688.983; robot: 1; time: 10.6977; initial_level: 77.4213; final_level: 76.3515
event: navigation; timestamp: 688.983; robot: 1; time: 10.6977; src: (-19, -50); dst: (0, 0)
event: robot_finished; timestamp: 699.68; robot: 1; pos: (0, 0); battery: 76.3515
event: battery_consumption; timestamp: 688.983; robot: 3; time: 10.6977; initial_level: 34.6967; final_level: 33.6269
event: navigation; timestamp: 688.983; robot: 3; time: 10.6977; src: (-19, -50); dst: (0, 0)
event: robot_finished; timestamp: 699.68; robot: 3; pos: (0, 0); battery: 33.6269
metric: available_agents; value: 0
metric: failed_agents; value: 0
metric: finished_agents; value: 3
metric: completed_tasks; value: 5
metric: pending_tasks; value: 0
metric: failed_tasks; value: 5
metric: average_robot_makespan; value: 699.68
metric: sd_robot_makespan; value: 0
metric: max_robot_makespan; value: 699.68
metric: min_robot_makespan; value: 699.68
metric: average_robot_travel_distance; value: 420.27
metric: sd_robot_travel_distance; value: 57.2145
metric: max_robot_travel_distance; value: 475.902
metric: min_robot_travel_distance; value: 361.594
metric: sum_robot_travel_distance; value: 1260.81
metric: average_completed_tasks_by_robot; value: 0
metric: sd_completed_tasks_by_robot; value: 0
metric: max_completed_tasks_by_robot; value: 0
metric: min_completed_tasks_by_robot; value: 0
metric: final_reward; value: 0.5
metric: computing_time; value: 0.00255584
