info: solver_name; value: random
info: reward_function; value: reward00
info: replica; value: 1
info: filename; value: ../logs/prueba/scenario_20t_02_4r_random_reward00_001.log
info: scenario_name; value: scenario_20t_02_4r
info: scenario_name; value: scenario_20t_02_4r
info: number_of_tasks; value: 20
info: number_of_robots; value: 4
info: number_of_recharging_stations; value: 1
info: scenario_size; value: (200,200)
event: recharging_station_spawn; timestamp: 0; recharging_station: 1; pos: (0, 0)
event: task_spawn; timestamp: 0; task: 1; pos: (88, -20); earliest_start: 0; latest_start: 270; state: PENDING; required_workers: 3; success_prob: 0.7; max_attempts: 1
event: task_spawn; timestamp: 0; task: 2; pos: (-7, 40); earliest_start: 0; latest_start: 360; state: PENDING; required_workers: 2; success_prob: 0.6; max_attempts: 1
event: task_spawn; timestamp: 0; task: 3; pos: (12, 53); earliest_start: 0; latest_start: 450; state: PENDING; required_workers: 3; success_prob: 0.6; max_attempts: 1
event: task_spawn; timestamp: 0; task: 4; pos: (-30, -5); earliest_start: 0; latest_start: 630; state: PENDING; required_workers: 1; success_prob: 0.7; max_attempts: 1
event: task_spawn; timestamp: 0; task: 5; pos: (-69, -35); earliest_start: 0; latest_start: 450; state: PENDING; required_workers: 1; success_prob: 0.7; max_attempts: 1
event: task_spawn; timestamp: 0; task: 6; pos: (-62, 52); earliest_start: 0; latest_start: 720; state: PENDING; required_workers: 3; success_prob: 0.7; max_attempts: 1
event: task_spawn; timestamp: 0; task: 7; pos: (1, -31); earliest_start: 0; latest_start: 900; state: PENDING; required_workers: 2; success_prob: 0.8; max_attempts: 1
event: task_spawn; timestamp: 0; task: 8; pos: (7, -43); earliest_start: 0; latest_start: 900; state: PENDING; required_workers: 1; success_prob: 0.8; max_attempts: 1
event: task_spawn; timestamp: 0; task: 9; pos: (32, -86); earliest_start: 0; latest_start: 270; state: PENDING; required_workers: 2; success_prob: 0.6; max_attempts: 1
event: task_spawn; timestamp: 0; task: 10; pos: (-75, -56); earliest_start: 0; latest_start: 360; state: PENDING; required_workers: 1; success_prob: 0.8; max_attempts: 1
event: task_spawn; timestamp: 0; task: 11; pos: (38, 80); earliest_start: 0; latest_start: 270; state: PENDING; required_workers: 2; success_prob: 0.6; max_attempts: 1
event: task_spawn; timestamp: 0; task: 12; pos: (14, 2); earliest_start: 0; latest_start: 630; state: PENDING; required_workers: 1; success_prob: 0.8; max_attempts: 1
event: task_spawn; timestamp: 0; task: 13; pos: (69, 76); earliest_start: 0; latest_start: 270; state: PENDING; required_workers: 1; success_prob: 0.7; max_attempts: 1
event: task_spawn; timestamp: 0; task: 14; pos: (98, -13); earliest_start: 0; latest_start: 900; state: PENDING; required_workers: 2; success_prob: 0.9; max_attempts: 1
event: task_spawn; timestamp: 0; task: 15; pos: (-67, 54); earliest_start: 0; latest_start: 360; state: PENDING; required_workers: 1; success_prob: 0.7; max_attempts: 1
event: task_spawn; timestamp: 0; task: 16; pos: (47, 9); earliest_start: 0; latest_start: 270; state: PENDING; required_workers: 2; success_prob: 0.6; max_attempts: 1
event: task_spawn; timestamp: 0; task: 17; pos: (-58, 38); earliest_start: 0; latest_start: 810; state: PENDING; required_workers: 3; success_prob: 0.7; max_attempts: 1
event: task_spawn; timestamp: 0; task: 18; pos: (88, 2); earliest_start: 0; latest_start: 450; state: PENDING; required_workers: 1; success_prob: 0.7; max_attempts: 1
event: task_spawn; timestamp: 0; task: 19; pos: (-96, 89); earliest_start: 0; latest_start: 540; state: PENDING; required_workers: 2; success_prob: 0.8; max_attempts: 1
event: task_spawn; timestamp: 0; task: 20; pos: (26, 51); earliest_start: 0; latest_start: 540; state: PENDING; required_workers: 2; success_prob: 0.7; max_attempts: 1
event: robot_spawn; timestamp: 0; robot: 1; pos: (0, 0); state: AVAILABLE; battery_level: 100; battery_capacity: 100; velocity: 5; battery_rate_nav: 0.1
event: robot_spawn; timestamp: 0; robot: 2; pos: (0, 0); state: AVAILABLE; battery_level: 100; battery_capacity: 100; velocity: 5; battery_rate_nav: 0.1
event: robot_spawn; timestamp: 0; robot: 3; pos: (0, 0); state: AVAILABLE; battery_level: 100; battery_capacity: 100; velocity: 5; battery_rate_nav: 0.1
event: robot_spawn; timestamp: 0; robot: 4; pos: (0, 0); state: AVAILABLE; battery_level: 100; battery_capacity: 100; velocity: 5; battery_rate_nav: 0.1
event: battery_consumption; timestamp: 0; robot: 3; time: 6.20322; initial_level: 100; final_level: 99.3797
event: navigation; timestamp: 0; robot: 3; time: 6.20322; src: (0, 0); dst: (1, -31)
event: battery_consumption; timestamp: 0; robot: 4; time: 15.4738; initial_level: 100; final_level: 98.4526
event: navigation; timestamp: 0; robot: 4; time: 15.4738; src: (0, 0); dst: (-69, -35)
event: battery_consumption; timestamp: 0; robot: 2; time: 6.20322; initial_level: 100; final_level: 99.3797
event: navigation; timestamp: 0; robot: 2; time: 6.20322; src: (0, 0); dst: (1, -31)
event: battery_consumption; timestamp: 0; robot: 1; time: 16.1839; initial_level: 100; final_level: 98.3816
event: navigation; timestamp: 0; robot: 1; time: 16.1839; src: (0, 0); dst: (-62, 52)
event: task_execution; timestamp: 6.20322; task: 7; robot: 2; pos: (1, -31); time: 7.54063
event: battery_consumption; timestamp: 6.20322; robot: 2; time: 7.54063; initial_level: 99.3797; final_level: 91.839
event: task_execution; timestamp: 6.20322; task: 7; robot: 3; pos: (1, -31); time: 7.54063
event: battery_consumption; timestamp: 6.20322; robot: 3; time: 7.54063; initial_level: 99.3797; final_level: 91.839
event: task_resolution; timestamp: 13.7439; task: 7; pos: (1, -31); status: COMPLETED; attempt: 1
event: battery_consumption; timestamp: 13.7439; robot: 3; time: 18.6097; initial_level: 91.839; final_level: 89.9781
event: navigation; timestamp: 13.7439; robot: 3; time: 18.6097; src: (1, -31); dst: (88, 2)
event: battery_consumption; timestamp: 13.7439; robot: 2; time: 12.627; initial_level: 91.839; final_level: 90.5763
event: navigation; timestamp: 13.7439; robot: 2; time: 12.627; src: (1, -31); dst: (32, -86)
event: task_execution; timestamp: 15.4738; task: 5; robot: 4; pos: (-69, -35); time: 98.4526
event: battery_consumption; timestamp: 15.4738; robot: 4; time: 98.4526; initial_level: 98.4526; final_level: 88.4526
event: task_resolution; timestamp: 113.926; task: 5; pos: (-69, -35); status: FAILED; attempt: 1
event: battery_consumption; timestamp: 113.926; robot: 4; time: 31.543; initial_level: 88.4526; final_level: 85.2983
event: navigation; timestamp: 113.926; robot: 4; time: 31.543; src: (-69, -35); dst: (88, -20)
event: task_execution; timestamp: 32.3535; task: 18; robot: 3; pos: (88, 2); time: 88.067
event: battery_consumption; timestamp: 32.3535; robot: 3; time: 88.067; initial_level: 89.9781; final_level: 1.91106
event: task_resolution; timestamp: 120.421; task: 18; pos: (88, 2); status: COMPLETED; attempt: 1
event: battery_consumption; timestamp: 120.421; robot: 3; time: 18.53; initial_level: 1.91106; final_level: 0.0580632
event: navigation; timestamp: 120.421; robot: 3; time: 18.53; src: (88, 2); dst: (38, 80)
event: battery_consumption; timestamp: 270; robot: 2; time: 19.6825; initial_level: 90.5763; final_level: 88.6081
event: navigation; timestamp: 270; robot: 2; time: 19.6825; src: (32, -86); dst: (98, -13)
event: battery_consumption; timestamp: 270; robot: 4; time: 21.0761; initial_level: 85.2983; final_level: 83.1907
event: navigation; timestamp: 270; robot: 4; time: 21.0761; src: (88, -20); dst: (12, 53)
event: battery_consumption; timestamp: 270; robot: 3; time: 17.7133; initial_level: 0.0580632; final_level: 0
event: navigation; timestamp: 270; robot: 3; time: 17.7133; src: (38, 80); dst: (0, 0)
event: recharge; timestamp: 287.713; robot: 3; recharging_station: 1; pos: (0, 0); level: 100
event: battery_consumption; timestamp: 287.713; robot: 3; time: 19.7717; initial_level: 100; final_level: 98.0228
event: navigation; timestamp: 287.713; robot: 3; time: 19.7717; src: (0, 0); dst: (98, -13)
event: task_execution; timestamp: 307.485; task: 14; robot: 2; pos: (98, -13); time: 0
event: battery_consumption; timestamp: 307.485; robot: 2; time: 0; initial_level: 88.6081; final_level: 88.6081
event: task_execution; timestamp: 307.485; task: 14; robot: 3; pos: (98, -13); time: 0
event: battery_consumption; timestamp: 307.485; robot: 3; time: 0; initial_level: 98.0228; final_level: 98.0228
event: task_resolution; timestamp: 307.485; task: 14; pos: (98, -13); status: COMPLETED; attempt: 1
event: battery_consumption; timestamp: 307.485; robot: 2; time: 19.2666; initial_level: 88.6081; final_level: 86.6814
event: navigation; timestamp: 307.485; robot: 2; time: 19.2666; src: (98, -13); dst: (26, 51)
event: battery_consumption; timestamp: 307.485; robot: 3; time: 35.6168; initial_level: 98.0228; final_level: 94.4611
event: navigation; timestamp: 307.485; robot: 3; time: 35.6168; src: (98, -13); dst: (-67, 54)
event: task_execution; timestamp: 343.102; task: 15; robot: 3; pos: (-67, 54); time: 0
event: battery_consumption; timestamp: 343.102; robot: 3; time: 0; initial_level: 94.4611; final_level: 94.4611
event: task_resolution; timestamp: 343.102; task: 15; pos: (-67, 54); status: COMPLETED; attempt: 1
event: battery_consumption; timestamp: 343.102; robot: 3; time: 24.4008; initial_level: 94.4611; final_level: 92.0211
event: navigation; timestamp: 343.102; robot: 3; time: 24.4008; src: (-67, 54); dst: (7, -43)
event: task_execution; timestamp: 367.503; task: 8; robot: 3; pos: (7, -43); time: 0
event: battery_consumption; timestamp: 367.503; robot: 3; time: 0; initial_level: 92.0211; final_level: 82.0211
event: task_resolution; timestamp: 367.503; task: 8; pos: (7, -43); status: FAILED; attempt: 1
event: battery_consumption; timestamp: 367.503; robot: 3; time: 20.7711; initial_level: 82.0211; final_level: 79.9439
event: navigation; timestamp: 367.503; robot: 3; time: 20.7711; src: (7, -43); dst: (-58, 38)
event: battery_consumption; timestamp: 450; robot: 4; time: 22.7684; initial_level: 83.1907; final_level: 80.9139
event: navigation; timestamp: 450; robot: 4; time: 22.7684; src: (12, 53); dst: (-96, 89)
event: battery_consumption; timestamp: 540; robot: 2; time: 17.6011; initial_level: 86.6814; final_level: 84.9213
event: navigation; timestamp: 540; robot: 2; time: 17.6011; src: (26, 51); dst: (-62, 52)
event: battery_consumption; timestamp: 540; robot: 4; time: 22.9713; initial_level: 80.9139; final_level: 78.6167
event: navigation; timestamp: 540; robot: 4; time: 22.9713; src: (-96, 89); dst: (-30, -5)
event: task_execution; timestamp: 562.971; task: 4; robot: 4; pos: (-30, -5); time: 0
event: battery_consumption; timestamp: 562.971; robot: 4; time: 0; initial_level: 78.6167; final_level: 68.6167
event: task_resolution; timestamp: 562.971; task: 4; pos: (-30, -5); status: FAILED; attempt: 1
event: battery_consumption; timestamp: 562.971; robot: 4; time: 10.2626; initial_level: 68.6167; final_level: 67.5905
event: navigation; timestamp: 562.971; robot: 4; time: 10.2626; src: (-30, -5); dst: (-58, 38)
event: battery_consumption; timestamp: 720; robot: 1; time: 2.91204; initial_level: 98.3816; final_level: 98.0904
event: navigation; timestamp: 720; robot: 1; time: 2.91204; src: (-62, 52); dst: (-58, 38)
event: battery_consumption; timestamp: 720; robot: 2; time: 16.1839; initial_level: 84.9213; final_level: 83.3029
event: navigation; timestamp: 720; robot: 2; time: 16.1839; src: (-62, 52); dst: (0, 0)
event: robot_finished; timestamp: 736.184; robot: 2; pos: (0, 0); battery: 83.3029
event: task_execution; timestamp: 722.912; task: 17; robot: 1; pos: (-58, 38); time: 42.0141
event: battery_consumption; timestamp: 722.912; robot: 1; time: 42.0141; initial_level: 98.0904; final_level: 56.0763
event: task_execution; timestamp: 722.912; task: 17; robot: 3; pos: (-58, 38); time: 42.0141
event: battery_consumption; timestamp: 722.912; robot: 3; time: 42.0141; initial_level: 79.9439; final_level: 37.9299
event: task_execution; timestamp: 722.912; task: 17; robot: 4; pos: (-58, 38); time: 42.0141
event: battery_consumption; timestamp: 722.912; robot: 4; time: 42.0141; initial_level: 67.5905; final_level: 25.5764
event: task_resolution; timestamp: 764.926; task: 17; pos: (-58, 38); status: COMPLETED; attempt: 1
event: battery_consumption; timestamp: 764.926; robot: 4; time: 13.8679; initial_level: 25.5764; final_level: 24.1896
event: navigation; timestamp: 764.926; robot: 4; time: 13.8679; src: (-58, 38); dst: (0, 0)
event: robot_finished; timestamp: 778.794; robot: 4; pos: (0, 0); battery: 24.1896
event: battery_consumption; timestamp: 764.926; robot: 1; time: 13.8679; initial_level: 56.0763; final_level: 54.6895
event: navigation; timestamp: 764.926; robot: 1; time: 13.8679; src: (-58, 38); dst: (0, 0)
event: robot_finished; timestamp: 778.794; robot: 1; pos: (0, 0); battery: 54.6895
event: battery_consumption; timestamp: 764.926; robot: 3; time: 13.8679; initial_level: 37.9299; final_level: 36.5431
event: navigation; timestamp: 764.926; robot: 3; time: 13.8679; src: (-58, 38); dst: (0, 0)
event: robot_finished; timestamp: 778.794; robot: 3; pos: (0, 0); battery: 36.5431
metric: available_agents; value: 0
metric: failed_agents; value: 0
metric: finished_agents; value: 4
metric: completed_tasks; value: 5
metric: pending_tasks; value: 0
metric: failed_tasks; value: 15
metric: average_robot_makespan; value: 768.142
metric: sd_robot_makespan; value: 21.3051
metric: max_robot_makespan; value: 778.794
metric: min_robot_makespan; value: 736.184
metric: average_robot_travel_distance; value: 547.47
metric: sd_robot_travel_distance; value: 307.457
metric: max_robot_travel_distance; value: 877.423
metric: min_robot_travel_distance; value: 164.82
metric: sum_robot_travel_distance; value: 2189.88
metric: average_completed_tasks_by_robot; value: 0
metric: sd_completed_tasks_by_robot; value: 0
metric: max_completed_tasks_by_robot; value: 0
metric: min_completed_tasks_by_robot; value: 0
metric: final_reward; value: 0.25
metric: computing_time; value: 0.000743156
