info: solver_name; value: cbba
info: reward_function; value: reward00
info: replica; value: 2
info: filename; value: ../logs/prueba/scenario_12_06_01_cbba_reward00_002.log
info: scenario_name; value: scenario_12_06_01
info: scenario_name; value: scenario_12_06_01
info: number_of_tasks; value: 12
info: number_of_robots; value: 6
info: number_of_recharging_stations; value: 1
info: scenario_size; value: (200,200)
event: recharging_station_spawn; timestamp: 0; recharging_station: 1; pos: (0, 0)
event: task_spawn; timestamp: 0; task: 1; pos: (-70.0709, -68.0831); earliest_start: 0; latest_start: 1080; state: PENDING; required_workers: 3; success_prob: 0.8; max_attempts: 1
event: task_spawn; timestamp: 0; task: 2; pos: (-17.4248, -96.1114); earliest_start: 0; latest_start: 810; state: PENDING; required_workers: 3; success_prob: 0.8; max_attempts: 1
event: task_spawn; timestamp: 0; task: 3; pos: (-29.5006, -24.1376); earliest_start: 0; latest_start: 1080; state: PENDING; required_workers: 2; success_prob: 0.8; max_attempts: 1
event: task_spawn; timestamp: 0; task: 4; pos: (6.58351, -36.5381); earliest_start: 0; latest_start: 540; state: PENDING; required_workers: 1; success_prob: 0.8; max_attempts: 1
event: task_spawn; timestamp: 0; task: 5; pos: (-46.7684, -52.5449); earliest_start: 0; latest_start: 540; state: PENDING; required_workers: 3; success_prob: 0.8; max_attempts: 1
event: task_spawn; timestamp: 0; task: 6; pos: (-87.1468, -93.4297); earliest_start: 0; latest_start: 810; state: PENDING; required_workers: 2; success_prob: 0.8; max_attempts: 1
event: task_spawn; timestamp: 0; task: 7; pos: (-74.758, -54.3258); earliest_start: 0; latest_start: 540; state: PENDING; required_workers: 2; success_prob: 0.8; max_attempts: 1
event: task_spawn; timestamp: 0; task: 8; pos: (-1.29451, 32.4663); earliest_start: 0; latest_start: 540; state: PENDING; required_workers: 2; success_prob: 0.8; max_attempts: 1
event: task_spawn; timestamp: 0; task: 9; pos: (60.5478, -15.9338); earliest_start: 0; latest_start: 1080; state: PENDING; required_workers: 1; success_prob: 0.8; max_attempts: 1
event: task_spawn; timestamp: 0; task: 10; pos: (56.8755, 43.1394); earliest_start: 0; latest_start: 810; state: PENDING; required_workers: 2; success_prob: 0.8; max_attempts: 1
event: task_spawn; timestamp: 0; task: 11; pos: (-24.173, 41.1999); earliest_start: 0; latest_start: 540; state: PENDING; required_workers: 2; success_prob: 0.8; max_attempts: 1
event: task_spawn; timestamp: 0; task: 12; pos: (72.2993, -29.315); earliest_start: 0; latest_start: 1080; state: PENDING; required_workers: 1; success_prob: 0.8; max_attempts: 1
event: robot_spawn; timestamp: 0; robot: 1; pos: (0, 0); state: AVAILABLE; battery_level: 100; battery_capacity: 100; velocity: 5; battery_rate_nav: 0.1
event: robot_spawn; timestamp: 0; robot: 2; pos: (0, 0); state: AVAILABLE; battery_level: 100; battery_capacity: 100; velocity: 5; battery_rate_nav: 0.1
event: robot_spawn; timestamp: 0; robot: 3; pos: (0, 0); state: AVAILABLE; battery_level: 100; battery_capacity: 100; velocity: 5; battery_rate_nav: 0.1
event: robot_spawn; timestamp: 0; robot: 4; pos: (0, 0); state: AVAILABLE; battery_level: 100; battery_capacity: 100; velocity: 5; battery_rate_nav: 0.1
event: robot_spawn; timestamp: 0; robot: 5; pos: (0, 0); state: AVAILABLE; battery_level: 100; battery_capacity: 100; velocity: 5; battery_rate_nav: 0.1
event: robot_spawn; timestamp: 0; robot: 6; pos: (0, 0); state: AVAILABLE; battery_level: 100; battery_capacity: 100; velocity: 5; battery_rate_nav: 0.1
event: battery_consumption; timestamp: 0; robot: 1; time: 6.49842; initial_level: 100; final_level: 99.3502
event: navigation; timestamp: 0; robot: 1; time: 6.49842; src: (0, 0); dst: (-1.29451, 32.4663)
event: battery_consumption; timestamp: 0; robot: 3; time: 6.49842; initial_level: 100; final_level: 99.3502
event: navigation; timestamp: 0; robot: 3; time: 6.49842; src: (0, 0); dst: (-1.29451, 32.4663)
event: battery_consumption; timestamp: 0; robot: 4; time: 7.4253; initial_level: 100; final_level: 99.2575
event: navigation; timestamp: 0; robot: 4; time: 7.4253; src: (0, 0); dst: (6.58351, -36.5381)
event: battery_consumption; timestamp: 0; robot: 2; time: 7.62341; initial_level: 100; final_level: 99.2377
event: navigation; timestamp: 0; robot: 2; time: 7.62341; src: (0, 0); dst: (-29.5006, -24.1376)
event: battery_consumption; timestamp: 0; robot: 5; time: 7.62341; initial_level: 100; final_level: 99.2377
event: navigation; timestamp: 0; robot: 5; time: 7.62341; src: (0, 0); dst: (-29.5006, -24.1376)
event: battery_consumption; timestamp: 0; robot: 6; time: 9.55357; initial_level: 100; final_level: 99.0446
event: navigation; timestamp: 0; robot: 6; time: 9.55357; src: (0, 0); dst: (-24.173, 41.1999)
event: task_execution; timestamp: 7.62341; task: 3; robot: 2; pos: (-29.5006, -24.1376); time: 44.5156
event: battery_consumption; timestamp: 7.62341; robot: 2; time: 44.5156; initial_level: 99.2377; final_level: 54.722
event: task_execution; timestamp: 7.62341; task: 3; robot: 5; pos: (-29.5006, -24.1376); time: 44.5156
event: battery_consumption; timestamp: 7.62341; robot: 5; time: 44.5156; initial_level: 99.2377; final_level: 54.722
event: task_resolution; timestamp: 52.1391; task: 3; pos: (-29.5006, -24.1376); status: COMPLETED; attempt: 1
event: battery_consumption; timestamp: 52.1391; robot: 2; time: 6.64876; initial_level: 54.722; final_level: 54.0571
event: navigation; timestamp: 52.1391; robot: 2; time: 6.64876; src: (-29.5006, -24.1376); dst: (-46.7684, -52.5449)
event: battery_consumption; timestamp: 52.1391; robot: 5; time: 6.64876; initial_level: 54.722; final_level: 54.0571
event: navigation; timestamp: 52.1391; robot: 5; time: 6.64876; src: (-29.5006, -24.1376); dst: (-46.7684, -52.5449)
event: task_execution; timestamp: 6.49842; task: 8; robot: 1; pos: (-1.29451, 32.4663); time: 99.3502
event: battery_consumption; timestamp: 6.49842; robot: 1; time: 99.3502; initial_level: 99.3502; final_level: 89.3502
event: task_execution; timestamp: 6.49842; task: 8; robot: 3; pos: (-1.29451, 32.4663); time: 99.3502
event: battery_consumption; timestamp: 6.49842; robot: 3; time: 99.3502; initial_level: 99.3502; final_level: 89.3502
event: task_resolution; timestamp: 105.849; task: 8; pos: (-1.29451, 32.4663); status: FAILED; attempt: 1
event: battery_consumption; timestamp: 105.849; robot: 1; time: 4.89776; initial_level: 89.3502; final_level: 88.8604
event: navigation; timestamp: 105.849; robot: 1; time: 4.89776; src: (-1.29451, 32.4663); dst: (-24.173, 41.1999)
event: battery_consumption; timestamp: 105.849; robot: 3; time: 11.8282; initial_level: 89.3502; final_level: 88.1673
event: navigation; timestamp: 105.849; robot: 3; time: 11.8282; src: (-1.29451, 32.4663); dst: (56.8755, 43.1394)
event: task_execution; timestamp: 7.4253; task: 4; robot: 4; pos: (6.58351, -36.5381); time: 99.2575
event: battery_consumption; timestamp: 7.4253; robot: 4; time: 99.2575; initial_level: 99.2575; final_level: 89.2575
event: task_resolution; timestamp: 106.683; task: 4; pos: (6.58351, -36.5381); status: FAILED; attempt: 1
event: battery_consumption; timestamp: 106.683; robot: 4; time: 11.1403; initial_level: 89.2575; final_level: 88.1434
event: navigation; timestamp: 106.683; robot: 4; time: 11.1403; src: (6.58351, -36.5381); dst: (-46.7684, -52.5449)
event: task_execution; timestamp: 110.746; task: 11; robot: 1; pos: (-24.173, 41.1999); time: 0
event: battery_consumption; timestamp: 110.746; robot: 1; time: 0; initial_level: 88.8604; final_level: 88.8604
event: task_execution; timestamp: 110.746; task: 11; robot: 6; pos: (-24.173, 41.1999); time: 0
event: battery_consumption; timestamp: 110.746; robot: 6; time: 0; initial_level: 99.0446; final_level: 99.0446
event: task_resolution; timestamp: 110.746; task: 11; pos: (-24.173, 41.1999); status: COMPLETED; attempt: 1
event: battery_consumption; timestamp: 110.746; robot: 1; time: 16.2143; initial_level: 88.8604; final_level: 87.2389
event: navigation; timestamp: 110.746; robot: 1; time: 16.2143; src: (-24.173, 41.1999); dst: (56.8755, 43.1394)
event: battery_consumption; timestamp: 110.746; robot: 6; time: 20.4371; initial_level: 99.0446; final_level: 97.0009
event: navigation; timestamp: 110.746; robot: 6; time: 20.4371; src: (-24.173, 41.1999); dst: (60.5478, -15.9338)
event: task_execution; timestamp: 126.961; task: 10; robot: 1; pos: (56.8755, 43.1394); time: 0
event: battery_consumption; timestamp: 126.961; robot: 1; time: 0; initial_level: 87.2389; final_level: 77.2389
event: task_execution; timestamp: 126.961; task: 10; robot: 3; pos: (56.8755, 43.1394); time: 0
event: battery_consumption; timestamp: 126.961; robot: 3; time: 0; initial_level: 88.1673; final_level: 78.1673
event: task_resolution; timestamp: 126.961; task: 10; pos: (56.8755, 43.1394); status: FAILED; attempt: 1
event: battery_consumption; timestamp: 126.961; robot: 3; time: 14.8156; initial_level: 78.1673; final_level: 76.6858
event: navigation; timestamp: 126.961; robot: 3; time: 14.8156; src: (56.8755, 43.1394); dst: (72.2993, -29.315)
event: battery_consumption; timestamp: 126.961; robot: 1; time: 31.5666; initial_level: 77.2389; final_level: 74.0823
event: navigation; timestamp: 126.961; robot: 1; time: 31.5666; src: (56.8755, 43.1394); dst: (-17.4248, -96.1114)
event: task_execution; timestamp: 131.183; task: 9; robot: 6; pos: (60.5478, -15.9338); time: 0
event: battery_consumption; timestamp: 131.183; robot: 6; time: 0; initial_level: 97.0009; final_level: 87.0009
event: task_resolution; timestamp: 131.183; task: 9; pos: (60.5478, -15.9338); status: FAILED; attempt: 1
event: battery_consumption; timestamp: 131.183; robot: 6; time: 22.368; initial_level: 87.0009; final_level: 84.7641
event: navigation; timestamp: 131.183; robot: 6; time: 22.368; src: (60.5478, -15.9338); dst: (-17.4248, -96.1114)
event: task_execution; timestamp: 141.776; task: 12; robot: 3; pos: (72.2993, -29.315); time: 0
event: battery_consumption; timestamp: 141.776; robot: 3; time: 0; initial_level: 76.6858; final_level: 76.6858
event: task_resolution; timestamp: 141.776; task: 12; pos: (72.2993, -29.315); status: COMPLETED; attempt: 1
event: battery_consumption; timestamp: 141.776; robot: 3; time: 22.3716; initial_level: 76.6858; final_level: 74.4486
event: navigation; timestamp: 141.776; robot: 3; time: 22.3716; src: (72.2993, -29.315); dst: (-17.4248, -96.1114)
event: task_execution; timestamp: 164.148; task: 2; robot: 1; pos: (-17.4248, -96.1114); time: 0
event: battery_consumption; timestamp: 164.148; robot: 1; time: 0; initial_level: 74.0823; final_level: 74.0823
event: task_execution; timestamp: 164.148; task: 2; robot: 3; pos: (-17.4248, -96.1114); time: 0
event: battery_consumption; timestamp: 164.148; robot: 3; time: 0; initial_level: 74.4486; final_level: 74.4486
event: task_execution; timestamp: 164.148; task: 2; robot: 6; pos: (-17.4248, -96.1114); time: 0
event: battery_consumption; timestamp: 164.148; robot: 6; time: 0; initial_level: 84.7641; final_level: 84.7641
event: task_resolution; timestamp: 164.148; task: 2; pos: (-17.4248, -96.1114); status: COMPLETED; attempt: 1
event: battery_consumption; timestamp: 164.148; robot: 3; time: 11.9284; initial_level: 74.4486; final_level: 73.2558
event: navigation; timestamp: 164.148; robot: 3; time: 11.9284; src: (-17.4248, -96.1114); dst: (-70.0709, -68.0831)
event: battery_consumption; timestamp: 164.148; robot: 6; time: 11.9284; initial_level: 84.7641; final_level: 83.5713
event: navigation; timestamp: 164.148; robot: 6; time: 11.9284; src: (-17.4248, -96.1114); dst: (-70.0709, -68.0831)
event: battery_consumption; timestamp: 164.148; robot: 1; time: 11.9284; initial_level: 74.0823; final_level: 72.8894
event: navigation; timestamp: 164.148; robot: 1; time: 11.9284; src: (-17.4248, -96.1114); dst: (-70.0709, -68.0831)
event: task_execution; timestamp: 117.823; task: 5; robot: 2; pos: (-46.7684, -52.5449); time: 54.0571
event: battery_consumption; timestamp: 117.823; robot: 2; time: 54.0571; initial_level: 54.0571; final_level: 44.0571
event: task_execution; timestamp: 117.823; task: 5; robot: 4; pos: (-46.7684, -52.5449); time: 54.0571
event: battery_consumption; timestamp: 117.823; robot: 4; time: 54.0571; initial_level: 88.1434; final_level: 78.1434
event: task_execution; timestamp: 117.823; task: 5; robot: 5; pos: (-46.7684, -52.5449); time: 54.0571
event: battery_consumption; timestamp: 117.823; robot: 5; time: 54.0571; initial_level: 54.0571; final_level: 44.0571
event: task_resolution; timestamp: 171.88; task: 5; pos: (-46.7684, -52.5449); status: FAILED; attempt: 1
event: battery_consumption; timestamp: 171.88; robot: 5; time: 5.60924; initial_level: 44.0571; final_level: 43.4962
event: navigation; timestamp: 171.88; robot: 5; time: 5.60924; src: (-46.7684, -52.5449); dst: (-74.758, -54.3258)
event: battery_consumption; timestamp: 171.88; robot: 4; time: 5.60924; initial_level: 78.1434; final_level: 77.5825
event: navigation; timestamp: 171.88; robot: 4; time: 5.60924; src: (-46.7684, -52.5449); dst: (-74.758, -54.3258)
event: battery_consumption; timestamp: 171.88; robot: 2; time: 11.4926; initial_level: 44.0571; final_level: 42.9079
event: navigation; timestamp: 171.88; robot: 2; time: 11.4926; src: (-46.7684, -52.5449); dst: (-87.1468, -93.4297)
event: task_execution; timestamp: 176.076; task: 1; robot: 1; pos: (-70.0709, -68.0831); time: 0
event: battery_consumption; timestamp: 176.076; robot: 1; time: 0; initial_level: 72.8894; final_level: 72.8894
event: task_execution; timestamp: 176.076; task: 1; robot: 3; pos: (-70.0709, -68.0831); time: 0
event: battery_consumption; timestamp: 176.076; robot: 3; time: 0; initial_level: 73.2558; final_level: 73.2558
event: task_execution; timestamp: 176.076; task: 1; robot: 6; pos: (-70.0709, -68.0831); time: 0
event: battery_consumption; timestamp: 176.076; robot: 6; time: 0; initial_level: 83.5713; final_level: 83.5713
event: task_resolution; timestamp: 176.076; task: 1; pos: (-70.0709, -68.0831); status: COMPLETED; attempt: 1
event: battery_consumption; timestamp: 176.076; robot: 3; time: 6.1124; initial_level: 73.2558; final_level: 72.6445
event: navigation; timestamp: 176.076; robot: 3; time: 6.1124; src: (-70.0709, -68.0831); dst: (-87.1468, -93.4297)
event: battery_consumption; timestamp: 176.076; robot: 1; time: 19.5399; initial_level: 72.8894; final_level: 70.9354
event: navigation; timestamp: 176.076; robot: 1; time: 19.5399; src: (-70.0709, -68.0831); dst: (0, 0)
event: robot_finished; timestamp: 195.616; robot: 1; pos: (0, 0); battery: 70.9354
event: battery_consumption; timestamp: 176.076; robot: 6; time: 19.5399; initial_level: 83.5713; final_level: 81.6173
event: navigation; timestamp: 176.076; robot: 6; time: 19.5399; src: (-70.0709, -68.0831); dst: (0, 0)
event: robot_finished; timestamp: 195.616; robot: 6; pos: (0, 0); battery: 81.6173
event: task_execution; timestamp: 177.489; task: 7; robot: 4; pos: (-74.758, -54.3258); time: 0
event: battery_consumption; timestamp: 177.489; robot: 4; time: 0; initial_level: 77.5825; final_level: 77.5825
event: task_execution; timestamp: 177.489; task: 7; robot: 5; pos: (-74.758, -54.3258); time: 0
event: battery_consumption; timestamp: 177.489; robot: 5; time: 0; initial_level: 43.4962; final_level: 43.4962
event: task_resolution; timestamp: 177.489; task: 7; pos: (-74.758, -54.3258); status: COMPLETED; attempt: 1
event: battery_consumption; timestamp: 177.489; robot: 4; time: 18.4825; initial_level: 77.5825; final_level: 75.7343
event: navigation; timestamp: 177.489; robot: 4; time: 18.4825; src: (-74.758, -54.3258); dst: (0, 0)
event: robot_finished; timestamp: 195.972; robot: 4; pos: (0, 0); battery: 75.7343
event: battery_consumption; timestamp: 177.489; robot: 5; time: 18.4825; initial_level: 43.4962; final_level: 41.648
event: navigation; timestamp: 177.489; robot: 5; time: 18.4825; src: (-74.758, -54.3258); dst: (0, 0)
event: robot_finished; timestamp: 195.972; robot: 5; pos: (0, 0); battery: 41.648
event: task_execution; timestamp: 183.373; task: 6; robot: 2; pos: (-87.1468, -93.4297); time: 42.9079
event: battery_consumption; timestamp: 183.373; robot: 2; time: 42.9079; initial_level: 42.9079; final_level: 32.9079
event: task_execution; timestamp: 183.373; task: 6; robot: 3; pos: (-87.1468, -93.4297); time: 42.9079
event: battery_consumption; timestamp: 183.373; robot: 3; time: 42.9079; initial_level: 72.6445; final_level: 62.6445
event: task_resolution; timestamp: 226.281; task: 6; pos: (-87.1468, -93.4297); status: FAILED; attempt: 1
event: battery_consumption; timestamp: 226.281; robot: 2; time: 25.5528; initial_level: 32.9079; final_level: 30.3526
event: navigation; timestamp: 226.281; robot: 2; time: 25.5528; src: (-87.1468, -93.4297); dst: (0, 0)
event: robot_finished; timestamp: 251.833; robot: 2; pos: (0, 0); battery: 30.3526
event: battery_consumption; timestamp: 226.281; robot: 3; time: 25.5528; initial_level: 62.6445; final_level: 60.0893
event: navigation; timestamp: 226.281; robot: 3; time: 25.5528; src: (-87.1468, -93.4297); dst: (0, 0)
event: robot_finished; timestamp: 251.833; robot: 3; pos: (0, 0); battery: 60.0893
metric: available_agents; value: 0
metric: failed_agents; value: 0
metric: finished_agents; value: 6
metric: completed_tasks; value: 6
metric: pending_tasks; value: 0
metric: failed_tasks; value: 6
metric: average_robot_makespan; value: 214.474
metric: sd_robot_makespan; value: 28.9391
metric: max_robot_makespan; value: 251.833
metric: min_robot_makespan; value: 195.616
metric: average_robot_travel_distance; value: 338.266
metric: sd_robot_travel_distance; value: 132.837
metric: max_robot_travel_distance; value: 495.537
metric: min_robot_travel_distance; value: 191.819
metric: sum_robot_travel_distance; value: 2029.59
metric: average_completed_tasks_by_robot; value: 0
metric: sd_completed_tasks_by_robot; value: 0
metric: max_completed_tasks_by_robot; value: 0
metric: min_completed_tasks_by_robot; value: 0
metric: final_reward; value: 0.5
metric: computing_time; value: 0.0277462
