info: solver_name; value: random
info: reward_function; value: reward00
info: replica; value: 1
info: filename; value: ../logs/prueba/scenario_1E_24t_2r_random_reward00_001.log
info: scenario_name; value: scenario_1E_24t_2r
info: scenario_name; value: scenario_1E_24t_2r
info: number_of_tasks; value: 24
info: number_of_robots; value: 2
info: number_of_recharging_stations; value: 1
info: scenario_size; value: (15,15)
event: recharging_station_spawn; timestamp: 0; recharging_station: 1; pos: (0, 0)
event: task_spawn; timestamp: 0; task: 1; pos: (0, 5); earliest_start: 5; latest_start: 16.53; state: PENDING; required_workers: 1; success_prob: 1; max_attempts: 1
event: task_spawn; timestamp: 0; task: 2; pos: (0.87, 4.5); earliest_start: 27; latest_start: 32.41; state: PENDING; required_workers: 1; success_prob: 1; max_attempts: 1
event: task_spawn; timestamp: 0; task: 3; pos: (0.87, 3.5); earliest_start: 34; latest_start: 39.54; state: PENDING; required_workers: 1; success_prob: 1; max_attempts: 1
event: task_spawn; timestamp: 0; task: 4; pos: (0, 3); earliest_start: 18; latest_start: 24.65; state: PENDING; required_workers: 1; success_prob: 1; max_attempts: 1
event: task_spawn; timestamp: 0; task: 5; pos: (-0.87, 3.5); earliest_start: 42; latest_start: 51.47; state: PENDING; required_workers: 1; success_prob: 1; max_attempts: 1
event: task_spawn; timestamp: 0; task: 6; pos: (-0.87, 4.5); earliest_start: 18; latest_start: 29.1; state: PENDING; required_workers: 1; success_prob: 1; max_attempts: 1
event: task_spawn; timestamp: 0; task: 7; pos: (4, 1); earliest_start: 27; latest_start: 35.58; state: PENDING; required_workers: 1; success_prob: 1; max_attempts: 1
event: task_spawn; timestamp: 0; task: 8; pos: (4.87, 0.5); earliest_start: 10; latest_start: 23.82; state: PENDING; required_workers: 1; success_prob: 1; max_attempts: 1
event: task_spawn; timestamp: 0; task: 9; pos: (4.87, -0.5); earliest_start: 2; latest_start: 10.97; state: PENDING; required_workers: 1; success_prob: 1; max_attempts: 1
event: task_spawn; timestamp: 0; task: 10; pos: (4, -1); earliest_start: 46; latest_start: 53.41; state: PENDING; required_workers: 1; success_prob: 1; max_attempts: 1
event: task_spawn; timestamp: 0; task: 11; pos: (3.13, -0.5); earliest_start: 27; latest_start: 38.92; state: PENDING; required_workers: 1; success_prob: 1; max_attempts: 1
event: task_spawn; timestamp: 0; task: 12; pos: (3.13, 0.5); earliest_start: 17; latest_start: 24.96; state: PENDING; required_workers: 1; success_prob: 1; max_attempts: 1
event: task_spawn; timestamp: 0; task: 13; pos: (0, -3); earliest_start: 3; latest_start: 9.6; state: PENDING; required_workers: 1; success_prob: 1; max_attempts: 1
event: task_spawn; timestamp: 0; task: 14; pos: (0.87, -3.5); earliest_start: 4; latest_start: 9.92; state: PENDING; required_workers: 1; success_prob: 1; max_attempts: 1
event: task_spawn; timestamp: 0; task: 15; pos: (0.87, -4.5); earliest_start: 32; latest_start: 40.54; state: PENDING; required_workers: 1; success_prob: 1; max_attempts: 1
event: task_spawn; timestamp: 0; task: 16; pos: (0, -5); earliest_start: 47; latest_start: 54.3; state: PENDING; required_workers: 1; success_prob: 1; max_attempts: 1
event: task_spawn; timestamp: 0; task: 17; pos: (-0.87, -4.5); earliest_start: 9; latest_start: 15.82; state: PENDING; required_workers: 1; success_prob: 1; max_attempts: 1
event: task_spawn; timestamp: 0; task: 18; pos: (-0.87, -3.5); earliest_start: 38; latest_start: 41.3; state: PENDING; required_workers: 1; success_prob: 1; max_attempts: 1
event: task_spawn; timestamp: 0; task: 19; pos: (-4, 1); earliest_start: 8; latest_start: 16.59; state: PENDING; required_workers: 1; success_prob: 1; max_attempts: 1
event: task_spawn; timestamp: 0; task: 20; pos: (-3.13, 0.5); earliest_start: 4; latest_start: 11.1; state: PENDING; required_workers: 1; success_prob: 1; max_attempts: 1
event: task_spawn; timestamp: 0; task: 21; pos: (-3.13, -0.5); earliest_start: 23; latest_start: 33.38; state: PENDING; required_workers: 1; success_prob: 1; max_attempts: 1
event: task_spawn; timestamp: 0; task: 22; pos: (-4, -1); earliest_start: 24; latest_start: 38.3; state: PENDING; required_workers: 1; success_prob: 1; max_attempts: 1
event: task_spawn; timestamp: 0; task: 23; pos: (-4.87, -0.5); earliest_start: 9; latest_start: 19.73; state: PENDING; required_workers: 1; success_prob: 1; max_attempts: 1
event: task_spawn; timestamp: 0; task: 24; pos: (-4.87, 0.5); earliest_start: 43; latest_start: 52.76; state: PENDING; required_workers: 1; success_prob: 1; max_attempts: 1
event: robot_spawn; timestamp: 0; robot: 1; pos: (0, 0); state: AVAILABLE; battery_level: 100; battery_capacity: 100; velocity: 1; battery_rate_nav: 1
event: robot_spawn; timestamp: 0; robot: 2; pos: (0, 0); state: AVAILABLE; battery_level: 100; battery_capacity: 100; velocity: 1; battery_rate_nav: 1
event: battery_consumption; timestamp: 0; robot: 2; time: 4.12311; initial_level: 100; final_level: 95.8769
event: navigation; timestamp: 0; robot: 2; time: 4.12311; src: (0, 0); dst: (4, -1)
event: battery_consumption; timestamp: 0; robot: 1; time: 4.8956; initial_level: 100; final_level: 95.1044
event: navigation; timestamp: 0; robot: 1; time: 4.8956; src: (0, 0); dst: (-4.87, -0.5)
event: task_execution; timestamp: 9; task: 23; robot: 1; pos: (-4.87, -0.5); time: 10
event: battery_consumption; timestamp: 9; robot: 1; time: 10; initial_level: 95.1044; final_level: 85.1044
event: task_resolution; timestamp: 19; task: 23; pos: (-4.87, -0.5); status: COMPLETED; attempt: 1
event: battery_consumption; timestamp: 19; robot: 1; time: 6.99626; initial_level: 85.1044; final_level: 78.1081
event: navigation; timestamp: 19; robot: 1; time: 6.99626; src: (-4.87, -0.5); dst: (0.87, -4.5)
event: task_execution; timestamp: 32; task: 15; robot: 1; pos: (0.87, -4.5); time: 10
event: battery_consumption; timestamp: 32; robot: 1; time: 10; initial_level: 78.1081; final_level: 68.1081
event: task_resolution; timestamp: 42; task: 15; pos: (0.87, -4.5); status: COMPLETED; attempt: 1
event: battery_consumption; timestamp: 42; robot: 1; time: 8.18704; initial_level: 68.1081; final_level: 59.9211
event: navigation; timestamp: 42; robot: 1; time: 8.18704; src: (0.87, -4.5); dst: (-0.87, 3.5)
event: task_execution; timestamp: 46; task: 10; robot: 2; pos: (4, -1); time: 10
event: battery_consumption; timestamp: 46; robot: 2; time: 10; initial_level: 95.8769; final_level: 85.8769
event: task_resolution; timestamp: 56; task: 10; pos: (4, -1); status: COMPLETED; attempt: 1
event: battery_consumption; timestamp: 56; robot: 2; time: 4.12311; initial_level: 85.8769; final_level: 81.7538
event: navigation; timestamp: 56; robot: 2; time: 4.12311; src: (4, -1); dst: (0, 0)
event: robot_finished; timestamp: 60.1231; robot: 2; pos: (0, 0); battery: 81.7538
event: task_execution; timestamp: 50.187; task: 5; robot: 1; pos: (-0.87, 3.5); time: 10
event: battery_consumption; timestamp: 50.187; robot: 1; time: 10; initial_level: 59.9211; final_level: 49.9211
event: task_resolution; timestamp: 60.187; task: 5; pos: (-0.87, 3.5); status: COMPLETED; attempt: 1
event: battery_consumption; timestamp: 60.187; robot: 1; time: 3.60651; initial_level: 49.9211; final_level: 46.3146
event: navigation; timestamp: 60.187; robot: 1; time: 3.60651; src: (-0.87, 3.5); dst: (0, 0)
event: robot_finished; timestamp: 63.7935; robot: 1; pos: (0, 0); battery: 46.3146
metric: available_agents; value: 0
metric: failed_agents; value: 0
metric: finished_agents; value: 2
metric: completed_tasks; value: 4
metric: pending_tasks; value: 0
metric: failed_tasks; value: 20
metric: average_robot_makespan; value: 61.9583
metric: sd_robot_makespan; value: 2.59539
metric: max_robot_makespan; value: 63.7935
metric: min_robot_makespan; value: 60.1231
metric: average_robot_travel_distance; value: 15.9658
metric: sd_robot_travel_distance; value: 10.9172
metric: max_robot_travel_distance; value: 23.6854
metric: min_robot_travel_distance; value: 8.24621
metric: sum_robot_travel_distance; value: 31.9316
metric: average_completed_tasks_by_robot; value: 0
metric: sd_completed_tasks_by_robot; value: 0
metric: max_completed_tasks_by_robot; value: 0
metric: min_completed_tasks_by_robot; value: 0
metric: final_reward; value: 0.166667
metric: computing_time; value: 0.000302132
