info: solver_name; value: dec-mcts-v1
info: reward_function; value: reward00
info: replica; value: 1
info: filename; value: ../logs/prueba/scenario_1E_12t_4r_dec-mcts-v1_reward00_001.log
info: scenario_name; value: scenario_1E_12t_4r
info: scenario_name; value: scenario_1E_12t_4r
info: number_of_tasks; value: 12
info: number_of_robots; value: 4
info: number_of_recharging_stations; value: 1
info: scenario_size; value: (15,15)
event: recharging_station_spawn; timestamp: 0; recharging_station: 1; pos: (0, 0)
event: task_spawn; timestamp: 0; task: 1; pos: (0, 5); earliest_start: 10; latest_start: 19.25; state: PENDING; required_workers: 1; success_prob: 1; max_attempts: 1
event: task_spawn; timestamp: 0; task: 2; pos: (0.87, 3.5); earliest_start: 5; latest_start: 17.96; state: PENDING; required_workers: 1; success_prob: 1; max_attempts: 1
event: task_spawn; timestamp: 0; task: 3; pos: (-0.87, 3.5); earliest_start: 11; latest_start: 22.32; state: PENDING; required_workers: 1; success_prob: 1; max_attempts: 1
event: task_spawn; timestamp: 0; task: 4; pos: (4, 1); earliest_start: 2; latest_start: 8.05; state: PENDING; required_workers: 1; success_prob: 1; max_attempts: 1
event: task_spawn; timestamp: 0; task: 5; pos: (4.87, -0.5); earliest_start: 13; latest_start: 21.69; state: PENDING; required_workers: 1; success_prob: 1; max_attempts: 1
event: task_spawn; timestamp: 0; task: 6; pos: (3.13, -0.5); earliest_start: 18; latest_start: 28.55; state: PENDING; required_workers: 1; success_prob: 1; max_attempts: 1
event: task_spawn; timestamp: 0; task: 7; pos: (0, -3); earliest_start: 9; latest_start: 18.02; state: PENDING; required_workers: 1; success_prob: 1; max_attempts: 1
event: task_spawn; timestamp: 0; task: 8; pos: (0.87, -4.5); earliest_start: 10; latest_start: 20.71; state: PENDING; required_workers: 1; success_prob: 1; max_attempts: 1
event: task_spawn; timestamp: 0; task: 9; pos: (-0.87, -4.5); earliest_start: 2; latest_start: 12.93; state: PENDING; required_workers: 1; success_prob: 1; max_attempts: 1
event: task_spawn; timestamp: 0; task: 10; pos: (-4, 1); earliest_start: 16; latest_start: 31.13; state: PENDING; required_workers: 1; success_prob: 1; max_attempts: 1
event: task_spawn; timestamp: 0; task: 11; pos: (-3.13, -0.5); earliest_start: 6; latest_start: 13.53; state: PENDING; required_workers: 1; success_prob: 1; max_attempts: 1
event: task_spawn; timestamp: 0; task: 12; pos: (-4.87, -0.5); earliest_start: 11; latest_start: 18.26; state: PENDING; required_workers: 1; success_prob: 1; max_attempts: 1
event: robot_spawn; timestamp: 0; robot: 1; pos: (0, 0); state: AVAILABLE; battery_level: 100; battery_capacity: 100; velocity: 1; battery_rate_nav: 1
event: robot_spawn; timestamp: 0; robot: 2; pos: (0, 0); state: AVAILABLE; battery_level: 100; battery_capacity: 100; velocity: 1; battery_rate_nav: 1
event: robot_spawn; timestamp: 0; robot: 3; pos: (0, 0); state: AVAILABLE; battery_level: 100; battery_capacity: 100; velocity: 1; battery_rate_nav: 1
event: robot_spawn; timestamp: 0; robot: 4; pos: (0, 0); state: AVAILABLE; battery_level: 100; battery_capacity: 100; velocity: 1; battery_rate_nav: 1
event: battery_consumption; timestamp: 0; robot: 3; time: 4.12311; initial_level: 100; final_level: 95.8769
event: navigation; timestamp: 0; robot: 3; time: 4.12311; src: (0, 0); dst: (4, 1)
event: battery_consumption; timestamp: 0; robot: 4; time: 4.58333; initial_level: 100; final_level: 95.4167
event: navigation; timestamp: 0; robot: 4; time: 4.58333; src: (0, 0); dst: (-0.87, -4.5)
event: battery_consumption; timestamp: 1; robot: 1; time: 4.58333; initial_level: 100; final_level: 95.4167
event: navigation; timestamp: 1; robot: 1; time: 4.58333; src: (0, 0); dst: (0.87, -4.5)
event: battery_consumption; timestamp: 1; robot: 2; time: 3.60651; initial_level: 100; final_level: 96.3935
event: navigation; timestamp: 1; robot: 2; time: 3.60651; src: (0, 0); dst: (0.87, 3.5)
event: task_execution; timestamp: 4.12311; task: 4; robot: 3; pos: (4, 1); time: 10
event: battery_consumption; timestamp: 4.12311; robot: 3; time: 10; initial_level: 95.8769; final_level: 85.8769
event: task_resolution; timestamp: 14.1231; task: 4; pos: (4, 1); status: COMPLETED; attempt: 1
event: battery_consumption; timestamp: 14.1231; robot: 3; time: 5.65685; initial_level: 85.8769; final_level: 80.22
event: navigation; timestamp: 14.1231; robot: 3; time: 5.65685; src: (4, 1); dst: (0, 5)
event: task_execution; timestamp: 4.58333; task: 9; robot: 4; pos: (-0.87, -4.5); time: 10
event: battery_consumption; timestamp: 4.58333; robot: 4; time: 10; initial_level: 95.4167; final_level: 85.4167
event: task_resolution; timestamp: 14.5833; task: 9; pos: (-0.87, -4.5); status: COMPLETED; attempt: 1
event: battery_consumption; timestamp: 14.5833; robot: 4; time: 1.73404; initial_level: 85.4167; final_level: 83.6826
event: navigation; timestamp: 14.5833; robot: 4; time: 1.73404; src: (-0.87, -4.5); dst: (0, -3)
event: task_execution; timestamp: 5; task: 2; robot: 2; pos: (0.87, 3.5); time: 10
event: battery_consumption; timestamp: 5; robot: 2; time: 10; initial_level: 96.3935; final_level: 86.3935
event: task_resolution; timestamp: 15; task: 2; pos: (0.87, 3.5); status: COMPLETED; attempt: 1
event: battery_consumption; timestamp: 16; robot: 2; time: 1.74; initial_level: 86.3935; final_level: 84.6535
event: navigation; timestamp: 16; robot: 2; time: 1.74; src: (0.87, 3.5); dst: (-0.87, 3.5)
event: task_execution; timestamp: 10; task: 8; robot: 1; pos: (0.87, -4.5); time: 10
event: battery_consumption; timestamp: 10; robot: 1; time: 10; initial_level: 95.4167; final_level: 85.4167
event: task_resolution; timestamp: 20; task: 8; pos: (0.87, -4.5); status: COMPLETED; attempt: 1
event: battery_consumption; timestamp: 20; robot: 1; time: 5.65685; initial_level: 85.4167; final_level: 79.7598
event: navigation; timestamp: 20; robot: 1; time: 5.65685; src: (0.87, -4.5); dst: (4.87, -0.5)
event: task_execution; timestamp: 16.3174; task: 7; robot: 4; pos: (0, -3); time: 10
event: battery_consumption; timestamp: 16.3174; robot: 4; time: 10; initial_level: 83.6826; final_level: 73.6826
event: task_resolution; timestamp: 26.3174; task: 7; pos: (0, -3); status: COMPLETED; attempt: 1
event: battery_consumption; timestamp: 26.3174; robot: 4; time: 4.00586; initial_level: 73.6826; final_level: 69.6768
event: navigation; timestamp: 26.3174; robot: 4; time: 4.00586; src: (0, -3); dst: (3.13, -0.5)
event: task_execution; timestamp: 17.74; task: 3; robot: 2; pos: (-0.87, 3.5); time: 10
event: battery_consumption; timestamp: 17.74; robot: 2; time: 10; initial_level: 84.6535; final_level: 74.6535
event: task_resolution; timestamp: 27.74; task: 3; pos: (-0.87, 3.5); status: COMPLETED; attempt: 1
event: battery_consumption; timestamp: 28.74; robot: 2; time: 3.60651; initial_level: 74.6535; final_level: 71.047
event: navigation; timestamp: 28.74; robot: 2; time: 3.60651; src: (-0.87, 3.5); dst: (0, 0)
event: robot_finished; timestamp: 32.3465; robot: 2; pos: (0, 0); battery: 71.047
event: task_execution; timestamp: 19.78; task: 1; robot: 3; pos: (0, 5); time: 10
event: battery_consumption; timestamp: 19.78; robot: 3; time: 10; initial_level: 80.22; final_level: 70.22
event: task_resolution; timestamp: 29.78; task: 1; pos: (0, 5); status: COMPLETED; attempt: 1
event: battery_consumption; timestamp: 29.78; robot: 3; time: 5.65685; initial_level: 70.22; final_level: 64.5632
event: navigation; timestamp: 29.78; robot: 3; time: 5.65685; src: (0, 5); dst: (-4, 1)
event: task_execution; timestamp: 25.6569; task: 5; robot: 1; pos: (4.87, -0.5); time: 10
event: battery_consumption; timestamp: 25.6569; robot: 1; time: 10; initial_level: 79.7598; final_level: 69.7598
event: task_resolution; timestamp: 35.6569; task: 5; pos: (4.87, -0.5); status: COMPLETED; attempt: 1
event: battery_consumption; timestamp: 35.6569; robot: 1; time: 4.8956; initial_level: 69.7598; final_level: 64.8642
event: navigation; timestamp: 35.6569; robot: 1; time: 4.8956; src: (4.87, -0.5); dst: (0, 0)
event: recharge; timestamp: 40.5525; robot: 1; recharging_station: 1; pos: (0, 0); level: 100
event: task_execution; timestamp: 30.3232; task: 6; robot: 4; pos: (3.13, -0.5); time: 10
event: battery_consumption; timestamp: 30.3232; robot: 4; time: 10; initial_level: 69.6768; final_level: 59.6768
event: task_resolution; timestamp: 40.3232; task: 6; pos: (3.13, -0.5); status: COMPLETED; attempt: 1
event: battery_consumption; timestamp: 40.3232; robot: 4; time: 3.16968; initial_level: 59.6768; final_level: 56.5071
event: navigation; timestamp: 40.3232; robot: 4; time: 3.16968; src: (3.13, -0.5); dst: (0, 0)
event: robot_finished; timestamp: 43.4929; robot: 4; pos: (0, 0); battery: 56.5071
event: robot_finished; timestamp: 40.5525; robot: 1; pos: (0, 0); battery: 100
event: task_execution; timestamp: 35.4368; task: 10; robot: 3; pos: (-4, 1); time: 10
event: battery_consumption; timestamp: 35.4368; robot: 3; time: 10; initial_level: 64.5632; final_level: 54.5632
event: task_resolution; timestamp: 45.4368; task: 10; pos: (-4, 1); status: COMPLETED; attempt: 1
event: battery_consumption; timestamp: 45.4368; robot: 3; time: 4.12311; initial_level: 54.5632; final_level: 50.4401
event: navigation; timestamp: 45.4368; robot: 3; time: 4.12311; src: (-4, 1); dst: (0, 0)
event: robot_finished; timestamp: 49.5599; robot: 3; pos: (0, 0); battery: 50.4401
metric: available_agents; value: 0
metric: failed_agents; value: 0
metric: finished_agents; value: 4
metric: completed_tasks; value: 10
metric: pending_tasks; value: 0
metric: failed_tasks; value: 2
metric: average_robot_makespan; value: 41.4879
metric: sd_robot_makespan; value: 7.15583
metric: max_robot_makespan; value: 49.5599
metric: min_robot_makespan; value: 32.3465
metric: average_robot_travel_distance; value: 14.2854
metric: sd_robot_travel_distance; value: 4.38201
metric: max_robot_travel_distance; value: 19.5599
metric: min_robot_travel_distance; value: 8.95302
metric: sum_robot_travel_distance; value: 57.1416
metric: average_completed_tasks_by_robot; value: 0
metric: sd_completed_tasks_by_robot; value: 0
metric: max_completed_tasks_by_robot; value: 0
metric: min_completed_tasks_by_robot; value: 0
metric: final_reward; value: 0.833333
metric: computing_time; value: 12.3189
