info: solver_name; value: greedy
info: reward_function; value: reward00
info: replica; value: 1
info: filename; value: ../logs/prueba/scenario_10t_02_3r_greedy_reward00_001.log
info: scenario_name; value: scenario_10t_02_3r
info: scenario_name; value: scenario_10t_02_3r
info: number_of_tasks; value: 10
info: number_of_robots; value: 3
info: number_of_recharging_stations; value: 1
info: scenario_size; value: (200,200)
event: recharging_station_spawn; timestamp: 0; recharging_station: 1; pos: (0, 0)
event: task_spawn; timestamp: 0; task: 1; pos: (17, 95); earliest_start: 0; latest_start: 270; state: PENDING; required_workers: 3; success_prob: 0.8; max_attempts: 1
event: task_spawn; timestamp: 0; task: 2; pos: (-29, 13); earliest_start: 0; latest_start: 540; state: PENDING; required_workers: 3; success_prob: 0.6; max_attempts: 1
event: task_spawn; timestamp: 0; task: 3; pos: (47, -55); earliest_start: 0; latest_start: 1080; state: PENDING; required_workers: 1; success_prob: 0.7; max_attempts: 1
event: task_spawn; timestamp: 0; task: 4; pos: (86, -18); earliest_start: 0; latest_start: 630; state: PENDING; required_workers: 2; success_prob: 0.9; max_attempts: 1
event: task_spawn; timestamp: 0; task: 5; pos: (35, 14); earliest_start: 0; latest_start: 720; state: PENDING; required_workers: 1; success_prob: 0.5; max_attempts: 1
event: task_spawn; timestamp: 0; task: 6; pos: (36, 16); earliest_start: 0; latest_start: 630; state: PENDING; required_workers: 3; success_prob: 0.7; max_attempts: 1
event: task_spawn; timestamp: 0; task: 7; pos: (2, 76); earliest_start: 0; latest_start: 450; state: PENDING; required_workers: 3; success_prob: 0.5; max_attempts: 1
event: task_spawn; timestamp: 0; task: 8; pos: (-82, 93); earliest_start: 0; latest_start: 1080; state: PENDING; required_workers: 3; success_prob: 0.8; max_attempts: 1
event: task_spawn; timestamp: 0; task: 9; pos: (91, 44); earliest_start: 0; latest_start: 1080; state: PENDING; required_workers: 3; success_prob: 0.7; max_attempts: 1
event: task_spawn; timestamp: 0; task: 10; pos: (10, 67); earliest_start: 0; latest_start: 810; state: PENDING; required_workers: 3; success_prob: 0.8; max_attempts: 1
event: robot_spawn; timestamp: 0; robot: 1; pos: (0, 0); state: AVAILABLE; battery_level: 100; battery_capacity: 100; velocity: 5; battery_rate_nav: 0.1
event: robot_spawn; timestamp: 0; robot: 2; pos: (0, 0); state: AVAILABLE; battery_level: 100; battery_capacity: 100; velocity: 5; battery_rate_nav: 0.1
event: robot_spawn; timestamp: 0; robot: 3; pos: (0, 0); state: AVAILABLE; battery_level: 100; battery_capacity: 100; velocity: 5; battery_rate_nav: 0.1
event: battery_consumption; timestamp: 0; robot: 3; time: 6.3561; initial_level: 100; final_level: 99.3644
event: navigation; timestamp: 0; robot: 3; time: 6.3561; src: (0, 0); dst: (-29, 13)
event: battery_consumption; timestamp: 0; robot: 2; time: 6.3561; initial_level: 100; final_level: 99.3644
event: navigation; timestamp: 0; robot: 2; time: 6.3561; src: (0, 0); dst: (-29, 13)
event: battery_consumption; timestamp: 0; robot: 1; time: 6.3561; initial_level: 100; final_level: 99.3644
event: navigation; timestamp: 0; robot: 1; time: 6.3561; src: (0, 0); dst: (-29, 13)
event: task_execution; timestamp: 6.3561; task: 2; robot: 1; pos: (-29, 13); time: 99.3644
event: battery_consumption; timestamp: 6.3561; robot: 1; time: 99.3644; initial_level: 99.3644; final_level: 89.3644
event: task_execution; timestamp: 6.3561; task: 2; robot: 2; pos: (-29, 13); time: 99.3644
event: battery_consumption; timestamp: 6.3561; robot: 2; time: 99.3644; initial_level: 99.3644; final_level: 89.3644
event: task_execution; timestamp: 6.3561; task: 2; robot: 3; pos: (-29, 13); time: 99.3644
event: battery_consumption; timestamp: 6.3561; robot: 3; time: 99.3644; initial_level: 99.3644; final_level: 89.3644
event: task_resolution; timestamp: 105.72; task: 2; pos: (-29, 13); status: FAILED; attempt: 1
event: battery_consumption; timestamp: 105.72; robot: 2; time: 12.8016; initial_level: 89.3644; final_level: 88.0842
event: navigation; timestamp: 105.72; robot: 2; time: 12.8016; src: (-29, 13); dst: (35, 14)
event: battery_consumption; timestamp: 105.72; robot: 1; time: 13.0138; initial_level: 89.3644; final_level: 88.063
event: navigation; timestamp: 105.72; robot: 1; time: 13.0138; src: (-29, 13); dst: (36, 16)
event: battery_consumption; timestamp: 105.72; robot: 3; time: 13.0138; initial_level: 89.3644; final_level: 88.063
event: navigation; timestamp: 105.72; robot: 3; time: 13.0138; src: (-29, 13); dst: (36, 16)
event: task_execution; timestamp: 118.522; task: 5; robot: 2; pos: (35, 14); time: 0
event: battery_consumption; timestamp: 118.522; robot: 2; time: 0; initial_level: 88.0842; final_level: 78.0842
event: task_resolution; timestamp: 118.522; task: 5; pos: (35, 14); status: FAILED; attempt: 1
event: battery_consumption; timestamp: 118.522; robot: 2; time: 0.447214; initial_level: 78.0842; final_level: 78.0395
event: navigation; timestamp: 118.522; robot: 2; time: 0.447214; src: (35, 14); dst: (36, 16)
event: task_execution; timestamp: 118.969; task: 6; robot: 1; pos: (36, 16); time: 0
event: battery_consumption; timestamp: 118.969; robot: 1; time: 0; initial_level: 88.063; final_level: 78.063
event: task_execution; timestamp: 118.969; task: 6; robot: 2; pos: (36, 16); time: 0
event: battery_consumption; timestamp: 118.969; robot: 2; time: 0; initial_level: 78.0395; final_level: 68.0395
event: task_execution; timestamp: 118.969; task: 6; robot: 3; pos: (36, 16); time: 0
event: battery_consumption; timestamp: 118.969; robot: 3; time: 0; initial_level: 88.063; final_level: 78.063
event: task_resolution; timestamp: 118.969; task: 6; pos: (36, 16); status: FAILED; attempt: 1
event: battery_consumption; timestamp: 118.969; robot: 2; time: 11.449; initial_level: 68.0395; final_level: 66.8946
event: navigation; timestamp: 118.969; robot: 2; time: 11.449; src: (36, 16); dst: (10, 67)
event: battery_consumption; timestamp: 118.969; robot: 1; time: 11.449; initial_level: 78.063; final_level: 76.9181
event: navigation; timestamp: 118.969; robot: 1; time: 11.449; src: (36, 16); dst: (10, 67)
event: battery_consumption; timestamp: 118.969; robot: 3; time: 11.449; initial_level: 78.063; final_level: 76.9181
event: navigation; timestamp: 118.969; robot: 3; time: 11.449; src: (36, 16); dst: (10, 67)
event: task_execution; timestamp: 130.418; task: 10; robot: 1; pos: (10, 67); time: 0
event: battery_consumption; timestamp: 130.418; robot: 1; time: 0; initial_level: 76.9181; final_level: 66.9181
event: task_execution; timestamp: 130.418; task: 10; robot: 2; pos: (10, 67); time: 0
event: battery_consumption; timestamp: 130.418; robot: 2; time: 0; initial_level: 66.8946; final_level: 56.8946
event: task_execution; timestamp: 130.418; task: 10; robot: 3; pos: (10, 67); time: 0
event: battery_consumption; timestamp: 130.418; robot: 3; time: 0; initial_level: 76.9181; final_level: 66.9181
event: task_resolution; timestamp: 130.418; task: 10; pos: (10, 67); status: FAILED; attempt: 1
event: battery_consumption; timestamp: 130.418; robot: 3; time: 2.40832; initial_level: 66.9181; final_level: 66.6773
event: navigation; timestamp: 130.418; robot: 3; time: 2.40832; src: (10, 67); dst: (2, 76)
event: battery_consumption; timestamp: 130.418; robot: 2; time: 2.40832; initial_level: 56.8946; final_level: 56.6538
event: navigation; timestamp: 130.418; robot: 2; time: 2.40832; src: (10, 67); dst: (2, 76)
event: battery_consumption; timestamp: 130.418; robot: 1; time: 2.40832; initial_level: 66.9181; final_level: 66.6773
event: navigation; timestamp: 130.418; robot: 1; time: 2.40832; src: (10, 67); dst: (2, 76)
event: task_execution; timestamp: 132.827; task: 7; robot: 1; pos: (2, 76); time: 0
event: battery_consumption; timestamp: 132.827; robot: 1; time: 0; initial_level: 66.6773; final_level: 56.6773
event: task_execution; timestamp: 132.827; task: 7; robot: 2; pos: (2, 76); time: 0
event: battery_consumption; timestamp: 132.827; robot: 2; time: 0; initial_level: 56.6538; final_level: 46.6538
event: task_execution; timestamp: 132.827; task: 7; robot: 3; pos: (2, 76); time: 0
event: battery_consumption; timestamp: 132.827; robot: 3; time: 0; initial_level: 66.6773; final_level: 56.6773
event: task_resolution; timestamp: 132.827; task: 7; pos: (2, 76); status: FAILED; attempt: 1
event: battery_consumption; timestamp: 132.827; robot: 1; time: 4.84149; initial_level: 56.6773; final_level: 56.1931
event: navigation; timestamp: 132.827; robot: 1; time: 4.84149; src: (2, 76); dst: (17, 95)
event: battery_consumption; timestamp: 132.827; robot: 3; time: 4.84149; initial_level: 56.6773; final_level: 56.1931
event: navigation; timestamp: 132.827; robot: 3; time: 4.84149; src: (2, 76); dst: (17, 95)
event: battery_consumption; timestamp: 132.827; robot: 2; time: 4.84149; initial_level: 46.6538; final_level: 46.1696
event: navigation; timestamp: 132.827; robot: 2; time: 4.84149; src: (2, 76); dst: (17, 95)
event: task_execution; timestamp: 137.668; task: 1; robot: 1; pos: (17, 95); time: 0
event: battery_consumption; timestamp: 137.668; robot: 1; time: 0; initial_level: 56.1931; final_level: 46.1931
event: task_execution; timestamp: 137.668; task: 1; robot: 2; pos: (17, 95); time: 0
event: battery_consumption; timestamp: 137.668; robot: 2; time: 0; initial_level: 46.1696; final_level: 36.1696
event: task_execution; timestamp: 137.668; task: 1; robot: 3; pos: (17, 95); time: 0
event: battery_consumption; timestamp: 137.668; robot: 3; time: 0; initial_level: 56.1931; final_level: 46.1931
event: task_resolution; timestamp: 137.668; task: 1; pos: (17, 95); status: FAILED; attempt: 1
event: battery_consumption; timestamp: 137.668; robot: 1; time: 17.9744; initial_level: 46.1931; final_level: 44.3957
event: navigation; timestamp: 137.668; robot: 1; time: 17.9744; src: (17, 95); dst: (91, 44)
event: battery_consumption; timestamp: 137.668; robot: 3; time: 17.9744; initial_level: 46.1931; final_level: 44.3957
event: navigation; timestamp: 137.668; robot: 3; time: 17.9744; src: (17, 95); dst: (91, 44)
event: battery_consumption; timestamp: 137.668; robot: 2; time: 17.9744; initial_level: 36.1696; final_level: 34.3722
event: navigation; timestamp: 137.668; robot: 2; time: 17.9744; src: (17, 95); dst: (91, 44)
event: task_execution; timestamp: 155.643; task: 9; robot: 1; pos: (91, 44); time: 0
event: battery_consumption; timestamp: 155.643; robot: 1; time: 0; initial_level: 44.3957; final_level: 44.3957
event: task_execution; timestamp: 155.643; task: 9; robot: 2; pos: (91, 44); time: 0
event: battery_consumption; timestamp: 155.643; robot: 2; time: 0; initial_level: 34.3722; final_level: 34.3722
event: task_execution; timestamp: 155.643; task: 9; robot: 3; pos: (91, 44); time: 0
event: battery_consumption; timestamp: 155.643; robot: 3; time: 0; initial_level: 44.3957; final_level: 44.3957
event: task_resolution; timestamp: 155.643; task: 9; pos: (91, 44); status: COMPLETED; attempt: 1
event: battery_consumption; timestamp: 155.643; robot: 1; time: 12.4403; initial_level: 44.3957; final_level: 43.1517
event: navigation; timestamp: 155.643; robot: 1; time: 12.4403; src: (91, 44); dst: (86, -18)
event: battery_consumption; timestamp: 155.643; robot: 3; time: 12.4403; initial_level: 44.3957; final_level: 43.1517
event: navigation; timestamp: 155.643; robot: 3; time: 12.4403; src: (91, 44); dst: (86, -18)
event: battery_consumption; timestamp: 155.643; robot: 2; time: 21.6675; initial_level: 34.3722; final_level: 32.2054
event: navigation; timestamp: 155.643; robot: 2; time: 21.6675; src: (91, 44); dst: (47, -55)
event: task_execution; timestamp: 168.083; task: 4; robot: 1; pos: (86, -18); time: 0
event: battery_consumption; timestamp: 168.083; robot: 1; time: 0; initial_level: 43.1517; final_level: 43.1517
event: task_execution; timestamp: 168.083; task: 4; robot: 3; pos: (86, -18); time: 0
event: battery_consumption; timestamp: 168.083; robot: 3; time: 0; initial_level: 43.1517; final_level: 43.1517
event: task_resolution; timestamp: 168.083; task: 4; pos: (86, -18); status: COMPLETED; attempt: 1
event: battery_consumption; timestamp: 168.083; robot: 3; time: 40.2716; initial_level: 43.1517; final_level: 39.1245
event: navigation; timestamp: 168.083; robot: 3; time: 40.2716; src: (86, -18); dst: (-82, 93)
event: battery_consumption; timestamp: 168.083; robot: 1; time: 40.2716; initial_level: 43.1517; final_level: 39.1245
event: navigation; timestamp: 168.083; robot: 1; time: 40.2716; src: (86, -18); dst: (-82, 93)
event: task_execution; timestamp: 177.31; task: 3; robot: 2; pos: (47, -55); time: 0
event: battery_consumption; timestamp: 177.31; robot: 2; time: 0; initial_level: 32.2054; final_level: 32.2054
event: task_resolution; timestamp: 177.31; task: 3; pos: (47, -55); status: COMPLETED; attempt: 1
event: battery_consumption; timestamp: 177.31; robot: 2; time: 39.2658; initial_level: 32.2054; final_level: 28.2789
event: navigation; timestamp: 177.31; robot: 2; time: 39.2658; src: (47, -55); dst: (-82, 93)
event: task_execution; timestamp: 216.576; task: 8; robot: 1; pos: (-82, 93); time: 28.2789
event: battery_consumption; timestamp: 216.576; robot: 1; time: 28.2789; initial_level: 39.1245; final_level: 29.1245
event: task_execution; timestamp: 216.576; task: 8; robot: 2; pos: (-82, 93); time: 28.2789
event: battery_consumption; timestamp: 216.576; robot: 2; time: 28.2789; initial_level: 28.2789; final_level: 18.2789
event: task_execution; timestamp: 216.576; task: 8; robot: 3; pos: (-82, 93); time: 28.2789
event: battery_consumption; timestamp: 216.576; robot: 3; time: 28.2789; initial_level: 39.1245; final_level: 29.1245
event: task_resolution; timestamp: 244.855; task: 8; pos: (-82, 93); status: FAILED; attempt: 1
event: battery_consumption; timestamp: 244.855; robot: 2; time: 24.7976; initial_level: 18.2789; final_level: 15.7991
event: navigation; timestamp: 244.855; robot: 2; time: 24.7976; src: (-82, 93); dst: (0, 0)
event: robot_finished; timestamp: 269.652; robot: 2; pos: (0, 0); battery: 15.7991
event: battery_consumption; timestamp: 244.855; robot: 1; time: 24.7976; initial_level: 29.1245; final_level: 26.6447
event: navigation; timestamp: 244.855; robot: 1; time: 24.7976; src: (-82, 93); dst: (0, 0)
event: robot_finished; timestamp: 269.652; robot: 1; pos: (0, 0); battery: 26.6447
event: battery_consumption; timestamp: 244.855; robot: 3; time: 24.7976; initial_level: 29.1245; final_level: 26.6447
event: navigation; timestamp: 244.855; robot: 3; time: 24.7976; src: (-82, 93); dst: (0, 0)
event: robot_finished; timestamp: 269.652; robot: 3; pos: (0, 0); battery: 26.6447
metric: available_agents; value: 0
metric: failed_agents; value: 0
metric: finished_agents; value: 3
metric: completed_tasks; value: 3
metric: pending_tasks; value: 0
metric: failed_tasks; value: 7
metric: average_robot_makespan; value: 269.652
metric: sd_robot_makespan; value: 0
metric: max_robot_makespan; value: 269.652
metric: min_robot_makespan; value: 269.652
metric: average_robot_travel_distance; value: 681.857
metric: sd_robot_travel_distance; value: 24.4114
metric: max_robot_travel_distance; value: 710.045
metric: min_robot_travel_distance; value: 667.763
metric: sum_robot_travel_distance; value: 2045.57
metric: average_completed_tasks_by_robot; value: 0
metric: sd_completed_tasks_by_robot; value: 0
metric: max_completed_tasks_by_robot; value: 0
metric: min_completed_tasks_by_robot; value: 0
metric: final_reward; value: 0.3
metric: computing_time; value: 0.000899586
