info: solver_name; value: dec-mcts-v2
info: reward_function; value: reward00
info: replica; value: 1
info: filename; value: ../logs/prueba/scenario_10t_02_5r_dec-mcts-v2_reward00_001.log
info: scenario_name; value: scenario_10t_02_5r
info: scenario_name; value: scenario_10t_02_5r
info: number_of_tasks; value: 10
info: number_of_robots; value: 5
info: number_of_recharging_stations; value: 1
info: scenario_size; value: (200,200)
event: recharging_station_spawn; timestamp: 0; recharging_station: 1; pos: (0, 0)
event: task_spawn; timestamp: 0; task: 1; pos: (17, 95); earliest_start: 0; latest_start: 270; state: PENDING; required_workers: 3; success_prob: 0.8; max_attempts: 1
event: task_spawn; timestamp: 0; task: 2; pos: (-29, 13); earliest_start: 0; latest_start: 540; state: PENDING; required_workers: 3; success_prob: 0.6; max_attempts: 1
event: task_spawn; timestamp: 0; task: 3; pos: (47, -55); earliest_start: 0; latest_start: 1080; state: PENDING; required_workers: 1; success_prob: 0.7; max_attempts: 1
event: task_spawn; timestamp: 0; task: 4; pos: (86, -18); earliest_start: 0; latest_start: 630; state: PENDING; required_workers: 2; success_prob: 0.9; max_attempts: 1
event: task_spawn; timestamp: 0; task: 5; pos: (35, 14); earliest_start: 0; latest_start: 720; state: PENDING; required_workers: 1; success_prob: 0.5; max_attempts: 1
event: task_spawn; timestamp: 0; task: 6; pos: (36, 16); earliest_start: 0; latest_start: 630; state: PENDING; required_workers: 3; success_prob: 0.7; max_attempts: 1
event: task_spawn; timestamp: 0; task: 7; pos: (2, 76); earliest_start: 0; latest_start: 450; state: PENDING; required_workers: 3; success_prob: 0.5; max_attempts: 1
event: task_spawn; timestamp: 0; task: 8; pos: (-82, 93); earliest_start: 0; latest_start: 1080; state: PENDING; required_workers: 3; success_prob: 0.8; max_attempts: 1
event: task_spawn; timestamp: 0; task: 9; pos: (91, 44); earliest_start: 0; latest_start: 1080; state: PENDING; required_workers: 3; success_prob: 0.7; max_attempts: 1
event: task_spawn; timestamp: 0; task: 10; pos: (10, 67); earliest_start: 0; latest_start: 810; state: PENDING; required_workers: 3; success_prob: 0.8; max_attempts: 1
event: robot_spawn; timestamp: 0; robot: 1; pos: (0, 0); state: AVAILABLE; battery_level: 100; battery_capacity: 100; velocity: 5; battery_rate_nav: 0.1
event: robot_spawn; timestamp: 0; robot: 2; pos: (0, 0); state: AVAILABLE; battery_level: 100; battery_capacity: 100; velocity: 5; battery_rate_nav: 0.1
event: robot_spawn; timestamp: 0; robot: 3; pos: (0, 0); state: AVAILABLE; battery_level: 100; battery_capacity: 100; velocity: 5; battery_rate_nav: 0.1
event: robot_spawn; timestamp: 0; robot: 4; pos: (0, 0); state: AVAILABLE; battery_level: 100; battery_capacity: 100; velocity: 5; battery_rate_nav: 0.1
event: robot_spawn; timestamp: 0; robot: 5; pos: (0, 0); state: AVAILABLE; battery_level: 100; battery_capacity: 100; velocity: 5; battery_rate_nav: 0.1
event: battery_consumption; timestamp: 0; robot: 4; time: 17.5727; initial_level: 100; final_level: 98.2427
event: navigation; timestamp: 0; robot: 4; time: 17.5727; src: (0, 0); dst: (86, -18)
event: battery_consumption; timestamp: 0; robot: 3; time: 17.5727; initial_level: 100; final_level: 98.2427
event: navigation; timestamp: 0; robot: 3; time: 17.5727; src: (0, 0); dst: (86, -18)
event: battery_consumption; timestamp: 1; robot: 1; time: 7.53923; initial_level: 100; final_level: 99.2461
event: navigation; timestamp: 1; robot: 1; time: 7.53923; src: (0, 0); dst: (35, 14)
event: battery_consumption; timestamp: 1; robot: 5; time: 6.3561; initial_level: 100; final_level: 99.3644
event: navigation; timestamp: 1; robot: 5; time: 6.3561; src: (0, 0); dst: (-29, 13)
event: battery_consumption; timestamp: 1; robot: 2; time: 19.3018; initial_level: 100; final_level: 98.0698
event: navigation; timestamp: 1; robot: 2; time: 19.3018; src: (0, 0); dst: (17, 95)
event: task_execution; timestamp: 8.53923; task: 5; robot: 1; pos: (35, 14); time: 0
event: battery_consumption; timestamp: 8.53923; robot: 1; time: 0; initial_level: 99.2461; final_level: 89.2461
event: task_resolution; timestamp: 8.53923; task: 5; pos: (35, 14); status: FAILED; attempt: 1
event: battery_consumption; timestamp: 8.53923; robot: 1; time: 16.5952; initial_level: 89.2461; final_level: 87.5866
event: navigation; timestamp: 8.53923; robot: 1; time: 16.5952; src: (35, 14); dst: (17, 95)
event: task_execution; timestamp: 17.5727; task: 4; robot: 3; pos: (86, -18); time: 10.4427
event: battery_consumption; timestamp: 17.5727; robot: 3; time: 10.4427; initial_level: 98.2427; final_level: 87.8
event: task_execution; timestamp: 17.5727; task: 4; robot: 4; pos: (86, -18); time: 10.4427
event: battery_consumption; timestamp: 17.5727; robot: 4; time: 10.4427; initial_level: 98.2427; final_level: 87.8
event: task_resolution; timestamp: 28.0155; task: 4; pos: (86, -18); status: COMPLETED; attempt: 1
event: battery_consumption; timestamp: 28.0155; robot: 3; time: 26.4802; initial_level: 87.8; final_level: 85.152
event: navigation; timestamp: 28.0155; robot: 3; time: 26.4802; src: (86, -18); dst: (17, 95)
event: battery_consumption; timestamp: 29.0155; robot: 4; time: 23.821; initial_level: 87.8; final_level: 85.4179
event: navigation; timestamp: 29.0155; robot: 4; time: 23.821; src: (86, -18); dst: (-29, 13)
event: task_execution; timestamp: 54.4956; task: 1; robot: 1; pos: (17, 95); time: 0
event: battery_consumption; timestamp: 54.4956; robot: 1; time: 0; initial_level: 87.5866; final_level: 87.5866
event: task_execution; timestamp: 54.4956; task: 1; robot: 2; pos: (17, 95); time: 0
event: battery_consumption; timestamp: 54.4956; robot: 2; time: 0; initial_level: 98.0698; final_level: 98.0698
event: task_execution; timestamp: 54.4956; task: 1; robot: 3; pos: (17, 95); time: 0
event: battery_consumption; timestamp: 54.4956; robot: 3; time: 0; initial_level: 85.152; final_level: 85.152
event: task_resolution; timestamp: 54.4956; task: 1; pos: (17, 95); status: COMPLETED; attempt: 1
event: battery_consumption; timestamp: 54.4956; robot: 3; time: 18.8043; initial_level: 85.152; final_level: 83.2715
event: navigation; timestamp: 54.4956; robot: 3; time: 18.8043; src: (17, 95); dst: (-29, 13)
event: battery_consumption; timestamp: 55.4956; robot: 2; time: 16.2505; initial_level: 98.0698; final_level: 96.4448
event: navigation; timestamp: 55.4956; robot: 2; time: 16.2505; src: (17, 95); dst: (36, 16)
event: battery_consumption; timestamp: 55.4956; robot: 1; time: 19.3018; initial_level: 87.5866; final_level: 85.6564
event: navigation; timestamp: 55.4956; robot: 1; time: 19.3018; src: (17, 95); dst: (0, 0)
event: recharge; timestamp: 74.7974; robot: 1; recharging_station: 1; pos: (0, 0); level: 100
event: task_execution; timestamp: 73.2999; task: 2; robot: 3; pos: (-29, 13); time: 0
event: battery_consumption; timestamp: 73.2999; robot: 3; time: 0; initial_level: 83.2715; final_level: 73.2715
event: task_execution; timestamp: 73.2999; task: 2; robot: 4; pos: (-29, 13); time: 0
event: battery_consumption; timestamp: 73.2999; robot: 4; time: 0; initial_level: 85.4179; final_level: 75.4179
event: task_execution; timestamp: 73.2999; task: 2; robot: 5; pos: (-29, 13); time: 0
event: battery_consumption; timestamp: 73.2999; robot: 5; time: 0; initial_level: 99.3644; final_level: 89.3644
event: task_resolution; timestamp: 73.2999; task: 2; pos: (-29, 13); status: FAILED; attempt: 1
event: battery_consumption; timestamp: 73.2999; robot: 3; time: 13.0138; initial_level: 73.2715; final_level: 71.9702
event: navigation; timestamp: 73.2999; robot: 3; time: 13.0138; src: (-29, 13); dst: (36, 16)
event: battery_consumption; timestamp: 73.2999; robot: 4; time: 19.1927; initial_level: 75.4179; final_level: 73.4986
event: navigation; timestamp: 73.2999; robot: 4; time: 19.1927; src: (-29, 13); dst: (-82, 93)
event: battery_consumption; timestamp: 73.2999; robot: 5; time: 13.0138; initial_level: 89.3644; final_level: 88.063
event: navigation; timestamp: 73.2999; robot: 5; time: 13.0138; src: (-29, 13); dst: (36, 16)
event: battery_consumption; timestamp: 74.7974; robot: 1; time: 24.7976; initial_level: 100; final_level: 97.5202
event: navigation; timestamp: 74.7974; robot: 1; time: 24.7976; src: (0, 0); dst: (-82, 93)
event: task_execution; timestamp: 86.3137; task: 6; robot: 2; pos: (36, 16); time: 0
event: battery_consumption; timestamp: 86.3137; robot: 2; time: 0; initial_level: 96.4448; final_level: 96.4448
event: task_execution; timestamp: 86.3137; task: 6; robot: 3; pos: (36, 16); time: 0
event: battery_consumption; timestamp: 86.3137; robot: 3; time: 0; initial_level: 71.9702; final_level: 71.9702
event: task_execution; timestamp: 86.3137; task: 6; robot: 5; pos: (36, 16); time: 0
event: battery_consumption; timestamp: 86.3137; robot: 5; time: 0; initial_level: 88.063; final_level: 88.063
event: task_resolution; timestamp: 86.3137; task: 6; pos: (36, 16); status: COMPLETED; attempt: 1
event: battery_consumption; timestamp: 86.3137; robot: 3; time: 28.1801; initial_level: 71.9702; final_level: 69.1521
event: navigation; timestamp: 86.3137; robot: 3; time: 28.1801; src: (36, 16); dst: (-82, 93)
event: battery_consumption; timestamp: 87.3137; robot: 2; time: 12.3434; initial_level: 96.4448; final_level: 95.2104
event: navigation; timestamp: 87.3137; robot: 2; time: 12.3434; src: (36, 16); dst: (91, 44)
event: battery_consumption; timestamp: 87.3137; robot: 5; time: 12.3434; initial_level: 88.063; final_level: 86.8287
event: navigation; timestamp: 87.3137; robot: 5; time: 12.3434; src: (36, 16); dst: (91, 44)
event: task_execution; timestamp: 114.494; task: 8; robot: 1; pos: (-82, 93); time: 0
event: battery_consumption; timestamp: 114.494; robot: 1; time: 0; initial_level: 97.5202; final_level: 97.5202
event: task_execution; timestamp: 114.494; task: 8; robot: 3; pos: (-82, 93); time: 0
event: battery_consumption; timestamp: 114.494; robot: 3; time: 0; initial_level: 69.1521; final_level: 69.1521
event: task_execution; timestamp: 114.494; task: 8; robot: 4; pos: (-82, 93); time: 0
event: battery_consumption; timestamp: 114.494; robot: 4; time: 0; initial_level: 73.4986; final_level: 73.4986
event: task_resolution; timestamp: 114.494; task: 8; pos: (-82, 93); status: COMPLETED; attempt: 1
event: battery_consumption; timestamp: 114.494; robot: 1; time: 35.9611; initial_level: 97.5202; final_level: 93.9241
event: navigation; timestamp: 114.494; robot: 1; time: 35.9611; src: (-82, 93); dst: (91, 44)
event: battery_consumption; timestamp: 114.494; robot: 4; time: 19.1207; initial_level: 73.4986; final_level: 71.5865
event: navigation; timestamp: 114.494; robot: 4; time: 19.1207; src: (-82, 93); dst: (10, 67)
event: battery_consumption; timestamp: 115.494; robot: 3; time: 19.1207; initial_level: 69.1521; final_level: 67.2401
event: navigation; timestamp: 115.494; robot: 3; time: 19.1207; src: (-82, 93); dst: (10, 67)
event: task_execution; timestamp: 150.455; task: 9; robot: 1; pos: (91, 44); time: 69.4105
event: battery_consumption; timestamp: 150.455; robot: 1; time: 69.4105; initial_level: 93.9241; final_level: 24.5136
event: task_execution; timestamp: 150.455; task: 9; robot: 2; pos: (91, 44); time: 69.4105
event: battery_consumption; timestamp: 150.455; robot: 2; time: 69.4105; initial_level: 95.2104; final_level: 25.7999
event: task_execution; timestamp: 150.455; task: 9; robot: 5; pos: (91, 44); time: 69.4105
event: battery_consumption; timestamp: 150.455; robot: 5; time: 69.4105; initial_level: 86.8287; final_level: 17.4181
event: task_resolution; timestamp: 219.865; task: 9; pos: (91, 44); status: COMPLETED; attempt: 1
event: battery_consumption; timestamp: 219.865; robot: 2; time: 16.8404; initial_level: 25.7999; final_level: 24.1158
event: navigation; timestamp: 219.865; robot: 2; time: 16.8404; src: (91, 44); dst: (10, 67)
event: battery_consumption; timestamp: 219.865; robot: 5; time: 18.9156; initial_level: 17.4181; final_level: 15.5266
event: navigation; timestamp: 219.865; robot: 5; time: 18.9156; src: (91, 44); dst: (2, 76)
event: battery_consumption; timestamp: 219.865; robot: 1; time: 18.9156; initial_level: 24.5136; final_level: 22.622
event: navigation; timestamp: 219.865; robot: 1; time: 18.9156; src: (91, 44); dst: (2, 76)
event: task_execution; timestamp: 236.706; task: 10; robot: 2; pos: (10, 67); time: 0
event: battery_consumption; timestamp: 236.706; robot: 2; time: 0; initial_level: 24.1158; final_level: 24.1158
event: task_execution; timestamp: 236.706; task: 10; robot: 3; pos: (10, 67); time: 0
event: battery_consumption; timestamp: 236.706; robot: 3; time: 0; initial_level: 67.2401; final_level: 67.2401
event: task_execution; timestamp: 236.706; task: 10; robot: 4; pos: (10, 67); time: 0
event: battery_consumption; timestamp: 236.706; robot: 4; time: 0; initial_level: 71.5865; final_level: 71.5865
event: task_resolution; timestamp: 236.706; task: 10; pos: (10, 67); status: COMPLETED; attempt: 1
event: battery_consumption; timestamp: 236.706; robot: 3; time: 2.40832; initial_level: 67.2401; final_level: 66.9992
event: navigation; timestamp: 236.706; robot: 3; time: 2.40832; src: (10, 67); dst: (2, 76)
event: battery_consumption; timestamp: 237.706; robot: 2; time: 13.5484; initial_level: 24.1158; final_level: 22.761
event: navigation; timestamp: 237.706; robot: 2; time: 13.5484; src: (10, 67); dst: (0, 0)
event: robot_finished; timestamp: 251.254; robot: 2; pos: (0, 0); battery: 22.761
event: battery_consumption; timestamp: 237.706; robot: 4; time: 13.5484; initial_level: 71.5865; final_level: 70.2317
event: navigation; timestamp: 237.706; robot: 4; time: 13.5484; src: (10, 67); dst: (0, 0)
event: robot_finished; timestamp: 251.254; robot: 4; pos: (0, 0); battery: 70.2317
event: task_execution; timestamp: 239.114; task: 7; robot: 1; pos: (2, 76); time: 15.5266
event: battery_consumption; timestamp: 239.114; robot: 1; time: 15.5266; initial_level: 22.622; final_level: 12.622
event: task_execution; timestamp: 239.114; task: 7; robot: 3; pos: (2, 76); time: 15.5266
event: battery_consumption; timestamp: 239.114; robot: 3; time: 15.5266; initial_level: 66.9992; final_level: 56.9992
event: task_execution; timestamp: 239.114; task: 7; robot: 5; pos: (2, 76); time: 15.5266
event: battery_consumption; timestamp: 239.114; robot: 5; time: 15.5266; initial_level: 15.5266; final_level: 5.52656
event: task_resolution; timestamp: 254.641; task: 7; pos: (2, 76); status: FAILED; attempt: 1
event: battery_consumption; timestamp: 254.641; robot: 5; time: 15.2053; initial_level: 5.52656; final_level: 4.00603
event: navigation; timestamp: 254.641; robot: 5; time: 15.2053; src: (2, 76); dst: (0, 0)
event: robot_finished; timestamp: 269.846; robot: 5; pos: (0, 0); battery: 4.00603
event: battery_consumption; timestamp: 254.641; robot: 1; time: 15.2053; initial_level: 12.622; final_level: 11.1015
event: navigation; timestamp: 254.641; robot: 1; time: 15.2053; src: (2, 76); dst: (0, 0)
event: recharge; timestamp: 269.846; robot: 1; recharging_station: 1; pos: (0, 0); level: 100
event: battery_consumption; timestamp: 254.641; robot: 3; time: 15.2053; initial_level: 56.9992; final_level: 55.4787
event: navigation; timestamp: 254.641; robot: 3; time: 15.2053; src: (2, 76); dst: (0, 0)
event: robot_finished; timestamp: 269.846; robot: 3; pos: (0, 0); battery: 55.4787
event: battery_consumption; timestamp: 269.846; robot: 1; time: 14.4693; initial_level: 100; final_level: 98.5531
event: navigation; timestamp: 269.846; robot: 1; time: 14.4693; src: (0, 0); dst: (47, -55)
event: task_execution; timestamp: 284.315; task: 3; robot: 1; pos: (47, -55); time: 0
event: battery_consumption; timestamp: 284.315; robot: 1; time: 0; initial_level: 98.5531; final_level: 88.5531
event: task_resolution; timestamp: 284.315; task: 3; pos: (47, -55); status: FAILED; attempt: 1
event: battery_consumption; timestamp: 284.315; robot: 1; time: 14.4693; initial_level: 88.5531; final_level: 87.1061
event: navigation; timestamp: 284.315; robot: 1; time: 14.4693; src: (47, -55); dst: (0, 0)
event: robot_finished; timestamp: 298.785; robot: 1; pos: (0, 0); battery: 87.1061
metric: available_agents; value: 0
metric: failed_agents; value: 0
metric: finished_agents; value: 5
metric: completed_tasks; value: 6
metric: pending_tasks; value: 0
metric: failed_tasks; value: 4
metric: average_robot_makespan; value: 268.197
metric: sd_robot_makespan; value: 19.4625
metric: max_robot_makespan; value: 298.785
metric: min_robot_makespan; value: 251.254
metric: average_robot_travel_distance; value: 545.414
metric: sd_robot_travel_distance; value: 215.906
metric: max_robot_travel_distance; value: 836.272
metric: min_robot_travel_distance; value: 329.171
metric: sum_robot_travel_distance; value: 2727.07
metric: average_completed_tasks_by_robot; value: 0
metric: sd_completed_tasks_by_robot; value: 0
metric: max_completed_tasks_by_robot; value: 0
metric: min_completed_tasks_by_robot; value: 0
metric: final_reward; value: 0.6
metric: computing_time; value: 19.2848
