info: solver_name; value: dec-mcts-v1
info: reward_function; value: reward00
info: replica; value: 1
info: filename; value: ../logs/prueba/scenario_15t_05_5r_dec-mcts-v1_reward00_001.log
info: scenario_name; value: scenario_15t_05_5r
info: scenario_name; value: scenario_15t_05_5r
info: number_of_tasks; value: 15
info: number_of_robots; value: 5
info: number_of_recharging_stations; value: 1
info: scenario_size; value: (200,200)
event: recharging_station_spawn; timestamp: 0; recharging_station: 1; pos: (0, 0)
event: task_spawn; timestamp: 0; task: 1; pos: (-98, 31); earliest_start: 0; latest_start: 900; state: PENDING; required_workers: 3; success_prob: 0.8; max_attempts: 1
event: task_spawn; timestamp: 0; task: 2; pos: (1, -76); earliest_start: 0; latest_start: 270; state: PENDING; required_workers: 1; success_prob: 0.5; max_attempts: 1
event: task_spawn; timestamp: 0; task: 3; pos: (6, 49); earliest_start: 0; latest_start: 360; state: PENDING; required_workers: 2; success_prob: 0.7; max_attempts: 1
event: task_spawn; timestamp: 0; task: 4; pos: (-64, 75); earliest_start: 0; latest_start: 900; state: PENDING; required_workers: 2; success_prob: 0.7; max_attempts: 1
event: task_spawn; timestamp: 0; task: 5; pos: (-88, 0); earliest_start: 0; latest_start: 900; state: PENDING; required_workers: 1; success_prob: 0.8; max_attempts: 1
event: task_spawn; timestamp: 0; task: 6; pos: (80, -17); earliest_start: 0; latest_start: 810; state: PENDING; required_workers: 2; success_prob: 0.6; max_attempts: 1
event: task_spawn; timestamp: 0; task: 7; pos: (56, 99); earliest_start: 0; latest_start: 630; state: PENDING; required_workers: 2; success_prob: 0.9; max_attempts: 1
event: task_spawn; timestamp: 0; task: 8; pos: (-4, 66); earliest_start: 0; latest_start: 1080; state: PENDING; required_workers: 1; success_prob: 0.7; max_attempts: 1
event: task_spawn; timestamp: 0; task: 9; pos: (11, 55); earliest_start: 0; latest_start: 810; state: PENDING; required_workers: 1; success_prob: 0.8; max_attempts: 1
event: task_spawn; timestamp: 0; task: 10; pos: (72, 12); earliest_start: 0; latest_start: 720; state: PENDING; required_workers: 2; success_prob: 0.7; max_attempts: 1
event: task_spawn; timestamp: 0; task: 11; pos: (26, 31); earliest_start: 0; latest_start: 630; state: PENDING; required_workers: 3; success_prob: 0.7; max_attempts: 1
event: task_spawn; timestamp: 0; task: 12; pos: (-47, -89); earliest_start: 0; latest_start: 540; state: PENDING; required_workers: 3; success_prob: 0.8; max_attempts: 1
event: task_spawn; timestamp: 0; task: 13; pos: (40, -36); earliest_start: 0; latest_start: 540; state: PENDING; required_workers: 2; success_prob: 0.7; max_attempts: 1
event: task_spawn; timestamp: 0; task: 14; pos: (-40, 33); earliest_start: 0; latest_start: 540; state: PENDING; required_workers: 3; success_prob: 0.7; max_attempts: 1
event: task_spawn; timestamp: 0; task: 15; pos: (-98, -87); earliest_start: 0; latest_start: 1080; state: PENDING; required_workers: 2; success_prob: 0.8; max_attempts: 1
event: robot_spawn; timestamp: 0; robot: 1; pos: (0, 0); state: AVAILABLE; battery_level: 100; battery_capacity: 100; velocity: 5; battery_rate_nav: 0.1
event: robot_spawn; timestamp: 0; robot: 2; pos: (0, 0); state: AVAILABLE; battery_level: 100; battery_capacity: 100; velocity: 5; battery_rate_nav: 0.1
event: robot_spawn; timestamp: 0; robot: 3; pos: (0, 0); state: AVAILABLE; battery_level: 100; battery_capacity: 100; velocity: 5; battery_rate_nav: 0.1
event: robot_spawn; timestamp: 0; robot: 4; pos: (0, 0); state: AVAILABLE; battery_level: 100; battery_capacity: 100; velocity: 5; battery_rate_nav: 0.1
event: robot_spawn; timestamp: 0; robot: 5; pos: (0, 0); state: AVAILABLE; battery_level: 100; battery_capacity: 100; velocity: 5; battery_rate_nav: 0.1
event: battery_consumption; timestamp: 0; robot: 3; time: 15.2013; initial_level: 100; final_level: 98.4799
event: navigation; timestamp: 0; robot: 3; time: 15.2013; src: (0, 0); dst: (1, -76)
event: battery_consumption; timestamp: 1; robot: 4; time: 17.6; initial_level: 100; final_level: 98.24
event: navigation; timestamp: 1; robot: 4; time: 17.6; src: (0, 0); dst: (-88, 0)
event: battery_consumption; timestamp: 1; robot: 1; time: 10.7629; initial_level: 100; final_level: 98.9237
event: navigation; timestamp: 1; robot: 1; time: 10.7629; src: (0, 0); dst: (40, -36)
event: battery_consumption; timestamp: 1; robot: 2; time: 13.2242; initial_level: 100; final_level: 98.6776
event: navigation; timestamp: 1; robot: 2; time: 13.2242; src: (0, 0); dst: (-4, 66)
event: battery_consumption; timestamp: 1; robot: 5; time: 22.7482; initial_level: 100; final_level: 97.7252
event: navigation; timestamp: 1; robot: 5; time: 22.7482; src: (0, 0); dst: (56, 99)
event: task_execution; timestamp: 14.2242; task: 8; robot: 2; pos: (-4, 66); time: 0
event: battery_consumption; timestamp: 14.2242; robot: 2; time: 0; initial_level: 98.6776; final_level: 88.6776
event: task_resolution; timestamp: 14.2242; task: 8; pos: (-4, 66); status: FAILED; attempt: 1
event: battery_consumption; timestamp: 14.2242; robot: 2; time: 13.6953; initial_level: 88.6776; final_level: 87.3081
event: navigation; timestamp: 14.2242; robot: 2; time: 13.6953; src: (-4, 66); dst: (56, 99)
event: task_execution; timestamp: 15.2013; task: 2; robot: 3; pos: (1, -76); time: 0
event: battery_consumption; timestamp: 15.2013; robot: 3; time: 0; initial_level: 98.4799; final_level: 88.4799
event: task_resolution; timestamp: 15.2013; task: 2; pos: (1, -76); status: FAILED; attempt: 1
event: battery_consumption; timestamp: 16.2013; robot: 3; time: 25.02; initial_level: 88.4799; final_level: 85.9779
event: navigation; timestamp: 16.2013; robot: 3; time: 25.02; src: (1, -76); dst: (6, 49)
event: task_execution; timestamp: 18.6; task: 5; robot: 4; pos: (-88, 0); time: 0
event: battery_consumption; timestamp: 18.6; robot: 4; time: 0; initial_level: 98.24; final_level: 98.24
event: task_resolution; timestamp: 18.6; task: 5; pos: (-88, 0); status: COMPLETED; attempt: 1
event: battery_consumption; timestamp: 18.6; robot: 4; time: 26.5932; initial_level: 98.24; final_level: 95.5807
event: navigation; timestamp: 18.6; robot: 4; time: 26.5932; src: (-88, 0); dst: (40, -36)
event: task_execution; timestamp: 27.9195; task: 7; robot: 2; pos: (56, 99); time: 0
event: battery_consumption; timestamp: 27.9195; robot: 2; time: 0; initial_level: 87.3081; final_level: 87.3081
event: task_execution; timestamp: 27.9195; task: 7; robot: 5; pos: (56, 99); time: 0
event: battery_consumption; timestamp: 27.9195; robot: 5; time: 0; initial_level: 97.7252; final_level: 97.7252
event: task_resolution; timestamp: 27.9195; task: 7; pos: (56, 99); status: COMPLETED; attempt: 1
event: battery_consumption; timestamp: 27.9195; robot: 5; time: 14.1421; initial_level: 97.7252; final_level: 96.311
event: navigation; timestamp: 27.9195; robot: 5; time: 14.1421; src: (56, 99); dst: (6, 49)
event: battery_consumption; timestamp: 29.9195; robot: 2; time: 23.6913; initial_level: 87.3081; final_level: 84.9389
event: navigation; timestamp: 29.9195; robot: 2; time: 23.6913; src: (56, 99); dst: (80, -17)
event: task_execution; timestamp: 42.0616; task: 3; robot: 3; pos: (6, 49); time: 0
event: battery_consumption; timestamp: 42.0616; robot: 3; time: 0; initial_level: 85.9779; final_level: 85.9779
event: task_execution; timestamp: 42.0616; task: 3; robot: 5; pos: (6, 49); time: 0
event: battery_consumption; timestamp: 42.0616; robot: 5; time: 0; initial_level: 96.311; final_level: 96.311
event: task_resolution; timestamp: 42.0616; task: 3; pos: (6, 49); status: COMPLETED; attempt: 1
event: battery_consumption; timestamp: 42.0616; robot: 3; time: 15.1327; initial_level: 85.9779; final_level: 84.4646
event: navigation; timestamp: 42.0616; robot: 3; time: 15.1327; src: (6, 49); dst: (72, 12)
event: battery_consumption; timestamp: 42.0616; robot: 5; time: 1.56205; initial_level: 96.311; final_level: 96.1548
event: navigation; timestamp: 42.0616; robot: 5; time: 1.56205; src: (6, 49); dst: (11, 55)
event: task_execution; timestamp: 43.6237; task: 9; robot: 5; pos: (11, 55); time: 76.0491
event: battery_consumption; timestamp: 43.6237; robot: 5; time: 76.0491; initial_level: 96.1548; final_level: 20.1057
event: task_resolution; timestamp: 119.673; task: 9; pos: (11, 55); status: COMPLETED; attempt: 1
event: battery_consumption; timestamp: 119.673; robot: 5; time: 11.2178; initial_level: 20.1057; final_level: 18.9839
event: navigation; timestamp: 119.673; robot: 5; time: 11.2178; src: (11, 55); dst: (0, 0)
event: recharge; timestamp: 130.891; robot: 5; recharging_station: 1; pos: (0, 0); level: 100
event: battery_consumption; timestamp: 130.891; robot: 5; time: 16.3573; initial_level: 100; final_level: 98.3643
event: navigation; timestamp: 130.891; robot: 5; time: 16.3573; src: (0, 0); dst: (80, -17)
event: task_execution; timestamp: 45.1932; task: 13; robot: 1; pos: (40, -36); time: 95.1753
event: battery_consumption; timestamp: 45.1932; robot: 1; time: 95.1753; initial_level: 98.9237; final_level: 3.74844
event: task_execution; timestamp: 45.1932; task: 13; robot: 4; pos: (40, -36); time: 95.1753
event: battery_consumption; timestamp: 45.1932; robot: 4; time: 95.1753; initial_level: 95.5807; final_level: 0.405411
event: task_resolution; timestamp: 140.368; task: 13; pos: (40, -36); status: COMPLETED; attempt: 1
event: battery_consumption; timestamp: 140.368; robot: 1; time: 10.7629; initial_level: 3.74844; final_level: 2.67215
event: navigation; timestamp: 140.368; robot: 1; time: 10.7629; src: (40, -36); dst: (0, 0)
event: recharge; timestamp: 151.131; robot: 1; recharging_station: 1; pos: (0, 0); level: 100
event: battery_consumption; timestamp: 140.368; robot: 4; time: 10.7629; initial_level: 0.405411; final_level: 0
event: navigation; timestamp: 140.368; robot: 4; time: 10.7629; src: (40, -36); dst: (0, 0)
event: recharge; timestamp: 151.131; robot: 4; recharging_station: 1; pos: (0, 0); level: 100
event: battery_consumption; timestamp: 151.131; robot: 4; time: 14.5986; initial_level: 100; final_level: 98.5401
event: navigation; timestamp: 151.131; robot: 4; time: 14.5986; src: (0, 0); dst: (72, 12)
event: recharge; timestamp: 152.131; robot: 1; recharging_station: 1; pos: (0, 0); level: 100
event: battery_consumption; timestamp: 152.131; robot: 1; time: 19.719; initial_level: 100; final_level: 98.0281
event: navigation; timestamp: 152.131; robot: 1; time: 19.719; src: (0, 0); dst: (-64, 75)
event: task_execution; timestamp: 165.73; task: 10; robot: 3; pos: (72, 12); time: 23.3529
event: battery_consumption; timestamp: 165.73; robot: 3; time: 23.3529; initial_level: 84.4646; final_level: 61.1117
event: task_execution; timestamp: 165.73; task: 10; robot: 4; pos: (72, 12); time: 23.3529
event: battery_consumption; timestamp: 165.73; robot: 4; time: 23.3529; initial_level: 98.5401; final_level: 75.1872
event: task_resolution; timestamp: 189.083; task: 10; pos: (72, 12); status: COMPLETED; attempt: 1
event: battery_consumption; timestamp: 189.083; robot: 4; time: 29.9767; initial_level: 75.1872; final_level: 72.1895
event: navigation; timestamp: 189.083; robot: 4; time: 29.9767; src: (72, 12); dst: (-64, 75)
event: battery_consumption; timestamp: 190.083; robot: 3; time: 34.2117; initial_level: 61.1117; final_level: 57.6905
event: navigation; timestamp: 190.083; robot: 3; time: 34.2117; src: (72, 12); dst: (-98, 31)
event: task_execution; timestamp: 219.06; task: 4; robot: 1; pos: (-64, 75); time: 0
event: battery_consumption; timestamp: 219.06; robot: 1; time: 0; initial_level: 98.0281; final_level: 98.0281
event: task_execution; timestamp: 219.06; task: 4; robot: 4; pos: (-64, 75); time: 0
event: battery_consumption; timestamp: 219.06; robot: 4; time: 0; initial_level: 72.1895; final_level: 72.1895
event: task_resolution; timestamp: 219.06; task: 4; pos: (-64, 75); status: COMPLETED; attempt: 1
event: battery_consumption; timestamp: 219.06; robot: 1; time: 11.1212; initial_level: 98.0281; final_level: 96.916
event: navigation; timestamp: 219.06; robot: 1; time: 11.1212; src: (-64, 75); dst: (-98, 31)
event: battery_consumption; timestamp: 219.06; robot: 4; time: 11.1212; initial_level: 72.1895; final_level: 71.0774
event: navigation; timestamp: 219.06; robot: 4; time: 11.1212; src: (-64, 75); dst: (-98, 31)
event: task_execution; timestamp: 147.248; task: 6; robot: 2; pos: (80, -17); time: 84.9389
event: battery_consumption; timestamp: 147.248; robot: 2; time: 84.9389; initial_level: 84.9389; final_level: 74.9389
event: task_execution; timestamp: 147.248; task: 6; robot: 5; pos: (80, -17); time: 84.9389
event: battery_consumption; timestamp: 147.248; robot: 5; time: 84.9389; initial_level: 98.3643; final_level: 88.3643
event: task_resolution; timestamp: 232.187; task: 6; pos: (80, -17); status: FAILED; attempt: 1
event: battery_consumption; timestamp: 232.187; robot: 5; time: 29.1979; initial_level: 88.3643; final_level: 85.4445
event: navigation; timestamp: 232.187; robot: 5; time: 29.1979; src: (80, -17); dst: (-47, -89)
event: battery_consumption; timestamp: 233.187; robot: 2; time: 16.3573; initial_level: 74.9389; final_level: 73.3032
event: navigation; timestamp: 233.187; robot: 2; time: 16.3573; src: (80, -17); dst: (0, 0)
event: robot_finished; timestamp: 249.544; robot: 2; pos: (0, 0); battery: 73.3032
event: task_execution; timestamp: 230.181; task: 1; robot: 1; pos: (-98, 31); time: 57.6905
event: battery_consumption; timestamp: 230.181; robot: 1; time: 57.6905; initial_level: 96.916; final_level: 86.916
event: task_execution; timestamp: 230.181; task: 1; robot: 3; pos: (-98, 31); time: 57.6905
event: battery_consumption; timestamp: 230.181; robot: 3; time: 57.6905; initial_level: 57.6905; final_level: 47.6905
event: task_execution; timestamp: 230.181; task: 1; robot: 4; pos: (-98, 31); time: 57.6905
event: battery_consumption; timestamp: 230.181; robot: 4; time: 57.6905; initial_level: 71.0774; final_level: 61.0774
event: task_resolution; timestamp: 287.871; task: 1; pos: (-98, 31); status: FAILED; attempt: 1
event: battery_consumption; timestamp: 287.871; robot: 1; time: 26.0776; initial_level: 86.916; final_level: 84.3082
event: navigation; timestamp: 287.871; robot: 1; time: 26.0776; src: (-98, 31); dst: (-47, -89)
event: battery_consumption; timestamp: 287.871; robot: 4; time: 26.0776; initial_level: 61.0774; final_level: 58.4697
event: navigation; timestamp: 287.871; robot: 4; time: 26.0776; src: (-98, 31); dst: (-47, -89)
event: battery_consumption; timestamp: 288.871; robot: 3; time: 24.8; initial_level: 47.6905; final_level: 45.2105
event: navigation; timestamp: 288.871; robot: 3; time: 24.8; src: (-98, 31); dst: (26, 31)
event: task_execution; timestamp: 313.949; task: 12; robot: 1; pos: (-47, -89); time: 0
event: battery_consumption; timestamp: 313.949; robot: 1; time: 0; initial_level: 84.3082; final_level: 74.3082
event: task_execution; timestamp: 313.949; task: 12; robot: 4; pos: (-47, -89); time: 0
event: battery_consumption; timestamp: 313.949; robot: 4; time: 0; initial_level: 58.4697; final_level: 48.4697
event: task_execution; timestamp: 313.949; task: 12; robot: 5; pos: (-47, -89); time: 0
event: battery_consumption; timestamp: 313.949; robot: 5; time: 0; initial_level: 85.4445; final_level: 75.4445
event: task_resolution; timestamp: 313.949; task: 12; pos: (-47, -89); status: FAILED; attempt: 1
event: battery_consumption; timestamp: 313.949; robot: 1; time: 10.2078; initial_level: 74.3082; final_level: 73.2874
event: navigation; timestamp: 313.949; robot: 1; time: 10.2078; src: (-47, -89); dst: (-98, -87)
event: battery_consumption; timestamp: 313.949; robot: 4; time: 10.2078; initial_level: 48.4697; final_level: 47.4489
event: navigation; timestamp: 313.949; robot: 4; time: 10.2078; src: (-47, -89); dst: (-98, -87)
event: battery_consumption; timestamp: 315.949; robot: 5; time: 24.4401; initial_level: 75.4445; final_level: 73.0005
event: navigation; timestamp: 315.949; robot: 5; time: 24.4401; src: (-47, -89); dst: (-40, 33)
event: task_execution; timestamp: 324.157; task: 15; robot: 1; pos: (-98, -87); time: 0
event: battery_consumption; timestamp: 324.157; robot: 1; time: 0; initial_level: 73.2874; final_level: 63.2874
event: task_execution; timestamp: 324.157; task: 15; robot: 4; pos: (-98, -87); time: 0
event: battery_consumption; timestamp: 324.157; robot: 4; time: 0; initial_level: 47.4489; final_level: 37.4489
event: task_resolution; timestamp: 324.157; task: 15; pos: (-98, -87); status: FAILED; attempt: 1
event: battery_consumption; timestamp: 324.157; robot: 1; time: 26.6563; initial_level: 63.2874; final_level: 60.6218
event: navigation; timestamp: 324.157; robot: 1; time: 26.6563; src: (-98, -87); dst: (-40, 33)
event: battery_consumption; timestamp: 324.157; robot: 4; time: 26.6563; initial_level: 37.4489; final_level: 34.7832
event: navigation; timestamp: 324.157; robot: 4; time: 26.6563; src: (-98, -87); dst: (-40, 33)
event: task_execution; timestamp: 350.813; task: 14; robot: 1; pos: (-40, 33); time: 0
event: battery_consumption; timestamp: 350.813; robot: 1; time: 0; initial_level: 60.6218; final_level: 60.6218
event: task_execution; timestamp: 350.813; task: 14; robot: 4; pos: (-40, 33); time: 0
event: battery_consumption; timestamp: 350.813; robot: 4; time: 0; initial_level: 34.7832; final_level: 34.7832
event: task_execution; timestamp: 350.813; task: 14; robot: 5; pos: (-40, 33); time: 0
event: battery_consumption; timestamp: 350.813; robot: 5; time: 0; initial_level: 73.0005; final_level: 73.0005
event: task_resolution; timestamp: 350.813; task: 14; pos: (-40, 33); status: COMPLETED; attempt: 1
event: battery_consumption; timestamp: 350.813; robot: 5; time: 13.2061; initial_level: 73.0005; final_level: 71.6799
event: navigation; timestamp: 350.813; robot: 5; time: 13.2061; src: (-40, 33); dst: (26, 31)
event: battery_consumption; timestamp: 350.813; robot: 1; time: 13.2061; initial_level: 60.6218; final_level: 59.3012
event: navigation; timestamp: 350.813; robot: 1; time: 13.2061; src: (-40, 33); dst: (26, 31)
event: battery_consumption; timestamp: 350.813; robot: 4; time: 10.3711; initial_level: 34.7832; final_level: 33.7461
event: navigation; timestamp: 350.813; robot: 4; time: 10.3711; src: (-40, 33); dst: (0, 0)
event: robot_finished; timestamp: 361.184; robot: 4; pos: (0, 0); battery: 33.7461
event: task_execution; timestamp: 364.019; task: 11; robot: 1; pos: (26, 31); time: 45.2105
event: battery_consumption; timestamp: 364.019; robot: 1; time: 45.2105; initial_level: 59.3012; final_level: 49.3012
event: task_execution; timestamp: 364.019; task: 11; robot: 3; pos: (26, 31); time: 45.2105
event: battery_consumption; timestamp: 364.019; robot: 3; time: 45.2105; initial_level: 45.2105; final_level: 35.2105
event: task_execution; timestamp: 364.019; task: 11; robot: 5; pos: (26, 31); time: 45.2105
event: battery_consumption; timestamp: 364.019; robot: 5; time: 45.2105; initial_level: 71.6799; final_level: 61.6799
event: task_resolution; timestamp: 409.23; task: 11; pos: (26, 31); status: FAILED; attempt: 1
event: battery_consumption; timestamp: 409.23; robot: 1; time: 8.09197; initial_level: 49.3012; final_level: 48.492
event: navigation; timestamp: 409.23; robot: 1; time: 8.09197; src: (26, 31); dst: (0, 0)
event: robot_finished; timestamp: 417.322; robot: 1; pos: (0, 0); battery: 48.492
event: battery_consumption; timestamp: 409.23; robot: 5; time: 8.09197; initial_level: 61.6799; final_level: 60.8707
event: navigation; timestamp: 409.23; robot: 5; time: 8.09197; src: (26, 31); dst: (0, 0)
event: recharge; timestamp: 417.322; robot: 5; recharging_station: 1; pos: (0, 0); level: 100
event: battery_consumption; timestamp: 410.23; robot: 3; time: 8.09197; initial_level: 35.2105; final_level: 34.4013
event: navigation; timestamp: 410.23; robot: 3; time: 8.09197; src: (26, 31); dst: (0, 0)
event: robot_finished; timestamp: 418.322; robot: 3; pos: (0, 0); battery: 34.4013
event: robot_finished; timestamp: 417.322; robot: 5; pos: (0, 0); battery: 100
metric: available_agents; value: 0
metric: failed_agents; value: 0
metric: finished_agents; value: 5
metric: completed_tasks; value: 8
metric: pending_tasks; value: 0
metric: failed_tasks; value: 7
metric: average_robot_makespan; value: 372.739
metric: sd_robot_makespan; value: 73.0813
metric: max_robot_makespan; value: 418.322
metric: min_robot_makespan; value: 249.544
metric: average_robot_travel_distance; value: 650.961
metric: sd_robot_travel_distance; value: 210.74
metric: max_robot_travel_distance; value: 919.827
metric: min_robot_travel_distance; value: 334.84
metric: sum_robot_travel_distance; value: 3254.8
metric: average_completed_tasks_by_robot; value: 0
metric: sd_completed_tasks_by_robot; value: 0
metric: max_completed_tasks_by_robot; value: 0
metric: min_completed_tasks_by_robot; value: 0
metric: final_reward; value: 0.533333
metric: computing_time; value: 34.1858
