info: solver_name; value: cbba
info: reward_function; value: reward00
info: replica; value: 21
info: filename; value: ../logs/prueba/scenario_12_06_01_cbba_reward00_021.log
info: scenario_name; value: scenario_12_06_01
info: scenario_name; value: scenario_12_06_01
info: number_of_tasks; value: 12
info: number_of_robots; value: 6
info: number_of_recharging_stations; value: 1
info: scenario_size; value: (200,200)
event: recharging_station_spawn; timestamp: 0; recharging_station: 1; pos: (0, 0)
event: task_spawn; timestamp: 0; task: 1; pos: (-70.0709, -68.0831); earliest_start: 0; latest_start: 1080; state: PENDING; required_workers: 3; success_prob: 0.8; max_attempts: 1
event: task_spawn; timestamp: 0; task: 2; pos: (-17.4248, -96.1114); earliest_start: 0; latest_start: 810; state: PENDING; required_workers: 3; success_prob: 0.8; max_attempts: 1
event: task_spawn; timestamp: 0; task: 3; pos: (-29.5006, -24.1376); earliest_start: 0; latest_start: 1080; state: PENDING; required_workers: 2; success_prob: 0.8; max_attempts: 1
event: task_spawn; timestamp: 0; task: 4; pos: (6.58351, -36.5381); earliest_start: 0; latest_start: 540; state: PENDING; required_workers: 1; success_prob: 0.8; max_attempts: 1
event: task_spawn; timestamp: 0; task: 5; pos: (-46.7684, -52.5449); earliest_start: 0; latest_start: 540; state: PENDING; required_workers: 3; success_prob: 0.8; max_attempts: 1
event: task_spawn; timestamp: 0; task: 6; pos: (-87.1468, -93.4297); earliest_start: 0; latest_start: 810; state: PENDING; required_workers: 2; success_prob: 0.8; max_attempts: 1
event: task_spawn; timestamp: 0; task: 7; pos: (-74.758, -54.3258); earliest_start: 0; latest_start: 540; state: PENDING; required_workers: 2; success_prob: 0.8; max_attempts: 1
event: task_spawn; timestamp: 0; task: 8; pos: (-1.29451, 32.4663); earliest_start: 0; latest_start: 540; state: PENDING; required_workers: 2; success_prob: 0.8; max_attempts: 1
event: task_spawn; timestamp: 0; task: 9; pos: (60.5478, -15.9338); earliest_start: 0; latest_start: 1080; state: PENDING; required_workers: 1; success_prob: 0.8; max_attempts: 1
event: task_spawn; timestamp: 0; task: 10; pos: (56.8755, 43.1394); earliest_start: 0; latest_start: 810; state: PENDING; required_workers: 2; success_prob: 0.8; max_attempts: 1
event: task_spawn; timestamp: 0; task: 11; pos: (-24.173, 41.1999); earliest_start: 0; latest_start: 540; state: PENDING; required_workers: 2; success_prob: 0.8; max_attempts: 1
event: task_spawn; timestamp: 0; task: 12; pos: (72.2993, -29.315); earliest_start: 0; latest_start: 1080; state: PENDING; required_workers: 1; success_prob: 0.8; max_attempts: 1
event: robot_spawn; timestamp: 0; robot: 1; pos: (0, 0); state: AVAILABLE; battery_level: 100; battery_capacity: 100; velocity: 5; battery_rate_nav: 0.1
event: robot_spawn; timestamp: 0; robot: 2; pos: (0, 0); state: AVAILABLE; battery_level: 100; battery_capacity: 100; velocity: 5; battery_rate_nav: 0.1
event: robot_spawn; timestamp: 0; robot: 3; pos: (0, 0); state: AVAILABLE; battery_level: 100; battery_capacity: 100; velocity: 5; battery_rate_nav: 0.1
event: robot_spawn; timestamp: 0; robot: 4; pos: (0, 0); state: AVAILABLE; battery_level: 100; battery_capacity: 100; velocity: 5; battery_rate_nav: 0.1
event: robot_spawn; timestamp: 0; robot: 5; pos: (0, 0); state: AVAILABLE; battery_level: 100; battery_capacity: 100; velocity: 5; battery_rate_nav: 0.1
event: robot_spawn; timestamp: 0; robot: 6; pos: (0, 0); state: AVAILABLE; battery_level: 100; battery_capacity: 100; velocity: 5; battery_rate_nav: 0.1
event: battery_consumption; timestamp: 0; robot: 6; time: 7.4253; initial_level: 100; final_level: 99.2575
event: navigation; timestamp: 0; robot: 6; time: 7.4253; src: (0, 0); dst: (6.58351, -36.5381)
event: battery_consumption; timestamp: 0; robot: 1; time: 6.49842; initial_level: 100; final_level: 99.3502
event: navigation; timestamp: 0; robot: 1; time: 6.49842; src: (0, 0); dst: (-1.29451, 32.4663)
event: battery_consumption; timestamp: 0; robot: 2; time: 6.49842; initial_level: 100; final_level: 99.3502
event: navigation; timestamp: 0; robot: 2; time: 6.49842; src: (0, 0); dst: (-1.29451, 32.4663)
event: battery_consumption; timestamp: 0; robot: 5; time: 9.55357; initial_level: 100; final_level: 99.0446
event: navigation; timestamp: 0; robot: 5; time: 9.55357; src: (0, 0); dst: (-24.173, 41.1999)
event: battery_consumption; timestamp: 0; robot: 4; time: 7.62341; initial_level: 100; final_level: 99.2377
event: navigation; timestamp: 0; robot: 4; time: 7.62341; src: (0, 0); dst: (-29.5006, -24.1376)
event: battery_consumption; timestamp: 0; robot: 3; time: 7.62341; initial_level: 100; final_level: 99.2377
event: navigation; timestamp: 0; robot: 3; time: 7.62341; src: (0, 0); dst: (-29.5006, -24.1376)
event: task_execution; timestamp: 7.4253; task: 4; robot: 6; pos: (6.58351, -36.5381); time: 2.35604
event: battery_consumption; timestamp: 7.4253; robot: 6; time: 2.35604; initial_level: 99.2575; final_level: 96.9014
event: task_resolution; timestamp: 9.78134; task: 4; pos: (6.58351, -36.5381); status: COMPLETED; attempt: 1
event: battery_consumption; timestamp: 9.78134; robot: 6; time: 11.1403; initial_level: 96.9014; final_level: 95.7874
event: navigation; timestamp: 9.78134; robot: 6; time: 11.1403; src: (6.58351, -36.5381); dst: (-46.7684, -52.5449)
event: task_execution; timestamp: 6.49842; task: 8; robot: 1; pos: (-1.29451, 32.4663); time: 58.7527
event: battery_consumption; timestamp: 6.49842; robot: 1; time: 58.7527; initial_level: 99.3502; final_level: 40.5975
event: task_execution; timestamp: 6.49842; task: 8; robot: 2; pos: (-1.29451, 32.4663); time: 58.7527
event: battery_consumption; timestamp: 6.49842; robot: 2; time: 58.7527; initial_level: 99.3502; final_level: 40.5975
event: task_resolution; timestamp: 65.2511; task: 8; pos: (-1.29451, 32.4663); status: COMPLETED; attempt: 1
event: battery_consumption; timestamp: 65.2511; robot: 2; time: 11.8282; initial_level: 40.5975; final_level: 39.4147
event: navigation; timestamp: 65.2511; robot: 2; time: 11.8282; src: (-1.29451, 32.4663); dst: (56.8755, 43.1394)
event: battery_consumption; timestamp: 65.2511; robot: 1; time: 4.89776; initial_level: 40.5975; final_level: 40.1077
event: navigation; timestamp: 65.2511; robot: 1; time: 4.89776; src: (-1.29451, 32.4663); dst: (-24.173, 41.1999)
event: task_execution; timestamp: 70.1489; task: 11; robot: 1; pos: (-24.173, 41.1999); time: 0
event: battery_consumption; timestamp: 70.1489; robot: 1; time: 0; initial_level: 40.1077; final_level: 40.1077
event: task_execution; timestamp: 70.1489; task: 11; robot: 5; pos: (-24.173, 41.1999); time: 0
event: battery_consumption; timestamp: 70.1489; robot: 5; time: 0; initial_level: 99.0446; final_level: 99.0446
event: task_resolution; timestamp: 70.1489; task: 11; pos: (-24.173, 41.1999); status: COMPLETED; attempt: 1
event: battery_consumption; timestamp: 70.1489; robot: 1; time: 16.2143; initial_level: 40.1077; final_level: 38.4863
event: navigation; timestamp: 70.1489; robot: 1; time: 16.2143; src: (-24.173, 41.1999); dst: (56.8755, 43.1394)
event: battery_consumption; timestamp: 70.1489; robot: 5; time: 19.2859; initial_level: 99.0446; final_level: 97.1161
event: navigation; timestamp: 70.1489; robot: 5; time: 19.2859; src: (-24.173, 41.1999); dst: (-46.7684, -52.5449)
event: task_execution; timestamp: 86.3632; task: 10; robot: 1; pos: (56.8755, 43.1394); time: 0
event: battery_consumption; timestamp: 86.3632; robot: 1; time: 0; initial_level: 38.4863; final_level: 38.4863
event: task_execution; timestamp: 86.3632; task: 10; robot: 2; pos: (56.8755, 43.1394); time: 0
event: battery_consumption; timestamp: 86.3632; robot: 2; time: 0; initial_level: 39.4147; final_level: 39.4147
event: task_resolution; timestamp: 86.3632; task: 10; pos: (56.8755, 43.1394); status: COMPLETED; attempt: 1
event: battery_consumption; timestamp: 86.3632; robot: 1; time: 11.8374; initial_level: 38.4863; final_level: 37.3025
event: navigation; timestamp: 86.3632; robot: 1; time: 11.8374; src: (56.8755, 43.1394); dst: (60.5478, -15.9338)
event: battery_consumption; timestamp: 86.3632; robot: 2; time: 14.8156; initial_level: 39.4147; final_level: 37.9331
event: navigation; timestamp: 86.3632; robot: 2; time: 14.8156; src: (56.8755, 43.1394); dst: (72.2993, -29.315)
event: task_execution; timestamp: 98.2006; task: 9; robot: 1; pos: (60.5478, -15.9338); time: 6.66491
event: battery_consumption; timestamp: 98.2006; robot: 1; time: 6.66491; initial_level: 37.3025; final_level: 30.6376
event: task_resolution; timestamp: 104.866; task: 9; pos: (60.5478, -15.9338); status: COMPLETED; attempt: 1
event: battery_consumption; timestamp: 104.866; robot: 1; time: 22.368; initial_level: 30.6376; final_level: 28.4008
event: navigation; timestamp: 104.866; robot: 1; time: 22.368; src: (60.5478, -15.9338); dst: (-17.4248, -96.1114)
event: task_execution; timestamp: 7.62341; task: 3; robot: 3; pos: (-29.5006, -24.1376); time: 99.2377
event: battery_consumption; timestamp: 7.62341; robot: 3; time: 99.2377; initial_level: 99.2377; final_level: 89.2377
event: task_execution; timestamp: 7.62341; task: 3; robot: 4; pos: (-29.5006, -24.1376); time: 99.2377
event: battery_consumption; timestamp: 7.62341; robot: 4; time: 99.2377; initial_level: 99.2377; final_level: 89.2377
event: task_resolution; timestamp: 106.861; task: 3; pos: (-29.5006, -24.1376); status: FAILED; attempt: 1
event: battery_consumption; timestamp: 106.861; robot: 3; time: 6.64876; initial_level: 89.2377; final_level: 88.5728
event: navigation; timestamp: 106.861; robot: 3; time: 6.64876; src: (-29.5006, -24.1376); dst: (-46.7684, -52.5449)
event: battery_consumption; timestamp: 106.861; robot: 4; time: 10.8804; initial_level: 89.2377; final_level: 88.1496
event: navigation; timestamp: 106.861; robot: 4; time: 10.8804; src: (-29.5006, -24.1376); dst: (-74.758, -54.3258)
event: task_execution; timestamp: 101.179; task: 12; robot: 2; pos: (72.2993, -29.315); time: 11.7685
event: battery_consumption; timestamp: 101.179; robot: 2; time: 11.7685; initial_level: 37.9331; final_level: 26.1646
event: task_resolution; timestamp: 112.947; task: 12; pos: (72.2993, -29.315); status: COMPLETED; attempt: 1
event: battery_consumption; timestamp: 112.947; robot: 2; time: 22.3716; initial_level: 26.1646; final_level: 23.9274
event: navigation; timestamp: 112.947; robot: 2; time: 22.3716; src: (72.2993, -29.315); dst: (-17.4248, -96.1114)
event: task_execution; timestamp: 113.51; task: 5; robot: 3; pos: (-46.7684, -52.5449); time: 0
event: battery_consumption; timestamp: 113.51; robot: 3; time: 0; initial_level: 88.5728; final_level: 78.5728
event: task_execution; timestamp: 113.51; task: 5; robot: 5; pos: (-46.7684, -52.5449); time: 0
event: battery_consumption; timestamp: 113.51; robot: 5; time: 0; initial_level: 97.1161; final_level: 87.1161
event: task_execution; timestamp: 113.51; task: 5; robot: 6; pos: (-46.7684, -52.5449); time: 0
event: battery_consumption; timestamp: 113.51; robot: 6; time: 0; initial_level: 95.7874; final_level: 85.7874
event: task_resolution; timestamp: 113.51; task: 5; pos: (-46.7684, -52.5449); status: FAILED; attempt: 1
event: battery_consumption; timestamp: 113.51; robot: 6; time: 5.60158; initial_level: 85.7874; final_level: 85.2272
event: navigation; timestamp: 113.51; robot: 6; time: 5.60158; src: (-46.7684, -52.5449); dst: (-70.0709, -68.0831)
event: battery_consumption; timestamp: 113.51; robot: 5; time: 5.60158; initial_level: 87.1161; final_level: 86.5559
event: navigation; timestamp: 113.51; robot: 5; time: 5.60158; src: (-46.7684, -52.5449); dst: (-70.0709, -68.0831)
event: battery_consumption; timestamp: 113.51; robot: 3; time: 5.60158; initial_level: 78.5728; final_level: 78.0126
event: navigation; timestamp: 113.51; robot: 3; time: 5.60158; src: (-46.7684, -52.5449); dst: (-70.0709, -68.0831)
event: task_execution; timestamp: 119.111; task: 1; robot: 3; pos: (-70.0709, -68.0831); time: 0
event: battery_consumption; timestamp: 119.111; robot: 3; time: 0; initial_level: 78.0126; final_level: 68.0126
event: task_execution; timestamp: 119.111; task: 1; robot: 5; pos: (-70.0709, -68.0831); time: 0
event: battery_consumption; timestamp: 119.111; robot: 5; time: 0; initial_level: 86.5559; final_level: 76.5559
event: task_execution; timestamp: 119.111; task: 1; robot: 6; pos: (-70.0709, -68.0831); time: 0
event: battery_consumption; timestamp: 119.111; robot: 6; time: 0; initial_level: 85.2272; final_level: 75.2272
event: task_resolution; timestamp: 119.111; task: 1; pos: (-70.0709, -68.0831); status: FAILED; attempt: 1
event: battery_consumption; timestamp: 119.111; robot: 3; time: 2.90677; initial_level: 68.0126; final_level: 67.7219
event: navigation; timestamp: 119.111; robot: 3; time: 2.90677; src: (-70.0709, -68.0831); dst: (-74.758, -54.3258)
event: battery_consumption; timestamp: 119.111; robot: 6; time: 6.1124; initial_level: 75.2272; final_level: 74.616
event: navigation; timestamp: 119.111; robot: 6; time: 6.1124; src: (-70.0709, -68.0831); dst: (-87.1468, -93.4297)
event: battery_consumption; timestamp: 119.111; robot: 5; time: 6.1124; initial_level: 76.5559; final_level: 75.9447
event: navigation; timestamp: 119.111; robot: 5; time: 6.1124; src: (-70.0709, -68.0831); dst: (-87.1468, -93.4297)
event: task_execution; timestamp: 122.018; task: 7; robot: 3; pos: (-74.758, -54.3258); time: 0
event: battery_consumption; timestamp: 122.018; robot: 3; time: 0; initial_level: 67.7219; final_level: 67.7219
event: task_execution; timestamp: 122.018; task: 7; robot: 4; pos: (-74.758, -54.3258); time: 0
event: battery_consumption; timestamp: 122.018; robot: 4; time: 0; initial_level: 88.1496; final_level: 88.1496
event: task_resolution; timestamp: 122.018; task: 7; pos: (-74.758, -54.3258); status: COMPLETED; attempt: 1
event: battery_consumption; timestamp: 122.018; robot: 3; time: 14.1889; initial_level: 67.7219; final_level: 66.3031
event: navigation; timestamp: 122.018; robot: 3; time: 14.1889; src: (-74.758, -54.3258); dst: (-17.4248, -96.1114)
event: battery_consumption; timestamp: 122.018; robot: 4; time: 18.4825; initial_level: 88.1496; final_level: 86.3014
event: navigation; timestamp: 122.018; robot: 4; time: 18.4825; src: (-74.758, -54.3258); dst: (0, 0)
event: robot_finished; timestamp: 140.501; robot: 4; pos: (0, 0); battery: 86.3014
event: task_execution; timestamp: 136.207; task: 2; robot: 1; pos: (-17.4248, -96.1114); time: 0
event: battery_consumption; timestamp: 136.207; robot: 1; time: 0; initial_level: 28.4008; final_level: 28.4008
event: task_execution; timestamp: 136.207; task: 2; robot: 2; pos: (-17.4248, -96.1114); time: 0
event: battery_consumption; timestamp: 136.207; robot: 2; time: 0; initial_level: 23.9274; final_level: 23.9274
event: task_execution; timestamp: 136.207; task: 2; robot: 3; pos: (-17.4248, -96.1114); time: 0
event: battery_consumption; timestamp: 136.207; robot: 3; time: 0; initial_level: 66.3031; final_level: 66.3031
event: task_resolution; timestamp: 136.207; task: 2; pos: (-17.4248, -96.1114); status: COMPLETED; attempt: 1
event: battery_consumption; timestamp: 136.207; robot: 3; time: 19.5356; initial_level: 66.3031; final_level: 64.3495
event: navigation; timestamp: 136.207; robot: 3; time: 19.5356; src: (-17.4248, -96.1114); dst: (0, 0)
event: robot_finished; timestamp: 155.743; robot: 3; pos: (0, 0); battery: 64.3495
event: battery_consumption; timestamp: 136.207; robot: 1; time: 19.5356; initial_level: 28.4008; final_level: 26.4472
event: navigation; timestamp: 136.207; robot: 1; time: 19.5356; src: (-17.4248, -96.1114); dst: (0, 0)
event: recharge; timestamp: 155.743; robot: 1; recharging_station: 1; pos: (0, 0); level: 100
event: battery_consumption; timestamp: 136.207; robot: 2; time: 19.5356; initial_level: 23.9274; final_level: 21.9739
event: navigation; timestamp: 136.207; robot: 2; time: 19.5356; src: (-17.4248, -96.1114); dst: (0, 0)
event: recharge; timestamp: 155.743; robot: 2; recharging_station: 1; pos: (0, 0); level: 100
event: robot_finished; timestamp: 155.743; robot: 2; pos: (0, 0); battery: 100
event: robot_finished; timestamp: 155.743; robot: 1; pos: (0, 0); battery: 100
event: task_execution; timestamp: 125.224; task: 6; robot: 5; pos: (-87.1468, -93.4297); time: 74.616
event: battery_consumption; timestamp: 125.224; robot: 5; time: 74.616; initial_level: 75.9447; final_level: 65.9447
event: task_execution; timestamp: 125.224; task: 6; robot: 6; pos: (-87.1468, -93.4297); time: 74.616
event: battery_consumption; timestamp: 125.224; robot: 6; time: 74.616; initial_level: 74.616; final_level: 64.616
event: task_resolution; timestamp: 199.84; task: 6; pos: (-87.1468, -93.4297); status: FAILED; attempt: 1
event: battery_consumption; timestamp: 199.84; robot: 6; time: 25.5528; initial_level: 64.616; final_level: 62.0607
event: navigation; timestamp: 199.84; robot: 6; time: 25.5528; src: (-87.1468, -93.4297); dst: (0, 0)
event: robot_finished; timestamp: 225.393; robot: 6; pos: (0, 0); battery: 62.0607
event: battery_consumption; timestamp: 199.84; robot: 5; time: 25.5528; initial_level: 65.9447; final_level: 63.3894
event: navigation; timestamp: 199.84; robot: 5; time: 25.5528; src: (-87.1468, -93.4297); dst: (0, 0)
event: robot_finished; timestamp: 225.393; robot: 5; pos: (0, 0); battery: 63.3894
metric: available_agents; value: 0
metric: failed_agents; value: 0
metric: finished_agents; value: 6
metric: completed_tasks; value: 8
metric: pending_tasks; value: 0
metric: failed_tasks; value: 4
metric: average_robot_makespan; value: 176.419
metric: sd_robot_makespan; value: 38.3914
metric: max_robot_makespan; value: 225.393
metric: min_robot_makespan; value: 140.501
metric: average_robot_travel_distance; value: 309.859
metric: sd_robot_travel_distance; value: 79.2322
metric: max_robot_travel_distance; value: 406.758
metric: min_robot_travel_distance; value: 184.931
metric: sum_robot_travel_distance; value: 1859.15
metric: average_completed_tasks_by_robot; value: 0
metric: sd_completed_tasks_by_robot; value: 0
metric: max_completed_tasks_by_robot; value: 0
metric: min_completed_tasks_by_robot; value: 0
metric: final_reward; value: 0.666667
metric: computing_time; value: 0.00763006
