info: solver_name; value: random
info: reward_function; value: reward00
info: replica; value: 17
info: filename; value: ../logs/prueba/scenario_12_06_01_random_reward00_017.log
info: scenario_name; value: scenario_12_06_01
info: scenario_name; value: scenario_12_06_01
info: number_of_tasks; value: 12
info: number_of_robots; value: 6
info: number_of_recharging_stations; value: 1
info: scenario_size; value: (200,200)
event: recharging_station_spawn; timestamp: 0; recharging_station: 1; pos: (0, 0)
event: task_spawn; timestamp: 0; task: 1; pos: (-70.0709, -68.0831); earliest_start: 0; latest_start: 1080; state: PENDING; required_workers: 3; success_prob: 0.8; max_attempts: 1
event: task_spawn; timestamp: 0; task: 2; pos: (-17.4248, -96.1114); earliest_start: 0; latest_start: 810; state: PENDING; required_workers: 3; success_prob: 0.8; max_attempts: 1
event: task_spawn; timestamp: 0; task: 3; pos: (-29.5006, -24.1376); earliest_start: 0; latest_start: 1080; state: PENDING; required_workers: 2; success_prob: 0.8; max_attempts: 1
event: task_spawn; timestamp: 0; task: 4; pos: (6.58351, -36.5381); earliest_start: 0; latest_start: 540; state: PENDING; required_workers: 1; success_prob: 0.8; max_attempts: 1
event: task_spawn; timestamp: 0; task: 5; pos: (-46.7684, -52.5449); earliest_start: 0; latest_start: 540; state: PENDING; required_workers: 3; success_prob: 0.8; max_attempts: 1
event: task_spawn; timestamp: 0; task: 6; pos: (-87.1468, -93.4297); earliest_start: 0; latest_start: 810; state: PENDING; required_workers: 2; success_prob: 0.8; max_attempts: 1
event: task_spawn; timestamp: 0; task: 7; pos: (-74.758, -54.3258); earliest_start: 0; latest_start: 540; state: PENDING; required_workers: 2; success_prob: 0.8; max_attempts: 1
event: task_spawn; timestamp: 0; task: 8; pos: (-1.29451, 32.4663); earliest_start: 0; latest_start: 540; state: PENDING; required_workers: 2; success_prob: 0.8; max_attempts: 1
event: task_spawn; timestamp: 0; task: 9; pos: (60.5478, -15.9338); earliest_start: 0; latest_start: 1080; state: PENDING; required_workers: 1; success_prob: 0.8; max_attempts: 1
event: task_spawn; timestamp: 0; task: 10; pos: (56.8755, 43.1394); earliest_start: 0; latest_start: 810; state: PENDING; required_workers: 2; success_prob: 0.8; max_attempts: 1
event: task_spawn; timestamp: 0; task: 11; pos: (-24.173, 41.1999); earliest_start: 0; latest_start: 540; state: PENDING; required_workers: 2; success_prob: 0.8; max_attempts: 1
event: task_spawn; timestamp: 0; task: 12; pos: (72.2993, -29.315); earliest_start: 0; latest_start: 1080; state: PENDING; required_workers: 1; success_prob: 0.8; max_attempts: 1
event: robot_spawn; timestamp: 0; robot: 1; pos: (0, 0); state: AVAILABLE; battery_level: 100; battery_capacity: 100; velocity: 5; battery_rate_nav: 0.1
event: robot_spawn; timestamp: 0; robot: 2; pos: (0, 0); state: AVAILABLE; battery_level: 100; battery_capacity: 100; velocity: 5; battery_rate_nav: 0.1
event: robot_spawn; timestamp: 0; robot: 3; pos: (0, 0); state: AVAILABLE; battery_level: 100; battery_capacity: 100; velocity: 5; battery_rate_nav: 0.1
event: robot_spawn; timestamp: 0; robot: 4; pos: (0, 0); state: AVAILABLE; battery_level: 100; battery_capacity: 100; velocity: 5; battery_rate_nav: 0.1
event: robot_spawn; timestamp: 0; robot: 5; pos: (0, 0); state: AVAILABLE; battery_level: 100; battery_capacity: 100; velocity: 5; battery_rate_nav: 0.1
event: robot_spawn; timestamp: 0; robot: 6; pos: (0, 0); state: AVAILABLE; battery_level: 100; battery_capacity: 100; velocity: 5; battery_rate_nav: 0.1
event: battery_consumption; timestamp: 0; robot: 1; time: 19.5399; initial_level: 100; final_level: 98.046
event: navigation; timestamp: 0; robot: 1; time: 19.5399; src: (0, 0); dst: (-70.0709, -68.0831)
event: battery_consumption; timestamp: 0; robot: 2; time: 14.277; initial_level: 100; final_level: 98.5723
event: navigation; timestamp: 0; robot: 2; time: 14.277; src: (0, 0); dst: (56.8755, 43.1394)
event: battery_consumption; timestamp: 0; robot: 6; time: 18.4825; initial_level: 100; final_level: 98.1518
event: navigation; timestamp: 0; robot: 6; time: 18.4825; src: (0, 0); dst: (-74.758, -54.3258)
event: battery_consumption; timestamp: 0; robot: 5; time: 9.55357; initial_level: 100; final_level: 99.0446
event: navigation; timestamp: 0; robot: 5; time: 9.55357; src: (0, 0); dst: (-24.173, 41.1999)
event: battery_consumption; timestamp: 0; robot: 4; time: 9.55357; initial_level: 100; final_level: 99.0446
event: navigation; timestamp: 0; robot: 4; time: 9.55357; src: (0, 0); dst: (-24.173, 41.1999)
event: battery_consumption; timestamp: 0; robot: 3; time: 19.5399; initial_level: 100; final_level: 98.046
event: navigation; timestamp: 0; robot: 3; time: 19.5399; src: (0, 0); dst: (-70.0709, -68.0831)
event: task_execution; timestamp: 9.55357; task: 11; robot: 4; pos: (-24.173, 41.1999); time: 97.2089
event: battery_consumption; timestamp: 9.55357; robot: 4; time: 97.2089; initial_level: 99.0446; final_level: 1.83573
event: task_execution; timestamp: 9.55357; task: 11; robot: 5; pos: (-24.173, 41.1999); time: 97.2089
event: battery_consumption; timestamp: 9.55357; robot: 5; time: 97.2089; initial_level: 99.0446; final_level: 1.83573
event: task_resolution; timestamp: 106.762; task: 11; pos: (-24.173, 41.1999); status: COMPLETED; attempt: 1
event: battery_consumption; timestamp: 106.762; robot: 5; time: 4.89776; initial_level: 1.83573; final_level: 1.34596
event: navigation; timestamp: 106.762; robot: 5; time: 4.89776; src: (-24.173, 41.1999); dst: (-1.29451, 32.4663)
event: battery_consumption; timestamp: 106.762; robot: 4; time: 16.2143; initial_level: 1.83573; final_level: 0.214298
event: navigation; timestamp: 106.762; robot: 4; time: 16.2143; src: (-24.173, 41.1999); dst: (56.8755, 43.1394)
event: task_execution; timestamp: 122.977; task: 10; robot: 2; pos: (56.8755, 43.1394); time: 0.214298
event: battery_consumption; timestamp: 122.977; robot: 2; time: 0.214298; initial_level: 98.5723; final_level: 88.5723
event: task_execution; timestamp: 122.977; task: 10; robot: 4; pos: (56.8755, 43.1394); time: 0.214298
event: battery_consumption; timestamp: 122.977; robot: 4; time: 0.214298; initial_level: 0.214298; final_level: -9.7857
event: robot_failed; timestamp: 123.191; robot: 4; pos: (56.8755, 43.1394)
event: task_resolution; timestamp: 123.191; task: 10; pos: (56.8755, 43.1394); status: FAILED; attempt: 1
event: battery_consumption; timestamp: 123.191; robot: 2; time: 39.6956; initial_level: 88.5723; final_level: 84.6027
event: navigation; timestamp: 123.191; robot: 2; time: 39.6956; src: (56.8755, 43.1394); dst: (-87.1468, -93.4297)
event: battery_consumption; timestamp: 540; robot: 5; time: 12.6485; initial_level: 1.34596; final_level: 0.081111
event: navigation; timestamp: 540; robot: 5; time: 12.6485; src: (-1.29451, 32.4663); dst: (-29.5006, -24.1376)
event: battery_consumption; timestamp: 540; robot: 6; time: 8.2039; initial_level: 98.1518; final_level: 97.3314
event: navigation; timestamp: 540; robot: 6; time: 8.2039; src: (-74.758, -54.3258); dst: (-87.1468, -93.4297)
event: task_execution; timestamp: 548.204; task: 6; robot: 2; pos: (-87.1468, -93.4297); time: 0
event: battery_consumption; timestamp: 548.204; robot: 2; time: 0; initial_level: 84.6027; final_level: 74.6027
event: task_execution; timestamp: 548.204; task: 6; robot: 6; pos: (-87.1468, -93.4297); time: 0
event: battery_consumption; timestamp: 548.204; robot: 6; time: 0; initial_level: 97.3314; final_level: 87.3314
event: task_resolution; timestamp: 548.204; task: 6; pos: (-87.1468, -93.4297); status: FAILED; attempt: 1
event: battery_consumption; timestamp: 548.204; robot: 6; time: 18.0272; initial_level: 87.3314; final_level: 85.5286
event: navigation; timestamp: 548.204; robot: 6; time: 18.0272; src: (-87.1468, -93.4297); dst: (-29.5006, -24.1376)
event: battery_consumption; timestamp: 548.204; robot: 2; time: 33.3582; initial_level: 74.6027; final_level: 71.2669
event: navigation; timestamp: 548.204; robot: 2; time: 33.3582; src: (-87.1468, -93.4297); dst: (60.5478, -15.9338)
event: task_execution; timestamp: 566.231; task: 3; robot: 5; pos: (-29.5006, -24.1376); time: 0.081111
event: battery_consumption; timestamp: 566.231; robot: 5; time: 0.081111; initial_level: 0.081111; final_level: -9.91889
event: robot_failed; timestamp: 566.312; robot: 5; pos: (-29.5006, -24.1376)
event: task_execution; timestamp: 566.231; task: 3; robot: 6; pos: (-29.5006, -24.1376); time: 0.081111
event: battery_consumption; timestamp: 566.231; robot: 6; time: 0.081111; initial_level: 85.5286; final_level: 75.5286
event: task_resolution; timestamp: 566.312; task: 3; pos: (-29.5006, -24.1376); status: FAILED; attempt: 1
event: battery_consumption; timestamp: 566.312; robot: 6; time: 14.596; initial_level: 75.5286; final_level: 74.069
event: navigation; timestamp: 566.312; robot: 6; time: 14.596; src: (-29.5006, -24.1376); dst: (-17.4248, -96.1114)
event: task_execution; timestamp: 581.562; task: 9; robot: 2; pos: (60.5478, -15.9338); time: 0
event: battery_consumption; timestamp: 581.562; robot: 2; time: 0; initial_level: 71.2669; final_level: 71.2669
event: task_resolution; timestamp: 581.562; task: 9; pos: (60.5478, -15.9338); status: COMPLETED; attempt: 1
event: battery_consumption; timestamp: 581.562; robot: 2; time: 28.1288; initial_level: 71.2669; final_level: 68.454
event: navigation; timestamp: 581.562; robot: 2; time: 28.1288; src: (60.5478, -15.9338); dst: (-70.0709, -68.0831)
event: task_execution; timestamp: 609.691; task: 1; robot: 1; pos: (-70.0709, -68.0831); time: 68.454
event: battery_consumption; timestamp: 609.691; robot: 1; time: 68.454; initial_level: 98.046; final_level: 88.046
event: task_execution; timestamp: 609.691; task: 1; robot: 2; pos: (-70.0709, -68.0831); time: 68.454
event: battery_consumption; timestamp: 609.691; robot: 2; time: 68.454; initial_level: 68.454; final_level: 58.454
event: task_execution; timestamp: 609.691; task: 1; robot: 3; pos: (-70.0709, -68.0831); time: 68.454
event: battery_consumption; timestamp: 609.691; robot: 3; time: 68.454; initial_level: 98.046; final_level: 88.046
event: task_resolution; timestamp: 678.145; task: 1; pos: (-70.0709, -68.0831); status: FAILED; attempt: 1
event: battery_consumption; timestamp: 678.145; robot: 3; time: 11.9284; initial_level: 88.046; final_level: 86.8532
event: navigation; timestamp: 678.145; robot: 3; time: 11.9284; src: (-70.0709, -68.0831); dst: (-17.4248, -96.1114)
event: battery_consumption; timestamp: 678.145; robot: 2; time: 11.9284; initial_level: 58.454; final_level: 57.2612
event: navigation; timestamp: 678.145; robot: 2; time: 11.9284; src: (-70.0709, -68.0831); dst: (-17.4248, -96.1114)
event: battery_consumption; timestamp: 678.145; robot: 1; time: 29.5108; initial_level: 88.046; final_level: 85.0949
event: navigation; timestamp: 678.145; robot: 1; time: 29.5108; src: (-70.0709, -68.0831); dst: (72.2993, -29.315)
event: task_execution; timestamp: 690.073; task: 2; robot: 2; pos: (-17.4248, -96.1114); time: 0
event: battery_consumption; timestamp: 690.073; robot: 2; time: 0; initial_level: 57.2612; final_level: 57.2612
event: task_execution; timestamp: 690.073; task: 2; robot: 3; pos: (-17.4248, -96.1114); time: 0
event: battery_consumption; timestamp: 690.073; robot: 3; time: 0; initial_level: 86.8532; final_level: 86.8532
event: task_execution; timestamp: 690.073; task: 2; robot: 6; pos: (-17.4248, -96.1114); time: 0
event: battery_consumption; timestamp: 690.073; robot: 6; time: 0; initial_level: 74.069; final_level: 74.069
event: task_resolution; timestamp: 690.073; task: 2; pos: (-17.4248, -96.1114); status: COMPLETED; attempt: 1
event: battery_consumption; timestamp: 690.073; robot: 2; time: 19.5356; initial_level: 57.2612; final_level: 55.3076
event: navigation; timestamp: 690.073; robot: 2; time: 19.5356; src: (-17.4248, -96.1114); dst: (0, 0)
event: robot_finished; timestamp: 709.609; robot: 2; pos: (0, 0); battery: 55.3076
event: battery_consumption; timestamp: 690.073; robot: 3; time: 19.5356; initial_level: 86.8532; final_level: 84.8996
event: navigation; timestamp: 690.073; robot: 3; time: 19.5356; src: (-17.4248, -96.1114); dst: (0, 0)
event: robot_finished; timestamp: 709.609; robot: 3; pos: (0, 0); battery: 84.8996
event: battery_consumption; timestamp: 690.073; robot: 6; time: 19.5356; initial_level: 74.069; final_level: 72.1155
event: navigation; timestamp: 690.073; robot: 6; time: 19.5356; src: (-17.4248, -96.1114); dst: (0, 0)
event: robot_finished; timestamp: 709.609; robot: 6; pos: (0, 0); battery: 72.1155
event: task_execution; timestamp: 707.656; task: 12; robot: 1; pos: (72.2993, -29.315); time: 0
event: battery_consumption; timestamp: 707.656; robot: 1; time: 0; initial_level: 85.0949; final_level: 75.0949
event: task_resolution; timestamp: 707.656; task: 12; pos: (72.2993, -29.315); status: FAILED; attempt: 1
event: battery_consumption; timestamp: 707.656; robot: 1; time: 15.6033; initial_level: 75.0949; final_level: 73.5346
event: navigation; timestamp: 707.656; robot: 1; time: 15.6033; src: (72.2993, -29.315); dst: (0, 0)
event: robot_finished; timestamp: 723.259; robot: 1; pos: (0, 0); battery: 73.5346
metric: available_agents; value: 0
metric: failed_agents; value: 2
metric: finished_agents; value: 4
metric: completed_tasks; value: 3
metric: pending_tasks; value: 0
metric: failed_tasks; value: 9
metric: average_robot_makespan; value: 590.265
metric: sd_robot_makespan; value: 236.283
metric: max_robot_makespan; value: 723.259
metric: min_robot_makespan; value: 123.191
metric: average_robot_travel_distance; value: 328.579
metric: sd_robot_travel_distance; value: 224.407
metric: max_robot_travel_distance; value: 734.619
metric: min_robot_travel_distance; value: 128.84
metric: sum_robot_travel_distance; value: 1971.47
metric: average_completed_tasks_by_robot; value: 0
metric: sd_completed_tasks_by_robot; value: 0
metric: max_completed_tasks_by_robot; value: 0
metric: min_completed_tasks_by_robot; value: 0
metric: final_reward; value: 0.25
metric: computing_time; value: 0.00231501
