info: solver_name; value: cbba
info: reward_function; value: reward00
info: replica; value: 14
info: filename; value: ../logs/prueba/scenario_12_06_01_cbba_reward00_014.log
info: scenario_name; value: scenario_12_06_01
info: scenario_name; value: scenario_12_06_01
info: number_of_tasks; value: 12
info: number_of_robots; value: 6
info: number_of_recharging_stations; value: 1
info: scenario_size; value: (200,200)
event: recharging_station_spawn; timestamp: 0; recharging_station: 1; pos: (0, 0)
event: task_spawn; timestamp: 0; task: 1; pos: (-70.0709, -68.0831); earliest_start: 0; latest_start: 1080; state: PENDING; required_workers: 3; success_prob: 0.8; max_attempts: 1
event: task_spawn; timestamp: 0; task: 2; pos: (-17.4248, -96.1114); earliest_start: 0; latest_start: 810; state: PENDING; required_workers: 3; success_prob: 0.8; max_attempts: 1
event: task_spawn; timestamp: 0; task: 3; pos: (-29.5006, -24.1376); earliest_start: 0; latest_start: 1080; state: PENDING; required_workers: 2; success_prob: 0.8; max_attempts: 1
event: task_spawn; timestamp: 0; task: 4; pos: (6.58351, -36.5381); earliest_start: 0; latest_start: 540; state: PENDING; required_workers: 1; success_prob: 0.8; max_attempts: 1
event: task_spawn; timestamp: 0; task: 5; pos: (-46.7684, -52.5449); earliest_start: 0; latest_start: 540; state: PENDING; required_workers: 3; success_prob: 0.8; max_attempts: 1
event: task_spawn; timestamp: 0; task: 6; pos: (-87.1468, -93.4297); earliest_start: 0; latest_start: 810; state: PENDING; required_workers: 2; success_prob: 0.8; max_attempts: 1
event: task_spawn; timestamp: 0; task: 7; pos: (-74.758, -54.3258); earliest_start: 0; latest_start: 540; state: PENDING; required_workers: 2; success_prob: 0.8; max_attempts: 1
event: task_spawn; timestamp: 0; task: 8; pos: (-1.29451, 32.4663); earliest_start: 0; latest_start: 540; state: PENDING; required_workers: 2; success_prob: 0.8; max_attempts: 1
event: task_spawn; timestamp: 0; task: 9; pos: (60.5478, -15.9338); earliest_start: 0; latest_start: 1080; state: PENDING; required_workers: 1; success_prob: 0.8; max_attempts: 1
event: task_spawn; timestamp: 0; task: 10; pos: (56.8755, 43.1394); earliest_start: 0; latest_start: 810; state: PENDING; required_workers: 2; success_prob: 0.8; max_attempts: 1
event: task_spawn; timestamp: 0; task: 11; pos: (-24.173, 41.1999); earliest_start: 0; latest_start: 540; state: PENDING; required_workers: 2; success_prob: 0.8; max_attempts: 1
event: task_spawn; timestamp: 0; task: 12; pos: (72.2993, -29.315); earliest_start: 0; latest_start: 1080; state: PENDING; required_workers: 1; success_prob: 0.8; max_attempts: 1
event: robot_spawn; timestamp: 0; robot: 1; pos: (0, 0); state: AVAILABLE; battery_level: 100; battery_capacity: 100; velocity: 5; battery_rate_nav: 0.1
event: robot_spawn; timestamp: 0; robot: 2; pos: (0, 0); state: AVAILABLE; battery_level: 100; battery_capacity: 100; velocity: 5; battery_rate_nav: 0.1
event: robot_spawn; timestamp: 0; robot: 3; pos: (0, 0); state: AVAILABLE; battery_level: 100; battery_capacity: 100; velocity: 5; battery_rate_nav: 0.1
event: robot_spawn; timestamp: 0; robot: 4; pos: (0, 0); state: AVAILABLE; battery_level: 100; battery_capacity: 100; velocity: 5; battery_rate_nav: 0.1
event: robot_spawn; timestamp: 0; robot: 5; pos: (0, 0); state: AVAILABLE; battery_level: 100; battery_capacity: 100; velocity: 5; battery_rate_nav: 0.1
event: robot_spawn; timestamp: 0; robot: 6; pos: (0, 0); state: AVAILABLE; battery_level: 100; battery_capacity: 100; velocity: 5; battery_rate_nav: 0.1
event: battery_consumption; timestamp: 0; robot: 6; time: 6.49842; initial_level: 100; final_level: 99.3502
event: navigation; timestamp: 0; robot: 6; time: 6.49842; src: (0, 0); dst: (-1.29451, 32.4663)
event: battery_consumption; timestamp: 0; robot: 3; time: 6.49842; initial_level: 100; final_level: 99.3502
event: navigation; timestamp: 0; robot: 3; time: 6.49842; src: (0, 0); dst: (-1.29451, 32.4663)
event: battery_consumption; timestamp: 0; robot: 4; time: 7.4253; initial_level: 100; final_level: 99.2575
event: navigation; timestamp: 0; robot: 4; time: 7.4253; src: (0, 0); dst: (6.58351, -36.5381)
event: battery_consumption; timestamp: 0; robot: 5; time: 7.62341; initial_level: 100; final_level: 99.2377
event: navigation; timestamp: 0; robot: 5; time: 7.62341; src: (0, 0); dst: (-29.5006, -24.1376)
event: battery_consumption; timestamp: 0; robot: 2; time: 7.62341; initial_level: 100; final_level: 99.2377
event: navigation; timestamp: 0; robot: 2; time: 7.62341; src: (0, 0); dst: (-29.5006, -24.1376)
event: battery_consumption; timestamp: 0; robot: 1; time: 9.55357; initial_level: 100; final_level: 99.0446
event: navigation; timestamp: 0; robot: 1; time: 9.55357; src: (0, 0); dst: (-24.173, 41.1999)
event: task_execution; timestamp: 7.4253; task: 4; robot: 4; pos: (6.58351, -36.5381); time: 0
event: battery_consumption; timestamp: 7.4253; robot: 4; time: 0; initial_level: 99.2575; final_level: 89.2575
event: task_resolution; timestamp: 7.4253; task: 4; pos: (6.58351, -36.5381); status: FAILED; attempt: 1
event: battery_consumption; timestamp: 7.4253; robot: 4; time: 11.1403; initial_level: 89.2575; final_level: 88.1434
event: navigation; timestamp: 7.4253; robot: 4; time: 11.1403; src: (6.58351, -36.5381); dst: (-46.7684, -52.5449)
event: task_execution; timestamp: 7.62341; task: 3; robot: 2; pos: (-29.5006, -24.1376); time: 0
event: battery_consumption; timestamp: 7.62341; robot: 2; time: 0; initial_level: 99.2377; final_level: 99.2377
event: task_execution; timestamp: 7.62341; task: 3; robot: 5; pos: (-29.5006, -24.1376); time: 0
event: battery_consumption; timestamp: 7.62341; robot: 5; time: 0; initial_level: 99.2377; final_level: 99.2377
event: task_resolution; timestamp: 7.62341; task: 3; pos: (-29.5006, -24.1376); status: COMPLETED; attempt: 1
event: battery_consumption; timestamp: 7.62341; robot: 2; time: 6.64876; initial_level: 99.2377; final_level: 98.5728
event: navigation; timestamp: 7.62341; robot: 2; time: 6.64876; src: (-29.5006, -24.1376); dst: (-46.7684, -52.5449)
event: battery_consumption; timestamp: 7.62341; robot: 5; time: 6.64876; initial_level: 99.2377; final_level: 98.5728
event: navigation; timestamp: 7.62341; robot: 5; time: 6.64876; src: (-29.5006, -24.1376); dst: (-46.7684, -52.5449)
event: task_execution; timestamp: 18.5656; task: 5; robot: 2; pos: (-46.7684, -52.5449); time: 0
event: battery_consumption; timestamp: 18.5656; robot: 2; time: 0; initial_level: 98.5728; final_level: 98.5728
event: task_execution; timestamp: 18.5656; task: 5; robot: 4; pos: (-46.7684, -52.5449); time: 0
event: battery_consumption; timestamp: 18.5656; robot: 4; time: 0; initial_level: 88.1434; final_level: 88.1434
event: task_execution; timestamp: 18.5656; task: 5; robot: 5; pos: (-46.7684, -52.5449); time: 0
event: battery_consumption; timestamp: 18.5656; robot: 5; time: 0; initial_level: 98.5728; final_level: 98.5728
event: task_resolution; timestamp: 18.5656; task: 5; pos: (-46.7684, -52.5449); status: COMPLETED; attempt: 1
event: battery_consumption; timestamp: 18.5656; robot: 2; time: 5.60158; initial_level: 98.5728; final_level: 98.0126
event: navigation; timestamp: 18.5656; robot: 2; time: 5.60158; src: (-46.7684, -52.5449); dst: (-70.0709, -68.0831)
event: battery_consumption; timestamp: 18.5656; robot: 4; time: 5.60158; initial_level: 88.1434; final_level: 87.5833
event: navigation; timestamp: 18.5656; robot: 4; time: 5.60158; src: (-46.7684, -52.5449); dst: (-70.0709, -68.0831)
event: battery_consumption; timestamp: 18.5656; robot: 5; time: 5.60158; initial_level: 98.5728; final_level: 98.0126
event: navigation; timestamp: 18.5656; robot: 5; time: 5.60158; src: (-46.7684, -52.5449); dst: (-70.0709, -68.0831)
event: task_execution; timestamp: 24.1672; task: 1; robot: 2; pos: (-70.0709, -68.0831); time: 0
event: battery_consumption; timestamp: 24.1672; robot: 2; time: 0; initial_level: 98.0126; final_level: 88.0126
event: task_execution; timestamp: 24.1672; task: 1; robot: 4; pos: (-70.0709, -68.0831); time: 0
event: battery_consumption; timestamp: 24.1672; robot: 4; time: 0; initial_level: 87.5833; final_level: 77.5833
event: task_execution; timestamp: 24.1672; task: 1; robot: 5; pos: (-70.0709, -68.0831); time: 0
event: battery_consumption; timestamp: 24.1672; robot: 5; time: 0; initial_level: 98.0126; final_level: 88.0126
event: task_resolution; timestamp: 24.1672; task: 1; pos: (-70.0709, -68.0831); status: FAILED; attempt: 1
event: battery_consumption; timestamp: 24.1672; robot: 4; time: 2.90677; initial_level: 77.5833; final_level: 77.2926
event: navigation; timestamp: 24.1672; robot: 4; time: 2.90677; src: (-70.0709, -68.0831); dst: (-74.758, -54.3258)
event: battery_consumption; timestamp: 24.1672; robot: 2; time: 2.90677; initial_level: 88.0126; final_level: 87.7219
event: navigation; timestamp: 24.1672; robot: 2; time: 2.90677; src: (-70.0709, -68.0831); dst: (-74.758, -54.3258)
event: battery_consumption; timestamp: 24.1672; robot: 5; time: 6.1124; initial_level: 88.0126; final_level: 87.4014
event: navigation; timestamp: 24.1672; robot: 5; time: 6.1124; src: (-70.0709, -68.0831); dst: (-87.1468, -93.4297)
event: task_execution; timestamp: 6.49842; task: 8; robot: 3; pos: (-1.29451, 32.4663); time: 23.5782
event: battery_consumption; timestamp: 6.49842; robot: 3; time: 23.5782; initial_level: 99.3502; final_level: 75.772
event: task_execution; timestamp: 6.49842; task: 8; robot: 6; pos: (-1.29451, 32.4663); time: 23.5782
event: battery_consumption; timestamp: 6.49842; robot: 6; time: 23.5782; initial_level: 99.3502; final_level: 75.772
event: task_resolution; timestamp: 30.0766; task: 8; pos: (-1.29451, 32.4663); status: COMPLETED; attempt: 1
event: battery_consumption; timestamp: 30.0766; robot: 6; time: 4.89776; initial_level: 75.772; final_level: 75.2822
event: navigation; timestamp: 30.0766; robot: 6; time: 4.89776; src: (-1.29451, 32.4663); dst: (-24.173, 41.1999)
event: battery_consumption; timestamp: 30.0766; robot: 3; time: 11.8282; initial_level: 75.772; final_level: 74.5892
event: navigation; timestamp: 30.0766; robot: 3; time: 11.8282; src: (-1.29451, 32.4663); dst: (56.8755, 43.1394)
event: task_execution; timestamp: 27.0739; task: 7; robot: 2; pos: (-74.758, -54.3258); time: 42.5461
event: battery_consumption; timestamp: 27.0739; robot: 2; time: 42.5461; initial_level: 87.7219; final_level: 45.1758
event: task_execution; timestamp: 27.0739; task: 7; robot: 4; pos: (-74.758, -54.3258); time: 42.5461
event: battery_consumption; timestamp: 27.0739; robot: 4; time: 42.5461; initial_level: 77.2926; final_level: 34.7465
event: task_resolution; timestamp: 69.62; task: 7; pos: (-74.758, -54.3258); status: COMPLETED; attempt: 1
event: battery_consumption; timestamp: 69.62; robot: 4; time: 8.2039; initial_level: 34.7465; final_level: 33.9261
event: navigation; timestamp: 69.62; robot: 4; time: 8.2039; src: (-74.758, -54.3258); dst: (-87.1468, -93.4297)
event: battery_consumption; timestamp: 69.62; robot: 2; time: 14.1889; initial_level: 45.1758; final_level: 43.7569
event: navigation; timestamp: 69.62; robot: 2; time: 14.1889; src: (-74.758, -54.3258); dst: (-17.4248, -96.1114)
event: task_execution; timestamp: 77.8239; task: 6; robot: 4; pos: (-87.1468, -93.4297); time: 0
event: battery_consumption; timestamp: 77.8239; robot: 4; time: 0; initial_level: 33.9261; final_level: 23.9261
event: task_execution; timestamp: 77.8239; task: 6; robot: 5; pos: (-87.1468, -93.4297); time: 0
event: battery_consumption; timestamp: 77.8239; robot: 5; time: 0; initial_level: 87.4014; final_level: 77.4014
event: task_resolution; timestamp: 77.8239; task: 6; pos: (-87.1468, -93.4297); status: FAILED; attempt: 1
event: battery_consumption; timestamp: 77.8239; robot: 4; time: 13.9547; initial_level: 23.9261; final_level: 22.5306
event: navigation; timestamp: 77.8239; robot: 4; time: 13.9547; src: (-87.1468, -93.4297); dst: (-17.4248, -96.1114)
event: battery_consumption; timestamp: 77.8239; robot: 5; time: 13.9547; initial_level: 77.4014; final_level: 76.0059
event: navigation; timestamp: 77.8239; robot: 5; time: 13.9547; src: (-87.1468, -93.4297); dst: (-17.4248, -96.1114)
event: task_execution; timestamp: 34.9743; task: 11; robot: 1; pos: (-24.173, 41.1999); time: 75.2822
event: battery_consumption; timestamp: 34.9743; robot: 1; time: 75.2822; initial_level: 99.0446; final_level: 89.0446
event: task_execution; timestamp: 34.9743; task: 11; robot: 6; pos: (-24.173, 41.1999); time: 75.2822
event: battery_consumption; timestamp: 34.9743; robot: 6; time: 75.2822; initial_level: 75.2822; final_level: 65.2822
event: task_resolution; timestamp: 110.257; task: 11; pos: (-24.173, 41.1999); status: FAILED; attempt: 1
event: battery_consumption; timestamp: 110.257; robot: 1; time: 16.2143; initial_level: 89.0446; final_level: 87.4232
event: navigation; timestamp: 110.257; robot: 1; time: 16.2143; src: (-24.173, 41.1999); dst: (56.8755, 43.1394)
event: battery_consumption; timestamp: 110.257; robot: 6; time: 20.4371; initial_level: 65.2822; final_level: 63.2385
event: navigation; timestamp: 110.257; robot: 6; time: 20.4371; src: (-24.173, 41.1999); dst: (60.5478, -15.9338)
event: task_execution; timestamp: 91.7787; task: 2; robot: 2; pos: (-17.4248, -96.1114); time: 22.5306
event: battery_consumption; timestamp: 91.7787; robot: 2; time: 22.5306; initial_level: 43.7569; final_level: 33.7569
event: task_execution; timestamp: 91.7787; task: 2; robot: 4; pos: (-17.4248, -96.1114); time: 22.5306
event: battery_consumption; timestamp: 91.7787; robot: 4; time: 22.5306; initial_level: 22.5306; final_level: 12.5306
event: task_execution; timestamp: 91.7787; task: 2; robot: 5; pos: (-17.4248, -96.1114); time: 22.5306
event: battery_consumption; timestamp: 91.7787; robot: 5; time: 22.5306; initial_level: 76.0059; final_level: 66.0059
event: task_resolution; timestamp: 114.309; task: 2; pos: (-17.4248, -96.1114); status: FAILED; attempt: 1
event: battery_consumption; timestamp: 114.309; robot: 5; time: 22.3716; initial_level: 66.0059; final_level: 63.7688
event: navigation; timestamp: 114.309; robot: 5; time: 22.3716; src: (-17.4248, -96.1114); dst: (72.2993, -29.315)
event: battery_consumption; timestamp: 114.309; robot: 4; time: 19.5356; initial_level: 12.5306; final_level: 10.5771
event: navigation; timestamp: 114.309; robot: 4; time: 19.5356; src: (-17.4248, -96.1114); dst: (0, 0)
event: robot_finished; timestamp: 133.845; robot: 4; pos: (0, 0); battery: 10.5771
event: battery_consumption; timestamp: 114.309; robot: 2; time: 19.5356; initial_level: 33.7569; final_level: 31.8034
event: navigation; timestamp: 114.309; robot: 2; time: 19.5356; src: (-17.4248, -96.1114); dst: (0, 0)
event: robot_finished; timestamp: 133.845; robot: 2; pos: (0, 0); battery: 31.8034
event: task_execution; timestamp: 126.471; task: 10; robot: 1; pos: (56.8755, 43.1394); time: 0
event: battery_consumption; timestamp: 126.471; robot: 1; time: 0; initial_level: 87.4232; final_level: 87.4232
event: task_execution; timestamp: 126.471; task: 10; robot: 3; pos: (56.8755, 43.1394); time: 0
event: battery_consumption; timestamp: 126.471; robot: 3; time: 0; initial_level: 74.5892; final_level: 74.5892
event: task_resolution; timestamp: 126.471; task: 10; pos: (56.8755, 43.1394); status: COMPLETED; attempt: 1
event: battery_consumption; timestamp: 126.471; robot: 1; time: 14.277; initial_level: 87.4232; final_level: 85.9955
event: navigation; timestamp: 126.471; robot: 1; time: 14.277; src: (56.8755, 43.1394); dst: (0, 0)
event: robot_finished; timestamp: 140.748; robot: 1; pos: (0, 0); battery: 85.9955
event: battery_consumption; timestamp: 126.471; robot: 3; time: 14.277; initial_level: 74.5892; final_level: 73.1615
event: navigation; timestamp: 126.471; robot: 3; time: 14.277; src: (56.8755, 43.1394); dst: (0, 0)
event: robot_finished; timestamp: 140.748; robot: 3; pos: (0, 0); battery: 73.1615
event: task_execution; timestamp: 130.694; task: 9; robot: 6; pos: (60.5478, -15.9338); time: 0
event: battery_consumption; timestamp: 130.694; robot: 6; time: 0; initial_level: 63.2385; final_level: 63.2385
event: task_resolution; timestamp: 130.694; task: 9; pos: (60.5478, -15.9338); status: COMPLETED; attempt: 1
event: battery_consumption; timestamp: 130.694; robot: 6; time: 12.5219; initial_level: 63.2385; final_level: 61.9863
event: navigation; timestamp: 130.694; robot: 6; time: 12.5219; src: (60.5478, -15.9338); dst: (0, 0)
event: robot_finished; timestamp: 143.216; robot: 6; pos: (0, 0); battery: 61.9863
event: task_execution; timestamp: 136.681; task: 12; robot: 5; pos: (72.2993, -29.315); time: 0
event: battery_consumption; timestamp: 136.681; robot: 5; time: 0; initial_level: 63.7688; final_level: 63.7688
event: task_resolution; timestamp: 136.681; task: 12; pos: (72.2993, -29.315); status: COMPLETED; attempt: 1
event: battery_consumption; timestamp: 136.681; robot: 5; time: 15.6033; initial_level: 63.7688; final_level: 62.2084
event: navigation; timestamp: 136.681; robot: 5; time: 15.6033; src: (72.2993, -29.315); dst: (0, 0)
event: robot_finished; timestamp: 152.284; robot: 5; pos: (0, 0); battery: 62.2084
metric: available_agents; value: 0
metric: failed_agents; value: 0
metric: finished_agents; value: 6
metric: completed_tasks; value: 7
metric: pending_tasks; value: 0
metric: failed_tasks; value: 5
metric: average_robot_makespan; value: 140.781
metric: sd_robot_makespan; value: 6.84791
metric: max_robot_makespan; value: 152.284
metric: min_robot_makespan; value: 133.845
metric: average_robot_travel_distance; value: 266.827
metric: sd_robot_travel_distance; value: 87.7351
metric: max_robot_travel_distance; value: 389.579
metric: min_robot_travel_distance; value: 163.018
metric: sum_robot_travel_distance; value: 1600.96
metric: average_completed_tasks_by_robot; value: 0
metric: sd_completed_tasks_by_robot; value: 0
metric: max_completed_tasks_by_robot; value: 0
metric: min_completed_tasks_by_robot; value: 0
metric: final_reward; value: 0.583333
metric: computing_time; value: 0.0199667
