info: solver_name; value: greedy
info: reward_function; value: reward00
info: replica; value: 1
info: filename; value: ../logs/prueba/scenario_10t_05_3r_greedy_reward00_001.log
info: scenario_name; value: scenario_10t_05_3r
info: scenario_name; value: scenario_10t_05_3r
info: number_of_tasks; value: 10
info: number_of_robots; value: 3
info: number_of_recharging_stations; value: 1
info: scenario_size; value: (200,200)
event: recharging_station_spawn; timestamp: 0; recharging_station: 1; pos: (0, 0)
event: task_spawn; timestamp: 0; task: 1; pos: (73, -33); earliest_start: 0; latest_start: 630; state: PENDING; required_workers: 3; success_prob: 0.7; max_attempts: 1
event: task_spawn; timestamp: 0; task: 2; pos: (55, -32); earliest_start: 0; latest_start: 270; state: PENDING; required_workers: 3; success_prob: 0.6; max_attempts: 1
event: task_spawn; timestamp: 0; task: 3; pos: (-51, 63); earliest_start: 0; latest_start: 900; state: PENDING; required_workers: 3; success_prob: 0.7; max_attempts: 1
event: task_spawn; timestamp: 0; task: 4; pos: (-87, 67); earliest_start: 0; latest_start: 360; state: PENDING; required_workers: 2; success_prob: 0.8; max_attempts: 1
event: task_spawn; timestamp: 0; task: 5; pos: (2, 42); earliest_start: 0; latest_start: 810; state: PENDING; required_workers: 2; success_prob: 0.9; max_attempts: 1
event: task_spawn; timestamp: 0; task: 6; pos: (49, 10); earliest_start: 0; latest_start: 270; state: PENDING; required_workers: 2; success_prob: 0.9; max_attempts: 1
event: task_spawn; timestamp: 0; task: 7; pos: (83, 98); earliest_start: 0; latest_start: 360; state: PENDING; required_workers: 3; success_prob: 0.8; max_attempts: 1
event: task_spawn; timestamp: 0; task: 8; pos: (-28, 43); earliest_start: 0; latest_start: 810; state: PENDING; required_workers: 2; success_prob: 0.7; max_attempts: 1
event: task_spawn; timestamp: 0; task: 9; pos: (-32, 70); earliest_start: 0; latest_start: 360; state: PENDING; required_workers: 2; success_prob: 0.6; max_attempts: 1
event: task_spawn; timestamp: 0; task: 10; pos: (-19, -50); earliest_start: 0; latest_start: 720; state: PENDING; required_workers: 3; success_prob: 0.9; max_attempts: 1
event: robot_spawn; timestamp: 0; robot: 1; pos: (0, 0); state: AVAILABLE; battery_level: 100; battery_capacity: 100; velocity: 5; battery_rate_nav: 0.1
event: robot_spawn; timestamp: 0; robot: 2; pos: (0, 0); state: AVAILABLE; battery_level: 100; battery_capacity: 100; velocity: 5; battery_rate_nav: 0.1
event: robot_spawn; timestamp: 0; robot: 3; pos: (0, 0); state: AVAILABLE; battery_level: 100; battery_capacity: 100; velocity: 5; battery_rate_nav: 0.1
event: battery_consumption; timestamp: 0; robot: 2; time: 8.40952; initial_level: 100; final_level: 99.159
event: navigation; timestamp: 0; robot: 2; time: 8.40952; src: (0, 0); dst: (2, 42)
event: battery_consumption; timestamp: 0; robot: 1; time: 8.40952; initial_level: 100; final_level: 99.159
event: navigation; timestamp: 0; robot: 1; time: 8.40952; src: (0, 0); dst: (2, 42)
event: battery_consumption; timestamp: 0; robot: 3; time: 10.002; initial_level: 100; final_level: 98.9998
event: navigation; timestamp: 0; robot: 3; time: 10.002; src: (0, 0); dst: (49, 10)
event: task_execution; timestamp: 8.40952; task: 5; robot: 1; pos: (2, 42); time: 35.5253
event: battery_consumption; timestamp: 8.40952; robot: 1; time: 35.5253; initial_level: 99.159; final_level: 63.6338
event: task_execution; timestamp: 8.40952; task: 5; robot: 2; pos: (2, 42); time: 35.5253
event: battery_consumption; timestamp: 8.40952; robot: 2; time: 35.5253; initial_level: 99.159; final_level: 63.6338
event: task_resolution; timestamp: 43.9348; task: 5; pos: (2, 42); status: COMPLETED; attempt: 1
event: battery_consumption; timestamp: 43.9348; robot: 2; time: 6.00333; initial_level: 63.6338; final_level: 63.0334
event: navigation; timestamp: 43.9348; robot: 2; time: 6.00333; src: (2, 42); dst: (-28, 43)
event: battery_consumption; timestamp: 43.9348; robot: 1; time: 6.00333; initial_level: 63.6338; final_level: 63.0334
event: navigation; timestamp: 43.9348; robot: 1; time: 6.00333; src: (2, 42); dst: (-28, 43)
event: task_execution; timestamp: 49.9381; task: 8; robot: 1; pos: (-28, 43); time: 0
event: battery_consumption; timestamp: 49.9381; robot: 1; time: 0; initial_level: 63.0334; final_level: 53.0334
event: task_execution; timestamp: 49.9381; task: 8; robot: 2; pos: (-28, 43); time: 0
event: battery_consumption; timestamp: 49.9381; robot: 2; time: 0; initial_level: 63.0334; final_level: 53.0334
event: task_resolution; timestamp: 49.9381; task: 8; pos: (-28, 43); status: FAILED; attempt: 1
event: battery_consumption; timestamp: 49.9381; robot: 2; time: 5.45894; initial_level: 53.0334; final_level: 52.4875
event: navigation; timestamp: 49.9381; robot: 2; time: 5.45894; src: (-28, 43); dst: (-32, 70)
event: battery_consumption; timestamp: 49.9381; robot: 1; time: 5.45894; initial_level: 53.0334; final_level: 52.4875
event: navigation; timestamp: 49.9381; robot: 1; time: 5.45894; src: (-28, 43); dst: (-32, 70)
event: task_execution; timestamp: 55.3971; task: 9; robot: 1; pos: (-32, 70); time: 0
event: battery_consumption; timestamp: 55.3971; robot: 1; time: 0; initial_level: 52.4875; final_level: 42.4875
event: task_execution; timestamp: 55.3971; task: 9; robot: 2; pos: (-32, 70); time: 0
event: battery_consumption; timestamp: 55.3971; robot: 2; time: 0; initial_level: 52.4875; final_level: 42.4875
event: task_resolution; timestamp: 55.3971; task: 9; pos: (-32, 70); status: FAILED; attempt: 1
event: battery_consumption; timestamp: 55.3971; robot: 2; time: 4.04969; initial_level: 42.4875; final_level: 42.0826
event: navigation; timestamp: 55.3971; robot: 2; time: 4.04969; src: (-32, 70); dst: (-51, 63)
event: battery_consumption; timestamp: 55.3971; robot: 1; time: 4.04969; initial_level: 42.4875; final_level: 42.0826
event: navigation; timestamp: 55.3971; robot: 1; time: 4.04969; src: (-32, 70); dst: (-51, 63)
event: battery_consumption; timestamp: 270; robot: 3; time: 9.84886; initial_level: 98.9998; final_level: 98.0149
event: navigation; timestamp: 270; robot: 3; time: 9.84886; src: (49, 10); dst: (73, -33)
event: battery_consumption; timestamp: 630; robot: 3; time: 18.7115; initial_level: 98.0149; final_level: 96.1438
event: navigation; timestamp: 630; robot: 3; time: 18.7115; src: (73, -33); dst: (-19, -50)
event: battery_consumption; timestamp: 720; robot: 3; time: 23.4887; initial_level: 96.1438; final_level: 93.7949
event: navigation; timestamp: 720; robot: 3; time: 23.4887; src: (-19, -50); dst: (-51, 63)
event: task_execution; timestamp: 743.489; task: 3; robot: 1; pos: (-51, 63); time: 0
event: battery_consumption; timestamp: 743.489; robot: 1; time: 0; initial_level: 42.0826; final_level: 32.0826
event: task_execution; timestamp: 743.489; task: 3; robot: 2; pos: (-51, 63); time: 0
event: battery_consumption; timestamp: 743.489; robot: 2; time: 0; initial_level: 42.0826; final_level: 32.0826
event: task_execution; timestamp: 743.489; task: 3; robot: 3; pos: (-51, 63); time: 0
event: battery_consumption; timestamp: 743.489; robot: 3; time: 0; initial_level: 93.7949; final_level: 83.7949
event: task_resolution; timestamp: 743.489; task: 3; pos: (-51, 63); status: FAILED; attempt: 1
event: battery_consumption; timestamp: 743.489; robot: 3; time: 16.2111; initial_level: 83.7949; final_level: 82.1738
event: navigation; timestamp: 743.489; robot: 3; time: 16.2111; src: (-51, 63); dst: (0, 0)
event: robot_finished; timestamp: 759.7; robot: 3; pos: (0, 0); battery: 82.1738
event: battery_consumption; timestamp: 743.489; robot: 1; time: 16.2111; initial_level: 32.0826; final_level: 30.4615
event: navigation; timestamp: 743.489; robot: 1; time: 16.2111; src: (-51, 63); dst: (0, 0)
event: robot_finished; timestamp: 759.7; robot: 1; pos: (0, 0); battery: 30.4615
event: battery_consumption; timestamp: 743.489; robot: 2; time: 16.2111; initial_level: 32.0826; final_level: 30.4615
event: navigation; timestamp: 743.489; robot: 2; time: 16.2111; src: (-51, 63); dst: (0, 0)
event: robot_finished; timestamp: 759.7; robot: 2; pos: (0, 0); battery: 30.4615
metric: available_agents; value: 0
metric: failed_agents; value: 0
metric: finished_agents; value: 3
metric: completed_tasks; value: 1
metric: pending_tasks; value: 0
metric: failed_tasks; value: 9
metric: average_robot_makespan; value: 759.7
metric: sd_robot_makespan; value: 1.39237e-13
metric: max_robot_makespan; value: 759.7
metric: min_robot_makespan; value: 759.7
metric: average_robot_travel_distance; value: 264.212
metric: sd_robot_travel_distance; value: 110.071
metric: max_robot_travel_distance; value: 391.311
metric: min_robot_travel_distance; value: 200.663
metric: sum_robot_travel_distance; value: 792.637
metric: average_completed_tasks_by_robot; value: 0
metric: sd_completed_tasks_by_robot; value: 0
metric: max_completed_tasks_by_robot; value: 0
metric: min_completed_tasks_by_robot; value: 0
metric: final_reward; value: 0.1
metric: computing_time; value: 0.00048553
