info: solver_name; value: dec-mcts-v2
info: reward_function; value: reward00
info: replica; value: 1
info: filename; value: ../logs/prueba/scenario_20t_05_5r_dec-mcts-v2_reward00_001.log
info: scenario_name; value: scenario_20t_05_5r
info: scenario_name; value: scenario_20t_05_5r
info: number_of_tasks; value: 20
info: number_of_robots; value: 5
info: number_of_recharging_stations; value: 1
info: scenario_size; value: (200,200)
event: recharging_station_spawn; timestamp: 0; recharging_station: 1; pos: (0, 0)
event: task_spawn; timestamp: 0; task: 1; pos: (16, 84); earliest_start: 0; latest_start: 900; state: PENDING; required_workers: 1; success_prob: 0.7; max_attempts: 1
event: task_spawn; timestamp: 0; task: 2; pos: (-15, -42); earliest_start: 0; latest_start: 540; state: PENDING; required_workers: 2; success_prob: 0.6; max_attempts: 1
event: task_spawn; timestamp: 0; task: 3; pos: (46, -95); earliest_start: 0; latest_start: 1080; state: PENDING; required_workers: 2; success_prob: 0.8; max_attempts: 1
event: task_spawn; timestamp: 0; task: 4; pos: (45, 64); earliest_start: 0; latest_start: 1080; state: PENDING; required_workers: 2; success_prob: 0.8; max_attempts: 1
event: task_spawn; timestamp: 0; task: 5; pos: (-30, 7); earliest_start: 0; latest_start: 360; state: PENDING; required_workers: 1; success_prob: 0.5; max_attempts: 1
event: task_spawn; timestamp: 0; task: 6; pos: (65, 77); earliest_start: 0; latest_start: 1080; state: PENDING; required_workers: 3; success_prob: 0.5; max_attempts: 1
event: task_spawn; timestamp: 0; task: 7; pos: (49, 52); earliest_start: 0; latest_start: 270; state: PENDING; required_workers: 3; success_prob: 0.8; max_attempts: 1
event: task_spawn; timestamp: 0; task: 8; pos: (-59, -97); earliest_start: 0; latest_start: 630; state: PENDING; required_workers: 3; success_prob: 0.7; max_attempts: 1
event: task_spawn; timestamp: 0; task: 9; pos: (-88, 81); earliest_start: 0; latest_start: 540; state: PENDING; required_workers: 2; success_prob: 0.8; max_attempts: 1
event: task_spawn; timestamp: 0; task: 10; pos: (-90, -6); earliest_start: 0; latest_start: 900; state: PENDING; required_workers: 2; success_prob: 0.8; max_attempts: 1
event: task_spawn; timestamp: 0; task: 11; pos: (35, -56); earliest_start: 0; latest_start: 720; state: PENDING; required_workers: 2; success_prob: 0.5; max_attempts: 1
event: task_spawn; timestamp: 0; task: 12; pos: (-84, -51); earliest_start: 0; latest_start: 540; state: PENDING; required_workers: 1; success_prob: 0.8; max_attempts: 1
event: task_spawn; timestamp: 0; task: 13; pos: (-99, 25); earliest_start: 0; latest_start: 720; state: PENDING; required_workers: 1; success_prob: 0.9; max_attempts: 1
event: task_spawn; timestamp: 0; task: 14; pos: (30, -36); earliest_start: 0; latest_start: 810; state: PENDING; required_workers: 3; success_prob: 0.7; max_attempts: 1
event: task_spawn; timestamp: 0; task: 15; pos: (-19, 25); earliest_start: 0; latest_start: 630; state: PENDING; required_workers: 3; success_prob: 0.7; max_attempts: 1
event: task_spawn; timestamp: 0; task: 16; pos: (96, 92); earliest_start: 0; latest_start: 720; state: PENDING; required_workers: 3; success_prob: 0.6; max_attempts: 1
event: task_spawn; timestamp: 0; task: 17; pos: (16, 49); earliest_start: 0; latest_start: 1080; state: PENDING; required_workers: 3; success_prob: 0.6; max_attempts: 1
event: task_spawn; timestamp: 0; task: 18; pos: (10, -17); earliest_start: 0; latest_start: 360; state: PENDING; required_workers: 1; success_prob: 0.8; max_attempts: 1
event: task_spawn; timestamp: 0; task: 19; pos: (14, 46); earliest_start: 0; latest_start: 900; state: PENDING; required_workers: 1; success_prob: 0.7; max_attempts: 1
event: task_spawn; timestamp: 0; task: 20; pos: (-26, 52); earliest_start: 0; latest_start: 540; state: PENDING; required_workers: 3; success_prob: 0.6; max_attempts: 1
event: robot_spawn; timestamp: 0; robot: 1; pos: (0, 0); state: AVAILABLE; battery_level: 100; battery_capacity: 100; velocity: 5; battery_rate_nav: 0.1
event: robot_spawn; timestamp: 0; robot: 2; pos: (0, 0); state: AVAILABLE; battery_level: 100; battery_capacity: 100; velocity: 5; battery_rate_nav: 0.1
event: robot_spawn; timestamp: 0; robot: 3; pos: (0, 0); state: AVAILABLE; battery_level: 100; battery_capacity: 100; velocity: 5; battery_rate_nav: 0.1
event: robot_spawn; timestamp: 0; robot: 4; pos: (0, 0); state: AVAILABLE; battery_level: 100; battery_capacity: 100; velocity: 5; battery_rate_nav: 0.1
event: robot_spawn; timestamp: 0; robot: 5; pos: (0, 0); state: AVAILABLE; battery_level: 100; battery_capacity: 100; velocity: 5; battery_rate_nav: 0.1
event: battery_consumption; timestamp: 0; robot: 1; time: 20.4216; initial_level: 100; final_level: 97.9578
event: navigation; timestamp: 0; robot: 1; time: 20.4216; src: (0, 0); dst: (-99, 25)
event: battery_consumption; timestamp: 0; robot: 4; time: 19.654; initial_level: 100; final_level: 98.0346
event: navigation; timestamp: 0; robot: 4; time: 19.654; src: (0, 0); dst: (-84, -51)
event: battery_consumption; timestamp: 1; robot: 5; time: 6.16117; initial_level: 100; final_level: 99.3839
event: navigation; timestamp: 1; robot: 5; time: 6.16117; src: (0, 0); dst: (-30, 7)
event: battery_consumption; timestamp: 1; robot: 3; time: 17.102; initial_level: 100; final_level: 98.2898
event: navigation; timestamp: 1; robot: 3; time: 17.102; src: (0, 0); dst: (16, 84)
event: battery_consumption; timestamp: 1; robot: 2; time: 3.94462; initial_level: 100; final_level: 99.6055
event: navigation; timestamp: 1; robot: 2; time: 3.94462; src: (0, 0); dst: (10, -17)
event: task_execution; timestamp: 4.94462; task: 18; robot: 2; pos: (10, -17); time: 0
event: battery_consumption; timestamp: 4.94462; robot: 2; time: 0; initial_level: 99.6055; final_level: 99.6055
event: task_resolution; timestamp: 4.94462; task: 18; pos: (10, -17); status: COMPLETED; attempt: 1
event: battery_consumption; timestamp: 4.94462; robot: 2; time: 17.6477; initial_level: 99.6055; final_level: 97.8408
event: navigation; timestamp: 4.94462; robot: 2; time: 17.6477; src: (10, -17); dst: (45, 64)
event: task_execution; timestamp: 18.102; task: 1; robot: 3; pos: (16, 84); time: 0
event: battery_consumption; timestamp: 18.102; robot: 3; time: 0; initial_level: 98.2898; final_level: 88.2898
event: task_resolution; timestamp: 18.102; task: 1; pos: (16, 84); status: FAILED; attempt: 1
event: battery_consumption; timestamp: 18.102; robot: 3; time: 7.04557; initial_level: 88.2898; final_level: 87.5852
event: navigation; timestamp: 18.102; robot: 3; time: 7.04557; src: (16, 84); dst: (45, 64)
event: task_execution; timestamp: 19.654; task: 12; robot: 4; pos: (-84, -51); time: 0
event: battery_consumption; timestamp: 19.654; robot: 4; time: 0; initial_level: 98.0346; final_level: 98.0346
event: task_resolution; timestamp: 19.654; task: 12; pos: (-84, -51); status: COMPLETED; attempt: 1
event: battery_consumption; timestamp: 20.654; robot: 4; time: 26.4121; initial_level: 98.0346; final_level: 95.3934
event: navigation; timestamp: 20.654; robot: 4; time: 26.4121; src: (-84, -51); dst: (-88, 81)
event: task_execution; timestamp: 25.1476; task: 4; robot: 2; pos: (45, 64); time: 0
event: battery_consumption; timestamp: 25.1476; robot: 2; time: 0; initial_level: 97.8408; final_level: 97.8408
event: task_execution; timestamp: 25.1476; task: 4; robot: 3; pos: (45, 64); time: 0
event: battery_consumption; timestamp: 25.1476; robot: 3; time: 0; initial_level: 87.5852; final_level: 87.5852
event: task_resolution; timestamp: 25.1476; task: 4; pos: (45, 64); status: COMPLETED; attempt: 1
event: battery_consumption; timestamp: 25.1476; robot: 3; time: 26.8164; initial_level: 87.5852; final_level: 84.9036
event: navigation; timestamp: 25.1476; robot: 3; time: 26.8164; src: (45, 64); dst: (-88, 81)
event: battery_consumption; timestamp: 26.1476; robot: 2; time: 7.16938; initial_level: 97.8408; final_level: 97.1238
event: navigation; timestamp: 26.1476; robot: 2; time: 7.16938; src: (45, 64); dst: (14, 46)
event: task_execution; timestamp: 20.4216; task: 13; robot: 1; pos: (-99, 25); time: 27.0243
event: battery_consumption; timestamp: 20.4216; robot: 1; time: 27.0243; initial_level: 97.9578; final_level: 70.9335
event: task_resolution; timestamp: 47.4459; task: 13; pos: (-99, 25); status: COMPLETED; attempt: 1
event: battery_consumption; timestamp: 47.4459; robot: 1; time: 21.4895; initial_level: 70.9335; final_level: 68.7846
event: navigation; timestamp: 47.4459; robot: 1; time: 21.4895; src: (-99, 25); dst: (-15, -42)
event: task_execution; timestamp: 7.16117; task: 5; robot: 5; pos: (-30, 7); time: 44.7576
event: battery_consumption; timestamp: 7.16117; robot: 5; time: 44.7576; initial_level: 99.3839; final_level: 54.6263
event: task_resolution; timestamp: 51.9187; task: 5; pos: (-30, 7); status: COMPLETED; attempt: 1
event: task_execution; timestamp: 51.964; task: 9; robot: 3; pos: (-88, 81); time: 0
event: battery_consumption; timestamp: 51.964; robot: 3; time: 0; initial_level: 84.9036; final_level: 84.9036
event: task_execution; timestamp: 51.964; task: 9; robot: 4; pos: (-88, 81); time: 0
event: battery_consumption; timestamp: 51.964; robot: 4; time: 0; initial_level: 95.3934; final_level: 95.3934
event: task_resolution; timestamp: 51.964; task: 9; pos: (-88, 81); status: COMPLETED; attempt: 1
event: battery_consumption; timestamp: 51.964; robot: 3; time: 28.6063; initial_level: 84.9036; final_level: 82.043
event: navigation; timestamp: 51.964; robot: 3; time: 28.6063; src: (-88, 81); dst: (-15, -42)
event: battery_consumption; timestamp: 52.964; robot: 4; time: 44.2412; initial_level: 95.3934; final_level: 90.9693
event: navigation; timestamp: 52.964; robot: 4; time: 44.2412; src: (-88, 81); dst: (46, -95)
event: battery_consumption; timestamp: 54.9187; robot: 5; time: 25.4401; initial_level: 54.6263; final_level: 52.0823
event: navigation; timestamp: 54.9187; robot: 5; time: 25.4401; src: (-30, 7); dst: (46, -95)
event: task_execution; timestamp: 80.5703; task: 2; robot: 1; pos: (-15, -42); time: 0
event: battery_consumption; timestamp: 80.5703; robot: 1; time: 0; initial_level: 68.7846; final_level: 68.7846
event: task_execution; timestamp: 80.5703; task: 2; robot: 3; pos: (-15, -42); time: 0
event: battery_consumption; timestamp: 80.5703; robot: 3; time: 0; initial_level: 82.043; final_level: 82.043
event: task_resolution; timestamp: 80.5703; task: 2; pos: (-15, -42); status: COMPLETED; attempt: 1
event: battery_consumption; timestamp: 80.5703; robot: 3; time: 28.6782; initial_level: 82.043; final_level: 79.1751
event: navigation; timestamp: 80.5703; robot: 3; time: 28.6782; src: (-15, -42); dst: (65, 77)
event: battery_consumption; timestamp: 81.5703; robot: 1; time: 28.6782; initial_level: 68.7846; final_level: 65.9168
event: navigation; timestamp: 81.5703; robot: 1; time: 28.6782; src: (-15, -42); dst: (65, 77)
event: task_execution; timestamp: 97.2052; task: 3; robot: 4; pos: (46, -95); time: 0
event: battery_consumption; timestamp: 97.2052; robot: 4; time: 0; initial_level: 90.9693; final_level: 90.9693
event: task_execution; timestamp: 97.2052; task: 3; robot: 5; pos: (46, -95); time: 0
event: battery_consumption; timestamp: 97.2052; robot: 5; time: 0; initial_level: 52.0823; final_level: 52.0823
event: task_resolution; timestamp: 97.2052; task: 3; pos: (46, -95); status: COMPLETED; attempt: 1
event: battery_consumption; timestamp: 97.2052; robot: 4; time: 34.6092; initial_level: 90.9693; final_level: 87.5083
event: navigation; timestamp: 97.2052; robot: 4; time: 34.6092; src: (46, -95); dst: (65, 77)
event: battery_consumption; timestamp: 98.2052; robot: 5; time: 32.5066; initial_level: 52.0823; final_level: 48.8316
event: navigation; timestamp: 98.2052; robot: 5; time: 32.5066; src: (46, -95); dst: (-90, -6)
event: task_execution; timestamp: 33.317; task: 19; robot: 2; pos: (14, 46); time: 94.2682
event: battery_consumption; timestamp: 33.317; robot: 2; time: 94.2682; initial_level: 97.1238; final_level: 2.85568
event: task_resolution; timestamp: 127.585; task: 19; pos: (14, 46); status: COMPLETED; attempt: 1
event: battery_consumption; timestamp: 128.585; robot: 2; time: 9.61665; initial_level: 2.85568; final_level: 1.89402
event: navigation; timestamp: 128.585; robot: 2; time: 9.61665; src: (14, 46); dst: (0, 0)
event: recharge; timestamp: 138.202; robot: 2; recharging_station: 1; pos: (0, 0); level: 100
event: task_execution; timestamp: 131.814; task: 6; robot: 1; pos: (65, 77); time: 0
event: battery_consumption; timestamp: 131.814; robot: 1; time: 0; initial_level: 65.9168; final_level: 55.9168
event: task_execution; timestamp: 131.814; task: 6; robot: 3; pos: (65, 77); time: 0
event: battery_consumption; timestamp: 131.814; robot: 3; time: 0; initial_level: 79.1751; final_level: 69.1751
event: task_execution; timestamp: 131.814; task: 6; robot: 4; pos: (65, 77); time: 0
event: battery_consumption; timestamp: 131.814; robot: 4; time: 0; initial_level: 87.5083; final_level: 77.5083
event: task_resolution; timestamp: 131.814; task: 6; pos: (65, 77); status: FAILED; attempt: 1
event: battery_consumption; timestamp: 131.814; robot: 4; time: 35.1648; initial_level: 77.5083; final_level: 73.9919
event: navigation; timestamp: 131.814; robot: 4; time: 35.1648; src: (65, 77); dst: (-90, -6)
event: battery_consumption; timestamp: 132.814; robot: 3; time: 5.93633; initial_level: 69.1751; final_level: 68.5815
event: navigation; timestamp: 132.814; robot: 3; time: 5.93633; src: (65, 77); dst: (49, 52)
event: battery_consumption; timestamp: 132.814; robot: 1; time: 23.6592; initial_level: 55.9168; final_level: 53.5508
event: navigation; timestamp: 132.814; robot: 1; time: 23.6592; src: (65, 77); dst: (30, -36)
event: battery_consumption; timestamp: 138.202; robot: 2; time: 14.2899; initial_level: 100; final_level: 98.571
event: navigation; timestamp: 138.202; robot: 2; time: 14.2899; src: (0, 0); dst: (49, 52)
event: task_execution; timestamp: 166.979; task: 10; robot: 4; pos: (-90, -6); time: 48.8316
event: battery_consumption; timestamp: 166.979; robot: 4; time: 48.8316; initial_level: 73.9919; final_level: 63.9919
event: task_execution; timestamp: 166.979; task: 10; robot: 5; pos: (-90, -6); time: 48.8316
event: battery_consumption; timestamp: 166.979; robot: 5; time: 48.8316; initial_level: 48.8316; final_level: 38.8316
event: task_resolution; timestamp: 215.811; task: 10; pos: (-90, -6); status: FAILED; attempt: 1
event: battery_consumption; timestamp: 215.811; robot: 5; time: 30.1231; initial_level: 38.8316; final_level: 35.8193
event: navigation; timestamp: 215.811; robot: 5; time: 30.1231; src: (-90, -6); dst: (49, 52)
event: battery_consumption; timestamp: 216.811; robot: 4; time: 24.7386; initial_level: 63.9919; final_level: 61.518
event: navigation; timestamp: 216.811; robot: 4; time: 24.7386; src: (-90, -6); dst: (30, -36)
event: task_execution; timestamp: 245.934; task: 7; robot: 2; pos: (49, 52); time: 0
event: battery_consumption; timestamp: 245.934; robot: 2; time: 0; initial_level: 98.571; final_level: 98.571
event: task_execution; timestamp: 245.934; task: 7; robot: 3; pos: (49, 52); time: 0
event: battery_consumption; timestamp: 245.934; robot: 3; time: 0; initial_level: 68.5815; final_level: 68.5815
event: task_execution; timestamp: 245.934; task: 7; robot: 5; pos: (49, 52); time: 0
event: battery_consumption; timestamp: 245.934; robot: 5; time: 0; initial_level: 35.8193; final_level: 35.8193
event: task_resolution; timestamp: 245.934; task: 7; pos: (49, 52); status: COMPLETED; attempt: 1
event: battery_consumption; timestamp: 245.934; robot: 2; time: 18.0056; initial_level: 98.571; final_level: 96.7705
event: navigation; timestamp: 245.934; robot: 2; time: 18.0056; src: (49, 52); dst: (30, -36)
event: battery_consumption; timestamp: 246.934; robot: 5; time: 21.7807; initial_level: 35.8193; final_level: 33.6412
event: navigation; timestamp: 246.934; robot: 5; time: 21.7807; src: (49, 52); dst: (35, -56)
event: battery_consumption; timestamp: 246.934; robot: 3; time: 21.7807; initial_level: 68.5815; final_level: 66.4034
event: navigation; timestamp: 246.934; robot: 3; time: 21.7807; src: (49, 52); dst: (35, -56)
event: task_execution; timestamp: 263.939; task: 14; robot: 1; pos: (30, -36); time: 0
event: battery_consumption; timestamp: 263.939; robot: 1; time: 0; initial_level: 53.5508; final_level: 43.5508
event: task_execution; timestamp: 263.939; task: 14; robot: 2; pos: (30, -36); time: 0
event: battery_consumption; timestamp: 263.939; robot: 2; time: 0; initial_level: 96.7705; final_level: 86.7705
event: task_execution; timestamp: 263.939; task: 14; robot: 4; pos: (30, -36); time: 0
event: battery_consumption; timestamp: 263.939; robot: 4; time: 0; initial_level: 61.518; final_level: 51.518
event: task_resolution; timestamp: 263.939; task: 14; pos: (30, -36); status: FAILED; attempt: 1
event: battery_consumption; timestamp: 263.939; robot: 4; time: 21.5796; initial_level: 51.518; final_level: 49.36
event: navigation; timestamp: 263.939; robot: 4; time: 21.5796; src: (30, -36); dst: (-59, -97)
event: battery_consumption; timestamp: 263.939; robot: 1; time: 21.5796; initial_level: 43.5508; final_level: 41.3929
event: navigation; timestamp: 263.939; robot: 1; time: 21.5796; src: (30, -36); dst: (-59, -97)
event: battery_consumption; timestamp: 263.939; robot: 2; time: 15.6486; initial_level: 86.7705; final_level: 85.2056
event: navigation; timestamp: 263.939; robot: 2; time: 15.6486; src: (30, -36); dst: (-19, 25)
event: task_execution; timestamp: 268.715; task: 11; robot: 3; pos: (35, -56); time: 0
event: battery_consumption; timestamp: 268.715; robot: 3; time: 0; initial_level: 66.4034; final_level: 56.4034
event: task_execution; timestamp: 268.715; task: 11; robot: 5; pos: (35, -56); time: 0
event: battery_consumption; timestamp: 268.715; robot: 5; time: 0; initial_level: 33.6412; final_level: 23.6412
event: task_resolution; timestamp: 268.715; task: 11; pos: (35, -56); status: FAILED; attempt: 1
event: battery_consumption; timestamp: 268.715; robot: 3; time: 19.47; initial_level: 56.4034; final_level: 54.4564
event: navigation; timestamp: 268.715; robot: 3; time: 19.47; src: (35, -56); dst: (-19, 25)
event: battery_consumption; timestamp: 268.715; robot: 5; time: 19.47; initial_level: 23.6412; final_level: 21.6943
event: navigation; timestamp: 268.715; robot: 5; time: 19.47; src: (35, -56); dst: (-19, 25)
event: task_execution; timestamp: 288.185; task: 15; robot: 2; pos: (-19, 25); time: 21.6943
event: battery_consumption; timestamp: 288.185; robot: 2; time: 21.6943; initial_level: 85.2056; final_level: 75.2056
event: task_execution; timestamp: 288.185; task: 15; robot: 3; pos: (-19, 25); time: 21.6943
event: battery_consumption; timestamp: 288.185; robot: 3; time: 21.6943; initial_level: 54.4564; final_level: 44.4564
event: task_execution; timestamp: 288.185; task: 15; robot: 5; pos: (-19, 25); time: 21.6943
event: battery_consumption; timestamp: 288.185; robot: 5; time: 21.6943; initial_level: 21.6943; final_level: 11.6943
event: task_resolution; timestamp: 309.879; task: 15; pos: (-19, 25); status: FAILED; attempt: 1
event: battery_consumption; timestamp: 309.879; robot: 5; time: 25.678; initial_level: 11.6943; final_level: 9.12645
event: navigation; timestamp: 309.879; robot: 5; time: 25.678; src: (-19, 25); dst: (-59, -97)
event: battery_consumption; timestamp: 310.879; robot: 2; time: 8.48764; initial_level: 75.2056; final_level: 74.3568
event: navigation; timestamp: 310.879; robot: 2; time: 8.48764; src: (-19, 25); dst: (16, 49)
event: battery_consumption; timestamp: 310.879; robot: 3; time: 8.48764; initial_level: 44.4564; final_level: 43.6077
event: navigation; timestamp: 310.879; robot: 3; time: 8.48764; src: (-19, 25); dst: (16, 49)
event: task_execution; timestamp: 335.557; task: 8; robot: 1; pos: (-59, -97); time: 9.12645
event: battery_consumption; timestamp: 335.557; robot: 1; time: 9.12645; initial_level: 41.3929; final_level: 31.3929
event: task_execution; timestamp: 335.557; task: 8; robot: 4; pos: (-59, -97); time: 9.12645
event: battery_consumption; timestamp: 335.557; robot: 4; time: 9.12645; initial_level: 49.36; final_level: 39.36
event: task_execution; timestamp: 335.557; task: 8; robot: 5; pos: (-59, -97); time: 9.12645
event: battery_consumption; timestamp: 335.557; robot: 5; time: 9.12645; initial_level: 9.12645; final_level: -0.873549
event: robot_failed; timestamp: 344.683; robot: 5; pos: (-59, -97)
event: task_resolution; timestamp: 344.683; task: 8; pos: (-59, -97); status: FAILED; attempt: 1
event: battery_consumption; timestamp: 344.683; robot: 1; time: 32.8274; initial_level: 31.3929; final_level: 28.1101
event: navigation; timestamp: 344.683; robot: 1; time: 32.8274; src: (-59, -97); dst: (16, 49)
event: battery_consumption; timestamp: 345.683; robot: 4; time: 30.5221; initial_level: 39.36; final_level: 36.3078
event: navigation; timestamp: 345.683; robot: 4; time: 30.5221; src: (-59, -97); dst: (-26, 52)
event: task_execution; timestamp: 377.511; task: 17; robot: 1; pos: (16, 49); time: 14.6859
event: battery_consumption; timestamp: 377.511; robot: 1; time: 14.6859; initial_level: 28.1101; final_level: 13.4242
event: task_execution; timestamp: 377.511; task: 17; robot: 2; pos: (16, 49); time: 14.6859
event: battery_consumption; timestamp: 377.511; robot: 2; time: 14.6859; initial_level: 74.3568; final_level: 59.6709
event: task_execution; timestamp: 377.511; task: 17; robot: 3; pos: (16, 49); time: 14.6859
event: battery_consumption; timestamp: 377.511; robot: 3; time: 14.6859; initial_level: 43.6077; final_level: 28.9218
event: task_resolution; timestamp: 392.197; task: 17; pos: (16, 49); status: COMPLETED; attempt: 1
event: battery_consumption; timestamp: 392.197; robot: 1; time: 8.4214; initial_level: 13.4242; final_level: 12.5821
event: navigation; timestamp: 392.197; robot: 1; time: 8.4214; src: (16, 49); dst: (-26, 52)
event: battery_consumption; timestamp: 392.197; robot: 2; time: 8.4214; initial_level: 59.6709; final_level: 58.8288
event: navigation; timestamp: 392.197; robot: 2; time: 8.4214; src: (16, 49); dst: (-26, 52)
event: battery_consumption; timestamp: 393.197; robot: 3; time: 10.3092; initial_level: 28.9218; final_level: 27.8908
event: navigation; timestamp: 393.197; robot: 3; time: 10.3092; src: (16, 49); dst: (0, 0)
event: robot_finished; timestamp: 403.506; robot: 3; pos: (0, 0); battery: 27.8908
event: task_execution; timestamp: 400.618; task: 20; robot: 1; pos: (-26, 52); time: 0
event: battery_consumption; timestamp: 400.618; robot: 1; time: 0; initial_level: 12.5821; final_level: 2.58209
event: task_execution; timestamp: 400.618; task: 20; robot: 2; pos: (-26, 52); time: 0
event: battery_consumption; timestamp: 400.618; robot: 2; time: 0; initial_level: 58.8288; final_level: 48.8288
event: task_execution; timestamp: 400.618; task: 20; robot: 4; pos: (-26, 52); time: 0
event: battery_consumption; timestamp: 400.618; robot: 4; time: 0; initial_level: 36.3078; final_level: 26.3078
event: task_resolution; timestamp: 400.618; task: 20; pos: (-26, 52); status: FAILED; attempt: 1
event: battery_consumption; timestamp: 400.618; robot: 1; time: 25.678; initial_level: 2.58209; final_level: 0.0142865
event: navigation; timestamp: 400.618; robot: 1; time: 25.678; src: (-26, 52); dst: (96, 92)
event: battery_consumption; timestamp: 400.618; robot: 4; time: 25.678; initial_level: 26.3078; final_level: 23.74
event: navigation; timestamp: 400.618; robot: 4; time: 25.678; src: (-26, 52); dst: (96, 92)
event: battery_consumption; timestamp: 400.618; robot: 2; time: 25.678; initial_level: 48.8288; final_level: 46.261
event: navigation; timestamp: 400.618; robot: 2; time: 25.678; src: (-26, 52); dst: (96, 92)
event: task_execution; timestamp: 426.296; task: 16; robot: 1; pos: (96, 92); time: 0.0142865
event: battery_consumption; timestamp: 426.296; robot: 1; time: 0.0142865; initial_level: 0.0142865; final_level: -9.98571
event: robot_failed; timestamp: 426.31; robot: 1; pos: (96, 92)
event: task_execution; timestamp: 426.296; task: 16; robot: 2; pos: (96, 92); time: 0.0142865
event: battery_consumption; timestamp: 426.296; robot: 2; time: 0.0142865; initial_level: 46.261; final_level: 36.261
event: task_execution; timestamp: 426.296; task: 16; robot: 4; pos: (96, 92); time: 0.0142865
event: battery_consumption; timestamp: 426.296; robot: 4; time: 0.0142865; initial_level: 23.74; final_level: 13.74
event: task_resolution; timestamp: 426.31; task: 16; pos: (96, 92); status: FAILED; attempt: 1
event: battery_consumption; timestamp: 426.31; robot: 2; time: 26.5932; initial_level: 36.261; final_level: 33.6017
event: navigation; timestamp: 426.31; robot: 2; time: 26.5932; src: (96, 92); dst: (0, 0)
event: robot_finished; timestamp: 452.904; robot: 2; pos: (0, 0); battery: 33.6017
event: battery_consumption; timestamp: 426.31; robot: 4; time: 26.5932; initial_level: 13.74; final_level: 11.0807
event: navigation; timestamp: 426.31; robot: 4; time: 26.5932; src: (96, 92); dst: (0, 0)
event: robot_finished; timestamp: 452.904; robot: 4; pos: (0, 0); battery: 11.0807
metric: available_agents; value: 0
metric: failed_agents; value: 2
metric: finished_agents; value: 3
metric: completed_tasks; value: 11
metric: pending_tasks; value: 0
metric: failed_tasks; value: 9
metric: average_robot_makespan; value: 416.061
metric: sd_robot_makespan; value: 44.9227
metric: max_robot_makespan; value: 452.904
metric: min_robot_makespan; value: 344.683
metric: average_robot_travel_distance; value: 962.843
metric: sd_robot_travel_distance; value: 275.331
metric: max_robot_travel_distance; value: 1445.96
metric: min_robot_travel_distance; value: 777.513
metric: sum_robot_travel_distance; value: 4814.21
metric: average_completed_tasks_by_robot; value: 0
metric: sd_completed_tasks_by_robot; value: 0
metric: max_completed_tasks_by_robot; value: 0
metric: min_completed_tasks_by_robot; value: 0
metric: final_reward; value: 0.55
metric: computing_time; value: 48.2459
