info: solver_name; value: random
info: reward_function; value: reward00
info: replica; value: 1
info: filename; value: ../logs/prueba/scenario_1E_24t_5r_random_reward00_001.log
info: scenario_name; value: scenario_1E_24t_5r
info: scenario_name; value: scenario_1E_24t_5r
info: number_of_tasks; value: 24
info: number_of_robots; value: 5
info: number_of_recharging_stations; value: 1
info: scenario_size; value: (15,15)
event: recharging_station_spawn; timestamp: 0; recharging_station: 1; pos: (0, 0)
event: task_spawn; timestamp: 0; task: 1; pos: (0, 5); earliest_start: 40; latest_start: 51.29; state: PENDING; required_workers: 1; success_prob: 1; max_attempts: 1
event: task_spawn; timestamp: 0; task: 2; pos: (0.87, 4.5); earliest_start: 35; latest_start: 43.12; state: PENDING; required_workers: 1; success_prob: 1; max_attempts: 1
event: task_spawn; timestamp: 0; task: 3; pos: (0.87, 3.5); earliest_start: 39; latest_start: 48.36; state: PENDING; required_workers: 1; success_prob: 1; max_attempts: 1
event: task_spawn; timestamp: 0; task: 4; pos: (0, 3); earliest_start: 34; latest_start: 48.15; state: PENDING; required_workers: 1; success_prob: 1; max_attempts: 1
event: task_spawn; timestamp: 0; task: 5; pos: (-0.87, 3.5); earliest_start: 37; latest_start: 50.58; state: PENDING; required_workers: 1; success_prob: 1; max_attempts: 1
event: task_spawn; timestamp: 0; task: 6; pos: (-0.87, 4.5); earliest_start: 37; latest_start: 49.38; state: PENDING; required_workers: 1; success_prob: 1; max_attempts: 1
event: task_spawn; timestamp: 0; task: 7; pos: (4, 1); earliest_start: 46; latest_start: 58.49; state: PENDING; required_workers: 1; success_prob: 1; max_attempts: 1
event: task_spawn; timestamp: 0; task: 8; pos: (4.87, 0.5); earliest_start: 38; latest_start: 51.63; state: PENDING; required_workers: 1; success_prob: 1; max_attempts: 1
event: task_spawn; timestamp: 0; task: 9; pos: (4.87, -0.5); earliest_start: 2; latest_start: 8.44; state: PENDING; required_workers: 1; success_prob: 1; max_attempts: 1
event: task_spawn; timestamp: 0; task: 10; pos: (4, -1); earliest_start: 1; latest_start: 16.8; state: PENDING; required_workers: 1; success_prob: 1; max_attempts: 1
event: task_spawn; timestamp: 0; task: 11; pos: (3.13, -0.5); earliest_start: 49; latest_start: 65.38; state: PENDING; required_workers: 1; success_prob: 1; max_attempts: 1
event: task_spawn; timestamp: 0; task: 12; pos: (3.13, 0.5); earliest_start: 36; latest_start: 49.57; state: PENDING; required_workers: 1; success_prob: 1; max_attempts: 1
event: task_spawn; timestamp: 0; task: 13; pos: (0, -3); earliest_start: 36; latest_start: 45.81; state: PENDING; required_workers: 1; success_prob: 1; max_attempts: 1
event: task_spawn; timestamp: 0; task: 14; pos: (0.87, -3.5); earliest_start: 26; latest_start: 38.06; state: PENDING; required_workers: 1; success_prob: 1; max_attempts: 1
event: task_spawn; timestamp: 0; task: 15; pos: (0.87, -4.5); earliest_start: 40; latest_start: 49.45; state: PENDING; required_workers: 1; success_prob: 1; max_attempts: 1
event: task_spawn; timestamp: 0; task: 16; pos: (0, -5); earliest_start: 34; latest_start: 43.5; state: PENDING; required_workers: 1; success_prob: 1; max_attempts: 1
event: task_spawn; timestamp: 0; task: 17; pos: (-0.87, -4.5); earliest_start: 30; latest_start: 38.15; state: PENDING; required_workers: 1; success_prob: 1; max_attempts: 1
event: task_spawn; timestamp: 0; task: 18; pos: (-0.87, -3.5); earliest_start: 15; latest_start: 32.28; state: PENDING; required_workers: 1; success_prob: 1; max_attempts: 1
event: task_spawn; timestamp: 0; task: 19; pos: (-4, 1); earliest_start: 19; latest_start: 30.54; state: PENDING; required_workers: 1; success_prob: 1; max_attempts: 1
event: task_spawn; timestamp: 0; task: 20; pos: (-3.13, 0.5); earliest_start: 29; latest_start: 34.71; state: PENDING; required_workers: 1; success_prob: 1; max_attempts: 1
event: task_spawn; timestamp: 0; task: 21; pos: (-3.13, -0.5); earliest_start: 28; latest_start: 38.95; state: PENDING; required_workers: 1; success_prob: 1; max_attempts: 1
event: task_spawn; timestamp: 0; task: 22; pos: (-4, -1); earliest_start: 26; latest_start: 36.47; state: PENDING; required_workers: 1; success_prob: 1; max_attempts: 1
event: task_spawn; timestamp: 0; task: 23; pos: (-4.87, -0.5); earliest_start: 38; latest_start: 45.98; state: PENDING; required_workers: 1; success_prob: 1; max_attempts: 1
event: task_spawn; timestamp: 0; task: 24; pos: (-4.87, 0.5); earliest_start: 9; latest_start: 19.2; state: PENDING; required_workers: 1; success_prob: 1; max_attempts: 1
event: robot_spawn; timestamp: 0; robot: 1; pos: (0, 0); state: AVAILABLE; battery_level: 100; battery_capacity: 100; velocity: 1; battery_rate_nav: 1
event: robot_spawn; timestamp: 0; robot: 2; pos: (0, 0); state: AVAILABLE; battery_level: 100; battery_capacity: 100; velocity: 1; battery_rate_nav: 1
event: robot_spawn; timestamp: 0; robot: 3; pos: (0, 0); state: AVAILABLE; battery_level: 100; battery_capacity: 100; velocity: 1; battery_rate_nav: 1
event: robot_spawn; timestamp: 0; robot: 4; pos: (0, 0); state: AVAILABLE; battery_level: 100; battery_capacity: 100; velocity: 1; battery_rate_nav: 1
event: robot_spawn; timestamp: 0; robot: 5; pos: (0, 0); state: AVAILABLE; battery_level: 100; battery_capacity: 100; velocity: 1; battery_rate_nav: 1
event: battery_consumption; timestamp: 0; robot: 2; time: 3.60651; initial_level: 100; final_level: 96.3935
event: navigation; timestamp: 0; robot: 2; time: 3.60651; src: (0, 0); dst: (-0.87, 3.5)
event: battery_consumption; timestamp: 0; robot: 5; time: 5; initial_level: 100; final_level: 95
event: navigation; timestamp: 0; robot: 5; time: 5; src: (0, 0); dst: (0, -5)
event: battery_consumption; timestamp: 0; robot: 3; time: 4.58333; initial_level: 100; final_level: 95.4167
event: navigation; timestamp: 0; robot: 3; time: 4.58333; src: (0, 0); dst: (-0.87, 4.5)
event: battery_consumption; timestamp: 0; robot: 1; time: 4.12311; initial_level: 100; final_level: 95.8769
event: navigation; timestamp: 0; robot: 1; time: 4.12311; src: (0, 0); dst: (-4, -1)
event: battery_consumption; timestamp: 0; robot: 4; time: 3; initial_level: 100; final_level: 97
event: navigation; timestamp: 0; robot: 4; time: 3; src: (0, 0); dst: (0, -3)
event: task_execution; timestamp: 26; task: 22; robot: 1; pos: (-4, -1); time: 10
event: battery_consumption; timestamp: 26; robot: 1; time: 10; initial_level: 95.8769; final_level: 85.8769
event: task_resolution; timestamp: 36; task: 22; pos: (-4, -1); status: COMPLETED; attempt: 1
event: battery_consumption; timestamp: 36; robot: 1; time: 7.14751; initial_level: 85.8769; final_level: 78.7294
event: navigation; timestamp: 36; robot: 1; time: 7.14751; src: (-4, -1); dst: (3.13, -0.5)
event: task_execution; timestamp: 34; task: 16; robot: 5; pos: (0, -5); time: 10
event: battery_consumption; timestamp: 34; robot: 5; time: 10; initial_level: 95; final_level: 85
event: task_resolution; timestamp: 44; task: 16; pos: (0, -5); status: COMPLETED; attempt: 1
event: battery_consumption; timestamp: 44; robot: 5; time: 7.34622; initial_level: 85; final_level: 77.6538
event: navigation; timestamp: 44; robot: 5; time: 7.34622; src: (0, -5); dst: (4.87, 0.5)
event: task_execution; timestamp: 36; task: 13; robot: 4; pos: (0, -3); time: 10
event: battery_consumption; timestamp: 36; robot: 4; time: 10; initial_level: 97; final_level: 87
event: task_resolution; timestamp: 46; task: 13; pos: (0, -3); status: COMPLETED; attempt: 1
event: battery_consumption; timestamp: 46; robot: 4; time: 6.55796; initial_level: 87; final_level: 80.442
event: navigation; timestamp: 46; robot: 4; time: 6.55796; src: (0, -3); dst: (0.87, 3.5)
event: task_execution; timestamp: 37; task: 6; robot: 3; pos: (-0.87, 4.5); time: 10
event: battery_consumption; timestamp: 37; robot: 3; time: 10; initial_level: 95.4167; final_level: 85.4167
event: task_resolution; timestamp: 47; task: 6; pos: (-0.87, 4.5); status: COMPLETED; attempt: 1
event: task_execution; timestamp: 37; task: 5; robot: 2; pos: (-0.87, 3.5); time: 10
event: battery_consumption; timestamp: 37; robot: 2; time: 10; initial_level: 96.3935; final_level: 86.3935
event: task_resolution; timestamp: 47; task: 5; pos: (-0.87, 3.5); status: COMPLETED; attempt: 1
event: battery_consumption; timestamp: 47; robot: 3; time: 9.16666; initial_level: 85.4167; final_level: 76.25
event: navigation; timestamp: 47; robot: 3; time: 9.16666; src: (-0.87, 4.5); dst: (0.87, -4.5)
event: battery_consumption; timestamp: 47; robot: 2; time: 1.00344; initial_level: 86.3935; final_level: 85.39
event: navigation; timestamp: 47; robot: 2; time: 1.00344; src: (-0.87, 3.5); dst: (0, 3)
event: task_execution; timestamp: 48.0034; task: 4; robot: 2; pos: (0, 3); time: 10
event: battery_consumption; timestamp: 48.0034; robot: 2; time: 10; initial_level: 85.39; final_level: 75.39
event: task_resolution; timestamp: 58.0034; task: 4; pos: (0, 3); status: COMPLETED; attempt: 1
event: battery_consumption; timestamp: 58.0034; robot: 2; time: 4.47214; initial_level: 75.39; final_level: 70.9179
event: navigation; timestamp: 58.0034; robot: 2; time: 4.47214; src: (0, 3); dst: (4, 1)
event: task_execution; timestamp: 49; task: 11; robot: 1; pos: (3.13, -0.5); time: 10
event: battery_consumption; timestamp: 49; robot: 1; time: 10; initial_level: 78.7294; final_level: 68.7294
event: task_resolution; timestamp: 59; task: 11; pos: (3.13, -0.5); status: COMPLETED; attempt: 1
event: battery_consumption; timestamp: 59; robot: 1; time: 3.16968; initial_level: 68.7294; final_level: 65.5597
event: navigation; timestamp: 59; robot: 1; time: 3.16968; src: (3.13, -0.5); dst: (0, 0)
event: robot_finished; timestamp: 62.1697; robot: 1; pos: (0, 0); battery: 65.5597
event: task_execution; timestamp: 51.3462; task: 8; robot: 5; pos: (4.87, 0.5); time: 10
event: battery_consumption; timestamp: 51.3462; robot: 5; time: 10; initial_level: 77.6538; final_level: 67.6538
event: task_resolution; timestamp: 61.3462; task: 8; pos: (4.87, 0.5); status: COMPLETED; attempt: 1
event: battery_consumption; timestamp: 61.3462; robot: 5; time: 4.8956; initial_level: 67.6538; final_level: 62.7582
event: navigation; timestamp: 61.3462; robot: 5; time: 4.8956; src: (4.87, 0.5); dst: (0, 0)
event: robot_finished; timestamp: 66.2418; robot: 5; pos: (0, 0); battery: 62.7582
event: task_execution; timestamp: 52.558; task: 3; robot: 4; pos: (0.87, 3.5); time: 10
event: battery_consumption; timestamp: 52.558; robot: 4; time: 10; initial_level: 80.442; final_level: 70.442
event: task_resolution; timestamp: 62.558; task: 3; pos: (0.87, 3.5); status: COMPLETED; attempt: 1
event: battery_consumption; timestamp: 62.558; robot: 4; time: 3.60651; initial_level: 70.442; final_level: 66.8355
event: navigation; timestamp: 62.558; robot: 4; time: 3.60651; src: (0.87, 3.5); dst: (0, 0)
event: robot_finished; timestamp: 66.1645; robot: 4; pos: (0, 0); battery: 66.8355
event: task_execution; timestamp: 56.1667; task: 15; robot: 3; pos: (0.87, -4.5); time: 10
event: battery_consumption; timestamp: 56.1667; robot: 3; time: 10; initial_level: 76.25; final_level: 66.25
event: task_resolution; timestamp: 66.1667; task: 15; pos: (0.87, -4.5); status: COMPLETED; attempt: 1
event: battery_consumption; timestamp: 66.1667; robot: 3; time: 4.58333; initial_level: 66.25; final_level: 61.6667
event: navigation; timestamp: 66.1667; robot: 3; time: 4.58333; src: (0.87, -4.5); dst: (0, 0)
event: robot_finished; timestamp: 70.75; robot: 3; pos: (0, 0); battery: 61.6667
event: task_execution; timestamp: 62.4756; task: 7; robot: 2; pos: (4, 1); time: 10
event: battery_consumption; timestamp: 62.4756; robot: 2; time: 10; initial_level: 70.9179; final_level: 60.9179
event: task_resolution; timestamp: 72.4756; task: 7; pos: (4, 1); status: COMPLETED; attempt: 1
event: battery_consumption; timestamp: 72.4756; robot: 2; time: 4.12311; initial_level: 60.9179; final_level: 56.7948
event: navigation; timestamp: 72.4756; robot: 2; time: 4.12311; src: (4, 1); dst: (0, 0)
event: robot_finished; timestamp: 76.5987; robot: 2; pos: (0, 0); battery: 56.7948
metric: available_agents; value: 0
metric: failed_agents; value: 0
metric: finished_agents; value: 5
metric: completed_tasks; value: 11
metric: pending_tasks; value: 0
metric: failed_tasks; value: 13
metric: average_robot_makespan; value: 68.3849
metric: sd_robot_makespan; value: 5.50481
metric: max_robot_makespan; value: 76.5987
metric: min_robot_makespan; value: 62.1697
metric: average_robot_travel_distance; value: 15.277
metric: sd_robot_travel_distance; value: 2.37996
metric: max_robot_travel_distance; value: 18.3333
metric: min_robot_travel_distance; value: 13.1645
metric: sum_robot_travel_distance; value: 76.3851
metric: average_completed_tasks_by_robot; value: 0
metric: sd_completed_tasks_by_robot; value: 0
metric: max_completed_tasks_by_robot; value: 0
metric: min_completed_tasks_by_robot; value: 0
metric: final_reward; value: 0.458333
metric: computing_time; value: 0.000737104
