info: solver_name; value: dec-mcts-v2
info: reward_function; value: reward00
info: replica; value: 1
info: filename; value: ../logs/prueba/scenario_20t_05_3r_dec-mcts-v2_reward00_001.log
info: scenario_name; value: scenario_20t_05_3r
info: scenario_name; value: scenario_20t_05_3r
info: number_of_tasks; value: 20
info: number_of_robots; value: 3
info: number_of_recharging_stations; value: 1
info: scenario_size; value: (200,200)
event: recharging_station_spawn; timestamp: 0; recharging_station: 1; pos: (0, 0)
event: task_spawn; timestamp: 0; task: 1; pos: (16, 84); earliest_start: 0; latest_start: 900; state: PENDING; required_workers: 1; success_prob: 0.7; max_attempts: 1
event: task_spawn; timestamp: 0; task: 2; pos: (-15, -42); earliest_start: 0; latest_start: 540; state: PENDING; required_workers: 2; success_prob: 0.6; max_attempts: 1
event: task_spawn; timestamp: 0; task: 3; pos: (46, -95); earliest_start: 0; latest_start: 1080; state: PENDING; required_workers: 2; success_prob: 0.8; max_attempts: 1
event: task_spawn; timestamp: 0; task: 4; pos: (45, 64); earliest_start: 0; latest_start: 1080; state: PENDING; required_workers: 2; success_prob: 0.8; max_attempts: 1
event: task_spawn; timestamp: 0; task: 5; pos: (-30, 7); earliest_start: 0; latest_start: 360; state: PENDING; required_workers: 1; success_prob: 0.5; max_attempts: 1
event: task_spawn; timestamp: 0; task: 6; pos: (65, 77); earliest_start: 0; latest_start: 1080; state: PENDING; required_workers: 3; success_prob: 0.5; max_attempts: 1
event: task_spawn; timestamp: 0; task: 7; pos: (49, 52); earliest_start: 0; latest_start: 270; state: PENDING; required_workers: 3; success_prob: 0.8; max_attempts: 1
event: task_spawn; timestamp: 0; task: 8; pos: (-59, -97); earliest_start: 0; latest_start: 630; state: PENDING; required_workers: 3; success_prob: 0.7; max_attempts: 1
event: task_spawn; timestamp: 0; task: 9; pos: (-88, 81); earliest_start: 0; latest_start: 540; state: PENDING; required_workers: 2; success_prob: 0.8; max_attempts: 1
event: task_spawn; timestamp: 0; task: 10; pos: (-90, -6); earliest_start: 0; latest_start: 900; state: PENDING; required_workers: 2; success_prob: 0.8; max_attempts: 1
event: task_spawn; timestamp: 0; task: 11; pos: (35, -56); earliest_start: 0; latest_start: 720; state: PENDING; required_workers: 2; success_prob: 0.5; max_attempts: 1
event: task_spawn; timestamp: 0; task: 12; pos: (-84, -51); earliest_start: 0; latest_start: 540; state: PENDING; required_workers: 1; success_prob: 0.8; max_attempts: 1
event: task_spawn; timestamp: 0; task: 13; pos: (-99, 25); earliest_start: 0; latest_start: 720; state: PENDING; required_workers: 1; success_prob: 0.9; max_attempts: 1
event: task_spawn; timestamp: 0; task: 14; pos: (30, -36); earliest_start: 0; latest_start: 810; state: PENDING; required_workers: 3; success_prob: 0.7; max_attempts: 1
event: task_spawn; timestamp: 0; task: 15; pos: (-19, 25); earliest_start: 0; latest_start: 630; state: PENDING; required_workers: 3; success_prob: 0.7; max_attempts: 1
event: task_spawn; timestamp: 0; task: 16; pos: (96, 92); earliest_start: 0; latest_start: 720; state: PENDING; required_workers: 3; success_prob: 0.6; max_attempts: 1
event: task_spawn; timestamp: 0; task: 17; pos: (16, 49); earliest_start: 0; latest_start: 1080; state: PENDING; required_workers: 3; success_prob: 0.6; max_attempts: 1
event: task_spawn; timestamp: 0; task: 18; pos: (10, -17); earliest_start: 0; latest_start: 360; state: PENDING; required_workers: 1; success_prob: 0.8; max_attempts: 1
event: task_spawn; timestamp: 0; task: 19; pos: (14, 46); earliest_start: 0; latest_start: 900; state: PENDING; required_workers: 1; success_prob: 0.7; max_attempts: 1
event: task_spawn; timestamp: 0; task: 20; pos: (-26, 52); earliest_start: 0; latest_start: 540; state: PENDING; required_workers: 3; success_prob: 0.6; max_attempts: 1
event: robot_spawn; timestamp: 0; robot: 1; pos: (0, 0); state: AVAILABLE; battery_level: 100; battery_capacity: 100; velocity: 5; battery_rate_nav: 0.1
event: robot_spawn; timestamp: 0; robot: 2; pos: (0, 0); state: AVAILABLE; battery_level: 100; battery_capacity: 100; velocity: 5; battery_rate_nav: 0.1
event: robot_spawn; timestamp: 0; robot: 3; pos: (0, 0); state: AVAILABLE; battery_level: 100; battery_capacity: 100; velocity: 5; battery_rate_nav: 0.1
event: battery_consumption; timestamp: 0; robot: 2; time: 20.4216; initial_level: 100; final_level: 97.9578
event: navigation; timestamp: 0; robot: 2; time: 20.4216; src: (0, 0); dst: (-99, 25)
event: battery_consumption; timestamp: 0; robot: 1; time: 19.654; initial_level: 100; final_level: 98.0346
event: navigation; timestamp: 0; robot: 1; time: 19.654; src: (0, 0); dst: (-84, -51)
event: battery_consumption; timestamp: 1; robot: 3; time: 17.102; initial_level: 100; final_level: 98.2898
event: navigation; timestamp: 1; robot: 3; time: 17.102; src: (0, 0); dst: (16, 84)
event: task_execution; timestamp: 19.654; task: 12; robot: 1; pos: (-84, -51); time: 0
event: battery_consumption; timestamp: 19.654; robot: 1; time: 0; initial_level: 98.0346; final_level: 88.0346
event: task_resolution; timestamp: 19.654; task: 12; pos: (-84, -51); status: FAILED; attempt: 1
event: battery_consumption; timestamp: 19.654; robot: 1; time: 19.992; initial_level: 88.0346; final_level: 86.0354
event: navigation; timestamp: 19.654; robot: 1; time: 19.992; src: (-84, -51); dst: (10, -17)
event: task_execution; timestamp: 20.4216; task: 13; robot: 2; pos: (-99, 25); time: 15.7569
event: battery_consumption; timestamp: 20.4216; robot: 2; time: 15.7569; initial_level: 97.9578; final_level: 82.2009
event: task_resolution; timestamp: 36.1785; task: 13; pos: (-99, 25); status: COMPLETED; attempt: 1
event: battery_consumption; timestamp: 37.1785; robot: 2; time: 37.6431; initial_level: 82.2009; final_level: 78.4366
event: navigation; timestamp: 37.1785; robot: 2; time: 37.6431; src: (-99, 25); dst: (46, -95)
event: task_execution; timestamp: 39.646; task: 18; robot: 1; pos: (10, -17); time: 73.2968
event: battery_consumption; timestamp: 39.646; robot: 1; time: 73.2968; initial_level: 86.0354; final_level: 12.7386
event: task_resolution; timestamp: 112.943; task: 18; pos: (10, -17); status: COMPLETED; attempt: 1
event: battery_consumption; timestamp: 112.943; robot: 1; time: 17.1814; initial_level: 12.7386; final_level: 11.0204
event: navigation; timestamp: 112.943; robot: 1; time: 17.1814; src: (10, -17); dst: (46, -95)
event: task_execution; timestamp: 18.102; task: 1; robot: 3; pos: (16, 84); time: 98.2898
event: battery_consumption; timestamp: 18.102; robot: 3; time: 98.2898; initial_level: 98.2898; final_level: 88.2898
event: task_resolution; timestamp: 116.392; task: 1; pos: (16, 84); status: FAILED; attempt: 1
event: battery_consumption; timestamp: 116.392; robot: 3; time: 17.9388; initial_level: 88.2898; final_level: 86.4959
event: navigation; timestamp: 116.392; robot: 3; time: 17.9388; src: (16, 84); dst: (-30, 7)
event: task_execution; timestamp: 130.124; task: 3; robot: 1; pos: (46, -95); time: 11.0204
event: battery_consumption; timestamp: 130.124; robot: 1; time: 11.0204; initial_level: 11.0204; final_level: 1.02043
event: task_execution; timestamp: 130.124; task: 3; robot: 2; pos: (46, -95); time: 11.0204
event: battery_consumption; timestamp: 130.124; robot: 2; time: 11.0204; initial_level: 78.4366; final_level: 68.4366
event: task_resolution; timestamp: 141.145; task: 3; pos: (46, -95); status: FAILED; attempt: 1
event: battery_consumption; timestamp: 141.145; robot: 1; time: 21.1102; initial_level: 1.02043; final_level: 0
event: navigation; timestamp: 141.145; robot: 1; time: 21.1102; src: (46, -95); dst: (0, 0)
event: recharge; timestamp: 162.255; robot: 1; recharging_station: 1; pos: (0, 0); level: 100
event: battery_consumption; timestamp: 141.145; robot: 2; time: 28.9171; initial_level: 68.4366; final_level: 65.5449
event: navigation; timestamp: 141.145; robot: 2; time: 28.9171; src: (46, -95); dst: (14, 46)
event: battery_consumption; timestamp: 162.255; robot: 1; time: 8.91964; initial_level: 100; final_level: 99.108
event: navigation; timestamp: 162.255; robot: 1; time: 8.91964; src: (0, 0); dst: (-15, -42)
event: task_execution; timestamp: 134.331; task: 5; robot: 3; pos: (-30, 7); time: 46.0946
event: battery_consumption; timestamp: 134.331; robot: 3; time: 46.0946; initial_level: 86.4959; final_level: 40.4013
event: task_resolution; timestamp: 180.425; task: 5; pos: (-30, 7); status: COMPLETED; attempt: 1
event: battery_consumption; timestamp: 180.425; robot: 3; time: 10.2489; initial_level: 40.4013; final_level: 39.3764
event: navigation; timestamp: 180.425; robot: 3; time: 10.2489; src: (-30, 7); dst: (-15, -42)
event: task_execution; timestamp: 190.674; task: 2; robot: 1; pos: (-15, -42); time: 0
event: battery_consumption; timestamp: 190.674; robot: 1; time: 0; initial_level: 99.108; final_level: 89.108
event: task_execution; timestamp: 190.674; task: 2; robot: 3; pos: (-15, -42); time: 0
event: battery_consumption; timestamp: 190.674; robot: 3; time: 0; initial_level: 39.3764; final_level: 29.3764
event: task_resolution; timestamp: 190.674; task: 2; pos: (-15, -42); status: FAILED; attempt: 1
event: battery_consumption; timestamp: 190.674; robot: 3; time: 24.3606; initial_level: 29.3764; final_level: 26.9403
event: navigation; timestamp: 190.674; robot: 3; time: 24.3606; src: (-15, -42); dst: (45, 64)
event: battery_consumption; timestamp: 190.674; robot: 1; time: 24.3606; initial_level: 89.108; final_level: 86.672
event: navigation; timestamp: 190.674; robot: 1; time: 24.3606; src: (-15, -42); dst: (45, 64)
event: task_execution; timestamp: 170.062; task: 19; robot: 2; pos: (14, 46); time: 48.8667
event: battery_consumption; timestamp: 170.062; robot: 2; time: 48.8667; initial_level: 65.5449; final_level: 16.6783
event: task_resolution; timestamp: 218.928; task: 19; pos: (14, 46); status: COMPLETED; attempt: 1
event: battery_consumption; timestamp: 218.928; robot: 2; time: 11.9365; initial_level: 16.6783; final_level: 15.4846
event: navigation; timestamp: 218.928; robot: 2; time: 11.9365; src: (14, 46); dst: (65, 77)
event: task_execution; timestamp: 215.035; task: 4; robot: 1; pos: (45, 64); time: 26.9403
event: battery_consumption; timestamp: 215.035; robot: 1; time: 26.9403; initial_level: 86.672; final_level: 76.672
event: task_execution; timestamp: 215.035; task: 4; robot: 3; pos: (45, 64); time: 26.9403
event: battery_consumption; timestamp: 215.035; robot: 3; time: 26.9403; initial_level: 26.9403; final_level: 16.9403
event: task_resolution; timestamp: 241.975; task: 4; pos: (45, 64); status: FAILED; attempt: 1
event: battery_consumption; timestamp: 241.975; robot: 1; time: 4.77074; initial_level: 76.672; final_level: 76.1949
event: navigation; timestamp: 241.975; robot: 1; time: 4.77074; src: (45, 64); dst: (65, 77)
event: battery_consumption; timestamp: 241.975; robot: 3; time: 4.77074; initial_level: 16.9403; final_level: 16.4632
event: navigation; timestamp: 241.975; robot: 3; time: 4.77074; src: (45, 64); dst: (65, 77)
event: task_execution; timestamp: 246.746; task: 6; robot: 1; pos: (65, 77); time: 0
event: battery_consumption; timestamp: 246.746; robot: 1; time: 0; initial_level: 76.1949; final_level: 66.1949
event: task_execution; timestamp: 246.746; task: 6; robot: 2; pos: (65, 77); time: 0
event: battery_consumption; timestamp: 246.746; robot: 2; time: 0; initial_level: 15.4846; final_level: 5.48461
event: task_execution; timestamp: 246.746; task: 6; robot: 3; pos: (65, 77); time: 0
event: battery_consumption; timestamp: 246.746; robot: 3; time: 0; initial_level: 16.4632; final_level: 6.46325
event: task_resolution; timestamp: 246.746; task: 6; pos: (65, 77); status: FAILED; attempt: 1
event: battery_consumption; timestamp: 246.746; robot: 2; time: 20.1534; initial_level: 5.48461; final_level: 3.46927
event: navigation; timestamp: 246.746; robot: 2; time: 20.1534; src: (65, 77); dst: (0, 0)
event: recharge; timestamp: 266.899; robot: 2; recharging_station: 1; pos: (0, 0); level: 100
event: battery_consumption; timestamp: 246.746; robot: 1; time: 35.1648; initial_level: 66.1949; final_level: 62.6784
event: navigation; timestamp: 246.746; robot: 1; time: 35.1648; src: (65, 77); dst: (-90, -6)
event: battery_consumption; timestamp: 246.746; robot: 3; time: 20.1534; initial_level: 6.46325; final_level: 4.44791
event: navigation; timestamp: 246.746; robot: 3; time: 20.1534; src: (65, 77); dst: (0, 0)
event: recharge; timestamp: 266.899; robot: 3; recharging_station: 1; pos: (0, 0); level: 100
event: battery_consumption; timestamp: 266.899; robot: 2; time: 18.04; initial_level: 100; final_level: 98.196
event: navigation; timestamp: 266.899; robot: 2; time: 18.04; src: (0, 0); dst: (-90, -6)
event: battery_consumption; timestamp: 266.899; robot: 3; time: 23.9207; initial_level: 100; final_level: 97.6079
event: navigation; timestamp: 266.899; robot: 3; time: 23.9207; src: (0, 0); dst: (-88, 81)
event: task_execution; timestamp: 284.939; task: 10; robot: 1; pos: (-90, -6); time: 62.6784
event: battery_consumption; timestamp: 284.939; robot: 1; time: 62.6784; initial_level: 62.6784; final_level: 52.6784
event: task_execution; timestamp: 284.939; task: 10; robot: 2; pos: (-90, -6); time: 62.6784
event: battery_consumption; timestamp: 284.939; robot: 2; time: 62.6784; initial_level: 98.196; final_level: 88.196
event: task_resolution; timestamp: 347.618; task: 10; pos: (-90, -6); status: FAILED; attempt: 1
event: battery_consumption; timestamp: 347.618; robot: 1; time: 17.4046; initial_level: 52.6784; final_level: 50.938
event: navigation; timestamp: 347.618; robot: 1; time: 17.4046; src: (-90, -6); dst: (-88, 81)
event: battery_consumption; timestamp: 348.618; robot: 2; time: 26.9258; initial_level: 88.196; final_level: 85.5034
event: navigation; timestamp: 348.618; robot: 2; time: 26.9258; src: (-90, -6); dst: (35, -56)
event: task_execution; timestamp: 365.022; task: 9; robot: 1; pos: (-88, 81); time: 0
event: battery_consumption; timestamp: 365.022; robot: 1; time: 0; initial_level: 50.938; final_level: 50.938
event: task_execution; timestamp: 365.022; task: 9; robot: 3; pos: (-88, 81); time: 0
event: battery_consumption; timestamp: 365.022; robot: 3; time: 0; initial_level: 97.6079; final_level: 97.6079
event: task_resolution; timestamp: 365.022; task: 9; pos: (-88, 81); status: COMPLETED; attempt: 1
event: battery_consumption; timestamp: 365.022; robot: 1; time: 33.2343; initial_level: 50.938; final_level: 47.6145
event: navigation; timestamp: 365.022; robot: 1; time: 33.2343; src: (-88, 81); dst: (30, -36)
event: battery_consumption; timestamp: 365.022; robot: 3; time: 36.8228; initial_level: 97.6079; final_level: 93.9256
event: navigation; timestamp: 365.022; robot: 3; time: 36.8228; src: (-88, 81); dst: (35, -56)
event: task_execution; timestamp: 401.845; task: 11; robot: 2; pos: (35, -56); time: 0
event: battery_consumption; timestamp: 401.845; robot: 2; time: 0; initial_level: 85.5034; final_level: 75.5034
event: task_execution; timestamp: 401.845; task: 11; robot: 3; pos: (35, -56); time: 0
event: battery_consumption; timestamp: 401.845; robot: 3; time: 0; initial_level: 93.9256; final_level: 83.9256
event: task_resolution; timestamp: 401.845; task: 11; pos: (35, -56); status: FAILED; attempt: 1
event: battery_consumption; timestamp: 401.845; robot: 3; time: 4.12311; initial_level: 83.9256; final_level: 83.5133
event: navigation; timestamp: 401.845; robot: 3; time: 4.12311; src: (35, -56); dst: (30, -36)
event: battery_consumption; timestamp: 401.845; robot: 2; time: 4.12311; initial_level: 75.5034; final_level: 75.0911
event: navigation; timestamp: 401.845; robot: 2; time: 4.12311; src: (35, -56); dst: (30, -36)
event: task_execution; timestamp: 405.968; task: 14; robot: 1; pos: (30, -36); time: 0
event: battery_consumption; timestamp: 405.968; robot: 1; time: 0; initial_level: 47.6145; final_level: 37.6145
event: task_execution; timestamp: 405.968; task: 14; robot: 2; pos: (30, -36); time: 0
event: battery_consumption; timestamp: 405.968; robot: 2; time: 0; initial_level: 75.0911; final_level: 65.0911
event: task_execution; timestamp: 405.968; task: 14; robot: 3; pos: (30, -36); time: 0
event: battery_consumption; timestamp: 405.968; robot: 3; time: 0; initial_level: 83.5133; final_level: 73.5133
event: task_resolution; timestamp: 405.968; task: 14; pos: (30, -36); status: FAILED; attempt: 1
event: battery_consumption; timestamp: 405.968; robot: 1; time: 15.6486; initial_level: 37.6145; final_level: 36.0497
event: navigation; timestamp: 405.968; robot: 1; time: 15.6486; src: (30, -36); dst: (-19, 25)
event: battery_consumption; timestamp: 405.968; robot: 2; time: 15.6486; initial_level: 65.0911; final_level: 63.5262
event: navigation; timestamp: 405.968; robot: 2; time: 15.6486; src: (30, -36); dst: (-19, 25)
event: battery_consumption; timestamp: 405.968; robot: 3; time: 15.6486; initial_level: 73.5133; final_level: 71.9485
event: navigation; timestamp: 405.968; robot: 3; time: 15.6486; src: (30, -36); dst: (-19, 25)
event: task_execution; timestamp: 421.617; task: 15; robot: 1; pos: (-19, 25); time: 36.0497
event: battery_consumption; timestamp: 421.617; robot: 1; time: 36.0497; initial_level: 36.0497; final_level: 26.0497
event: task_execution; timestamp: 421.617; task: 15; robot: 2; pos: (-19, 25); time: 36.0497
event: battery_consumption; timestamp: 421.617; robot: 2; time: 36.0497; initial_level: 63.5262; final_level: 53.5262
event: task_execution; timestamp: 421.617; task: 15; robot: 3; pos: (-19, 25); time: 36.0497
event: battery_consumption; timestamp: 421.617; robot: 3; time: 36.0497; initial_level: 71.9485; final_level: 61.9485
event: task_resolution; timestamp: 457.666; task: 15; pos: (-19, 25); status: FAILED; attempt: 1
event: battery_consumption; timestamp: 457.666; robot: 2; time: 8.48764; initial_level: 53.5262; final_level: 52.6775
event: navigation; timestamp: 457.666; robot: 2; time: 8.48764; src: (-19, 25); dst: (16, 49)
event: battery_consumption; timestamp: 457.666; robot: 1; time: 8.48764; initial_level: 26.0497; final_level: 25.2009
event: navigation; timestamp: 457.666; robot: 1; time: 8.48764; src: (-19, 25); dst: (16, 49)
event: battery_consumption; timestamp: 457.666; robot: 3; time: 8.48764; initial_level: 61.9485; final_level: 61.0997
event: navigation; timestamp: 457.666; robot: 3; time: 8.48764; src: (-19, 25); dst: (16, 49)
event: task_execution; timestamp: 466.154; task: 17; robot: 1; pos: (16, 49); time: 0
event: battery_consumption; timestamp: 466.154; robot: 1; time: 0; initial_level: 25.2009; final_level: 25.2009
event: task_execution; timestamp: 466.154; task: 17; robot: 2; pos: (16, 49); time: 0
event: battery_consumption; timestamp: 466.154; robot: 2; time: 0; initial_level: 52.6775; final_level: 52.6775
event: task_execution; timestamp: 466.154; task: 17; robot: 3; pos: (16, 49); time: 0
event: battery_consumption; timestamp: 466.154; robot: 3; time: 0; initial_level: 61.0997; final_level: 61.0997
event: task_resolution; timestamp: 466.154; task: 17; pos: (16, 49); status: COMPLETED; attempt: 1
event: battery_consumption; timestamp: 466.154; robot: 1; time: 18.1648; initial_level: 25.2009; final_level: 23.3844
event: navigation; timestamp: 466.154; robot: 1; time: 18.1648; src: (16, 49); dst: (96, 92)
event: battery_consumption; timestamp: 466.154; robot: 3; time: 18.1648; initial_level: 61.0997; final_level: 59.2832
event: navigation; timestamp: 466.154; robot: 3; time: 18.1648; src: (16, 49); dst: (96, 92)
event: battery_consumption; timestamp: 466.154; robot: 2; time: 18.1648; initial_level: 52.6775; final_level: 50.861
event: navigation; timestamp: 466.154; robot: 2; time: 18.1648; src: (16, 49); dst: (96, 92)
event: task_execution; timestamp: 484.319; task: 16; robot: 1; pos: (96, 92); time: 0
event: battery_consumption; timestamp: 484.319; robot: 1; time: 0; initial_level: 23.3844; final_level: 23.3844
event: task_execution; timestamp: 484.319; task: 16; robot: 2; pos: (96, 92); time: 0
event: battery_consumption; timestamp: 484.319; robot: 2; time: 0; initial_level: 50.861; final_level: 50.861
event: task_execution; timestamp: 484.319; task: 16; robot: 3; pos: (96, 92); time: 0
event: battery_consumption; timestamp: 484.319; robot: 3; time: 0; initial_level: 59.2832; final_level: 59.2832
event: task_resolution; timestamp: 484.319; task: 16; pos: (96, 92); status: COMPLETED; attempt: 1
event: battery_consumption; timestamp: 484.319; robot: 1; time: 48.886; initial_level: 23.3844; final_level: 18.4958
event: navigation; timestamp: 484.319; robot: 1; time: 48.886; src: (96, 92); dst: (-59, -97)
event: battery_consumption; timestamp: 484.319; robot: 3; time: 48.886; initial_level: 59.2832; final_level: 54.3946
event: navigation; timestamp: 484.319; robot: 3; time: 48.886; src: (96, 92); dst: (-59, -97)
event: battery_consumption; timestamp: 484.319; robot: 2; time: 48.886; initial_level: 50.861; final_level: 45.9724
event: navigation; timestamp: 484.319; robot: 2; time: 48.886; src: (96, 92); dst: (-59, -97)
event: task_execution; timestamp: 533.205; task: 8; robot: 1; pos: (-59, -97); time: 0
event: battery_consumption; timestamp: 533.205; robot: 1; time: 0; initial_level: 18.4958; final_level: 18.4958
event: task_execution; timestamp: 533.205; task: 8; robot: 2; pos: (-59, -97); time: 0
event: battery_consumption; timestamp: 533.205; robot: 2; time: 0; initial_level: 45.9724; final_level: 45.9724
event: task_execution; timestamp: 533.205; task: 8; robot: 3; pos: (-59, -97); time: 0
event: battery_consumption; timestamp: 533.205; robot: 3; time: 0; initial_level: 54.3946; final_level: 54.3946
event: task_resolution; timestamp: 533.205; task: 8; pos: (-59, -97); status: COMPLETED; attempt: 1
event: battery_consumption; timestamp: 533.205; robot: 3; time: 22.7068; initial_level: 54.3946; final_level: 52.1239
event: navigation; timestamp: 533.205; robot: 3; time: 22.7068; src: (-59, -97); dst: (0, 0)
event: robot_finished; timestamp: 555.912; robot: 3; pos: (0, 0); battery: 52.1239
event: battery_consumption; timestamp: 533.205; robot: 2; time: 22.7068; initial_level: 45.9724; final_level: 43.7017
event: navigation; timestamp: 533.205; robot: 2; time: 22.7068; src: (-59, -97); dst: (0, 0)
event: robot_finished; timestamp: 555.912; robot: 2; pos: (0, 0); battery: 43.7017
event: battery_consumption; timestamp: 533.205; robot: 1; time: 22.7068; initial_level: 18.4958; final_level: 16.2251
event: navigation; timestamp: 533.205; robot: 1; time: 22.7068; src: (-59, -97); dst: (0, 0)
event: robot_finished; timestamp: 555.912; robot: 1; pos: (0, 0); battery: 16.2251
metric: available_agents; value: 0
metric: failed_agents; value: 0
metric: finished_agents; value: 3
metric: completed_tasks; value: 8
metric: pending_tasks; value: 1
metric: failed_tasks; value: 11
metric: average_robot_makespan; value: 555.912
metric: sd_robot_makespan; value: 0
metric: max_robot_makespan; value: 555.912
metric: min_robot_makespan; value: 555.912
metric: average_robot_travel_distance; value: 1451.79
metric: sd_robot_travel_distance; value: 111.817
metric: max_robot_travel_distance; value: 1578.43
metric: min_robot_travel_distance; value: 1366.68
metric: sum_robot_travel_distance; value: 4355.38
metric: average_completed_tasks_by_robot; value: 0
metric: sd_completed_tasks_by_robot; value: 0
metric: max_completed_tasks_by_robot; value: 0
metric: min_completed_tasks_by_robot; value: 0
metric: final_reward; value: 0.4
metric: computing_time; value: 22.2842
