info: solver_name; value: cbaa
info: reward_function; value: reward00
info: replica; value: 23
info: filename; value: ../logs/prueba/scenario_12_06_01_cbaa_reward00_023.log
info: scenario_name; value: scenario_12_06_01
info: scenario_name; value: scenario_12_06_01
info: number_of_tasks; value: 12
info: number_of_robots; value: 6
info: number_of_recharging_stations; value: 1
info: scenario_size; value: (200,200)
event: recharging_station_spawn; timestamp: 0; recharging_station: 1; pos: (0, 0)
event: task_spawn; timestamp: 0; task: 1; pos: (-70.0709, -68.0831); earliest_start: 0; latest_start: 1080; state: PENDING; required_workers: 3; success_prob: 0.8; max_attempts: 1
event: task_spawn; timestamp: 0; task: 2; pos: (-17.4248, -96.1114); earliest_start: 0; latest_start: 810; state: PENDING; required_workers: 3; success_prob: 0.8; max_attempts: 1
event: task_spawn; timestamp: 0; task: 3; pos: (-29.5006, -24.1376); earliest_start: 0; latest_start: 1080; state: PENDING; required_workers: 2; success_prob: 0.8; max_attempts: 1
event: task_spawn; timestamp: 0; task: 4; pos: (6.58351, -36.5381); earliest_start: 0; latest_start: 540; state: PENDING; required_workers: 1; success_prob: 0.8; max_attempts: 1
event: task_spawn; timestamp: 0; task: 5; pos: (-46.7684, -52.5449); earliest_start: 0; latest_start: 540; state: PENDING; required_workers: 3; success_prob: 0.8; max_attempts: 1
event: task_spawn; timestamp: 0; task: 6; pos: (-87.1468, -93.4297); earliest_start: 0; latest_start: 810; state: PENDING; required_workers: 2; success_prob: 0.8; max_attempts: 1
event: task_spawn; timestamp: 0; task: 7; pos: (-74.758, -54.3258); earliest_start: 0; latest_start: 540; state: PENDING; required_workers: 2; success_prob: 0.8; max_attempts: 1
event: task_spawn; timestamp: 0; task: 8; pos: (-1.29451, 32.4663); earliest_start: 0; latest_start: 540; state: PENDING; required_workers: 2; success_prob: 0.8; max_attempts: 1
event: task_spawn; timestamp: 0; task: 9; pos: (60.5478, -15.9338); earliest_start: 0; latest_start: 1080; state: PENDING; required_workers: 1; success_prob: 0.8; max_attempts: 1
event: task_spawn; timestamp: 0; task: 10; pos: (56.8755, 43.1394); earliest_start: 0; latest_start: 810; state: PENDING; required_workers: 2; success_prob: 0.8; max_attempts: 1
event: task_spawn; timestamp: 0; task: 11; pos: (-24.173, 41.1999); earliest_start: 0; latest_start: 540; state: PENDING; required_workers: 2; success_prob: 0.8; max_attempts: 1
event: task_spawn; timestamp: 0; task: 12; pos: (72.2993, -29.315); earliest_start: 0; latest_start: 1080; state: PENDING; required_workers: 1; success_prob: 0.8; max_attempts: 1
event: robot_spawn; timestamp: 0; robot: 1; pos: (0, 0); state: AVAILABLE; battery_level: 100; battery_capacity: 100; velocity: 5; battery_rate_nav: 0.1
event: robot_spawn; timestamp: 0; robot: 2; pos: (0, 0); state: AVAILABLE; battery_level: 100; battery_capacity: 100; velocity: 5; battery_rate_nav: 0.1
event: robot_spawn; timestamp: 0; robot: 3; pos: (0, 0); state: AVAILABLE; battery_level: 100; battery_capacity: 100; velocity: 5; battery_rate_nav: 0.1
event: robot_spawn; timestamp: 0; robot: 4; pos: (0, 0); state: AVAILABLE; battery_level: 100; battery_capacity: 100; velocity: 5; battery_rate_nav: 0.1
event: robot_spawn; timestamp: 0; robot: 5; pos: (0, 0); state: AVAILABLE; battery_level: 100; battery_capacity: 100; velocity: 5; battery_rate_nav: 0.1
event: robot_spawn; timestamp: 0; robot: 6; pos: (0, 0); state: AVAILABLE; battery_level: 100; battery_capacity: 100; velocity: 5; battery_rate_nav: 0.1
event: battery_consumption; timestamp: 0; robot: 2; time: 6.49842; initial_level: 100; final_level: 99.3502
event: navigation; timestamp: 0; robot: 2; time: 6.49842; src: (0, 0); dst: (-1.29451, 32.4663)
event: battery_consumption; timestamp: 0; robot: 3; time: 6.49842; initial_level: 100; final_level: 99.3502
event: navigation; timestamp: 0; robot: 3; time: 6.49842; src: (0, 0); dst: (-1.29451, 32.4663)
event: battery_consumption; timestamp: 0; robot: 5; time: 7.4253; initial_level: 100; final_level: 99.2575
event: navigation; timestamp: 0; robot: 5; time: 7.4253; src: (0, 0); dst: (6.58351, -36.5381)
event: battery_consumption; timestamp: 0; robot: 1; time: 7.62341; initial_level: 100; final_level: 99.2377
event: navigation; timestamp: 0; robot: 1; time: 7.62341; src: (0, 0); dst: (-29.5006, -24.1376)
event: battery_consumption; timestamp: 0; robot: 4; time: 7.62341; initial_level: 100; final_level: 99.2377
event: navigation; timestamp: 0; robot: 4; time: 7.62341; src: (0, 0); dst: (-29.5006, -24.1376)
event: battery_consumption; timestamp: 0; robot: 6; time: 9.55357; initial_level: 100; final_level: 99.0446
event: navigation; timestamp: 0; robot: 6; time: 9.55357; src: (0, 0); dst: (-24.173, 41.1999)
event: task_execution; timestamp: 6.49842; task: 8; robot: 2; pos: (-1.29451, 32.4663); time: 0
event: battery_consumption; timestamp: 6.49842; robot: 2; time: 0; initial_level: 99.3502; final_level: 99.3502
event: task_execution; timestamp: 6.49842; task: 8; robot: 3; pos: (-1.29451, 32.4663); time: 0
event: battery_consumption; timestamp: 6.49842; robot: 3; time: 0; initial_level: 99.3502; final_level: 99.3502
event: task_resolution; timestamp: 6.49842; task: 8; pos: (-1.29451, 32.4663); status: COMPLETED; attempt: 1
event: battery_consumption; timestamp: 6.49842; robot: 3; time: 4.89776; initial_level: 99.3502; final_level: 98.8604
event: navigation; timestamp: 6.49842; robot: 3; time: 4.89776; src: (-1.29451, 32.4663); dst: (-24.173, 41.1999)
event: battery_consumption; timestamp: 6.49842; robot: 2; time: 11.8282; initial_level: 99.3502; final_level: 98.1673
event: navigation; timestamp: 6.49842; robot: 2; time: 11.8282; src: (-1.29451, 32.4663); dst: (56.8755, 43.1394)
event: task_execution; timestamp: 7.4253; task: 4; robot: 5; pos: (6.58351, -36.5381); time: 0
event: battery_consumption; timestamp: 7.4253; robot: 5; time: 0; initial_level: 99.2575; final_level: 89.2575
event: task_resolution; timestamp: 7.4253; task: 4; pos: (6.58351, -36.5381); status: FAILED; attempt: 1
event: battery_consumption; timestamp: 7.4253; robot: 5; time: 11.1403; initial_level: 89.2575; final_level: 88.1434
event: navigation; timestamp: 7.4253; robot: 5; time: 11.1403; src: (6.58351, -36.5381); dst: (-46.7684, -52.5449)
event: task_execution; timestamp: 11.3962; task: 11; robot: 3; pos: (-24.173, 41.1999); time: 0
event: battery_consumption; timestamp: 11.3962; robot: 3; time: 0; initial_level: 98.8604; final_level: 88.8604
event: task_execution; timestamp: 11.3962; task: 11; robot: 6; pos: (-24.173, 41.1999); time: 0
event: battery_consumption; timestamp: 11.3962; robot: 6; time: 0; initial_level: 99.0446; final_level: 89.0446
event: task_resolution; timestamp: 11.3962; task: 11; pos: (-24.173, 41.1999); status: FAILED; attempt: 1
event: battery_consumption; timestamp: 11.3962; robot: 6; time: 16.2143; initial_level: 89.0446; final_level: 87.4232
event: navigation; timestamp: 11.3962; robot: 6; time: 16.2143; src: (-24.173, 41.1999); dst: (56.8755, 43.1394)
event: battery_consumption; timestamp: 11.3962; robot: 3; time: 19.2859; initial_level: 88.8604; final_level: 86.9318
event: navigation; timestamp: 11.3962; robot: 3; time: 19.2859; src: (-24.173, 41.1999); dst: (-46.7684, -52.5449)
event: task_execution; timestamp: 27.6105; task: 10; robot: 2; pos: (56.8755, 43.1394); time: 0
event: battery_consumption; timestamp: 27.6105; robot: 2; time: 0; initial_level: 98.1673; final_level: 98.1673
event: task_execution; timestamp: 27.6105; task: 10; robot: 6; pos: (56.8755, 43.1394); time: 0
event: battery_consumption; timestamp: 27.6105; robot: 6; time: 0; initial_level: 87.4232; final_level: 87.4232
event: task_resolution; timestamp: 27.6105; task: 10; pos: (56.8755, 43.1394); status: COMPLETED; attempt: 1
event: battery_consumption; timestamp: 27.6105; robot: 6; time: 11.8374; initial_level: 87.4232; final_level: 86.2395
event: navigation; timestamp: 27.6105; robot: 6; time: 11.8374; src: (56.8755, 43.1394); dst: (60.5478, -15.9338)
event: battery_consumption; timestamp: 27.6105; robot: 2; time: 14.8156; initial_level: 98.1673; final_level: 96.6858
event: navigation; timestamp: 27.6105; robot: 2; time: 14.8156; src: (56.8755, 43.1394); dst: (72.2993, -29.315)
event: task_execution; timestamp: 7.62341; task: 3; robot: 1; pos: (-29.5006, -24.1376); time: 89.3499
event: battery_consumption; timestamp: 7.62341; robot: 1; time: 89.3499; initial_level: 99.2377; final_level: 9.88774
event: task_execution; timestamp: 7.62341; task: 3; robot: 4; pos: (-29.5006, -24.1376); time: 89.3499
event: battery_consumption; timestamp: 7.62341; robot: 4; time: 89.3499; initial_level: 99.2377; final_level: 9.88774
event: task_resolution; timestamp: 96.9733; task: 3; pos: (-29.5006, -24.1376); status: COMPLETED; attempt: 1
event: battery_consumption; timestamp: 96.9733; robot: 4; time: 6.64876; initial_level: 9.88774; final_level: 9.22286
event: navigation; timestamp: 96.9733; robot: 4; time: 6.64876; src: (-29.5006, -24.1376); dst: (-46.7684, -52.5449)
event: battery_consumption; timestamp: 96.9733; robot: 1; time: 10.8804; initial_level: 9.88774; final_level: 8.7997
event: navigation; timestamp: 96.9733; robot: 1; time: 10.8804; src: (-29.5006, -24.1376); dst: (-74.758, -54.3258)
event: task_execution; timestamp: 103.622; task: 5; robot: 3; pos: (-46.7684, -52.5449); time: 0
event: battery_consumption; timestamp: 103.622; robot: 3; time: 0; initial_level: 86.9318; final_level: 86.9318
event: task_execution; timestamp: 103.622; task: 5; robot: 4; pos: (-46.7684, -52.5449); time: 0
event: battery_consumption; timestamp: 103.622; robot: 4; time: 0; initial_level: 9.22286; final_level: 9.22286
event: task_execution; timestamp: 103.622; task: 5; robot: 5; pos: (-46.7684, -52.5449); time: 0
event: battery_consumption; timestamp: 103.622; robot: 5; time: 0; initial_level: 88.1434; final_level: 88.1434
event: task_resolution; timestamp: 103.622; task: 5; pos: (-46.7684, -52.5449); status: COMPLETED; attempt: 1
event: battery_consumption; timestamp: 103.622; robot: 5; time: 5.60158; initial_level: 88.1434; final_level: 87.5833
event: navigation; timestamp: 103.622; robot: 5; time: 5.60158; src: (-46.7684, -52.5449); dst: (-70.0709, -68.0831)
event: battery_consumption; timestamp: 103.622; robot: 4; time: 5.60158; initial_level: 9.22286; final_level: 8.6627
event: navigation; timestamp: 103.622; robot: 4; time: 5.60158; src: (-46.7684, -52.5449); dst: (-70.0709, -68.0831)
event: battery_consumption; timestamp: 103.622; robot: 3; time: 5.60158; initial_level: 86.9318; final_level: 86.3716
event: navigation; timestamp: 103.622; robot: 3; time: 5.60158; src: (-46.7684, -52.5449); dst: (-70.0709, -68.0831)
event: task_execution; timestamp: 109.224; task: 1; robot: 3; pos: (-70.0709, -68.0831); time: 0
event: battery_consumption; timestamp: 109.224; robot: 3; time: 0; initial_level: 86.3716; final_level: 76.3716
event: task_execution; timestamp: 109.224; task: 1; robot: 4; pos: (-70.0709, -68.0831); time: 0
event: battery_consumption; timestamp: 109.224; robot: 4; time: 0; initial_level: 8.6627; final_level: -1.3373
event: robot_failed; timestamp: 109.224; robot: 4; pos: (-70.0709, -68.0831)
event: task_execution; timestamp: 109.224; task: 1; robot: 5; pos: (-70.0709, -68.0831); time: 0
event: battery_consumption; timestamp: 109.224; robot: 5; time: 0; initial_level: 87.5833; final_level: 77.5833
event: task_resolution; timestamp: 109.224; task: 1; pos: (-70.0709, -68.0831); status: FAILED; attempt: 1
event: battery_consumption; timestamp: 109.224; robot: 5; time: 2.90677; initial_level: 77.5833; final_level: 77.2926
event: navigation; timestamp: 109.224; robot: 5; time: 2.90677; src: (-70.0709, -68.0831); dst: (-74.758, -54.3258)
event: battery_consumption; timestamp: 109.224; robot: 3; time: 6.1124; initial_level: 76.3716; final_level: 75.7604
event: navigation; timestamp: 109.224; robot: 3; time: 6.1124; src: (-70.0709, -68.0831); dst: (-87.1468, -93.4297)
event: task_execution; timestamp: 112.13; task: 7; robot: 1; pos: (-74.758, -54.3258); time: 8.7997
event: battery_consumption; timestamp: 112.13; robot: 1; time: 8.7997; initial_level: 8.7997; final_level: -1.2003
event: robot_failed; timestamp: 120.93; robot: 1; pos: (-74.758, -54.3258)
event: task_execution; timestamp: 112.13; task: 7; robot: 5; pos: (-74.758, -54.3258); time: 8.7997
event: battery_consumption; timestamp: 112.13; robot: 5; time: 8.7997; initial_level: 77.2926; final_level: 67.2926
event: task_resolution; timestamp: 120.93; task: 7; pos: (-74.758, -54.3258); status: FAILED; attempt: 1
event: battery_consumption; timestamp: 120.93; robot: 5; time: 8.2039; initial_level: 67.2926; final_level: 66.4722
event: navigation; timestamp: 120.93; robot: 5; time: 8.2039; src: (-74.758, -54.3258); dst: (-87.1468, -93.4297)
event: task_execution; timestamp: 39.448; task: 9; robot: 6; pos: (60.5478, -15.9338); time: 86.2395
event: battery_consumption; timestamp: 39.448; robot: 6; time: 86.2395; initial_level: 86.2395; final_level: 76.2395
event: task_resolution; timestamp: 125.687; task: 9; pos: (60.5478, -15.9338); status: FAILED; attempt: 1
event: battery_consumption; timestamp: 125.687; robot: 6; time: 22.368; initial_level: 76.2395; final_level: 74.0027
event: navigation; timestamp: 125.687; robot: 6; time: 22.368; src: (60.5478, -15.9338); dst: (-17.4248, -96.1114)
event: task_execution; timestamp: 42.4261; task: 12; robot: 2; pos: (72.2993, -29.315); time: 96.6858
event: battery_consumption; timestamp: 42.4261; robot: 2; time: 96.6858; initial_level: 96.6858; final_level: 86.6858
event: task_resolution; timestamp: 139.112; task: 12; pos: (72.2993, -29.315); status: FAILED; attempt: 1
event: battery_consumption; timestamp: 139.112; robot: 2; time: 22.3716; initial_level: 86.6858; final_level: 84.4486
event: navigation; timestamp: 139.112; robot: 2; time: 22.3716; src: (72.2993, -29.315); dst: (-17.4248, -96.1114)
event: task_execution; timestamp: 129.134; task: 6; robot: 3; pos: (-87.1468, -93.4297); time: 66.4722
event: battery_consumption; timestamp: 129.134; robot: 3; time: 66.4722; initial_level: 75.7604; final_level: 65.7604
event: task_execution; timestamp: 129.134; task: 6; robot: 5; pos: (-87.1468, -93.4297); time: 66.4722
event: battery_consumption; timestamp: 129.134; robot: 5; time: 66.4722; initial_level: 66.4722; final_level: 56.4722
event: task_resolution; timestamp: 195.606; task: 6; pos: (-87.1468, -93.4297); status: FAILED; attempt: 1
event: battery_consumption; timestamp: 195.606; robot: 5; time: 13.9547; initial_level: 56.4722; final_level: 55.0767
event: navigation; timestamp: 195.606; robot: 5; time: 13.9547; src: (-87.1468, -93.4297); dst: (-17.4248, -96.1114)
event: battery_consumption; timestamp: 195.606; robot: 3; time: 25.5528; initial_level: 65.7604; final_level: 63.2051
event: navigation; timestamp: 195.606; robot: 3; time: 25.5528; src: (-87.1468, -93.4297); dst: (0, 0)
event: robot_finished; timestamp: 221.159; robot: 3; pos: (0, 0); battery: 63.2051
event: task_execution; timestamp: 209.561; task: 2; robot: 2; pos: (-17.4248, -96.1114); time: 0
event: battery_consumption; timestamp: 209.561; robot: 2; time: 0; initial_level: 84.4486; final_level: 84.4486
event: task_execution; timestamp: 209.561; task: 2; robot: 5; pos: (-17.4248, -96.1114); time: 0
event: battery_consumption; timestamp: 209.561; robot: 5; time: 0; initial_level: 55.0767; final_level: 55.0767
event: task_execution; timestamp: 209.561; task: 2; robot: 6; pos: (-17.4248, -96.1114); time: 0
event: battery_consumption; timestamp: 209.561; robot: 6; time: 0; initial_level: 74.0027; final_level: 74.0027
event: task_resolution; timestamp: 209.561; task: 2; pos: (-17.4248, -96.1114); status: COMPLETED; attempt: 1
event: battery_consumption; timestamp: 209.561; robot: 6; time: 19.5356; initial_level: 74.0027; final_level: 72.0491
event: navigation; timestamp: 209.561; robot: 6; time: 19.5356; src: (-17.4248, -96.1114); dst: (0, 0)
event: robot_finished; timestamp: 229.097; robot: 6; pos: (0, 0); battery: 72.0491
event: battery_consumption; timestamp: 209.561; robot: 2; time: 19.5356; initial_level: 84.4486; final_level: 82.4951
event: navigation; timestamp: 209.561; robot: 2; time: 19.5356; src: (-17.4248, -96.1114); dst: (0, 0)
event: robot_finished; timestamp: 229.097; robot: 2; pos: (0, 0); battery: 82.4951
event: battery_consumption; timestamp: 209.561; robot: 5; time: 19.5356; initial_level: 55.0767; final_level: 53.1232
event: navigation; timestamp: 209.561; robot: 5; time: 19.5356; src: (-17.4248, -96.1114); dst: (0, 0)
event: robot_finished; timestamp: 229.097; robot: 5; pos: (0, 0); battery: 53.1232
metric: available_agents; value: 0
metric: failed_agents; value: 2
metric: finished_agents; value: 4
metric: completed_tasks; value: 5
metric: pending_tasks; value: 0
metric: failed_tasks; value: 7
metric: average_robot_makespan; value: 189.767
metric: sd_robot_makespan; value: 58.0546
metric: max_robot_makespan; value: 229.097
metric: min_robot_makespan; value: 109.224
metric: average_robot_travel_distance; value: 274.711
metric: sd_robot_travel_distance; value: 140.102
metric: max_robot_travel_distance; value: 397.545
metric: min_robot_travel_distance; value: 92.5189
metric: sum_robot_travel_distance; value: 1648.26
metric: average_completed_tasks_by_robot; value: 0
metric: sd_completed_tasks_by_robot; value: 0
metric: max_completed_tasks_by_robot; value: 0
metric: min_completed_tasks_by_robot; value: 0
metric: final_reward; value: 0.416667
metric: computing_time; value: 0.00306705
