info: solver_name; value: cbaa
info: reward_function; value: reward00
info: replica; value: 1
info: filename; value: ../logs/prueba/scenario_15t_04_3r_cbaa_reward00_001.log
info: scenario_name; value: scenario_15t_04_3r
info: scenario_name; value: scenario_15t_04_3r
info: number_of_tasks; value: 15
info: number_of_robots; value: 3
info: number_of_recharging_stations; value: 1
info: scenario_size; value: (200,200)
event: recharging_station_spawn; timestamp: 0; recharging_station: 1; pos: (0, 0)
event: task_spawn; timestamp: 0; task: 1; pos: (-71, -75); earliest_start: 0; latest_start: 450; state: PENDING; required_workers: 1; success_prob: 0.8; max_attempts: 1
event: task_spawn; timestamp: 0; task: 2; pos: (7, 92); earliest_start: 0; latest_start: 540; state: PENDING; required_workers: 2; success_prob: 0.8; max_attempts: 1
event: task_spawn; timestamp: 0; task: 3; pos: (26, 51); earliest_start: 0; latest_start: 270; state: PENDING; required_workers: 2; success_prob: 0.8; max_attempts: 1
event: task_spawn; timestamp: 0; task: 4; pos: (10, 21); earliest_start: 0; latest_start: 270; state: PENDING; required_workers: 1; success_prob: 0.8; max_attempts: 1
event: task_spawn; timestamp: 0; task: 5; pos: (28, -68); earliest_start: 0; latest_start: 630; state: PENDING; required_workers: 1; success_prob: 0.7; max_attempts: 1
event: task_spawn; timestamp: 0; task: 6; pos: (-21, -25); earliest_start: 0; latest_start: 270; state: PENDING; required_workers: 2; success_prob: 0.6; max_attempts: 1
event: task_spawn; timestamp: 0; task: 7; pos: (-60, -5); earliest_start: 0; latest_start: 630; state: PENDING; required_workers: 2; success_prob: 0.8; max_attempts: 1
event: task_spawn; timestamp: 0; task: 8; pos: (-32, -86); earliest_start: 0; latest_start: 720; state: PENDING; required_workers: 3; success_prob: 0.7; max_attempts: 1
event: task_spawn; timestamp: 0; task: 9; pos: (73, 52); earliest_start: 0; latest_start: 900; state: PENDING; required_workers: 1; success_prob: 0.7; max_attempts: 1
event: task_spawn; timestamp: 0; task: 10; pos: (35, 47); earliest_start: 0; latest_start: 900; state: PENDING; required_workers: 1; success_prob: 0.6; max_attempts: 1
event: task_spawn; timestamp: 0; task: 11; pos: (-77, -9); earliest_start: 0; latest_start: 450; state: PENDING; required_workers: 2; success_prob: 0.7; max_attempts: 1
event: task_spawn; timestamp: 0; task: 12; pos: (-22, -38); earliest_start: 0; latest_start: 1080; state: PENDING; required_workers: 1; success_prob: 0.7; max_attempts: 1
event: task_spawn; timestamp: 0; task: 13; pos: (12, 12); earliest_start: 0; latest_start: 630; state: PENDING; required_workers: 3; success_prob: 0.9; max_attempts: 1
event: task_spawn; timestamp: 0; task: 14; pos: (-27, 43); earliest_start: 0; latest_start: 720; state: PENDING; required_workers: 2; success_prob: 0.6; max_attempts: 1
event: task_spawn; timestamp: 0; task: 15; pos: (75, -41); earliest_start: 0; latest_start: 540; state: PENDING; required_workers: 3; success_prob: 0.8; max_attempts: 1
event: robot_spawn; timestamp: 0; robot: 1; pos: (0, 0); state: AVAILABLE; battery_level: 100; battery_capacity: 100; velocity: 5; battery_rate_nav: 0.1
event: robot_spawn; timestamp: 0; robot: 2; pos: (0, 0); state: AVAILABLE; battery_level: 100; battery_capacity: 100; velocity: 5; battery_rate_nav: 0.1
event: robot_spawn; timestamp: 0; robot: 3; pos: (0, 0); state: AVAILABLE; battery_level: 100; battery_capacity: 100; velocity: 5; battery_rate_nav: 0.1
event: battery_consumption; timestamp: 0; robot: 2; time: 3.39411; initial_level: 100; final_level: 99.6606
event: navigation; timestamp: 0; robot: 2; time: 3.39411; src: (0, 0); dst: (12, 12)
event: battery_consumption; timestamp: 0; robot: 1; time: 4.65188; initial_level: 100; final_level: 99.5348
event: navigation; timestamp: 0; robot: 1; time: 4.65188; src: (0, 0); dst: (10, 21)
event: battery_consumption; timestamp: 0; robot: 3; time: 3.39411; initial_level: 100; final_level: 99.6606
event: navigation; timestamp: 0; robot: 3; time: 3.39411; src: (0, 0); dst: (12, 12)
event: task_execution; timestamp: 4.65188; task: 4; robot: 1; pos: (10, 21); time: 0
event: battery_consumption; timestamp: 4.65188; robot: 1; time: 0; initial_level: 99.5348; final_level: 99.5348
event: task_resolution; timestamp: 4.65188; task: 4; pos: (10, 21); status: COMPLETED; attempt: 1
event: battery_consumption; timestamp: 4.65188; robot: 1; time: 1.84391; initial_level: 99.5348; final_level: 99.3504
event: navigation; timestamp: 4.65188; robot: 1; time: 1.84391; src: (10, 21); dst: (12, 12)
event: task_execution; timestamp: 6.49579; task: 13; robot: 1; pos: (12, 12); time: 99.3504
event: battery_consumption; timestamp: 6.49579; robot: 1; time: 99.3504; initial_level: 99.3504; final_level: 89.3504
event: task_execution; timestamp: 6.49579; task: 13; robot: 2; pos: (12, 12); time: 99.3504
event: battery_consumption; timestamp: 6.49579; robot: 2; time: 99.3504; initial_level: 99.6606; final_level: 89.6606
event: task_execution; timestamp: 6.49579; task: 13; robot: 3; pos: (12, 12); time: 99.3504
event: battery_consumption; timestamp: 6.49579; robot: 3; time: 99.3504; initial_level: 99.6606; final_level: 89.6606
event: task_resolution; timestamp: 105.846; task: 13; pos: (12, 12); status: FAILED; attempt: 1
event: battery_consumption; timestamp: 105.846; robot: 1; time: 8.37616; initial_level: 89.3504; final_level: 88.5128
event: navigation; timestamp: 105.846; robot: 1; time: 8.37616; src: (12, 12); dst: (35, 47)
event: battery_consumption; timestamp: 105.846; robot: 3; time: 9.91564; initial_level: 89.6606; final_level: 88.669
event: navigation; timestamp: 105.846; robot: 3; time: 9.91564; src: (12, 12); dst: (-21, -25)
event: battery_consumption; timestamp: 105.846; robot: 2; time: 9.91564; initial_level: 89.6606; final_level: 88.669
event: navigation; timestamp: 105.846; robot: 2; time: 9.91564; src: (12, 12); dst: (-21, -25)
event: task_execution; timestamp: 114.222; task: 10; robot: 1; pos: (35, 47); time: 0
event: battery_consumption; timestamp: 114.222; robot: 1; time: 0; initial_level: 88.5128; final_level: 88.5128
event: task_resolution; timestamp: 114.222; task: 10; pos: (35, 47); status: COMPLETED; attempt: 1
event: battery_consumption; timestamp: 114.222; robot: 1; time: 7.66551; initial_level: 88.5128; final_level: 87.7463
event: navigation; timestamp: 114.222; robot: 1; time: 7.66551; src: (35, 47); dst: (73, 52)
event: task_execution; timestamp: 115.762; task: 6; robot: 2; pos: (-21, -25); time: 3.69121
event: battery_consumption; timestamp: 115.762; robot: 2; time: 3.69121; initial_level: 88.669; final_level: 84.9778
event: task_execution; timestamp: 115.762; task: 6; robot: 3; pos: (-21, -25); time: 3.69121
event: battery_consumption; timestamp: 115.762; robot: 3; time: 3.69121; initial_level: 88.669; final_level: 84.9778
event: task_resolution; timestamp: 119.453; task: 6; pos: (-21, -25); status: COMPLETED; attempt: 1
event: battery_consumption; timestamp: 119.453; robot: 2; time: 2.60768; initial_level: 84.9778; final_level: 84.717
event: navigation; timestamp: 119.453; robot: 2; time: 2.60768; src: (-21, -25); dst: (-22, -38)
event: battery_consumption; timestamp: 119.453; robot: 3; time: 8.76584; initial_level: 84.9778; final_level: 84.1012
event: navigation; timestamp: 119.453; robot: 3; time: 8.76584; src: (-21, -25); dst: (-60, -5)
event: task_execution; timestamp: 121.888; task: 9; robot: 1; pos: (73, 52); time: 14.4409
event: battery_consumption; timestamp: 121.888; robot: 1; time: 14.4409; initial_level: 87.7463; final_level: 73.3053
event: task_resolution; timestamp: 136.329; task: 9; pos: (73, 52); status: COMPLETED; attempt: 1
event: battery_consumption; timestamp: 136.329; robot: 1; time: 9.40213; initial_level: 73.3053; final_level: 72.3651
event: navigation; timestamp: 136.329; robot: 1; time: 9.40213; src: (73, 52); dst: (26, 51)
event: task_execution; timestamp: 122.061; task: 12; robot: 2; pos: (-22, -38); time: 84.717
event: battery_consumption; timestamp: 122.061; robot: 2; time: 84.717; initial_level: 84.717; final_level: 74.717
event: task_resolution; timestamp: 206.778; task: 12; pos: (-22, -38); status: FAILED; attempt: 1
event: battery_consumption; timestamp: 206.778; robot: 2; time: 10.0658; initial_level: 74.717; final_level: 73.7105
event: navigation; timestamp: 206.778; robot: 2; time: 10.0658; src: (-22, -38); dst: (-60, -5)
event: task_execution; timestamp: 216.844; task: 7; robot: 2; pos: (-60, -5); time: 15.7105
event: battery_consumption; timestamp: 216.844; robot: 2; time: 15.7105; initial_level: 73.7105; final_level: 58
event: task_execution; timestamp: 216.844; task: 7; robot: 3; pos: (-60, -5); time: 15.7105
event: battery_consumption; timestamp: 216.844; robot: 3; time: 15.7105; initial_level: 84.1012; final_level: 68.3908
event: task_resolution; timestamp: 232.554; task: 7; pos: (-60, -5); status: COMPLETED; attempt: 1
event: battery_consumption; timestamp: 232.554; robot: 3; time: 3.49285; initial_level: 68.3908; final_level: 68.0415
event: navigation; timestamp: 232.554; robot: 3; time: 3.49285; src: (-60, -5); dst: (-77, -9)
event: battery_consumption; timestamp: 232.554; robot: 2; time: 3.49285; initial_level: 58; final_level: 57.6507
event: navigation; timestamp: 232.554; robot: 2; time: 3.49285; src: (-60, -5); dst: (-77, -9)
event: task_execution; timestamp: 236.047; task: 11; robot: 2; pos: (-77, -9); time: 0
event: battery_consumption; timestamp: 236.047; robot: 2; time: 0; initial_level: 57.6507; final_level: 47.6507
event: task_execution; timestamp: 236.047; task: 11; robot: 3; pos: (-77, -9); time: 0
event: battery_consumption; timestamp: 236.047; robot: 3; time: 0; initial_level: 68.0415; final_level: 58.0415
event: task_resolution; timestamp: 236.047; task: 11; pos: (-77, -9); status: FAILED; attempt: 1
event: battery_consumption; timestamp: 236.047; robot: 3; time: 17.837; initial_level: 58.0415; final_level: 56.2578
event: navigation; timestamp: 236.047; robot: 3; time: 17.837; src: (-77, -9); dst: (-32, -86)
event: battery_consumption; timestamp: 236.047; robot: 2; time: 13.2544; initial_level: 47.6507; final_level: 46.3253
event: navigation; timestamp: 236.047; robot: 2; time: 13.2544; src: (-77, -9); dst: (-71, -75)
event: task_execution; timestamp: 249.301; task: 1; robot: 2; pos: (-71, -75); time: 0
event: battery_consumption; timestamp: 249.301; robot: 2; time: 0; initial_level: 46.3253; final_level: 36.3253
event: task_resolution; timestamp: 249.301; task: 1; pos: (-71, -75); status: FAILED; attempt: 1
event: battery_consumption; timestamp: 249.301; robot: 2; time: 8.10432; initial_level: 36.3253; final_level: 35.5148
event: navigation; timestamp: 249.301; robot: 2; time: 8.10432; src: (-71, -75); dst: (-32, -86)
event: battery_consumption; timestamp: 270; robot: 1; time: 9.0377; initial_level: 72.3651; final_level: 71.4613
event: navigation; timestamp: 270; robot: 1; time: 9.0377; src: (26, 51); dst: (7, 92)
event: battery_consumption; timestamp: 540; robot: 1; time: 32.2744; initial_level: 71.4613; final_level: 68.2339
event: navigation; timestamp: 540; robot: 1; time: 32.2744; src: (7, 92); dst: (28, -68)
event: task_execution; timestamp: 572.274; task: 5; robot: 1; pos: (28, -68); time: 0
event: battery_consumption; timestamp: 572.274; robot: 1; time: 0; initial_level: 68.2339; final_level: 58.2339
event: task_resolution; timestamp: 572.274; task: 5; pos: (28, -68); status: FAILED; attempt: 1
event: battery_consumption; timestamp: 572.274; robot: 1; time: 12.5284; initial_level: 58.2339; final_level: 56.9811
event: navigation; timestamp: 572.274; robot: 1; time: 12.5284; src: (28, -68); dst: (-32, -86)
event: task_execution; timestamp: 584.803; task: 8; robot: 1; pos: (-32, -86); time: 35.5148
event: battery_consumption; timestamp: 584.803; robot: 1; time: 35.5148; initial_level: 56.9811; final_level: 46.9811
event: task_execution; timestamp: 584.803; task: 8; robot: 2; pos: (-32, -86); time: 35.5148
event: battery_consumption; timestamp: 584.803; robot: 2; time: 35.5148; initial_level: 35.5148; final_level: 25.5148
event: task_execution; timestamp: 584.803; task: 8; robot: 3; pos: (-32, -86); time: 35.5148
event: battery_consumption; timestamp: 584.803; robot: 3; time: 35.5148; initial_level: 56.2578; final_level: 46.2578
event: task_resolution; timestamp: 620.318; task: 8; pos: (-32, -86); status: FAILED; attempt: 1
event: battery_consumption; timestamp: 620.318; robot: 2; time: 25.8194; initial_level: 25.5148; final_level: 22.9329
event: navigation; timestamp: 620.318; robot: 2; time: 25.8194; src: (-32, -86); dst: (-27, 43)
event: battery_consumption; timestamp: 620.318; robot: 3; time: 18.3521; initial_level: 46.2578; final_level: 44.4226
event: navigation; timestamp: 620.318; robot: 3; time: 18.3521; src: (-32, -86); dst: (0, 0)
event: robot_finished; timestamp: 638.67; robot: 3; pos: (0, 0); battery: 44.4226
event: battery_consumption; timestamp: 620.318; robot: 1; time: 25.8194; initial_level: 46.9811; final_level: 44.3991
event: navigation; timestamp: 620.318; robot: 1; time: 25.8194; src: (-32, -86); dst: (-27, 43)
event: task_execution; timestamp: 646.137; task: 14; robot: 1; pos: (-27, 43); time: 22.9329
event: battery_consumption; timestamp: 646.137; robot: 1; time: 22.9329; initial_level: 44.3991; final_level: 34.3991
event: task_execution; timestamp: 646.137; task: 14; robot: 2; pos: (-27, 43); time: 22.9329
event: battery_consumption; timestamp: 646.137; robot: 2; time: 22.9329; initial_level: 22.9329; final_level: 12.9329
event: task_resolution; timestamp: 669.07; task: 14; pos: (-27, 43); status: FAILED; attempt: 1
event: battery_consumption; timestamp: 669.07; robot: 1; time: 10.1548; initial_level: 34.3991; final_level: 33.3836
event: navigation; timestamp: 669.07; robot: 1; time: 10.1548; src: (-27, 43); dst: (0, 0)
event: robot_finished; timestamp: 679.225; robot: 1; pos: (0, 0); battery: 33.3836
event: battery_consumption; timestamp: 669.07; robot: 2; time: 10.1548; initial_level: 12.9329; final_level: 11.9174
event: navigation; timestamp: 669.07; robot: 2; time: 10.1548; src: (-27, 43); dst: (0, 0)
event: robot_finished; timestamp: 679.225; robot: 2; pos: (0, 0); battery: 11.9174
metric: available_agents; value: 0
metric: failed_agents; value: 0
metric: finished_agents; value: 3
metric: completed_tasks; value: 5
metric: pending_tasks; value: 0
metric: failed_tasks; value: 10
metric: average_robot_makespan; value: 665.706
metric: sd_robot_makespan; value: 23.4144
metric: max_robot_makespan; value: 679.225
metric: min_robot_makespan; value: 638.67
metric: average_robot_travel_distance; value: 450.535
metric: sd_robot_travel_distance; value: 150.67
metric: max_robot_travel_distance; value: 608.771
metric: min_robot_travel_distance; value: 308.788
metric: sum_robot_travel_distance; value: 1351.6
metric: average_completed_tasks_by_robot; value: 0
metric: sd_completed_tasks_by_robot; value: 0
metric: max_completed_tasks_by_robot; value: 0
metric: min_completed_tasks_by_robot; value: 0
metric: final_reward; value: 0.333333
metric: computing_time; value: 0.00168499
