info: solver_name; value: dec-mcts-v1
info: reward_function; value: reward00
info: replica; value: 1
info: filename; value: ../logs/prueba/scenario_1E_16t_3r_dec-mcts-v1_reward00_001.log
info: scenario_name; value: scenario_1E_16t_3r
info: scenario_name; value: scenario_1E_16t_3r
info: number_of_tasks; value: 16
info: number_of_robots; value: 3
info: number_of_recharging_stations; value: 1
info: scenario_size; value: (15,15)
event: recharging_station_spawn; timestamp: 0; recharging_station: 1; pos: (0, 0)
event: task_spawn; timestamp: 0; task: 1; pos: (0, 5); earliest_start: 30; latest_start: 37.2; state: PENDING; required_workers: 1; success_prob: 1; max_attempts: 1
event: task_spawn; timestamp: 0; task: 2; pos: (1, 4); earliest_start: 1; latest_start: 8.83; state: PENDING; required_workers: 1; success_prob: 1; max_attempts: 1
event: task_spawn; timestamp: 0; task: 3; pos: (0, 3); earliest_start: 26; latest_start: 30.79; state: PENDING; required_workers: 1; success_prob: 1; max_attempts: 1
event: task_spawn; timestamp: 0; task: 4; pos: (-1, 4); earliest_start: 10; latest_start: 21.68; state: PENDING; required_workers: 1; success_prob: 1; max_attempts: 1
event: task_spawn; timestamp: 0; task: 5; pos: (4, 1); earliest_start: 20; latest_start: 31.25; state: PENDING; required_workers: 1; success_prob: 1; max_attempts: 1
event: task_spawn; timestamp: 0; task: 6; pos: (5, 0); earliest_start: 5; latest_start: 14.86; state: PENDING; required_workers: 1; success_prob: 1; max_attempts: 1
event: task_spawn; timestamp: 0; task: 7; pos: (4, -1); earliest_start: 14; latest_start: 28.56; state: PENDING; required_workers: 1; success_prob: 1; max_attempts: 1
event: task_spawn; timestamp: 0; task: 8; pos: (3, -0); earliest_start: 16; latest_start: 27.15; state: PENDING; required_workers: 1; success_prob: 1; max_attempts: 1
event: task_spawn; timestamp: 0; task: 9; pos: (0, -3); earliest_start: 11; latest_start: 19.25; state: PENDING; required_workers: 1; success_prob: 1; max_attempts: 1
event: task_spawn; timestamp: 0; task: 10; pos: (1, -4); earliest_start: 29; latest_start: 38.75; state: PENDING; required_workers: 1; success_prob: 1; max_attempts: 1
event: task_spawn; timestamp: 0; task: 11; pos: (0, -5); earliest_start: 10; latest_start: 19.37; state: PENDING; required_workers: 1; success_prob: 1; max_attempts: 1
event: task_spawn; timestamp: 0; task: 12; pos: (-1, -4); earliest_start: 21; latest_start: 34.01; state: PENDING; required_workers: 1; success_prob: 1; max_attempts: 1
event: task_spawn; timestamp: 0; task: 13; pos: (-4, 1); earliest_start: 20; latest_start: 25.68; state: PENDING; required_workers: 1; success_prob: 1; max_attempts: 1
event: task_spawn; timestamp: 0; task: 14; pos: (-3, 0); earliest_start: 10; latest_start: 16.95; state: PENDING; required_workers: 1; success_prob: 1; max_attempts: 1
event: task_spawn; timestamp: 0; task: 15; pos: (-4, -1); earliest_start: 21; latest_start: 32.22; state: PENDING; required_workers: 1; success_prob: 1; max_attempts: 1
event: task_spawn; timestamp: 0; task: 16; pos: (-5, -0); earliest_start: 12; latest_start: 22.54; state: PENDING; required_workers: 1; success_prob: 1; max_attempts: 1
event: robot_spawn; timestamp: 0; robot: 1; pos: (0, 0); state: AVAILABLE; battery_level: 100; battery_capacity: 100; velocity: 1; battery_rate_nav: 1
event: robot_spawn; timestamp: 0; robot: 2; pos: (0, 0); state: AVAILABLE; battery_level: 100; battery_capacity: 100; velocity: 1; battery_rate_nav: 1
event: robot_spawn; timestamp: 0; robot: 3; pos: (0, 0); state: AVAILABLE; battery_level: 100; battery_capacity: 100; velocity: 1; battery_rate_nav: 1
event: battery_consumption; timestamp: 0; robot: 1; time: 4.12311; initial_level: 100; final_level: 95.8769
event: navigation; timestamp: 0; robot: 1; time: 4.12311; src: (0, 0); dst: (1, 4)
event: battery_consumption; timestamp: 1; robot: 2; time: 3; initial_level: 100; final_level: 97
event: navigation; timestamp: 1; robot: 2; time: 3; src: (0, 0); dst: (-3, 0)
event: battery_consumption; timestamp: 1; robot: 3; time: 4.12311; initial_level: 100; final_level: 95.8769
event: navigation; timestamp: 1; robot: 3; time: 4.12311; src: (0, 0); dst: (-1, 4)
event: task_execution; timestamp: 4.12311; task: 2; robot: 1; pos: (1, 4); time: 10
event: battery_consumption; timestamp: 4.12311; robot: 1; time: 10; initial_level: 95.8769; final_level: 85.8769
event: task_resolution; timestamp: 14.1231; task: 2; pos: (1, 4); status: COMPLETED; attempt: 1
event: battery_consumption; timestamp: 14.1231; robot: 1; time: 4.47214; initial_level: 85.8769; final_level: 81.4048
event: navigation; timestamp: 14.1231; robot: 1; time: 4.47214; src: (1, 4); dst: (3, -0)
event: task_execution; timestamp: 10; task: 4; robot: 3; pos: (-1, 4); time: 10
event: battery_consumption; timestamp: 10; robot: 3; time: 10; initial_level: 95.8769; final_level: 85.8769
event: task_resolution; timestamp: 20; task: 4; pos: (-1, 4); status: COMPLETED; attempt: 1
event: task_execution; timestamp: 10; task: 14; robot: 2; pos: (-3, 0); time: 10
event: battery_consumption; timestamp: 10; robot: 2; time: 10; initial_level: 97; final_level: 87
event: task_resolution; timestamp: 20; task: 14; pos: (-3, 0); status: COMPLETED; attempt: 1
event: battery_consumption; timestamp: 20; robot: 2; time: 2; initial_level: 87; final_level: 85
event: navigation; timestamp: 20; robot: 2; time: 2; src: (-3, 0); dst: (-5, -0)
event: battery_consumption; timestamp: 20; robot: 3; time: 4.24264; initial_level: 85.8769; final_level: 81.6343
event: navigation; timestamp: 20; robot: 3; time: 4.24264; src: (-1, 4); dst: (-4, 1)
event: task_execution; timestamp: 18.5952; task: 8; robot: 1; pos: (3, -0); time: 10
event: battery_consumption; timestamp: 18.5952; robot: 1; time: 10; initial_level: 81.4048; final_level: 71.4048
event: task_resolution; timestamp: 28.5952; task: 8; pos: (3, -0); status: COMPLETED; attempt: 1
event: battery_consumption; timestamp: 28.5952; robot: 1; time: 1.41421; initial_level: 71.4048; final_level: 69.9905
event: navigation; timestamp: 28.5952; robot: 1; time: 1.41421; src: (3, -0); dst: (4, 1)
event: task_execution; timestamp: 22; task: 16; robot: 2; pos: (-5, -0); time: 10
event: battery_consumption; timestamp: 22; robot: 2; time: 10; initial_level: 85; final_level: 75
event: task_resolution; timestamp: 32; task: 16; pos: (-5, -0); status: COMPLETED; attempt: 1
event: battery_consumption; timestamp: 32; robot: 2; time: 1.41421; initial_level: 75; final_level: 73.5858
event: navigation; timestamp: 32; robot: 2; time: 1.41421; src: (-5, -0); dst: (-4, -1)
event: task_execution; timestamp: 24.2426; task: 13; robot: 3; pos: (-4, 1); time: 10
event: battery_consumption; timestamp: 24.2426; robot: 3; time: 10; initial_level: 81.6343; final_level: 71.6343
event: task_resolution; timestamp: 34.2426; task: 13; pos: (-4, 1); status: COMPLETED; attempt: 1
event: battery_consumption; timestamp: 34.2426; robot: 3; time: 7.07107; initial_level: 71.6343; final_level: 64.5632
event: navigation; timestamp: 34.2426; robot: 3; time: 7.07107; src: (-4, 1); dst: (1, -4)
event: task_execution; timestamp: 30.0095; task: 5; robot: 1; pos: (4, 1); time: 10
event: battery_consumption; timestamp: 30.0095; robot: 1; time: 10; initial_level: 69.9905; final_level: 59.9905
event: task_resolution; timestamp: 40.0095; task: 5; pos: (4, 1); status: COMPLETED; attempt: 1
event: battery_consumption; timestamp: 42.0095; robot: 1; time: 4.12311; initial_level: 59.9905; final_level: 55.8674
event: navigation; timestamp: 42.0095; robot: 1; time: 4.12311; src: (4, 1); dst: (0, 0)
event: robot_finished; timestamp: 46.1326; robot: 1; pos: (0, 0); battery: 55.8674
event: task_execution; timestamp: 33.4142; task: 15; robot: 2; pos: (-4, -1); time: 10
event: battery_consumption; timestamp: 33.4142; robot: 2; time: 10; initial_level: 73.5858; final_level: 63.5858
event: task_resolution; timestamp: 43.4142; task: 15; pos: (-4, -1); status: COMPLETED; attempt: 1
event: battery_consumption; timestamp: 44.4142; robot: 2; time: 4.12311; initial_level: 63.5858; final_level: 59.4627
event: navigation; timestamp: 44.4142; robot: 2; time: 4.12311; src: (-4, -1); dst: (0, 0)
event: robot_finished; timestamp: 48.5373; robot: 2; pos: (0, 0); battery: 59.4627
event: task_execution; timestamp: 41.3137; task: 10; robot: 3; pos: (1, -4); time: 10
event: battery_consumption; timestamp: 41.3137; robot: 3; time: 10; initial_level: 64.5632; final_level: 54.5632
event: task_resolution; timestamp: 51.3137; task: 10; pos: (1, -4); status: COMPLETED; attempt: 1
event: battery_consumption; timestamp: 52.3137; robot: 3; time: 4.12311; initial_level: 54.5632; final_level: 50.4401
event: navigation; timestamp: 52.3137; robot: 3; time: 4.12311; src: (1, -4); dst: (0, 0)
event: robot_finished; timestamp: 56.4368; robot: 3; pos: (0, 0); battery: 50.4401
metric: available_agents; value: 0
metric: failed_agents; value: 0
metric: finished_agents; value: 3
metric: completed_tasks; value: 9
metric: pending_tasks; value: 0
metric: failed_tasks; value: 7
metric: average_robot_makespan; value: 50.3689
metric: sd_robot_makespan; value: 5.39077
metric: max_robot_makespan; value: 56.4368
metric: min_robot_makespan; value: 46.1326
metric: average_robot_travel_distance; value: 14.7433
metric: sd_robot_travel_distance; value: 4.5422
metric: max_robot_travel_distance; value: 19.5599
metric: min_robot_travel_distance; value: 10.5373
metric: sum_robot_travel_distance; value: 44.2298
metric: average_completed_tasks_by_robot; value: 0
metric: sd_completed_tasks_by_robot; value: 0
metric: max_completed_tasks_by_robot; value: 0
metric: min_completed_tasks_by_robot; value: 0
metric: final_reward; value: 0.5625
metric: computing_time; value: 16.0166
