info: solver_name; value: greedy
info: reward_function; value: reward00
info: replica; value: 1
info: filename; value: ../logs/prueba/c102_10r_100t_cdb2cd8a_greedy_reward00_001.log
info: scenario_name; value: c102_10r_100t_cdb2cd8a
info: scenario_name; value: c102_10r_100t_cdb2cd8a
info: number_of_tasks; value: 100
info: number_of_robots; value: 10
info: number_of_recharging_stations; value: 1
info: scenario_size; value: (132,132)
event: recharging_station_spawn; timestamp: 0; recharging_station: 1; pos: (0, 0)
event: task_spawn; timestamp: 0; task: 1; pos: (5, 18); earliest_start: 0; latest_start: 1127; state: PENDING; required_workers: 1; success_prob: 0.2; max_attempts: 1
event: task_spawn; timestamp: 0; task: 2; pos: (5, 20); earliest_start: 0; latest_start: 1125; state: PENDING; required_workers: 1; success_prob: 0.2; max_attempts: 1
event: task_spawn; timestamp: 0; task: 3; pos: (2, 16); earliest_start: 0; latest_start: 1129; state: PENDING; required_workers: 1; success_prob: 0.2; max_attempts: 1
event: task_spawn; timestamp: 0; task: 4; pos: (2, 18); earliest_start: 727; latest_start: 782; state: PENDING; required_workers: 1; success_prob: 0.2; max_attempts: 1
event: task_spawn; timestamp: 0; task: 5; pos: (2, 15); earliest_start: 0; latest_start: 1130; state: PENDING; required_workers: 1; success_prob: 0.2; max_attempts: 1
event: task_spawn; timestamp: 0; task: 6; pos: (0, 19); earliest_start: 621; latest_start: 702; state: PENDING; required_workers: 1; success_prob: 0.2; max_attempts: 1
event: task_spawn; timestamp: 0; task: 7; pos: (0, 16); earliest_start: 0; latest_start: 1130; state: PENDING; required_workers: 1; success_prob: 0.2; max_attempts: 1
event: task_spawn; timestamp: 0; task: 8; pos: (-2, 18); earliest_start: 255; latest_start: 324; state: PENDING; required_workers: 1; success_prob: 0.2; max_attempts: 1
event: task_spawn; timestamp: 0; task: 9; pos: (-2, 20); earliest_start: 534; latest_start: 605; state: PENDING; required_workers: 1; success_prob: 0.2; max_attempts: 1
event: task_spawn; timestamp: 0; task: 10; pos: (-5, 16); earliest_start: 357; latest_start: 410; state: PENDING; required_workers: 1; success_prob: 0.2; max_attempts: 1
event: task_spawn; timestamp: 0; task: 11; pos: (-5, 19); earliest_start: 448; latest_start: 505; state: PENDING; required_workers: 2; success_prob: 0.2; max_attempts: 1
event: task_spawn; timestamp: 0; task: 12; pos: (-15, 35); earliest_start: 0; latest_start: 1107; state: PENDING; required_workers: 2; success_prob: 0.2; max_attempts: 1
event: task_spawn; timestamp: 0; task: 13; pos: (-18, 25); earliest_start: 30; latest_start: 92; state: PENDING; required_workers: 2; success_prob: 0.2; max_attempts: 1
event: task_spawn; timestamp: 0; task: 14; pos: (-18, 35); earliest_start: 567; latest_start: 620; state: PENDING; required_workers: 2; success_prob: 0.2; max_attempts: 1
event: task_spawn; timestamp: 0; task: 15; pos: (-20, 30); earliest_start: 384; latest_start: 429; state: PENDING; required_workers: 2; success_prob: 0.2; max_attempts: 1
event: task_spawn; timestamp: 0; task: 16; pos: (-20, 35); earliest_start: 475; latest_start: 528; state: PENDING; required_workers: 2; success_prob: 0.2; max_attempts: 1
event: task_spawn; timestamp: 0; task: 17; pos: (-22, 25); earliest_start: 99; latest_start: 148; state: PENDING; required_workers: 3; success_prob: 0.2; max_attempts: 1
event: task_spawn; timestamp: 0; task: 18; pos: (-25, 25); earliest_start: 179; latest_start: 254; state: PENDING; required_workers: 3; success_prob: 0.2; max_attempts: 1
event: task_spawn; timestamp: 0; task: 19; pos: (-25, 30); earliest_start: 278; latest_start: 345; state: PENDING; required_workers: 3; success_prob: 0.2; max_attempts: 1
event: task_spawn; timestamp: 0; task: 20; pos: (-10, 0); earliest_start: 10; latest_start: 73; state: PENDING; required_workers: 3; success_prob: 0.2; max_attempts: 1
event: task_spawn; timestamp: 0; task: 21; pos: (-10, 2); earliest_start: 0; latest_start: 1135; state: PENDING; required_workers: 1; success_prob: 0.4; max_attempts: 1
event: task_spawn; timestamp: 0; task: 22; pos: (-12, 2); earliest_start: 812; latest_start: 883; state: PENDING; required_workers: 1; success_prob: 0.4; max_attempts: 1
event: task_spawn; timestamp: 0; task: 23; pos: (-12, 5); earliest_start: 732; latest_start: 777; state: PENDING; required_workers: 1; success_prob: 0.4; max_attempts: 1
event: task_spawn; timestamp: 0; task: 24; pos: (-15, 0); earliest_start: 65; latest_start: 144; state: PENDING; required_workers: 1; success_prob: 0.4; max_attempts: 1
event: task_spawn; timestamp: 0; task: 25; pos: (-15, 2); earliest_start: 169; latest_start: 224; state: PENDING; required_workers: 1; success_prob: 0.4; max_attempts: 1
event: task_spawn; timestamp: 0; task: 26; pos: (-15, 5); earliest_start: 0; latest_start: 1130; state: PENDING; required_workers: 1; success_prob: 0.4; max_attempts: 1
event: task_spawn; timestamp: 0; task: 27; pos: (-17, 2); earliest_start: 261; latest_start: 316; state: PENDING; required_workers: 1; success_prob: 0.4; max_attempts: 1
event: task_spawn; timestamp: 0; task: 28; pos: (-17, 5); earliest_start: 546; latest_start: 593; state: PENDING; required_workers: 1; success_prob: 0.4; max_attempts: 1
event: task_spawn; timestamp: 0; task: 29; pos: (-20, 0); earliest_start: 358; latest_start: 405; state: PENDING; required_workers: 1; success_prob: 0.4; max_attempts: 1
event: task_spawn; timestamp: 0; task: 30; pos: (-20, 5); earliest_start: 449; latest_start: 504; state: PENDING; required_workers: 1; success_prob: 0.4; max_attempts: 1
event: task_spawn; timestamp: 0; task: 31; pos: (-30, -15); earliest_start: 0; latest_start: 1112; state: PENDING; required_workers: 2; success_prob: 0.4; max_attempts: 1
event: task_spawn; timestamp: 0; task: 32; pos: (-30, -10); earliest_start: 31; latest_start: 100; state: PENDING; required_workers: 2; success_prob: 0.4; max_attempts: 1
event: task_spawn; timestamp: 0; task: 33; pos: (-32, -10); earliest_start: 87; latest_start: 158; state: PENDING; required_workers: 2; success_prob: 0.4; max_attempts: 1
event: task_spawn; timestamp: 0; task: 34; pos: (-32, -5); earliest_start: 0; latest_start: 1113; state: PENDING; required_workers: 2; success_prob: 0.4; max_attempts: 1
event: task_spawn; timestamp: 0; task: 35; pos: (-35, -15); earliest_start: 283; latest_start: 344; state: PENDING; required_workers: 2; success_prob: 0.4; max_attempts: 1
event: task_spawn; timestamp: 0; task: 36; pos: (-35, -5); earliest_start: 665; latest_start: 716; state: PENDING; required_workers: 2; success_prob: 0.4; max_attempts: 1
event: task_spawn; timestamp: 0; task: 37; pos: (-38, -10); earliest_start: 0; latest_start: 1106; state: PENDING; required_workers: 3; success_prob: 0.4; max_attempts: 1
event: task_spawn; timestamp: 0; task: 38; pos: (-40, -10); earliest_start: 479; latest_start: 522; state: PENDING; required_workers: 3; success_prob: 0.4; max_attempts: 1
event: task_spawn; timestamp: 0; task: 39; pos: (-40, -5); earliest_start: 567; latest_start: 624; state: PENDING; required_workers: 3; success_prob: 0.4; max_attempts: 1
event: task_spawn; timestamp: 0; task: 40; pos: (-5, -20); earliest_start: 264; latest_start: 321; state: PENDING; required_workers: 3; success_prob: 0.4; max_attempts: 1
event: task_spawn; timestamp: 0; task: 41; pos: (-5, -18); earliest_start: 166; latest_start: 235; state: PENDING; required_workers: 1; success_prob: 0.6; max_attempts: 1
event: task_spawn; timestamp: 0; task: 42; pos: (-7, -18); earliest_start: 68; latest_start: 149; state: PENDING; required_workers: 1; success_prob: 0.6; max_attempts: 1
event: task_spawn; timestamp: 0; task: 43; pos: (-7, -15); earliest_start: 16; latest_start: 80; state: PENDING; required_workers: 1; success_prob: 0.6; max_attempts: 1
event: task_spawn; timestamp: 0; task: 44; pos: (-8, -20); earliest_start: 359; latest_start: 412; state: PENDING; required_workers: 1; success_prob: 0.6; max_attempts: 1
event: task_spawn; timestamp: 0; task: 45; pos: (-10, -20); earliest_start: 541; latest_start: 600; state: PENDING; required_workers: 1; success_prob: 0.6; max_attempts: 1
event: task_spawn; timestamp: 0; task: 46; pos: (-10, -18); earliest_start: 448; latest_start: 509; state: PENDING; required_workers: 1; success_prob: 0.6; max_attempts: 1
event: task_spawn; timestamp: 0; task: 47; pos: (-10, -15); earliest_start: 1054; latest_start: 1127; state: PENDING; required_workers: 1; success_prob: 0.6; max_attempts: 1
event: task_spawn; timestamp: 0; task: 48; pos: (-12, -20); earliest_start: 0; latest_start: 1122; state: PENDING; required_workers: 1; success_prob: 0.6; max_attempts: 1
event: task_spawn; timestamp: 0; task: 49; pos: (-12, -15); earliest_start: 1001; latest_start: 1066; state: PENDING; required_workers: 1; success_prob: 0.6; max_attempts: 1
event: task_spawn; timestamp: 0; task: 50; pos: (-14, -18); earliest_start: 0; latest_start: 1123; state: PENDING; required_workers: 1; success_prob: 0.6; max_attempts: 1
event: task_spawn; timestamp: 0; task: 51; pos: (-15, -20); earliest_start: 725; latest_start: 786; state: PENDING; required_workers: 2; success_prob: 0.6; max_attempts: 1
event: task_spawn; timestamp: 0; task: 52; pos: (-15, -15); earliest_start: 0; latest_start: 1124; state: PENDING; required_workers: 2; success_prob: 0.6; max_attempts: 1
event: task_spawn; timestamp: 0; task: 53; pos: (4, -45); earliest_start: 286; latest_start: 347; state: PENDING; required_workers: 2; success_prob: 0.6; max_attempts: 1
event: task_spawn; timestamp: 0; task: 54; pos: (2, -40); earliest_start: 186; latest_start: 257; state: PENDING; required_workers: 2; success_prob: 0.6; max_attempts: 1
event: task_spawn; timestamp: 0; task: 55; pos: (2, -35); earliest_start: 95; latest_start: 158; state: PENDING; required_workers: 2; success_prob: 0.6; max_attempts: 1
event: task_spawn; timestamp: 0; task: 56; pos: (0, -45); earliest_start: 385; latest_start: 436; state: PENDING; required_workers: 2; success_prob: 0.6; max_attempts: 1
event: task_spawn; timestamp: 0; task: 57; pos: (0, -35); earliest_start: 35; latest_start: 87; state: PENDING; required_workers: 3; success_prob: 0.6; max_attempts: 1
event: task_spawn; timestamp: 0; task: 58; pos: (-2, -45); earliest_start: 471; latest_start: 534; state: PENDING; required_workers: 3; success_prob: 0.6; max_attempts: 1
event: task_spawn; timestamp: 0; task: 59; pos: (-2, -35); earliest_start: 0; latest_start: 1110; state: PENDING; required_workers: 3; success_prob: 0.6; max_attempts: 1
event: task_spawn; timestamp: 0; task: 60; pos: (-5, -45); earliest_start: 562; latest_start: 629; state: PENDING; required_workers: 3; success_prob: 0.6; max_attempts: 1
event: task_spawn; timestamp: 0; task: 61; pos: (10, -20); earliest_start: 531; latest_start: 610; state: PENDING; required_workers: 1; success_prob: 0.8; max_attempts: 1
event: task_spawn; timestamp: 0; task: 62; pos: (10, -15); earliest_start: 262; latest_start: 317; state: PENDING; required_workers: 1; success_prob: 0.8; max_attempts: 1
event: task_spawn; timestamp: 0; task: 63; pos: (10, -10); earliest_start: 171; latest_start: 218; state: PENDING; required_workers: 1; success_prob: 0.8; max_attempts: 1
event: task_spawn; timestamp: 0; task: 64; pos: (8, -20); earliest_start: 632; latest_start: 693; state: PENDING; required_workers: 1; success_prob: 0.8; max_attempts: 1
event: task_spawn; timestamp: 0; task: 65; pos: (8, -10); earliest_start: 76; latest_start: 129; state: PENDING; required_workers: 1; success_prob: 0.8; max_attempts: 1
event: task_spawn; timestamp: 0; task: 66; pos: (7, -15); earliest_start: 826; latest_start: 875; state: PENDING; required_workers: 1; success_prob: 0.8; max_attempts: 1
event: task_spawn; timestamp: 0; task: 67; pos: (7, -10); earliest_start: 12; latest_start: 77; state: PENDING; required_workers: 1; success_prob: 0.8; max_attempts: 1
event: task_spawn; timestamp: 0; task: 68; pos: (5, -20); earliest_start: 734; latest_start: 777; state: PENDING; required_workers: 1; success_prob: 0.8; max_attempts: 1
event: task_spawn; timestamp: 0; task: 69; pos: (5, -15); earliest_start: 916; latest_start: 969; state: PENDING; required_workers: 1; success_prob: 0.8; max_attempts: 1
event: task_spawn; timestamp: 0; task: 70; pos: (55, -20); earliest_start: 387; latest_start: 456; state: PENDING; required_workers: 1; success_prob: 0.8; max_attempts: 1
event: task_spawn; timestamp: 0; task: 71; pos: (55, -15); earliest_start: 293; latest_start: 360; state: PENDING; required_workers: 2; success_prob: 0.8; max_attempts: 1
event: task_spawn; timestamp: 0; task: 72; pos: (13, -20); earliest_start: 0; latest_start: 1122; state: PENDING; required_workers: 2; success_prob: 0.8; max_attempts: 1
event: task_spawn; timestamp: 0; task: 73; pos: (52, -20); earliest_start: 478; latest_start: 551; state: PENDING; required_workers: 2; success_prob: 0.8; max_attempts: 1
event: task_spawn; timestamp: 0; task: 74; pos: (13, -15); earliest_start: 353; latest_start: 412; state: PENDING; required_workers: 2; success_prob: 0.8; max_attempts: 1
event: task_spawn; timestamp: 0; task: 75; pos: (5, 15); earliest_start: 0; latest_start: 1130; state: PENDING; required_workers: 2; success_prob: 0.8; max_attempts: 1
event: task_spawn; timestamp: 0; task: 76; pos: (50, -15); earliest_start: 203; latest_start: 260; state: PENDING; required_workers: 2; success_prob: 0.8; max_attempts: 1
event: task_spawn; timestamp: 0; task: 77; pos: (48, -20); earliest_start: 574; latest_start: 643; state: PENDING; required_workers: 3; success_prob: 0.8; max_attempts: 1
event: task_spawn; timestamp: 0; task: 78; pos: (48, -15); earliest_start: 109; latest_start: 170; state: PENDING; required_workers: 3; success_prob: 0.8; max_attempts: 1
event: task_spawn; timestamp: 0; task: 79; pos: (47, -20); earliest_start: 668; latest_start: 731; state: PENDING; required_workers: 3; success_prob: 0.8; max_attempts: 1
event: task_spawn; timestamp: 0; task: 80; pos: (45, -25); earliest_start: 769; latest_start: 820; state: PENDING; required_workers: 3; success_prob: 0.8; max_attempts: 1
event: task_spawn; timestamp: 0; task: 81; pos: (45, -15); earliest_start: 47; latest_start: 124; state: PENDING; required_workers: 1; success_prob: 1; max_attempts: 1
event: task_spawn; timestamp: 0; task: 82; pos: (35, 5); earliest_start: 0; latest_start: 1110; state: PENDING; required_workers: 1; success_prob: 1; max_attempts: 1
event: task_spawn; timestamp: 0; task: 83; pos: (32, 5); earliest_start: 0; latest_start: 1113; state: PENDING; required_workers: 1; success_prob: 1; max_attempts: 1
event: task_spawn; timestamp: 0; task: 84; pos: (30, 8); earliest_start: 458; latest_start: 523; state: PENDING; required_workers: 1; success_prob: 1; max_attempts: 1
event: task_spawn; timestamp: 0; task: 85; pos: (28, 10); earliest_start: 0; latest_start: 1116; state: PENDING; required_workers: 1; success_prob: 1; max_attempts: 1
event: task_spawn; timestamp: 0; task: 86; pos: (26, 5); earliest_start: 173; latest_start: 238; state: PENDING; required_workers: 1; success_prob: 1; max_attempts: 1
event: task_spawn; timestamp: 0; task: 87; pos: (25, 5); earliest_start: 85; latest_start: 144; state: PENDING; required_workers: 1; success_prob: 1; max_attempts: 1
event: task_spawn; timestamp: 0; task: 88; pos: (25, 10); earliest_start: 645; latest_start: 708; state: PENDING; required_workers: 1; success_prob: 1; max_attempts: 1
event: task_spawn; timestamp: 0; task: 89; pos: (23, 8); earliest_start: 737; latest_start: 802; state: PENDING; required_workers: 1; success_prob: 1; max_attempts: 1
event: task_spawn; timestamp: 0; task: 90; pos: (20, 5); earliest_start: 20; latest_start: 84; state: PENDING; required_workers: 1; success_prob: 1; max_attempts: 1
event: task_spawn; timestamp: 0; task: 91; pos: (20, 10); earliest_start: 0; latest_start: 1123; state: PENDING; required_workers: 2; success_prob: 1; max_attempts: 1
event: task_spawn; timestamp: 0; task: 92; pos: (27, 35); earliest_start: 368; latest_start: 441; state: PENDING; required_workers: 2; success_prob: 1; max_attempts: 1
event: task_spawn; timestamp: 0; task: 93; pos: (25, 35); earliest_start: 475; latest_start: 518; state: PENDING; required_workers: 2; success_prob: 1; max_attempts: 1
event: task_spawn; timestamp: 0; task: 94; pos: (25, 32); earliest_start: 0; latest_start: 1105; state: PENDING; required_workers: 2; success_prob: 1; max_attempts: 1
event: task_spawn; timestamp: 0; task: 95; pos: (22, 30); earliest_start: 0; latest_start: 1108; state: PENDING; required_workers: 2; success_prob: 1; max_attempts: 1
event: task_spawn; timestamp: 0; task: 96; pos: (20, 30); earliest_start: 0; latest_start: 1109; state: PENDING; required_workers: 2; success_prob: 1; max_attempts: 1
event: task_spawn; timestamp: 0; task: 97; pos: (20, 35); earliest_start: 561; latest_start: 622; state: PENDING; required_workers: 3; success_prob: 1; max_attempts: 1
event: task_spawn; timestamp: 0; task: 98; pos: (18, 25); earliest_start: 0; latest_start: 1115; state: PENDING; required_workers: 3; success_prob: 1; max_attempts: 1
event: task_spawn; timestamp: 0; task: 99; pos: (15, 30); earliest_start: 743; latest_start: 820; state: PENDING; required_workers: 3; success_prob: 1; max_attempts: 1
event: task_spawn; timestamp: 0; task: 100; pos: (15, 35); earliest_start: 647; latest_start: 726; state: PENDING; required_workers: 3; success_prob: 1; max_attempts: 1
event: robot_spawn; timestamp: 0; robot: 1; pos: (0, 0); state: AVAILABLE; battery_level: 200; battery_capacity: 200; velocity: 1; battery_rate_nav: 0
event: robot_spawn; timestamp: 0; robot: 2; pos: (0, 0); state: AVAILABLE; battery_level: 200; battery_capacity: 200; velocity: 1; battery_rate_nav: 0
event: robot_spawn; timestamp: 0; robot: 3; pos: (0, 0); state: AVAILABLE; battery_level: 200; battery_capacity: 200; velocity: 1; battery_rate_nav: 0
event: robot_spawn; timestamp: 0; robot: 4; pos: (0, 0); state: AVAILABLE; battery_level: 200; battery_capacity: 200; velocity: 1; battery_rate_nav: 0
event: robot_spawn; timestamp: 0; robot: 5; pos: (0, 0); state: AVAILABLE; battery_level: 200; battery_capacity: 200; velocity: 1; battery_rate_nav: 0
event: robot_spawn; timestamp: 0; robot: 6; pos: (0, 0); state: AVAILABLE; battery_level: 200; battery_capacity: 200; velocity: 1; battery_rate_nav: 0
event: robot_spawn; timestamp: 0; robot: 7; pos: (0, 0); state: AVAILABLE; battery_level: 200; battery_capacity: 200; velocity: 1; battery_rate_nav: 0
event: robot_spawn; timestamp: 0; robot: 8; pos: (0, 0); state: AVAILABLE; battery_level: 200; battery_capacity: 200; velocity: 1; battery_rate_nav: 0
event: robot_spawn; timestamp: 0; robot: 9; pos: (0, 0); state: AVAILABLE; battery_level: 200; battery_capacity: 200; velocity: 1; battery_rate_nav: 0
event: robot_spawn; timestamp: 0; robot: 10; pos: (0, 0); state: AVAILABLE; battery_level: 200; battery_capacity: 200; velocity: 1; battery_rate_nav: 0
event: battery_consumption; timestamp: 0; robot: 6; time: 10; initial_level: 200; final_level: 200
event: navigation; timestamp: 0; robot: 6; time: 10; src: (0, 0); dst: (-10, 0)
event: battery_consumption; timestamp: 0; robot: 8; time: 10; initial_level: 200; final_level: 200
event: navigation; timestamp: 0; robot: 8; time: 10; src: (0, 0); dst: (-10, 0)
event: battery_consumption; timestamp: 0; robot: 1; time: 10; initial_level: 200; final_level: 200
event: navigation; timestamp: 0; robot: 1; time: 10; src: (0, 0); dst: (-10, 0)
event: battery_consumption; timestamp: 0; robot: 5; time: 10.198; initial_level: 200; final_level: 200
event: navigation; timestamp: 0; robot: 5; time: 10.198; src: (0, 0); dst: (-10, 2)
event: battery_consumption; timestamp: 0; robot: 10; time: 12.1655; initial_level: 200; final_level: 200
event: navigation; timestamp: 0; robot: 10; time: 12.1655; src: (0, 0); dst: (-12, 2)
event: battery_consumption; timestamp: 0; robot: 2; time: 12.2066; initial_level: 200; final_level: 200
event: navigation; timestamp: 0; robot: 2; time: 12.2066; src: (0, 0); dst: (7, -10)
event: battery_consumption; timestamp: 0; robot: 4; time: 12.8062; initial_level: 200; final_level: 200
event: navigation; timestamp: 0; robot: 4; time: 12.8062; src: (0, 0); dst: (8, -10)
event: battery_consumption; timestamp: 0; robot: 3; time: 13; initial_level: 200; final_level: 200
event: navigation; timestamp: 0; robot: 3; time: 13; src: (0, 0); dst: (-12, 5)
event: battery_consumption; timestamp: 0; robot: 9; time: 14.1421; initial_level: 200; final_level: 200
event: navigation; timestamp: 0; robot: 9; time: 14.1421; src: (0, 0); dst: (10, -10)
event: battery_consumption; timestamp: 0; robot: 7; time: 15; initial_level: 200; final_level: 200
event: navigation; timestamp: 0; robot: 7; time: 15; src: (0, 0); dst: (-15, 0)
event: battery_consumption; timestamp: 73; robot: 8; time: 5.38516; initial_level: 200; final_level: 200
event: navigation; timestamp: 73; robot: 8; time: 5.38516; src: (-10, 0); dst: (-15, 2)
event: battery_consumption; timestamp: 73; robot: 6; time: 7.07107; initial_level: 200; final_level: 200
event: navigation; timestamp: 73; robot: 6; time: 7.07107; src: (-10, 0); dst: (-15, 5)
event: battery_consumption; timestamp: 73; robot: 1; time: 7.28011; initial_level: 200; final_level: 200
event: navigation; timestamp: 73; robot: 1; time: 7.28011; src: (-10, 0); dst: (-17, 2)
event: battery_consumption; timestamp: 77; robot: 2; time: 5; initial_level: 200; final_level: 200
event: navigation; timestamp: 77; robot: 2; time: 5; src: (7, -10); dst: (7, -15)
event: task_resolution; timestamp: 97.8368; task: 20; pos: (-10, 0); status: COMPLETED; attempt: 1
event: task_resolution; timestamp: 112.608; task: 67; pos: (7, -10); status: COMPLETED; attempt: 1
event: task_execution; timestamp: 10.198; task: 21; robot: 5; pos: (-10, 2); time: 112.564
event: battery_consumption; timestamp: 10.198; robot: 5; time: 112.564; initial_level: 200; final_level: 174.986
event: task_resolution; timestamp: 122.762; task: 21; pos: (-10, 2); status: FAILED; attempt: 1
event: battery_consumption; timestamp: 122.762; robot: 5; time: 7.61577; initial_level: 174.986; final_level: 174.986
event: navigation; timestamp: 122.762; robot: 5; time: 7.61577; src: (-10, 2); dst: (-17, 5)
event: battery_consumption; timestamp: 129; robot: 4; time: 5.38516; initial_level: 200; final_level: 200
event: navigation; timestamp: 129; robot: 4; time: 5.38516; src: (8, -10); dst: (10, -15)
event: battery_consumption; timestamp: 144; robot: 7; time: 5; initial_level: 200; final_level: 200
event: navigation; timestamp: 144; robot: 7; time: 5; src: (-15, 0); dst: (-20, 0)
event: task_resolution; timestamp: 156.353; task: 24; pos: (-15, 0); status: FAILED; attempt: 1
event: task_resolution; timestamp: 162.105; task: 65; pos: (8, -10); status: COMPLETED; attempt: 1
event: task_execution; timestamp: 80.0711; task: 26; robot: 6; pos: (-15, 5); time: 111.182
event: battery_consumption; timestamp: 80.0711; robot: 6; time: 111.182; initial_level: 200; final_level: 187.646
event: task_resolution; timestamp: 191.253; task: 26; pos: (-15, 5); status: COMPLETED; attempt: 1
event: battery_consumption; timestamp: 191.253; robot: 6; time: 5; initial_level: 187.646; final_level: 187.646
event: navigation; timestamp: 191.253; robot: 6; time: 5; src: (-15, 5); dst: (-20, 5)
event: battery_consumption; timestamp: 218; robot: 9; time: 5.83095; initial_level: 200; final_level: 200
event: navigation; timestamp: 218; robot: 9; time: 5.83095; src: (10, -10); dst: (13, -15)
event: battery_consumption; timestamp: 224; robot: 8; time: 17; initial_level: 200; final_level: 200
event: navigation; timestamp: 224; robot: 8; time: 17; src: (-15, 2); dst: (-15, -15)
event: task_resolution; timestamp: 249.278; task: 63; pos: (10, -10); status: COMPLETED; attempt: 1
event: task_resolution; timestamp: 260.444; task: 25; pos: (-15, 2); status: COMPLETED; attempt: 1
event: battery_consumption; timestamp: 316; robot: 1; time: 16.5529; initial_level: 200; final_level: 200
event: navigation; timestamp: 316; robot: 1; time: 16.5529; src: (-17, 2); dst: (-32, -5)
event: battery_consumption; timestamp: 317; robot: 4; time: 3; initial_level: 200; final_level: 200
event: navigation; timestamp: 317; robot: 4; time: 3; src: (10, -15); dst: (13, -15)
event: task_resolution; timestamp: 348.542; task: 27; pos: (-17, 2); status: COMPLETED; attempt: 1
event: task_resolution; timestamp: 376.013; task: 62; pos: (10, -15); status: COMPLETED; attempt: 1
event: battery_consumption; timestamp: 405; robot: 7; time: 13; initial_level: 200; final_level: 200
event: navigation; timestamp: 405; robot: 7; time: 13; src: (-20, 0); dst: (-32, -5)
event: battery_consumption; timestamp: 412; robot: 4; time: 5; initial_level: 200; final_level: 200
event: navigation; timestamp: 412; robot: 4; time: 5; src: (13, -15); dst: (13, -20)
event: battery_consumption; timestamp: 412; robot: 9; time: 5; initial_level: 200; final_level: 200
event: navigation; timestamp: 412; robot: 9; time: 5; src: (13, -15); dst: (13, -20)
event: task_resolution; timestamp: 441.477; task: 74; pos: (13, -15); status: COMPLETED; attempt: 1
event: task_resolution; timestamp: 450.116; task: 29; pos: (-20, 0); status: FAILED; attempt: 1
event: battery_consumption; timestamp: 504; robot: 6; time: 18.0278; initial_level: 187.646; final_level: 187.646
event: navigation; timestamp: 504; robot: 6; time: 18.0278; src: (-20, 5); dst: (-35, -5)
event: task_execution; timestamp: 417; task: 72; robot: 4; pos: (13, -20); time: 89.4584
event: battery_consumption; timestamp: 417; robot: 4; time: 89.4584; initial_level: 200; final_level: 190.06
event: task_execution; timestamp: 417; task: 72; robot: 9; pos: (13, -20); time: 89.4584
event: battery_consumption; timestamp: 417; robot: 9; time: 89.4584; initial_level: 200; final_level: 190.06
event: task_resolution; timestamp: 506.458; task: 72; pos: (13, -20); status: COMPLETED; attempt: 1
event: battery_consumption; timestamp: 506.458; robot: 9; time: 3; initial_level: 190.06; final_level: 190.06
event: navigation; timestamp: 506.458; robot: 9; time: 3; src: (13, -20); dst: (10, -20)
event: battery_consumption; timestamp: 506.458; robot: 4; time: 5; initial_level: 190.06; final_level: 190.06
event: navigation; timestamp: 506.458; robot: 4; time: 5; src: (13, -20); dst: (8, -20)
event: task_execution; timestamp: 418; task: 34; robot: 1; pos: (-32, -5); time: 95.8055
event: battery_consumption; timestamp: 418; robot: 1; time: 95.8055; initial_level: 200; final_level: 178.71
event: task_execution; timestamp: 418; task: 34; robot: 7; pos: (-32, -5); time: 95.8055
event: battery_consumption; timestamp: 418; robot: 7; time: 95.8055; initial_level: 200; final_level: 178.71
event: task_resolution; timestamp: 513.806; task: 34; pos: (-32, -5); status: COMPLETED; attempt: 1
event: battery_consumption; timestamp: 513.806; robot: 1; time: 3; initial_level: 178.71; final_level: 178.71
event: navigation; timestamp: 513.806; robot: 1; time: 3; src: (-32, -5); dst: (-35, -5)
event: battery_consumption; timestamp: 513.806; robot: 7; time: 7.81025; initial_level: 178.71; final_level: 178.71
event: navigation; timestamp: 513.806; robot: 7; time: 7.81025; src: (-32, -5); dst: (-38, -10)
event: task_resolution; timestamp: 523.984; task: 30; pos: (-20, 5); status: FAILED; attempt: 1
event: battery_consumption; timestamp: 593; robot: 5; time: 20.0998; initial_level: 174.986; final_level: 174.986
event: navigation; timestamp: 593; robot: 5; time: 20.0998; src: (-17, 5); dst: (-15, -15)
event: battery_consumption; timestamp: 610; robot: 9; time: 5; initial_level: 190.06; final_level: 190.06
event: navigation; timestamp: 610; robot: 9; time: 5; src: (10, -20); dst: (5, -20)
event: task_resolution; timestamp: 633.246; task: 61; pos: (10, -20); status: COMPLETED; attempt: 1
event: task_resolution; timestamp: 651.664; task: 28; pos: (-17, 5); status: FAILED; attempt: 1
event: battery_consumption; timestamp: 693; robot: 4; time: 5.83095; initial_level: 190.06; final_level: 190.06
event: navigation; timestamp: 693; robot: 4; time: 5.83095; src: (8, -20); dst: (5, -15)
event: task_execution; timestamp: 613.1; task: 52; robot: 5; pos: (-15, -15); time: 87.5038
event: battery_consumption; timestamp: 613.1; robot: 5; time: 87.5038; initial_level: 174.986; final_level: 165.263
event: task_execution; timestamp: 613.1; task: 52; robot: 8; pos: (-15, -15); time: 87.5038
event: battery_consumption; timestamp: 613.1; robot: 8; time: 87.5038; initial_level: 200; final_level: 190.277
event: task_resolution; timestamp: 700.604; task: 52; pos: (-15, -15); status: FAILED; attempt: 1
event: battery_consumption; timestamp: 700.604; robot: 5; time: 3; initial_level: 165.263; final_level: 165.263
event: navigation; timestamp: 700.604; robot: 5; time: 3; src: (-15, -15); dst: (-12, -15)
event: battery_consumption; timestamp: 700.604; robot: 8; time: 3.16228; initial_level: 190.277; final_level: 190.277
event: navigation; timestamp: 700.604; robot: 8; time: 3.16228; src: (-15, -15); dst: (-14, -18)
event: battery_consumption; timestamp: 716; robot: 1; time: 5.83095; initial_level: 178.71; final_level: 178.71
event: navigation; timestamp: 716; robot: 1; time: 5.83095; src: (-35, -5); dst: (-38, -10)
event: battery_consumption; timestamp: 716; robot: 6; time: 5.83095; initial_level: 187.646; final_level: 187.646
event: navigation; timestamp: 716; robot: 6; time: 5.83095; src: (-35, -5); dst: (-38, -10)
event: task_resolution; timestamp: 717.064; task: 64; pos: (8, -20); status: COMPLETED; attempt: 1
event: task_resolution; timestamp: 736.997; task: 36; pos: (-35, -5); status: FAILED; attempt: 1
event: battery_consumption; timestamp: 777; robot: 9; time: 15.8114; initial_level: 190.06; final_level: 190.06
event: navigation; timestamp: 777; robot: 9; time: 15.8114; src: (5, -20); dst: (-10, -15)
event: battery_consumption; timestamp: 777; robot: 3; time: 16.2788; initial_level: 200; final_level: 200
event: navigation; timestamp: 777; robot: 3; time: 16.2788; src: (-12, 5); dst: (0, 16)
event: task_execution; timestamp: 721.831; task: 37; robot: 1; pos: (-38, -10); time: 80.2353
event: battery_consumption; timestamp: 721.831; robot: 1; time: 80.2353; initial_level: 178.71; final_level: 160.88
event: task_execution; timestamp: 721.831; task: 37; robot: 6; pos: (-38, -10); time: 80.2353
event: battery_consumption; timestamp: 721.831; robot: 6; time: 80.2353; initial_level: 187.646; final_level: 169.816
event: task_execution; timestamp: 721.831; task: 37; robot: 7; pos: (-38, -10); time: 80.2353
event: battery_consumption; timestamp: 721.831; robot: 7; time: 80.2353; initial_level: 178.71; final_level: 160.88
event: task_resolution; timestamp: 802.066; task: 37; pos: (-38, -10); status: COMPLETED; attempt: 1
event: battery_consumption; timestamp: 802.066; robot: 6; time: 9.43398; initial_level: 169.816; final_level: 169.816
event: navigation; timestamp: 802.066; robot: 6; time: 9.43398; src: (-38, -10); dst: (-30, -15)
event: battery_consumption; timestamp: 802.066; robot: 1; time: 9.43398; initial_level: 160.88; final_level: 160.88
event: navigation; timestamp: 802.066; robot: 1; time: 9.43398; src: (-38, -10); dst: (-30, -15)
event: battery_consumption; timestamp: 802.066; robot: 7; time: 27.8568; initial_level: 160.88; final_level: 160.88
event: navigation; timestamp: 802.066; robot: 7; time: 27.8568; src: (-38, -10); dst: (-12, -20)
event: task_execution; timestamp: 703.766; task: 50; robot: 8; pos: (-14, -18); time: 103.093
event: battery_consumption; timestamp: 703.766; robot: 8; time: 103.093; initial_level: 190.277; final_level: 178.823
event: task_resolution; timestamp: 806.859; task: 50; pos: (-14, -18); status: FAILED; attempt: 1
event: battery_consumption; timestamp: 806.859; robot: 8; time: 20.8087; initial_level: 178.823; final_level: 178.823
event: navigation; timestamp: 806.859; robot: 8; time: 20.8087; src: (-14, -18); dst: (-2, -35)
event: task_resolution; timestamp: 810.702; task: 68; pos: (5, -20); status: FAILED; attempt: 1
event: task_resolution; timestamp: 833.96; task: 23; pos: (-12, 5); status: COMPLETED; attempt: 1
event: task_execution; timestamp: 793.279; task: 7; robot: 3; pos: (0, 16); time: 76.4162
event: battery_consumption; timestamp: 793.279; robot: 3; time: 76.4162; initial_level: 200; final_level: 183.019
event: task_resolution; timestamp: 869.695; task: 7; pos: (0, 16); status: FAILED; attempt: 1
event: battery_consumption; timestamp: 869.695; robot: 3; time: 2; initial_level: 183.019; final_level: 183.019
event: navigation; timestamp: 869.695; robot: 3; time: 2; src: (0, 16); dst: (2, 16)
event: battery_consumption; timestamp: 875; robot: 2; time: 21.9317; initial_level: 200; final_level: 200
event: navigation; timestamp: 875; robot: 2; time: 21.9317; src: (7, -15); dst: (-2, -35)
event: task_execution; timestamp: 812; task: 22; robot: 10; pos: (-12, 2); time: 67.8151
event: battery_consumption; timestamp: 812; robot: 10; time: 67.8151; initial_level: 200; final_level: 184.93
event: task_resolution; timestamp: 879.815; task: 22; pos: (-12, 2); status: COMPLETED; attempt: 1
event: battery_consumption; timestamp: 879.815; robot: 10; time: 19.105; initial_level: 184.93; final_level: 184.93
event: navigation; timestamp: 879.815; robot: 10; time: 19.105; src: (-12, 2); dst: (2, 15)
event: task_execution; timestamp: 811.5; task: 31; robot: 1; pos: (-30, -15); time: 92.4012
event: battery_consumption; timestamp: 811.5; robot: 1; time: 92.4012; initial_level: 160.88; final_level: 140.346
event: task_execution; timestamp: 811.5; task: 31; robot: 6; pos: (-30, -15); time: 92.4012
event: battery_consumption; timestamp: 811.5; robot: 6; time: 92.4012; initial_level: 169.816; final_level: 149.283
event: task_resolution; timestamp: 903.901; task: 31; pos: (-30, -15); status: COMPLETED; attempt: 1
event: battery_consumption; timestamp: 903.901; robot: 1; time: 34.4093; initial_level: 140.346; final_level: 140.346
event: navigation; timestamp: 903.901; robot: 1; time: 34.4093; src: (-30, -15); dst: (-2, -35)
event: battery_consumption; timestamp: 903.901; robot: 6; time: 46.0977; initial_level: 149.283; final_level: 149.283
event: navigation; timestamp: 903.901; robot: 6; time: 46.0977; src: (-30, -15); dst: (5, 15)
event: task_execution; timestamp: 829.923; task: 48; robot: 7; pos: (-12, -20); time: 92.8612
event: battery_consumption; timestamp: 829.923; robot: 7; time: 92.8612; initial_level: 160.88; final_level: 150.562
event: task_resolution; timestamp: 922.784; task: 48; pos: (-12, -20); status: FAILED; attempt: 1
event: battery_consumption; timestamp: 922.784; robot: 7; time: 38.9102; initial_level: 150.562; final_level: 150.562
event: navigation; timestamp: 922.784; robot: 7; time: 38.9102; src: (-12, -20); dst: (5, 15)
event: task_resolution; timestamp: 922.948; task: 66; pos: (7, -15); status: COMPLETED; attempt: 1
event: task_execution; timestamp: 871.695; task: 3; robot: 3; pos: (2, 16); time: 85.0275
event: battery_consumption; timestamp: 871.695; robot: 3; time: 85.0275; initial_level: 183.019; final_level: 173.571
event: task_resolution; timestamp: 956.722; task: 3; pos: (2, 16); status: FAILED; attempt: 1
event: battery_consumption; timestamp: 956.722; robot: 3; time: 3.60555; initial_level: 173.571; final_level: 173.571
event: navigation; timestamp: 956.722; robot: 3; time: 3.60555; src: (2, 16); dst: (5, 18)
event: battery_consumption; timestamp: 969; robot: 4; time: 29.1548; initial_level: 190.06; final_level: 190.06
event: navigation; timestamp: 969; robot: 4; time: 29.1548; src: (5, -15); dst: (20, 10)
event: task_execution; timestamp: 898.92; task: 5; robot: 10; pos: (2, 15); time: 86.1738
event: battery_consumption; timestamp: 898.92; robot: 10; time: 86.1738; initial_level: 184.93; final_level: 175.355
event: task_resolution; timestamp: 985.094; task: 5; pos: (2, 15); status: FAILED; attempt: 1
event: battery_consumption; timestamp: 985.094; robot: 10; time: 5.83095; initial_level: 175.355; final_level: 175.355
event: navigation; timestamp: 985.094; robot: 10; time: 5.83095; src: (2, 15); dst: (5, 20)
event: task_resolution; timestamp: 1011.84; task: 69; pos: (5, -15); status: FAILED; attempt: 1
event: task_execution; timestamp: 938.311; task: 59; robot: 1; pos: (-2, -35); time: 80.4564
event: battery_consumption; timestamp: 938.311; robot: 1; time: 80.4564; initial_level: 140.346; final_level: 131.407
event: task_execution; timestamp: 938.311; task: 59; robot: 2; pos: (-2, -35); time: 80.4564
event: battery_consumption; timestamp: 938.311; robot: 2; time: 80.4564; initial_level: 200; final_level: 191.06
event: task_execution; timestamp: 938.311; task: 59; robot: 8; pos: (-2, -35); time: 80.4564
event: battery_consumption; timestamp: 938.311; robot: 8; time: 80.4564; initial_level: 178.823; final_level: 169.883
event: task_resolution; timestamp: 1018.77; task: 59; pos: (-2, -35); status: COMPLETED; attempt: 1
event: battery_consumption; timestamp: 1018.77; robot: 1; time: 50.0899; initial_level: 131.407; final_level: 131.407
event: navigation; timestamp: 1018.77; robot: 1; time: 50.0899; src: (-2, -35); dst: (20, 10)
event: battery_consumption; timestamp: 1018.77; robot: 2; time: 52.4976; initial_level: 191.06; final_level: 191.06
event: navigation; timestamp: 1018.77; robot: 2; time: 52.4976; src: (-2, -35); dst: (32, 5)
event: battery_consumption; timestamp: 1018.77; robot: 8; time: 54.0833; initial_level: 169.883; final_level: 169.883
event: navigation; timestamp: 1018.77; robot: 8; time: 54.0833; src: (-2, -35); dst: (28, 10)
event: task_execution; timestamp: 960.328; task: 1; robot: 3; pos: (5, 18); time: 79.1536
event: battery_consumption; timestamp: 960.328; robot: 3; time: 79.1536; initial_level: 173.571; final_level: 164.776
event: task_resolution; timestamp: 1039.48; task: 1; pos: (5, 18); status: FAILED; attempt: 1
event: battery_consumption; timestamp: 1039.48; robot: 3; time: 14.7648; initial_level: 164.776; final_level: 164.776
event: navigation; timestamp: 1039.48; robot: 3; time: 14.7648; src: (5, 18); dst: (18, 25)
event: task_execution; timestamp: 961.694; task: 75; robot: 6; pos: (5, 15); time: 95.6734
event: battery_consumption; timestamp: 961.694; robot: 6; time: 95.6734; initial_level: 149.283; final_level: 128.022
event: task_execution; timestamp: 961.694; task: 75; robot: 7; pos: (5, 15); time: 95.6734
event: battery_consumption; timestamp: 961.694; robot: 7; time: 95.6734; initial_level: 150.562; final_level: 129.301
event: task_resolution; timestamp: 1057.37; task: 75; pos: (5, 15); status: COMPLETED; attempt: 1
event: battery_consumption; timestamp: 1057.37; robot: 6; time: 16.4012; initial_level: 128.022; final_level: 128.022
event: navigation; timestamp: 1057.37; robot: 6; time: 16.4012; src: (5, 15); dst: (18, 25)
event: battery_consumption; timestamp: 1057.37; robot: 7; time: 16.4012; initial_level: 129.301; final_level: 129.301
event: navigation; timestamp: 1057.37; robot: 7; time: 16.4012; src: (5, 15); dst: (18, 25)
event: battery_consumption; timestamp: 1066; robot: 5; time: 50.0899; initial_level: 165.263; final_level: 165.263
event: navigation; timestamp: 1066; robot: 5; time: 50.0899; src: (-12, -15); dst: (-15, 35)
event: task_execution; timestamp: 990.925; task: 2; robot: 10; pos: (5, 20); time: 90.4808
event: battery_consumption; timestamp: 990.925; robot: 10; time: 90.4808; initial_level: 175.355; final_level: 145.195
event: task_resolution; timestamp: 1081.41; task: 2; pos: (5, 20); status: FAILED; attempt: 1
event: battery_consumption; timestamp: 1081.41; robot: 10; time: 18.0278; initial_level: 145.195; final_level: 145.195
event: navigation; timestamp: 1081.41; robot: 10; time: 18.0278; src: (5, 20); dst: (20, 30)
event: task_resolution; timestamp: 1082; task: 49; pos: (-12, -15); status: FAILED; attempt: 1
event: battery_consumption; timestamp: 1107; robot: 5; time: 35.3553; initial_level: 165.263; final_level: 165.263
event: navigation; timestamp: 1107; robot: 5; time: 35.3553; src: (-15, 35); dst: (20, 30)
event: battery_consumption; timestamp: 1113; robot: 2; time: 32.3883; initial_level: 191.06; final_level: 191.06
event: navigation; timestamp: 1113; robot: 2; time: 32.3883; src: (32, 5); dst: (0, 0)
event: robot_finished; timestamp: 1145.39; robot: 2; pos: (0, 0); battery: 191.06
event: battery_consumption; timestamp: 1115; robot: 6; time: 30.8058; initial_level: 128.022; final_level: 128.022
event: navigation; timestamp: 1115; robot: 6; time: 30.8058; src: (18, 25); dst: (0, 0)
event: robot_finished; timestamp: 1145.81; robot: 6; pos: (0, 0); battery: 128.022
event: battery_consumption; timestamp: 1115; robot: 7; time: 30.8058; initial_level: 129.301; final_level: 129.301
event: navigation; timestamp: 1115; robot: 7; time: 30.8058; src: (18, 25); dst: (0, 0)
event: robot_finished; timestamp: 1145.81; robot: 7; pos: (0, 0); battery: 129.301
event: battery_consumption; timestamp: 1115; robot: 3; time: 30.8058; initial_level: 164.776; final_level: 164.776
event: navigation; timestamp: 1115; robot: 3; time: 30.8058; src: (18, 25); dst: (0, 0)
event: robot_finished; timestamp: 1145.81; robot: 3; pos: (0, 0); battery: 164.776
event: battery_consumption; timestamp: 1116; robot: 8; time: 29.7321; initial_level: 169.883; final_level: 169.883
event: navigation; timestamp: 1116; robot: 8; time: 29.7321; src: (28, 10); dst: (0, 0)
event: robot_finished; timestamp: 1145.73; robot: 8; pos: (0, 0); battery: 169.883
event: battery_consumption; timestamp: 1123; robot: 1; time: 22.3607; initial_level: 131.407; final_level: 131.407
event: navigation; timestamp: 1123; robot: 1; time: 22.3607; src: (20, 10); dst: (0, 0)
event: robot_finished; timestamp: 1145.36; robot: 1; pos: (0, 0); battery: 131.407
event: battery_consumption; timestamp: 1123; robot: 4; time: 22.3607; initial_level: 190.06; final_level: 190.06
event: navigation; timestamp: 1123; robot: 4; time: 22.3607; src: (20, 10); dst: (0, 0)
event: robot_finished; timestamp: 1145.36; robot: 4; pos: (0, 0); battery: 190.06
event: battery_consumption; timestamp: 1127; robot: 9; time: 18.0278; initial_level: 190.06; final_level: 190.06
event: navigation; timestamp: 1127; robot: 9; time: 18.0278; src: (-10, -15); dst: (0, 0)
event: robot_finished; timestamp: 1145.03; robot: 9; pos: (0, 0); battery: 190.06
event: task_resolution; timestamp: 1148.56; task: 98; pos: (18, 25); status: COMPLETED; attempt: 1
event: task_resolution; timestamp: 1153.18; task: 91; pos: (20, 10); status: COMPLETED; attempt: 1
event: task_resolution; timestamp: 1153.49; task: 47; pos: (-10, -15); status: FAILED; attempt: 1
event: task_resolution; timestamp: 1169.75; task: 83; pos: (32, 5); status: COMPLETED; attempt: 1
event: task_resolution; timestamp: 1173.27; task: 85; pos: (28, 10); status: COMPLETED; attempt: 1
event: task_execution; timestamp: 1142.36; task: 96; robot: 5; pos: (20, 30); time: 110.463
event: battery_consumption; timestamp: 1142.36; robot: 5; time: 110.463; initial_level: 165.263; final_level: 152.989
event: task_execution; timestamp: 1142.36; task: 96; robot: 10; pos: (20, 30); time: 110.463
event: battery_consumption; timestamp: 1142.36; robot: 10; time: 110.463; initial_level: 145.195; final_level: 132.921
event: task_resolution; timestamp: 1252.82; task: 96; pos: (20, 30); status: COMPLETED; attempt: 1
event: battery_consumption; timestamp: 1252.82; robot: 5; time: 36.0555; initial_level: 152.989; final_level: 152.989
event: navigation; timestamp: 1252.82; robot: 5; time: 36.0555; src: (20, 30); dst: (0, 0)
event: robot_finished; timestamp: 1288.87; robot: 5; pos: (0, 0); battery: 152.989
event: battery_consumption; timestamp: 1252.82; robot: 10; time: 36.0555; initial_level: 132.921; final_level: 132.921
event: navigation; timestamp: 1252.82; robot: 10; time: 36.0555; src: (20, 30); dst: (0, 0)
event: robot_finished; timestamp: 1288.87; robot: 10; pos: (0, 0); battery: 132.921
metric: available_agents; value: 0
metric: failed_agents; value: 0
metric: finished_agents; value: 10
metric: completed_tasks; value: 25
metric: pending_tasks; value: 0
metric: failed_tasks; value: 75
metric: average_robot_makespan; value: 1174.2
metric: sd_robot_makespan; value: 60.4371
metric: max_robot_makespan; value: 1288.87
metric: min_robot_makespan; value: 1145.03
metric: average_robot_travel_distance; value: 121.601
metric: sd_robot_travel_distance; value: 36.4523
metric: max_robot_travel_distance; value: 162.414
metric: min_robot_travel_distance; value: 66.8122
metric: sum_robot_travel_distance; value: 1216.01
metric: average_completed_tasks_by_robot; value: 0
metric: sd_completed_tasks_by_robot; value: 0
metric: max_completed_tasks_by_robot; value: 0
metric: min_completed_tasks_by_robot; value: 0
metric: final_reward; value: 0.25
metric: computing_time; value: 0.00589553
