info: solver_name; value: dec-mcts
info: reward_function; value: reward00
info: replica; value: 1
info: filename; value: ../logs/prueba/c103_10r_100t_cdb2cd8a_dec-mcts_reward00_001.log
info: scenario_name; value: c103_10r_100t_cdb2cd8a
info: scenario_name; value: c103_10r_100t_cdb2cd8a
info: number_of_tasks; value: 100
info: number_of_robots; value: 10
info: number_of_recharging_stations; value: 1
info: scenario_size; value: (132,132)
event: recharging_station_spawn; timestamp: 0; recharging_station: 1; pos: (0, 0)
event: task_spawn; timestamp: 0; task: 1; pos: (5, 18); earliest_start: 0; latest_start: 1127; state: PENDING; required_workers: 1; success_prob: 0.2; max_attempts: 1
event: task_spawn; timestamp: 0; task: 2; pos: (5, 20); earliest_start: 0; latest_start: 1125; state: PENDING; required_workers: 1; success_prob: 0.2; max_attempts: 1
event: task_spawn; timestamp: 0; task: 3; pos: (2, 16); earliest_start: 0; latest_start: 1129; state: PENDING; required_workers: 1; success_prob: 0.2; max_attempts: 1
event: task_spawn; timestamp: 0; task: 4; pos: (2, 18); earliest_start: 727; latest_start: 782; state: PENDING; required_workers: 1; success_prob: 0.2; max_attempts: 1
event: task_spawn; timestamp: 0; task: 5; pos: (2, 15); earliest_start: 0; latest_start: 1130; state: PENDING; required_workers: 1; success_prob: 0.2; max_attempts: 1
event: task_spawn; timestamp: 0; task: 6; pos: (0, 19); earliest_start: 621; latest_start: 702; state: PENDING; required_workers: 1; success_prob: 0.2; max_attempts: 1
event: task_spawn; timestamp: 0; task: 7; pos: (0, 16); earliest_start: 0; latest_start: 1130; state: PENDING; required_workers: 1; success_prob: 0.2; max_attempts: 1
event: task_spawn; timestamp: 0; task: 8; pos: (-2, 18); earliest_start: 255; latest_start: 324; state: PENDING; required_workers: 1; success_prob: 0.2; max_attempts: 1
event: task_spawn; timestamp: 0; task: 9; pos: (-2, 20); earliest_start: 534; latest_start: 605; state: PENDING; required_workers: 1; success_prob: 0.2; max_attempts: 1
event: task_spawn; timestamp: 0; task: 10; pos: (-5, 16); earliest_start: 357; latest_start: 410; state: PENDING; required_workers: 1; success_prob: 0.2; max_attempts: 1
event: task_spawn; timestamp: 0; task: 11; pos: (-5, 19); earliest_start: 448; latest_start: 505; state: PENDING; required_workers: 2; success_prob: 0.2; max_attempts: 1
event: task_spawn; timestamp: 0; task: 12; pos: (-15, 35); earliest_start: 0; latest_start: 1107; state: PENDING; required_workers: 2; success_prob: 0.2; max_attempts: 1
event: task_spawn; timestamp: 0; task: 13; pos: (-18, 25); earliest_start: 30; latest_start: 92; state: PENDING; required_workers: 2; success_prob: 0.2; max_attempts: 1
event: task_spawn; timestamp: 0; task: 14; pos: (-18, 35); earliest_start: 0; latest_start: 1106; state: PENDING; required_workers: 2; success_prob: 0.2; max_attempts: 1
event: task_spawn; timestamp: 0; task: 15; pos: (-20, 30); earliest_start: 384; latest_start: 429; state: PENDING; required_workers: 2; success_prob: 0.2; max_attempts: 1
event: task_spawn; timestamp: 0; task: 16; pos: (-20, 35); earliest_start: 0; latest_start: 1105; state: PENDING; required_workers: 2; success_prob: 0.2; max_attempts: 1
event: task_spawn; timestamp: 0; task: 17; pos: (-22, 25); earliest_start: 99; latest_start: 148; state: PENDING; required_workers: 3; success_prob: 0.2; max_attempts: 1
event: task_spawn; timestamp: 0; task: 18; pos: (-25, 25); earliest_start: 0; latest_start: 1110; state: PENDING; required_workers: 3; success_prob: 0.2; max_attempts: 1
event: task_spawn; timestamp: 0; task: 19; pos: (-25, 30); earliest_start: 0; latest_start: 1106; state: PENDING; required_workers: 3; success_prob: 0.2; max_attempts: 1
event: task_spawn; timestamp: 0; task: 20; pos: (-10, 0); earliest_start: 0; latest_start: 1136; state: PENDING; required_workers: 3; success_prob: 0.2; max_attempts: 1
event: task_spawn; timestamp: 0; task: 21; pos: (-10, 2); earliest_start: 0; latest_start: 1135; state: PENDING; required_workers: 1; success_prob: 0.4; max_attempts: 1
event: task_spawn; timestamp: 0; task: 22; pos: (-12, 2); earliest_start: 812; latest_start: 883; state: PENDING; required_workers: 1; success_prob: 0.4; max_attempts: 1
event: task_spawn; timestamp: 0; task: 23; pos: (-12, 5); earliest_start: 732; latest_start: 777; state: PENDING; required_workers: 1; success_prob: 0.4; max_attempts: 1
event: task_spawn; timestamp: 0; task: 24; pos: (-15, 0); earliest_start: 0; latest_start: 1131; state: PENDING; required_workers: 1; success_prob: 0.4; max_attempts: 1
event: task_spawn; timestamp: 0; task: 25; pos: (-15, 2); earliest_start: 169; latest_start: 224; state: PENDING; required_workers: 1; success_prob: 0.4; max_attempts: 1
event: task_spawn; timestamp: 0; task: 26; pos: (-15, 5); earliest_start: 0; latest_start: 1130; state: PENDING; required_workers: 1; success_prob: 0.4; max_attempts: 1
event: task_spawn; timestamp: 0; task: 27; pos: (-17, 2); earliest_start: 261; latest_start: 316; state: PENDING; required_workers: 1; success_prob: 0.4; max_attempts: 1
event: task_spawn; timestamp: 0; task: 28; pos: (-17, 5); earliest_start: 0; latest_start: 1128; state: PENDING; required_workers: 1; success_prob: 0.4; max_attempts: 1
event: task_spawn; timestamp: 0; task: 29; pos: (-20, 0); earliest_start: 0; latest_start: 1126; state: PENDING; required_workers: 1; success_prob: 0.4; max_attempts: 1
event: task_spawn; timestamp: 0; task: 30; pos: (-20, 5); earliest_start: 449; latest_start: 504; state: PENDING; required_workers: 1; success_prob: 0.4; max_attempts: 1
event: task_spawn; timestamp: 0; task: 31; pos: (-30, -15); earliest_start: 0; latest_start: 1112; state: PENDING; required_workers: 2; success_prob: 0.4; max_attempts: 1
event: task_spawn; timestamp: 0; task: 32; pos: (-30, -10); earliest_start: 0; latest_start: 1114; state: PENDING; required_workers: 2; success_prob: 0.4; max_attempts: 1
event: task_spawn; timestamp: 0; task: 33; pos: (-32, -10); earliest_start: 87; latest_start: 158; state: PENDING; required_workers: 2; success_prob: 0.4; max_attempts: 1
event: task_spawn; timestamp: 0; task: 34; pos: (-32, -5); earliest_start: 0; latest_start: 1113; state: PENDING; required_workers: 2; success_prob: 0.4; max_attempts: 1
event: task_spawn; timestamp: 0; task: 35; pos: (-35, -15); earliest_start: 283; latest_start: 344; state: PENDING; required_workers: 2; success_prob: 0.4; max_attempts: 1
event: task_spawn; timestamp: 0; task: 36; pos: (-35, -5); earliest_start: 665; latest_start: 716; state: PENDING; required_workers: 2; success_prob: 0.4; max_attempts: 1
event: task_spawn; timestamp: 0; task: 37; pos: (-38, -10); earliest_start: 0; latest_start: 1106; state: PENDING; required_workers: 3; success_prob: 0.4; max_attempts: 1
event: task_spawn; timestamp: 0; task: 38; pos: (-40, -10); earliest_start: 479; latest_start: 522; state: PENDING; required_workers: 3; success_prob: 0.4; max_attempts: 1
event: task_spawn; timestamp: 0; task: 39; pos: (-40, -5); earliest_start: 567; latest_start: 624; state: PENDING; required_workers: 3; success_prob: 0.4; max_attempts: 1
event: task_spawn; timestamp: 0; task: 40; pos: (-5, -20); earliest_start: 264; latest_start: 321; state: PENDING; required_workers: 3; success_prob: 0.4; max_attempts: 1
event: task_spawn; timestamp: 0; task: 41; pos: (-5, -18); earliest_start: 166; latest_start: 235; state: PENDING; required_workers: 1; success_prob: 0.6; max_attempts: 1
event: task_spawn; timestamp: 0; task: 42; pos: (-7, -18); earliest_start: 68; latest_start: 149; state: PENDING; required_workers: 1; success_prob: 0.6; max_attempts: 1
event: task_spawn; timestamp: 0; task: 43; pos: (-7, -15); earliest_start: 0; latest_start: 1129; state: PENDING; required_workers: 1; success_prob: 0.6; max_attempts: 1
event: task_spawn; timestamp: 0; task: 44; pos: (-8, -20); earliest_start: 359; latest_start: 412; state: PENDING; required_workers: 1; success_prob: 0.6; max_attempts: 1
event: task_spawn; timestamp: 0; task: 45; pos: (-10, -20); earliest_start: 541; latest_start: 600; state: PENDING; required_workers: 1; success_prob: 0.6; max_attempts: 1
event: task_spawn; timestamp: 0; task: 46; pos: (-10, -18); earliest_start: 0; latest_start: 1125; state: PENDING; required_workers: 1; success_prob: 0.6; max_attempts: 1
event: task_spawn; timestamp: 0; task: 47; pos: (-10, -15); earliest_start: 0; latest_start: 1127; state: PENDING; required_workers: 1; success_prob: 0.6; max_attempts: 1
event: task_spawn; timestamp: 0; task: 48; pos: (-12, -20); earliest_start: 0; latest_start: 1122; state: PENDING; required_workers: 1; success_prob: 0.6; max_attempts: 1
event: task_spawn; timestamp: 0; task: 49; pos: (-12, -15); earliest_start: 1001; latest_start: 1066; state: PENDING; required_workers: 1; success_prob: 0.6; max_attempts: 1
event: task_spawn; timestamp: 0; task: 50; pos: (-14, -18); earliest_start: 0; latest_start: 1123; state: PENDING; required_workers: 1; success_prob: 0.6; max_attempts: 1
event: task_spawn; timestamp: 0; task: 51; pos: (-15, -20); earliest_start: 0; latest_start: 1121; state: PENDING; required_workers: 2; success_prob: 0.6; max_attempts: 1
event: task_spawn; timestamp: 0; task: 52; pos: (-15, -15); earliest_start: 0; latest_start: 1124; state: PENDING; required_workers: 2; success_prob: 0.6; max_attempts: 1
event: task_spawn; timestamp: 0; task: 53; pos: (4, -45); earliest_start: 286; latest_start: 347; state: PENDING; required_workers: 2; success_prob: 0.6; max_attempts: 1
event: task_spawn; timestamp: 0; task: 54; pos: (2, -40); earliest_start: 0; latest_start: 1105; state: PENDING; required_workers: 2; success_prob: 0.6; max_attempts: 1
event: task_spawn; timestamp: 0; task: 55; pos: (2, -35); earliest_start: 95; latest_start: 158; state: PENDING; required_workers: 2; success_prob: 0.6; max_attempts: 1
event: task_spawn; timestamp: 0; task: 56; pos: (0, -45); earliest_start: 385; latest_start: 436; state: PENDING; required_workers: 2; success_prob: 0.6; max_attempts: 1
event: task_spawn; timestamp: 0; task: 57; pos: (0, -35); earliest_start: 0; latest_start: 1111; state: PENDING; required_workers: 3; success_prob: 0.6; max_attempts: 1
event: task_spawn; timestamp: 0; task: 58; pos: (-2, -45); earliest_start: 471; latest_start: 534; state: PENDING; required_workers: 3; success_prob: 0.6; max_attempts: 1
event: task_spawn; timestamp: 0; task: 59; pos: (-2, -35); earliest_start: 0; latest_start: 1110; state: PENDING; required_workers: 3; success_prob: 0.6; max_attempts: 1
event: task_spawn; timestamp: 0; task: 60; pos: (-5, -45); earliest_start: 0; latest_start: 1100; state: PENDING; required_workers: 3; success_prob: 0.6; max_attempts: 1
event: task_spawn; timestamp: 0; task: 61; pos: (10, -20); earliest_start: 0; latest_start: 1123; state: PENDING; required_workers: 1; success_prob: 0.8; max_attempts: 1
event: task_spawn; timestamp: 0; task: 62; pos: (10, -15); earliest_start: 262; latest_start: 317; state: PENDING; required_workers: 1; success_prob: 0.8; max_attempts: 1
event: task_spawn; timestamp: 0; task: 63; pos: (10, -10); earliest_start: 0; latest_start: 1131; state: PENDING; required_workers: 1; success_prob: 0.8; max_attempts: 1
event: task_spawn; timestamp: 0; task: 64; pos: (8, -20); earliest_start: 632; latest_start: 693; state: PENDING; required_workers: 1; success_prob: 0.8; max_attempts: 1
event: task_spawn; timestamp: 0; task: 65; pos: (8, -10); earliest_start: 76; latest_start: 129; state: PENDING; required_workers: 1; success_prob: 0.8; max_attempts: 1
event: task_spawn; timestamp: 0; task: 66; pos: (7, -15); earliest_start: 826; latest_start: 875; state: PENDING; required_workers: 1; success_prob: 0.8; max_attempts: 1
event: task_spawn; timestamp: 0; task: 67; pos: (7, -10); earliest_start: 12; latest_start: 77; state: PENDING; required_workers: 1; success_prob: 0.8; max_attempts: 1
event: task_spawn; timestamp: 0; task: 68; pos: (5, -20); earliest_start: 734; latest_start: 777; state: PENDING; required_workers: 1; success_prob: 0.8; max_attempts: 1
event: task_spawn; timestamp: 0; task: 69; pos: (5, -15); earliest_start: 916; latest_start: 969; state: PENDING; required_workers: 1; success_prob: 0.8; max_attempts: 1
event: task_spawn; timestamp: 0; task: 70; pos: (55, -20); earliest_start: 387; latest_start: 456; state: PENDING; required_workers: 1; success_prob: 0.8; max_attempts: 1
event: task_spawn; timestamp: 0; task: 71; pos: (55, -15); earliest_start: 0; latest_start: 1088; state: PENDING; required_workers: 2; success_prob: 0.8; max_attempts: 1
event: task_spawn; timestamp: 0; task: 72; pos: (13, -20); earliest_start: 0; latest_start: 1122; state: PENDING; required_workers: 2; success_prob: 0.8; max_attempts: 1
event: task_spawn; timestamp: 0; task: 73; pos: (52, -20); earliest_start: 0; latest_start: 1090; state: PENDING; required_workers: 2; success_prob: 0.8; max_attempts: 1
event: task_spawn; timestamp: 0; task: 74; pos: (13, -15); earliest_start: 353; latest_start: 412; state: PENDING; required_workers: 2; success_prob: 0.8; max_attempts: 1
event: task_spawn; timestamp: 0; task: 75; pos: (5, 15); earliest_start: 0; latest_start: 1130; state: PENDING; required_workers: 2; success_prob: 0.8; max_attempts: 1
event: task_spawn; timestamp: 0; task: 76; pos: (50, -15); earliest_start: 203; latest_start: 260; state: PENDING; required_workers: 2; success_prob: 0.8; max_attempts: 1
event: task_spawn; timestamp: 0; task: 77; pos: (48, -20); earliest_start: 574; latest_start: 643; state: PENDING; required_workers: 3; success_prob: 0.8; max_attempts: 1
event: task_spawn; timestamp: 0; task: 78; pos: (48, -15); earliest_start: 109; latest_start: 170; state: PENDING; required_workers: 3; success_prob: 0.8; max_attempts: 1
event: task_spawn; timestamp: 0; task: 79; pos: (47, -20); earliest_start: 668; latest_start: 731; state: PENDING; required_workers: 3; success_prob: 0.8; max_attempts: 1
event: task_spawn; timestamp: 0; task: 80; pos: (45, -25); earliest_start: 769; latest_start: 820; state: PENDING; required_workers: 3; success_prob: 0.8; max_attempts: 1
event: task_spawn; timestamp: 0; task: 81; pos: (45, -15); earliest_start: 0; latest_start: 1098; state: PENDING; required_workers: 1; success_prob: 1; max_attempts: 1
event: task_spawn; timestamp: 0; task: 82; pos: (35, 5); earliest_start: 0; latest_start: 1110; state: PENDING; required_workers: 1; success_prob: 1; max_attempts: 1
event: task_spawn; timestamp: 0; task: 83; pos: (32, 5); earliest_start: 0; latest_start: 1113; state: PENDING; required_workers: 1; success_prob: 1; max_attempts: 1
event: task_spawn; timestamp: 0; task: 84; pos: (30, 8); earliest_start: 458; latest_start: 523; state: PENDING; required_workers: 1; success_prob: 1; max_attempts: 1
event: task_spawn; timestamp: 0; task: 85; pos: (28, 10); earliest_start: 0; latest_start: 1116; state: PENDING; required_workers: 1; success_prob: 1; max_attempts: 1
event: task_spawn; timestamp: 0; task: 86; pos: (26, 5); earliest_start: 0; latest_start: 1119; state: PENDING; required_workers: 1; success_prob: 1; max_attempts: 1
event: task_spawn; timestamp: 0; task: 87; pos: (25, 5); earliest_start: 85; latest_start: 144; state: PENDING; required_workers: 1; success_prob: 1; max_attempts: 1
event: task_spawn; timestamp: 0; task: 88; pos: (25, 10); earliest_start: 645; latest_start: 708; state: PENDING; required_workers: 1; success_prob: 1; max_attempts: 1
event: task_spawn; timestamp: 0; task: 89; pos: (23, 8); earliest_start: 0; latest_start: 1121; state: PENDING; required_workers: 1; success_prob: 1; max_attempts: 1
event: task_spawn; timestamp: 0; task: 90; pos: (20, 5); earliest_start: 0; latest_start: 1125; state: PENDING; required_workers: 1; success_prob: 1; max_attempts: 1
event: task_spawn; timestamp: 0; task: 91; pos: (20, 10); earliest_start: 0; latest_start: 1123; state: PENDING; required_workers: 2; success_prob: 1; max_attempts: 1
event: task_spawn; timestamp: 0; task: 92; pos: (27, 35); earliest_start: 368; latest_start: 441; state: PENDING; required_workers: 2; success_prob: 1; max_attempts: 1
event: task_spawn; timestamp: 0; task: 93; pos: (25, 35); earliest_start: 475; latest_start: 518; state: PENDING; required_workers: 2; success_prob: 1; max_attempts: 1
event: task_spawn; timestamp: 0; task: 94; pos: (25, 32); earliest_start: 0; latest_start: 1105; state: PENDING; required_workers: 2; success_prob: 1; max_attempts: 1
event: task_spawn; timestamp: 0; task: 95; pos: (22, 30); earliest_start: 0; latest_start: 1108; state: PENDING; required_workers: 2; success_prob: 1; max_attempts: 1
event: task_spawn; timestamp: 0; task: 96; pos: (20, 30); earliest_start: 0; latest_start: 1109; state: PENDING; required_workers: 2; success_prob: 1; max_attempts: 1
event: task_spawn; timestamp: 0; task: 97; pos: (20, 35); earliest_start: 0; latest_start: 1105; state: PENDING; required_workers: 3; success_prob: 1; max_attempts: 1
event: task_spawn; timestamp: 0; task: 98; pos: (18, 25); earliest_start: 0; latest_start: 1115; state: PENDING; required_workers: 3; success_prob: 1; max_attempts: 1
event: task_spawn; timestamp: 0; task: 99; pos: (15, 30); earliest_start: 743; latest_start: 820; state: PENDING; required_workers: 3; success_prob: 1; max_attempts: 1
event: task_spawn; timestamp: 0; task: 100; pos: (15, 35); earliest_start: 647; latest_start: 726; state: PENDING; required_workers: 3; success_prob: 1; max_attempts: 1
event: robot_spawn; timestamp: 0; robot: 1; pos: (0, 0); state: AVAILABLE; battery_level: 200; battery_capacity: 200; velocity: 1; battery_rate_nav: 0
event: robot_spawn; timestamp: 0; robot: 2; pos: (0, 0); state: AVAILABLE; battery_level: 200; battery_capacity: 200; velocity: 1; battery_rate_nav: 0
event: robot_spawn; timestamp: 0; robot: 3; pos: (0, 0); state: AVAILABLE; battery_level: 200; battery_capacity: 200; velocity: 1; battery_rate_nav: 0
event: robot_spawn; timestamp: 0; robot: 4; pos: (0, 0); state: AVAILABLE; battery_level: 200; battery_capacity: 200; velocity: 1; battery_rate_nav: 0
event: robot_spawn; timestamp: 0; robot: 5; pos: (0, 0); state: AVAILABLE; battery_level: 200; battery_capacity: 200; velocity: 1; battery_rate_nav: 0
event: robot_spawn; timestamp: 0; robot: 6; pos: (0, 0); state: AVAILABLE; battery_level: 200; battery_capacity: 200; velocity: 1; battery_rate_nav: 0
event: robot_spawn; timestamp: 0; robot: 7; pos: (0, 0); state: AVAILABLE; battery_level: 200; battery_capacity: 200; velocity: 1; battery_rate_nav: 0
event: robot_spawn; timestamp: 0; robot: 8; pos: (0, 0); state: AVAILABLE; battery_level: 200; battery_capacity: 200; velocity: 1; battery_rate_nav: 0
event: robot_spawn; timestamp: 0; robot: 9; pos: (0, 0); state: AVAILABLE; battery_level: 200; battery_capacity: 200; velocity: 1; battery_rate_nav: 0
event: robot_spawn; timestamp: 0; robot: 10; pos: (0, 0); state: AVAILABLE; battery_level: 200; battery_capacity: 200; velocity: 1; battery_rate_nav: 0
event: battery_consumption; timestamp: 0; robot: 1; time: 20.6155; initial_level: 200; final_level: 200
event: navigation; timestamp: 0; robot: 1; time: 20.6155; src: (0, 0); dst: (20, 5)
event: battery_consumption; timestamp: 0; robot: 5; time: 20.6155; initial_level: 200; final_level: 200
event: navigation; timestamp: 0; robot: 5; time: 20.6155; src: (0, 0); dst: (20, 5)
event: battery_consumption; timestamp: 0; robot: 7; time: 20.6155; initial_level: 200; final_level: 200
event: navigation; timestamp: 0; robot: 7; time: 20.6155; src: (0, 0); dst: (20, 5)
event: battery_consumption; timestamp: 0; robot: 4; time: 20.6155; initial_level: 200; final_level: 200
event: navigation; timestamp: 0; robot: 4; time: 20.6155; src: (0, 0); dst: (20, 5)
event: battery_consumption; timestamp: 0; robot: 3; time: 20.6155; initial_level: 200; final_level: 200
event: navigation; timestamp: 0; robot: 3; time: 20.6155; src: (0, 0); dst: (20, 5)
event: battery_consumption; timestamp: 0; robot: 6; time: 20.6155; initial_level: 200; final_level: 200
event: navigation; timestamp: 0; robot: 6; time: 20.6155; src: (0, 0); dst: (20, 5)
event: battery_consumption; timestamp: 0; robot: 8; time: 20.6155; initial_level: 200; final_level: 200
event: navigation; timestamp: 0; robot: 8; time: 20.6155; src: (0, 0); dst: (20, 5)
event: battery_consumption; timestamp: 0; robot: 9; time: 20.6155; initial_level: 200; final_level: 200
event: navigation; timestamp: 0; robot: 9; time: 20.6155; src: (0, 0); dst: (20, 5)
event: battery_consumption; timestamp: 0; robot: 10; time: 20.6155; initial_level: 200; final_level: 200
event: navigation; timestamp: 0; robot: 10; time: 20.6155; src: (0, 0); dst: (20, 5)
event: battery_consumption; timestamp: 0; robot: 2; time: 20.6155; initial_level: 200; final_level: 200
event: navigation; timestamp: 0; robot: 2; time: 20.6155; src: (0, 0); dst: (20, 5)
event: task_execution; timestamp: 20.6155; task: 90; robot: 1; pos: (20, 5); time: 98.9668
event: battery_consumption; timestamp: 20.6155; robot: 1; time: 98.9668; initial_level: 200; final_level: 189.004
event: task_execution; timestamp: 20.6155; task: 90; robot: 2; pos: (20, 5); time: 98.9668
event: battery_consumption; timestamp: 20.6155; robot: 2; time: 98.9668; initial_level: 200; final_level: 189.004
event: task_execution; timestamp: 20.6155; task: 90; robot: 3; pos: (20, 5); time: 98.9668
event: battery_consumption; timestamp: 20.6155; robot: 3; time: 98.9668; initial_level: 200; final_level: 189.004
event: task_execution; timestamp: 20.6155; task: 90; robot: 4; pos: (20, 5); time: 98.9668
event: battery_consumption; timestamp: 20.6155; robot: 4; time: 98.9668; initial_level: 200; final_level: 189.004
event: task_execution; timestamp: 20.6155; task: 90; robot: 5; pos: (20, 5); time: 98.9668
event: battery_consumption; timestamp: 20.6155; robot: 5; time: 98.9668; initial_level: 200; final_level: 189.004
event: task_execution; timestamp: 20.6155; task: 90; robot: 6; pos: (20, 5); time: 98.9668
event: battery_consumption; timestamp: 20.6155; robot: 6; time: 98.9668; initial_level: 200; final_level: 189.004
event: task_execution; timestamp: 20.6155; task: 90; robot: 7; pos: (20, 5); time: 98.9668
event: battery_consumption; timestamp: 20.6155; robot: 7; time: 98.9668; initial_level: 200; final_level: 189.004
event: task_execution; timestamp: 20.6155; task: 90; robot: 8; pos: (20, 5); time: 98.9668
event: battery_consumption; timestamp: 20.6155; robot: 8; time: 98.9668; initial_level: 200; final_level: 189.004
event: task_execution; timestamp: 20.6155; task: 90; robot: 9; pos: (20, 5); time: 98.9668
event: battery_consumption; timestamp: 20.6155; robot: 9; time: 98.9668; initial_level: 200; final_level: 189.004
event: task_execution; timestamp: 20.6155; task: 90; robot: 10; pos: (20, 5); time: 98.9668
event: battery_consumption; timestamp: 20.6155; robot: 10; time: 98.9668; initial_level: 200; final_level: 189.004
event: task_resolution; timestamp: 119.582; task: 90; pos: (20, 5); status: COMPLETED; attempt: 1
event: battery_consumption; timestamp: 119.582; robot: 7; time: 4.24264; initial_level: 189.004; final_level: 189.004
event: navigation; timestamp: 119.582; robot: 7; time: 4.24264; src: (20, 5); dst: (23, 8)
event: battery_consumption; timestamp: 119.582; robot: 6; time: 6; initial_level: 189.004; final_level: 189.004
event: navigation; timestamp: 119.582; robot: 6; time: 6; src: (20, 5); dst: (26, 5)
event: battery_consumption; timestamp: 119.582; robot: 9; time: 5; initial_level: 189.004; final_level: 189.004
event: navigation; timestamp: 119.582; robot: 9; time: 5; src: (20, 5); dst: (25, 5)
event: battery_consumption; timestamp: 119.582; robot: 5; time: 12; initial_level: 189.004; final_level: 189.004
event: navigation; timestamp: 119.582; robot: 5; time: 12; src: (20, 5); dst: (32, 5)
event: battery_consumption; timestamp: 119.582; robot: 10; time: 15; initial_level: 189.004; final_level: 189.004
event: navigation; timestamp: 119.582; robot: 10; time: 15; src: (20, 5); dst: (35, 5)
event: battery_consumption; timestamp: 119.582; robot: 1; time: 9.43398; initial_level: 189.004; final_level: 189.004
event: navigation; timestamp: 119.582; robot: 1; time: 9.43398; src: (20, 5); dst: (28, 10)
event: battery_consumption; timestamp: 119.582; robot: 4; time: 32.0156; initial_level: 189.004; final_level: 189.004
event: navigation; timestamp: 119.582; robot: 4; time: 32.0156; src: (20, 5); dst: (45, -15)
event: battery_consumption; timestamp: 119.582; robot: 3; time: 10.4403; initial_level: 189.004; final_level: 189.004
event: navigation; timestamp: 119.582; robot: 3; time: 10.4403; src: (20, 5); dst: (30, 8)
event: battery_consumption; timestamp: 119.582; robot: 8; time: 7.07107; initial_level: 189.004; final_level: 189.004
event: navigation; timestamp: 119.582; robot: 8; time: 7.07107; src: (20, 5); dst: (25, 10)
event: battery_consumption; timestamp: 119.582; robot: 2; time: 26.9258; initial_level: 189.004; final_level: 189.004
event: navigation; timestamp: 119.582; robot: 2; time: 26.9258; src: (20, 5); dst: (10, -20)
event: battery_consumption; timestamp: 144; robot: 9; time: 21.2132; initial_level: 189.004; final_level: 189.004
event: navigation; timestamp: 144; robot: 9; time: 21.2132; src: (25, 5); dst: (10, -10)
event: task_execution; timestamp: 123.825; task: 89; robot: 7; pos: (23, 8); time: 85.5307
event: battery_consumption; timestamp: 123.825; robot: 7; time: 85.5307; initial_level: 189.004; final_level: 179.5
event: task_resolution; timestamp: 209.356; task: 89; pos: (23, 8); status: COMPLETED; attempt: 1
event: battery_consumption; timestamp: 209.356; robot: 7; time: 26.4197; initial_level: 179.5; final_level: 179.5
event: navigation; timestamp: 209.356; robot: 7; time: 26.4197; src: (23, 8); dst: (10, -15)
event: task_execution; timestamp: 129.016; task: 85; robot: 1; pos: (28, 10); time: 81.0596
event: battery_consumption; timestamp: 129.016; robot: 1; time: 81.0596; initial_level: 189.004; final_level: 161.984
event: task_resolution; timestamp: 210.076; task: 85; pos: (28, 10); status: COMPLETED; attempt: 1
event: battery_consumption; timestamp: 210.076; robot: 1; time: 36.0555; initial_level: 161.984; final_level: 161.984
event: navigation; timestamp: 210.076; robot: 1; time: 36.0555; src: (28, 10); dst: (8, -20)
event: task_resolution; timestamp: 214.121; task: 87; pos: (25, 5); status: COMPLETED; attempt: 1
event: task_execution; timestamp: 134.582; task: 82; robot: 10; pos: (35, 5); time: 91.1452
event: battery_consumption; timestamp: 134.582; robot: 10; time: 91.1452; initial_level: 189.004; final_level: 168.749
event: task_resolution; timestamp: 225.728; task: 82; pos: (35, 5); status: COMPLETED; attempt: 1
event: battery_consumption; timestamp: 225.728; robot: 10; time: 15.8114; initial_level: 168.749; final_level: 168.749
event: navigation; timestamp: 225.728; robot: 10; time: 15.8114; src: (35, 5); dst: (20, 10)
event: task_execution; timestamp: 131.582; task: 83; robot: 5; pos: (32, 5); time: 97.5193
event: battery_consumption; timestamp: 131.582; robot: 5; time: 97.5193; initial_level: 189.004; final_level: 178.168
event: task_resolution; timestamp: 229.102; task: 83; pos: (32, 5); status: COMPLETED; attempt: 1
event: battery_consumption; timestamp: 229.102; robot: 5; time: 13; initial_level: 178.168; final_level: 178.168
event: navigation; timestamp: 229.102; robot: 5; time: 13; src: (32, 5); dst: (20, 10)
event: task_execution; timestamp: 151.598; task: 81; robot: 4; pos: (45, -15); time: 80.0167
event: battery_consumption; timestamp: 151.598; robot: 4; time: 80.0167; initial_level: 189.004; final_level: 162.331
event: task_resolution; timestamp: 231.615; task: 81; pos: (45, -15); status: COMPLETED; attempt: 1
event: battery_consumption; timestamp: 231.615; robot: 4; time: 51.4782; initial_level: 162.331; final_level: 162.331
event: navigation; timestamp: 231.615; robot: 4; time: 51.4782; src: (45, -15); dst: (20, 30)
event: task_execution; timestamp: 125.582; task: 86; robot: 6; pos: (26, 5); time: 106.523
event: battery_consumption; timestamp: 125.582; robot: 6; time: 106.523; initial_level: 189.004; final_level: 177.168
event: task_resolution; timestamp: 232.105; task: 86; pos: (26, 5); status: COMPLETED; attempt: 1
event: battery_consumption; timestamp: 232.105; robot: 6; time: 25.7099; initial_level: 177.168; final_level: 177.168
event: navigation; timestamp: 232.105; robot: 6; time: 25.7099; src: (26, 5); dst: (20, 30)
event: task_execution; timestamp: 146.508; task: 61; robot: 2; pos: (10, -20); time: 89.1237
event: battery_consumption; timestamp: 146.508; robot: 2; time: 89.1237; initial_level: 189.004; final_level: 179.101
event: task_resolution; timestamp: 235.632; task: 61; pos: (10, -20); status: COMPLETED; attempt: 1
event: battery_consumption; timestamp: 235.632; robot: 2; time: 54.1202; initial_level: 179.101; final_level: 179.101
event: navigation; timestamp: 235.632; robot: 2; time: 54.1202; src: (10, -20); dst: (25, 32)
event: task_execution; timestamp: 165.213; task: 63; robot: 9; pos: (10, -10); time: 94.4613
event: battery_consumption; timestamp: 165.213; robot: 9; time: 94.4613; initial_level: 189.004; final_level: 136.525
event: task_resolution; timestamp: 259.675; task: 63; pos: (10, -10); status: COMPLETED; attempt: 1
event: battery_consumption; timestamp: 259.675; robot: 9; time: 44.5982; initial_level: 136.525; final_level: 136.525
event: navigation; timestamp: 259.675; robot: 9; time: 44.5982; src: (10, -10); dst: (25, 32)
event: battery_consumption; timestamp: 317; robot: 7; time: 46.5725; initial_level: 179.5; final_level: 179.5
event: navigation; timestamp: 317; robot: 7; time: 46.5725; src: (10, -15); dst: (22, 30)
event: task_execution; timestamp: 242.102; task: 91; robot: 5; pos: (20, 10); time: 87.5849
event: battery_consumption; timestamp: 242.102; robot: 5; time: 87.5849; initial_level: 178.168; final_level: 168.437
event: task_execution; timestamp: 242.102; task: 91; robot: 10; pos: (20, 10); time: 87.5849
event: battery_consumption; timestamp: 242.102; robot: 10; time: 87.5849; initial_level: 168.749; final_level: 159.018
event: task_resolution; timestamp: 329.687; task: 91; pos: (20, 10); status: COMPLETED; attempt: 1
event: battery_consumption; timestamp: 329.687; robot: 5; time: 20.0998; initial_level: 168.437; final_level: 168.437
event: navigation; timestamp: 329.687; robot: 5; time: 20.0998; src: (20, 10); dst: (22, 30)
event: battery_consumption; timestamp: 329.687; robot: 10; time: 25.4951; initial_level: 159.018; final_level: 159.018
event: navigation; timestamp: 329.687; robot: 10; time: 25.4951; src: (20, 10); dst: (15, 35)
event: task_resolution; timestamp: 359.504; task: 62; pos: (10, -15); status: COMPLETED; attempt: 1
event: task_execution; timestamp: 283.093; task: 96; robot: 4; pos: (20, 30); time: 102.058
event: battery_consumption; timestamp: 283.093; robot: 4; time: 102.058; initial_level: 162.331; final_level: 150.992
event: task_execution; timestamp: 283.093; task: 96; robot: 6; pos: (20, 30); time: 102.058
event: battery_consumption; timestamp: 283.093; robot: 6; time: 102.058; initial_level: 177.168; final_level: 165.828
event: task_resolution; timestamp: 385.151; task: 96; pos: (20, 30); status: COMPLETED; attempt: 1
event: battery_consumption; timestamp: 385.151; robot: 4; time: 7.07107; initial_level: 150.992; final_level: 150.992
event: navigation; timestamp: 385.151; robot: 4; time: 7.07107; src: (20, 30); dst: (15, 35)
event: battery_consumption; timestamp: 385.151; robot: 6; time: 7.07107; initial_level: 165.828; final_level: 165.828
event: navigation; timestamp: 385.151; robot: 6; time: 7.07107; src: (20, 30); dst: (15, 35)
event: task_execution; timestamp: 304.273; task: 94; robot: 2; pos: (25, 32); time: 100.802
event: battery_consumption; timestamp: 304.273; robot: 2; time: 100.802; initial_level: 179.101; final_level: 167.901
event: task_execution; timestamp: 304.273; task: 94; robot: 9; pos: (25, 32); time: 100.802
event: battery_consumption; timestamp: 304.273; robot: 9; time: 100.802; initial_level: 136.525; final_level: 125.325
event: task_resolution; timestamp: 405.075; task: 94; pos: (25, 32); status: COMPLETED; attempt: 1
event: battery_consumption; timestamp: 405.075; robot: 9; time: 26.2488; initial_level: 125.325; final_level: 125.325
event: navigation; timestamp: 405.075; robot: 9; time: 26.2488; src: (25, 32); dst: (5, 15)
event: battery_consumption; timestamp: 405.075; robot: 2; time: 26.2488; initial_level: 167.901; final_level: 167.901
event: navigation; timestamp: 405.075; robot: 2; time: 26.2488; src: (25, 32); dst: (5, 15)
event: task_execution; timestamp: 363.573; task: 95; robot: 5; pos: (22, 30); time: 94.5637
event: battery_consumption; timestamp: 363.573; robot: 5; time: 94.5637; initial_level: 168.437; final_level: 136.915
event: task_execution; timestamp: 363.573; task: 95; robot: 7; pos: (22, 30); time: 94.5637
event: battery_consumption; timestamp: 363.573; robot: 7; time: 94.5637; initial_level: 179.5; final_level: 147.979
event: task_resolution; timestamp: 458.136; task: 95; pos: (22, 30); status: COMPLETED; attempt: 1
event: battery_consumption; timestamp: 458.136; robot: 7; time: 58.3095; initial_level: 147.979; final_level: 147.979
event: navigation; timestamp: 458.136; robot: 7; time: 58.3095; src: (22, 30); dst: (52, -20)
event: battery_consumption; timestamp: 458.136; robot: 5; time: 58.3095; initial_level: 136.915; final_level: 136.915
event: navigation; timestamp: 458.136; robot: 5; time: 58.3095; src: (22, 30); dst: (52, -20)
event: task_execution; timestamp: 431.324; task: 75; robot: 2; pos: (5, 15); time: 89.8667
event: battery_consumption; timestamp: 431.324; robot: 2; time: 89.8667; initial_level: 167.901; final_level: 147.93
event: task_execution; timestamp: 431.324; task: 75; robot: 9; pos: (5, 15); time: 89.8667
event: battery_consumption; timestamp: 431.324; robot: 9; time: 89.8667; initial_level: 125.325; final_level: 105.355
event: task_resolution; timestamp: 521.191; task: 75; pos: (5, 15); status: COMPLETED; attempt: 1
event: battery_consumption; timestamp: 521.191; robot: 9; time: 16.4012; initial_level: 105.355; final_level: 105.355
event: navigation; timestamp: 521.191; robot: 9; time: 16.4012; src: (5, 15); dst: (18, 25)
event: battery_consumption; timestamp: 521.191; robot: 2; time: 16.4012; initial_level: 147.93; final_level: 147.93
event: navigation; timestamp: 521.191; robot: 2; time: 16.4012; src: (5, 15); dst: (18, 25)
event: battery_consumption; timestamp: 523; robot: 3; time: 20.8087; initial_level: 189.004; final_level: 189.004
event: navigation; timestamp: 523; robot: 3; time: 20.8087; src: (30, 8); dst: (18, 25)
event: task_resolution; timestamp: 549.715; task: 84; pos: (30, 8); status: COMPLETED; attempt: 1
event: task_execution; timestamp: 516.446; task: 73; robot: 5; pos: (52, -20); time: 81.039
event: battery_consumption; timestamp: 516.446; robot: 5; time: 81.039; initial_level: 136.915; final_level: 127.911
event: task_execution; timestamp: 516.446; task: 73; robot: 7; pos: (52, -20); time: 81.039
event: battery_consumption; timestamp: 516.446; robot: 7; time: 81.039; initial_level: 147.979; final_level: 138.975
event: task_resolution; timestamp: 597.485; task: 73; pos: (52, -20); status: COMPLETED; attempt: 1
event: battery_consumption; timestamp: 597.485; robot: 7; time: 63.6318; initial_level: 138.975; final_level: 138.975
event: navigation; timestamp: 597.485; robot: 7; time: 63.6318; src: (52, -20); dst: (20, 35)
event: battery_consumption; timestamp: 597.485; robot: 5; time: 63.6318; initial_level: 127.911; final_level: 127.911
event: navigation; timestamp: 597.485; robot: 5; time: 63.6318; src: (52, -20); dst: (20, 35)
event: task_execution; timestamp: 543.809; task: 98; robot: 2; pos: (18, 25); time: 99.6341
event: battery_consumption; timestamp: 543.809; robot: 2; time: 99.6341; initial_level: 147.93; final_level: 125.79
event: task_execution; timestamp: 543.809; task: 98; robot: 3; pos: (18, 25); time: 99.6341
event: battery_consumption; timestamp: 543.809; robot: 3; time: 99.6341; initial_level: 189.004; final_level: 166.863
event: task_execution; timestamp: 543.809; task: 98; robot: 9; pos: (18, 25); time: 99.6341
event: battery_consumption; timestamp: 543.809; robot: 9; time: 99.6341; initial_level: 105.355; final_level: 83.2136
event: task_resolution; timestamp: 643.443; task: 98; pos: (18, 25); status: COMPLETED; attempt: 1
event: battery_consumption; timestamp: 643.443; robot: 2; time: 10.198; initial_level: 125.79; final_level: 125.79
event: navigation; timestamp: 643.443; robot: 2; time: 10.198; src: (18, 25); dst: (20, 35)
event: battery_consumption; timestamp: 643.443; robot: 9; time: 45.2769; initial_level: 83.2136; final_level: 83.2136
event: navigation; timestamp: 643.443; robot: 9; time: 45.2769; src: (18, 25); dst: (13, -20)
event: battery_consumption; timestamp: 643.443; robot: 3; time: 45.2769; initial_level: 166.863; final_level: 166.863
event: navigation; timestamp: 643.443; robot: 3; time: 45.2769; src: (18, 25); dst: (13, -20)
event: battery_consumption; timestamp: 693; robot: 1; time: 3; initial_level: 161.984; final_level: 161.984
event: navigation; timestamp: 693; robot: 1; time: 3; src: (8, -20); dst: (5, -20)
event: task_resolution; timestamp: 706.457; task: 64; pos: (8, -20); status: COMPLETED; attempt: 1
event: battery_consumption; timestamp: 708; robot: 8; time: 39.0512; initial_level: 189.004; final_level: 189.004
event: navigation; timestamp: 708; robot: 8; time: 39.0512; src: (25, 10); dst: (55, -15)
event: battery_consumption; timestamp: 726; robot: 6; time: 50.636; initial_level: 165.828; final_level: 165.828
event: navigation; timestamp: 726; robot: 6; time: 50.636; src: (15, 35); dst: (7, -15)
event: battery_consumption; timestamp: 726; robot: 4; time: 50.636; initial_level: 150.992; final_level: 150.992
event: navigation; timestamp: 726; robot: 4; time: 50.636; src: (15, 35); dst: (7, -15)
event: battery_consumption; timestamp: 726; robot: 10; time: 50.636; initial_level: 159.018; final_level: 159.018
event: navigation; timestamp: 726; robot: 10; time: 50.636; src: (15, 35); dst: (7, -15)
event: task_resolution; timestamp: 727.057; task: 88; pos: (25, 10); status: COMPLETED; attempt: 1
event: task_resolution; timestamp: 745.2; task: 100; pos: (15, 35); status: COMPLETED; attempt: 1
event: task_execution; timestamp: 661.117; task: 97; robot: 2; pos: (20, 35); time: 85.892
event: battery_consumption; timestamp: 661.117; robot: 2; time: 85.892; initial_level: 125.79; final_level: 97.1588
event: task_execution; timestamp: 661.117; task: 97; robot: 5; pos: (20, 35); time: 85.892
event: battery_consumption; timestamp: 661.117; robot: 5; time: 85.892; initial_level: 127.911; final_level: 99.2803
event: task_execution; timestamp: 661.117; task: 97; robot: 7; pos: (20, 35); time: 85.892
event: battery_consumption; timestamp: 661.117; robot: 7; time: 85.892; initial_level: 138.975; final_level: 110.344
event: task_resolution; timestamp: 747.009; task: 97; pos: (20, 35); status: COMPLETED; attempt: 1
event: battery_consumption; timestamp: 747.009; robot: 2; time: 61.0328; initial_level: 97.1588; final_level: 97.1588
event: navigation; timestamp: 747.009; robot: 2; time: 61.0328; src: (20, 35); dst: (55, -15)
event: battery_consumption; timestamp: 747.009; robot: 5; time: 52.2015; initial_level: 99.2803; final_level: 99.2803
event: navigation; timestamp: 747.009; robot: 5; time: 52.2015; src: (20, 35); dst: (5, -15)
event: battery_consumption; timestamp: 747.009; robot: 7; time: 56.8243; initial_level: 110.344; final_level: 110.344
event: navigation; timestamp: 747.009; robot: 7; time: 56.8243; src: (20, 35); dst: (-7, -15)
event: battery_consumption; timestamp: 777; robot: 1; time: 15.8114; initial_level: 161.984; final_level: 161.984
event: navigation; timestamp: 777; robot: 1; time: 15.8114; src: (5, -20); dst: (-10, -15)
event: task_execution; timestamp: 688.72; task: 72; robot: 3; pos: (13, -20); time: 92.4815
event: battery_consumption; timestamp: 688.72; robot: 3; time: 92.4815; initial_level: 166.863; final_level: 156.587
event: task_execution; timestamp: 688.72; task: 72; robot: 9; pos: (13, -20); time: 92.4815
event: battery_consumption; timestamp: 688.72; robot: 9; time: 92.4815; initial_level: 83.2136; final_level: 72.9379
event: task_resolution; timestamp: 781.201; task: 72; pos: (13, -20); status: COMPLETED; attempt: 1
event: battery_consumption; timestamp: 781.201; robot: 9; time: 25; initial_level: 72.9379; final_level: 72.9379
event: navigation; timestamp: 781.201; robot: 9; time: 25; src: (13, -20); dst: (-12, -20)
event: battery_consumption; timestamp: 781.201; robot: 3; time: 27.074; initial_level: 156.587; final_level: 156.587
event: navigation; timestamp: 781.201; robot: 3; time: 27.074; src: (13, -20); dst: (-14, -18)
event: task_resolution; timestamp: 830.449; task: 68; pos: (5, -20); status: COMPLETED; attempt: 1
event: task_execution; timestamp: 792.811; task: 47; robot: 1; pos: (-10, -15); time: 82.102
event: battery_consumption; timestamp: 792.811; robot: 1; time: 82.102; initial_level: 161.984; final_level: 152.861
event: task_resolution; timestamp: 874.913; task: 47; pos: (-10, -15); status: COMPLETED; attempt: 1
event: battery_consumption; timestamp: 874.913; robot: 1; time: 5; initial_level: 152.861; final_level: 152.861
event: navigation; timestamp: 874.913; robot: 1; time: 5; src: (-10, -15); dst: (-15, -15)
event: battery_consumption; timestamp: 875; robot: 10; time: 22; initial_level: 159.018; final_level: 159.018
event: navigation; timestamp: 875; robot: 10; time: 22; src: (7, -15); dst: (-15, -15)
event: battery_consumption; timestamp: 875; robot: 6; time: 17.2627; initial_level: 165.828; final_level: 165.828
event: navigation; timestamp: 875; robot: 6; time: 17.2627; src: (7, -15); dst: (-10, -18)
event: battery_consumption; timestamp: 875; robot: 4; time: 19; initial_level: 150.992; final_level: 150.992
event: navigation; timestamp: 875; robot: 4; time: 19; src: (7, -15); dst: (-12, -15)
event: task_execution; timestamp: 808.275; task: 50; robot: 3; pos: (-14, -18); time: 77.6673
event: battery_consumption; timestamp: 808.275; robot: 3; time: 77.6673; initial_level: 156.587; final_level: 147.957
event: task_resolution; timestamp: 885.942; task: 50; pos: (-14, -18); status: COMPLETED; attempt: 1
event: battery_consumption; timestamp: 885.942; robot: 3; time: 18.0278; initial_level: 147.957; final_level: 147.957
event: navigation; timestamp: 885.942; robot: 3; time: 18.0278; src: (-14, -18); dst: (-15, 0)
event: task_execution; timestamp: 806.201; task: 48; robot: 9; pos: (-12, -20); time: 91.623
event: battery_consumption; timestamp: 806.201; robot: 9; time: 91.623; initial_level: 72.9379; final_level: 62.7576
event: task_resolution; timestamp: 897.824; task: 48; pos: (-12, -20); status: FAILED; attempt: 1
event: battery_consumption; timestamp: 897.824; robot: 9; time: 21.5407; initial_level: 62.7576; final_level: 62.7576
event: navigation; timestamp: 897.824; robot: 9; time: 21.5407; src: (-12, -20); dst: (-20, 0)
event: task_execution; timestamp: 808.041; task: 71; robot: 2; pos: (55, -15); time: 92.333
event: battery_consumption; timestamp: 808.041; robot: 2; time: 92.333; initial_level: 97.1588; final_level: 76.6404
event: task_execution; timestamp: 808.041; task: 71; robot: 8; pos: (55, -15); time: 92.333
event: battery_consumption; timestamp: 808.041; robot: 8; time: 92.333; initial_level: 189.004; final_level: 168.485
event: task_resolution; timestamp: 900.374; task: 71; pos: (55, -15); status: COMPLETED; attempt: 1
event: battery_consumption; timestamp: 900.374; robot: 2; time: 72.8011; initial_level: 76.6404; final_level: 76.6404
event: navigation; timestamp: 900.374; robot: 2; time: 72.8011; src: (55, -15); dst: (-15, 5)
event: battery_consumption; timestamp: 900.374; robot: 8; time: 67.1863; initial_level: 168.485; final_level: 168.485
event: navigation; timestamp: 900.374; robot: 8; time: 67.1863; src: (55, -15); dst: (-10, 2)
event: task_execution; timestamp: 803.833; task: 43; robot: 7; pos: (-7, -15); time: 97.0965
event: battery_consumption; timestamp: 803.833; robot: 7; time: 97.0965; initial_level: 110.344; final_level: 99.5555
event: task_resolution; timestamp: 900.929; task: 43; pos: (-7, -15); status: COMPLETED; attempt: 1
event: battery_consumption; timestamp: 900.929; robot: 7; time: 22.3607; initial_level: 99.5555; final_level: 99.5555
event: navigation; timestamp: 900.929; robot: 7; time: 22.3607; src: (-7, -15); dst: (-17, 5)
event: task_resolution; timestamp: 916.157; task: 66; pos: (7, -15); status: COMPLETED; attempt: 1
event: battery_consumption; timestamp: 969; robot: 5; time: 20.6155; initial_level: 99.2803; final_level: 99.2803
event: navigation; timestamp: 969; robot: 5; time: 20.6155; src: (5, -15); dst: (-15, -20)
event: task_execution; timestamp: 892.263; task: 46; robot: 6; pos: (-10, -18); time: 78.9937
event: battery_consumption; timestamp: 892.263; robot: 6; time: 78.9937; initial_level: 165.828; final_level: 139.497
event: task_resolution; timestamp: 971.256; task: 46; pos: (-10, -18); status: COMPLETED; attempt: 1
event: battery_consumption; timestamp: 971.256; robot: 6; time: 5.38516; initial_level: 139.497; final_level: 139.497
event: navigation; timestamp: 971.256; robot: 6; time: 5.38516; src: (-10, -18); dst: (-15, -20)
event: task_execution; timestamp: 897; task: 52; robot: 1; pos: (-15, -15); time: 91.5297
event: battery_consumption; timestamp: 897; robot: 1; time: 91.5297; initial_level: 152.861; final_level: 142.691
event: task_execution; timestamp: 897; task: 52; robot: 10; pos: (-15, -15); time: 91.5297
event: battery_consumption; timestamp: 897; robot: 10; time: 91.5297; initial_level: 159.018; final_level: 148.848
event: task_resolution; timestamp: 988.53; task: 52; pos: (-15, -15); status: COMPLETED; attempt: 1
event: battery_consumption; timestamp: 988.53; robot: 1; time: 25; initial_level: 142.691; final_level: 142.691
event: navigation; timestamp: 988.53; robot: 1; time: 25; src: (-15, -15); dst: (0, -35)
event: battery_consumption; timestamp: 988.53; robot: 10; time: 25; initial_level: 148.848; final_level: 148.848
event: navigation; timestamp: 988.53; robot: 10; time: 25; src: (-15, -15); dst: (0, -35)
event: task_execution; timestamp: 903.97; task: 24; robot: 3; pos: (-15, 0); time: 88.1802
event: battery_consumption; timestamp: 903.97; robot: 3; time: 88.1802; initial_level: 147.957; final_level: 138.16
event: task_resolution; timestamp: 992.15; task: 24; pos: (-15, 0); status: COMPLETED; attempt: 1
event: battery_consumption; timestamp: 992.15; robot: 3; time: 38.0789; initial_level: 138.16; final_level: 138.16
event: navigation; timestamp: 992.15; robot: 3; time: 38.0789; src: (-15, 0); dst: (0, -35)
event: task_execution; timestamp: 919.365; task: 29; robot: 9; pos: (-20, 0); time: 80.7456
event: battery_consumption; timestamp: 919.365; robot: 9; time: 80.7456; initial_level: 62.7576; final_level: 53.7858
event: task_resolution; timestamp: 1000.11; task: 29; pos: (-20, 0); status: FAILED; attempt: 1
event: battery_consumption; timestamp: 1000.11; robot: 9; time: 45.6508; initial_level: 53.7858; final_level: 53.7858
event: navigation; timestamp: 1000.11; robot: 9; time: 45.6508; src: (-20, 0); dst: (2, -40)
event: task_execution; timestamp: 923.29; task: 28; robot: 7; pos: (-17, 5); time: 83.8032
event: battery_consumption; timestamp: 923.29; robot: 7; time: 83.8032; initial_level: 99.5555; final_level: 80.9326
event: task_resolution; timestamp: 1007.09; task: 28; pos: (-17, 5); status: FAILED; attempt: 1
event: battery_consumption; timestamp: 1007.09; robot: 7; time: 48.8467; initial_level: 80.9326; final_level: 80.9326
event: navigation; timestamp: 1007.09; robot: 7; time: 48.8467; src: (-17, 5); dst: (2, -40)
event: task_resolution; timestamp: 1023.81; task: 69; pos: (5, -15); status: COMPLETED; attempt: 1
event: task_execution; timestamp: 967.561; task: 21; robot: 8; pos: (-10, 2); time: 81.9162
event: battery_consumption; timestamp: 967.561; robot: 8; time: 81.9162; initial_level: 168.485; final_level: 150.282
event: task_resolution; timestamp: 1049.48; task: 21; pos: (-10, 2); status: FAILED; attempt: 1
event: battery_consumption; timestamp: 1049.48; robot: 8; time: 17.6918; initial_level: 150.282; final_level: 150.282
event: navigation; timestamp: 1049.48; robot: 8; time: 17.6918; src: (-10, 2); dst: (2, 15)
event: battery_consumption; timestamp: 1066; robot: 4; time: 34.0147; initial_level: 150.992; final_level: 150.992
event: navigation; timestamp: 1066; robot: 4; time: 34.0147; src: (-12, -15); dst: (2, 16)
event: task_execution; timestamp: 973.175; task: 26; robot: 2; pos: (-15, 5); time: 95.6486
event: battery_consumption; timestamp: 973.175; robot: 2; time: 95.6486; initial_level: 76.6404; final_level: 66.0128
event: task_resolution; timestamp: 1068.82; task: 26; pos: (-15, 5); status: FAILED; attempt: 1
event: battery_consumption; timestamp: 1068.82; robot: 2; time: 23.8537; initial_level: 66.0128; final_level: 66.0128
event: navigation; timestamp: 1068.82; robot: 2; time: 23.8537; src: (-15, 5); dst: (5, 18)
event: task_resolution; timestamp: 1086.46; task: 49; pos: (-12, -15); status: COMPLETED; attempt: 1
event: task_execution; timestamp: 989.616; task: 51; robot: 5; pos: (-15, -20); time: 100.197
event: battery_consumption; timestamp: 989.616; robot: 5; time: 100.197; initial_level: 99.2803; final_level: 88.1473
event: task_execution; timestamp: 989.616; task: 51; robot: 6; pos: (-15, -20); time: 100.197
event: battery_consumption; timestamp: 989.616; robot: 6; time: 100.197; initial_level: 139.497; final_level: 128.364
event: task_resolution; timestamp: 1089.81; task: 51; pos: (-15, -20); status: FAILED; attempt: 1
event: battery_consumption; timestamp: 1089.81; robot: 5; time: 20.6155; initial_level: 88.1473; final_level: 88.1473
event: navigation; timestamp: 1089.81; robot: 5; time: 20.6155; src: (-15, -20); dst: (-10, 0)
event: battery_consumption; timestamp: 1089.81; robot: 6; time: 20.6155; initial_level: 128.364; final_level: 128.364
event: navigation; timestamp: 1089.81; robot: 6; time: 20.6155; src: (-15, -20); dst: (-10, 0)
event: battery_consumption; timestamp: 1105; robot: 9; time: 40.05; initial_level: 53.7858; final_level: 53.7858
event: navigation; timestamp: 1105; robot: 9; time: 40.05; src: (2, -40); dst: (0, 0)
event: recharge; timestamp: 1145.05; robot: 9; recharging_station: 1; pos: (0, 0); level: 200
event: battery_consumption; timestamp: 1105; robot: 7; time: 40.05; initial_level: 80.9326; final_level: 80.9326
event: navigation; timestamp: 1105; robot: 7; time: 40.05; src: (2, -40); dst: (0, 0)
event: recharge; timestamp: 1145.05; robot: 7; recharging_station: 1; pos: (0, 0); level: 200
event: battery_consumption; timestamp: 1111; robot: 3; time: 35; initial_level: 138.16; final_level: 138.16
event: navigation; timestamp: 1111; robot: 3; time: 35; src: (0, -35); dst: (0, 0)
event: recharge; timestamp: 1146; robot: 3; recharging_station: 1; pos: (0, 0); level: 200
event: battery_consumption; timestamp: 1111; robot: 10; time: 35; initial_level: 148.848; final_level: 148.848
event: navigation; timestamp: 1111; robot: 10; time: 35; src: (0, -35); dst: (0, 0)
event: recharge; timestamp: 1146; robot: 10; recharging_station: 1; pos: (0, 0); level: 200
event: battery_consumption; timestamp: 1111; robot: 1; time: 35; initial_level: 142.691; final_level: 142.691
event: navigation; timestamp: 1111; robot: 1; time: 35; src: (0, -35); dst: (0, 0)
event: recharge; timestamp: 1146; robot: 1; recharging_station: 1; pos: (0, 0); level: 200
event: task_resolution; timestamp: 1117.39; task: 57; pos: (0, -35); status: COMPLETED; attempt: 1
event: battery_consumption; timestamp: 1127; robot: 2; time: 18.6815; initial_level: 66.0128; final_level: 66.0128
event: navigation; timestamp: 1127; robot: 2; time: 18.6815; src: (5, 18); dst: (0, 0)
event: recharge; timestamp: 1145.68; robot: 2; recharging_station: 1; pos: (0, 0); level: 200
event: battery_consumption; timestamp: 1129; robot: 4; time: 16.1245; initial_level: 150.992; final_level: 150.992
event: navigation; timestamp: 1129; robot: 4; time: 16.1245; src: (2, 16); dst: (0, 0)
event: recharge; timestamp: 1145.12; robot: 4; recharging_station: 1; pos: (0, 0); level: 200
event: battery_consumption; timestamp: 1130; robot: 8; time: 15.1327; initial_level: 150.282; final_level: 150.282
event: navigation; timestamp: 1130; robot: 8; time: 15.1327; src: (2, 15); dst: (0, 0)
event: recharge; timestamp: 1145.13; robot: 8; recharging_station: 1; pos: (0, 0); level: 200
event: task_resolution; timestamp: 1132.89; task: 54; pos: (2, -40); status: COMPLETED; attempt: 1
event: battery_consumption; timestamp: 1136; robot: 5; time: 10; initial_level: 88.1473; final_level: 88.1473
event: navigation; timestamp: 1136; robot: 5; time: 10; src: (-10, 0); dst: (0, 0)
event: recharge; timestamp: 1146; robot: 5; recharging_station: 1; pos: (0, 0); level: 200
event: battery_consumption; timestamp: 1136; robot: 6; time: 10; initial_level: 128.364; final_level: 128.364
event: navigation; timestamp: 1136; robot: 6; time: 10; src: (-10, 0); dst: (0, 0)
event: recharge; timestamp: 1146; robot: 6; recharging_station: 1; pos: (0, 0); level: 200
event: robot_finished; timestamp: 1145.05; robot: 9; pos: (0, 0); battery: 200
event: robot_finished; timestamp: 1145.05; robot: 7; pos: (0, 0); battery: 200
event: robot_finished; timestamp: 1145.12; robot: 4; pos: (0, 0); battery: 200
event: robot_finished; timestamp: 1145.13; robot: 8; pos: (0, 0); battery: 200
event: robot_finished; timestamp: 1145.68; robot: 2; pos: (0, 0); battery: 200
event: robot_finished; timestamp: 1146; robot: 6; pos: (0, 0); battery: 200
event: robot_finished; timestamp: 1146; robot: 1; pos: (0, 0); battery: 200
event: robot_finished; timestamp: 1146; robot: 5; pos: (0, 0); battery: 200
event: robot_finished; timestamp: 1146; robot: 10; pos: (0, 0); battery: 200
event: robot_finished; timestamp: 1146; robot: 3; pos: (0, 0); battery: 200
metric: available_agents; value: 0
metric: failed_agents; value: 0
metric: finished_agents; value: 10
metric: completed_tasks; value: 37
metric: pending_tasks; value: 0
metric: failed_tasks; value: 63
metric: average_robot_makespan; value: 1145.6
metric: sd_robot_makespan; value: 0.454114
metric: max_robot_makespan; value: 1146
metric: min_robot_makespan; value: 1145.05
metric: average_robot_travel_distance; value: 245.723
metric: sd_robot_travel_distance; value: 80.6334
metric: max_robot_travel_distance; value: 387.873
metric: min_robot_travel_distance; value: 149.916
metric: sum_robot_travel_distance; value: 2457.23
metric: average_completed_tasks_by_robot; value: 0
metric: sd_completed_tasks_by_robot; value: 0
metric: max_completed_tasks_by_robot; value: 0
metric: min_completed_tasks_by_robot; value: 0
metric: final_reward; value: 0.37
metric: computing_time; value: 340.497
