info: solver_name; value: random
info: reward_function; value: reward00
info: replica; value: 1
info: filename; value: ../logs/prueba/c105_10r_100t_cdb2cd8a_random_reward00_001.log
info: scenario_name; value: c105_10r_100t_cdb2cd8a
info: scenario_name; value: c105_10r_100t_cdb2cd8a
info: number_of_tasks; value: 100
info: number_of_robots; value: 10
info: number_of_recharging_stations; value: 1
info: scenario_size; value: (132,132)
event: recharging_station_spawn; timestamp: 0; recharging_station: 1; pos: (0, 0)
event: task_spawn; timestamp: 0; task: 1; pos: (5, 18); earliest_start: 885; latest_start: 994; state: PENDING; required_workers: 1; success_prob: 0.2; max_attempts: 1
event: task_spawn; timestamp: 0; task: 2; pos: (5, 20); earliest_start: 802; latest_start: 893; state: PENDING; required_workers: 1; success_prob: 0.2; max_attempts: 1
event: task_spawn; timestamp: 0; task: 3; pos: (2, 16); earliest_start: 25; latest_start: 186; state: PENDING; required_workers: 1; success_prob: 0.2; max_attempts: 1
event: task_spawn; timestamp: 0; task: 4; pos: (2, 18); earliest_start: 699; latest_start: 810; state: PENDING; required_workers: 1; success_prob: 0.2; max_attempts: 1
event: task_spawn; timestamp: 0; task: 5; pos: (2, 15); earliest_start: 15; latest_start: 120; state: PENDING; required_workers: 1; success_prob: 0.2; max_attempts: 1
event: task_spawn; timestamp: 0; task: 6; pos: (0, 19); earliest_start: 580; latest_start: 743; state: PENDING; required_workers: 1; success_prob: 0.2; max_attempts: 1
event: task_spawn; timestamp: 0; task: 7; pos: (0, 16); earliest_start: 142; latest_start: 253; state: PENDING; required_workers: 1; success_prob: 0.2; max_attempts: 1
event: task_spawn; timestamp: 0; task: 8; pos: (-2, 18); earliest_start: 220; latest_start: 359; state: PENDING; required_workers: 1; success_prob: 0.2; max_attempts: 1
event: task_spawn; timestamp: 0; task: 9; pos: (-2, 20); earliest_start: 499; latest_start: 640; state: PENDING; required_workers: 1; success_prob: 0.2; max_attempts: 1
event: task_spawn; timestamp: 0; task: 10; pos: (-5, 16); earliest_start: 331; latest_start: 436; state: PENDING; required_workers: 1; success_prob: 0.2; max_attempts: 1
event: task_spawn; timestamp: 0; task: 11; pos: (-5, 19); earliest_start: 420; latest_start: 533; state: PENDING; required_workers: 2; success_prob: 0.2; max_attempts: 1
event: task_spawn; timestamp: 0; task: 12; pos: (-15, 35); earliest_start: 617; latest_start: 756; state: PENDING; required_workers: 2; success_prob: 0.2; max_attempts: 1
event: task_spawn; timestamp: 0; task: 13; pos: (-18, 25); earliest_start: 30; latest_start: 155; state: PENDING; required_workers: 2; success_prob: 0.2; max_attempts: 1
event: task_spawn; timestamp: 0; task: 14; pos: (-18, 35); earliest_start: 541; latest_start: 646; state: PENDING; required_workers: 2; success_prob: 0.2; max_attempts: 1
event: task_spawn; timestamp: 0; task: 15; pos: (-20, 30); earliest_start: 362; latest_start: 451; state: PENDING; required_workers: 2; success_prob: 0.2; max_attempts: 1
event: task_spawn; timestamp: 0; task: 16; pos: (-20, 35); earliest_start: 448; latest_start: 555; state: PENDING; required_workers: 2; success_prob: 0.2; max_attempts: 1
event: task_spawn; timestamp: 0; task: 17; pos: (-22, 25); earliest_start: 75; latest_start: 172; state: PENDING; required_workers: 3; success_prob: 0.2; max_attempts: 1
event: task_spawn; timestamp: 0; task: 18; pos: (-25, 25); earliest_start: 142; latest_start: 291; state: PENDING; required_workers: 3; success_prob: 0.2; max_attempts: 1
event: task_spawn; timestamp: 0; task: 19; pos: (-25, 30); earliest_start: 244; latest_start: 379; state: PENDING; required_workers: 3; success_prob: 0.2; max_attempts: 1
event: task_spawn; timestamp: 0; task: 20; pos: (-10, 0); earliest_start: 10; latest_start: 137; state: PENDING; required_workers: 3; success_prob: 0.2; max_attempts: 1
event: task_spawn; timestamp: 0; task: 21; pos: (-10, 2); earliest_start: 888; latest_start: 991; state: PENDING; required_workers: 1; success_prob: 0.4; max_attempts: 1
event: task_spawn; timestamp: 0; task: 22; pos: (-12, 2); earliest_start: 776; latest_start: 919; state: PENDING; required_workers: 1; success_prob: 0.4; max_attempts: 1
event: task_spawn; timestamp: 0; task: 23; pos: (-12, 5); earliest_start: 709; latest_start: 800; state: PENDING; required_workers: 1; success_prob: 0.4; max_attempts: 1
event: task_spawn; timestamp: 0; task: 24; pos: (-15, 0); earliest_start: 25; latest_start: 184; state: PENDING; required_workers: 1; success_prob: 0.4; max_attempts: 1
event: task_spawn; timestamp: 0; task: 25; pos: (-15, 2); earliest_start: 142; latest_start: 251; state: PENDING; required_workers: 1; success_prob: 0.4; max_attempts: 1
event: task_spawn; timestamp: 0; task: 26; pos: (-15, 5); earliest_start: 582; latest_start: 741; state: PENDING; required_workers: 1; success_prob: 0.4; max_attempts: 1
event: task_spawn; timestamp: 0; task: 27; pos: (-17, 2); earliest_start: 234; latest_start: 343; state: PENDING; required_workers: 1; success_prob: 0.4; max_attempts: 1
event: task_spawn; timestamp: 0; task: 28; pos: (-17, 5); earliest_start: 523; latest_start: 616; state: PENDING; required_workers: 1; success_prob: 0.4; max_attempts: 1
event: task_spawn; timestamp: 0; task: 29; pos: (-20, 0); earliest_start: 335; latest_start: 428; state: PENDING; required_workers: 1; success_prob: 0.4; max_attempts: 1
event: task_spawn; timestamp: 0; task: 30; pos: (-20, 5); earliest_start: 422; latest_start: 531; state: PENDING; required_workers: 1; success_prob: 0.4; max_attempts: 1
event: task_spawn; timestamp: 0; task: 31; pos: (-30, -15); earliest_start: 181; latest_start: 256; state: PENDING; required_workers: 2; success_prob: 0.4; max_attempts: 1
event: task_spawn; timestamp: 0; task: 32; pos: (-30, -10); earliest_start: 31; latest_start: 170; state: PENDING; required_workers: 2; success_prob: 0.4; max_attempts: 1
event: task_spawn; timestamp: 0; task: 33; pos: (-32, -10); earliest_start: 52; latest_start: 193; state: PENDING; required_workers: 2; success_prob: 0.4; max_attempts: 1
event: task_spawn; timestamp: 0; task: 34; pos: (-32, -5); earliest_start: 719; latest_start: 848; state: PENDING; required_workers: 2; success_prob: 0.4; max_attempts: 1
event: task_spawn; timestamp: 0; task: 35; pos: (-35, -15); earliest_start: 252; latest_start: 375; state: PENDING; required_workers: 2; success_prob: 0.4; max_attempts: 1
event: task_spawn; timestamp: 0; task: 36; pos: (-35, -5); earliest_start: 639; latest_start: 742; state: PENDING; required_workers: 2; success_prob: 0.4; max_attempts: 1
event: task_spawn; timestamp: 0; task: 37; pos: (-38, -10); earliest_start: 357; latest_start: 460; state: PENDING; required_workers: 3; success_prob: 0.4; max_attempts: 1
event: task_spawn; timestamp: 0; task: 38; pos: (-40, -10); earliest_start: 457; latest_start: 544; state: PENDING; required_workers: 3; success_prob: 0.4; max_attempts: 1
event: task_spawn; timestamp: 0; task: 39; pos: (-40, -5); earliest_start: 538; latest_start: 653; state: PENDING; required_workers: 3; success_prob: 0.4; max_attempts: 1
event: task_spawn; timestamp: 0; task: 40; pos: (-5, -20); earliest_start: 236; latest_start: 349; state: PENDING; required_workers: 3; success_prob: 0.4; max_attempts: 1
event: task_spawn; timestamp: 0; task: 41; pos: (-5, -18); earliest_start: 132; latest_start: 269; state: PENDING; required_workers: 1; success_prob: 0.6; max_attempts: 1
event: task_spawn; timestamp: 0; task: 42; pos: (-7, -18); earliest_start: 27; latest_start: 190; state: PENDING; required_workers: 1; success_prob: 0.6; max_attempts: 1
event: task_spawn; timestamp: 0; task: 43; pos: (-7, -15); earliest_start: 16; latest_start: 144; state: PENDING; required_workers: 1; success_prob: 0.6; max_attempts: 1
event: task_spawn; timestamp: 0; task: 44; pos: (-8, -20); earliest_start: 332; latest_start: 439; state: PENDING; required_workers: 1; success_prob: 0.6; max_attempts: 1
event: task_spawn; timestamp: 0; task: 45; pos: (-10, -20); earliest_start: 512; latest_start: 629; state: PENDING; required_workers: 1; success_prob: 0.6; max_attempts: 1
event: task_spawn; timestamp: 0; task: 46; pos: (-10, -18); earliest_start: 417; latest_start: 540; state: PENDING; required_workers: 1; success_prob: 0.6; max_attempts: 1
event: task_spawn; timestamp: 0; task: 47; pos: (-10, -15); earliest_start: 982; latest_start: 1127; state: PENDING; required_workers: 1; success_prob: 0.6; max_attempts: 1
event: task_spawn; timestamp: 0; task: 48; pos: (-12, -20); earliest_start: 601; latest_start: 724; state: PENDING; required_workers: 1; success_prob: 0.6; max_attempts: 1
event: task_spawn; timestamp: 0; task: 49; pos: (-12, -15); earliest_start: 969; latest_start: 1098; state: PENDING; required_workers: 1; success_prob: 0.6; max_attempts: 1
event: task_spawn; timestamp: 0; task: 50; pos: (-14, -18); earliest_start: 783; latest_start: 912; state: PENDING; required_workers: 1; success_prob: 0.6; max_attempts: 1
event: task_spawn; timestamp: 0; task: 51; pos: (-15, -20); earliest_start: 695; latest_start: 816; state: PENDING; required_workers: 2; success_prob: 0.6; max_attempts: 1
event: task_spawn; timestamp: 0; task: 52; pos: (-15, -15); earliest_start: 883; latest_start: 998; state: PENDING; required_workers: 2; success_prob: 0.6; max_attempts: 1
event: task_spawn; timestamp: 0; task: 53; pos: (4, -45); earliest_start: 255; latest_start: 378; state: PENDING; required_workers: 2; success_prob: 0.6; max_attempts: 1
event: task_spawn; timestamp: 0; task: 54; pos: (2, -40); earliest_start: 150; latest_start: 293; state: PENDING; required_workers: 2; success_prob: 0.6; max_attempts: 1
event: task_spawn; timestamp: 0; task: 55; pos: (2, -35); earliest_start: 63; latest_start: 190; state: PENDING; required_workers: 2; success_prob: 0.6; max_attempts: 1
event: task_spawn; timestamp: 0; task: 56; pos: (0, -45); earliest_start: 359; latest_start: 462; state: PENDING; required_workers: 2; success_prob: 0.6; max_attempts: 1
event: task_spawn; timestamp: 0; task: 57; pos: (0, -35); earliest_start: 35; latest_start: 140; state: PENDING; required_workers: 3; success_prob: 0.6; max_attempts: 1
event: task_spawn; timestamp: 0; task: 58; pos: (-2, -45); earliest_start: 439; latest_start: 566; state: PENDING; required_workers: 3; success_prob: 0.6; max_attempts: 1
event: task_spawn; timestamp: 0; task: 59; pos: (-2, -35); earliest_start: 607; latest_start: 784; state: PENDING; required_workers: 3; success_prob: 0.6; max_attempts: 1
event: task_spawn; timestamp: 0; task: 60; pos: (-5, -45); earliest_start: 529; latest_start: 662; state: PENDING; required_workers: 3; success_prob: 0.6; max_attempts: 1
event: task_spawn; timestamp: 0; task: 61; pos: (10, -20); earliest_start: 491; latest_start: 650; state: PENDING; required_workers: 1; success_prob: 0.8; max_attempts: 1
event: task_spawn; timestamp: 0; task: 62; pos: (10, -15); earliest_start: 235; latest_start: 344; state: PENDING; required_workers: 1; success_prob: 0.8; max_attempts: 1
event: task_spawn; timestamp: 0; task: 63; pos: (10, -10); earliest_start: 147; latest_start: 242; state: PENDING; required_workers: 1; success_prob: 0.8; max_attempts: 1
event: task_spawn; timestamp: 0; task: 64; pos: (8, -20); earliest_start: 601; latest_start: 724; state: PENDING; required_workers: 1; success_prob: 0.8; max_attempts: 1
event: task_spawn; timestamp: 0; task: 65; pos: (8, -10); earliest_start: 50; latest_start: 155; state: PENDING; required_workers: 1; success_prob: 0.8; max_attempts: 1
event: task_spawn; timestamp: 0; task: 66; pos: (7, -15); earliest_start: 802; latest_start: 899; state: PENDING; required_workers: 1; success_prob: 0.8; max_attempts: 1
event: task_spawn; timestamp: 0; task: 67; pos: (7, -10); earliest_start: 12; latest_start: 143; state: PENDING; required_workers: 1; success_prob: 0.8; max_attempts: 1
event: task_spawn; timestamp: 0; task: 68; pos: (5, -20); earliest_start: 712; latest_start: 799; state: PENDING; required_workers: 1; success_prob: 0.8; max_attempts: 1
event: task_spawn; timestamp: 0; task: 69; pos: (5, -15); earliest_start: 889; latest_start: 996; state: PENDING; required_workers: 1; success_prob: 0.8; max_attempts: 1
event: task_spawn; timestamp: 0; task: 70; pos: (55, -20); earliest_start: 353; latest_start: 490; state: PENDING; required_workers: 1; success_prob: 0.8; max_attempts: 1
event: task_spawn; timestamp: 0; task: 71; pos: (55, -15); earliest_start: 260; latest_start: 393; state: PENDING; required_workers: 2; success_prob: 0.8; max_attempts: 1
event: task_spawn; timestamp: 0; task: 72; pos: (13, -20); earliest_start: 422; latest_start: 533; state: PENDING; required_workers: 2; success_prob: 0.8; max_attempts: 1
event: task_spawn; timestamp: 0; task: 73; pos: (52, -20); earliest_start: 442; latest_start: 587; state: PENDING; required_workers: 2; success_prob: 0.8; max_attempts: 1
event: task_spawn; timestamp: 0; task: 74; pos: (13, -15); earliest_start: 323; latest_start: 442; state: PENDING; required_workers: 2; success_prob: 0.8; max_attempts: 1
event: task_spawn; timestamp: 0; task: 75; pos: (5, 15); earliest_start: 962; latest_start: 1103; state: PENDING; required_workers: 2; success_prob: 0.8; max_attempts: 1
event: task_spawn; timestamp: 0; task: 76; pos: (50, -15); earliest_start: 175; latest_start: 288; state: PENDING; required_workers: 2; success_prob: 0.8; max_attempts: 1
event: task_spawn; timestamp: 0; task: 77; pos: (48, -20); earliest_start: 539; latest_start: 678; state: PENDING; required_workers: 3; success_prob: 0.8; max_attempts: 1
event: task_spawn; timestamp: 0; task: 78; pos: (48, -15); earliest_start: 78; latest_start: 201; state: PENDING; required_workers: 3; success_prob: 0.8; max_attempts: 1
event: task_spawn; timestamp: 0; task: 79; pos: (47, -20); earliest_start: 636; latest_start: 763; state: PENDING; required_workers: 3; success_prob: 0.8; max_attempts: 1
event: task_spawn; timestamp: 0; task: 80; pos: (45, -25); earliest_start: 744; latest_start: 845; state: PENDING; required_workers: 3; success_prob: 0.8; max_attempts: 1
event: task_spawn; timestamp: 0; task: 81; pos: (45, -15); earliest_start: 47; latest_start: 201; state: PENDING; required_workers: 1; success_prob: 1; max_attempts: 1
event: task_spawn; timestamp: 0; task: 82; pos: (35, 5); earliest_start: 344; latest_start: 445; state: PENDING; required_workers: 1; success_prob: 1; max_attempts: 1
event: task_spawn; timestamp: 0; task: 83; pos: (32, 5); earliest_start: 228; latest_start: 375; state: PENDING; required_workers: 1; success_prob: 1; max_attempts: 1
event: task_spawn; timestamp: 0; task: 84; pos: (30, 8); earliest_start: 425; latest_start: 556; state: PENDING; required_workers: 1; success_prob: 1; max_attempts: 1
event: task_spawn; timestamp: 0; task: 85; pos: (28, 10); earliest_start: 527; latest_start: 640; state: PENDING; required_workers: 1; success_prob: 1; max_attempts: 1
event: task_spawn; timestamp: 0; task: 86; pos: (26, 5); earliest_start: 141; latest_start: 270; state: PENDING; required_workers: 1; success_prob: 1; max_attempts: 1
event: task_spawn; timestamp: 0; task: 87; pos: (25, 5); earliest_start: 56; latest_start: 173; state: PENDING; required_workers: 1; success_prob: 1; max_attempts: 1
event: task_spawn; timestamp: 0; task: 88; pos: (25, 10); earliest_start: 614; latest_start: 739; state: PENDING; required_workers: 1; success_prob: 1; max_attempts: 1
event: task_spawn; timestamp: 0; task: 89; pos: (23, 8); earliest_start: 705; latest_start: 834; state: PENDING; required_workers: 1; success_prob: 1; max_attempts: 1
event: task_spawn; timestamp: 0; task: 90; pos: (20, 5); earliest_start: 20; latest_start: 148; state: PENDING; required_workers: 1; success_prob: 1; max_attempts: 1
event: task_spawn; timestamp: 0; task: 91; pos: (20, 10); earliest_start: 809; latest_start: 916; state: PENDING; required_workers: 2; success_prob: 1; max_attempts: 1
event: task_spawn; timestamp: 0; task: 92; pos: (27, 35); earliest_start: 331; latest_start: 478; state: PENDING; required_workers: 2; success_prob: 1; max_attempts: 1
event: task_spawn; timestamp: 0; task: 93; pos: (25, 35); earliest_start: 453; latest_start: 540; state: PENDING; required_workers: 2; success_prob: 1; max_attempts: 1
event: task_spawn; timestamp: 0; task: 94; pos: (25, 32); earliest_start: 260; latest_start: 361; state: PENDING; required_workers: 2; success_prob: 1; max_attempts: 1
event: task_spawn; timestamp: 0; task: 95; pos: (22, 30); earliest_start: 174; latest_start: 261; state: PENDING; required_workers: 2; success_prob: 1; max_attempts: 1
event: task_spawn; timestamp: 0; task: 96; pos: (20, 30); earliest_start: 64; latest_start: 187; state: PENDING; required_workers: 2; success_prob: 1; max_attempts: 1
event: task_spawn; timestamp: 0; task: 97; pos: (20, 35); earliest_start: 531; latest_start: 652; state: PENDING; required_workers: 3; success_prob: 1; max_attempts: 1
event: task_spawn; timestamp: 0; task: 98; pos: (18, 25); earliest_start: 30; latest_start: 139; state: PENDING; required_workers: 3; success_prob: 1; max_attempts: 1
event: task_spawn; timestamp: 0; task: 99; pos: (15, 30); earliest_start: 705; latest_start: 858; state: PENDING; required_workers: 3; success_prob: 1; max_attempts: 1
event: task_spawn; timestamp: 0; task: 100; pos: (15, 35); earliest_start: 608; latest_start: 765; state: PENDING; required_workers: 3; success_prob: 1; max_attempts: 1
event: robot_spawn; timestamp: 0; robot: 1; pos: (0, 0); state: AVAILABLE; battery_level: 200; battery_capacity: 200; velocity: 1; battery_rate_nav: 0
event: robot_spawn; timestamp: 0; robot: 2; pos: (0, 0); state: AVAILABLE; battery_level: 200; battery_capacity: 200; velocity: 1; battery_rate_nav: 0
event: robot_spawn; timestamp: 0; robot: 3; pos: (0, 0); state: AVAILABLE; battery_level: 200; battery_capacity: 200; velocity: 1; battery_rate_nav: 0
event: robot_spawn; timestamp: 0; robot: 4; pos: (0, 0); state: AVAILABLE; battery_level: 200; battery_capacity: 200; velocity: 1; battery_rate_nav: 0
event: robot_spawn; timestamp: 0; robot: 5; pos: (0, 0); state: AVAILABLE; battery_level: 200; battery_capacity: 200; velocity: 1; battery_rate_nav: 0
event: robot_spawn; timestamp: 0; robot: 6; pos: (0, 0); state: AVAILABLE; battery_level: 200; battery_capacity: 200; velocity: 1; battery_rate_nav: 0
event: robot_spawn; timestamp: 0; robot: 7; pos: (0, 0); state: AVAILABLE; battery_level: 200; battery_capacity: 200; velocity: 1; battery_rate_nav: 0
event: robot_spawn; timestamp: 0; robot: 8; pos: (0, 0); state: AVAILABLE; battery_level: 200; battery_capacity: 200; velocity: 1; battery_rate_nav: 0
event: robot_spawn; timestamp: 0; robot: 9; pos: (0, 0); state: AVAILABLE; battery_level: 200; battery_capacity: 200; velocity: 1; battery_rate_nav: 0
event: robot_spawn; timestamp: 0; robot: 10; pos: (0, 0); state: AVAILABLE; battery_level: 200; battery_capacity: 200; velocity: 1; battery_rate_nav: 0
event: battery_consumption; timestamp: 0; robot: 1; time: 36.0555; initial_level: 200; final_level: 200
event: navigation; timestamp: 0; robot: 1; time: 36.0555; src: (0, 0); dst: (-20, 30)
event: battery_consumption; timestamp: 0; robot: 6; time: 47.4342; initial_level: 200; final_level: 200
event: navigation; timestamp: 0; robot: 6; time: 47.4342; src: (0, 0); dst: (45, -15)
event: battery_consumption; timestamp: 0; robot: 7; time: 35.0571; initial_level: 200; final_level: 200
event: navigation; timestamp: 0; robot: 7; time: 35.0571; src: (0, 0); dst: (-2, -35)
event: battery_consumption; timestamp: 0; robot: 3; time: 35.3553; initial_level: 200; final_level: 200
event: navigation; timestamp: 0; robot: 3; time: 35.3553; src: (0, 0); dst: (35, 5)
event: battery_consumption; timestamp: 0; robot: 10; time: 16.7631; initial_level: 200; final_level: 200
event: navigation; timestamp: 0; robot: 10; time: 16.7631; src: (0, 0); dst: (-5, 16)
event: battery_consumption; timestamp: 0; robot: 2; time: 29.7321; initial_level: 200; final_level: 200
event: navigation; timestamp: 0; robot: 2; time: 29.7321; src: (0, 0); dst: (28, 10)
event: battery_consumption; timestamp: 0; robot: 4; time: 22.8035; initial_level: 200; final_level: 200
event: navigation; timestamp: 0; robot: 4; time: 22.8035; src: (0, 0); dst: (-14, -18)
event: battery_consumption; timestamp: 0; robot: 5; time: 33.5261; initial_level: 200; final_level: 200
event: navigation; timestamp: 0; robot: 5; time: 33.5261; src: (0, 0); dst: (-32, -10)
event: battery_consumption; timestamp: 0; robot: 8; time: 39.0512; initial_level: 200; final_level: 200
event: navigation; timestamp: 0; robot: 8; time: 39.0512; src: (0, 0); dst: (-25, 30)
event: battery_consumption; timestamp: 0; robot: 9; time: 10; initial_level: 200; final_level: 200
event: navigation; timestamp: 0; robot: 9; time: 10; src: (0, 0); dst: (-10, 0)
event: task_execution; timestamp: 47.4342; task: 81; robot: 6; pos: (45, -15); time: 85.5244
event: battery_consumption; timestamp: 47.4342; robot: 6; time: 85.5244; initial_level: 200; final_level: 171.492
event: task_resolution; timestamp: 132.959; task: 81; pos: (45, -15); status: COMPLETED; attempt: 1
event: battery_consumption; timestamp: 132.959; robot: 6; time: 57; initial_level: 171.492; final_level: 171.492
event: navigation; timestamp: 132.959; robot: 6; time: 57; src: (45, -15); dst: (-12, -15)
event: battery_consumption; timestamp: 137; robot: 9; time: 21.2132; initial_level: 200; final_level: 200
event: navigation; timestamp: 137; robot: 9; time: 21.2132; src: (-10, 0); dst: (5, -15)
event: battery_consumption; timestamp: 193; robot: 5; time: 46.4004; initial_level: 200; final_level: 200
event: navigation; timestamp: 193; robot: 5; time: 46.4004; src: (-32, -10); dst: (5, 18)
event: battery_consumption; timestamp: 379; robot: 8; time: 91.7878; initial_level: 200; final_level: 200
event: navigation; timestamp: 379; robot: 8; time: 91.7878; src: (-25, 30); dst: (55, -15)
event: battery_consumption; timestamp: 393; robot: 8; time: 50.2494; initial_level: 200; final_level: 200
event: navigation; timestamp: 393; robot: 8; time: 50.2494; src: (55, -15); dst: (5, -20)
event: task_execution; timestamp: 331; task: 10; robot: 10; pos: (-5, 16); time: 87.0468
event: battery_consumption; timestamp: 331; robot: 10; time: 87.0468; initial_level: 200; final_level: 190.328
event: task_resolution; timestamp: 418.047; task: 10; pos: (-5, 16); status: FAILED; attempt: 1
event: battery_consumption; timestamp: 418.047; robot: 10; time: 42.0119; initial_level: 190.328; final_level: 190.328
event: navigation; timestamp: 418.047; robot: 10; time: 42.0119; src: (-5, 16); dst: (-38, -10)
event: task_execution; timestamp: 344; task: 82; robot: 3; pos: (35, 5); time: 97.0741
event: battery_consumption; timestamp: 344; robot: 3; time: 97.0741; initial_level: 200; final_level: 178.428
event: task_resolution; timestamp: 441.074; task: 82; pos: (35, 5); status: COMPLETED; attempt: 1
event: battery_consumption; timestamp: 441.074; robot: 3; time: 11.1803; initial_level: 178.428; final_level: 178.428
event: navigation; timestamp: 441.074; robot: 3; time: 11.1803; src: (35, 5); dst: (25, 10)
event: battery_consumption; timestamp: 451; robot: 1; time: 35; initial_level: 200; final_level: 200
event: navigation; timestamp: 451; robot: 1; time: 35; src: (-20, 30); dst: (15, 30)
event: battery_consumption; timestamp: 460; robot: 10; time: 47.8017; initial_level: 190.328; final_level: 190.328
event: navigation; timestamp: 460; robot: 10; time: 47.8017; src: (-38, -10); dst: (0, 19)
event: task_execution; timestamp: 527; task: 85; robot: 2; pos: (28, 10); time: 95.9139
event: battery_consumption; timestamp: 527; robot: 2; time: 95.9139; initial_level: 200; final_level: 168.029
event: task_resolution; timestamp: 622.914; task: 85; pos: (28, 10); status: COMPLETED; attempt: 1
event: battery_consumption; timestamp: 622.914; robot: 2; time: 8; initial_level: 168.029; final_level: 168.029
event: navigation; timestamp: 622.914; robot: 2; time: 8; src: (28, 10); dst: (20, 10)
event: task_execution; timestamp: 580; task: 6; robot: 10; pos: (0, 19); time: 107.356
event: battery_consumption; timestamp: 580; robot: 10; time: 107.356; initial_level: 190.328; final_level: 166.471
event: task_resolution; timestamp: 687.356; task: 6; pos: (0, 19); status: COMPLETED; attempt: 1
event: battery_consumption; timestamp: 687.356; robot: 10; time: 39.8121; initial_level: 166.471; final_level: 166.471
event: navigation; timestamp: 687.356; robot: 10; time: 39.8121; src: (0, 19); dst: (8, -20)
event: task_execution; timestamp: 614; task: 88; robot: 3; pos: (25, 10); time: 92.2328
event: battery_consumption; timestamp: 614; robot: 3; time: 92.2328; initial_level: 178.428; final_level: 147.684
event: task_resolution; timestamp: 706.233; task: 88; pos: (25, 10); status: COMPLETED; attempt: 1
event: battery_consumption; timestamp: 706.233; robot: 3; time: 37.2022; initial_level: 147.684; final_level: 147.684
event: navigation; timestamp: 706.233; robot: 3; time: 37.2022; src: (25, 10); dst: (47, -20)
event: battery_consumption; timestamp: 763; robot: 3; time: 64.0781; initial_level: 147.684; final_level: 147.684
event: navigation; timestamp: 763; robot: 3; time: 64.0781; src: (47, -20); dst: (-12, 5)
event: battery_consumption; timestamp: 784; robot: 7; time: 48.0521; initial_level: 200; final_level: 200
event: navigation; timestamp: 784; robot: 7; time: 48.0521; src: (-2, -35); dst: (45, -25)
event: battery_consumption; timestamp: 799; robot: 8; time: 38.1182; initial_level: 200; final_level: 200
event: navigation; timestamp: 799; robot: 8; time: 38.1182; src: (5, -20); dst: (2, 18)
event: task_resolution; timestamp: 800.676; task: 68; pos: (5, -20); status: FAILED; attempt: 1
event: task_execution; timestamp: 727.168; task: 64; robot: 10; pos: (8, -20); time: 88.8587
event: battery_consumption; timestamp: 727.168; robot: 10; time: 88.8587; initial_level: 166.471; final_level: 156.598
event: task_resolution; timestamp: 816.027; task: 64; pos: (8, -20); status: COMPLETED; attempt: 1
event: battery_consumption; timestamp: 816.027; robot: 10; time: 18.6815; initial_level: 156.598; final_level: 156.598
event: navigation; timestamp: 816.027; robot: 10; time: 18.6815; src: (8, -20); dst: (-10, -15)
event: battery_consumption; timestamp: 845; robot: 7; time: 60.8276; initial_level: 200; final_level: 200
event: navigation; timestamp: 845; robot: 7; time: 60.8276; src: (45, -25); dst: (-15, -15)
event: battery_consumption; timestamp: 858; robot: 1; time: 20.6155; initial_level: 200; final_level: 200
event: navigation; timestamp: 858; robot: 1; time: 20.6155; src: (15, 30); dst: (20, 10)
event: task_execution; timestamp: 783; task: 50; robot: 4; pos: (-14, -18); time: 77.9569
event: battery_consumption; timestamp: 783; robot: 4; time: 77.9569; initial_level: 200; final_level: 191.338
event: task_resolution; timestamp: 860.957; task: 50; pos: (-14, -18); status: FAILED; attempt: 1
event: battery_consumption; timestamp: 860.957; robot: 4; time: 38.0789; initial_level: 191.338; final_level: 191.338
event: navigation; timestamp: 860.957; robot: 4; time: 38.0789; src: (-14, -18); dst: (5, 15)
event: battery_consumption; timestamp: 916; robot: 2; time: 43.0116; initial_level: 168.029; final_level: 168.029
event: navigation; timestamp: 916; robot: 2; time: 43.0116; src: (20, 10); dst: (-15, -15)
event: battery_consumption; timestamp: 916; robot: 1; time: 31.0483; initial_level: 200; final_level: 200
event: navigation; timestamp: 916; robot: 1; time: 31.0483; src: (20, 10); dst: (-10, 2)
event: task_execution; timestamp: 837.118; task: 4; robot: 8; pos: (2, 18); time: 86.5839
event: battery_consumption; timestamp: 837.118; robot: 8; time: 86.5839; initial_level: 200; final_level: 190.38
event: task_resolution; timestamp: 923.702; task: 4; pos: (2, 18); status: FAILED; attempt: 1
event: battery_consumption; timestamp: 923.702; robot: 8; time: 4.24264; initial_level: 190.38; final_level: 190.38
event: navigation; timestamp: 923.702; robot: 8; time: 4.24264; src: (2, 18); dst: (5, 15)
event: task_execution; timestamp: 827.078; task: 23; robot: 3; pos: (-12, 5); time: 104.298
event: battery_consumption; timestamp: 827.078; robot: 3; time: 104.298; initial_level: 147.684; final_level: 136.095
event: task_resolution; timestamp: 931.376; task: 23; pos: (-12, 5); status: FAILED; attempt: 1
event: battery_consumption; timestamp: 931.376; robot: 3; time: 13; initial_level: 136.095; final_level: 136.095
event: navigation; timestamp: 931.376; robot: 3; time: 13; src: (-12, 5); dst: (0, 0)
event: robot_finished; timestamp: 944.376; robot: 3; pos: (0, 0); battery: 136.095
event: task_resolution; timestamp: 948.099; task: 91; pos: (20, 10); status: COMPLETED; attempt: 1
event: task_execution; timestamp: 885; task: 1; robot: 5; pos: (5, 18); time: 94.5422
event: battery_consumption; timestamp: 885; robot: 5; time: 94.5422; initial_level: 200; final_level: 189.495
event: task_resolution; timestamp: 979.542; task: 1; pos: (5, 18); status: FAILED; attempt: 1
event: battery_consumption; timestamp: 979.542; robot: 5; time: 18.6815; initial_level: 189.495; final_level: 189.495
event: navigation; timestamp: 979.542; robot: 5; time: 18.6815; src: (5, 18); dst: (0, 0)
event: robot_finished; timestamp: 998.224; robot: 5; pos: (0, 0); battery: 189.495
event: task_execution; timestamp: 889; task: 69; robot: 9; pos: (5, -15); time: 95.6713
event: battery_consumption; timestamp: 889; robot: 9; time: 95.6713; initial_level: 200; final_level: 189.37
event: task_resolution; timestamp: 984.671; task: 69; pos: (5, -15); status: COMPLETED; attempt: 1
event: battery_consumption; timestamp: 984.671; robot: 9; time: 15.8114; initial_level: 189.37; final_level: 189.37
event: navigation; timestamp: 984.671; robot: 9; time: 15.8114; src: (5, -15); dst: (0, 0)
event: robot_finished; timestamp: 1000.48; robot: 9; pos: (0, 0); battery: 189.37
event: battery_consumption; timestamp: 991; robot: 1; time: 10.198; initial_level: 200; final_level: 200
event: navigation; timestamp: 991; robot: 1; time: 10.198; src: (-10, 2); dst: (0, 0)
event: robot_finished; timestamp: 1001.2; robot: 1; pos: (0, 0); battery: 200
event: battery_consumption; timestamp: 998; robot: 2; time: 21.2132; initial_level: 168.029; final_level: 168.029
event: navigation; timestamp: 998; robot: 2; time: 21.2132; src: (-15, -15); dst: (0, 0)
event: robot_finished; timestamp: 1019.21; robot: 2; pos: (0, 0); battery: 168.029
event: battery_consumption; timestamp: 998; robot: 7; time: 21.2132; initial_level: 200; final_level: 200
event: navigation; timestamp: 998; robot: 7; time: 21.2132; src: (-15, -15); dst: (0, 0)
event: robot_finished; timestamp: 1019.21; robot: 7; pos: (0, 0); battery: 200
event: task_resolution; timestamp: 1040.74; task: 52; pos: (-15, -15); status: COMPLETED; attempt: 1
event: task_execution; timestamp: 962; task: 75; robot: 4; pos: (5, 15); time: 84.3854
event: battery_consumption; timestamp: 962; robot: 4; time: 84.3854; initial_level: 191.338; final_level: 172.586
event: task_execution; timestamp: 962; task: 75; robot: 8; pos: (5, 15); time: 84.3854
event: battery_consumption; timestamp: 962; robot: 8; time: 84.3854; initial_level: 190.38; final_level: 171.627
event: task_resolution; timestamp: 1046.39; task: 75; pos: (5, 15); status: COMPLETED; attempt: 1
event: battery_consumption; timestamp: 1046.39; robot: 4; time: 15.8114; initial_level: 172.586; final_level: 172.586
event: navigation; timestamp: 1046.39; robot: 4; time: 15.8114; src: (5, 15); dst: (0, 0)
event: robot_finished; timestamp: 1062.2; robot: 4; pos: (0, 0); battery: 172.586
event: battery_consumption; timestamp: 1046.39; robot: 8; time: 15.8114; initial_level: 171.627; final_level: 171.627
event: navigation; timestamp: 1046.39; robot: 8; time: 15.8114; src: (5, 15); dst: (0, 0)
event: robot_finished; timestamp: 1062.2; robot: 8; pos: (0, 0); battery: 171.627
event: task_resolution; timestamp: 1047.1; task: 21; pos: (-10, 2); status: FAILED; attempt: 1
event: task_execution; timestamp: 982; task: 47; robot: 10; pos: (-10, -15); time: 77.1539
event: battery_consumption; timestamp: 982; robot: 10; time: 77.1539; initial_level: 156.598; final_level: 148.025
event: task_resolution; timestamp: 1059.15; task: 47; pos: (-10, -15); status: FAILED; attempt: 1
event: battery_consumption; timestamp: 1059.15; robot: 10; time: 18.0278; initial_level: 148.025; final_level: 148.025
event: navigation; timestamp: 1059.15; robot: 10; time: 18.0278; src: (-10, -15); dst: (0, 0)
event: robot_finished; timestamp: 1077.18; robot: 10; pos: (0, 0); battery: 148.025
event: task_execution; timestamp: 969; task: 49; robot: 6; pos: (-12, -15); time: 109.781
event: battery_consumption; timestamp: 969; robot: 6; time: 109.781; initial_level: 171.492; final_level: 159.294
event: task_resolution; timestamp: 1078.78; task: 49; pos: (-12, -15); status: COMPLETED; attempt: 1
event: battery_consumption; timestamp: 1078.78; robot: 6; time: 19.2094; initial_level: 159.294; final_level: 159.294
event: navigation; timestamp: 1078.78; robot: 6; time: 19.2094; src: (-12, -15); dst: (0, 0)
event: robot_finished; timestamp: 1097.99; robot: 6; pos: (0, 0); battery: 159.294
metric: available_agents; value: 0
metric: failed_agents; value: 0
metric: finished_agents; value: 10
metric: completed_tasks; value: 11
metric: pending_tasks; value: 0
metric: failed_tasks; value: 89
metric: average_robot_makespan; value: 1028.23
metric: sd_robot_makespan; value: 46.1464
metric: max_robot_makespan; value: 1097.99
metric: min_robot_makespan; value: 944.376
metric: average_robot_travel_distance; value: 132.917
metric: sd_robot_travel_distance; value: 56.1789
metric: max_robot_travel_distance; value: 239.261
metric: min_robot_travel_distance; value: 47.0246
metric: sum_robot_travel_distance; value: 1329.17
metric: average_completed_tasks_by_robot; value: 0
metric: sd_completed_tasks_by_robot; value: 0
metric: max_completed_tasks_by_robot; value: 0
metric: min_completed_tasks_by_robot; value: 0
metric: final_reward; value: 0.11
metric: computing_time; value: 0.00261379
