info: solver_name; value: cbaa
info: reward_function; value: reward00
info: replica; value: 1
info: filename; value: ../logs/prueba/c106_10r_100t_cdb2cd8a_cbaa_reward00_001.log
info: scenario_name; value: c106_10r_100t_cdb2cd8a
info: scenario_name; value: c106_10r_100t_cdb2cd8a
info: number_of_tasks; value: 100
info: number_of_robots; value: 10
info: number_of_recharging_stations; value: 1
info: scenario_size; value: (132,132)
event: recharging_station_spawn; timestamp: 0; recharging_station: 1; pos: (0, 0)
event: task_spawn; timestamp: 0; task: 1; pos: (5, 18); earliest_start: 890; latest_start: 989; state: PENDING; required_workers: 1; success_prob: 0.2; max_attempts: 1
event: task_spawn; timestamp: 0; task: 2; pos: (5, 20); earliest_start: 816; latest_start: 879; state: PENDING; required_workers: 1; success_prob: 0.2; max_attempts: 1
event: task_spawn; timestamp: 0; task: 3; pos: (2, 16); earliest_start: 55; latest_start: 156; state: PENDING; required_workers: 1; success_prob: 0.2; max_attempts: 1
event: task_spawn; timestamp: 0; task: 4; pos: (2, 18); earliest_start: 703; latest_start: 806; state: PENDING; required_workers: 1; success_prob: 0.2; max_attempts: 1
event: task_spawn; timestamp: 0; task: 5; pos: (2, 15); earliest_start: 15; latest_start: 60; state: PENDING; required_workers: 1; success_prob: 0.2; max_attempts: 1
event: task_spawn; timestamp: 0; task: 6; pos: (0, 19); earliest_start: 559; latest_start: 764; state: PENDING; required_workers: 1; success_prob: 0.2; max_attempts: 1
event: task_spawn; timestamp: 0; task: 7; pos: (0, 16); earliest_start: 172; latest_start: 223; state: PENDING; required_workers: 1; success_prob: 0.2; max_attempts: 1
event: task_spawn; timestamp: 0; task: 8; pos: (-2, 18); earliest_start: 250; latest_start: 329; state: PENDING; required_workers: 1; success_prob: 0.2; max_attempts: 1
event: task_spawn; timestamp: 0; task: 9; pos: (-2, 20); earliest_start: 489; latest_start: 650; state: PENDING; required_workers: 1; success_prob: 0.2; max_attempts: 1
event: task_spawn; timestamp: 0; task: 10; pos: (-5, 16); earliest_start: 361; latest_start: 406; state: PENDING; required_workers: 1; success_prob: 0.2; max_attempts: 1
event: task_spawn; timestamp: 0; task: 11; pos: (-5, 19); earliest_start: 450; latest_start: 503; state: PENDING; required_workers: 2; success_prob: 0.2; max_attempts: 1
event: task_spawn; timestamp: 0; task: 12; pos: (-15, 35); earliest_start: 647; latest_start: 726; state: PENDING; required_workers: 2; success_prob: 0.2; max_attempts: 1
event: task_spawn; timestamp: 0; task: 13; pos: (-18, 25); earliest_start: 30; latest_start: 95; state: PENDING; required_workers: 2; success_prob: 0.2; max_attempts: 1
event: task_spawn; timestamp: 0; task: 14; pos: (-18, 35); earliest_start: 571; latest_start: 616; state: PENDING; required_workers: 2; success_prob: 0.2; max_attempts: 1
event: task_spawn; timestamp: 0; task: 15; pos: (-20, 30); earliest_start: 392; latest_start: 421; state: PENDING; required_workers: 2; success_prob: 0.2; max_attempts: 1
event: task_spawn; timestamp: 0; task: 16; pos: (-20, 35); earliest_start: 478; latest_start: 525; state: PENDING; required_workers: 2; success_prob: 0.2; max_attempts: 1
event: task_spawn; timestamp: 0; task: 17; pos: (-22, 25); earliest_start: 105; latest_start: 142; state: PENDING; required_workers: 3; success_prob: 0.2; max_attempts: 1
event: task_spawn; timestamp: 0; task: 18; pos: (-25, 25); earliest_start: 172; latest_start: 261; state: PENDING; required_workers: 3; success_prob: 0.2; max_attempts: 1
event: task_spawn; timestamp: 0; task: 19; pos: (-25, 30); earliest_start: 274; latest_start: 349; state: PENDING; required_workers: 3; success_prob: 0.2; max_attempts: 1
event: task_spawn; timestamp: 0; task: 20; pos: (-10, 0); earliest_start: 10; latest_start: 77; state: PENDING; required_workers: 3; success_prob: 0.2; max_attempts: 1
event: task_spawn; timestamp: 0; task: 21; pos: (-10, 2); earliest_start: 918; latest_start: 961; state: PENDING; required_workers: 1; success_prob: 0.4; max_attempts: 1
event: task_spawn; timestamp: 0; task: 22; pos: (-12, 2); earliest_start: 806; latest_start: 889; state: PENDING; required_workers: 1; success_prob: 0.4; max_attempts: 1
event: task_spawn; timestamp: 0; task: 23; pos: (-12, 5); earliest_start: 739; latest_start: 770; state: PENDING; required_workers: 1; success_prob: 0.4; max_attempts: 1
event: task_spawn; timestamp: 0; task: 24; pos: (-15, 0); earliest_start: 55; latest_start: 154; state: PENDING; required_workers: 1; success_prob: 0.4; max_attempts: 1
event: task_spawn; timestamp: 0; task: 25; pos: (-15, 2); earliest_start: 172; latest_start: 221; state: PENDING; required_workers: 1; success_prob: 0.4; max_attempts: 1
event: task_spawn; timestamp: 0; task: 26; pos: (-15, 5); earliest_start: 612; latest_start: 711; state: PENDING; required_workers: 1; success_prob: 0.4; max_attempts: 1
event: task_spawn; timestamp: 0; task: 27; pos: (-17, 2); earliest_start: 264; latest_start: 313; state: PENDING; required_workers: 1; success_prob: 0.4; max_attempts: 1
event: task_spawn; timestamp: 0; task: 28; pos: (-17, 5); earliest_start: 553; latest_start: 586; state: PENDING; required_workers: 1; success_prob: 0.4; max_attempts: 1
event: task_spawn; timestamp: 0; task: 29; pos: (-20, 0); earliest_start: 365; latest_start: 398; state: PENDING; required_workers: 1; success_prob: 0.4; max_attempts: 1
event: task_spawn; timestamp: 0; task: 30; pos: (-20, 5); earliest_start: 452; latest_start: 501; state: PENDING; required_workers: 1; success_prob: 0.4; max_attempts: 1
event: task_spawn; timestamp: 0; task: 31; pos: (-30, -15); earliest_start: 204; latest_start: 233; state: PENDING; required_workers: 2; success_prob: 0.4; max_attempts: 1
event: task_spawn; timestamp: 0; task: 32; pos: (-30, -10); earliest_start: 31; latest_start: 189; state: PENDING; required_workers: 2; success_prob: 0.4; max_attempts: 1
event: task_spawn; timestamp: 0; task: 33; pos: (-32, -10); earliest_start: 42; latest_start: 203; state: PENDING; required_workers: 2; success_prob: 0.4; max_attempts: 1
event: task_spawn; timestamp: 0; task: 34; pos: (-32, -5); earliest_start: 715; latest_start: 852; state: PENDING; required_workers: 2; success_prob: 0.4; max_attempts: 1
event: task_spawn; timestamp: 0; task: 35; pos: (-35, -15); earliest_start: 251; latest_start: 376; state: PENDING; required_workers: 2; success_prob: 0.4; max_attempts: 1
event: task_spawn; timestamp: 0; task: 36; pos: (-35, -5); earliest_start: 648; latest_start: 733; state: PENDING; required_workers: 2; success_prob: 0.4; max_attempts: 1
event: task_spawn; timestamp: 0; task: 37; pos: (-38, -10); earliest_start: 365; latest_start: 452; state: PENDING; required_workers: 3; success_prob: 0.4; max_attempts: 1
event: task_spawn; timestamp: 0; task: 38; pos: (-40, -10); earliest_start: 474; latest_start: 527; state: PENDING; required_workers: 3; success_prob: 0.4; max_attempts: 1
event: task_spawn; timestamp: 0; task: 39; pos: (-40, -5); earliest_start: 541; latest_start: 650; state: PENDING; required_workers: 3; success_prob: 0.4; max_attempts: 1
event: task_spawn; timestamp: 0; task: 40; pos: (-5, -20); earliest_start: 240; latest_start: 345; state: PENDING; required_workers: 3; success_prob: 0.4; max_attempts: 1
event: task_spawn; timestamp: 0; task: 41; pos: (-5, -18); earliest_start: 123; latest_start: 278; state: PENDING; required_workers: 1; success_prob: 0.6; max_attempts: 1
event: task_spawn; timestamp: 0; task: 42; pos: (-7, -18); earliest_start: 19; latest_start: 225; state: PENDING; required_workers: 1; success_prob: 0.6; max_attempts: 1
event: task_spawn; timestamp: 0; task: 43; pos: (-7, -15); earliest_start: 16; latest_start: 153; state: PENDING; required_workers: 1; success_prob: 0.6; max_attempts: 1
event: task_spawn; timestamp: 0; task: 44; pos: (-8, -20); earliest_start: 338; latest_start: 433; state: PENDING; required_workers: 1; success_prob: 0.6; max_attempts: 1
event: task_spawn; timestamp: 0; task: 45; pos: (-10, -20); earliest_start: 513; latest_start: 628; state: PENDING; required_workers: 1; success_prob: 0.6; max_attempts: 1
event: task_spawn; timestamp: 0; task: 46; pos: (-10, -18); earliest_start: 415; latest_start: 542; state: PENDING; required_workers: 1; success_prob: 0.6; max_attempts: 1
event: task_spawn; timestamp: 0; task: 47; pos: (-10, -15); earliest_start: 872; latest_start: 1127; state: PENDING; required_workers: 1; success_prob: 0.6; max_attempts: 1
event: task_spawn; timestamp: 0; task: 48; pos: (-12, -20); earliest_start: 599; latest_start: 726; state: PENDING; required_workers: 1; success_prob: 0.6; max_attempts: 1
event: task_spawn; timestamp: 0; task: 49; pos: (-12, -15); earliest_start: 917; latest_start: 1126; state: PENDING; required_workers: 1; success_prob: 0.6; max_attempts: 1
event: task_spawn; timestamp: 0; task: 50; pos: (-14, -18); earliest_start: 779; latest_start: 916; state: PENDING; required_workers: 1; success_prob: 0.6; max_attempts: 1
event: task_spawn; timestamp: 0; task: 51; pos: (-15, -20); earliest_start: 695; latest_start: 816; state: PENDING; required_workers: 2; success_prob: 0.6; max_attempts: 1
event: task_spawn; timestamp: 0; task: 52; pos: (-15, -15); earliest_start: 857; latest_start: 1024; state: PENDING; required_workers: 2; success_prob: 0.6; max_attempts: 1
event: task_spawn; timestamp: 0; task: 53; pos: (4, -45); earliest_start: 221; latest_start: 412; state: PENDING; required_workers: 2; success_prob: 0.6; max_attempts: 1
event: task_spawn; timestamp: 0; task: 54; pos: (2, -40); earliest_start: 96; latest_start: 347; state: PENDING; required_workers: 2; success_prob: 0.6; max_attempts: 1
event: task_spawn; timestamp: 0; task: 55; pos: (2, -35); earliest_start: 35; latest_start: 233; state: PENDING; required_workers: 2; success_prob: 0.6; max_attempts: 1
event: task_spawn; timestamp: 0; task: 56; pos: (0, -45); earliest_start: 347; latest_start: 474; state: PENDING; required_workers: 2; success_prob: 0.6; max_attempts: 1
event: task_spawn; timestamp: 0; task: 57; pos: (0, -35); earliest_start: 35; latest_start: 172; state: PENDING; required_workers: 3; success_prob: 0.6; max_attempts: 1
event: task_spawn; timestamp: 0; task: 58; pos: (-2, -45); earliest_start: 403; latest_start: 602; state: PENDING; required_workers: 3; success_prob: 0.6; max_attempts: 1
event: task_spawn; timestamp: 0; task: 59; pos: (-2, -35); earliest_start: 521; latest_start: 870; state: PENDING; required_workers: 3; success_prob: 0.6; max_attempts: 1
event: task_spawn; timestamp: 0; task: 60; pos: (-5, -45); earliest_start: 487; latest_start: 704; state: PENDING; required_workers: 3; success_prob: 0.6; max_attempts: 1
event: task_spawn; timestamp: 0; task: 61; pos: (10, -20); earliest_start: 422; latest_start: 719; state: PENDING; required_workers: 1; success_prob: 0.8; max_attempts: 1
event: task_spawn; timestamp: 0; task: 62; pos: (10, -15); earliest_start: 217; latest_start: 362; state: PENDING; required_workers: 1; success_prob: 0.8; max_attempts: 1
event: task_spawn; timestamp: 0; task: 63; pos: (10, -10); earliest_start: 142; latest_start: 247; state: PENDING; required_workers: 1; success_prob: 0.8; max_attempts: 1
event: task_spawn; timestamp: 0; task: 64; pos: (8, -20); earliest_start: 567; latest_start: 758; state: PENDING; required_workers: 1; success_prob: 0.8; max_attempts: 1
event: task_spawn; timestamp: 0; task: 65; pos: (8, -10); earliest_start: 34; latest_start: 171; state: PENDING; required_workers: 1; success_prob: 0.8; max_attempts: 1
event: task_spawn; timestamp: 0; task: 66; pos: (7, -15); earliest_start: 794; latest_start: 907; state: PENDING; required_workers: 1; success_prob: 0.8; max_attempts: 1
event: task_spawn; timestamp: 0; task: 67; pos: (7, -10); earliest_start: 12; latest_start: 226; state: PENDING; required_workers: 1; success_prob: 0.8; max_attempts: 1
event: task_spawn; timestamp: 0; task: 68; pos: (5, -20); earliest_start: 716; latest_start: 795; state: PENDING; required_workers: 1; success_prob: 0.8; max_attempts: 1
event: task_spawn; timestamp: 0; task: 69; pos: (5, -15); earliest_start: 873; latest_start: 1012; state: PENDING; required_workers: 1; success_prob: 0.8; max_attempts: 1
event: task_spawn; timestamp: 0; task: 70; pos: (55, -20); earliest_start: 266; latest_start: 577; state: PENDING; required_workers: 1; success_prob: 0.8; max_attempts: 1
event: task_spawn; timestamp: 0; task: 71; pos: (55, -15); earliest_start: 181; latest_start: 472; state: PENDING; required_workers: 2; success_prob: 0.8; max_attempts: 1
event: task_spawn; timestamp: 0; task: 72; pos: (13, -20); earliest_start: 402; latest_start: 553; state: PENDING; required_workers: 2; success_prob: 0.8; max_attempts: 1
event: task_spawn; timestamp: 0; task: 73; pos: (52, -20); earliest_start: 345; latest_start: 684; state: PENDING; required_workers: 2; success_prob: 0.8; max_attempts: 1
event: task_spawn; timestamp: 0; task: 74; pos: (13, -15); earliest_start: 294; latest_start: 471; state: PENDING; required_workers: 2; success_prob: 0.8; max_attempts: 1
event: task_spawn; timestamp: 0; task: 75; pos: (5, 15); earliest_start: 951; latest_start: 1114; state: PENDING; required_workers: 2; success_prob: 0.8; max_attempts: 1
event: task_spawn; timestamp: 0; task: 76; pos: (50, -15); earliest_start: 153; latest_start: 310; state: PENDING; required_workers: 2; success_prob: 0.8; max_attempts: 1
event: task_spawn; timestamp: 0; task: 77; pos: (48, -20); earliest_start: 450; latest_start: 767; state: PENDING; required_workers: 3; success_prob: 0.8; max_attempts: 1
event: task_spawn; timestamp: 0; task: 78; pos: (48, -15); earliest_start: 50; latest_start: 237; state: PENDING; required_workers: 3; success_prob: 0.8; max_attempts: 1
event: task_spawn; timestamp: 0; task: 79; pos: (47, -20); earliest_start: 567; latest_start: 832; state: PENDING; required_workers: 3; success_prob: 0.8; max_attempts: 1
event: task_spawn; timestamp: 0; task: 80; pos: (45, -25); earliest_start: 713; latest_start: 876; state: PENDING; required_workers: 3; success_prob: 0.8; max_attempts: 1
event: task_spawn; timestamp: 0; task: 81; pos: (45, -15); earliest_start: 47; latest_start: 331; state: PENDING; required_workers: 1; success_prob: 1; max_attempts: 1
event: task_spawn; timestamp: 0; task: 82; pos: (35, 5); earliest_start: 311; latest_start: 478; state: PENDING; required_workers: 1; success_prob: 1; max_attempts: 1
event: task_spawn; timestamp: 0; task: 83; pos: (32, 5); earliest_start: 127; latest_start: 476; state: PENDING; required_workers: 1; success_prob: 1; max_attempts: 1
event: task_spawn; timestamp: 0; task: 84; pos: (30, 8); earliest_start: 349; latest_start: 632; state: PENDING; required_workers: 1; success_prob: 1; max_attempts: 1
event: task_spawn; timestamp: 0; task: 85; pos: (28, 10); earliest_start: 476; latest_start: 691; state: PENDING; required_workers: 1; success_prob: 1; max_attempts: 1
event: task_spawn; timestamp: 0; task: 86; pos: (26, 5); earliest_start: 67; latest_start: 344; state: PENDING; required_workers: 1; success_prob: 1; max_attempts: 1
event: task_spawn; timestamp: 0; task: 87; pos: (25, 5); earliest_start: 25; latest_start: 256; state: PENDING; required_workers: 1; success_prob: 1; max_attempts: 1
event: task_spawn; timestamp: 0; task: 88; pos: (25, 10); earliest_start: 546; latest_start: 807; state: PENDING; required_workers: 1; success_prob: 1; max_attempts: 1
event: task_spawn; timestamp: 0; task: 89; pos: (23, 8); earliest_start: 630; latest_start: 909; state: PENDING; required_workers: 1; success_prob: 1; max_attempts: 1
event: task_spawn; timestamp: 0; task: 90; pos: (20, 5); earliest_start: 20; latest_start: 293; state: PENDING; required_workers: 1; success_prob: 1; max_attempts: 1
event: task_spawn; timestamp: 0; task: 91; pos: (20, 10); earliest_start: 769; latest_start: 956; state: PENDING; required_workers: 2; success_prob: 1; max_attempts: 1
event: task_spawn; timestamp: 0; task: 92; pos: (27, 35); earliest_start: 229; latest_start: 580; state: PENDING; required_workers: 2; success_prob: 1; max_attempts: 1
event: task_spawn; timestamp: 0; task: 93; pos: (25, 35); earliest_start: 442; latest_start: 551; state: PENDING; required_workers: 2; success_prob: 1; max_attempts: 1
event: task_spawn; timestamp: 0; task: 94; pos: (25, 32); earliest_start: 227; latest_start: 394; state: PENDING; required_workers: 2; success_prob: 1; max_attempts: 1
event: task_spawn; timestamp: 0; task: 95; pos: (22, 30); earliest_start: 163; latest_start: 272; state: PENDING; required_workers: 2; success_prob: 1; max_attempts: 1
event: task_spawn; timestamp: 0; task: 96; pos: (20, 30); earliest_start: 36; latest_start: 291; state: PENDING; required_workers: 2; success_prob: 1; max_attempts: 1
event: task_spawn; timestamp: 0; task: 97; pos: (20, 35); earliest_start: 469; latest_start: 714; state: PENDING; required_workers: 3; success_prob: 1; max_attempts: 1
event: task_spawn; timestamp: 0; task: 98; pos: (18, 25); earliest_start: 30; latest_start: 227; state: PENDING; required_workers: 3; success_prob: 1; max_attempts: 1
event: task_spawn; timestamp: 0; task: 99; pos: (15, 30); earliest_start: 595; latest_start: 968; state: PENDING; required_workers: 3; success_prob: 1; max_attempts: 1
event: task_spawn; timestamp: 0; task: 100; pos: (15, 35); earliest_start: 493; latest_start: 880; state: PENDING; required_workers: 3; success_prob: 1; max_attempts: 1
event: robot_spawn; timestamp: 0; robot: 1; pos: (0, 0); state: AVAILABLE; battery_level: 200; battery_capacity: 200; velocity: 1; battery_rate_nav: 0
event: robot_spawn; timestamp: 0; robot: 2; pos: (0, 0); state: AVAILABLE; battery_level: 200; battery_capacity: 200; velocity: 1; battery_rate_nav: 0
event: robot_spawn; timestamp: 0; robot: 3; pos: (0, 0); state: AVAILABLE; battery_level: 200; battery_capacity: 200; velocity: 1; battery_rate_nav: 0
event: robot_spawn; timestamp: 0; robot: 4; pos: (0, 0); state: AVAILABLE; battery_level: 200; battery_capacity: 200; velocity: 1; battery_rate_nav: 0
event: robot_spawn; timestamp: 0; robot: 5; pos: (0, 0); state: AVAILABLE; battery_level: 200; battery_capacity: 200; velocity: 1; battery_rate_nav: 0
event: robot_spawn; timestamp: 0; robot: 6; pos: (0, 0); state: AVAILABLE; battery_level: 200; battery_capacity: 200; velocity: 1; battery_rate_nav: 0
event: robot_spawn; timestamp: 0; robot: 7; pos: (0, 0); state: AVAILABLE; battery_level: 200; battery_capacity: 200; velocity: 1; battery_rate_nav: 0
event: robot_spawn; timestamp: 0; robot: 8; pos: (0, 0); state: AVAILABLE; battery_level: 200; battery_capacity: 200; velocity: 1; battery_rate_nav: 0
event: robot_spawn; timestamp: 0; robot: 9; pos: (0, 0); state: AVAILABLE; battery_level: 200; battery_capacity: 200; velocity: 1; battery_rate_nav: 0
event: robot_spawn; timestamp: 0; robot: 10; pos: (0, 0); state: AVAILABLE; battery_level: 200; battery_capacity: 200; velocity: 1; battery_rate_nav: 0
event: robot_finished; timestamp: 0; robot: 4; pos: (0, 0); battery: 200
event: battery_consumption; timestamp: 0; robot: 1; time: 20.6155; initial_level: 200; final_level: 200
event: navigation; timestamp: 0; robot: 1; time: 20.6155; src: (0, 0); dst: (20, 5)
event: robot_finished; timestamp: 0; robot: 6; pos: (0, 0); battery: 200
event: robot_finished; timestamp: 0; robot: 7; pos: (0, 0); battery: 200
event: robot_finished; timestamp: 0; robot: 8; pos: (0, 0); battery: 200
event: robot_finished; timestamp: 0; robot: 9; pos: (0, 0); battery: 200
event: robot_finished; timestamp: 0; robot: 10; pos: (0, 0); battery: 200
event: battery_consumption; timestamp: 0; robot: 5; time: 35; initial_level: 200; final_level: 200
event: navigation; timestamp: 0; robot: 5; time: 35; src: (0, 0); dst: (0, -35)
event: battery_consumption; timestamp: 0; robot: 3; time: 35; initial_level: 200; final_level: 200
event: navigation; timestamp: 0; robot: 3; time: 35; src: (0, 0); dst: (0, -35)
event: battery_consumption; timestamp: 0; robot: 2; time: 12.2066; initial_level: 200; final_level: 200
event: navigation; timestamp: 0; robot: 2; time: 12.2066; src: (0, 0); dst: (7, -10)
event: task_execution; timestamp: 12.2066; task: 67; robot: 2; pos: (7, -10); time: 67.6816
event: battery_consumption; timestamp: 12.2066; robot: 2; time: 67.6816; initial_level: 200; final_level: 192.48
event: task_resolution; timestamp: 79.8882; task: 67; pos: (7, -10); status: FAILED; attempt: 1
event: battery_consumption; timestamp: 79.8882; robot: 2; time: 1; initial_level: 192.48; final_level: 192.48
event: navigation; timestamp: 79.8882; robot: 2; time: 1; src: (7, -10); dst: (8, -10)
event: task_execution; timestamp: 20.6155; task: 90; robot: 1; pos: (20, 5); time: 78.9949
event: battery_consumption; timestamp: 20.6155; robot: 1; time: 78.9949; initial_level: 200; final_level: 191.223
event: task_resolution; timestamp: 99.6104; task: 90; pos: (20, 5); status: COMPLETED; attempt: 1
event: battery_consumption; timestamp: 99.6104; robot: 1; time: 5; initial_level: 191.223; final_level: 191.223
event: navigation; timestamp: 99.6104; robot: 1; time: 5; src: (20, 5); dst: (25, 5)
event: task_execution; timestamp: 80.8882; task: 65; robot: 2; pos: (8, -10); time: 88.5211
event: battery_consumption; timestamp: 80.8882; robot: 2; time: 88.5211; initial_level: 192.48; final_level: 182.644
event: task_resolution; timestamp: 169.409; task: 65; pos: (8, -10); status: COMPLETED; attempt: 1
event: battery_consumption; timestamp: 169.409; robot: 2; time: 2; initial_level: 182.644; final_level: 182.644
event: navigation; timestamp: 169.409; robot: 2; time: 2; src: (8, -10); dst: (10, -10)
event: battery_consumption; timestamp: 172; robot: 3; time: 17.72; initial_level: 200; final_level: 200
event: navigation; timestamp: 172; robot: 3; time: 17.72; src: (0, -35); dst: (-5, -18)
event: battery_consumption; timestamp: 172; robot: 5; time: 18.3848; initial_level: 200; final_level: 200
event: navigation; timestamp: 172; robot: 5; time: 18.3848; src: (0, -35); dst: (-7, -18)
event: task_execution; timestamp: 104.61; task: 87; robot: 1; pos: (25, 5); time: 111.002
event: battery_consumption; timestamp: 104.61; robot: 1; time: 111.002; initial_level: 191.223; final_level: 166.556
event: task_resolution; timestamp: 215.613; task: 87; pos: (25, 5); status: COMPLETED; attempt: 1
event: battery_consumption; timestamp: 215.613; robot: 1; time: 1; initial_level: 166.556; final_level: 166.556
event: navigation; timestamp: 215.613; robot: 1; time: 1; src: (25, 5); dst: (26, 5)
event: battery_consumption; timestamp: 225; robot: 5; time: 55.0727; initial_level: 200; final_level: 200
event: navigation; timestamp: 225; robot: 5; time: 55.0727; src: (-7, -18); dst: (20, 30)
event: battery_consumption; timestamp: 247; robot: 2; time: 5; initial_level: 182.644; final_level: 182.644
event: navigation; timestamp: 247; robot: 2; time: 5; src: (10, -10); dst: (10, -15)
event: task_resolution; timestamp: 257.782; task: 63; pos: (10, -10); status: COMPLETED; attempt: 1
event: task_execution; timestamp: 189.72; task: 41; robot: 3; pos: (-5, -18); time: 86.0743
event: battery_consumption; timestamp: 189.72; robot: 3; time: 86.0743; initial_level: 200; final_level: 190.436
event: task_resolution; timestamp: 275.794; task: 41; pos: (-5, -18); status: COMPLETED; attempt: 1
event: battery_consumption; timestamp: 275.794; robot: 3; time: 50.0899; initial_level: 190.436; final_level: 190.436
event: navigation; timestamp: 275.794; robot: 3; time: 50.0899; src: (-5, -18); dst: (45, -15)
event: task_resolution; timestamp: 288.439; task: 42; pos: (-7, -18); status: COMPLETED; attempt: 1
event: battery_consumption; timestamp: 291; robot: 5; time: 5.38516; initial_level: 200; final_level: 200
event: navigation; timestamp: 291; robot: 5; time: 5.38516; src: (20, 30); dst: (25, 32)
event: task_execution; timestamp: 216.613; task: 86; robot: 1; pos: (26, 5); time: 93.2124
event: battery_consumption; timestamp: 216.613; robot: 1; time: 93.2124; initial_level: 166.556; final_level: 156.199
event: task_resolution; timestamp: 309.825; task: 86; pos: (26, 5); status: COMPLETED; attempt: 1
event: battery_consumption; timestamp: 309.825; robot: 1; time: 6; initial_level: 156.199; final_level: 156.199
event: navigation; timestamp: 309.825; robot: 1; time: 6; src: (26, 5); dst: (32, 5)
event: battery_consumption; timestamp: 331; robot: 3; time: 11.1803; initial_level: 190.436; final_level: 190.436
event: navigation; timestamp: 331; robot: 3; time: 11.1803; src: (45, -15); dst: (55, -20)
event: task_execution; timestamp: 252; task: 62; robot: 2; pos: (10, -15); time: 85.988
event: battery_consumption; timestamp: 252; robot: 2; time: 85.988; initial_level: 182.644; final_level: 163.536
event: task_resolution; timestamp: 337.988; task: 62; pos: (10, -15); status: COMPLETED; attempt: 1
event: battery_consumption; timestamp: 337.988; robot: 2; time: 49.3356; initial_level: 163.536; final_level: 163.536
event: navigation; timestamp: 337.988; robot: 2; time: 49.3356; src: (10, -15); dst: (25, 32)
event: battery_consumption; timestamp: 394; robot: 2; time: 3.60555; initial_level: 163.536; final_level: 163.536
event: navigation; timestamp: 394; robot: 2; time: 3.60555; src: (25, 32); dst: (27, 35)
event: battery_consumption; timestamp: 394; robot: 5; time: 3.60555; initial_level: 200; final_level: 200
event: navigation; timestamp: 394; robot: 5; time: 3.60555; src: (25, 32); dst: (27, 35)
event: task_resolution; timestamp: 404.837; task: 81; pos: (45, -15); status: COMPLETED; attempt: 1
event: task_execution; timestamp: 315.825; task: 83; robot: 1; pos: (32, 5); time: 98.7148
event: battery_consumption; timestamp: 315.825; robot: 1; time: 98.7148; initial_level: 156.199; final_level: 145.23
event: task_resolution; timestamp: 414.54; task: 83; pos: (32, 5); status: COMPLETED; attempt: 1
event: battery_consumption; timestamp: 414.54; robot: 1; time: 3; initial_level: 145.23; final_level: 145.23
event: navigation; timestamp: 414.54; robot: 1; time: 3; src: (32, 5); dst: (35, 5)
event: task_execution; timestamp: 342.18; task: 70; robot: 3; pos: (55, -20); time: 93.3648
event: battery_consumption; timestamp: 342.18; robot: 3; time: 93.3648; initial_level: 190.436; final_level: 159.315
event: task_resolution; timestamp: 435.545; task: 70; pos: (55, -20); status: COMPLETED; attempt: 1
event: battery_consumption; timestamp: 435.545; robot: 3; time: 3; initial_level: 159.315; final_level: 159.315
event: navigation; timestamp: 435.545; robot: 3; time: 3; src: (55, -20); dst: (52, -20)
event: task_resolution; timestamp: 469.222; task: 94; pos: (25, 32); status: COMPLETED; attempt: 1
event: battery_consumption; timestamp: 478; robot: 1; time: 5.83095; initial_level: 145.23; final_level: 145.23
event: navigation; timestamp: 478; robot: 1; time: 5.83095; src: (35, 5); dst: (30, 8)
event: task_resolution; timestamp: 509.7; task: 82; pos: (35, 5); status: COMPLETED; attempt: 1
event: task_execution; timestamp: 397.606; task: 92; robot: 2; pos: (27, 35); time: 115.184
event: battery_consumption; timestamp: 397.606; robot: 2; time: 115.184; initial_level: 163.536; final_level: 137.939
event: task_execution; timestamp: 397.606; task: 92; robot: 5; pos: (27, 35); time: 115.184
event: battery_consumption; timestamp: 397.606; robot: 5; time: 115.184; initial_level: 200; final_level: 174.404
event: task_resolution; timestamp: 512.789; task: 92; pos: (27, 35); status: COMPLETED; attempt: 1
event: battery_consumption; timestamp: 512.789; robot: 2; time: 2; initial_level: 137.939; final_level: 137.939
event: navigation; timestamp: 512.789; robot: 2; time: 2; src: (27, 35); dst: (25, 35)
event: battery_consumption; timestamp: 512.789; robot: 5; time: 2; initial_level: 174.404; final_level: 174.404
event: navigation; timestamp: 512.789; robot: 5; time: 2; src: (27, 35); dst: (25, 35)
event: battery_consumption; timestamp: 551; robot: 5; time: 5; initial_level: 174.404; final_level: 174.404
event: navigation; timestamp: 551; robot: 5; time: 5; src: (25, 35); dst: (20, 35)
event: battery_consumption; timestamp: 551; robot: 2; time: 5; initial_level: 137.939; final_level: 137.939
event: navigation; timestamp: 551; robot: 2; time: 5; src: (25, 35); dst: (20, 35)
event: task_execution; timestamp: 483.831; task: 84; robot: 1; pos: (30, 8); time: 87.1041
event: battery_consumption; timestamp: 483.831; robot: 1; time: 87.1041; initial_level: 145.23; final_level: 125.874
event: task_resolution; timestamp: 570.935; task: 84; pos: (30, 8); status: COMPLETED; attempt: 1
event: battery_consumption; timestamp: 570.935; robot: 1; time: 2.82843; initial_level: 125.874; final_level: 125.874
event: navigation; timestamp: 570.935; robot: 1; time: 2.82843; src: (30, 8); dst: (28, 10)
event: task_resolution; timestamp: 592.323; task: 93; pos: (25, 35); status: COMPLETED; attempt: 1
event: task_execution; timestamp: 573.763; task: 85; robot: 1; pos: (28, 10); time: 85.0769
event: battery_consumption; timestamp: 573.763; robot: 1; time: 85.0769; initial_level: 125.874; final_level: 97.5149
event: task_resolution; timestamp: 658.84; task: 85; pos: (28, 10); status: COMPLETED; attempt: 1
event: battery_consumption; timestamp: 658.84; robot: 1; time: 3; initial_level: 97.5149; final_level: 97.5149
event: navigation; timestamp: 658.84; robot: 1; time: 3; src: (28, 10); dst: (25, 10)
event: battery_consumption; timestamp: 684; robot: 3; time: 44; initial_level: 159.315; final_level: 159.315
event: navigation; timestamp: 684; robot: 3; time: 44; src: (52, -20); dst: (8, -20)
event: battery_consumption; timestamp: 714; robot: 2; time: 5; initial_level: 137.939; final_level: 137.939
event: navigation; timestamp: 714; robot: 2; time: 5; src: (20, 35); dst: (15, 35)
event: battery_consumption; timestamp: 714; robot: 5; time: 5; initial_level: 174.404; final_level: 174.404
event: navigation; timestamp: 714; robot: 5; time: 5; src: (20, 35); dst: (15, 35)
event: task_execution; timestamp: 661.84; task: 88; robot: 1; pos: (25, 10); time: 92.4032
event: battery_consumption; timestamp: 661.84; robot: 1; time: 92.4032; initial_level: 97.5149; final_level: 66.7138
event: task_resolution; timestamp: 754.243; task: 88; pos: (25, 10); status: COMPLETED; attempt: 1
event: battery_consumption; timestamp: 754.243; robot: 1; time: 2.82843; initial_level: 66.7138; final_level: 66.7138
event: navigation; timestamp: 754.243; robot: 1; time: 2.82843; src: (25, 10); dst: (23, 8)
event: battery_consumption; timestamp: 758; robot: 3; time: 3; initial_level: 159.315; final_level: 159.315
event: navigation; timestamp: 758; robot: 3; time: 3; src: (8, -20); dst: (5, -20)
event: battery_consumption; timestamp: 795; robot: 3; time: 5.38516; initial_level: 159.315; final_level: 159.315
event: navigation; timestamp: 795; robot: 3; time: 5.38516; src: (5, -20); dst: (7, -15)
event: task_resolution; timestamp: 820.546; task: 64; pos: (8, -20); status: COMPLETED; attempt: 1
event: task_resolution; timestamp: 847.39; task: 68; pos: (5, -20); status: COMPLETED; attempt: 1
event: task_execution; timestamp: 757.072; task: 89; robot: 1; pos: (23, 8); time: 94.3354
event: battery_consumption; timestamp: 757.072; robot: 1; time: 94.3354; initial_level: 66.7138; final_level: 56.2321
event: task_resolution; timestamp: 851.407; task: 89; pos: (23, 8); status: COMPLETED; attempt: 1
event: battery_consumption; timestamp: 851.407; robot: 1; time: 28.1603; initial_level: 56.2321; final_level: 56.2321
event: navigation; timestamp: 851.407; robot: 1; time: 28.1603; src: (23, 8); dst: (15, 35)
event: task_execution; timestamp: 800.385; task: 66; robot: 3; pos: (7, -15); time: 73.9219
event: battery_consumption; timestamp: 800.385; robot: 3; time: 73.9219; initial_level: 159.315; final_level: 151.101
event: task_resolution; timestamp: 874.307; task: 66; pos: (7, -15); status: COMPLETED; attempt: 1
event: battery_consumption; timestamp: 874.307; robot: 3; time: 2; initial_level: 151.101; final_level: 151.101
event: navigation; timestamp: 874.307; robot: 3; time: 2; src: (7, -15); dst: (5, -15)
event: battery_consumption; timestamp: 880; robot: 1; time: 25.4951; initial_level: 56.2321; final_level: 56.2321
event: navigation; timestamp: 880; robot: 1; time: 25.4951; src: (15, 35); dst: (20, 10)
event: battery_consumption; timestamp: 880; robot: 2; time: 25.4951; initial_level: 137.939; final_level: 137.939
event: navigation; timestamp: 880; robot: 2; time: 25.4951; src: (15, 35); dst: (20, 10)
event: battery_consumption; timestamp: 880; robot: 5; time: 5; initial_level: 174.404; final_level: 174.404
event: navigation; timestamp: 880; robot: 5; time: 5; src: (15, 35); dst: (15, 30)
event: battery_consumption; timestamp: 956; robot: 1; time: 15.8114; initial_level: 56.2321; final_level: 56.2321
event: navigation; timestamp: 956; robot: 1; time: 15.8114; src: (20, 10); dst: (5, 15)
event: battery_consumption; timestamp: 956; robot: 2; time: 15.8114; initial_level: 137.939; final_level: 137.939
event: navigation; timestamp: 956; robot: 2; time: 15.8114; src: (20, 10); dst: (5, 15)
event: battery_consumption; timestamp: 968; robot: 5; time: 54.0833; initial_level: 174.404; final_level: 174.404
event: navigation; timestamp: 968; robot: 5; time: 54.0833; src: (15, 30); dst: (-15, -15)
event: task_execution; timestamp: 876.307; task: 69; robot: 3; pos: (5, -15); time: 94.9439
event: battery_consumption; timestamp: 876.307; robot: 3; time: 94.9439; initial_level: 151.101; final_level: 140.552
event: task_resolution; timestamp: 971.251; task: 69; pos: (5, -15); status: COMPLETED; attempt: 1
event: battery_consumption; timestamp: 971.251; robot: 3; time: 20; initial_level: 140.552; final_level: 140.552
event: navigation; timestamp: 971.251; robot: 3; time: 20; src: (5, -15); dst: (-15, -15)
event: task_resolution; timestamp: 978.001; task: 100; pos: (15, 35); status: COMPLETED; attempt: 1
event: task_resolution; timestamp: 990.847; task: 91; pos: (20, 10); status: COMPLETED; attempt: 1
event: battery_consumption; timestamp: 1024; robot: 3; time: 3; initial_level: 140.552; final_level: 140.552
event: navigation; timestamp: 1024; robot: 3; time: 3; src: (-15, -15); dst: (-12, -15)
event: battery_consumption; timestamp: 1024; robot: 5; time: 21.2132; initial_level: 174.404; final_level: 174.404
event: navigation; timestamp: 1024; robot: 5; time: 21.2132; src: (-15, -15); dst: (0, 0)
event: robot_finished; timestamp: 1045.21; robot: 5; pos: (0, 0); battery: 174.404
event: task_execution; timestamp: 971.811; task: 75; robot: 1; pos: (5, 15); time: 95.0521
event: battery_consumption; timestamp: 971.811; robot: 1; time: 95.0521; initial_level: 56.2321; final_level: 35.1095
event: task_execution; timestamp: 971.811; task: 75; robot: 2; pos: (5, 15); time: 95.0521
event: battery_consumption; timestamp: 971.811; robot: 2; time: 95.0521; initial_level: 137.939; final_level: 116.817
event: task_resolution; timestamp: 1066.86; task: 75; pos: (5, 15); status: COMPLETED; attempt: 1
event: battery_consumption; timestamp: 1066.86; robot: 1; time: 15.8114; initial_level: 35.1095; final_level: 35.1095
event: navigation; timestamp: 1066.86; robot: 1; time: 15.8114; src: (5, 15); dst: (0, 0)
event: robot_finished; timestamp: 1082.67; robot: 1; pos: (0, 0); battery: 35.1095
event: battery_consumption; timestamp: 1066.86; robot: 2; time: 15.8114; initial_level: 116.817; final_level: 116.817
event: navigation; timestamp: 1066.86; robot: 2; time: 15.8114; src: (5, 15); dst: (0, 0)
event: robot_finished; timestamp: 1082.67; robot: 2; pos: (0, 0); battery: 116.817
event: task_resolution; timestamp: 1109.39; task: 52; pos: (-15, -15); status: COMPLETED; attempt: 1
event: task_execution; timestamp: 1027; task: 49; robot: 3; pos: (-12, -15); time: 89.199
event: battery_consumption; timestamp: 1027; robot: 3; time: 89.199; initial_level: 140.552; final_level: 130.641
event: task_resolution; timestamp: 1116.2; task: 49; pos: (-12, -15); status: FAILED; attempt: 1
event: battery_consumption; timestamp: 1116.2; robot: 3; time: 2; initial_level: 130.641; final_level: 130.641
event: navigation; timestamp: 1116.2; robot: 3; time: 2; src: (-12, -15); dst: (-10, -15)
event: battery_consumption; timestamp: 1127; robot: 3; time: 18.0278; initial_level: 130.641; final_level: 130.641
event: navigation; timestamp: 1127; robot: 3; time: 18.0278; src: (-10, -15); dst: (0, 0)
event: robot_finished; timestamp: 1145.03; robot: 3; pos: (0, 0); battery: 130.641
metric: available_agents; value: 0
metric: failed_agents; value: 0
metric: finished_agents; value: 10
metric: completed_tasks; value: 27
metric: pending_tasks; value: 0
metric: failed_tasks; value: 73
metric: average_robot_makespan; value: 435.559
metric: sd_robot_makespan; value: 562.812
metric: max_robot_makespan; value: 1145.03
metric: min_robot_makespan; value: 0
metric: average_robot_travel_distance; value: 70.1795
metric: sd_robot_travel_distance; value: 93.8543
metric: max_robot_travel_distance; value: 214.403
metric: min_robot_travel_distance; value: 0
metric: sum_robot_travel_distance; value: 701.795
metric: average_completed_tasks_by_robot; value: 0
metric: sd_completed_tasks_by_robot; value: 0
metric: max_completed_tasks_by_robot; value: 0
metric: min_completed_tasks_by_robot; value: 0
metric: final_reward; value: 0.27
metric: computing_time; value: 0.00984498
