info: solver_name; value: random
info: reward_function; value: reward00
info: replica; value: 1
info: filename; value: ../logs/prueba/c106_10r_100t_cdb2cd8a_random_reward00_001.log
info: scenario_name; value: c106_10r_100t_cdb2cd8a
info: scenario_name; value: c106_10r_100t_cdb2cd8a
info: number_of_tasks; value: 100
info: number_of_robots; value: 10
info: number_of_recharging_stations; value: 1
info: scenario_size; value: (132,132)
event: recharging_station_spawn; timestamp: 0; recharging_station: 1; pos: (0, 0)
event: task_spawn; timestamp: 0; task: 1; pos: (5, 18); earliest_start: 890; latest_start: 989; state: PENDING; required_workers: 1; success_prob: 0.2; max_attempts: 1
event: task_spawn; timestamp: 0; task: 2; pos: (5, 20); earliest_start: 816; latest_start: 879; state: PENDING; required_workers: 1; success_prob: 0.2; max_attempts: 1
event: task_spawn; timestamp: 0; task: 3; pos: (2, 16); earliest_start: 55; latest_start: 156; state: PENDING; required_workers: 1; success_prob: 0.2; max_attempts: 1
event: task_spawn; timestamp: 0; task: 4; pos: (2, 18); earliest_start: 703; latest_start: 806; state: PENDING; required_workers: 1; success_prob: 0.2; max_attempts: 1
event: task_spawn; timestamp: 0; task: 5; pos: (2, 15); earliest_start: 15; latest_start: 60; state: PENDING; required_workers: 1; success_prob: 0.2; max_attempts: 1
event: task_spawn; timestamp: 0; task: 6; pos: (0, 19); earliest_start: 559; latest_start: 764; state: PENDING; required_workers: 1; success_prob: 0.2; max_attempts: 1
event: task_spawn; timestamp: 0; task: 7; pos: (0, 16); earliest_start: 172; latest_start: 223; state: PENDING; required_workers: 1; success_prob: 0.2; max_attempts: 1
event: task_spawn; timestamp: 0; task: 8; pos: (-2, 18); earliest_start: 250; latest_start: 329; state: PENDING; required_workers: 1; success_prob: 0.2; max_attempts: 1
event: task_spawn; timestamp: 0; task: 9; pos: (-2, 20); earliest_start: 489; latest_start: 650; state: PENDING; required_workers: 1; success_prob: 0.2; max_attempts: 1
event: task_spawn; timestamp: 0; task: 10; pos: (-5, 16); earliest_start: 361; latest_start: 406; state: PENDING; required_workers: 1; success_prob: 0.2; max_attempts: 1
event: task_spawn; timestamp: 0; task: 11; pos: (-5, 19); earliest_start: 450; latest_start: 503; state: PENDING; required_workers: 2; success_prob: 0.2; max_attempts: 1
event: task_spawn; timestamp: 0; task: 12; pos: (-15, 35); earliest_start: 647; latest_start: 726; state: PENDING; required_workers: 2; success_prob: 0.2; max_attempts: 1
event: task_spawn; timestamp: 0; task: 13; pos: (-18, 25); earliest_start: 30; latest_start: 95; state: PENDING; required_workers: 2; success_prob: 0.2; max_attempts: 1
event: task_spawn; timestamp: 0; task: 14; pos: (-18, 35); earliest_start: 571; latest_start: 616; state: PENDING; required_workers: 2; success_prob: 0.2; max_attempts: 1
event: task_spawn; timestamp: 0; task: 15; pos: (-20, 30); earliest_start: 392; latest_start: 421; state: PENDING; required_workers: 2; success_prob: 0.2; max_attempts: 1
event: task_spawn; timestamp: 0; task: 16; pos: (-20, 35); earliest_start: 478; latest_start: 525; state: PENDING; required_workers: 2; success_prob: 0.2; max_attempts: 1
event: task_spawn; timestamp: 0; task: 17; pos: (-22, 25); earliest_start: 105; latest_start: 142; state: PENDING; required_workers: 3; success_prob: 0.2; max_attempts: 1
event: task_spawn; timestamp: 0; task: 18; pos: (-25, 25); earliest_start: 172; latest_start: 261; state: PENDING; required_workers: 3; success_prob: 0.2; max_attempts: 1
event: task_spawn; timestamp: 0; task: 19; pos: (-25, 30); earliest_start: 274; latest_start: 349; state: PENDING; required_workers: 3; success_prob: 0.2; max_attempts: 1
event: task_spawn; timestamp: 0; task: 20; pos: (-10, 0); earliest_start: 10; latest_start: 77; state: PENDING; required_workers: 3; success_prob: 0.2; max_attempts: 1
event: task_spawn; timestamp: 0; task: 21; pos: (-10, 2); earliest_start: 918; latest_start: 961; state: PENDING; required_workers: 1; success_prob: 0.4; max_attempts: 1
event: task_spawn; timestamp: 0; task: 22; pos: (-12, 2); earliest_start: 806; latest_start: 889; state: PENDING; required_workers: 1; success_prob: 0.4; max_attempts: 1
event: task_spawn; timestamp: 0; task: 23; pos: (-12, 5); earliest_start: 739; latest_start: 770; state: PENDING; required_workers: 1; success_prob: 0.4; max_attempts: 1
event: task_spawn; timestamp: 0; task: 24; pos: (-15, 0); earliest_start: 55; latest_start: 154; state: PENDING; required_workers: 1; success_prob: 0.4; max_attempts: 1
event: task_spawn; timestamp: 0; task: 25; pos: (-15, 2); earliest_start: 172; latest_start: 221; state: PENDING; required_workers: 1; success_prob: 0.4; max_attempts: 1
event: task_spawn; timestamp: 0; task: 26; pos: (-15, 5); earliest_start: 612; latest_start: 711; state: PENDING; required_workers: 1; success_prob: 0.4; max_attempts: 1
event: task_spawn; timestamp: 0; task: 27; pos: (-17, 2); earliest_start: 264; latest_start: 313; state: PENDING; required_workers: 1; success_prob: 0.4; max_attempts: 1
event: task_spawn; timestamp: 0; task: 28; pos: (-17, 5); earliest_start: 553; latest_start: 586; state: PENDING; required_workers: 1; success_prob: 0.4; max_attempts: 1
event: task_spawn; timestamp: 0; task: 29; pos: (-20, 0); earliest_start: 365; latest_start: 398; state: PENDING; required_workers: 1; success_prob: 0.4; max_attempts: 1
event: task_spawn; timestamp: 0; task: 30; pos: (-20, 5); earliest_start: 452; latest_start: 501; state: PENDING; required_workers: 1; success_prob: 0.4; max_attempts: 1
event: task_spawn; timestamp: 0; task: 31; pos: (-30, -15); earliest_start: 204; latest_start: 233; state: PENDING; required_workers: 2; success_prob: 0.4; max_attempts: 1
event: task_spawn; timestamp: 0; task: 32; pos: (-30, -10); earliest_start: 31; latest_start: 189; state: PENDING; required_workers: 2; success_prob: 0.4; max_attempts: 1
event: task_spawn; timestamp: 0; task: 33; pos: (-32, -10); earliest_start: 42; latest_start: 203; state: PENDING; required_workers: 2; success_prob: 0.4; max_attempts: 1
event: task_spawn; timestamp: 0; task: 34; pos: (-32, -5); earliest_start: 715; latest_start: 852; state: PENDING; required_workers: 2; success_prob: 0.4; max_attempts: 1
event: task_spawn; timestamp: 0; task: 35; pos: (-35, -15); earliest_start: 251; latest_start: 376; state: PENDING; required_workers: 2; success_prob: 0.4; max_attempts: 1
event: task_spawn; timestamp: 0; task: 36; pos: (-35, -5); earliest_start: 648; latest_start: 733; state: PENDING; required_workers: 2; success_prob: 0.4; max_attempts: 1
event: task_spawn; timestamp: 0; task: 37; pos: (-38, -10); earliest_start: 365; latest_start: 452; state: PENDING; required_workers: 3; success_prob: 0.4; max_attempts: 1
event: task_spawn; timestamp: 0; task: 38; pos: (-40, -10); earliest_start: 474; latest_start: 527; state: PENDING; required_workers: 3; success_prob: 0.4; max_attempts: 1
event: task_spawn; timestamp: 0; task: 39; pos: (-40, -5); earliest_start: 541; latest_start: 650; state: PENDING; required_workers: 3; success_prob: 0.4; max_attempts: 1
event: task_spawn; timestamp: 0; task: 40; pos: (-5, -20); earliest_start: 240; latest_start: 345; state: PENDING; required_workers: 3; success_prob: 0.4; max_attempts: 1
event: task_spawn; timestamp: 0; task: 41; pos: (-5, -18); earliest_start: 123; latest_start: 278; state: PENDING; required_workers: 1; success_prob: 0.6; max_attempts: 1
event: task_spawn; timestamp: 0; task: 42; pos: (-7, -18); earliest_start: 19; latest_start: 225; state: PENDING; required_workers: 1; success_prob: 0.6; max_attempts: 1
event: task_spawn; timestamp: 0; task: 43; pos: (-7, -15); earliest_start: 16; latest_start: 153; state: PENDING; required_workers: 1; success_prob: 0.6; max_attempts: 1
event: task_spawn; timestamp: 0; task: 44; pos: (-8, -20); earliest_start: 338; latest_start: 433; state: PENDING; required_workers: 1; success_prob: 0.6; max_attempts: 1
event: task_spawn; timestamp: 0; task: 45; pos: (-10, -20); earliest_start: 513; latest_start: 628; state: PENDING; required_workers: 1; success_prob: 0.6; max_attempts: 1
event: task_spawn; timestamp: 0; task: 46; pos: (-10, -18); earliest_start: 415; latest_start: 542; state: PENDING; required_workers: 1; success_prob: 0.6; max_attempts: 1
event: task_spawn; timestamp: 0; task: 47; pos: (-10, -15); earliest_start: 872; latest_start: 1127; state: PENDING; required_workers: 1; success_prob: 0.6; max_attempts: 1
event: task_spawn; timestamp: 0; task: 48; pos: (-12, -20); earliest_start: 599; latest_start: 726; state: PENDING; required_workers: 1; success_prob: 0.6; max_attempts: 1
event: task_spawn; timestamp: 0; task: 49; pos: (-12, -15); earliest_start: 917; latest_start: 1126; state: PENDING; required_workers: 1; success_prob: 0.6; max_attempts: 1
event: task_spawn; timestamp: 0; task: 50; pos: (-14, -18); earliest_start: 779; latest_start: 916; state: PENDING; required_workers: 1; success_prob: 0.6; max_attempts: 1
event: task_spawn; timestamp: 0; task: 51; pos: (-15, -20); earliest_start: 695; latest_start: 816; state: PENDING; required_workers: 2; success_prob: 0.6; max_attempts: 1
event: task_spawn; timestamp: 0; task: 52; pos: (-15, -15); earliest_start: 857; latest_start: 1024; state: PENDING; required_workers: 2; success_prob: 0.6; max_attempts: 1
event: task_spawn; timestamp: 0; task: 53; pos: (4, -45); earliest_start: 221; latest_start: 412; state: PENDING; required_workers: 2; success_prob: 0.6; max_attempts: 1
event: task_spawn; timestamp: 0; task: 54; pos: (2, -40); earliest_start: 96; latest_start: 347; state: PENDING; required_workers: 2; success_prob: 0.6; max_attempts: 1
event: task_spawn; timestamp: 0; task: 55; pos: (2, -35); earliest_start: 35; latest_start: 233; state: PENDING; required_workers: 2; success_prob: 0.6; max_attempts: 1
event: task_spawn; timestamp: 0; task: 56; pos: (0, -45); earliest_start: 347; latest_start: 474; state: PENDING; required_workers: 2; success_prob: 0.6; max_attempts: 1
event: task_spawn; timestamp: 0; task: 57; pos: (0, -35); earliest_start: 35; latest_start: 172; state: PENDING; required_workers: 3; success_prob: 0.6; max_attempts: 1
event: task_spawn; timestamp: 0; task: 58; pos: (-2, -45); earliest_start: 403; latest_start: 602; state: PENDING; required_workers: 3; success_prob: 0.6; max_attempts: 1
event: task_spawn; timestamp: 0; task: 59; pos: (-2, -35); earliest_start: 521; latest_start: 870; state: PENDING; required_workers: 3; success_prob: 0.6; max_attempts: 1
event: task_spawn; timestamp: 0; task: 60; pos: (-5, -45); earliest_start: 487; latest_start: 704; state: PENDING; required_workers: 3; success_prob: 0.6; max_attempts: 1
event: task_spawn; timestamp: 0; task: 61; pos: (10, -20); earliest_start: 422; latest_start: 719; state: PENDING; required_workers: 1; success_prob: 0.8; max_attempts: 1
event: task_spawn; timestamp: 0; task: 62; pos: (10, -15); earliest_start: 217; latest_start: 362; state: PENDING; required_workers: 1; success_prob: 0.8; max_attempts: 1
event: task_spawn; timestamp: 0; task: 63; pos: (10, -10); earliest_start: 142; latest_start: 247; state: PENDING; required_workers: 1; success_prob: 0.8; max_attempts: 1
event: task_spawn; timestamp: 0; task: 64; pos: (8, -20); earliest_start: 567; latest_start: 758; state: PENDING; required_workers: 1; success_prob: 0.8; max_attempts: 1
event: task_spawn; timestamp: 0; task: 65; pos: (8, -10); earliest_start: 34; latest_start: 171; state: PENDING; required_workers: 1; success_prob: 0.8; max_attempts: 1
event: task_spawn; timestamp: 0; task: 66; pos: (7, -15); earliest_start: 794; latest_start: 907; state: PENDING; required_workers: 1; success_prob: 0.8; max_attempts: 1
event: task_spawn; timestamp: 0; task: 67; pos: (7, -10); earliest_start: 12; latest_start: 226; state: PENDING; required_workers: 1; success_prob: 0.8; max_attempts: 1
event: task_spawn; timestamp: 0; task: 68; pos: (5, -20); earliest_start: 716; latest_start: 795; state: PENDING; required_workers: 1; success_prob: 0.8; max_attempts: 1
event: task_spawn; timestamp: 0; task: 69; pos: (5, -15); earliest_start: 873; latest_start: 1012; state: PENDING; required_workers: 1; success_prob: 0.8; max_attempts: 1
event: task_spawn; timestamp: 0; task: 70; pos: (55, -20); earliest_start: 266; latest_start: 577; state: PENDING; required_workers: 1; success_prob: 0.8; max_attempts: 1
event: task_spawn; timestamp: 0; task: 71; pos: (55, -15); earliest_start: 181; latest_start: 472; state: PENDING; required_workers: 2; success_prob: 0.8; max_attempts: 1
event: task_spawn; timestamp: 0; task: 72; pos: (13, -20); earliest_start: 402; latest_start: 553; state: PENDING; required_workers: 2; success_prob: 0.8; max_attempts: 1
event: task_spawn; timestamp: 0; task: 73; pos: (52, -20); earliest_start: 345; latest_start: 684; state: PENDING; required_workers: 2; success_prob: 0.8; max_attempts: 1
event: task_spawn; timestamp: 0; task: 74; pos: (13, -15); earliest_start: 294; latest_start: 471; state: PENDING; required_workers: 2; success_prob: 0.8; max_attempts: 1
event: task_spawn; timestamp: 0; task: 75; pos: (5, 15); earliest_start: 951; latest_start: 1114; state: PENDING; required_workers: 2; success_prob: 0.8; max_attempts: 1
event: task_spawn; timestamp: 0; task: 76; pos: (50, -15); earliest_start: 153; latest_start: 310; state: PENDING; required_workers: 2; success_prob: 0.8; max_attempts: 1
event: task_spawn; timestamp: 0; task: 77; pos: (48, -20); earliest_start: 450; latest_start: 767; state: PENDING; required_workers: 3; success_prob: 0.8; max_attempts: 1
event: task_spawn; timestamp: 0; task: 78; pos: (48, -15); earliest_start: 50; latest_start: 237; state: PENDING; required_workers: 3; success_prob: 0.8; max_attempts: 1
event: task_spawn; timestamp: 0; task: 79; pos: (47, -20); earliest_start: 567; latest_start: 832; state: PENDING; required_workers: 3; success_prob: 0.8; max_attempts: 1
event: task_spawn; timestamp: 0; task: 80; pos: (45, -25); earliest_start: 713; latest_start: 876; state: PENDING; required_workers: 3; success_prob: 0.8; max_attempts: 1
event: task_spawn; timestamp: 0; task: 81; pos: (45, -15); earliest_start: 47; latest_start: 331; state: PENDING; required_workers: 1; success_prob: 1; max_attempts: 1
event: task_spawn; timestamp: 0; task: 82; pos: (35, 5); earliest_start: 311; latest_start: 478; state: PENDING; required_workers: 1; success_prob: 1; max_attempts: 1
event: task_spawn; timestamp: 0; task: 83; pos: (32, 5); earliest_start: 127; latest_start: 476; state: PENDING; required_workers: 1; success_prob: 1; max_attempts: 1
event: task_spawn; timestamp: 0; task: 84; pos: (30, 8); earliest_start: 349; latest_start: 632; state: PENDING; required_workers: 1; success_prob: 1; max_attempts: 1
event: task_spawn; timestamp: 0; task: 85; pos: (28, 10); earliest_start: 476; latest_start: 691; state: PENDING; required_workers: 1; success_prob: 1; max_attempts: 1
event: task_spawn; timestamp: 0; task: 86; pos: (26, 5); earliest_start: 67; latest_start: 344; state: PENDING; required_workers: 1; success_prob: 1; max_attempts: 1
event: task_spawn; timestamp: 0; task: 87; pos: (25, 5); earliest_start: 25; latest_start: 256; state: PENDING; required_workers: 1; success_prob: 1; max_attempts: 1
event: task_spawn; timestamp: 0; task: 88; pos: (25, 10); earliest_start: 546; latest_start: 807; state: PENDING; required_workers: 1; success_prob: 1; max_attempts: 1
event: task_spawn; timestamp: 0; task: 89; pos: (23, 8); earliest_start: 630; latest_start: 909; state: PENDING; required_workers: 1; success_prob: 1; max_attempts: 1
event: task_spawn; timestamp: 0; task: 90; pos: (20, 5); earliest_start: 20; latest_start: 293; state: PENDING; required_workers: 1; success_prob: 1; max_attempts: 1
event: task_spawn; timestamp: 0; task: 91; pos: (20, 10); earliest_start: 769; latest_start: 956; state: PENDING; required_workers: 2; success_prob: 1; max_attempts: 1
event: task_spawn; timestamp: 0; task: 92; pos: (27, 35); earliest_start: 229; latest_start: 580; state: PENDING; required_workers: 2; success_prob: 1; max_attempts: 1
event: task_spawn; timestamp: 0; task: 93; pos: (25, 35); earliest_start: 442; latest_start: 551; state: PENDING; required_workers: 2; success_prob: 1; max_attempts: 1
event: task_spawn; timestamp: 0; task: 94; pos: (25, 32); earliest_start: 227; latest_start: 394; state: PENDING; required_workers: 2; success_prob: 1; max_attempts: 1
event: task_spawn; timestamp: 0; task: 95; pos: (22, 30); earliest_start: 163; latest_start: 272; state: PENDING; required_workers: 2; success_prob: 1; max_attempts: 1
event: task_spawn; timestamp: 0; task: 96; pos: (20, 30); earliest_start: 36; latest_start: 291; state: PENDING; required_workers: 2; success_prob: 1; max_attempts: 1
event: task_spawn; timestamp: 0; task: 97; pos: (20, 35); earliest_start: 469; latest_start: 714; state: PENDING; required_workers: 3; success_prob: 1; max_attempts: 1
event: task_spawn; timestamp: 0; task: 98; pos: (18, 25); earliest_start: 30; latest_start: 227; state: PENDING; required_workers: 3; success_prob: 1; max_attempts: 1
event: task_spawn; timestamp: 0; task: 99; pos: (15, 30); earliest_start: 595; latest_start: 968; state: PENDING; required_workers: 3; success_prob: 1; max_attempts: 1
event: task_spawn; timestamp: 0; task: 100; pos: (15, 35); earliest_start: 493; latest_start: 880; state: PENDING; required_workers: 3; success_prob: 1; max_attempts: 1
event: robot_spawn; timestamp: 0; robot: 1; pos: (0, 0); state: AVAILABLE; battery_level: 200; battery_capacity: 200; velocity: 1; battery_rate_nav: 0
event: robot_spawn; timestamp: 0; robot: 2; pos: (0, 0); state: AVAILABLE; battery_level: 200; battery_capacity: 200; velocity: 1; battery_rate_nav: 0
event: robot_spawn; timestamp: 0; robot: 3; pos: (0, 0); state: AVAILABLE; battery_level: 200; battery_capacity: 200; velocity: 1; battery_rate_nav: 0
event: robot_spawn; timestamp: 0; robot: 4; pos: (0, 0); state: AVAILABLE; battery_level: 200; battery_capacity: 200; velocity: 1; battery_rate_nav: 0
event: robot_spawn; timestamp: 0; robot: 5; pos: (0, 0); state: AVAILABLE; battery_level: 200; battery_capacity: 200; velocity: 1; battery_rate_nav: 0
event: robot_spawn; timestamp: 0; robot: 6; pos: (0, 0); state: AVAILABLE; battery_level: 200; battery_capacity: 200; velocity: 1; battery_rate_nav: 0
event: robot_spawn; timestamp: 0; robot: 7; pos: (0, 0); state: AVAILABLE; battery_level: 200; battery_capacity: 200; velocity: 1; battery_rate_nav: 0
event: robot_spawn; timestamp: 0; robot: 8; pos: (0, 0); state: AVAILABLE; battery_level: 200; battery_capacity: 200; velocity: 1; battery_rate_nav: 0
event: robot_spawn; timestamp: 0; robot: 9; pos: (0, 0); state: AVAILABLE; battery_level: 200; battery_capacity: 200; velocity: 1; battery_rate_nav: 0
event: robot_spawn; timestamp: 0; robot: 10; pos: (0, 0); state: AVAILABLE; battery_level: 200; battery_capacity: 200; velocity: 1; battery_rate_nav: 0
event: battery_consumption; timestamp: 0; robot: 5; time: 25; initial_level: 200; final_level: 200
event: navigation; timestamp: 0; robot: 5; time: 25; src: (0, 0); dst: (-15, -20)
event: battery_consumption; timestamp: 0; robot: 10; time: 45.0444; initial_level: 200; final_level: 200
event: navigation; timestamp: 0; robot: 10; time: 45.0444; src: (0, 0); dst: (-2, -45)
event: battery_consumption; timestamp: 0; robot: 4; time: 25; initial_level: 200; final_level: 200
event: navigation; timestamp: 0; robot: 4; time: 25; src: (0, 0); dst: (-15, -20)
event: battery_consumption; timestamp: 0; robot: 2; time: 38.0789; initial_level: 200; final_level: 200
event: navigation; timestamp: 0; robot: 2; time: 38.0789; src: (0, 0); dst: (-15, 35)
event: battery_consumption; timestamp: 0; robot: 6; time: 36.0555; initial_level: 200; final_level: 200
event: navigation; timestamp: 0; robot: 6; time: 36.0555; src: (0, 0); dst: (-20, 30)
event: battery_consumption; timestamp: 0; robot: 7; time: 40.3113; initial_level: 200; final_level: 200
event: navigation; timestamp: 0; robot: 7; time: 40.3113; src: (0, 0); dst: (-40, -5)
event: battery_consumption; timestamp: 0; robot: 3; time: 35; initial_level: 200; final_level: 200
event: navigation; timestamp: 0; robot: 3; time: 35; src: (0, 0); dst: (0, -35)
event: battery_consumption; timestamp: 0; robot: 1; time: 38.0789; initial_level: 200; final_level: 200
event: navigation; timestamp: 0; robot: 1; time: 38.0789; src: (0, 0); dst: (-15, 35)
event: battery_consumption; timestamp: 0; robot: 8; time: 17.72; initial_level: 200; final_level: 200
event: navigation; timestamp: 0; robot: 8; time: 17.72; src: (0, 0); dst: (-17, 5)
event: battery_consumption; timestamp: 0; robot: 9; time: 21.2132; initial_level: 200; final_level: 200
event: navigation; timestamp: 0; robot: 9; time: 21.2132; src: (0, 0); dst: (-15, -15)
event: battery_consumption; timestamp: 172; robot: 3; time: 5.38516; initial_level: 200; final_level: 200
event: navigation; timestamp: 172; robot: 3; time: 5.38516; src: (0, -35); dst: (2, -40)
event: battery_consumption; timestamp: 347; robot: 3; time: 58.0775; initial_level: 200; final_level: 200
event: navigation; timestamp: 347; robot: 3; time: 58.0775; src: (2, -40); dst: (5, 18)
event: battery_consumption; timestamp: 421; robot: 6; time: 45.7056; initial_level: 200; final_level: 200
event: navigation; timestamp: 421; robot: 6; time: 45.7056; src: (-20, 30); dst: (-12, -15)
event: battery_consumption; timestamp: 586; robot: 8; time: 40.6079; initial_level: 200; final_level: 200
event: navigation; timestamp: 586; robot: 8; time: 40.6079; src: (-17, 5); dst: (15, 30)
event: battery_consumption; timestamp: 602; robot: 10; time: 51.8556; initial_level: 200; final_level: 200
event: navigation; timestamp: 602; robot: 10; time: 51.8556; src: (-2, -45); dst: (-35, -5)
event: task_resolution; timestamp: 639.051; task: 28; pos: (-17, 5); status: FAILED; attempt: 1
event: battery_consumption; timestamp: 650; robot: 7; time: 28.8617; initial_level: 200; final_level: 200
event: navigation; timestamp: 650; robot: 7; time: 28.8617; src: (-40, -5); dst: (-12, 2)
event: battery_consumption; timestamp: 726; robot: 2; time: 59.6154; initial_level: 200; final_level: 200
event: navigation; timestamp: 726; robot: 2; time: 59.6154; src: (-15, 35); dst: (8, -20)
event: battery_consumption; timestamp: 726; robot: 1; time: 25; initial_level: 200; final_level: 200
event: navigation; timestamp: 726; robot: 1; time: 25; src: (-15, 35); dst: (5, 20)
event: battery_consumption; timestamp: 733; robot: 10; time: 43.566; initial_level: 200; final_level: 200
event: navigation; timestamp: 733; robot: 10; time: 43.566; src: (-35, -5); dst: (2, 18)
event: task_resolution; timestamp: 733.025; task: 12; pos: (-15, 35); status: FAILED; attempt: 1
event: task_execution; timestamp: 695; task: 51; robot: 4; pos: (-15, -20); time: 95.4459
event: battery_consumption; timestamp: 695; robot: 4; time: 95.4459; initial_level: 200; final_level: 189.395
event: task_execution; timestamp: 695; task: 51; robot: 5; pos: (-15, -20); time: 95.4459
event: battery_consumption; timestamp: 695; robot: 5; time: 95.4459; initial_level: 200; final_level: 189.395
event: task_resolution; timestamp: 790.446; task: 51; pos: (-15, -20); status: COMPLETED; attempt: 1
event: battery_consumption; timestamp: 790.446; robot: 5; time: 40.3113; initial_level: 189.395; final_level: 189.395
event: navigation; timestamp: 790.446; robot: 5; time: 40.3113; src: (-15, -20); dst: (5, 15)
event: battery_consumption; timestamp: 790.446; robot: 4; time: 19.8494; initial_level: 189.395; final_level: 189.395
event: navigation; timestamp: 790.446; robot: 4; time: 19.8494; src: (-15, -20); dst: (-2, -35)
event: battery_consumption; timestamp: 806; robot: 10; time: 19.6977; initial_level: 200; final_level: 200
event: navigation; timestamp: 806; robot: 10; time: 19.6977; src: (2, 18); dst: (20, 10)
event: task_execution; timestamp: 785.615; task: 64; robot: 2; pos: (8, -20); time: 67.4569
event: battery_consumption; timestamp: 785.615; robot: 2; time: 67.4569; initial_level: 200; final_level: 192.505
event: task_resolution; timestamp: 853.072; task: 64; pos: (8, -20); status: COMPLETED; attempt: 1
event: battery_consumption; timestamp: 853.072; robot: 2; time: 35.1283; initial_level: 192.505; final_level: 192.505
event: navigation; timestamp: 853.072; robot: 2; time: 35.1283; src: (8, -20); dst: (5, 15)
event: task_resolution; timestamp: 866.144; task: 4; pos: (2, 18); status: COMPLETED; attempt: 1
event: battery_consumption; timestamp: 870; robot: 4; time: 72.0347; initial_level: 189.395; final_level: 189.395
event: navigation; timestamp: 870; robot: 4; time: 72.0347; src: (-2, -35); dst: (15, 35)
event: battery_consumption; timestamp: 879; robot: 1; time: 18.0278; initial_level: 200; final_level: 200
event: navigation; timestamp: 879; robot: 1; time: 18.0278; src: (5, 20); dst: (15, 35)
event: battery_consumption; timestamp: 880; robot: 1; time: 41.4005; initial_level: 200; final_level: 200
event: navigation; timestamp: 880; robot: 1; time: 41.4005; src: (15, 35); dst: (-10, 2)
event: battery_consumption; timestamp: 880; robot: 4; time: 55.9017; initial_level: 189.395; final_level: 189.395
event: navigation; timestamp: 880; robot: 4; time: 55.9017; src: (15, 35); dst: (-10, -15)
event: battery_consumption; timestamp: 889; robot: 7; time: 24.0416; initial_level: 200; final_level: 200
event: navigation; timestamp: 889; robot: 7; time: 24.0416; src: (-12, 2); dst: (5, -15)
event: task_resolution; timestamp: 917.579; task: 22; pos: (-12, 2); status: FAILED; attempt: 1
event: task_resolution; timestamp: 920.204; task: 2; pos: (5, 20); status: FAILED; attempt: 1
event: battery_consumption; timestamp: 956; robot: 10; time: 20.6155; initial_level: 200; final_level: 200
event: navigation; timestamp: 956; robot: 10; time: 20.6155; src: (20, 10); dst: (15, 30)
event: battery_consumption; timestamp: 961; robot: 1; time: 17.72; initial_level: 200; final_level: 200
event: navigation; timestamp: 961; robot: 1; time: 17.72; src: (-10, 2); dst: (-15, -15)
event: battery_consumption; timestamp: 968; robot: 10; time: 33.541; initial_level: 200; final_level: 200
event: navigation; timestamp: 968; robot: 10; time: 33.541; src: (15, 30); dst: (0, 0)
event: robot_finished; timestamp: 1001.54; robot: 10; pos: (0, 0); battery: 200
event: battery_consumption; timestamp: 968; robot: 8; time: 33.541; initial_level: 200; final_level: 200
event: navigation; timestamp: 968; robot: 8; time: 33.541; src: (15, 30); dst: (0, 0)
event: robot_finished; timestamp: 1001.54; robot: 8; pos: (0, 0); battery: 200
event: task_execution; timestamp: 890; task: 1; robot: 3; pos: (5, 18); time: 83.3193
event: battery_consumption; timestamp: 890; robot: 3; time: 83.3193; initial_level: 200; final_level: 190.742
event: task_resolution; timestamp: 973.319; task: 1; pos: (5, 18); status: FAILED; attempt: 1
event: battery_consumption; timestamp: 973.319; robot: 3; time: 18.6815; initial_level: 190.742; final_level: 190.742
event: navigation; timestamp: 973.319; robot: 3; time: 18.6815; src: (5, 18); dst: (0, 0)
event: robot_finished; timestamp: 992.001; robot: 3; pos: (0, 0); battery: 190.742
event: task_execution; timestamp: 913.042; task: 69; robot: 7; pos: (5, -15); time: 97.0217
event: battery_consumption; timestamp: 913.042; robot: 7; time: 97.0217; initial_level: 200; final_level: 189.22
event: task_resolution; timestamp: 1010.06; task: 69; pos: (5, -15); status: COMPLETED; attempt: 1
event: battery_consumption; timestamp: 1010.06; robot: 7; time: 15.8114; initial_level: 189.22; final_level: 189.22
event: navigation; timestamp: 1010.06; robot: 7; time: 15.8114; src: (5, -15); dst: (0, 0)
event: robot_finished; timestamp: 1025.87; robot: 7; pos: (0, 0); battery: 189.22
event: task_execution; timestamp: 917; task: 49; robot: 6; pos: (-12, -15); time: 93.5392
event: battery_consumption; timestamp: 917; robot: 6; time: 93.5392; initial_level: 200; final_level: 189.607
event: task_resolution; timestamp: 1010.54; task: 49; pos: (-12, -15); status: COMPLETED; attempt: 1
event: battery_consumption; timestamp: 1010.54; robot: 6; time: 19.2094; initial_level: 189.607; final_level: 189.607
event: navigation; timestamp: 1010.54; robot: 6; time: 19.2094; src: (-12, -15); dst: (0, 0)
event: robot_finished; timestamp: 1029.75; robot: 6; pos: (0, 0); battery: 189.607
event: task_execution; timestamp: 935.902; task: 47; robot: 4; pos: (-10, -15); time: 79.6023
event: battery_consumption; timestamp: 935.902; robot: 4; time: 79.6023; initial_level: 189.395; final_level: 180.55
event: task_resolution; timestamp: 1015.5; task: 47; pos: (-10, -15); status: FAILED; attempt: 1
event: battery_consumption; timestamp: 1015.5; robot: 4; time: 18.0278; initial_level: 180.55; final_level: 180.55
event: navigation; timestamp: 1015.5; robot: 4; time: 18.0278; src: (-10, -15); dst: (0, 0)
event: robot_finished; timestamp: 1033.53; robot: 4; pos: (0, 0); battery: 180.55
event: task_resolution; timestamp: 1016.47; task: 21; pos: (-10, 2); status: FAILED; attempt: 1
event: battery_consumption; timestamp: 1024; robot: 1; time: 21.2132; initial_level: 200; final_level: 200
event: navigation; timestamp: 1024; robot: 1; time: 21.2132; src: (-15, -15); dst: (0, 0)
event: robot_finished; timestamp: 1045.21; robot: 1; pos: (0, 0); battery: 200
event: battery_consumption; timestamp: 1024; robot: 9; time: 21.2132; initial_level: 200; final_level: 200
event: navigation; timestamp: 1024; robot: 9; time: 21.2132; src: (-15, -15); dst: (0, 0)
event: robot_finished; timestamp: 1045.21; robot: 9; pos: (0, 0); battery: 200
event: task_execution; timestamp: 951; task: 75; robot: 2; pos: (5, 15); time: 86.3391
event: battery_consumption; timestamp: 951; robot: 2; time: 86.3391; initial_level: 192.505; final_level: 173.318
event: task_execution; timestamp: 951; task: 75; robot: 5; pos: (5, 15); time: 86.3391
event: battery_consumption; timestamp: 951; robot: 5; time: 86.3391; initial_level: 189.395; final_level: 170.208
event: task_resolution; timestamp: 1037.34; task: 75; pos: (5, 15); status: COMPLETED; attempt: 1
event: battery_consumption; timestamp: 1037.34; robot: 2; time: 15.8114; initial_level: 173.318; final_level: 173.318
event: navigation; timestamp: 1037.34; robot: 2; time: 15.8114; src: (5, 15); dst: (0, 0)
event: robot_finished; timestamp: 1053.15; robot: 2; pos: (0, 0); battery: 173.318
event: battery_consumption; timestamp: 1037.34; robot: 5; time: 15.8114; initial_level: 170.208; final_level: 170.208
event: navigation; timestamp: 1037.34; robot: 5; time: 15.8114; src: (5, 15); dst: (0, 0)
event: robot_finished; timestamp: 1053.15; robot: 5; pos: (0, 0); battery: 170.208
metric: available_agents; value: 0
metric: failed_agents; value: 0
metric: finished_agents; value: 10
metric: completed_tasks; value: 6
metric: pending_tasks; value: 0
metric: failed_tasks; value: 94
metric: average_robot_makespan; value: 1028.1
metric: sd_robot_makespan; value: 22.5878
metric: max_robot_makespan; value: 1053.15
metric: min_robot_makespan; value: 992.001
metric: average_robot_travel_distance; value: 125.777
metric: sd_robot_travel_distance; value: 52.6261
metric: max_robot_travel_distance; value: 214.32
metric: min_robot_travel_distance; value: 42.4264
metric: sum_robot_travel_distance; value: 1257.77
metric: average_completed_tasks_by_robot; value: 0
metric: sd_completed_tasks_by_robot; value: 0
metric: max_completed_tasks_by_robot; value: 0
metric: min_completed_tasks_by_robot; value: 0
metric: final_reward; value: 0.06
metric: computing_time; value: 0.00224796
