info: solver_name; value: cbaa
info: reward_function; value: reward00
info: replica; value: 1
info: filename; value: ../logs/prueba/c203_10r_100t_cdb2cd8a_cbaa_reward00_001.log
info: scenario_name; value: c203_10r_100t_cdb2cd8a
info: scenario_name; value: c203_10r_100t_cdb2cd8a
info: number_of_tasks; value: 100
info: number_of_robots; value: 10
info: number_of_recharging_stations; value: 1
info: scenario_size; value: (132,132)
event: recharging_station_spawn; timestamp: 0; recharging_station: 1; pos: (0, 0)
event: task_spawn; timestamp: 0; task: 1; pos: (12, 25); earliest_start: 0; latest_start: 3272; state: PENDING; required_workers: 1; success_prob: 0.2; max_attempts: 1
event: task_spawn; timestamp: 0; task: 2; pos: (5, 20); earliest_start: 0; latest_start: 3279; state: PENDING; required_workers: 1; success_prob: 0.2; max_attempts: 1
event: task_spawn; timestamp: 0; task: 3; pos: (22, 19); earliest_start: 0; latest_start: 3270; state: PENDING; required_workers: 1; success_prob: 0.2; max_attempts: 1
event: task_spawn; timestamp: 0; task: 4; pos: (20, 16); earliest_start: 1261; latest_start: 1421; state: PENDING; required_workers: 1; success_prob: 0.2; max_attempts: 1
event: task_spawn; timestamp: 0; task: 5; pos: (2, 15); earliest_start: 0; latest_start: 3284; state: PENDING; required_workers: 1; success_prob: 0.2; max_attempts: 1
event: task_spawn; timestamp: 0; task: 6; pos: (-24, -8); earliest_start: 497; latest_start: 657; state: PENDING; required_workers: 1; success_prob: 0.2; max_attempts: 1
event: task_spawn; timestamp: 0; task: 7; pos: (18, 20); earliest_start: 0; latest_start: 3273; state: PENDING; required_workers: 1; success_prob: 0.2; max_attempts: 1
event: task_spawn; timestamp: 0; task: 8; pos: (-6, 10); earliest_start: 2887; latest_start: 3047; state: PENDING; required_workers: 1; success_prob: 0.2; max_attempts: 1
event: task_spawn; timestamp: 0; task: 9; pos: (-12, 20); earliest_start: 2601; latest_start: 2761; state: PENDING; required_workers: 1; success_prob: 0.2; max_attempts: 1
event: task_spawn; timestamp: 0; task: 10; pos: (-5, 16); earliest_start: 2791; latest_start: 2951; state: PENDING; required_workers: 1; success_prob: 0.2; max_attempts: 1
event: task_spawn; timestamp: 0; task: 11; pos: (-5, 19); earliest_start: 2698; latest_start: 2858; state: PENDING; required_workers: 2; success_prob: 0.2; max_attempts: 1
event: task_spawn; timestamp: 0; task: 12; pos: (-15, 35); earliest_start: 0; latest_start: 3261; state: PENDING; required_workers: 2; success_prob: 0.2; max_attempts: 1
event: task_spawn; timestamp: 0; task: 13; pos: (-18, 25); earliest_start: 2405; latest_start: 2565; state: PENDING; required_workers: 2; success_prob: 0.2; max_attempts: 1
event: task_spawn; timestamp: 0; task: 14; pos: (-18, 35); earliest_start: 0; latest_start: 3260; state: PENDING; required_workers: 2; success_prob: 0.2; max_attempts: 1
event: task_spawn; timestamp: 0; task: 15; pos: (-20, 30); earliest_start: 2216; latest_start: 2376; state: PENDING; required_workers: 2; success_prob: 0.2; max_attempts: 1
event: task_spawn; timestamp: 0; task: 16; pos: (-20, 35); earliest_start: 0; latest_start: 3259; state: PENDING; required_workers: 2; success_prob: 0.2; max_attempts: 1
event: task_spawn; timestamp: 0; task: 17; pos: (-22, 25); earliest_start: 2311; latest_start: 2471; state: PENDING; required_workers: 3; success_prob: 0.2; max_attempts: 1
event: task_spawn; timestamp: 0; task: 18; pos: (-25, 25); earliest_start: 0; latest_start: 3264; state: PENDING; required_workers: 3; success_prob: 0.2; max_attempts: 1
event: task_spawn; timestamp: 0; task: 19; pos: (-25, 30); earliest_start: 0; latest_start: 3260; state: PENDING; required_workers: 3; success_prob: 0.2; max_attempts: 1
event: task_spawn; timestamp: 0; task: 20; pos: (-10, 0); earliest_start: 0; latest_start: 3290; state: PENDING; required_workers: 3; success_prob: 0.2; max_attempts: 1
event: task_spawn; timestamp: 0; task: 21; pos: (-10, 6); earliest_start: 0; latest_start: 3288; state: PENDING; required_workers: 1; success_prob: 0.4; max_attempts: 1
event: task_spawn; timestamp: 0; task: 22; pos: (-12, 2); earliest_start: 22; latest_start: 182; state: PENDING; required_workers: 1; success_prob: 0.4; max_attempts: 1
event: task_spawn; timestamp: 0; task: 23; pos: (-26, 16); earliest_start: 1643; latest_start: 1803; state: PENDING; required_workers: 1; success_prob: 0.4; max_attempts: 1
event: task_spawn; timestamp: 0; task: 24; pos: (-15, 0); earliest_start: 0; latest_start: 3285; state: PENDING; required_workers: 1; success_prob: 0.4; max_attempts: 1
event: task_spawn; timestamp: 0; task: 25; pos: (-18, 16); earliest_start: 2504; latest_start: 2664; state: PENDING; required_workers: 1; success_prob: 0.4; max_attempts: 1
event: task_spawn; timestamp: 0; task: 26; pos: (-32, 12); earliest_start: 0; latest_start: 3265; state: PENDING; required_workers: 1; success_prob: 0.4; max_attempts: 1
event: task_spawn; timestamp: 0; task: 27; pos: (-17, 2); earliest_start: 209; latest_start: 369; state: PENDING; required_workers: 1; success_prob: 0.4; max_attempts: 1
event: task_spawn; timestamp: 0; task: 28; pos: (-36, 5); earliest_start: 0; latest_start: 3263; state: PENDING; required_workers: 1; success_prob: 0.4; max_attempts: 1
event: task_spawn; timestamp: 0; task: 29; pos: (-20, 0); earliest_start: 0; latest_start: 3280; state: PENDING; required_workers: 1; success_prob: 0.4; max_attempts: 1
event: task_spawn; timestamp: 0; task: 30; pos: (-20, 5); earliest_start: 303; latest_start: 463; state: PENDING; required_workers: 1; success_prob: 0.4; max_attempts: 1
event: task_spawn; timestamp: 0; task: 31; pos: (-30, -15); earliest_start: 0; latest_start: 3266; state: PENDING; required_workers: 2; success_prob: 0.4; max_attempts: 1
event: task_spawn; timestamp: 0; task: 32; pos: (-30, -10); earliest_start: 0; latest_start: 3268; state: PENDING; required_workers: 2; success_prob: 0.4; max_attempts: 1
event: task_spawn; timestamp: 0; task: 33; pos: (-32, -10); earliest_start: 685; latest_start: 845; state: PENDING; required_workers: 2; success_prob: 0.4; max_attempts: 1
event: task_spawn; timestamp: 0; task: 34; pos: (-32, -5); earliest_start: 0; latest_start: 3267; state: PENDING; required_workers: 2; success_prob: 0.4; max_attempts: 1
event: task_spawn; timestamp: 0; task: 35; pos: (-35, -15); earliest_start: 876; latest_start: 1036; state: PENDING; required_workers: 2; success_prob: 0.4; max_attempts: 1
event: task_spawn; timestamp: 0; task: 36; pos: (-35, -5); earliest_start: 1253; latest_start: 1413; state: PENDING; required_workers: 2; success_prob: 0.4; max_attempts: 1
event: task_spawn; timestamp: 0; task: 37; pos: (-38, -10); earliest_start: 0; latest_start: 3260; state: PENDING; required_workers: 3; success_prob: 0.4; max_attempts: 1
event: task_spawn; timestamp: 0; task: 38; pos: (-40, -10); earliest_start: 1063; latest_start: 1223; state: PENDING; required_workers: 3; success_prob: 0.4; max_attempts: 1
event: task_spawn; timestamp: 0; task: 39; pos: (-40, -5); earliest_start: 1158; latest_start: 1318; state: PENDING; required_workers: 3; success_prob: 0.4; max_attempts: 1
event: task_spawn; timestamp: 0; task: 40; pos: (-4, -32); earliest_start: 1819; latest_start: 1979; state: PENDING; required_workers: 3; success_prob: 0.4; max_attempts: 1
event: task_spawn; timestamp: 0; task: 41; pos: (-5, -18); earliest_start: 2758; latest_start: 2918; state: PENDING; required_workers: 1; success_prob: 0.6; max_attempts: 1
event: task_spawn; timestamp: 0; task: 42; pos: (-7, -18); earliest_start: 2666; latest_start: 2826; state: PENDING; required_workers: 1; success_prob: 0.6; max_attempts: 1
event: task_spawn; timestamp: 0; task: 43; pos: (-7, -15); earliest_start: 0; latest_start: 3283; state: PENDING; required_workers: 1; success_prob: 0.6; max_attempts: 1
event: task_spawn; timestamp: 0; task: 44; pos: (-8, -30); earliest_start: 1913; latest_start: 2073; state: PENDING; required_workers: 1; success_prob: 0.6; max_attempts: 1
event: task_spawn; timestamp: 0; task: 45; pos: (-10, -20); earliest_start: 2105; latest_start: 2265; state: PENDING; required_workers: 1; success_prob: 0.6; max_attempts: 1
event: task_spawn; timestamp: 0; task: 46; pos: (-6, -25); earliest_start: 0; latest_start: 3274; state: PENDING; required_workers: 1; success_prob: 0.6; max_attempts: 1
event: task_spawn; timestamp: 0; task: 47; pos: (-10, -15); earliest_start: 0; latest_start: 3281; state: PENDING; required_workers: 1; success_prob: 0.6; max_attempts: 1
event: task_spawn; timestamp: 0; task: 48; pos: (-4, -10); earliest_start: 0; latest_start: 3289; state: PENDING; required_workers: 1; success_prob: 0.6; max_attempts: 1
event: task_spawn; timestamp: 0; task: 49; pos: (8, -30); earliest_start: 967; latest_start: 1127; state: PENDING; required_workers: 1; success_prob: 0.6; max_attempts: 1
event: task_spawn; timestamp: 0; task: 50; pos: (-14, -18); earliest_start: 0; latest_start: 3277; state: PENDING; required_workers: 1; success_prob: 0.6; max_attempts: 1
event: task_spawn; timestamp: 0; task: 51; pos: (-15, -20); earliest_start: 0; latest_start: 3275; state: PENDING; required_workers: 2; success_prob: 0.6; max_attempts: 1
event: task_spawn; timestamp: 0; task: 52; pos: (-15, -15); earliest_start: 0; latest_start: 3278; state: PENDING; required_workers: 2; success_prob: 0.6; max_attempts: 1
event: task_spawn; timestamp: 0; task: 53; pos: (4, -45); earliest_start: 1256; latest_start: 1416; state: PENDING; required_workers: 2; success_prob: 0.6; max_attempts: 1
event: task_spawn; timestamp: 0; task: 54; pos: (2, -40); earliest_start: 0; latest_start: 3259; state: PENDING; required_workers: 2; success_prob: 0.6; max_attempts: 1
event: task_spawn; timestamp: 0; task: 55; pos: (2, -35); earliest_start: 1065; latest_start: 1225; state: PENDING; required_workers: 2; success_prob: 0.6; max_attempts: 1
event: task_spawn; timestamp: 0; task: 56; pos: (0, -45); earliest_start: 1350; latest_start: 1510; state: PENDING; required_workers: 2; success_prob: 0.6; max_attempts: 1
event: task_spawn; timestamp: 0; task: 57; pos: (-2, -35); earliest_start: 0; latest_start: 3264; state: PENDING; required_workers: 3; success_prob: 0.6; max_attempts: 1
event: task_spawn; timestamp: 0; task: 58; pos: (-2, -45); earliest_start: 1442; latest_start: 1602; state: PENDING; required_workers: 3; success_prob: 0.6; max_attempts: 1
event: task_spawn; timestamp: 0; task: 59; pos: (-2, -40); earliest_start: 0; latest_start: 3259; state: PENDING; required_workers: 3; success_prob: 0.6; max_attempts: 1
event: task_spawn; timestamp: 0; task: 60; pos: (-5, -45); earliest_start: 0; latest_start: 3254; state: PENDING; required_workers: 3; success_prob: 0.6; max_attempts: 1
event: task_spawn; timestamp: 0; task: 61; pos: (10, -20); earliest_start: 0; latest_start: 3277; state: PENDING; required_workers: 1; success_prob: 0.8; max_attempts: 1
event: task_spawn; timestamp: 0; task: 62; pos: (10, -15); earliest_start: 120; latest_start: 280; state: PENDING; required_workers: 1; success_prob: 0.8; max_attempts: 1
event: task_spawn; timestamp: 0; task: 63; pos: (10, -10); earliest_start: 0; latest_start: 3285; state: PENDING; required_workers: 1; success_prob: 0.8; max_attempts: 1
event: task_spawn; timestamp: 0; task: 64; pos: (8, -20); earliest_start: 493; latest_start: 653; state: PENDING; required_workers: 1; success_prob: 0.8; max_attempts: 1
event: task_spawn; timestamp: 0; task: 65; pos: (4, -25); earliest_start: 871; latest_start: 1031; state: PENDING; required_workers: 1; success_prob: 0.8; max_attempts: 1
event: task_spawn; timestamp: 0; task: 66; pos: (7, -15); earliest_start: 588; latest_start: 748; state: PENDING; required_workers: 1; success_prob: 0.8; max_attempts: 1
event: task_spawn; timestamp: 0; task: 67; pos: (7, -10); earliest_start: 12; latest_start: 172; state: PENDING; required_workers: 1; success_prob: 0.8; max_attempts: 1
event: task_spawn; timestamp: 0; task: 68; pos: (2, -20); earliest_start: 776; latest_start: 936; state: PENDING; required_workers: 1; success_prob: 0.8; max_attempts: 1
event: task_spawn; timestamp: 0; task: 69; pos: (5, -15); earliest_start: 680; latest_start: 840; state: PENDING; required_workers: 1; success_prob: 0.8; max_attempts: 1
event: task_spawn; timestamp: 0; task: 70; pos: (55, -20); earliest_start: 2321; latest_start: 2481; state: PENDING; required_workers: 1; success_prob: 0.8; max_attempts: 1
event: task_spawn; timestamp: 0; task: 71; pos: (55, -15); earliest_start: 0; latest_start: 3242; state: PENDING; required_workers: 2; success_prob: 0.8; max_attempts: 1
event: task_spawn; timestamp: 0; task: 72; pos: (13, -20); earliest_start: 0; latest_start: 3276; state: PENDING; required_workers: 2; success_prob: 0.8; max_attempts: 1
event: task_spawn; timestamp: 0; task: 73; pos: (52, -20); earliest_start: 0; latest_start: 3244; state: PENDING; required_workers: 2; success_prob: 0.8; max_attempts: 1
event: task_spawn; timestamp: 0; task: 74; pos: (13, -15); earliest_start: 213; latest_start: 373; state: PENDING; required_workers: 2; success_prob: 0.8; max_attempts: 1
event: task_spawn; timestamp: 0; task: 75; pos: (5, 15); earliest_start: 0; latest_start: 3284; state: PENDING; required_workers: 2; success_prob: 0.8; max_attempts: 1
event: task_spawn; timestamp: 0; task: 76; pos: (50, -15); earliest_start: 2131; latest_start: 2291; state: PENDING; required_workers: 2; success_prob: 0.8; max_attempts: 1
event: task_spawn; timestamp: 0; task: 77; pos: (32, -5); earliest_start: 2900; latest_start: 3060; state: PENDING; required_workers: 3; success_prob: 0.8; max_attempts: 1
event: task_spawn; timestamp: 0; task: 78; pos: (38, -10); earliest_start: 2802; latest_start: 2962; state: PENDING; required_workers: 3; success_prob: 0.8; max_attempts: 1
event: task_spawn; timestamp: 0; task: 79; pos: (47, -20); earliest_start: 2608; latest_start: 2768; state: PENDING; required_workers: 3; success_prob: 0.8; max_attempts: 1
event: task_spawn; timestamp: 0; task: 80; pos: (45, -25); earliest_start: 2513; latest_start: 2673; state: PENDING; required_workers: 3; success_prob: 0.8; max_attempts: 1
event: task_spawn; timestamp: 0; task: 81; pos: (45, -15); earliest_start: 0; latest_start: 3252; state: PENDING; required_workers: 1; success_prob: 1; max_attempts: 1
event: task_spawn; timestamp: 0; task: 82; pos: (35, 5); earliest_start: 0; latest_start: 3264; state: PENDING; required_workers: 1; success_prob: 1; max_attempts: 1
event: task_spawn; timestamp: 0; task: 83; pos: (32, 5); earliest_start: 0; latest_start: 3267; state: PENDING; required_workers: 1; success_prob: 1; max_attempts: 1
event: task_spawn; timestamp: 0; task: 84; pos: (30, 8); earliest_start: 1641; latest_start: 1801; state: PENDING; required_workers: 1; success_prob: 1; max_attempts: 1
event: task_spawn; timestamp: 0; task: 85; pos: (46, -4); earliest_start: 0; latest_start: 3253; state: PENDING; required_workers: 1; success_prob: 1; max_attempts: 1
event: task_spawn; timestamp: 0; task: 86; pos: (26, 5); earliest_start: 0; latest_start: 3273; state: PENDING; required_workers: 1; success_prob: 1; max_attempts: 1
event: task_spawn; timestamp: 0; task: 87; pos: (24, -4); earliest_start: 3097; latest_start: 3257; state: PENDING; required_workers: 1; success_prob: 1; max_attempts: 1
event: task_spawn; timestamp: 0; task: 88; pos: (25, 10); earliest_start: 1546; latest_start: 1706; state: PENDING; required_workers: 1; success_prob: 1; max_attempts: 1
event: task_spawn; timestamp: 0; task: 89; pos: (16, 14); earliest_start: 0; latest_start: 3278; state: PENDING; required_workers: 1; success_prob: 1; max_attempts: 1
event: task_spawn; timestamp: 0; task: 90; pos: (20, 5); earliest_start: 0; latest_start: 3279; state: PENDING; required_workers: 1; success_prob: 1; max_attempts: 1
event: task_spawn; timestamp: 0; task: 91; pos: (20, 10); earliest_start: 0; latest_start: 3277; state: PENDING; required_workers: 2; success_prob: 1; max_attempts: 1
event: task_spawn; timestamp: 0; task: 92; pos: (27, 35); earliest_start: 694; latest_start: 854; state: PENDING; required_workers: 2; success_prob: 1; max_attempts: 1
event: task_spawn; timestamp: 0; task: 93; pos: (2, 8); earliest_start: 8; latest_start: 168; state: PENDING; required_workers: 2; success_prob: 1; max_attempts: 1
event: task_spawn; timestamp: 0; task: 94; pos: (25, 32); earliest_start: 0; latest_start: 3259; state: PENDING; required_workers: 2; success_prob: 1; max_attempts: 1
event: task_spawn; timestamp: 0; task: 95; pos: (22, 30); earliest_start: 0; latest_start: 3262; state: PENDING; required_workers: 2; success_prob: 1; max_attempts: 1
event: task_spawn; timestamp: 0; task: 96; pos: (22, -10); earliest_start: 0; latest_start: 3275; state: PENDING; required_workers: 2; success_prob: 1; max_attempts: 1
event: task_spawn; timestamp: 0; task: 97; pos: (20, 35); earliest_start: 0; latest_start: 3259; state: PENDING; required_workers: 3; success_prob: 1; max_attempts: 1
event: task_spawn; timestamp: 0; task: 98; pos: (18, 25); earliest_start: 0; latest_start: 3269; state: PENDING; required_workers: 3; success_prob: 1; max_attempts: 1
event: task_spawn; timestamp: 0; task: 99; pos: (15, 30); earliest_start: 407; latest_start: 567; state: PENDING; required_workers: 3; success_prob: 1; max_attempts: 1
event: task_spawn; timestamp: 0; task: 100; pos: (15, 35); earliest_start: 502; latest_start: 662; state: PENDING; required_workers: 3; success_prob: 1; max_attempts: 1
event: robot_spawn; timestamp: 0; robot: 1; pos: (0, 0); state: AVAILABLE; battery_level: 700; battery_capacity: 700; velocity: 1; battery_rate_nav: 0
event: robot_spawn; timestamp: 0; robot: 2; pos: (0, 0); state: AVAILABLE; battery_level: 700; battery_capacity: 700; velocity: 1; battery_rate_nav: 0
event: robot_spawn; timestamp: 0; robot: 3; pos: (0, 0); state: AVAILABLE; battery_level: 700; battery_capacity: 700; velocity: 1; battery_rate_nav: 0
event: robot_spawn; timestamp: 0; robot: 4; pos: (0, 0); state: AVAILABLE; battery_level: 700; battery_capacity: 700; velocity: 1; battery_rate_nav: 0
event: robot_spawn; timestamp: 0; robot: 5; pos: (0, 0); state: AVAILABLE; battery_level: 700; battery_capacity: 700; velocity: 1; battery_rate_nav: 0
event: robot_spawn; timestamp: 0; robot: 6; pos: (0, 0); state: AVAILABLE; battery_level: 700; battery_capacity: 700; velocity: 1; battery_rate_nav: 0
event: robot_spawn; timestamp: 0; robot: 7; pos: (0, 0); state: AVAILABLE; battery_level: 700; battery_capacity: 700; velocity: 1; battery_rate_nav: 0
event: robot_spawn; timestamp: 0; robot: 8; pos: (0, 0); state: AVAILABLE; battery_level: 700; battery_capacity: 700; velocity: 1; battery_rate_nav: 0
event: robot_spawn; timestamp: 0; robot: 9; pos: (0, 0); state: AVAILABLE; battery_level: 700; battery_capacity: 700; velocity: 1; battery_rate_nav: 0
event: robot_spawn; timestamp: 0; robot: 10; pos: (0, 0); state: AVAILABLE; battery_level: 700; battery_capacity: 700; velocity: 1; battery_rate_nav: 0
event: robot_finished; timestamp: 0; robot: 10; pos: (0, 0); battery: 700
event: robot_finished; timestamp: 0; robot: 5; pos: (0, 0); battery: 700
event: robot_finished; timestamp: 0; robot: 6; pos: (0, 0); battery: 700
event: robot_finished; timestamp: 0; robot: 8; pos: (0, 0); battery: 700
event: robot_finished; timestamp: 0; robot: 7; pos: (0, 0); battery: 700
event: robot_finished; timestamp: 0; robot: 9; pos: (0, 0); battery: 700
event: battery_consumption; timestamp: 0; robot: 1; time: 20.6155; initial_level: 700; final_level: 700
event: navigation; timestamp: 0; robot: 1; time: 20.6155; src: (0, 0); dst: (20, 5)
event: battery_consumption; timestamp: 0; robot: 3; time: 8.24621; initial_level: 700; final_level: 700
event: navigation; timestamp: 0; robot: 3; time: 8.24621; src: (0, 0); dst: (2, 8)
event: battery_consumption; timestamp: 0; robot: 4; time: 23.8537; initial_level: 700; final_level: 700
event: navigation; timestamp: 0; robot: 4; time: 23.8537; src: (0, 0); dst: (13, -20)
event: battery_consumption; timestamp: 0; robot: 2; time: 8.24621; initial_level: 700; final_level: 700
event: navigation; timestamp: 0; robot: 2; time: 8.24621; src: (0, 0); dst: (2, 8)
event: task_execution; timestamp: 8.24621; task: 93; robot: 2; pos: (2, 8); time: 70.4082
event: battery_consumption; timestamp: 8.24621; robot: 2; time: 70.4082; initial_level: 700; final_level: 668.707
event: task_execution; timestamp: 8.24621; task: 93; robot: 3; pos: (2, 8); time: 70.4082
event: battery_consumption; timestamp: 8.24621; robot: 3; time: 70.4082; initial_level: 700; final_level: 668.707
event: task_resolution; timestamp: 78.6544; task: 93; pos: (2, 8); status: COMPLETED; attempt: 1
event: battery_consumption; timestamp: 78.6544; robot: 2; time: 18.6815; initial_level: 668.707; final_level: 668.707
event: navigation; timestamp: 78.6544; robot: 2; time: 18.6815; src: (2, 8); dst: (7, -10)
event: battery_consumption; timestamp: 78.6544; robot: 3; time: 18.1108; initial_level: 668.707; final_level: 668.707
event: navigation; timestamp: 78.6544; robot: 3; time: 18.1108; src: (2, 8); dst: (20, 10)
event: task_execution; timestamp: 20.6155; task: 90; robot: 1; pos: (20, 5); time: 92.6231
event: battery_consumption; timestamp: 20.6155; robot: 1; time: 92.6231; initial_level: 700; final_level: 689.709
event: task_resolution; timestamp: 113.239; task: 90; pos: (20, 5); status: COMPLETED; attempt: 1
event: battery_consumption; timestamp: 113.239; robot: 1; time: 5; initial_level: 689.709; final_level: 689.709
event: navigation; timestamp: 113.239; robot: 1; time: 5; src: (20, 5); dst: (20, 10)
event: battery_consumption; timestamp: 172; robot: 2; time: 3; initial_level: 668.707; final_level: 668.707
event: navigation; timestamp: 172; robot: 2; time: 3; src: (7, -10); dst: (10, -10)
event: task_resolution; timestamp: 200.125; task: 67; pos: (7, -10); status: FAILED; attempt: 1
event: task_execution; timestamp: 118.239; task: 91; robot: 1; pos: (20, 10); time: 92.3087
event: battery_consumption; timestamp: 118.239; robot: 1; time: 92.3087; initial_level: 689.709; final_level: 679.452
event: task_execution; timestamp: 118.239; task: 91; robot: 3; pos: (20, 10); time: 92.3087
event: battery_consumption; timestamp: 118.239; robot: 3; time: 92.3087; initial_level: 668.707; final_level: 658.451
event: task_resolution; timestamp: 210.547; task: 91; pos: (20, 10); status: COMPLETED; attempt: 1
event: battery_consumption; timestamp: 210.547; robot: 1; time: 5.65685; initial_level: 679.452; final_level: 679.452
event: navigation; timestamp: 210.547; robot: 1; time: 5.65685; src: (20, 10); dst: (16, 14)
event: battery_consumption; timestamp: 210.547; robot: 3; time: 7.81025; initial_level: 658.451; final_level: 658.451
event: navigation; timestamp: 210.547; robot: 3; time: 7.81025; src: (20, 10); dst: (26, 5)
event: task_execution; timestamp: 175; task: 63; robot: 2; pos: (10, -10); time: 86.8424
event: battery_consumption; timestamp: 175; robot: 2; time: 86.8424; initial_level: 668.707; final_level: 620.462
event: task_resolution; timestamp: 261.842; task: 63; pos: (10, -10); status: COMPLETED; attempt: 1
event: battery_consumption; timestamp: 261.842; robot: 2; time: 5; initial_level: 620.462; final_level: 620.462
event: navigation; timestamp: 261.842; robot: 2; time: 5; src: (10, -10); dst: (10, -15)
event: battery_consumption; timestamp: 280; robot: 2; time: 5; initial_level: 620.462; final_level: 620.462
event: navigation; timestamp: 280; robot: 2; time: 5; src: (10, -15); dst: (10, -20)
event: task_execution; timestamp: 216.204; task: 89; robot: 1; pos: (16, 14); time: 81.7517
event: battery_consumption; timestamp: 216.204; robot: 1; time: 81.7517; initial_level: 679.452; final_level: 670.369
event: task_resolution; timestamp: 297.956; task: 89; pos: (16, 14); status: COMPLETED; attempt: 1
event: battery_consumption; timestamp: 297.956; robot: 1; time: 17.088; initial_level: 670.369; final_level: 670.369
event: navigation; timestamp: 297.956; robot: 1; time: 17.088; src: (16, 14); dst: (22, 30)
event: task_execution; timestamp: 218.358; task: 86; robot: 3; pos: (26, 5); time: 82.5767
event: battery_consumption; timestamp: 218.358; robot: 3; time: 82.5767; initial_level: 658.451; final_level: 649.276
event: task_resolution; timestamp: 300.934; task: 86; pos: (26, 5); status: COMPLETED; attempt: 1
event: battery_consumption; timestamp: 300.934; robot: 3; time: 6; initial_level: 649.276; final_level: 649.276
event: navigation; timestamp: 300.934; robot: 3; time: 6; src: (26, 5); dst: (32, 5)
event: task_execution; timestamp: 285; task: 61; robot: 2; pos: (10, -20); time: 84.6215
event: battery_consumption; timestamp: 285; robot: 2; time: 84.6215; initial_level: 620.462; final_level: 611.059
event: task_resolution; timestamp: 369.622; task: 61; pos: (10, -20); status: COMPLETED; attempt: 1
event: battery_consumption; timestamp: 369.622; robot: 2; time: 3; initial_level: 611.059; final_level: 611.059
event: navigation; timestamp: 369.622; robot: 2; time: 3; src: (10, -20); dst: (13, -20)
event: task_resolution; timestamp: 378.832; task: 62; pos: (10, -15); status: COMPLETED; attempt: 1
event: task_execution; timestamp: 306.934; task: 83; robot: 3; pos: (32, 5); time: 96.9388
event: battery_consumption; timestamp: 306.934; robot: 3; time: 96.9388; initial_level: 649.276; final_level: 638.505
event: task_resolution; timestamp: 403.873; task: 83; pos: (32, 5); status: COMPLETED; attempt: 1
event: battery_consumption; timestamp: 403.873; robot: 3; time: 3; initial_level: 638.505; final_level: 638.505
event: navigation; timestamp: 403.873; robot: 3; time: 3; src: (32, 5); dst: (35, 5)
event: task_execution; timestamp: 372.622; task: 72; robot: 2; pos: (13, -20); time: 73.9837
event: battery_consumption; timestamp: 372.622; robot: 2; time: 73.9837; initial_level: 611.059; final_level: 602.839
event: task_execution; timestamp: 372.622; task: 72; robot: 4; pos: (13, -20); time: 73.9837
event: battery_consumption; timestamp: 372.622; robot: 4; time: 73.9837; initial_level: 700; final_level: 691.78
event: task_resolution; timestamp: 446.605; task: 72; pos: (13, -20); status: FAILED; attempt: 1
event: battery_consumption; timestamp: 446.605; robot: 4; time: 13.4536; initial_level: 691.78; final_level: 691.78
event: navigation; timestamp: 446.605; robot: 4; time: 13.4536; src: (13, -20); dst: (22, -10)
event: battery_consumption; timestamp: 446.605; robot: 2; time: 13.4536; initial_level: 602.839; final_level: 602.839
event: navigation; timestamp: 446.605; robot: 2; time: 13.4536; src: (13, -20); dst: (22, -10)
event: task_execution; timestamp: 406.873; task: 82; robot: 3; pos: (35, 5); time: 86.943
event: battery_consumption; timestamp: 406.873; robot: 3; time: 86.943; initial_level: 638.505; final_level: 619.184
event: task_resolution; timestamp: 493.816; task: 82; pos: (35, 5); status: COMPLETED; attempt: 1
event: battery_consumption; timestamp: 493.816; robot: 3; time: 14.2127; initial_level: 619.184; final_level: 619.184
event: navigation; timestamp: 493.816; robot: 3; time: 14.2127; src: (35, 5); dst: (46, -4)
event: task_execution; timestamp: 460.059; task: 96; robot: 2; pos: (22, -10); time: 92.7791
event: battery_consumption; timestamp: 460.059; robot: 2; time: 92.7791; initial_level: 602.839; final_level: 592.53
event: task_execution; timestamp: 460.059; task: 96; robot: 4; pos: (22, -10); time: 92.7791
event: battery_consumption; timestamp: 460.059; robot: 4; time: 92.7791; initial_level: 691.78; final_level: 681.471
event: task_resolution; timestamp: 552.838; task: 96; pos: (22, -10); status: COMPLETED; attempt: 1
event: battery_consumption; timestamp: 552.838; robot: 2; time: 40; initial_level: 592.53; final_level: 592.53
event: navigation; timestamp: 552.838; robot: 2; time: 40; src: (22, -10); dst: (22, 30)
event: battery_consumption; timestamp: 552.838; robot: 4; time: 17.2047; initial_level: 681.471; final_level: 681.471
event: navigation; timestamp: 552.838; robot: 4; time: 17.2047; src: (22, -10); dst: (8, -20)
event: task_execution; timestamp: 508.029; task: 85; robot: 3; pos: (46, -4); time: 89.8272
event: battery_consumption; timestamp: 508.029; robot: 3; time: 89.8272; initial_level: 619.184; final_level: 589.242
event: task_resolution; timestamp: 597.856; task: 85; pos: (46, -4); status: COMPLETED; attempt: 1
event: battery_consumption; timestamp: 597.856; robot: 3; time: 11.0454; initial_level: 589.242; final_level: 589.242
event: navigation; timestamp: 597.856; robot: 3; time: 11.0454; src: (46, -4); dst: (45, -15)
event: battery_consumption; timestamp: 653; robot: 4; time: 5.09902; initial_level: 681.471; final_level: 681.471
event: navigation; timestamp: 653; robot: 4; time: 5.09902; src: (8, -20); dst: (7, -15)
event: task_resolution; timestamp: 669.194; task: 64; pos: (8, -20); status: FAILED; attempt: 1
event: task_execution; timestamp: 592.838; task: 95; robot: 1; pos: (22, 30); time: 92.3951
event: battery_consumption; timestamp: 592.838; robot: 1; time: 92.3951; initial_level: 670.369; final_level: 639.57
event: task_execution; timestamp: 592.838; task: 95; robot: 2; pos: (22, 30); time: 92.3951
event: battery_consumption; timestamp: 592.838; robot: 2; time: 92.3951; initial_level: 592.53; final_level: 561.732
event: task_resolution; timestamp: 685.233; task: 95; pos: (22, 30); status: COMPLETED; attempt: 1
event: battery_consumption; timestamp: 685.233; robot: 2; time: 3.60555; initial_level: 561.732; final_level: 561.732
event: navigation; timestamp: 685.233; robot: 2; time: 3.60555; src: (22, 30); dst: (25, 32)
event: battery_consumption; timestamp: 685.233; robot: 1; time: 3.60555; initial_level: 639.57; final_level: 639.57
event: navigation; timestamp: 685.233; robot: 1; time: 3.60555; src: (22, 30); dst: (25, 32)
event: task_execution; timestamp: 608.901; task: 81; robot: 3; pos: (45, -15); time: 97.8687
event: battery_consumption; timestamp: 608.901; robot: 3; time: 97.8687; initial_level: 589.242; final_level: 556.619
event: task_resolution; timestamp: 706.77; task: 81; pos: (45, -15); status: COMPLETED; attempt: 1
event: battery_consumption; timestamp: 706.77; robot: 3; time: 8.60233; initial_level: 556.619; final_level: 556.619
event: navigation; timestamp: 706.77; robot: 3; time: 8.60233; src: (45, -15); dst: (52, -20)
event: battery_consumption; timestamp: 748; robot: 4; time: 2; initial_level: 681.471; final_level: 681.471
event: navigation; timestamp: 748; robot: 4; time: 2; src: (7, -15); dst: (5, -15)
event: task_resolution; timestamp: 752.877; task: 66; pos: (7, -15); status: COMPLETED; attempt: 1
event: task_execution; timestamp: 688.839; task: 94; robot: 1; pos: (25, 32); time: 89.963
event: battery_consumption; timestamp: 688.839; robot: 1; time: 89.963; initial_level: 639.57; final_level: 629.574
event: task_execution; timestamp: 688.839; task: 94; robot: 2; pos: (25, 32); time: 89.963
event: battery_consumption; timestamp: 688.839; robot: 2; time: 89.963; initial_level: 561.732; final_level: 551.736
event: task_resolution; timestamp: 778.802; task: 94; pos: (25, 32); status: COMPLETED; attempt: 1
event: battery_consumption; timestamp: 778.802; robot: 2; time: 3.60555; initial_level: 551.736; final_level: 551.736
event: navigation; timestamp: 778.802; robot: 2; time: 3.60555; src: (25, 32); dst: (27, 35)
event: battery_consumption; timestamp: 778.802; robot: 1; time: 3.60555; initial_level: 629.574; final_level: 629.574
event: navigation; timestamp: 778.802; robot: 1; time: 3.60555; src: (25, 32); dst: (27, 35)
event: task_execution; timestamp: 750; task: 69; robot: 4; pos: (5, -15); time: 89.0042
event: battery_consumption; timestamp: 750; robot: 4; time: 89.0042; initial_level: 681.471; final_level: 671.581
event: task_resolution; timestamp: 839.004; task: 69; pos: (5, -15); status: FAILED; attempt: 1
event: battery_consumption; timestamp: 839.004; robot: 4; time: 5.83095; initial_level: 671.581; final_level: 671.581
event: navigation; timestamp: 839.004; robot: 4; time: 5.83095; src: (5, -15); dst: (2, -20)
event: battery_consumption; timestamp: 854; robot: 1; time: 7; initial_level: 629.574; final_level: 629.574
event: navigation; timestamp: 854; robot: 1; time: 7; src: (27, 35); dst: (20, 35)
event: battery_consumption; timestamp: 854; robot: 2; time: 7; initial_level: 551.736; final_level: 551.736
event: navigation; timestamp: 854; robot: 2; time: 7; src: (27, 35); dst: (20, 35)
event: task_resolution; timestamp: 884.107; task: 92; pos: (27, 35); status: COMPLETED; attempt: 1
event: battery_consumption; timestamp: 936; robot: 4; time: 5.38516; initial_level: 671.581; final_level: 671.581
event: navigation; timestamp: 936; robot: 4; time: 5.38516; src: (2, -20); dst: (4, -25)
event: task_resolution; timestamp: 936.701; task: 68; pos: (2, -20); status: COMPLETED; attempt: 1
event: task_execution; timestamp: 941.385; task: 65; robot: 4; pos: (4, -25); time: 89.2683
event: battery_consumption; timestamp: 941.385; robot: 4; time: 89.2683; initial_level: 671.581; final_level: 661.663
event: task_resolution; timestamp: 1030.65; task: 65; pos: (4, -25); status: COMPLETED; attempt: 1
event: battery_consumption; timestamp: 1030.65; robot: 4; time: 62.0967; initial_level: 661.663; final_level: 661.663
event: navigation; timestamp: 1030.65; robot: 4; time: 62.0967; src: (4, -25); dst: (20, 35)
event: task_execution; timestamp: 1092.75; task: 97; robot: 1; pos: (20, 35); time: 97.3769
event: battery_consumption; timestamp: 1092.75; robot: 1; time: 97.3769; initial_level: 629.574; final_level: 597.115
event: task_execution; timestamp: 1092.75; task: 97; robot: 2; pos: (20, 35); time: 97.3769
event: battery_consumption; timestamp: 1092.75; robot: 2; time: 97.3769; initial_level: 551.736; final_level: 519.277
event: task_execution; timestamp: 1092.75; task: 97; robot: 4; pos: (20, 35); time: 97.3769
event: battery_consumption; timestamp: 1092.75; robot: 4; time: 97.3769; initial_level: 661.663; final_level: 629.204
event: task_resolution; timestamp: 1190.13; task: 97; pos: (20, 35); status: COMPLETED; attempt: 1
event: battery_consumption; timestamp: 1190.13; robot: 1; time: 63.6318; initial_level: 597.115; final_level: 597.115
event: navigation; timestamp: 1190.13; robot: 1; time: 63.6318; src: (20, 35); dst: (52, -20)
event: battery_consumption; timestamp: 1190.13; robot: 4; time: 25; initial_level: 629.204; final_level: 629.204
event: navigation; timestamp: 1190.13; robot: 4; time: 25; src: (20, 35); dst: (5, 15)
event: battery_consumption; timestamp: 1190.13; robot: 2; time: 25; initial_level: 519.277; final_level: 519.277
event: navigation; timestamp: 1190.13; robot: 2; time: 25; src: (20, 35); dst: (5, 15)
event: task_execution; timestamp: 1215.13; task: 75; robot: 2; pos: (5, 15); time: 88.9105
event: battery_consumption; timestamp: 1215.13; robot: 2; time: 88.9105; initial_level: 519.277; final_level: 499.519
event: task_execution; timestamp: 1215.13; task: 75; robot: 4; pos: (5, 15); time: 88.9105
event: battery_consumption; timestamp: 1215.13; robot: 4; time: 88.9105; initial_level: 629.204; final_level: 609.446
event: task_resolution; timestamp: 1304.04; task: 75; pos: (5, 15); status: COMPLETED; attempt: 1
event: battery_consumption; timestamp: 1304.04; robot: 2; time: 26.5707; initial_level: 499.519; final_level: 499.519
event: navigation; timestamp: 1304.04; robot: 2; time: 26.5707; src: (5, 15); dst: (-4, -10)
event: battery_consumption; timestamp: 1304.04; robot: 4; time: 16.4012; initial_level: 609.446; final_level: 609.446
event: navigation; timestamp: 1304.04; robot: 4; time: 16.4012; src: (5, 15); dst: (18, 25)
event: task_execution; timestamp: 1253.76; task: 73; robot: 1; pos: (52, -20); time: 73.1024
event: battery_consumption; timestamp: 1253.76; robot: 1; time: 73.1024; initial_level: 597.115; final_level: 588.993
event: task_execution; timestamp: 1253.76; task: 73; robot: 3; pos: (52, -20); time: 73.1024
event: battery_consumption; timestamp: 1253.76; robot: 3; time: 73.1024; initial_level: 556.619; final_level: 548.496
event: task_resolution; timestamp: 1326.86; task: 73; pos: (52, -20); status: COMPLETED; attempt: 1
event: battery_consumption; timestamp: 1326.86; robot: 3; time: 5.83095; initial_level: 548.496; final_level: 548.496
event: navigation; timestamp: 1326.86; robot: 3; time: 5.83095; src: (52, -20); dst: (55, -15)
event: battery_consumption; timestamp: 1326.86; robot: 1; time: 5.83095; initial_level: 588.993; final_level: 588.993
event: navigation; timestamp: 1326.86; robot: 1; time: 5.83095; src: (52, -20); dst: (55, -15)
event: task_execution; timestamp: 1332.69; task: 71; robot: 1; pos: (55, -15); time: 78.3797
event: battery_consumption; timestamp: 1332.69; robot: 1; time: 78.3797; initial_level: 588.993; final_level: 571.575
event: task_execution; timestamp: 1332.69; task: 71; robot: 3; pos: (55, -15); time: 78.3797
event: battery_consumption; timestamp: 1332.69; robot: 3; time: 78.3797; initial_level: 548.496; final_level: 531.079
event: task_resolution; timestamp: 1411.07; task: 71; pos: (55, -15); status: COMPLETED; attempt: 1
event: battery_consumption; timestamp: 1411.07; robot: 3; time: 60.407; initial_level: 531.079; final_level: 531.079
event: navigation; timestamp: 1411.07; robot: 3; time: 60.407; src: (55, -15); dst: (-2, -35)
event: battery_consumption; timestamp: 1411.07; robot: 1; time: 54.4885; initial_level: 571.575; final_level: 571.575
event: navigation; timestamp: 1411.07; robot: 1; time: 54.4885; src: (55, -15); dst: (18, 25)
event: task_execution; timestamp: 1330.61; task: 48; robot: 2; pos: (-4, -10); time: 97.2573
event: battery_consumption; timestamp: 1330.61; robot: 2; time: 97.2573; initial_level: 499.519; final_level: 488.713
event: task_resolution; timestamp: 1427.87; task: 48; pos: (-4, -10); status: FAILED; attempt: 1
event: battery_consumption; timestamp: 1427.87; robot: 2; time: 41.3401; initial_level: 488.713; final_level: 488.713
event: navigation; timestamp: 1427.87; robot: 2; time: 41.3401; src: (-4, -10); dst: (18, 25)
event: task_execution; timestamp: 1469.21; task: 98; robot: 1; pos: (18, 25); time: 77.75
event: battery_consumption; timestamp: 1469.21; robot: 1; time: 77.75; initial_level: 571.575; final_level: 554.297
event: task_execution; timestamp: 1469.21; task: 98; robot: 2; pos: (18, 25); time: 77.75
event: battery_consumption; timestamp: 1469.21; robot: 2; time: 77.75; initial_level: 488.713; final_level: 471.435
event: task_execution; timestamp: 1469.21; task: 98; robot: 4; pos: (18, 25); time: 77.75
event: battery_consumption; timestamp: 1469.21; robot: 4; time: 77.75; initial_level: 609.446; final_level: 592.168
event: task_resolution; timestamp: 1546.96; task: 98; pos: (18, 25); status: COMPLETED; attempt: 1
event: battery_consumption; timestamp: 1546.96; robot: 2; time: 63.2456; initial_level: 471.435; final_level: 471.435
event: navigation; timestamp: 1546.96; robot: 2; time: 63.2456; src: (18, 25); dst: (-2, -35)
event: battery_consumption; timestamp: 1546.96; robot: 1; time: 16.5529; initial_level: 554.297; final_level: 554.297
event: navigation; timestamp: 1546.96; robot: 1; time: 16.5529; src: (18, 25); dst: (25, 10)
event: battery_consumption; timestamp: 1546.96; robot: 4; time: 33.8378; initial_level: 592.168; final_level: 592.168
event: navigation; timestamp: 1546.96; robot: 4; time: 33.8378; src: (18, 25); dst: (-10, 6)
event: task_execution; timestamp: 1563.51; task: 88; robot: 1; pos: (25, 10); time: 99.8855
event: battery_consumption; timestamp: 1563.51; robot: 1; time: 99.8855; initial_level: 554.297; final_level: 521.002
event: task_resolution; timestamp: 1663.39; task: 88; pos: (25, 10); status: COMPLETED; attempt: 1
event: battery_consumption; timestamp: 1663.39; robot: 1; time: 5.38516; initial_level: 521.002; final_level: 521.002
event: navigation; timestamp: 1663.39; robot: 1; time: 5.38516; src: (25, 10); dst: (30, 8)
event: task_execution; timestamp: 1580.79; task: 21; robot: 4; pos: (-10, 6); time: 85.0012
event: battery_consumption; timestamp: 1580.79; robot: 4; time: 85.0012; initial_level: 592.168; final_level: 573.279
event: task_resolution; timestamp: 1665.79; task: 21; pos: (-10, 6); status: COMPLETED; attempt: 1
event: battery_consumption; timestamp: 1665.79; robot: 4; time: 21; initial_level: 573.279; final_level: 573.279
event: navigation; timestamp: 1665.79; robot: 4; time: 21; src: (-10, 6); dst: (-10, -15)
event: task_execution; timestamp: 1668.78; task: 84; robot: 1; pos: (30, 8); time: 87.3642
event: battery_consumption; timestamp: 1668.78; robot: 1; time: 87.3642; initial_level: 521.002; final_level: 501.588
event: task_resolution; timestamp: 1756.14; task: 84; pos: (30, 8); status: COMPLETED; attempt: 1
event: battery_consumption; timestamp: 1756.14; robot: 1; time: 50.5371; initial_level: 501.588; final_level: 501.588
event: navigation; timestamp: 1756.14; robot: 1; time: 50.5371; src: (30, 8); dst: (-15, -15)
event: task_execution; timestamp: 1686.79; task: 47; robot: 4; pos: (-10, -15); time: 76.9807
event: battery_consumption; timestamp: 1686.79; robot: 4; time: 76.9807; initial_level: 573.279; final_level: 564.726
event: task_resolution; timestamp: 1763.78; task: 47; pos: (-10, -15); status: COMPLETED; attempt: 1
event: battery_consumption; timestamp: 1763.78; robot: 4; time: 3; initial_level: 564.726; final_level: 564.726
event: navigation; timestamp: 1763.78; robot: 4; time: 3; src: (-10, -15); dst: (-7, -15)
event: task_execution; timestamp: 1766.78; task: 43; robot: 4; pos: (-7, -15); time: 99.8109
event: battery_consumption; timestamp: 1766.78; robot: 4; time: 99.8109; initial_level: 564.726; final_level: 553.635
event: task_resolution; timestamp: 1866.59; task: 43; pos: (-7, -15); status: COMPLETED; attempt: 1
event: battery_consumption; timestamp: 1866.59; robot: 4; time: 7.61577; initial_level: 553.635; final_level: 553.635
event: navigation; timestamp: 1866.59; robot: 4; time: 7.61577; src: (-7, -15); dst: (-14, -18)
event: task_execution; timestamp: 1874.2; task: 50; robot: 4; pos: (-14, -18); time: 75.2208
event: battery_consumption; timestamp: 1874.2; robot: 4; time: 75.2208; initial_level: 553.635; final_level: 545.278
event: task_resolution; timestamp: 1949.42; task: 50; pos: (-14, -18); status: FAILED; attempt: 1
event: battery_consumption; timestamp: 1949.42; robot: 4; time: 3.16228; initial_level: 545.278; final_level: 545.278
event: navigation; timestamp: 1949.42; robot: 4; time: 3.16228; src: (-14, -18); dst: (-15, -15)
event: task_execution; timestamp: 1952.59; task: 52; robot: 1; pos: (-15, -15); time: 106.388
event: battery_consumption; timestamp: 1952.59; robot: 1; time: 106.388; initial_level: 501.588; final_level: 489.767
event: task_execution; timestamp: 1952.59; task: 52; robot: 4; pos: (-15, -15); time: 106.388
event: battery_consumption; timestamp: 1952.59; robot: 4; time: 106.388; initial_level: 545.278; final_level: 533.457
event: task_resolution; timestamp: 2058.97; task: 52; pos: (-15, -15); status: FAILED; attempt: 1
event: battery_consumption; timestamp: 2058.97; robot: 1; time: 13.4536; initial_level: 489.767; final_level: 489.767
event: navigation; timestamp: 2058.97; robot: 1; time: 13.4536; src: (-15, -15); dst: (-6, -25)
event: battery_consumption; timestamp: 2058.97; robot: 4; time: 15; initial_level: 533.457; final_level: 533.457
event: navigation; timestamp: 2058.97; robot: 4; time: 15; src: (-15, -15); dst: (-15, 0)
event: task_execution; timestamp: 2072.43; task: 46; robot: 1; pos: (-6, -25); time: 68.5825
event: battery_consumption; timestamp: 2072.43; robot: 1; time: 68.5825; initial_level: 489.767; final_level: 466.906
event: task_resolution; timestamp: 2141.01; task: 46; pos: (-6, -25); status: COMPLETED; attempt: 1
event: battery_consumption; timestamp: 2141.01; robot: 1; time: 6.40312; initial_level: 466.906; final_level: 466.906
event: navigation; timestamp: 2141.01; robot: 1; time: 6.40312; src: (-6, -25); dst: (-10, -20)
event: task_execution; timestamp: 2073.97; task: 24; robot: 4; pos: (-15, 0); time: 88.1082
event: battery_consumption; timestamp: 2073.97; robot: 4; time: 88.1082; initial_level: 533.457; final_level: 523.667
event: task_resolution; timestamp: 2162.08; task: 24; pos: (-15, 0); status: COMPLETED; attempt: 1
event: battery_consumption; timestamp: 2162.08; robot: 4; time: 5; initial_level: 523.667; final_level: 523.667
event: navigation; timestamp: 2162.08; robot: 4; time: 5; src: (-15, 0); dst: (-20, 0)
event: task_execution; timestamp: 2147.41; task: 45; robot: 1; pos: (-10, -20); time: 100.053
event: battery_consumption; timestamp: 2147.41; robot: 1; time: 100.053; initial_level: 466.906; final_level: 455.789
event: task_resolution; timestamp: 2247.47; task: 45; pos: (-10, -20); status: FAILED; attempt: 1
event: battery_consumption; timestamp: 2247.47; robot: 1; time: 17; initial_level: 455.789; final_level: 455.789
event: navigation; timestamp: 2247.47; robot: 1; time: 17; src: (-10, -20); dst: (-2, -35)
event: task_execution; timestamp: 2167.08; task: 29; robot: 4; pos: (-20, 0); time: 93.5173
event: battery_consumption; timestamp: 2167.08; robot: 4; time: 93.5173; initial_level: 523.667; final_level: 513.276
event: task_resolution; timestamp: 2260.6; task: 29; pos: (-20, 0); status: COMPLETED; attempt: 1
event: battery_consumption; timestamp: 2260.6; robot: 4; time: 16.7631; initial_level: 513.276; final_level: 513.276
event: navigation; timestamp: 2260.6; robot: 4; time: 16.7631; src: (-20, 0); dst: (-36, 5)
event: task_execution; timestamp: 2264.47; task: 57; robot: 1; pos: (-2, -35); time: 95.1458
event: battery_consumption; timestamp: 2264.47; robot: 1; time: 95.1458; initial_level: 455.789; final_level: 413.502
event: task_execution; timestamp: 2264.47; task: 57; robot: 2; pos: (-2, -35); time: 95.1458
event: battery_consumption; timestamp: 2264.47; robot: 2; time: 95.1458; initial_level: 471.435; final_level: 429.148
event: task_execution; timestamp: 2264.47; task: 57; robot: 3; pos: (-2, -35); time: 95.1458
event: battery_consumption; timestamp: 2264.47; robot: 3; time: 95.1458; initial_level: 531.079; final_level: 488.792
event: task_resolution; timestamp: 2359.61; task: 57; pos: (-2, -35); status: COMPLETED; attempt: 1
event: battery_consumption; timestamp: 2359.61; robot: 3; time: 5; initial_level: 488.792; final_level: 488.792
event: navigation; timestamp: 2359.61; robot: 3; time: 5; src: (-2, -35); dst: (-2, -40)
event: battery_consumption; timestamp: 2359.61; robot: 2; time: 5; initial_level: 429.148; final_level: 429.148
event: navigation; timestamp: 2359.61; robot: 2; time: 5; src: (-2, -35); dst: (-2, -40)
event: battery_consumption; timestamp: 2359.61; robot: 1; time: 5; initial_level: 413.502; final_level: 413.502
event: navigation; timestamp: 2359.61; robot: 1; time: 5; src: (-2, -35); dst: (-2, -40)
event: task_execution; timestamp: 2277.36; task: 28; robot: 4; pos: (-36, 5); time: 92.5903
event: battery_consumption; timestamp: 2277.36; robot: 4; time: 92.5903; initial_level: 513.276; final_level: 492.701
event: task_resolution; timestamp: 2369.95; task: 28; pos: (-36, 5); status: FAILED; attempt: 1
event: battery_consumption; timestamp: 2369.95; robot: 4; time: 94.3716; initial_level: 492.701; final_level: 492.701
event: navigation; timestamp: 2369.95; robot: 4; time: 94.3716; src: (-36, 5); dst: (55, -20)
event: task_execution; timestamp: 2364.61; task: 59; robot: 1; pos: (-2, -40); time: 65.6833
event: battery_consumption; timestamp: 2364.61; robot: 1; time: 65.6833; initial_level: 413.502; final_level: 406.204
event: task_execution; timestamp: 2364.61; task: 59; robot: 2; pos: (-2, -40); time: 65.6833
event: battery_consumption; timestamp: 2364.61; robot: 2; time: 65.6833; initial_level: 429.148; final_level: 421.85
event: task_execution; timestamp: 2364.61; task: 59; robot: 3; pos: (-2, -40); time: 65.6833
event: battery_consumption; timestamp: 2364.61; robot: 3; time: 65.6833; initial_level: 488.792; final_level: 481.493
event: task_resolution; timestamp: 2430.29; task: 59; pos: (-2, -40); status: COMPLETED; attempt: 1
event: battery_consumption; timestamp: 2430.29; robot: 2; time: 4; initial_level: 421.85; final_level: 421.85
event: navigation; timestamp: 2430.29; robot: 2; time: 4; src: (-2, -40); dst: (2, -40)
event: battery_consumption; timestamp: 2430.29; robot: 3; time: 23.8537; initial_level: 481.493; final_level: 481.493
event: navigation; timestamp: 2430.29; robot: 3; time: 23.8537; src: (-2, -40); dst: (-15, -20)
event: battery_consumption; timestamp: 2430.29; robot: 1; time: 4; initial_level: 406.204; final_level: 406.204
event: navigation; timestamp: 2430.29; robot: 1; time: 4; src: (-2, -40); dst: (2, -40)
event: battery_consumption; timestamp: 2481; robot: 4; time: 11.1803; initial_level: 492.701; final_level: 492.701
event: navigation; timestamp: 2481; robot: 4; time: 11.1803; src: (55, -20); dst: (45, -25)
event: task_execution; timestamp: 2434.29; task: 54; robot: 1; pos: (2, -40); time: 94.4591
event: battery_consumption; timestamp: 2434.29; robot: 1; time: 94.4591; initial_level: 406.204; final_level: 364.222
event: task_execution; timestamp: 2434.29; task: 54; robot: 2; pos: (2, -40); time: 94.4591
event: battery_consumption; timestamp: 2434.29; robot: 2; time: 94.4591; initial_level: 421.85; final_level: 379.868
event: task_resolution; timestamp: 2528.75; task: 54; pos: (2, -40); status: FAILED; attempt: 1
event: battery_consumption; timestamp: 2528.75; robot: 2; time: 45.5412; initial_level: 379.868; final_level: 379.868
event: navigation; timestamp: 2528.75; robot: 2; time: 45.5412; src: (2, -40); dst: (45, -25)
event: battery_consumption; timestamp: 2528.75; robot: 1; time: 45.5412; initial_level: 364.222; final_level: 364.222
event: navigation; timestamp: 2528.75; robot: 1; time: 45.5412; src: (2, -40); dst: (45, -25)
event: task_resolution; timestamp: 2554.47; task: 70; pos: (55, -20); status: FAILED; attempt: 1
event: task_execution; timestamp: 2574.29; task: 80; robot: 1; pos: (45, -25); time: 89.1501
event: battery_consumption; timestamp: 2574.29; robot: 1; time: 89.1501; initial_level: 364.222; final_level: 354.317
event: task_execution; timestamp: 2574.29; task: 80; robot: 2; pos: (45, -25); time: 89.1501
event: battery_consumption; timestamp: 2574.29; robot: 2; time: 89.1501; initial_level: 379.868; final_level: 369.962
event: task_execution; timestamp: 2574.29; task: 80; robot: 4; pos: (45, -25); time: 89.1501
event: battery_consumption; timestamp: 2574.29; robot: 4; time: 89.1501; initial_level: 492.701; final_level: 482.795
event: task_resolution; timestamp: 2663.44; task: 80; pos: (45, -25); status: COMPLETED; attempt: 1
event: battery_consumption; timestamp: 2663.44; robot: 1; time: 52.469; initial_level: 354.317; final_level: 354.317
event: navigation; timestamp: 2663.44; robot: 1; time: 52.469; src: (45, -25); dst: (-7, -18)
event: battery_consumption; timestamp: 2663.44; robot: 4; time: 5.38516; initial_level: 482.795; final_level: 482.795
event: navigation; timestamp: 2663.44; robot: 4; time: 5.38516; src: (45, -25); dst: (47, -20)
event: battery_consumption; timestamp: 2663.44; robot: 2; time: 5.38516; initial_level: 369.962; final_level: 369.962
event: navigation; timestamp: 2663.44; robot: 2; time: 5.38516; src: (45, -25); dst: (47, -20)
event: battery_consumption; timestamp: 2768; robot: 2; time: 13.4536; initial_level: 369.962; final_level: 369.962
event: navigation; timestamp: 2768; robot: 2; time: 13.4536; src: (47, -20); dst: (38, -10)
event: battery_consumption; timestamp: 2768; robot: 4; time: 13.4536; initial_level: 482.795; final_level: 482.795
event: navigation; timestamp: 2768; robot: 4; time: 13.4536; src: (47, -20); dst: (38, -10)
event: task_execution; timestamp: 2715.91; task: 42; robot: 1; pos: (-7, -18); time: 78.4249
event: battery_consumption; timestamp: 2715.91; robot: 1; time: 78.4249; initial_level: 354.317; final_level: 336.889
event: task_resolution; timestamp: 2794.34; task: 42; pos: (-7, -18); status: COMPLETED; attempt: 1
event: battery_consumption; timestamp: 2794.34; robot: 1; time: 2; initial_level: 336.889; final_level: 336.889
event: navigation; timestamp: 2794.34; robot: 1; time: 2; src: (-7, -18); dst: (-5, -18)
event: task_execution; timestamp: 2796.34; task: 41; robot: 1; pos: (-5, -18); time: 93.2401
event: battery_consumption; timestamp: 2796.34; robot: 1; time: 93.2401; initial_level: 336.889; final_level: 326.529
event: task_resolution; timestamp: 2889.58; task: 41; pos: (-5, -18); status: COMPLETED; attempt: 1
event: battery_consumption; timestamp: 2889.58; robot: 1; time: 43.7379; initial_level: 326.529; final_level: 326.529
event: navigation; timestamp: 2889.58; robot: 1; time: 43.7379; src: (-5, -18); dst: (38, -10)
event: battery_consumption; timestamp: 2962; robot: 1; time: 15.2315; initial_level: 326.529; final_level: 326.529
event: navigation; timestamp: 2962; robot: 1; time: 15.2315; src: (38, -10); dst: (24, -4)
event: battery_consumption; timestamp: 2962; robot: 2; time: 7.81025; initial_level: 369.962; final_level: 369.962
event: navigation; timestamp: 2962; robot: 2; time: 7.81025; src: (38, -10); dst: (32, -5)
event: battery_consumption; timestamp: 2962; robot: 4; time: 7.81025; initial_level: 482.795; final_level: 482.795
event: navigation; timestamp: 2962; robot: 4; time: 7.81025; src: (38, -10); dst: (32, -5)
event: task_resolution; timestamp: 3019.2; task: 78; pos: (38, -10); status: COMPLETED; attempt: 1
event: battery_consumption; timestamp: 3060; robot: 4; time: 54.4885; initial_level: 482.795; final_level: 482.795
event: navigation; timestamp: 3060; robot: 4; time: 54.4885; src: (32, -5); dst: (-5, -45)
event: battery_consumption; timestamp: 3060; robot: 2; time: 54.4885; initial_level: 369.962; final_level: 369.962
event: navigation; timestamp: 3060; robot: 2; time: 54.4885; src: (32, -5); dst: (-5, -45)
event: task_execution; timestamp: 3097; task: 87; robot: 1; pos: (24, -4); time: 94.4448
event: battery_consumption; timestamp: 3097; robot: 1; time: 94.4448; initial_level: 326.529; final_level: 305.541
event: task_resolution; timestamp: 3191.44; task: 87; pos: (24, -4); status: COMPLETED; attempt: 1
event: battery_consumption; timestamp: 3191.44; robot: 1; time: 42.1545; initial_level: 305.541; final_level: 305.541
event: navigation; timestamp: 3191.44; robot: 1; time: 42.1545; src: (24, -4); dst: (-15, -20)
event: battery_consumption; timestamp: 3254; robot: 2; time: 45.2769; initial_level: 369.962; final_level: 369.962
event: navigation; timestamp: 3254; robot: 2; time: 45.2769; src: (-5, -45); dst: (0, 0)
event: recharge; timestamp: 3299.28; robot: 2; recharging_station: 1; pos: (0, 0); level: 700
event: battery_consumption; timestamp: 3254; robot: 4; time: 45.2769; initial_level: 482.795; final_level: 482.795
event: navigation; timestamp: 3254; robot: 4; time: 45.2769; src: (-5, -45); dst: (0, 0)
event: recharge; timestamp: 3299.28; robot: 4; recharging_station: 1; pos: (0, 0); level: 700
event: battery_consumption; timestamp: 3275; robot: 3; time: 25; initial_level: 481.493; final_level: 481.493
event: navigation; timestamp: 3275; robot: 3; time: 25; src: (-15, -20); dst: (0, 0)
event: recharge; timestamp: 3300; robot: 3; recharging_station: 1; pos: (0, 0); level: 700
event: battery_consumption; timestamp: 3275; robot: 1; time: 25; initial_level: 305.541; final_level: 305.541
event: navigation; timestamp: 3275; robot: 1; time: 25; src: (-15, -20); dst: (0, 0)
event: recharge; timestamp: 3300; robot: 1; recharging_station: 1; pos: (0, 0); level: 700
event: robot_finished; timestamp: 3299.28; robot: 2; pos: (0, 0); battery: 700
event: robot_finished; timestamp: 3299.28; robot: 4; pos: (0, 0); battery: 700
event: robot_finished; timestamp: 3300; robot: 3; pos: (0, 0); battery: 700
event: robot_finished; timestamp: 3300; robot: 1; pos: (0, 0); battery: 700
metric: available_agents; value: 0
metric: failed_agents; value: 0
metric: finished_agents; value: 10
metric: completed_tasks; value: 39
metric: pending_tasks; value: 0
metric: failed_tasks; value: 61
metric: average_robot_makespan; value: 1319.86
metric: sd_robot_makespan; value: 1703.93
metric: max_robot_makespan; value: 3300
metric: min_robot_makespan; value: 0
metric: average_robot_travel_distance; value: 168.948
metric: sd_robot_travel_distance; value: 235.624
metric: max_robot_travel_distance; value: 530.989
metric: min_robot_travel_distance; value: 0
metric: sum_robot_travel_distance; value: 1689.48
metric: average_completed_tasks_by_robot; value: 0
metric: sd_completed_tasks_by_robot; value: 0
metric: max_completed_tasks_by_robot; value: 0
metric: min_completed_tasks_by_robot; value: 0
metric: final_reward; value: 0.39
metric: computing_time; value: 0.0156793
