info: solver_name; value: cbba
info: reward_function; value: reward00
info: replica; value: 1
info: filename; value: ../logs/prueba/c204_10r_100t_cdb2cd8a_cbba_reward00_001.log
info: scenario_name; value: c204_10r_100t_cdb2cd8a
info: scenario_name; value: c204_10r_100t_cdb2cd8a
info: number_of_tasks; value: 100
info: number_of_robots; value: 10
info: number_of_recharging_stations; value: 1
info: scenario_size; value: (132,132)
event: recharging_station_spawn; timestamp: 0; recharging_station: 1; pos: (0, 0)
event: task_spawn; timestamp: 0; task: 1; pos: (12, 25); earliest_start: 0; latest_start: 3272; state: PENDING; required_workers: 1; success_prob: 0.2; max_attempts: 1
event: task_spawn; timestamp: 0; task: 2; pos: (5, 20); earliest_start: 0; latest_start: 3279; state: PENDING; required_workers: 1; success_prob: 0.2; max_attempts: 1
event: task_spawn; timestamp: 0; task: 3; pos: (22, 19); earliest_start: 0; latest_start: 3270; state: PENDING; required_workers: 1; success_prob: 0.2; max_attempts: 1
event: task_spawn; timestamp: 0; task: 4; pos: (20, 16); earliest_start: 1261; latest_start: 1421; state: PENDING; required_workers: 1; success_prob: 0.2; max_attempts: 1
event: task_spawn; timestamp: 0; task: 5; pos: (2, 15); earliest_start: 0; latest_start: 3284; state: PENDING; required_workers: 1; success_prob: 0.2; max_attempts: 1
event: task_spawn; timestamp: 0; task: 6; pos: (-24, -8); earliest_start: 0; latest_start: 3274; state: PENDING; required_workers: 1; success_prob: 0.2; max_attempts: 1
event: task_spawn; timestamp: 0; task: 7; pos: (18, 20); earliest_start: 0; latest_start: 3273; state: PENDING; required_workers: 1; success_prob: 0.2; max_attempts: 1
event: task_spawn; timestamp: 0; task: 8; pos: (-6, 10); earliest_start: 2887; latest_start: 3047; state: PENDING; required_workers: 1; success_prob: 0.2; max_attempts: 1
event: task_spawn; timestamp: 0; task: 9; pos: (-12, 20); earliest_start: 2601; latest_start: 2761; state: PENDING; required_workers: 1; success_prob: 0.2; max_attempts: 1
event: task_spawn; timestamp: 0; task: 10; pos: (-5, 16); earliest_start: 0; latest_start: 3283; state: PENDING; required_workers: 1; success_prob: 0.2; max_attempts: 1
event: task_spawn; timestamp: 0; task: 11; pos: (-5, 19); earliest_start: 2698; latest_start: 2858; state: PENDING; required_workers: 2; success_prob: 0.2; max_attempts: 1
event: task_spawn; timestamp: 0; task: 12; pos: (-15, 35); earliest_start: 0; latest_start: 3261; state: PENDING; required_workers: 2; success_prob: 0.2; max_attempts: 1
event: task_spawn; timestamp: 0; task: 13; pos: (-18, 25); earliest_start: 2405; latest_start: 2565; state: PENDING; required_workers: 2; success_prob: 0.2; max_attempts: 1
event: task_spawn; timestamp: 0; task: 14; pos: (-18, 35); earliest_start: 0; latest_start: 3260; state: PENDING; required_workers: 2; success_prob: 0.2; max_attempts: 1
event: task_spawn; timestamp: 0; task: 15; pos: (-20, 30); earliest_start: 2216; latest_start: 2376; state: PENDING; required_workers: 2; success_prob: 0.2; max_attempts: 1
event: task_spawn; timestamp: 0; task: 16; pos: (-20, 35); earliest_start: 0; latest_start: 3259; state: PENDING; required_workers: 2; success_prob: 0.2; max_attempts: 1
event: task_spawn; timestamp: 0; task: 17; pos: (-22, 25); earliest_start: 0; latest_start: 3266; state: PENDING; required_workers: 3; success_prob: 0.2; max_attempts: 1
event: task_spawn; timestamp: 0; task: 18; pos: (-25, 25); earliest_start: 0; latest_start: 3264; state: PENDING; required_workers: 3; success_prob: 0.2; max_attempts: 1
event: task_spawn; timestamp: 0; task: 19; pos: (-25, 30); earliest_start: 0; latest_start: 3260; state: PENDING; required_workers: 3; success_prob: 0.2; max_attempts: 1
event: task_spawn; timestamp: 0; task: 20; pos: (-10, 0); earliest_start: 0; latest_start: 3290; state: PENDING; required_workers: 3; success_prob: 0.2; max_attempts: 1
event: task_spawn; timestamp: 0; task: 21; pos: (-10, 6); earliest_start: 0; latest_start: 3288; state: PENDING; required_workers: 1; success_prob: 0.4; max_attempts: 1
event: task_spawn; timestamp: 0; task: 22; pos: (-12, 2); earliest_start: 0; latest_start: 3287; state: PENDING; required_workers: 1; success_prob: 0.4; max_attempts: 1
event: task_spawn; timestamp: 0; task: 23; pos: (-26, 16); earliest_start: 1643; latest_start: 1803; state: PENDING; required_workers: 1; success_prob: 0.4; max_attempts: 1
event: task_spawn; timestamp: 0; task: 24; pos: (-15, 0); earliest_start: 0; latest_start: 3285; state: PENDING; required_workers: 1; success_prob: 0.4; max_attempts: 1
event: task_spawn; timestamp: 0; task: 25; pos: (-18, 16); earliest_start: 2504; latest_start: 2664; state: PENDING; required_workers: 1; success_prob: 0.4; max_attempts: 1
event: task_spawn; timestamp: 0; task: 26; pos: (-32, 12); earliest_start: 0; latest_start: 3265; state: PENDING; required_workers: 1; success_prob: 0.4; max_attempts: 1
event: task_spawn; timestamp: 0; task: 27; pos: (-17, 2); earliest_start: 0; latest_start: 3282; state: PENDING; required_workers: 1; success_prob: 0.4; max_attempts: 1
event: task_spawn; timestamp: 0; task: 28; pos: (-36, 5); earliest_start: 0; latest_start: 3263; state: PENDING; required_workers: 1; success_prob: 0.4; max_attempts: 1
event: task_spawn; timestamp: 0; task: 29; pos: (-20, 0); earliest_start: 0; latest_start: 3280; state: PENDING; required_workers: 1; success_prob: 0.4; max_attempts: 1
event: task_spawn; timestamp: 0; task: 30; pos: (-20, 5); earliest_start: 0; latest_start: 3279; state: PENDING; required_workers: 1; success_prob: 0.4; max_attempts: 1
event: task_spawn; timestamp: 0; task: 31; pos: (-30, -15); earliest_start: 0; latest_start: 3266; state: PENDING; required_workers: 2; success_prob: 0.4; max_attempts: 1
event: task_spawn; timestamp: 0; task: 32; pos: (-30, -10); earliest_start: 0; latest_start: 3268; state: PENDING; required_workers: 2; success_prob: 0.4; max_attempts: 1
event: task_spawn; timestamp: 0; task: 33; pos: (-32, -10); earliest_start: 0; latest_start: 3266; state: PENDING; required_workers: 2; success_prob: 0.4; max_attempts: 1
event: task_spawn; timestamp: 0; task: 34; pos: (-32, -5); earliest_start: 0; latest_start: 3267; state: PENDING; required_workers: 2; success_prob: 0.4; max_attempts: 1
event: task_spawn; timestamp: 0; task: 35; pos: (-35, -15); earliest_start: 0; latest_start: 3261; state: PENDING; required_workers: 2; success_prob: 0.4; max_attempts: 1
event: task_spawn; timestamp: 0; task: 36; pos: (-35, -5); earliest_start: 0; latest_start: 3264; state: PENDING; required_workers: 2; success_prob: 0.4; max_attempts: 1
event: task_spawn; timestamp: 0; task: 37; pos: (-38, -10); earliest_start: 0; latest_start: 3260; state: PENDING; required_workers: 3; success_prob: 0.4; max_attempts: 1
event: task_spawn; timestamp: 0; task: 38; pos: (-40, -10); earliest_start: 1063; latest_start: 1223; state: PENDING; required_workers: 3; success_prob: 0.4; max_attempts: 1
event: task_spawn; timestamp: 0; task: 39; pos: (-40, -5); earliest_start: 0; latest_start: 3259; state: PENDING; required_workers: 3; success_prob: 0.4; max_attempts: 1
event: task_spawn; timestamp: 0; task: 40; pos: (-4, -32); earliest_start: 0; latest_start: 3267; state: PENDING; required_workers: 3; success_prob: 0.4; max_attempts: 1
event: task_spawn; timestamp: 0; task: 41; pos: (-5, -18); earliest_start: 0; latest_start: 3281; state: PENDING; required_workers: 1; success_prob: 0.6; max_attempts: 1
event: task_spawn; timestamp: 0; task: 42; pos: (-7, -18); earliest_start: 0; latest_start: 3280; state: PENDING; required_workers: 1; success_prob: 0.6; max_attempts: 1
event: task_spawn; timestamp: 0; task: 43; pos: (-7, -15); earliest_start: 0; latest_start: 3283; state: PENDING; required_workers: 1; success_prob: 0.6; max_attempts: 1
event: task_spawn; timestamp: 0; task: 44; pos: (-8, -30); earliest_start: 1913; latest_start: 2073; state: PENDING; required_workers: 1; success_prob: 0.6; max_attempts: 1
event: task_spawn; timestamp: 0; task: 45; pos: (-10, -20); earliest_start: 0; latest_start: 3277; state: PENDING; required_workers: 1; success_prob: 0.6; max_attempts: 1
event: task_spawn; timestamp: 0; task: 46; pos: (-6, -25); earliest_start: 0; latest_start: 3274; state: PENDING; required_workers: 1; success_prob: 0.6; max_attempts: 1
event: task_spawn; timestamp: 0; task: 47; pos: (-10, -15); earliest_start: 0; latest_start: 3281; state: PENDING; required_workers: 1; success_prob: 0.6; max_attempts: 1
event: task_spawn; timestamp: 0; task: 48; pos: (-4, -10); earliest_start: 0; latest_start: 3289; state: PENDING; required_workers: 1; success_prob: 0.6; max_attempts: 1
event: task_spawn; timestamp: 0; task: 49; pos: (8, -30); earliest_start: 0; latest_start: 3268; state: PENDING; required_workers: 1; success_prob: 0.6; max_attempts: 1
event: task_spawn; timestamp: 0; task: 50; pos: (-14, -18); earliest_start: 0; latest_start: 3277; state: PENDING; required_workers: 1; success_prob: 0.6; max_attempts: 1
event: task_spawn; timestamp: 0; task: 51; pos: (-15, -20); earliest_start: 0; latest_start: 3275; state: PENDING; required_workers: 2; success_prob: 0.6; max_attempts: 1
event: task_spawn; timestamp: 0; task: 52; pos: (-15, -15); earliest_start: 0; latest_start: 3278; state: PENDING; required_workers: 2; success_prob: 0.6; max_attempts: 1
event: task_spawn; timestamp: 0; task: 53; pos: (4, -45); earliest_start: 1256; latest_start: 1416; state: PENDING; required_workers: 2; success_prob: 0.6; max_attempts: 1
event: task_spawn; timestamp: 0; task: 54; pos: (2, -40); earliest_start: 0; latest_start: 3259; state: PENDING; required_workers: 2; success_prob: 0.6; max_attempts: 1
event: task_spawn; timestamp: 0; task: 55; pos: (2, -35); earliest_start: 1065; latest_start: 1225; state: PENDING; required_workers: 2; success_prob: 0.6; max_attempts: 1
event: task_spawn; timestamp: 0; task: 56; pos: (0, -45); earliest_start: 0; latest_start: 3255; state: PENDING; required_workers: 2; success_prob: 0.6; max_attempts: 1
event: task_spawn; timestamp: 0; task: 57; pos: (-2, -35); earliest_start: 0; latest_start: 3264; state: PENDING; required_workers: 3; success_prob: 0.6; max_attempts: 1
event: task_spawn; timestamp: 0; task: 58; pos: (-2, -45); earliest_start: 1442; latest_start: 1602; state: PENDING; required_workers: 3; success_prob: 0.6; max_attempts: 1
event: task_spawn; timestamp: 0; task: 59; pos: (-2, -40); earliest_start: 0; latest_start: 3259; state: PENDING; required_workers: 3; success_prob: 0.6; max_attempts: 1
event: task_spawn; timestamp: 0; task: 60; pos: (-5, -45); earliest_start: 0; latest_start: 3254; state: PENDING; required_workers: 3; success_prob: 0.6; max_attempts: 1
event: task_spawn; timestamp: 0; task: 61; pos: (10, -20); earliest_start: 0; latest_start: 3277; state: PENDING; required_workers: 1; success_prob: 0.8; max_attempts: 1
event: task_spawn; timestamp: 0; task: 62; pos: (10, -15); earliest_start: 120; latest_start: 280; state: PENDING; required_workers: 1; success_prob: 0.8; max_attempts: 1
event: task_spawn; timestamp: 0; task: 63; pos: (10, -10); earliest_start: 0; latest_start: 3285; state: PENDING; required_workers: 1; success_prob: 0.8; max_attempts: 1
event: task_spawn; timestamp: 0; task: 64; pos: (8, -20); earliest_start: 0; latest_start: 3278; state: PENDING; required_workers: 1; success_prob: 0.8; max_attempts: 1
event: task_spawn; timestamp: 0; task: 65; pos: (4, -25); earliest_start: 0; latest_start: 3274; state: PENDING; required_workers: 1; success_prob: 0.8; max_attempts: 1
event: task_spawn; timestamp: 0; task: 66; pos: (7, -15); earliest_start: 0; latest_start: 3283; state: PENDING; required_workers: 1; success_prob: 0.8; max_attempts: 1
event: task_spawn; timestamp: 0; task: 67; pos: (7, -10); earliest_start: 12; latest_start: 172; state: PENDING; required_workers: 1; success_prob: 0.8; max_attempts: 1
event: task_spawn; timestamp: 0; task: 68; pos: (2, -20); earliest_start: 0; latest_start: 3279; state: PENDING; required_workers: 1; success_prob: 0.8; max_attempts: 1
event: task_spawn; timestamp: 0; task: 69; pos: (5, -15); earliest_start: 680; latest_start: 840; state: PENDING; required_workers: 1; success_prob: 0.8; max_attempts: 1
event: task_spawn; timestamp: 0; task: 70; pos: (55, -20); earliest_start: 0; latest_start: 3241; state: PENDING; required_workers: 1; success_prob: 0.8; max_attempts: 1
event: task_spawn; timestamp: 0; task: 71; pos: (55, -15); earliest_start: 0; latest_start: 3242; state: PENDING; required_workers: 2; success_prob: 0.8; max_attempts: 1
event: task_spawn; timestamp: 0; task: 72; pos: (13, -20); earliest_start: 0; latest_start: 3276; state: PENDING; required_workers: 2; success_prob: 0.8; max_attempts: 1
event: task_spawn; timestamp: 0; task: 73; pos: (52, -20); earliest_start: 0; latest_start: 3244; state: PENDING; required_workers: 2; success_prob: 0.8; max_attempts: 1
event: task_spawn; timestamp: 0; task: 74; pos: (13, -15); earliest_start: 213; latest_start: 373; state: PENDING; required_workers: 2; success_prob: 0.8; max_attempts: 1
event: task_spawn; timestamp: 0; task: 75; pos: (5, 15); earliest_start: 0; latest_start: 3284; state: PENDING; required_workers: 2; success_prob: 0.8; max_attempts: 1
event: task_spawn; timestamp: 0; task: 76; pos: (50, -15); earliest_start: 2131; latest_start: 2291; state: PENDING; required_workers: 2; success_prob: 0.8; max_attempts: 1
event: task_spawn; timestamp: 0; task: 77; pos: (32, -5); earliest_start: 2900; latest_start: 3060; state: PENDING; required_workers: 3; success_prob: 0.8; max_attempts: 1
event: task_spawn; timestamp: 0; task: 78; pos: (38, -10); earliest_start: 0; latest_start: 3260; state: PENDING; required_workers: 3; success_prob: 0.8; max_attempts: 1
event: task_spawn; timestamp: 0; task: 79; pos: (47, -20); earliest_start: 2608; latest_start: 2768; state: PENDING; required_workers: 3; success_prob: 0.8; max_attempts: 1
event: task_spawn; timestamp: 0; task: 80; pos: (45, -25); earliest_start: 0; latest_start: 3248; state: PENDING; required_workers: 3; success_prob: 0.8; max_attempts: 1
event: task_spawn; timestamp: 0; task: 81; pos: (45, -15); earliest_start: 0; latest_start: 3252; state: PENDING; required_workers: 1; success_prob: 1; max_attempts: 1
event: task_spawn; timestamp: 0; task: 82; pos: (35, 5); earliest_start: 0; latest_start: 3264; state: PENDING; required_workers: 1; success_prob: 1; max_attempts: 1
event: task_spawn; timestamp: 0; task: 83; pos: (32, 5); earliest_start: 0; latest_start: 3267; state: PENDING; required_workers: 1; success_prob: 1; max_attempts: 1
event: task_spawn; timestamp: 0; task: 84; pos: (30, 8); earliest_start: 1641; latest_start: 1801; state: PENDING; required_workers: 1; success_prob: 1; max_attempts: 1
event: task_spawn; timestamp: 0; task: 85; pos: (46, -4); earliest_start: 0; latest_start: 3253; state: PENDING; required_workers: 1; success_prob: 1; max_attempts: 1
event: task_spawn; timestamp: 0; task: 86; pos: (26, 5); earliest_start: 0; latest_start: 3273; state: PENDING; required_workers: 1; success_prob: 1; max_attempts: 1
event: task_spawn; timestamp: 0; task: 87; pos: (24, -4); earliest_start: 3097; latest_start: 3257; state: PENDING; required_workers: 1; success_prob: 1; max_attempts: 1
event: task_spawn; timestamp: 0; task: 88; pos: (25, 10); earliest_start: 0; latest_start: 3273; state: PENDING; required_workers: 1; success_prob: 1; max_attempts: 1
event: task_spawn; timestamp: 0; task: 89; pos: (16, 14); earliest_start: 0; latest_start: 3278; state: PENDING; required_workers: 1; success_prob: 1; max_attempts: 1
event: task_spawn; timestamp: 0; task: 90; pos: (20, 5); earliest_start: 0; latest_start: 3279; state: PENDING; required_workers: 1; success_prob: 1; max_attempts: 1
event: task_spawn; timestamp: 0; task: 91; pos: (20, 10); earliest_start: 0; latest_start: 3277; state: PENDING; required_workers: 2; success_prob: 1; max_attempts: 1
event: task_spawn; timestamp: 0; task: 92; pos: (27, 35); earliest_start: 694; latest_start: 854; state: PENDING; required_workers: 2; success_prob: 1; max_attempts: 1
event: task_spawn; timestamp: 0; task: 93; pos: (2, 8); earliest_start: 0; latest_start: 3291; state: PENDING; required_workers: 2; success_prob: 1; max_attempts: 1
event: task_spawn; timestamp: 0; task: 94; pos: (25, 32); earliest_start: 0; latest_start: 3259; state: PENDING; required_workers: 2; success_prob: 1; max_attempts: 1
event: task_spawn; timestamp: 0; task: 95; pos: (22, 30); earliest_start: 0; latest_start: 3262; state: PENDING; required_workers: 2; success_prob: 1; max_attempts: 1
event: task_spawn; timestamp: 0; task: 96; pos: (22, -10); earliest_start: 0; latest_start: 3275; state: PENDING; required_workers: 2; success_prob: 1; max_attempts: 1
event: task_spawn; timestamp: 0; task: 97; pos: (20, 35); earliest_start: 0; latest_start: 3259; state: PENDING; required_workers: 3; success_prob: 1; max_attempts: 1
event: task_spawn; timestamp: 0; task: 98; pos: (18, 25); earliest_start: 0; latest_start: 3269; state: PENDING; required_workers: 3; success_prob: 1; max_attempts: 1
event: task_spawn; timestamp: 0; task: 99; pos: (15, 30); earliest_start: 407; latest_start: 567; state: PENDING; required_workers: 3; success_prob: 1; max_attempts: 1
event: task_spawn; timestamp: 0; task: 100; pos: (15, 35); earliest_start: 502; latest_start: 662; state: PENDING; required_workers: 3; success_prob: 1; max_attempts: 1
event: robot_spawn; timestamp: 0; robot: 1; pos: (0, 0); state: AVAILABLE; battery_level: 700; battery_capacity: 700; velocity: 1; battery_rate_nav: 0
event: robot_spawn; timestamp: 0; robot: 2; pos: (0, 0); state: AVAILABLE; battery_level: 700; battery_capacity: 700; velocity: 1; battery_rate_nav: 0
event: robot_spawn; timestamp: 0; robot: 3; pos: (0, 0); state: AVAILABLE; battery_level: 700; battery_capacity: 700; velocity: 1; battery_rate_nav: 0
event: robot_spawn; timestamp: 0; robot: 4; pos: (0, 0); state: AVAILABLE; battery_level: 700; battery_capacity: 700; velocity: 1; battery_rate_nav: 0
event: robot_spawn; timestamp: 0; robot: 5; pos: (0, 0); state: AVAILABLE; battery_level: 700; battery_capacity: 700; velocity: 1; battery_rate_nav: 0
event: robot_spawn; timestamp: 0; robot: 6; pos: (0, 0); state: AVAILABLE; battery_level: 700; battery_capacity: 700; velocity: 1; battery_rate_nav: 0
event: robot_spawn; timestamp: 0; robot: 7; pos: (0, 0); state: AVAILABLE; battery_level: 700; battery_capacity: 700; velocity: 1; battery_rate_nav: 0
event: robot_spawn; timestamp: 0; robot: 8; pos: (0, 0); state: AVAILABLE; battery_level: 700; battery_capacity: 700; velocity: 1; battery_rate_nav: 0
event: robot_spawn; timestamp: 0; robot: 9; pos: (0, 0); state: AVAILABLE; battery_level: 700; battery_capacity: 700; velocity: 1; battery_rate_nav: 0
event: robot_spawn; timestamp: 0; robot: 10; pos: (0, 0); state: AVAILABLE; battery_level: 700; battery_capacity: 700; velocity: 1; battery_rate_nav: 0
event: battery_consumption; timestamp: 0; robot: 9; time: 20.6155; initial_level: 700; final_level: 700
event: navigation; timestamp: 0; robot: 9; time: 20.6155; src: (0, 0); dst: (20, 5)
event: battery_consumption; timestamp: 0; robot: 5; time: 21.2603; initial_level: 700; final_level: 700
event: navigation; timestamp: 0; robot: 5; time: 21.2603; src: (0, 0); dst: (16, 14)
event: battery_consumption; timestamp: 0; robot: 4; time: 12.2066; initial_level: 700; final_level: 700
event: navigation; timestamp: 0; robot: 4; time: 12.2066; src: (0, 0); dst: (7, -10)
event: battery_consumption; timestamp: 0; robot: 7; time: 14.1421; initial_level: 700; final_level: 700
event: navigation; timestamp: 0; robot: 7; time: 14.1421; src: (0, 0); dst: (10, -10)
event: battery_consumption; timestamp: 0; robot: 3; time: 16.5529; initial_level: 700; final_level: 700
event: navigation; timestamp: 0; robot: 3; time: 16.5529; src: (0, 0); dst: (7, -15)
event: battery_consumption; timestamp: 0; robot: 2; time: 46.1736; initial_level: 700; final_level: 700
event: navigation; timestamp: 0; robot: 2; time: 46.1736; src: (0, 0); dst: (46, -4)
event: battery_consumption; timestamp: 0; robot: 10; time: 20.0998; initial_level: 700; final_level: 700
event: navigation; timestamp: 0; robot: 10; time: 20.0998; src: (0, 0); dst: (2, -20)
event: battery_consumption; timestamp: 0; robot: 6; time: 10.7703; initial_level: 700; final_level: 700
event: navigation; timestamp: 0; robot: 6; time: 10.7703; src: (0, 0); dst: (-4, -10)
event: battery_consumption; timestamp: 0; robot: 1; time: 16.5529; initial_level: 700; final_level: 700
event: navigation; timestamp: 0; robot: 1; time: 16.5529; src: (0, 0); dst: (-7, -15)
event: battery_consumption; timestamp: 0; robot: 8; time: 18.0278; initial_level: 700; final_level: 700
event: navigation; timestamp: 0; robot: 8; time: 18.0278; src: (0, 0); dst: (-10, -15)
event: task_execution; timestamp: 14.1421; task: 63; robot: 7; pos: (10, -10); time: 77.083
event: battery_consumption; timestamp: 14.1421; robot: 7; time: 77.083; initial_level: 700; final_level: 657.176
event: task_resolution; timestamp: 91.2251; task: 63; pos: (10, -10); status: COMPLETED; attempt: 1
event: battery_consumption; timestamp: 91.2251; robot: 7; time: 5; initial_level: 657.176; final_level: 657.176
event: navigation; timestamp: 91.2251; robot: 7; time: 5; src: (10, -10); dst: (10, -15)
event: task_execution; timestamp: 16.5529; task: 66; robot: 3; pos: (7, -15); time: 78.1613
event: battery_consumption; timestamp: 16.5529; robot: 3; time: 78.1613; initial_level: 700; final_level: 691.315
event: task_resolution; timestamp: 94.7142; task: 66; pos: (7, -15); status: COMPLETED; attempt: 1
event: battery_consumption; timestamp: 94.7142; robot: 3; time: 5.09902; initial_level: 691.315; final_level: 691.315
event: navigation; timestamp: 94.7142; robot: 3; time: 5.09902; src: (7, -15); dst: (8, -20)
event: task_execution; timestamp: 20.6155; task: 90; robot: 9; pos: (20, 5); time: 75.2756
event: battery_consumption; timestamp: 20.6155; robot: 9; time: 75.2756; initial_level: 700; final_level: 691.636
event: task_resolution; timestamp: 95.8911; task: 90; pos: (20, 5); status: COMPLETED; attempt: 1
event: battery_consumption; timestamp: 95.8911; robot: 9; time: 43.0116; initial_level: 691.636; final_level: 691.636
event: navigation; timestamp: 95.8911; robot: 9; time: 43.0116; src: (20, 5); dst: (55, -20)
event: task_execution; timestamp: 10.7703; task: 48; robot: 6; pos: (-4, -10); time: 86.5967
event: battery_consumption; timestamp: 10.7703; robot: 6; time: 86.5967; initial_level: 700; final_level: 690.378
event: task_resolution; timestamp: 97.367; task: 48; pos: (-4, -10); status: COMPLETED; attempt: 1
event: battery_consumption; timestamp: 97.367; robot: 6; time: 8.06226; initial_level: 690.378; final_level: 690.378
event: navigation; timestamp: 97.367; robot: 6; time: 8.06226; src: (-4, -10); dst: (-5, -18)
event: task_execution; timestamp: 18.0278; task: 47; robot: 8; pos: (-10, -15); time: 81.7735
event: battery_consumption; timestamp: 18.0278; robot: 8; time: 81.7735; initial_level: 700; final_level: 690.914
event: task_resolution; timestamp: 99.8013; task: 47; pos: (-10, -15); status: FAILED; attempt: 1
event: battery_consumption; timestamp: 99.8013; robot: 8; time: 4.24264; initial_level: 690.914; final_level: 690.914
event: navigation; timestamp: 99.8013; robot: 8; time: 4.24264; src: (-10, -15); dst: (-7, -18)
event: task_execution; timestamp: 12.2066; task: 67; robot: 4; pos: (7, -10); time: 87.9606
event: battery_consumption; timestamp: 12.2066; robot: 4; time: 87.9606; initial_level: 700; final_level: 690.227
event: task_resolution; timestamp: 100.167; task: 67; pos: (7, -10); status: FAILED; attempt: 1
event: battery_consumption; timestamp: 100.167; robot: 4; time: 19.7231; initial_level: 690.227; final_level: 690.227
event: navigation; timestamp: 100.167; robot: 4; time: 19.7231; src: (7, -10); dst: (-10, -20)
event: task_execution; timestamp: 21.2603; task: 89; robot: 5; pos: (16, 14); time: 87.8462
event: battery_consumption; timestamp: 21.2603; robot: 5; time: 87.8462; initial_level: 700; final_level: 690.239
event: task_resolution; timestamp: 109.106; task: 89; pos: (16, 14); status: COMPLETED; attempt: 1
event: battery_consumption; timestamp: 109.106; robot: 5; time: 5.65685; initial_level: 690.239; final_level: 690.239
event: navigation; timestamp: 109.106; robot: 5; time: 5.65685; src: (16, 14); dst: (20, 10)
event: task_execution; timestamp: 20.0998; task: 68; robot: 10; pos: (2, -20); time: 89.5939
event: battery_consumption; timestamp: 20.0998; robot: 10; time: 89.5939; initial_level: 700; final_level: 690.045
event: task_resolution; timestamp: 109.694; task: 68; pos: (2, -20); status: COMPLETED; attempt: 1
event: battery_consumption; timestamp: 109.694; robot: 10; time: 5.38516; initial_level: 690.045; final_level: 690.045
event: navigation; timestamp: 109.694; robot: 10; time: 5.38516; src: (2, -20); dst: (4, -25)
event: task_execution; timestamp: 16.5529; task: 43; robot: 1; pos: (-7, -15); time: 99.7424
event: battery_consumption; timestamp: 16.5529; robot: 1; time: 99.7424; initial_level: 700; final_level: 688.918
event: task_resolution; timestamp: 116.295; task: 43; pos: (-7, -15); status: FAILED; attempt: 1
event: battery_consumption; timestamp: 116.295; robot: 1; time: 7.61577; initial_level: 688.918; final_level: 688.918
event: navigation; timestamp: 116.295; robot: 1; time: 7.61577; src: (-7, -15); dst: (-14, -18)
event: task_execution; timestamp: 46.1736; task: 85; robot: 2; pos: (46, -4); time: 99.1899
event: battery_consumption; timestamp: 46.1736; robot: 2; time: 99.1899; initial_level: 700; final_level: 666.937
event: task_resolution; timestamp: 145.363; task: 85; pos: (46, -4); status: COMPLETED; attempt: 1
event: battery_consumption; timestamp: 145.363; robot: 2; time: 11.0454; initial_level: 666.937; final_level: 666.937
event: navigation; timestamp: 145.363; robot: 2; time: 11.0454; src: (46, -4); dst: (45, -15)
event: task_execution; timestamp: 99.8133; task: 64; robot: 3; pos: (8, -20); time: 68.5123
event: battery_consumption; timestamp: 99.8133; robot: 3; time: 68.5123; initial_level: 691.315; final_level: 683.703
event: task_resolution; timestamp: 168.326; task: 64; pos: (8, -20); status: COMPLETED; attempt: 1
event: battery_consumption; timestamp: 168.326; robot: 3; time: 2; initial_level: 683.703; final_level: 683.703
event: navigation; timestamp: 168.326; robot: 3; time: 2; src: (8, -20); dst: (10, -20)
event: task_execution; timestamp: 105.429; task: 41; robot: 6; pos: (-5, -18); time: 87.5363
event: battery_consumption; timestamp: 105.429; robot: 6; time: 87.5363; initial_level: 690.378; final_level: 680.652
event: task_resolution; timestamp: 192.966; task: 41; pos: (-5, -18); status: COMPLETED; attempt: 1
event: battery_consumption; timestamp: 192.966; robot: 6; time: 7.07107; initial_level: 680.652; final_level: 680.652
event: navigation; timestamp: 192.966; robot: 6; time: 7.07107; src: (-5, -18); dst: (-6, -25)
event: task_execution; timestamp: 115.079; task: 65; robot: 10; pos: (4, -25); time: 82.3974
event: battery_consumption; timestamp: 115.079; robot: 10; time: 82.3974; initial_level: 690.045; final_level: 680.89
event: task_resolution; timestamp: 197.476; task: 65; pos: (4, -25); status: COMPLETED; attempt: 1
event: battery_consumption; timestamp: 197.476; robot: 10; time: 6.40312; initial_level: 680.89; final_level: 680.89
event: navigation; timestamp: 197.476; robot: 10; time: 6.40312; src: (4, -25); dst: (8, -30)
event: task_execution; timestamp: 119.89; task: 45; robot: 4; pos: (-10, -20); time: 80.4207
event: battery_consumption; timestamp: 119.89; robot: 4; time: 80.4207; initial_level: 690.227; final_level: 681.291
event: task_resolution; timestamp: 200.311; task: 45; pos: (-10, -20); status: COMPLETED; attempt: 1
event: battery_consumption; timestamp: 200.311; robot: 4; time: 30.4631; initial_level: 681.291; final_level: 681.291
event: navigation; timestamp: 200.311; robot: 4; time: 30.4631; src: (-10, -20); dst: (2, 8)
event: task_execution; timestamp: 120; task: 62; robot: 7; pos: (10, -15); time: 87.0016
event: battery_consumption; timestamp: 120; robot: 7; time: 87.0016; initial_level: 657.176; final_level: 637.842
event: task_resolution; timestamp: 207.002; task: 62; pos: (10, -15); status: FAILED; attempt: 1
event: battery_consumption; timestamp: 207.002; robot: 7; time: 24.3516; initial_level: 637.842; final_level: 637.842
event: navigation; timestamp: 207.002; robot: 7; time: 24.3516; src: (10, -15); dst: (2, 8)
event: task_execution; timestamp: 123.911; task: 50; robot: 1; pos: (-14, -18); time: 87.4519
event: battery_consumption; timestamp: 123.911; robot: 1; time: 87.4519; initial_level: 688.918; final_level: 679.201
event: task_resolution; timestamp: 211.363; task: 50; pos: (-14, -18); status: COMPLETED; attempt: 1
event: battery_consumption; timestamp: 211.363; robot: 1; time: 36.8782; initial_level: 679.201; final_level: 679.201
event: navigation; timestamp: 211.363; robot: 1; time: 36.8782; src: (-14, -18); dst: (22, -10)
event: task_execution; timestamp: 104.044; task: 42; robot: 8; pos: (-7, -18); time: 107.981
event: battery_consumption; timestamp: 104.044; robot: 8; time: 107.981; initial_level: 690.914; final_level: 666.918
event: task_resolution; timestamp: 212.025; task: 42; pos: (-7, -18); status: COMPLETED; attempt: 1
event: battery_consumption; timestamp: 212.025; robot: 8; time: 19.6977; initial_level: 666.918; final_level: 666.918
event: navigation; timestamp: 212.025; robot: 8; time: 19.6977; src: (-7, -18); dst: (-15, 0)
event: task_execution; timestamp: 138.903; task: 70; robot: 9; pos: (55, -20); time: 87.6919
event: battery_consumption; timestamp: 138.903; robot: 9; time: 87.6919; initial_level: 691.636; final_level: 662.405
event: task_resolution; timestamp: 226.595; task: 70; pos: (55, -20); status: COMPLETED; attempt: 1
event: battery_consumption; timestamp: 226.595; robot: 9; time: 3; initial_level: 662.405; final_level: 662.405
event: navigation; timestamp: 226.595; robot: 9; time: 3; src: (55, -20); dst: (52, -20)
event: task_execution; timestamp: 170.326; task: 61; robot: 3; pos: (10, -20); time: 90.0791
event: battery_consumption; timestamp: 170.326; robot: 3; time: 90.0791; initial_level: 683.703; final_level: 673.694
event: task_resolution; timestamp: 260.405; task: 61; pos: (10, -20); status: COMPLETED; attempt: 1
event: battery_consumption; timestamp: 260.405; robot: 3; time: 15.6205; initial_level: 673.694; final_level: 673.694
event: navigation; timestamp: 260.405; robot: 3; time: 15.6205; src: (10, -20); dst: (22, -10)
event: task_execution; timestamp: 156.409; task: 81; robot: 2; pos: (45, -15); time: 105.641
event: battery_consumption; timestamp: 156.409; robot: 2; time: 105.641; initial_level: 666.937; final_level: 631.723
event: task_resolution; timestamp: 262.049; task: 81; pos: (45, -15); status: COMPLETED; attempt: 1
event: battery_consumption; timestamp: 262.049; robot: 2; time: 22.3607; initial_level: 631.723; final_level: 631.723
event: navigation; timestamp: 262.049; robot: 2; time: 22.3607; src: (45, -15); dst: (35, 5)
event: task_execution; timestamp: 203.879; task: 49; robot: 10; pos: (8, -30); time: 65.0561
event: battery_consumption; timestamp: 203.879; robot: 10; time: 65.0561; initial_level: 680.89; final_level: 673.661
event: task_resolution; timestamp: 268.935; task: 49; pos: (8, -30); status: COMPLETED; attempt: 1
event: battery_consumption; timestamp: 268.935; robot: 10; time: 45.1221; initial_level: 673.661; final_level: 673.661
event: navigation; timestamp: 268.935; robot: 10; time: 45.1221; src: (8, -30); dst: (52, -20)
event: task_execution; timestamp: 200.037; task: 46; robot: 6; pos: (-6, -25); time: 81.151
event: battery_consumption; timestamp: 200.037; robot: 6; time: 81.151; initial_level: 680.652; final_level: 653.602
event: task_resolution; timestamp: 281.188; task: 46; pos: (-6, -25); status: COMPLETED; attempt: 1
event: battery_consumption; timestamp: 281.188; robot: 6; time: 19.6469; initial_level: 653.602; final_level: 653.602
event: navigation; timestamp: 281.188; robot: 6; time: 19.6469; src: (-6, -25); dst: (13, -20)
event: task_execution; timestamp: 231.723; task: 24; robot: 8; pos: (-15, 0); time: 71.1959
event: battery_consumption; timestamp: 231.723; robot: 8; time: 71.1959; initial_level: 666.918; final_level: 659.008
event: task_resolution; timestamp: 302.918; task: 24; pos: (-15, 0); status: FAILED; attempt: 1
event: battery_consumption; timestamp: 302.918; robot: 8; time: 34.4093; initial_level: 659.008; final_level: 659.008
event: navigation; timestamp: 302.918; robot: 8; time: 34.4093; src: (-15, 0); dst: (13, -20)
event: task_execution; timestamp: 231.353; task: 93; robot: 4; pos: (2, 8); time: 101.181
event: battery_consumption; timestamp: 231.353; robot: 4; time: 101.181; initial_level: 681.291; final_level: 636.322
event: task_execution; timestamp: 231.353; task: 93; robot: 7; pos: (2, 8); time: 101.181
event: battery_consumption; timestamp: 231.353; robot: 7; time: 101.181; initial_level: 637.842; final_level: 592.873
event: task_resolution; timestamp: 332.534; task: 93; pos: (2, 8); status: COMPLETED; attempt: 1
event: battery_consumption; timestamp: 332.534; robot: 7; time: 29.7321; initial_level: 592.873; final_level: 592.873
event: navigation; timestamp: 332.534; robot: 7; time: 29.7321; src: (2, 8); dst: (22, 30)
event: battery_consumption; timestamp: 332.534; robot: 4; time: 29.7321; initial_level: 636.322; final_level: 636.322
event: navigation; timestamp: 332.534; robot: 4; time: 29.7321; src: (2, 8); dst: (22, 30)
event: task_execution; timestamp: 284.41; task: 82; robot: 2; pos: (35, 5); time: 80.5051
event: battery_consumption; timestamp: 284.41; robot: 2; time: 80.5051; initial_level: 631.723; final_level: 613.833
event: task_resolution; timestamp: 364.915; task: 82; pos: (35, 5); status: COMPLETED; attempt: 1
event: battery_consumption; timestamp: 364.915; robot: 2; time: 3; initial_level: 613.833; final_level: 613.833
event: navigation; timestamp: 364.915; robot: 2; time: 3; src: (35, 5); dst: (32, 5)
event: task_execution; timestamp: 276.025; task: 96; robot: 1; pos: (22, -10); time: 95.3528
event: battery_consumption; timestamp: 276.025; robot: 1; time: 95.3528; initial_level: 679.201; final_level: 668.606
event: task_execution; timestamp: 276.025; task: 96; robot: 3; pos: (22, -10); time: 95.3528
event: battery_consumption; timestamp: 276.025; robot: 3; time: 95.3528; initial_level: 673.694; final_level: 663.099
event: task_resolution; timestamp: 371.378; task: 96; pos: (22, -10); status: COMPLETED; attempt: 1
event: battery_consumption; timestamp: 371.378; robot: 3; time: 42.107; initial_level: 663.099; final_level: 663.099
event: navigation; timestamp: 371.378; robot: 3; time: 42.107; src: (22, -10); dst: (25, 32)
event: battery_consumption; timestamp: 371.378; robot: 1; time: 30.2324; initial_level: 668.606; final_level: 668.606
event: navigation; timestamp: 371.378; robot: 1; time: 30.2324; src: (22, -10); dst: (5, 15)
event: task_execution; timestamp: 314.057; task: 73; robot: 9; pos: (52, -20); time: 77.3133
event: battery_consumption; timestamp: 314.057; robot: 9; time: 77.3133; initial_level: 662.405; final_level: 653.815
event: task_execution; timestamp: 314.057; task: 73; robot: 10; pos: (52, -20); time: 77.3133
event: battery_consumption; timestamp: 314.057; robot: 10; time: 77.3133; initial_level: 673.661; final_level: 665.071
event: task_resolution; timestamp: 391.371; task: 73; pos: (52, -20); status: COMPLETED; attempt: 1
event: battery_consumption; timestamp: 391.371; robot: 9; time: 58.6003; initial_level: 653.815; final_level: 653.815
event: navigation; timestamp: 391.371; robot: 9; time: 58.6003; src: (52, -20); dst: (5, 15)
event: battery_consumption; timestamp: 391.371; robot: 10; time: 5.83095; initial_level: 665.071; final_level: 665.071
event: navigation; timestamp: 391.371; robot: 10; time: 5.83095; src: (52, -20); dst: (55, -15)
event: task_execution; timestamp: 337.328; task: 72; robot: 6; pos: (13, -20); time: 78.4975
event: battery_consumption; timestamp: 337.328; robot: 6; time: 78.4975; initial_level: 653.602; final_level: 644.88
event: task_execution; timestamp: 337.328; task: 72; robot: 8; pos: (13, -20); time: 78.4975
event: battery_consumption; timestamp: 337.328; robot: 8; time: 78.4975; initial_level: 659.008; final_level: 650.286
event: task_resolution; timestamp: 415.825; task: 72; pos: (13, -20); status: COMPLETED; attempt: 1
event: battery_consumption; timestamp: 415.825; robot: 6; time: 42.2966; initial_level: 644.88; final_level: 644.88
event: navigation; timestamp: 415.825; robot: 6; time: 42.2966; src: (13, -20); dst: (55, -15)
event: battery_consumption; timestamp: 415.825; robot: 8; time: 33.3017; initial_level: 650.286; final_level: 650.286
event: navigation; timestamp: 415.825; robot: 8; time: 33.3017; src: (13, -20); dst: (-12, 2)
event: task_execution; timestamp: 367.915; task: 83; robot: 2; pos: (32, 5); time: 78.4374
event: battery_consumption; timestamp: 367.915; robot: 2; time: 78.4374; initial_level: 613.833; final_level: 605.118
event: task_resolution; timestamp: 446.352; task: 83; pos: (32, 5); status: COMPLETED; attempt: 1
event: battery_consumption; timestamp: 446.352; robot: 2; time: 42.0119; initial_level: 605.118; final_level: 605.118
event: navigation; timestamp: 446.352; robot: 2; time: 42.0119; src: (32, 5); dst: (-10, 6)
event: task_execution; timestamp: 362.266; task: 95; robot: 4; pos: (22, 30); time: 97.4793
event: battery_consumption; timestamp: 362.266; robot: 4; time: 97.4793; initial_level: 636.322; final_level: 603.829
event: task_execution; timestamp: 362.266; task: 95; robot: 7; pos: (22, 30); time: 97.4793
event: battery_consumption; timestamp: 362.266; robot: 7; time: 97.4793; initial_level: 592.873; final_level: 560.38
event: task_resolution; timestamp: 459.745; task: 95; pos: (22, 30); status: COMPLETED; attempt: 1
event: battery_consumption; timestamp: 459.745; robot: 4; time: 3.60555; initial_level: 603.829; final_level: 603.829
event: navigation; timestamp: 459.745; robot: 4; time: 3.60555; src: (22, 30); dst: (25, 32)
event: battery_consumption; timestamp: 459.745; robot: 7; time: 5.38516; initial_level: 560.38; final_level: 560.38
event: navigation; timestamp: 459.745; robot: 7; time: 5.38516; src: (22, 30); dst: (20, 35)
event: task_execution; timestamp: 449.127; task: 22; robot: 8; pos: (-12, 2); time: 73.5783
event: battery_consumption; timestamp: 449.127; robot: 8; time: 73.5783; initial_level: 650.286; final_level: 633.935
event: task_resolution; timestamp: 522.705; task: 22; pos: (-12, 2); status: COMPLETED; attempt: 1
event: battery_consumption; timestamp: 522.705; robot: 8; time: 5; initial_level: 633.935; final_level: 633.935
event: navigation; timestamp: 522.705; robot: 8; time: 5; src: (-12, 2); dst: (-17, 2)
event: task_execution; timestamp: 458.122; task: 71; robot: 6; pos: (55, -15); time: 82.3408
event: battery_consumption; timestamp: 458.122; robot: 6; time: 82.3408; initial_level: 644.88; final_level: 626.582
event: task_execution; timestamp: 458.122; task: 71; robot: 10; pos: (55, -15); time: 82.3408
event: battery_consumption; timestamp: 458.122; robot: 10; time: 82.3408; initial_level: 665.071; final_level: 646.773
event: task_resolution; timestamp: 540.463; task: 71; pos: (55, -15); status: FAILED; attempt: 1
event: battery_consumption; timestamp: 540.463; robot: 6; time: 50; initial_level: 626.582; final_level: 626.582
event: navigation; timestamp: 540.463; robot: 6; time: 50; src: (55, -15); dst: (5, -15)
event: battery_consumption; timestamp: 540.463; robot: 10; time: 14.1421; initial_level: 646.773; final_level: 646.773
event: navigation; timestamp: 540.463; robot: 10; time: 14.1421; src: (55, -15); dst: (45, -25)
event: task_execution; timestamp: 463.351; task: 94; robot: 3; pos: (25, 32); time: 86.6896
event: battery_consumption; timestamp: 463.351; robot: 3; time: 86.6896; initial_level: 663.099; final_level: 653.467
event: task_execution; timestamp: 463.351; task: 94; robot: 4; pos: (25, 32); time: 86.6896
event: battery_consumption; timestamp: 463.351; robot: 4; time: 86.6896; initial_level: 603.829; final_level: 594.196
event: task_resolution; timestamp: 550.04; task: 94; pos: (25, 32); status: COMPLETED; attempt: 1
event: battery_consumption; timestamp: 550.04; robot: 3; time: 5.83095; initial_level: 653.467; final_level: 653.467
event: navigation; timestamp: 550.04; robot: 3; time: 5.83095; src: (25, 32); dst: (20, 35)
event: battery_consumption; timestamp: 550.04; robot: 4; time: 5.83095; initial_level: 594.196; final_level: 594.196
event: navigation; timestamp: 550.04; robot: 4; time: 5.83095; src: (25, 32); dst: (20, 35)
event: task_execution; timestamp: 449.971; task: 75; robot: 1; pos: (5, 15); time: 101.936
event: battery_consumption; timestamp: 449.971; robot: 1; time: 101.936; initial_level: 668.606; final_level: 645.954
event: task_execution; timestamp: 449.971; task: 75; robot: 9; pos: (5, 15); time: 101.936
event: battery_consumption; timestamp: 449.971; robot: 9; time: 101.936; initial_level: 653.815; final_level: 631.163
event: task_resolution; timestamp: 551.907; task: 75; pos: (5, 15); status: COMPLETED; attempt: 1
event: battery_consumption; timestamp: 551.907; robot: 1; time: 26.9258; initial_level: 645.954; final_level: 645.954
event: navigation; timestamp: 551.907; robot: 1; time: 26.9258; src: (5, 15); dst: (-20, 5)
event: battery_consumption; timestamp: 551.907; robot: 9; time: 29.1548; initial_level: 631.163; final_level: 631.163
event: navigation; timestamp: 551.907; robot: 9; time: 29.1548; src: (5, 15); dst: (-20, 0)
event: task_execution; timestamp: 488.364; task: 21; robot: 2; pos: (-10, 6); time: 64.4041
event: battery_consumption; timestamp: 488.364; robot: 2; time: 64.4041; initial_level: 605.118; final_level: 590.806
event: task_resolution; timestamp: 552.769; task: 21; pos: (-10, 6); status: FAILED; attempt: 1
event: battery_consumption; timestamp: 552.769; robot: 2; time: 22.8035; initial_level: 590.806; final_level: 590.806
event: navigation; timestamp: 552.769; robot: 2; time: 22.8035; src: (-10, 6); dst: (-32, 12)
event: task_execution; timestamp: 527.705; task: 27; robot: 8; pos: (-17, 2); time: 86.7023
event: battery_consumption; timestamp: 527.705; robot: 8; time: 86.7023; initial_level: 633.935; final_level: 624.301
event: task_resolution; timestamp: 614.407; task: 27; pos: (-17, 2); status: COMPLETED; attempt: 1
event: battery_consumption; timestamp: 614.407; robot: 8; time: 19.2354; initial_level: 624.301; final_level: 624.301
event: navigation; timestamp: 614.407; robot: 8; time: 19.2354; src: (-17, 2); dst: (-36, 5)
event: task_execution; timestamp: 555.871; task: 97; robot: 3; pos: (20, 35); time: 94.8867
event: battery_consumption; timestamp: 555.871; robot: 3; time: 94.8867; initial_level: 653.467; final_level: 621.838
event: task_execution; timestamp: 555.871; task: 97; robot: 4; pos: (20, 35); time: 94.8867
event: battery_consumption; timestamp: 555.871; robot: 4; time: 94.8867; initial_level: 594.196; final_level: 562.568
event: task_execution; timestamp: 555.871; task: 97; robot: 7; pos: (20, 35); time: 94.8867
event: battery_consumption; timestamp: 555.871; robot: 7; time: 94.8867; initial_level: 560.38; final_level: 528.751
event: task_resolution; timestamp: 650.758; task: 97; pos: (20, 35); status: COMPLETED; attempt: 1
event: battery_consumption; timestamp: 650.758; robot: 7; time: 7; initial_level: 528.751; final_level: 528.751
event: navigation; timestamp: 650.758; robot: 7; time: 7; src: (20, 35); dst: (27, 35)
event: battery_consumption; timestamp: 650.758; robot: 3; time: 7; initial_level: 621.838; final_level: 621.838
event: navigation; timestamp: 650.758; robot: 3; time: 7; src: (20, 35); dst: (27, 35)
event: battery_consumption; timestamp: 650.758; robot: 4; time: 5; initial_level: 562.568; final_level: 562.568
event: navigation; timestamp: 650.758; robot: 4; time: 5; src: (20, 35); dst: (15, 35)
event: battery_consumption; timestamp: 662; robot: 4; time: 10.4403; initial_level: 562.568; final_level: 562.568
event: navigation; timestamp: 662; robot: 4; time: 10.4403; src: (15, 35); dst: (18, 25)
event: task_execution; timestamp: 578.832; task: 30; robot: 1; pos: (-20, 5); time: 87.3817
event: battery_consumption; timestamp: 578.832; robot: 1; time: 87.3817; initial_level: 645.954; final_level: 636.244
event: task_resolution; timestamp: 666.214; task: 30; pos: (-20, 5); status: FAILED; attempt: 1
event: battery_consumption; timestamp: 666.214; robot: 1; time: 71.5891; initial_level: 636.244; final_level: 636.244
event: navigation; timestamp: 666.214; robot: 1; time: 71.5891; src: (-20, 5); dst: (45, -25)
event: task_execution; timestamp: 581.061; task: 29; robot: 9; pos: (-20, 0); time: 86.4746
event: battery_consumption; timestamp: 581.061; robot: 9; time: 86.4746; initial_level: 631.163; final_level: 621.554
event: task_resolution; timestamp: 667.536; task: 29; pos: (-20, 0); status: COMPLETED; attempt: 1
event: battery_consumption; timestamp: 667.536; robot: 9; time: 45.4863; initial_level: 621.554; final_level: 621.554
event: navigation; timestamp: 667.536; robot: 9; time: 45.4863; src: (-20, 0); dst: (18, 25)
event: task_execution; timestamp: 575.572; task: 26; robot: 2; pos: (-32, 12); time: 111.689
event: battery_consumption; timestamp: 575.572; robot: 2; time: 111.689; initial_level: 590.806; final_level: 578.396
event: task_resolution; timestamp: 687.261; task: 26; pos: (-32, 12); status: COMPLETED; attempt: 1
event: battery_consumption; timestamp: 687.261; robot: 2; time: 85.4283; initial_level: 578.396; final_level: 578.396
event: navigation; timestamp: 687.261; robot: 2; time: 85.4283; src: (-32, 12); dst: (45, -25)
event: task_execution; timestamp: 633.643; task: 28; robot: 8; pos: (-36, 5); time: 92.0111
event: battery_consumption; timestamp: 633.643; robot: 8; time: 92.0111; initial_level: 624.301; final_level: 603.854
event: task_resolution; timestamp: 725.654; task: 28; pos: (-36, 5); status: FAILED; attempt: 1
event: battery_consumption; timestamp: 725.654; robot: 8; time: 29; initial_level: 603.854; final_level: 603.854
event: navigation; timestamp: 725.654; robot: 8; time: 29; src: (-36, 5); dst: (-15, -15)
event: task_execution; timestamp: 680; task: 69; robot: 6; pos: (5, -15); time: 80.7085
event: battery_consumption; timestamp: 680; robot: 6; time: 80.7085; initial_level: 626.582; final_level: 617.614
event: task_resolution; timestamp: 760.709; task: 69; pos: (5, -15); status: FAILED; attempt: 1
event: battery_consumption; timestamp: 760.709; robot: 6; time: 20; initial_level: 617.614; final_level: 617.614
event: navigation; timestamp: 760.709; robot: 6; time: 20; src: (5, -15); dst: (-15, -15)
event: task_execution; timestamp: 694; task: 92; robot: 3; pos: (27, 35); time: 100.06
event: battery_consumption; timestamp: 694; robot: 3; time: 100.06; initial_level: 621.838; final_level: 599.603
event: task_execution; timestamp: 694; task: 92; robot: 7; pos: (27, 35); time: 100.06
event: battery_consumption; timestamp: 694; robot: 7; time: 100.06; initial_level: 528.751; final_level: 506.516
event: task_resolution; timestamp: 794.06; task: 92; pos: (27, 35); status: COMPLETED; attempt: 1
event: battery_consumption; timestamp: 794.06; robot: 7; time: 13.4536; initial_level: 506.516; final_level: 506.516
event: navigation; timestamp: 794.06; robot: 7; time: 13.4536; src: (27, 35); dst: (18, 25)
event: battery_consumption; timestamp: 794.06; robot: 3; time: 69.2026; initial_level: 599.603; final_level: 599.603
event: navigation; timestamp: 794.06; robot: 3; time: 69.2026; src: (27, 35); dst: (-15, -20)
event: task_execution; timestamp: 772.689; task: 80; robot: 1; pos: (45, -25); time: 89.7215
event: battery_consumption; timestamp: 772.689; robot: 1; time: 89.7215; initial_level: 636.244; final_level: 626.275
event: task_execution; timestamp: 772.689; task: 80; robot: 2; pos: (45, -25); time: 89.7215
event: battery_consumption; timestamp: 772.689; robot: 2; time: 89.7215; initial_level: 578.396; final_level: 568.427
event: task_execution; timestamp: 772.689; task: 80; robot: 10; pos: (45, -25); time: 89.7215
event: battery_consumption; timestamp: 772.689; robot: 10; time: 89.7215; initial_level: 646.773; final_level: 636.804
event: task_resolution; timestamp: 862.411; task: 80; pos: (45, -25); status: COMPLETED; attempt: 1
event: battery_consumption; timestamp: 862.411; robot: 2; time: 16.5529; initial_level: 568.427; final_level: 568.427
event: navigation; timestamp: 862.411; robot: 2; time: 16.5529; src: (45, -25); dst: (38, -10)
event: battery_consumption; timestamp: 862.411; robot: 1; time: 16.5529; initial_level: 626.275; final_level: 626.275
event: navigation; timestamp: 862.411; robot: 1; time: 16.5529; src: (45, -25); dst: (38, -10)
event: battery_consumption; timestamp: 862.411; robot: 10; time: 16.5529; initial_level: 636.804; final_level: 636.804
event: navigation; timestamp: 862.411; robot: 10; time: 16.5529; src: (45, -25); dst: (38, -10)
event: task_execution; timestamp: 780.709; task: 52; robot: 6; pos: (-15, -15); time: 89.9386
event: battery_consumption; timestamp: 780.709; robot: 6; time: 89.9386; initial_level: 617.614; final_level: 607.621
event: task_execution; timestamp: 780.709; task: 52; robot: 8; pos: (-15, -15); time: 89.9386
event: battery_consumption; timestamp: 780.709; robot: 8; time: 89.9386; initial_level: 603.854; final_level: 593.861
event: task_resolution; timestamp: 870.647; task: 52; pos: (-15, -15); status: COMPLETED; attempt: 1
event: battery_consumption; timestamp: 870.647; robot: 8; time: 5; initial_level: 593.861; final_level: 593.861
event: navigation; timestamp: 870.647; robot: 8; time: 5; src: (-15, -15); dst: (-15, -20)
event: battery_consumption; timestamp: 870.647; robot: 6; time: 30.2324; initial_level: 607.621; final_level: 607.621
event: navigation; timestamp: 870.647; robot: 6; time: 30.2324; src: (-15, -15); dst: (2, -40)
event: task_execution; timestamp: 807.514; task: 98; robot: 4; pos: (18, 25); time: 92.8639
event: battery_consumption; timestamp: 807.514; robot: 4; time: 92.8639; initial_level: 562.568; final_level: 541.931
event: task_execution; timestamp: 807.514; task: 98; robot: 7; pos: (18, 25); time: 92.8639
event: battery_consumption; timestamp: 807.514; robot: 7; time: 92.8639; initial_level: 506.516; final_level: 485.879
event: task_execution; timestamp: 807.514; task: 98; robot: 9; pos: (18, 25); time: 92.8639
event: battery_consumption; timestamp: 807.514; robot: 9; time: 92.8639; initial_level: 621.554; final_level: 600.918
event: task_resolution; timestamp: 900.378; task: 98; pos: (18, 25); status: COMPLETED; attempt: 1
event: battery_consumption; timestamp: 900.378; robot: 9; time: 5; initial_level: 600.918; final_level: 600.918
event: navigation; timestamp: 900.378; robot: 9; time: 5; src: (18, 25); dst: (18, 20)
event: battery_consumption; timestamp: 900.378; robot: 7; time: 6; initial_level: 485.879; final_level: 485.879
event: navigation; timestamp: 900.378; robot: 7; time: 6; src: (18, 25); dst: (12, 25)
event: battery_consumption; timestamp: 900.378; robot: 4; time: 7.2111; initial_level: 541.931; final_level: 541.931
event: navigation; timestamp: 900.378; robot: 4; time: 7.2111; src: (18, 25); dst: (22, 19)
event: task_execution; timestamp: 875.647; task: 51; robot: 3; pos: (-15, -20); time: 101.472
event: battery_consumption; timestamp: 875.647; robot: 3; time: 101.472; initial_level: 599.603; final_level: 588.328
event: task_execution; timestamp: 875.647; task: 51; robot: 8; pos: (-15, -20); time: 101.472
event: battery_consumption; timestamp: 875.647; robot: 8; time: 101.472; initial_level: 593.861; final_level: 582.587
event: task_resolution; timestamp: 977.12; task: 51; pos: (-15, -20); status: FAILED; attempt: 1
event: battery_consumption; timestamp: 977.12; robot: 8; time: 26.2488; initial_level: 582.587; final_level: 582.587
event: navigation; timestamp: 977.12; robot: 8; time: 26.2488; src: (-15, -20); dst: (2, -40)
event: battery_consumption; timestamp: 977.12; robot: 3; time: 29.1548; initial_level: 588.328; final_level: 588.328
event: navigation; timestamp: 977.12; robot: 3; time: 29.1548; src: (-15, -20); dst: (0, -45)
event: task_execution; timestamp: 878.964; task: 78; robot: 1; pos: (38, -10); time: 107.272
event: battery_consumption; timestamp: 878.964; robot: 1; time: 107.272; initial_level: 626.275; final_level: 602.437
event: task_execution; timestamp: 878.964; task: 78; robot: 2; pos: (38, -10); time: 107.272
event: battery_consumption; timestamp: 878.964; robot: 2; time: 107.272; initial_level: 568.427; final_level: 544.589
event: task_execution; timestamp: 878.964; task: 78; robot: 10; pos: (38, -10); time: 107.272
event: battery_consumption; timestamp: 878.964; robot: 10; time: 107.272; initial_level: 636.804; final_level: 612.966
event: task_resolution; timestamp: 986.236; task: 78; pos: (38, -10); status: COMPLETED; attempt: 1
event: battery_consumption; timestamp: 986.236; robot: 1; time: 51.6624; initial_level: 602.437; final_level: 602.437
event: navigation; timestamp: 986.236; robot: 1; time: 51.6624; src: (38, -10); dst: (0, -45)
event: battery_consumption; timestamp: 986.236; robot: 10; time: 43.8292; initial_level: 612.966; final_level: 612.966
event: navigation; timestamp: 986.236; robot: 10; time: 43.8292; src: (38, -10); dst: (2, -35)
event: battery_consumption; timestamp: 986.236; robot: 2; time: 43.8292; initial_level: 544.589; final_level: 544.589
event: navigation; timestamp: 986.236; robot: 2; time: 43.8292; src: (38, -10); dst: (2, -35)
event: task_execution; timestamp: 905.378; task: 7; robot: 9; pos: (18, 20); time: 90.2133
event: battery_consumption; timestamp: 905.378; robot: 9; time: 90.2133; initial_level: 600.918; final_level: 580.871
event: task_resolution; timestamp: 995.591; task: 7; pos: (18, 20); status: FAILED; attempt: 1
event: battery_consumption; timestamp: 995.591; robot: 9; time: 13; initial_level: 580.871; final_level: 580.871
event: navigation; timestamp: 995.591; robot: 9; time: 13; src: (18, 20); dst: (5, 20)
event: task_execution; timestamp: 906.378; task: 1; robot: 7; pos: (12, 25); time: 97.742
event: battery_consumption; timestamp: 906.378; robot: 7; time: 97.742; initial_level: 485.879; final_level: 475.019
event: task_resolution; timestamp: 1004.12; task: 1; pos: (12, 25); status: COMPLETED; attempt: 1
event: battery_consumption; timestamp: 1004.12; robot: 7; time: 14.1421; initial_level: 475.019; final_level: 475.019
event: navigation; timestamp: 1004.12; robot: 7; time: 14.1421; src: (12, 25); dst: (2, 15)
event: task_execution; timestamp: 907.589; task: 3; robot: 4; pos: (22, 19); time: 99.1196
event: battery_consumption; timestamp: 907.589; robot: 4; time: 99.1196; initial_level: 541.931; final_level: 530.918
event: task_resolution; timestamp: 1006.71; task: 3; pos: (22, 19); status: COMPLETED; attempt: 1
event: battery_consumption; timestamp: 1006.71; robot: 4; time: 27.1662; initial_level: 530.918; final_level: 530.918
event: navigation; timestamp: 1006.71; robot: 4; time: 27.1662; src: (22, 19); dst: (-5, 16)
event: task_execution; timestamp: 1003.37; task: 54; robot: 6; pos: (2, -40); time: 94.37
event: battery_consumption; timestamp: 1003.37; robot: 6; time: 94.37; initial_level: 607.621; final_level: 565.679
event: task_execution; timestamp: 1003.37; task: 54; robot: 8; pos: (2, -40); time: 94.37
event: battery_consumption; timestamp: 1003.37; robot: 8; time: 94.37; initial_level: 582.587; final_level: 540.644
event: task_resolution; timestamp: 1097.74; task: 54; pos: (2, -40); status: COMPLETED; attempt: 1
event: battery_consumption; timestamp: 1097.74; robot: 8; time: 4; initial_level: 540.644; final_level: 540.644
event: navigation; timestamp: 1097.74; robot: 8; time: 4; src: (2, -40); dst: (-2, -40)
event: battery_consumption; timestamp: 1097.74; robot: 6; time: 4; initial_level: 565.679; final_level: 565.679
event: navigation; timestamp: 1097.74; robot: 6; time: 4; src: (2, -40); dst: (-2, -40)
event: task_execution; timestamp: 1008.59; task: 2; robot: 9; pos: (5, 20); time: 95.2346
event: battery_consumption; timestamp: 1008.59; robot: 9; time: 95.2346; initial_level: 580.871; final_level: 549.126
event: task_resolution; timestamp: 1103.83; task: 2; pos: (5, 20); status: COMPLETED; attempt: 1
event: battery_consumption; timestamp: 1103.83; robot: 9; time: 27.7308; initial_level: 549.126; final_level: 549.126
event: navigation; timestamp: 1103.83; robot: 9; time: 27.7308; src: (5, 20); dst: (30, 8)
event: task_execution; timestamp: 1018.26; task: 5; robot: 7; pos: (2, 15); time: 93.9926
event: battery_consumption; timestamp: 1018.26; robot: 7; time: 93.9926; initial_level: 475.019; final_level: 464.575
event: task_resolution; timestamp: 1112.25; task: 5; pos: (2, 15); status: FAILED; attempt: 1
event: battery_consumption; timestamp: 1112.25; robot: 7; time: 34.7131; initial_level: 464.575; final_level: 464.575
event: navigation; timestamp: 1112.25; robot: 7; time: 34.7131; src: (2, 15); dst: (-24, -8)
event: task_execution; timestamp: 1033.87; task: 10; robot: 4; pos: (-5, 16); time: 79.9586
event: battery_consumption; timestamp: 1033.87; robot: 4; time: 79.9586; initial_level: 530.918; final_level: 522.034
event: task_resolution; timestamp: 1113.83; task: 10; pos: (-5, 16); status: COMPLETED; attempt: 1
event: battery_consumption; timestamp: 1113.83; robot: 4; time: 34.2053; initial_level: 522.034; final_level: 522.034
event: navigation; timestamp: 1113.83; robot: 4; time: 34.2053; src: (-5, 16); dst: (-32, -5)
event: task_execution; timestamp: 1037.9; task: 56; robot: 1; pos: (0, -45); time: 84.3592
event: battery_consumption; timestamp: 1037.9; robot: 1; time: 84.3592; initial_level: 602.437; final_level: 574.317
event: task_execution; timestamp: 1037.9; task: 56; robot: 3; pos: (0, -45); time: 84.3592
event: battery_consumption; timestamp: 1037.9; robot: 3; time: 84.3592; initial_level: 588.328; final_level: 560.208
event: task_resolution; timestamp: 1122.26; task: 56; pos: (0, -45); status: FAILED; attempt: 1
event: battery_consumption; timestamp: 1122.26; robot: 1; time: 5.38516; initial_level: 574.317; final_level: 574.317
event: navigation; timestamp: 1122.26; robot: 1; time: 5.38516; src: (0, -45); dst: (-2, -40)
event: battery_consumption; timestamp: 1122.26; robot: 3; time: 51.225; initial_level: 560.208; final_level: 560.208
event: navigation; timestamp: 1122.26; robot: 3; time: 51.225; src: (0, -45); dst: (-32, -5)
event: task_execution; timestamp: 1065; task: 55; robot: 2; pos: (2, -35); time: 95.5952
event: battery_consumption; timestamp: 1065; robot: 2; time: 95.5952; initial_level: 544.589; final_level: 533.967
event: task_execution; timestamp: 1065; task: 55; robot: 10; pos: (2, -35); time: 95.5952
event: battery_consumption; timestamp: 1065; robot: 10; time: 95.5952; initial_level: 612.966; final_level: 602.344
event: task_resolution; timestamp: 1160.6; task: 55; pos: (2, -35); status: FAILED; attempt: 1
event: battery_consumption; timestamp: 1160.6; robot: 10; time: 4; initial_level: 602.344; final_level: 602.344
event: navigation; timestamp: 1160.6; robot: 10; time: 4; src: (2, -35); dst: (-2, -35)
event: battery_consumption; timestamp: 1160.6; robot: 2; time: 4; initial_level: 533.967; final_level: 533.967
event: navigation; timestamp: 1160.6; robot: 2; time: 4; src: (2, -35); dst: (-2, -35)
event: task_execution; timestamp: 1127.64; task: 59; robot: 1; pos: (-2, -40); time: 92.059
event: battery_consumption; timestamp: 1127.64; robot: 1; time: 92.059; initial_level: 574.317; final_level: 564.089
event: task_execution; timestamp: 1127.64; task: 59; robot: 6; pos: (-2, -40); time: 92.059
event: battery_consumption; timestamp: 1127.64; robot: 6; time: 92.059; initial_level: 565.679; final_level: 555.45
event: task_execution; timestamp: 1127.64; task: 59; robot: 8; pos: (-2, -40); time: 92.059
event: battery_consumption; timestamp: 1127.64; robot: 8; time: 92.059; initial_level: 540.644; final_level: 530.416
event: task_resolution; timestamp: 1219.7; task: 59; pos: (-2, -40); status: FAILED; attempt: 1
event: battery_consumption; timestamp: 1219.7; robot: 1; time: 5; initial_level: 564.089; final_level: 564.089
event: navigation; timestamp: 1219.7; robot: 1; time: 5; src: (-2, -40); dst: (-2, -35)
event: battery_consumption; timestamp: 1219.7; robot: 8; time: 7.81025; initial_level: 530.416; final_level: 530.416
event: navigation; timestamp: 1219.7; robot: 8; time: 7.81025; src: (-2, -40); dst: (4, -45)
event: battery_consumption; timestamp: 1219.7; robot: 6; time: 7.81025; initial_level: 555.45; final_level: 555.45
event: navigation; timestamp: 1219.7; robot: 6; time: 7.81025; src: (-2, -40); dst: (4, -45)
event: task_execution; timestamp: 1146.97; task: 6; robot: 7; pos: (-24, -8); time: 88.8705
event: battery_consumption; timestamp: 1146.97; robot: 7; time: 88.8705; initial_level: 464.575; final_level: 444.826
event: task_resolution; timestamp: 1235.84; task: 6; pos: (-24, -8); status: FAILED; attempt: 1
event: battery_consumption; timestamp: 1235.84; robot: 7; time: 6.32456; initial_level: 444.826; final_level: 444.826
event: navigation; timestamp: 1235.84; robot: 7; time: 6.32456; src: (-24, -8); dst: (-30, -10)
event: task_execution; timestamp: 1173.48; task: 34; robot: 3; pos: (-32, -5); time: 98.2757
event: battery_consumption; timestamp: 1173.48; robot: 3; time: 98.2757; initial_level: 560.208; final_level: 538.369
event: task_execution; timestamp: 1173.48; task: 34; robot: 4; pos: (-32, -5); time: 98.2757
event: battery_consumption; timestamp: 1173.48; robot: 4; time: 98.2757; initial_level: 522.034; final_level: 500.195
event: task_resolution; timestamp: 1271.76; task: 34; pos: (-32, -5); status: COMPLETED; attempt: 1
event: battery_consumption; timestamp: 1271.76; robot: 4; time: 5.38516; initial_level: 500.195; final_level: 500.195
event: navigation; timestamp: 1271.76; robot: 4; time: 5.38516; src: (-32, -5); dst: (-30, -10)
event: battery_consumption; timestamp: 1271.76; robot: 3; time: 3; initial_level: 538.369; final_level: 538.369
event: navigation; timestamp: 1271.76; robot: 3; time: 3; src: (-32, -5); dst: (-35, -5)
event: task_execution; timestamp: 1224.7; task: 57; robot: 1; pos: (-2, -35); time: 97.4111
event: battery_consumption; timestamp: 1224.7; robot: 1; time: 97.4111; initial_level: 564.089; final_level: 520.795
event: task_execution; timestamp: 1224.7; task: 57; robot: 2; pos: (-2, -35); time: 97.4111
event: battery_consumption; timestamp: 1224.7; robot: 2; time: 97.4111; initial_level: 533.967; final_level: 490.673
event: task_execution; timestamp: 1224.7; task: 57; robot: 10; pos: (-2, -35); time: 97.4111
event: battery_consumption; timestamp: 1224.7; robot: 10; time: 97.4111; initial_level: 602.344; final_level: 559.05
event: task_resolution; timestamp: 1322.11; task: 57; pos: (-2, -35); status: FAILED; attempt: 1
event: battery_consumption; timestamp: 1322.11; robot: 1; time: 44.5982; initial_level: 520.795; final_level: 520.795
event: navigation; timestamp: 1322.11; robot: 1; time: 44.5982; src: (-2, -35); dst: (-35, -5)
event: battery_consumption; timestamp: 1322.11; robot: 10; time: 10.4403; initial_level: 559.05; final_level: 559.05
event: navigation; timestamp: 1322.11; robot: 10; time: 10.4403; src: (-2, -35); dst: (-5, -45)
event: battery_consumption; timestamp: 1322.11; robot: 2; time: 10.4403; initial_level: 490.673; final_level: 490.673
event: navigation; timestamp: 1322.11; robot: 2; time: 10.4403; src: (-2, -35); dst: (-5, -45)
event: task_execution; timestamp: 1256; task: 53; robot: 6; pos: (4, -45); time: 100.961
event: battery_consumption; timestamp: 1256; robot: 6; time: 100.961; initial_level: 555.45; final_level: 533.014
event: task_execution; timestamp: 1256; task: 53; robot: 8; pos: (4, -45); time: 100.961
event: battery_consumption; timestamp: 1256; robot: 8; time: 100.961; initial_level: 530.416; final_level: 507.98
event: task_resolution; timestamp: 1356.96; task: 53; pos: (4, -45); status: COMPLETED; attempt: 1
event: battery_consumption; timestamp: 1356.96; robot: 6; time: 9; initial_level: 533.014; final_level: 533.014
event: navigation; timestamp: 1356.96; robot: 6; time: 9; src: (4, -45); dst: (-5, -45)
event: battery_consumption; timestamp: 1356.96; robot: 8; time: 45.3431; initial_level: 507.98; final_level: 507.98
event: navigation; timestamp: 1356.96; robot: 8; time: 45.3431; src: (4, -45); dst: (-30, -15)
event: task_execution; timestamp: 1277.14; task: 32; robot: 4; pos: (-30, -10); time: 93.1451
event: battery_consumption; timestamp: 1277.14; robot: 4; time: 93.1451; initial_level: 500.195; final_level: 469.146
event: task_execution; timestamp: 1277.14; task: 32; robot: 7; pos: (-30, -10); time: 93.1451
event: battery_consumption; timestamp: 1277.14; robot: 7; time: 93.1451; initial_level: 444.826; final_level: 413.778
event: task_resolution; timestamp: 1370.29; task: 32; pos: (-30, -10); status: COMPLETED; attempt: 1
event: battery_consumption; timestamp: 1370.29; robot: 4; time: 5; initial_level: 469.146; final_level: 469.146
event: navigation; timestamp: 1370.29; robot: 4; time: 5; src: (-30, -10); dst: (-30, -15)
event: battery_consumption; timestamp: 1370.29; robot: 7; time: 2; initial_level: 413.778; final_level: 413.778
event: navigation; timestamp: 1370.29; robot: 7; time: 2; src: (-30, -10); dst: (-32, -10)
event: task_execution; timestamp: 1366.71; task: 36; robot: 1; pos: (-35, -5); time: 76.8931
event: battery_consumption; timestamp: 1366.71; robot: 1; time: 76.8931; initial_level: 520.795; final_level: 512.251
event: task_execution; timestamp: 1366.71; task: 36; robot: 3; pos: (-35, -5); time: 76.8931
event: battery_consumption; timestamp: 1366.71; robot: 3; time: 76.8931; initial_level: 538.369; final_level: 529.826
event: task_resolution; timestamp: 1443.6; task: 36; pos: (-35, -5); status: COMPLETED; attempt: 1
event: battery_consumption; timestamp: 1443.6; robot: 3; time: 5.83095; initial_level: 529.826; final_level: 529.826
event: navigation; timestamp: 1443.6; robot: 3; time: 5.83095; src: (-35, -5); dst: (-32, -10)
event: battery_consumption; timestamp: 1443.6; robot: 1; time: 10; initial_level: 512.251; final_level: 512.251
event: navigation; timestamp: 1443.6; robot: 1; time: 10; src: (-35, -5); dst: (-35, -15)
event: task_execution; timestamp: 1365.96; task: 60; robot: 2; pos: (-5, -45); time: 96.1075
event: battery_consumption; timestamp: 1365.96; robot: 2; time: 96.1075; initial_level: 490.673; final_level: 469.316
event: task_execution; timestamp: 1365.96; task: 60; robot: 6; pos: (-5, -45); time: 96.1075
event: battery_consumption; timestamp: 1365.96; robot: 6; time: 96.1075; initial_level: 533.014; final_level: 511.657
event: task_execution; timestamp: 1365.96; task: 60; robot: 10; pos: (-5, -45); time: 96.1075
event: battery_consumption; timestamp: 1365.96; robot: 10; time: 96.1075; initial_level: 559.05; final_level: 537.693
event: task_resolution; timestamp: 1462.07; task: 60; pos: (-5, -45); status: COMPLETED; attempt: 1
event: battery_consumption; timestamp: 1462.07; robot: 10; time: 42.4264; initial_level: 537.693; final_level: 537.693
event: navigation; timestamp: 1462.07; robot: 10; time: 42.4264; src: (-5, -45); dst: (-35, -15)
event: battery_consumption; timestamp: 1462.07; robot: 6; time: 3; initial_level: 511.657; final_level: 511.657
event: navigation; timestamp: 1462.07; robot: 6; time: 3; src: (-5, -45); dst: (-2, -45)
event: battery_consumption; timestamp: 1462.07; robot: 2; time: 3; initial_level: 469.316; final_level: 469.316
event: navigation; timestamp: 1462.07; robot: 2; time: 3; src: (-5, -45); dst: (-2, -45)
event: task_execution; timestamp: 1402.3; task: 31; robot: 4; pos: (-30, -15); time: 85.0145
event: battery_consumption; timestamp: 1402.3; robot: 4; time: 85.0145; initial_level: 469.146; final_level: 450.254
event: task_execution; timestamp: 1402.3; task: 31; robot: 8; pos: (-30, -15); time: 85.0145
event: battery_consumption; timestamp: 1402.3; robot: 8; time: 85.0145; initial_level: 507.98; final_level: 489.088
event: task_resolution; timestamp: 1487.32; task: 31; pos: (-30, -15); status: FAILED; attempt: 1
event: battery_consumption; timestamp: 1487.32; robot: 8; time: 41.0366; initial_level: 489.088; final_level: 489.088
event: navigation; timestamp: 1487.32; robot: 8; time: 41.0366; src: (-30, -15); dst: (-2, -45)
event: battery_consumption; timestamp: 1487.32; robot: 4; time: 31.257; initial_level: 450.254; final_level: 450.254
event: navigation; timestamp: 1487.32; robot: 4; time: 31.257; src: (-30, -15); dst: (-26, 16)
event: task_execution; timestamp: 1449.44; task: 33; robot: 3; pos: (-32, -10); time: 83.4046
event: battery_consumption; timestamp: 1449.44; robot: 3; time: 83.4046; initial_level: 529.826; final_level: 492.757
event: task_execution; timestamp: 1449.44; task: 33; robot: 7; pos: (-32, -10); time: 83.4046
event: battery_consumption; timestamp: 1449.44; robot: 7; time: 83.4046; initial_level: 413.778; final_level: 376.709
event: task_resolution; timestamp: 1532.84; task: 33; pos: (-32, -10); status: FAILED; attempt: 1
event: battery_consumption; timestamp: 1532.84; robot: 7; time: 6; initial_level: 376.709; final_level: 376.709
event: navigation; timestamp: 1532.84; robot: 7; time: 6; src: (-32, -10); dst: (-38, -10)
event: battery_consumption; timestamp: 1532.84; robot: 3; time: 6; initial_level: 492.757; final_level: 492.757
event: navigation; timestamp: 1532.84; robot: 3; time: 6; src: (-32, -10); dst: (-38, -10)
event: task_execution; timestamp: 1504.5; task: 35; robot: 1; pos: (-35, -15); time: 89.895
event: battery_consumption; timestamp: 1504.5; robot: 1; time: 89.895; initial_level: 512.251; final_level: 502.263
event: task_execution; timestamp: 1504.5; task: 35; robot: 10; pos: (-35, -15); time: 89.895
event: battery_consumption; timestamp: 1504.5; robot: 10; time: 89.895; initial_level: 537.693; final_level: 527.705
event: task_resolution; timestamp: 1594.39; task: 35; pos: (-35, -15); status: COMPLETED; attempt: 1
event: battery_consumption; timestamp: 1594.39; robot: 1; time: 5.83095; initial_level: 502.263; final_level: 502.263
event: navigation; timestamp: 1594.39; robot: 1; time: 5.83095; src: (-35, -15); dst: (-38, -10)
event: battery_consumption; timestamp: 1594.39; robot: 10; time: 11.1803; initial_level: 527.705; final_level: 527.705
event: navigation; timestamp: 1594.39; robot: 10; time: 11.1803; src: (-35, -15); dst: (-40, -5)
event: battery_consumption; timestamp: 1602; robot: 6; time: 55.1725; initial_level: 511.657; final_level: 511.657
event: navigation; timestamp: 1602; robot: 6; time: 55.1725; src: (-2, -45); dst: (-40, -5)
event: battery_consumption; timestamp: 1602; robot: 8; time: 55.1725; initial_level: 489.088; final_level: 489.088
event: navigation; timestamp: 1602; robot: 8; time: 55.1725; src: (-2, -45); dst: (-40, -5)
event: battery_consumption; timestamp: 1602; robot: 2; time: 13.1529; initial_level: 469.316; final_level: 469.316
event: navigation; timestamp: 1602; robot: 2; time: 13.1529; src: (-2, -45); dst: (-4, -32)
event: task_resolution; timestamp: 1614.32; task: 58; pos: (-2, -45); status: FAILED; attempt: 1
event: task_execution; timestamp: 1600.22; task: 37; robot: 1; pos: (-38, -10); time: 81.9894
event: battery_consumption; timestamp: 1600.22; robot: 1; time: 81.9894; initial_level: 502.263; final_level: 484.043
event: task_execution; timestamp: 1600.22; task: 37; robot: 3; pos: (-38, -10); time: 81.9894
event: battery_consumption; timestamp: 1600.22; robot: 3; time: 81.9894; initial_level: 492.757; final_level: 474.537
event: task_execution; timestamp: 1600.22; task: 37; robot: 7; pos: (-38, -10); time: 81.9894
event: battery_consumption; timestamp: 1600.22; robot: 7; time: 81.9894; initial_level: 376.709; final_level: 358.489
event: task_resolution; timestamp: 1682.21; task: 37; pos: (-38, -10); status: COMPLETED; attempt: 1
event: battery_consumption; timestamp: 1682.21; robot: 1; time: 40.4969; initial_level: 484.043; final_level: 484.043
event: navigation; timestamp: 1682.21; robot: 1; time: 40.4969; src: (-38, -10); dst: (-4, -32)
event: battery_consumption; timestamp: 1682.21; robot: 3; time: 40.4969; initial_level: 474.537; final_level: 474.537
event: navigation; timestamp: 1682.21; robot: 3; time: 40.4969; src: (-38, -10); dst: (-4, -32)
event: battery_consumption; timestamp: 1682.21; robot: 7; time: 48.4665; initial_level: 358.489; final_level: 358.489
event: navigation; timestamp: 1682.21; robot: 7; time: 48.4665; src: (-38, -10); dst: (-20, 35)
event: task_execution; timestamp: 1641; task: 84; robot: 9; pos: (30, 8); time: 86.1358
event: battery_consumption; timestamp: 1641; robot: 9; time: 86.1358; initial_level: 549.126; final_level: 529.984
event: task_resolution; timestamp: 1727.14; task: 84; pos: (30, 8); status: COMPLETED; attempt: 1
event: battery_consumption; timestamp: 1727.14; robot: 9; time: 5; initial_level: 529.984; final_level: 529.984
event: navigation; timestamp: 1727.14; robot: 9; time: 5; src: (30, 8); dst: (26, 5)
event: task_execution; timestamp: 1657.17; task: 39; robot: 6; pos: (-40, -5); time: 75.106
event: battery_consumption; timestamp: 1657.17; robot: 6; time: 75.106; initial_level: 511.657; final_level: 494.967
event: task_execution; timestamp: 1657.17; task: 39; robot: 8; pos: (-40, -5); time: 75.106
event: battery_consumption; timestamp: 1657.17; robot: 8; time: 75.106; initial_level: 489.088; final_level: 472.397
event: task_execution; timestamp: 1657.17; task: 39; robot: 10; pos: (-40, -5); time: 75.106
event: battery_consumption; timestamp: 1657.17; robot: 10; time: 75.106; initial_level: 527.705; final_level: 511.014
event: task_resolution; timestamp: 1732.28; task: 39; pos: (-40, -5); status: FAILED; attempt: 1
event: battery_consumption; timestamp: 1732.28; robot: 10; time: 44.7214; initial_level: 511.014; final_level: 511.014
event: navigation; timestamp: 1732.28; robot: 10; time: 44.7214; src: (-40, -5); dst: (-20, 35)
event: battery_consumption; timestamp: 1732.28; robot: 6; time: 45.6508; initial_level: 494.967; final_level: 494.967
event: navigation; timestamp: 1732.28; robot: 6; time: 45.6508; src: (-40, -5); dst: (-18, 35)
event: battery_consumption; timestamp: 1732.28; robot: 8; time: 45.6508; initial_level: 472.397; final_level: 472.397
event: navigation; timestamp: 1732.28; robot: 8; time: 45.6508; src: (-40, -5); dst: (-18, 35)
event: task_execution; timestamp: 1643; task: 23; robot: 4; pos: (-26, 16); time: 92.4241
event: battery_consumption; timestamp: 1643; robot: 4; time: 92.4241; initial_level: 450.254; final_level: 439.985
event: task_resolution; timestamp: 1735.42; task: 23; pos: (-26, 16); status: FAILED; attempt: 1
event: battery_consumption; timestamp: 1735.42; robot: 4; time: 21.9545; initial_level: 439.985; final_level: 439.985
event: navigation; timestamp: 1735.42; robot: 4; time: 21.9545; src: (-26, 16); dst: (-15, 35)
event: task_execution; timestamp: 1722.71; task: 40; robot: 1; pos: (-4, -32); time: 63.6357
event: battery_consumption; timestamp: 1722.71; robot: 1; time: 63.6357; initial_level: 484.043; final_level: 476.972
event: task_execution; timestamp: 1722.71; task: 40; robot: 2; pos: (-4, -32); time: 63.6357
event: battery_consumption; timestamp: 1722.71; robot: 2; time: 63.6357; initial_level: 469.316; final_level: 462.245
event: task_execution; timestamp: 1722.71; task: 40; robot: 3; pos: (-4, -32); time: 63.6357
event: battery_consumption; timestamp: 1722.71; robot: 3; time: 63.6357; initial_level: 474.537; final_level: 467.466
event: task_resolution; timestamp: 1786.34; task: 40; pos: (-4, -32); status: COMPLETED; attempt: 1
event: battery_consumption; timestamp: 1786.34; robot: 1; time: 67.897; initial_level: 476.972; final_level: 476.972
event: navigation; timestamp: 1786.34; robot: 1; time: 67.897; src: (-4, -32); dst: (-15, 35)
event: battery_consumption; timestamp: 1786.34; robot: 3; time: 39.598; initial_level: 467.466; final_level: 467.466
event: navigation; timestamp: 1786.34; robot: 3; time: 39.598; src: (-4, -32); dst: (24, -4)
event: battery_consumption; timestamp: 1786.34; robot: 2; time: 32.5576; initial_level: 462.245; final_level: 462.245
event: navigation; timestamp: 1786.34; robot: 2; time: 32.5576; src: (-4, -32); dst: (-10, 0)
event: task_execution; timestamp: 1732.14; task: 86; robot: 9; pos: (26, 5); time: 98.819
event: battery_consumption; timestamp: 1732.14; robot: 9; time: 98.819; initial_level: 529.984; final_level: 519.005
event: task_resolution; timestamp: 1830.95; task: 86; pos: (26, 5); status: COMPLETED; attempt: 1
event: battery_consumption; timestamp: 1830.95; robot: 9; time: 7.81025; initial_level: 519.005; final_level: 519.005
event: navigation; timestamp: 1830.95; robot: 9; time: 7.81025; src: (26, 5); dst: (20, 10)
event: task_execution; timestamp: 1777.93; task: 14; robot: 6; pos: (-18, 35); time: 92.7451
event: battery_consumption; timestamp: 1777.93; robot: 6; time: 92.7451; initial_level: 494.967; final_level: 484.661
event: task_execution; timestamp: 1777.93; task: 14; robot: 8; pos: (-18, 35); time: 92.7451
event: battery_consumption; timestamp: 1777.93; robot: 8; time: 92.7451; initial_level: 472.397; final_level: 462.092
event: task_resolution; timestamp: 1870.67; task: 14; pos: (-18, 35); status: COMPLETED; attempt: 1
event: battery_consumption; timestamp: 1870.67; robot: 6; time: 35.9026; initial_level: 484.661; final_level: 484.661
event: navigation; timestamp: 1870.67; robot: 6; time: 35.9026; src: (-18, 35); dst: (-10, 0)
event: battery_consumption; timestamp: 1870.67; robot: 8; time: 35.9026; initial_level: 462.092; final_level: 462.092
event: navigation; timestamp: 1870.67; robot: 8; time: 35.9026; src: (-18, 35); dst: (-10, 0)
event: task_execution; timestamp: 1777; task: 16; robot: 7; pos: (-20, 35); time: 93.9145
event: battery_consumption; timestamp: 1777; robot: 7; time: 93.9145; initial_level: 358.489; final_level: 316.75
event: task_execution; timestamp: 1777; task: 16; robot: 10; pos: (-20, 35); time: 93.9145
event: battery_consumption; timestamp: 1777; robot: 10; time: 93.9145; initial_level: 511.014; final_level: 469.275
event: task_resolution; timestamp: 1870.91; task: 16; pos: (-20, 35); status: COMPLETED; attempt: 1
event: battery_consumption; timestamp: 1870.91; robot: 10; time: 7.07107; initial_level: 469.275; final_level: 469.275
event: navigation; timestamp: 1870.91; robot: 10; time: 7.07107; src: (-20, 35); dst: (-25, 30)
event: battery_consumption; timestamp: 1870.91; robot: 7; time: 66.0984; initial_level: 316.75; final_level: 316.75
event: navigation; timestamp: 1870.91; robot: 7; time: 66.0984; src: (-20, 35); dst: (-8, -30)
event: task_execution; timestamp: 1838.77; task: 91; robot: 5; pos: (20, 10); time: 99.5654
event: battery_consumption; timestamp: 1838.77; robot: 5; time: 99.5654; initial_level: 690.239; final_level: 679.176
event: task_execution; timestamp: 1838.77; task: 91; robot: 9; pos: (20, 10); time: 99.5654
event: battery_consumption; timestamp: 1838.77; robot: 9; time: 99.5654; initial_level: 519.005; final_level: 507.942
event: task_resolution; timestamp: 1938.33; task: 91; pos: (20, 10); status: COMPLETED; attempt: 1
event: battery_consumption; timestamp: 1938.33; robot: 9; time: 5; initial_level: 507.942; final_level: 507.942
event: navigation; timestamp: 1938.33; robot: 9; time: 5; src: (20, 10); dst: (25, 10)
event: battery_consumption; timestamp: 1938.33; robot: 5; time: 49.2443; initial_level: 679.176; final_level: 679.176
event: navigation; timestamp: 1938.33; robot: 5; time: 49.2443; src: (20, 10); dst: (-25, 30)
event: task_execution; timestamp: 1854.24; task: 12; robot: 1; pos: (-15, 35); time: 84.9916
event: battery_consumption; timestamp: 1854.24; robot: 1; time: 84.9916; initial_level: 476.972; final_level: 458.085
event: task_execution; timestamp: 1854.24; task: 12; robot: 4; pos: (-15, 35); time: 84.9916
event: battery_consumption; timestamp: 1854.24; robot: 4; time: 84.9916; initial_level: 439.985; final_level: 421.098
event: task_resolution; timestamp: 1939.23; task: 12; pos: (-15, 35); status: COMPLETED; attempt: 1
event: battery_consumption; timestamp: 1939.23; robot: 1; time: 11.1803; initial_level: 458.085; final_level: 458.085
event: navigation; timestamp: 1939.23; robot: 1; time: 11.1803; src: (-15, 35); dst: (-25, 30)
event: battery_consumption; timestamp: 1939.23; robot: 4; time: 12.2066; initial_level: 421.098; final_level: 421.098
event: navigation; timestamp: 1939.23; robot: 4; time: 12.2066; src: (-15, 35); dst: (-22, 25)
event: task_execution; timestamp: 1906.58; task: 20; robot: 2; pos: (-10, 0); time: 82.7697
event: battery_consumption; timestamp: 1906.58; robot: 2; time: 82.7697; initial_level: 462.245; final_level: 453.049
event: task_execution; timestamp: 1906.58; task: 20; robot: 6; pos: (-10, 0); time: 82.7697
event: battery_consumption; timestamp: 1906.58; robot: 6; time: 82.7697; initial_level: 484.661; final_level: 475.465
event: task_execution; timestamp: 1906.58; task: 20; robot: 8; pos: (-10, 0); time: 82.7697
event: battery_consumption; timestamp: 1906.58; robot: 8; time: 82.7697; initial_level: 462.092; final_level: 452.896
event: task_resolution; timestamp: 1989.35; task: 20; pos: (-10, 0); status: FAILED; attempt: 1
event: battery_consumption; timestamp: 1989.35; robot: 2; time: 27.7308; initial_level: 453.049; final_level: 453.049
event: navigation; timestamp: 1989.35; robot: 2; time: 27.7308; src: (-10, 0); dst: (-22, 25)
event: battery_consumption; timestamp: 1989.35; robot: 6; time: 29.1548; initial_level: 475.465; final_level: 475.465
event: navigation; timestamp: 1989.35; robot: 6; time: 29.1548; src: (-10, 0); dst: (-25, 25)
event: battery_consumption; timestamp: 1989.35; robot: 8; time: 29.1548; initial_level: 452.896; final_level: 452.896
event: navigation; timestamp: 1989.35; robot: 8; time: 29.1548; src: (-10, 0); dst: (-25, 25)
event: task_execution; timestamp: 1943.33; task: 88; robot: 9; pos: (25, 10); time: 74.7741
event: battery_consumption; timestamp: 1943.33; robot: 9; time: 74.7741; initial_level: 507.942; final_level: 483.017
event: task_resolution; timestamp: 2018.1; task: 88; pos: (25, 10); status: COMPLETED; attempt: 1
event: battery_consumption; timestamp: 2018.1; robot: 9; time: 37.2022; initial_level: 483.017; final_level: 483.017
event: navigation; timestamp: 2018.1; robot: 9; time: 37.2022; src: (25, 10); dst: (47, -20)
event: task_execution; timestamp: 1937.01; task: 44; robot: 7; pos: (-8, -30); time: 94.1984
event: battery_consumption; timestamp: 1937.01; robot: 7; time: 94.1984; initial_level: 316.75; final_level: 306.283
event: task_resolution; timestamp: 2031.21; task: 44; pos: (-8, -30); status: COMPLETED; attempt: 1
event: battery_consumption; timestamp: 2031.21; robot: 7; time: 47.0744; initial_level: 306.283; final_level: 306.283
event: navigation; timestamp: 2031.21; robot: 7; time: 47.0744; src: (-8, -30); dst: (-18, 16)
event: task_execution; timestamp: 1987.57; task: 19; robot: 1; pos: (-25, 30); time: 91.8216
event: battery_consumption; timestamp: 1987.57; robot: 1; time: 91.8216; initial_level: 458.085; final_level: 447.883
event: task_execution; timestamp: 1987.57; task: 19; robot: 5; pos: (-25, 30); time: 91.8216
event: battery_consumption; timestamp: 1987.57; robot: 5; time: 91.8216; initial_level: 679.176; final_level: 668.974
event: task_execution; timestamp: 1987.57; task: 19; robot: 10; pos: (-25, 30); time: 91.8216
event: battery_consumption; timestamp: 1987.57; robot: 10; time: 91.8216; initial_level: 469.275; final_level: 459.072
event: task_resolution; timestamp: 2079.4; task: 19; pos: (-25, 30); status: FAILED; attempt: 1
event: battery_consumption; timestamp: 2079.4; robot: 5; time: 87.4643; initial_level: 668.974; final_level: 668.974
event: navigation; timestamp: 2079.4; robot: 5; time: 87.4643; src: (-25, 30); dst: (50, -15)
event: battery_consumption; timestamp: 2079.4; robot: 1; time: 87.4643; initial_level: 447.883; final_level: 447.883
event: navigation; timestamp: 2079.4; robot: 1; time: 87.4643; src: (-25, 30); dst: (50, -15)
event: battery_consumption; timestamp: 2079.4; robot: 10; time: 5.83095; initial_level: 459.072; final_level: 459.072
event: navigation; timestamp: 2079.4; robot: 10; time: 5.83095; src: (-25, 30); dst: (-22, 25)
event: task_execution; timestamp: 2085.23; task: 17; robot: 2; pos: (-22, 25); time: 81.5469
event: battery_consumption; timestamp: 2085.23; robot: 2; time: 81.5469; initial_level: 453.049; final_level: 434.927
event: task_execution; timestamp: 2085.23; task: 17; robot: 4; pos: (-22, 25); time: 81.5469
event: battery_consumption; timestamp: 2085.23; robot: 4; time: 81.5469; initial_level: 421.098; final_level: 402.976
event: task_execution; timestamp: 2085.23; task: 17; robot: 10; pos: (-22, 25); time: 81.5469
event: battery_consumption; timestamp: 2085.23; robot: 10; time: 81.5469; initial_level: 459.072; final_level: 440.951
event: task_resolution; timestamp: 2166.77; task: 17; pos: (-22, 25); status: FAILED; attempt: 1
event: battery_consumption; timestamp: 2166.77; robot: 2; time: 3; initial_level: 434.927; final_level: 434.927
event: navigation; timestamp: 2166.77; robot: 2; time: 3; src: (-22, 25); dst: (-25, 25)
event: battery_consumption; timestamp: 2166.77; robot: 4; time: 5.38516; initial_level: 402.976; final_level: 402.976
event: navigation; timestamp: 2166.77; robot: 4; time: 5.38516; src: (-22, 25); dst: (-20, 30)
event: battery_consumption; timestamp: 2166.77; robot: 10; time: 11.1803; initial_level: 440.951; final_level: 440.951
event: navigation; timestamp: 2166.77; robot: 10; time: 11.1803; src: (-22, 25); dst: (-12, 20)
event: task_execution; timestamp: 2166.86; task: 76; robot: 1; pos: (50, -15); time: 76.7291
event: battery_consumption; timestamp: 2166.86; robot: 1; time: 76.7291; initial_level: 447.883; final_level: 439.357
event: task_execution; timestamp: 2166.86; task: 76; robot: 5; pos: (50, -15); time: 76.7291
event: battery_consumption; timestamp: 2166.86; robot: 5; time: 76.7291; initial_level: 668.974; final_level: 660.449
event: task_resolution; timestamp: 2243.59; task: 76; pos: (50, -15); status: COMPLETED; attempt: 1
event: battery_consumption; timestamp: 2243.59; robot: 5; time: 78.8923; initial_level: 660.449; final_level: 660.449
event: navigation; timestamp: 2243.59; robot: 5; time: 78.8923; src: (50, -15); dst: (-18, 25)
event: battery_consumption; timestamp: 2243.59; robot: 1; time: 78.8923; initial_level: 439.357; final_level: 439.357
event: navigation; timestamp: 2243.59; robot: 1; time: 78.8923; src: (50, -15); dst: (-18, 25)
event: task_execution; timestamp: 2169.77; task: 18; robot: 2; pos: (-25, 25); time: 98.0233
event: battery_consumption; timestamp: 2169.77; robot: 2; time: 98.0233; initial_level: 434.927; final_level: 413.144
event: task_execution; timestamp: 2169.77; task: 18; robot: 6; pos: (-25, 25); time: 98.0233
event: battery_consumption; timestamp: 2169.77; robot: 6; time: 98.0233; initial_level: 475.465; final_level: 453.682
event: task_execution; timestamp: 2169.77; task: 18; robot: 8; pos: (-25, 25); time: 98.0233
event: battery_consumption; timestamp: 2169.77; robot: 8; time: 98.0233; initial_level: 452.896; final_level: 431.113
event: task_resolution; timestamp: 2267.8; task: 18; pos: (-25, 25); status: FAILED; attempt: 1
event: battery_consumption; timestamp: 2267.8; robot: 2; time: 7.07107; initial_level: 413.144; final_level: 413.144
event: navigation; timestamp: 2267.8; robot: 2; time: 7.07107; src: (-25, 25); dst: (-20, 30)
event: battery_consumption; timestamp: 2267.8; robot: 8; time: 20.8806; initial_level: 431.113; final_level: 431.113
event: navigation; timestamp: 2267.8; robot: 8; time: 20.8806; src: (-25, 25); dst: (-5, 19)
event: battery_consumption; timestamp: 2267.8; robot: 6; time: 35.3553; initial_level: 453.682; final_level: 453.682
event: navigation; timestamp: 2267.8; robot: 6; time: 35.3553; src: (-25, 25); dst: (0, 0)
event: robot_finished; timestamp: 2303.15; robot: 6; pos: (0, 0); battery: 453.682
event: task_execution; timestamp: 2274.87; task: 15; robot: 2; pos: (-20, 30); time: 87.2473
event: battery_consumption; timestamp: 2274.87; robot: 2; time: 87.2473; initial_level: 413.144; final_level: 374.368
event: task_execution; timestamp: 2274.87; task: 15; robot: 4; pos: (-20, 30); time: 87.2473
event: battery_consumption; timestamp: 2274.87; robot: 4; time: 87.2473; initial_level: 402.976; final_level: 364.2
event: task_resolution; timestamp: 2362.12; task: 15; pos: (-20, 30); status: FAILED; attempt: 1
event: battery_consumption; timestamp: 2362.12; robot: 2; time: 36.0555; initial_level: 374.368; final_level: 374.368
event: navigation; timestamp: 2362.12; robot: 2; time: 36.0555; src: (-20, 30); dst: (0, 0)
event: robot_finished; timestamp: 2398.17; robot: 2; pos: (0, 0); battery: 374.368
event: battery_consumption; timestamp: 2362.12; robot: 4; time: 36.0555; initial_level: 364.2; final_level: 364.2
event: navigation; timestamp: 2362.12; robot: 4; time: 36.0555; src: (-20, 30); dst: (0, 0)
event: robot_finished; timestamp: 2398.17; robot: 4; pos: (0, 0); battery: 364.2
event: task_execution; timestamp: 2405; task: 13; robot: 1; pos: (-18, 25); time: 81.558
event: battery_consumption; timestamp: 2405; robot: 1; time: 81.558; initial_level: 439.357; final_level: 412.171
event: task_execution; timestamp: 2405; task: 13; robot: 5; pos: (-18, 25); time: 81.558
event: battery_consumption; timestamp: 2405; robot: 5; time: 81.558; initial_level: 660.449; final_level: 633.263
event: task_resolution; timestamp: 2486.56; task: 13; pos: (-18, 25); status: FAILED; attempt: 1
event: battery_consumption; timestamp: 2486.56; robot: 5; time: 30.8058; initial_level: 633.263; final_level: 633.263
event: navigation; timestamp: 2486.56; robot: 5; time: 30.8058; src: (-18, 25); dst: (0, 0)
event: robot_finished; timestamp: 2517.36; robot: 5; pos: (0, 0); battery: 633.263
event: battery_consumption; timestamp: 2486.56; robot: 1; time: 30.8058; initial_level: 412.171; final_level: 412.171
event: navigation; timestamp: 2486.56; robot: 1; time: 30.8058; src: (-18, 25); dst: (0, 0)
event: robot_finished; timestamp: 2517.36; robot: 1; pos: (0, 0); battery: 412.171
event: task_execution; timestamp: 2504; task: 25; robot: 7; pos: (-18, 16); time: 99.5128
event: battery_consumption; timestamp: 2504; robot: 7; time: 99.5128; initial_level: 306.283; final_level: 262.055
event: task_resolution; timestamp: 2603.51; task: 25; pos: (-18, 16); status: FAILED; attempt: 1
event: battery_consumption; timestamp: 2603.51; robot: 7; time: 74.3034; initial_level: 262.055; final_level: 262.055
event: navigation; timestamp: 2603.51; robot: 7; time: 74.3034; src: (-18, 16); dst: (47, -20)
event: task_execution; timestamp: 2601; task: 9; robot: 10; pos: (-12, 20); time: 80.3732
event: battery_consumption; timestamp: 2601; robot: 10; time: 80.3732; initial_level: 440.951; final_level: 432.02
event: task_resolution; timestamp: 2681.37; task: 9; pos: (-12, 20); status: FAILED; attempt: 1
event: battery_consumption; timestamp: 2681.37; robot: 10; time: 71.2811; initial_level: 432.02; final_level: 432.02
event: navigation; timestamp: 2681.37; robot: 10; time: 71.2811; src: (-12, 20); dst: (47, -20)
event: battery_consumption; timestamp: 2768; robot: 7; time: 65; initial_level: 262.055; final_level: 262.055
event: navigation; timestamp: 2768; robot: 7; time: 65; src: (47, -20); dst: (-5, 19)
event: battery_consumption; timestamp: 2768; robot: 9; time: 21.2132; initial_level: 483.017; final_level: 483.017
event: navigation; timestamp: 2768; robot: 9; time: 21.2132; src: (47, -20); dst: (32, -5)
event: battery_consumption; timestamp: 2768; robot: 10; time: 60.9016; initial_level: 432.02; final_level: 432.02
event: navigation; timestamp: 2768; robot: 10; time: 60.9016; src: (47, -20); dst: (-6, 10)
event: task_resolution; timestamp: 2833.24; task: 79; pos: (47, -20); status: COMPLETED; attempt: 1
event: battery_consumption; timestamp: 2858; robot: 7; time: 44.1022; initial_level: 262.055; final_level: 262.055
event: navigation; timestamp: 2858; robot: 7; time: 44.1022; src: (-5, 19); dst: (32, -5)
event: battery_consumption; timestamp: 2858; robot: 8; time: 19.6469; initial_level: 431.113; final_level: 431.113
event: navigation; timestamp: 2858; robot: 8; time: 19.6469; src: (-5, 19); dst: (0, 0)
event: robot_finished; timestamp: 2877.65; robot: 8; pos: (0, 0); battery: 431.113
event: task_resolution; timestamp: 2915.56; task: 11; pos: (-5, 19); status: FAILED; attempt: 1
event: task_execution; timestamp: 2887; task: 8; robot: 10; pos: (-6, 10); time: 98.8718
event: battery_consumption; timestamp: 2887; robot: 10; time: 98.8718; initial_level: 432.02; final_level: 410.049
event: task_resolution; timestamp: 2985.87; task: 8; pos: (-6, 10); status: FAILED; attempt: 1
event: battery_consumption; timestamp: 2985.87; robot: 10; time: 40.8534; initial_level: 410.049; final_level: 410.049
event: navigation; timestamp: 2985.87; robot: 10; time: 40.8534; src: (-6, 10); dst: (32, -5)
event: battery_consumption; timestamp: 3060; robot: 9; time: 32.3883; initial_level: 483.017; final_level: 483.017
event: navigation; timestamp: 3060; robot: 9; time: 32.3883; src: (32, -5); dst: (0, 0)
event: robot_finished; timestamp: 3092.39; robot: 9; pos: (0, 0); battery: 483.017
event: battery_consumption; timestamp: 3060; robot: 10; time: 32.3883; initial_level: 410.049; final_level: 410.049
event: navigation; timestamp: 3060; robot: 10; time: 32.3883; src: (32, -5); dst: (0, 0)
event: robot_finished; timestamp: 3092.39; robot: 10; pos: (0, 0); battery: 410.049
event: battery_consumption; timestamp: 3060; robot: 7; time: 32.3883; initial_level: 262.055; final_level: 262.055
event: navigation; timestamp: 3060; robot: 7; time: 32.3883; src: (32, -5); dst: (0, 0)
event: robot_finished; timestamp: 3092.39; robot: 7; pos: (0, 0); battery: 262.055
event: task_resolution; timestamp: 3110.28; task: 77; pos: (32, -5); status: COMPLETED; attempt: 1
event: task_execution; timestamp: 3097; task: 87; robot: 3; pos: (24, -4); time: 99.5922
event: battery_consumption; timestamp: 3097; robot: 3; time: 99.5922; initial_level: 467.466; final_level: 445.335
event: task_resolution; timestamp: 3196.59; task: 87; pos: (24, -4); status: COMPLETED; attempt: 1
event: battery_consumption; timestamp: 3196.59; robot: 3; time: 24.3311; initial_level: 445.335; final_level: 445.335
event: navigation; timestamp: 3196.59; robot: 3; time: 24.3311; src: (24, -4); dst: (0, 0)
event: robot_finished; timestamp: 3220.92; robot: 3; pos: (0, 0); battery: 445.335
metric: available_agents; value: 0
metric: failed_agents; value: 0
metric: finished_agents; value: 10
metric: completed_tasks; value: 62
metric: pending_tasks; value: 0
metric: failed_tasks; value: 38
metric: average_robot_makespan; value: 2751
metric: sd_robot_makespan; value: 356.716
metric: max_robot_makespan; value: 3220.92
metric: min_robot_makespan; value: 2303.15
metric: average_robot_travel_distance; value: 432.639
metric: sd_robot_travel_distance; value: 115.752
metric: max_robot_travel_distance; value: 645.561
metric: min_robot_travel_distance; value: 273.324
metric: sum_robot_travel_distance; value: 4326.39
metric: average_completed_tasks_by_robot; value: 0
metric: sd_completed_tasks_by_robot; value: 0
metric: max_completed_tasks_by_robot; value: 0
metric: min_completed_tasks_by_robot; value: 0
metric: final_reward; value: 0.62
metric: computing_time; value: 1.83673
