info: solver_name; value: random
info: reward_function; value: reward00
info: replica; value: 1
info: filename; value: ../logs/prueba/c205_10r_100t_cdb2cd8a_random_reward00_001.log
info: scenario_name; value: c205_10r_100t_cdb2cd8a
info: scenario_name; value: c205_10r_100t_cdb2cd8a
info: number_of_tasks; value: 100
info: number_of_robots; value: 10
info: number_of_recharging_stations; value: 1
info: scenario_size; value: (132,132)
event: recharging_station_spawn; timestamp: 0; recharging_station: 1; pos: (0, 0)
event: task_spawn; timestamp: 0; task: 1; pos: (12, 25); earliest_start: 231; latest_start: 551; state: PENDING; required_workers: 1; success_prob: 0.2; max_attempts: 1
event: task_spawn; timestamp: 0; task: 2; pos: (5, 20); earliest_start: 133; latest_start: 453; state: PENDING; required_workers: 1; success_prob: 0.2; max_attempts: 1
event: task_spawn; timestamp: 0; task: 3; pos: (22, 19); earliest_start: 1087; latest_start: 1407; state: PENDING; required_workers: 1; success_prob: 0.2; max_attempts: 1
event: task_spawn; timestamp: 0; task: 4; pos: (20, 16); earliest_start: 1181; latest_start: 1501; state: PENDING; required_workers: 1; success_prob: 0.2; max_attempts: 1
event: task_spawn; timestamp: 0; task: 5; pos: (2, 15); earliest_start: 15; latest_start: 335; state: PENDING; required_workers: 1; success_prob: 0.2; max_attempts: 1
event: task_spawn; timestamp: 0; task: 6; pos: (-24, -8); earliest_start: 417; latest_start: 737; state: PENDING; required_workers: 1; success_prob: 0.2; max_attempts: 1
event: task_spawn; timestamp: 0; task: 7; pos: (18, 20); earliest_start: 993; latest_start: 1313; state: PENDING; required_workers: 1; success_prob: 0.2; max_attempts: 1
event: task_spawn; timestamp: 0; task: 8; pos: (-6, 10); earliest_start: 2807; latest_start: 3127; state: PENDING; required_workers: 1; success_prob: 0.2; max_attempts: 1
event: task_spawn; timestamp: 0; task: 9; pos: (-12, 20); earliest_start: 2521; latest_start: 2841; state: PENDING; required_workers: 1; success_prob: 0.2; max_attempts: 1
event: task_spawn; timestamp: 0; task: 10; pos: (-5, 16); earliest_start: 2711; latest_start: 3031; state: PENDING; required_workers: 1; success_prob: 0.2; max_attempts: 1
event: task_spawn; timestamp: 0; task: 11; pos: (-5, 19); earliest_start: 2618; latest_start: 2938; state: PENDING; required_workers: 2; success_prob: 0.2; max_attempts: 1
event: task_spawn; timestamp: 0; task: 12; pos: (-15, 35); earliest_start: 2039; latest_start: 2359; state: PENDING; required_workers: 2; success_prob: 0.2; max_attempts: 1
event: task_spawn; timestamp: 0; task: 13; pos: (-18, 25); earliest_start: 2325; latest_start: 2645; state: PENDING; required_workers: 2; success_prob: 0.2; max_attempts: 1
event: task_spawn; timestamp: 0; task: 14; pos: (-18, 35); earliest_start: 1946; latest_start: 2266; state: PENDING; required_workers: 2; success_prob: 0.2; max_attempts: 1
event: task_spawn; timestamp: 0; task: 15; pos: (-20, 30); earliest_start: 2136; latest_start: 2456; state: PENDING; required_workers: 2; success_prob: 0.2; max_attempts: 1
event: task_spawn; timestamp: 0; task: 16; pos: (-20, 35); earliest_start: 1854; latest_start: 2174; state: PENDING; required_workers: 2; success_prob: 0.2; max_attempts: 1
event: task_spawn; timestamp: 0; task: 17; pos: (-22, 25); earliest_start: 2231; latest_start: 2551; state: PENDING; required_workers: 3; success_prob: 0.2; max_attempts: 1
event: task_spawn; timestamp: 0; task: 18; pos: (-25, 25); earliest_start: 1662; latest_start: 1982; state: PENDING; required_workers: 3; success_prob: 0.2; max_attempts: 1
event: task_spawn; timestamp: 0; task: 19; pos: (-25, 30); earliest_start: 1757; latest_start: 2077; state: PENDING; required_workers: 3; success_prob: 0.2; max_attempts: 1
event: task_spawn; timestamp: 0; task: 20; pos: (-10, 0); earliest_start: 10; latest_start: 330; state: PENDING; required_workers: 3; success_prob: 0.2; max_attempts: 1
event: task_spawn; timestamp: 0; task: 21; pos: (-10, 6); earliest_start: 2903; latest_start: 3223; state: PENDING; required_workers: 1; success_prob: 0.4; max_attempts: 1
event: task_spawn; timestamp: 0; task: 22; pos: (-12, 2); earliest_start: 12; latest_start: 332; state: PENDING; required_workers: 1; success_prob: 0.4; max_attempts: 1
event: task_spawn; timestamp: 0; task: 23; pos: (-26, 16); earliest_start: 1563; latest_start: 1883; state: PENDING; required_workers: 1; success_prob: 0.4; max_attempts: 1
event: task_spawn; timestamp: 0; task: 24; pos: (-15, 0); earliest_start: 36; latest_start: 356; state: PENDING; required_workers: 1; success_prob: 0.4; max_attempts: 1
event: task_spawn; timestamp: 0; task: 25; pos: (-18, 16); earliest_start: 2424; latest_start: 2744; state: PENDING; required_workers: 1; success_prob: 0.4; max_attempts: 1
event: task_spawn; timestamp: 0; task: 26; pos: (-32, 12); earliest_start: 1465; latest_start: 1785; state: PENDING; required_workers: 1; success_prob: 0.4; max_attempts: 1
event: task_spawn; timestamp: 0; task: 27; pos: (-17, 2); earliest_start: 129; latest_start: 449; state: PENDING; required_workers: 1; success_prob: 0.4; max_attempts: 1
event: task_spawn; timestamp: 0; task: 28; pos: (-36, 5); earliest_start: 1367; latest_start: 1687; state: PENDING; required_workers: 1; success_prob: 0.4; max_attempts: 1
event: task_spawn; timestamp: 0; task: 29; pos: (-20, 0); earliest_start: 318; latest_start: 638; state: PENDING; required_workers: 1; success_prob: 0.4; max_attempts: 1
event: task_spawn; timestamp: 0; task: 30; pos: (-20, 5); earliest_start: 223; latest_start: 543; state: PENDING; required_workers: 1; success_prob: 0.4; max_attempts: 1
event: task_spawn; timestamp: 0; task: 31; pos: (-30, -15); earliest_start: 701; latest_start: 1021; state: PENDING; required_workers: 2; success_prob: 0.4; max_attempts: 1
event: task_spawn; timestamp: 0; task: 32; pos: (-30, -10); earliest_start: 513; latest_start: 833; state: PENDING; required_workers: 2; success_prob: 0.4; max_attempts: 1
event: task_spawn; timestamp: 0; task: 33; pos: (-32, -10); earliest_start: 605; latest_start: 925; state: PENDING; required_workers: 2; success_prob: 0.4; max_attempts: 1
event: task_spawn; timestamp: 0; task: 34; pos: (-32, -5); earliest_start: 1266; latest_start: 1586; state: PENDING; required_workers: 2; success_prob: 0.4; max_attempts: 1
event: task_spawn; timestamp: 0; task: 35; pos: (-35, -15); earliest_start: 796; latest_start: 1116; state: PENDING; required_workers: 2; success_prob: 0.4; max_attempts: 1
event: task_spawn; timestamp: 0; task: 36; pos: (-35, -5); earliest_start: 1173; latest_start: 1493; state: PENDING; required_workers: 2; success_prob: 0.4; max_attempts: 1
event: task_spawn; timestamp: 0; task: 37; pos: (-38, -10); earliest_start: 891; latest_start: 1211; state: PENDING; required_workers: 3; success_prob: 0.4; max_attempts: 1
event: task_spawn; timestamp: 0; task: 38; pos: (-40, -10); earliest_start: 983; latest_start: 1303; state: PENDING; required_workers: 3; success_prob: 0.4; max_attempts: 1
event: task_spawn; timestamp: 0; task: 39; pos: (-40, -5); earliest_start: 1078; latest_start: 1398; state: PENDING; required_workers: 3; success_prob: 0.4; max_attempts: 1
event: task_spawn; timestamp: 0; task: 40; pos: (-4, -32); earliest_start: 1739; latest_start: 2059; state: PENDING; required_workers: 3; success_prob: 0.4; max_attempts: 1
event: task_spawn; timestamp: 0; task: 41; pos: (-5, -18); earliest_start: 2678; latest_start: 2998; state: PENDING; required_workers: 1; success_prob: 0.6; max_attempts: 1
event: task_spawn; timestamp: 0; task: 42; pos: (-7, -18); earliest_start: 2586; latest_start: 2906; state: PENDING; required_workers: 1; success_prob: 0.6; max_attempts: 1
event: task_spawn; timestamp: 0; task: 43; pos: (-7, -15); earliest_start: 2493; latest_start: 2813; state: PENDING; required_workers: 1; success_prob: 0.6; max_attempts: 1
event: task_spawn; timestamp: 0; task: 44; pos: (-8, -30); earliest_start: 1833; latest_start: 2153; state: PENDING; required_workers: 1; success_prob: 0.6; max_attempts: 1
event: task_spawn; timestamp: 0; task: 45; pos: (-10, -20); earliest_start: 2025; latest_start: 2345; state: PENDING; required_workers: 1; success_prob: 0.6; max_attempts: 1
event: task_spawn; timestamp: 0; task: 46; pos: (-6, -25); earliest_start: 1929; latest_start: 2249; state: PENDING; required_workers: 1; success_prob: 0.6; max_attempts: 1
event: task_spawn; timestamp: 0; task: 47; pos: (-10, -15); earliest_start: 2400; latest_start: 2720; state: PENDING; required_workers: 1; success_prob: 0.6; max_attempts: 1
event: task_spawn; timestamp: 0; task: 48; pos: (-4, -10); earliest_start: 2776; latest_start: 3096; state: PENDING; required_workers: 1; success_prob: 0.6; max_attempts: 1
event: task_spawn; timestamp: 0; task: 49; pos: (8, -30); earliest_start: 887; latest_start: 1207; state: PENDING; required_workers: 1; success_prob: 0.6; max_attempts: 1
event: task_spawn; timestamp: 0; task: 50; pos: (-14, -18); earliest_start: 2212; latest_start: 2532; state: PENDING; required_workers: 1; success_prob: 0.6; max_attempts: 1
event: task_spawn; timestamp: 0; task: 51; pos: (-15, -20); earliest_start: 2120; latest_start: 2440; state: PENDING; required_workers: 2; success_prob: 0.6; max_attempts: 1
event: task_spawn; timestamp: 0; task: 52; pos: (-15, -15); earliest_start: 2305; latest_start: 2625; state: PENDING; required_workers: 2; success_prob: 0.6; max_attempts: 1
event: task_spawn; timestamp: 0; task: 53; pos: (4, -45); earliest_start: 1176; latest_start: 1496; state: PENDING; required_workers: 2; success_prob: 0.6; max_attempts: 1
event: task_spawn; timestamp: 0; task: 54; pos: (2, -40); earliest_start: 1080; latest_start: 1400; state: PENDING; required_workers: 2; success_prob: 0.6; max_attempts: 1
event: task_spawn; timestamp: 0; task: 55; pos: (2, -35); earliest_start: 985; latest_start: 1305; state: PENDING; required_workers: 2; success_prob: 0.6; max_attempts: 1
event: task_spawn; timestamp: 0; task: 56; pos: (0, -45); earliest_start: 1270; latest_start: 1590; state: PENDING; required_workers: 2; success_prob: 0.6; max_attempts: 1
event: task_spawn; timestamp: 0; task: 57; pos: (-2, -35); earliest_start: 1645; latest_start: 1965; state: PENDING; required_workers: 3; success_prob: 0.6; max_attempts: 1
event: task_spawn; timestamp: 0; task: 58; pos: (-2, -45); earliest_start: 1362; latest_start: 1682; state: PENDING; required_workers: 3; success_prob: 0.6; max_attempts: 1
event: task_spawn; timestamp: 0; task: 59; pos: (-2, -40); earliest_start: 1550; latest_start: 1870; state: PENDING; required_workers: 3; success_prob: 0.6; max_attempts: 1
event: task_spawn; timestamp: 0; task: 60; pos: (-5, -45); earliest_start: 1455; latest_start: 1775; state: PENDING; required_workers: 3; success_prob: 0.6; max_attempts: 1
event: task_spawn; timestamp: 0; task: 61; pos: (10, -20); earliest_start: 321; latest_start: 641; state: PENDING; required_workers: 1; success_prob: 0.8; max_attempts: 1
event: task_spawn; timestamp: 0; task: 62; pos: (10, -15); earliest_start: 40; latest_start: 360; state: PENDING; required_workers: 1; success_prob: 0.8; max_attempts: 1
event: task_spawn; timestamp: 0; task: 63; pos: (10, -10); earliest_start: 14; latest_start: 334; state: PENDING; required_workers: 1; success_prob: 0.8; max_attempts: 1
event: task_spawn; timestamp: 0; task: 64; pos: (8, -20); earliest_start: 413; latest_start: 733; state: PENDING; required_workers: 1; success_prob: 0.8; max_attempts: 1
event: task_spawn; timestamp: 0; task: 65; pos: (4, -25); earliest_start: 791; latest_start: 1111; state: PENDING; required_workers: 1; success_prob: 0.8; max_attempts: 1
event: task_spawn; timestamp: 0; task: 66; pos: (7, -15); earliest_start: 508; latest_start: 828; state: PENDING; required_workers: 1; success_prob: 0.8; max_attempts: 1
event: task_spawn; timestamp: 0; task: 67; pos: (7, -10); earliest_start: 12; latest_start: 332; state: PENDING; required_workers: 1; success_prob: 0.8; max_attempts: 1
event: task_spawn; timestamp: 0; task: 68; pos: (2, -20); earliest_start: 696; latest_start: 1016; state: PENDING; required_workers: 1; success_prob: 0.8; max_attempts: 1
event: task_spawn; timestamp: 0; task: 69; pos: (5, -15); earliest_start: 600; latest_start: 920; state: PENDING; required_workers: 1; success_prob: 0.8; max_attempts: 1
event: task_spawn; timestamp: 0; task: 70; pos: (55, -20); earliest_start: 2241; latest_start: 2561; state: PENDING; required_workers: 1; success_prob: 0.8; max_attempts: 1
event: task_spawn; timestamp: 0; task: 71; pos: (55, -15); earliest_start: 2146; latest_start: 2466; state: PENDING; required_workers: 2; success_prob: 0.8; max_attempts: 1
event: task_spawn; timestamp: 0; task: 72; pos: (13, -20); earliest_start: 228; latest_start: 548; state: PENDING; required_workers: 2; success_prob: 0.8; max_attempts: 1
event: task_spawn; timestamp: 0; task: 73; pos: (52, -20); earliest_start: 2334; latest_start: 2654; state: PENDING; required_workers: 2; success_prob: 0.8; max_attempts: 1
event: task_spawn; timestamp: 0; task: 74; pos: (13, -15); earliest_start: 133; latest_start: 453; state: PENDING; required_workers: 2; success_prob: 0.8; max_attempts: 1
event: task_spawn; timestamp: 0; task: 75; pos: (5, 15); earliest_start: 38; latest_start: 358; state: PENDING; required_workers: 2; success_prob: 0.8; max_attempts: 1
event: task_spawn; timestamp: 0; task: 76; pos: (50, -15); earliest_start: 2051; latest_start: 2371; state: PENDING; required_workers: 2; success_prob: 0.8; max_attempts: 1
event: task_spawn; timestamp: 0; task: 77; pos: (32, -5); earliest_start: 2820; latest_start: 3140; state: PENDING; required_workers: 3; success_prob: 0.8; max_attempts: 1
event: task_spawn; timestamp: 0; task: 78; pos: (38, -10); earliest_start: 2722; latest_start: 3042; state: PENDING; required_workers: 3; success_prob: 0.8; max_attempts: 1
event: task_spawn; timestamp: 0; task: 79; pos: (47, -20); earliest_start: 2528; latest_start: 2848; state: PENDING; required_workers: 3; success_prob: 0.8; max_attempts: 1
event: task_spawn; timestamp: 0; task: 80; pos: (45, -25); earliest_start: 2433; latest_start: 2753; state: PENDING; required_workers: 3; success_prob: 0.8; max_attempts: 1
event: task_spawn; timestamp: 0; task: 81; pos: (45, -15); earliest_start: 2623; latest_start: 2943; state: PENDING; required_workers: 1; success_prob: 1; max_attempts: 1
event: task_spawn; timestamp: 0; task: 82; pos: (35, 5); earliest_start: 1845; latest_start: 2165; state: PENDING; required_workers: 1; success_prob: 1; max_attempts: 1
event: task_spawn; timestamp: 0; task: 83; pos: (32, 5); earliest_start: 1752; latest_start: 2072; state: PENDING; required_workers: 1; success_prob: 1; max_attempts: 1
event: task_spawn; timestamp: 0; task: 84; pos: (30, 8); earliest_start: 1561; latest_start: 1881; state: PENDING; required_workers: 1; success_prob: 1; max_attempts: 1
event: task_spawn; timestamp: 0; task: 85; pos: (46, -4); earliest_start: 1949; latest_start: 2269; state: PENDING; required_workers: 1; success_prob: 1; max_attempts: 1
event: task_spawn; timestamp: 0; task: 86; pos: (26, 5); earliest_start: 1656; latest_start: 1976; state: PENDING; required_workers: 1; success_prob: 1; max_attempts: 1
event: task_spawn; timestamp: 0; task: 87; pos: (24, -4); earliest_start: 2955; latest_start: 3275; state: PENDING; required_workers: 1; success_prob: 1; max_attempts: 1
event: task_spawn; timestamp: 0; task: 88; pos: (25, 10); earliest_start: 1466; latest_start: 1786; state: PENDING; required_workers: 1; success_prob: 1; max_attempts: 1
event: task_spawn; timestamp: 0; task: 89; pos: (16, 14); earliest_start: 1275; latest_start: 1595; state: PENDING; required_workers: 1; success_prob: 1; max_attempts: 1
event: task_spawn; timestamp: 0; task: 90; pos: (20, 5); earliest_start: 2959; latest_start: 3279; state: PENDING; required_workers: 1; success_prob: 1; max_attempts: 1
event: task_spawn; timestamp: 0; task: 91; pos: (20, 10); earliest_start: 1371; latest_start: 1691; state: PENDING; required_workers: 2; success_prob: 1; max_attempts: 1
event: task_spawn; timestamp: 0; task: 92; pos: (27, 35); earliest_start: 614; latest_start: 934; state: PENDING; required_workers: 2; success_prob: 1; max_attempts: 1
event: task_spawn; timestamp: 0; task: 93; pos: (2, 8); earliest_start: 8; latest_start: 328; state: PENDING; required_workers: 2; success_prob: 1; max_attempts: 1
event: task_spawn; timestamp: 0; task: 94; pos: (25, 32); earliest_start: 708; latest_start: 1028; state: PENDING; required_workers: 2; success_prob: 1; max_attempts: 1
event: task_spawn; timestamp: 0; task: 95; pos: (22, 30); earliest_start: 801; latest_start: 1121; state: PENDING; required_workers: 2; success_prob: 1; max_attempts: 1
event: task_spawn; timestamp: 0; task: 96; pos: (22, -10); earliest_start: 2921; latest_start: 3241; state: PENDING; required_workers: 2; success_prob: 1; max_attempts: 1
event: task_spawn; timestamp: 0; task: 97; pos: (20, 35); earliest_start: 517; latest_start: 837; state: PENDING; required_workers: 3; success_prob: 1; max_attempts: 1
event: task_spawn; timestamp: 0; task: 98; pos: (18, 25); earliest_start: 898; latest_start: 1218; state: PENDING; required_workers: 3; success_prob: 1; max_attempts: 1
event: task_spawn; timestamp: 0; task: 99; pos: (15, 30); earliest_start: 327; latest_start: 647; state: PENDING; required_workers: 3; success_prob: 1; max_attempts: 1
event: task_spawn; timestamp: 0; task: 100; pos: (15, 35); earliest_start: 422; latest_start: 742; state: PENDING; required_workers: 3; success_prob: 1; max_attempts: 1
event: robot_spawn; timestamp: 0; robot: 1; pos: (0, 0); state: AVAILABLE; battery_level: 700; battery_capacity: 700; velocity: 1; battery_rate_nav: 0
event: robot_spawn; timestamp: 0; robot: 2; pos: (0, 0); state: AVAILABLE; battery_level: 700; battery_capacity: 700; velocity: 1; battery_rate_nav: 0
event: robot_spawn; timestamp: 0; robot: 3; pos: (0, 0); state: AVAILABLE; battery_level: 700; battery_capacity: 700; velocity: 1; battery_rate_nav: 0
event: robot_spawn; timestamp: 0; robot: 4; pos: (0, 0); state: AVAILABLE; battery_level: 700; battery_capacity: 700; velocity: 1; battery_rate_nav: 0
event: robot_spawn; timestamp: 0; robot: 5; pos: (0, 0); state: AVAILABLE; battery_level: 700; battery_capacity: 700; velocity: 1; battery_rate_nav: 0
event: robot_spawn; timestamp: 0; robot: 6; pos: (0, 0); state: AVAILABLE; battery_level: 700; battery_capacity: 700; velocity: 1; battery_rate_nav: 0
event: robot_spawn; timestamp: 0; robot: 7; pos: (0, 0); state: AVAILABLE; battery_level: 700; battery_capacity: 700; velocity: 1; battery_rate_nav: 0
event: robot_spawn; timestamp: 0; robot: 8; pos: (0, 0); state: AVAILABLE; battery_level: 700; battery_capacity: 700; velocity: 1; battery_rate_nav: 0
event: robot_spawn; timestamp: 0; robot: 9; pos: (0, 0); state: AVAILABLE; battery_level: 700; battery_capacity: 700; velocity: 1; battery_rate_nav: 0
event: robot_spawn; timestamp: 0; robot: 10; pos: (0, 0); state: AVAILABLE; battery_level: 700; battery_capacity: 700; velocity: 1; battery_rate_nav: 0
event: battery_consumption; timestamp: 0; robot: 7; time: 31.6228; initial_level: 700; final_level: 700
event: navigation; timestamp: 0; robot: 7; time: 31.6228; src: (0, 0); dst: (-30, -10)
event: battery_consumption; timestamp: 0; robot: 1; time: 31.0483; initial_level: 700; final_level: 700
event: navigation; timestamp: 0; robot: 1; time: 31.0483; src: (0, 0); dst: (30, 8)
event: battery_consumption; timestamp: 0; robot: 3; time: 36.3456; initial_level: 700; final_level: 700
event: navigation; timestamp: 0; robot: 3; time: 36.3456; src: (0, 0); dst: (-36, 5)
event: battery_consumption; timestamp: 0; robot: 5; time: 45.1774; initial_level: 700; final_level: 700
event: navigation; timestamp: 0; robot: 5; time: 45.1774; src: (0, 0); dst: (4, -45)
event: battery_consumption; timestamp: 0; robot: 2; time: 45.1774; initial_level: 700; final_level: 700
event: navigation; timestamp: 0; robot: 2; time: 45.1774; src: (0, 0); dst: (4, -45)
event: battery_consumption; timestamp: 0; robot: 4; time: 22.8035; initial_level: 700; final_level: 700
event: navigation; timestamp: 0; robot: 4; time: 22.8035; src: (0, 0); dst: (-14, -18)
event: battery_consumption; timestamp: 0; robot: 6; time: 38.0789; initial_level: 700; final_level: 700
event: navigation; timestamp: 0; robot: 6; time: 38.0789; src: (0, 0); dst: (-35, -15)
event: battery_consumption; timestamp: 0; robot: 8; time: 24.0832; initial_level: 700; final_level: 700
event: navigation; timestamp: 0; robot: 8; time: 24.0832; src: (0, 0); dst: (-18, 16)
event: battery_consumption; timestamp: 0; robot: 10; time: 11.6619; initial_level: 700; final_level: 700
event: navigation; timestamp: 0; robot: 10; time: 11.6619; src: (0, 0); dst: (-10, 6)
event: battery_consumption; timestamp: 0; robot: 9; time: 18.6815; initial_level: 700; final_level: 700
event: navigation; timestamp: 0; robot: 9; time: 18.6815; src: (0, 0); dst: (-5, -18)
event: battery_consumption; timestamp: 833; robot: 7; time: 51.8845; initial_level: 700; final_level: 700
event: navigation; timestamp: 833; robot: 7; time: 51.8845; src: (-30, -10); dst: (16, 14)
event: battery_consumption; timestamp: 1116; robot: 6; time: 52.811; initial_level: 700; final_level: 700
event: navigation; timestamp: 1116; robot: 6; time: 52.811; src: (-35, -15); dst: (-18, 35)
event: task_execution; timestamp: 1176; task: 53; robot: 2; pos: (4, -45); time: 70.7415
event: battery_consumption; timestamp: 1176; robot: 2; time: 70.7415; initial_level: 700; final_level: 684.28
event: task_execution; timestamp: 1176; task: 53; robot: 5; pos: (4, -45); time: 70.7415
event: battery_consumption; timestamp: 1176; robot: 5; time: 70.7415; initial_level: 700; final_level: 684.28
event: task_resolution; timestamp: 1246.74; task: 53; pos: (4, -45); status: COMPLETED; attempt: 1
event: battery_consumption; timestamp: 1246.74; robot: 5; time: 57.28; initial_level: 684.28; final_level: 684.28
event: navigation; timestamp: 1246.74; robot: 5; time: 57.28; src: (4, -45); dst: (20, 10)
event: battery_consumption; timestamp: 1246.74; robot: 2; time: 48.7955; initial_level: 684.28; final_level: 684.28
event: navigation; timestamp: 1246.74; robot: 2; time: 48.7955; src: (4, -45); dst: (38, -10)
event: task_execution; timestamp: 1275; task: 89; robot: 7; pos: (16, 14); time: 112.294
event: battery_consumption; timestamp: 1275; robot: 7; time: 112.294; initial_level: 700; final_level: 687.523
event: task_resolution; timestamp: 1387.29; task: 89; pos: (16, 14); status: COMPLETED; attempt: 1
event: battery_consumption; timestamp: 1387.29; robot: 7; time: 44.6878; initial_level: 687.523; final_level: 687.523
event: navigation; timestamp: 1387.29; robot: 7; time: 44.6878; src: (16, 14); dst: (50, -15)
event: task_execution; timestamp: 1367; task: 28; robot: 3; pos: (-36, 5); time: 65.3459
event: battery_consumption; timestamp: 1367; robot: 3; time: 65.3459; initial_level: 700; final_level: 685.479
event: task_resolution; timestamp: 1432.35; task: 28; pos: (-36, 5); status: FAILED; attempt: 1
event: battery_consumption; timestamp: 1432.35; robot: 3; time: 86.3771; initial_level: 685.479; final_level: 685.479
event: navigation; timestamp: 1432.35; robot: 3; time: 86.3771; src: (-36, 5); dst: (45, -25)
event: task_execution; timestamp: 1561; task: 84; robot: 1; pos: (30, 8); time: 91.7907
event: battery_consumption; timestamp: 1561; robot: 1; time: 91.7907; initial_level: 700; final_level: 679.602
event: task_resolution; timestamp: 1652.79; task: 84; pos: (30, 8); status: COMPLETED; attempt: 1
event: battery_consumption; timestamp: 1652.79; robot: 1; time: 10.4403; initial_level: 679.602; final_level: 679.602
event: navigation; timestamp: 1652.79; robot: 1; time: 10.4403; src: (30, 8); dst: (20, 5)
event: battery_consumption; timestamp: 1691; robot: 5; time: 26.5707; initial_level: 684.28; final_level: 684.28
event: navigation; timestamp: 1691; robot: 5; time: 26.5707; src: (20, 10); dst: (-5, 19)
event: battery_consumption; timestamp: 2266; robot: 6; time: 64.0312; initial_level: 700; final_level: 700
event: navigation; timestamp: 2266; robot: 6; time: 64.0312; src: (-18, 35); dst: (32, -5)
event: task_execution; timestamp: 2212; task: 50; robot: 4; pos: (-14, -18); time: 89.3188
event: battery_consumption; timestamp: 2212; robot: 4; time: 89.3188; initial_level: 700; final_level: 690.076
event: task_resolution; timestamp: 2301.32; task: 50; pos: (-14, -18); status: COMPLETED; attempt: 1
event: battery_consumption; timestamp: 2301.32; robot: 4; time: 53.0094; initial_level: 690.076; final_level: 690.076
event: navigation; timestamp: 2301.32; robot: 4; time: 53.0094; src: (-14, -18); dst: (-15, 35)
event: battery_consumption; timestamp: 2359; robot: 4; time: 46.3249; initial_level: 690.076; final_level: 690.076
event: navigation; timestamp: 2359; robot: 4; time: 46.3249; src: (-15, 35); dst: (-4, -10)
event: battery_consumption; timestamp: 2371; robot: 7; time: 57; initial_level: 687.523; final_level: 687.523
event: navigation; timestamp: 2371; robot: 7; time: 57; src: (50, -15); dst: (-7, -15)
event: task_execution; timestamp: 2424; task: 25; robot: 8; pos: (-18, 16); time: 87.0656
event: battery_consumption; timestamp: 2424; robot: 8; time: 87.0656; initial_level: 700; final_level: 661.304
event: task_resolution; timestamp: 2511.07; task: 25; pos: (-18, 16); status: COMPLETED; attempt: 1
event: battery_consumption; timestamp: 2511.07; robot: 8; time: 32.0156; initial_level: 661.304; final_level: 661.304
event: navigation; timestamp: 2511.07; robot: 8; time: 32.0156; src: (-18, 16); dst: (-10, -15)
event: task_execution; timestamp: 2493; task: 43; robot: 7; pos: (-7, -15); time: 90.5241
event: battery_consumption; timestamp: 2493; robot: 7; time: 90.5241; initial_level: 687.523; final_level: 677.465
event: task_resolution; timestamp: 2583.52; task: 43; pos: (-7, -15); status: FAILED; attempt: 1
event: battery_consumption; timestamp: 2583.52; robot: 7; time: 54.231; initial_level: 677.465; final_level: 677.465
event: navigation; timestamp: 2583.52; robot: 7; time: 54.231; src: (-7, -15); dst: (47, -20)
event: task_execution; timestamp: 2543.08; task: 47; robot: 8; pos: (-10, -15); time: 84.9681
event: battery_consumption; timestamp: 2543.08; robot: 8; time: 84.9681; initial_level: 661.304; final_level: 651.863
event: task_resolution; timestamp: 2628.05; task: 47; pos: (-10, -15); status: COMPLETED; attempt: 1
event: battery_consumption; timestamp: 2628.05; robot: 8; time: 62.2013; initial_level: 651.863; final_level: 651.863
event: navigation; timestamp: 2628.05; robot: 8; time: 62.2013; src: (-10, -15); dst: (52, -20)
event: battery_consumption; timestamp: 2654; robot: 8; time: 5; initial_level: 651.863; final_level: 651.863
event: navigation; timestamp: 2654; robot: 8; time: 5; src: (52, -20); dst: (47, -20)
event: battery_consumption; timestamp: 2753; robot: 3; time: 23.8537; initial_level: 685.479; final_level: 685.479
event: navigation; timestamp: 2753; robot: 3; time: 23.8537; src: (45, -25); dst: (32, -5)
event: task_execution; timestamp: 2678; task: 41; robot: 9; pos: (-5, -18); time: 87.1881
event: battery_consumption; timestamp: 2678; robot: 9; time: 87.1881; initial_level: 700; final_level: 690.312
event: task_resolution; timestamp: 2765.19; task: 41; pos: (-5, -18); status: FAILED; attempt: 1
event: battery_consumption; timestamp: 2765.19; robot: 9; time: 28.0179; initial_level: 690.312; final_level: 690.312
event: navigation; timestamp: 2765.19; robot: 9; time: 28.0179; src: (-5, -18); dst: (-6, 10)
event: battery_consumption; timestamp: 2848; robot: 7; time: 54.037; initial_level: 677.465; final_level: 677.465
event: navigation; timestamp: 2848; robot: 7; time: 54.037; src: (47, -20); dst: (-7, -18)
event: battery_consumption; timestamp: 2848; robot: 8; time: 21.2132; initial_level: 651.863; final_level: 651.863
event: navigation; timestamp: 2848; robot: 8; time: 21.2132; src: (47, -20); dst: (32, -5)
event: task_execution; timestamp: 2776; task: 48; robot: 4; pos: (-4, -10); time: 73.5585
event: battery_consumption; timestamp: 2776; robot: 4; time: 73.5585; initial_level: 690.076; final_level: 681.903
event: task_resolution; timestamp: 2849.56; task: 48; pos: (-4, -10); status: FAILED; attempt: 1
event: battery_consumption; timestamp: 2849.56; robot: 4; time: 28.6356; initial_level: 681.903; final_level: 681.903
event: navigation; timestamp: 2849.56; robot: 4; time: 28.6356; src: (-4, -10); dst: (24, -4)
event: task_execution; timestamp: 2807; task: 8; robot: 9; pos: (-6, 10); time: 91.8715
event: battery_consumption; timestamp: 2807; robot: 9; time: 91.8715; initial_level: 690.312; final_level: 669.897
event: task_resolution; timestamp: 2898.87; task: 8; pos: (-6, 10); status: COMPLETED; attempt: 1
event: battery_consumption; timestamp: 2898.87; robot: 9; time: 48.3322; initial_level: 669.897; final_level: 669.897
event: navigation; timestamp: 2898.87; robot: 9; time: 48.3322; src: (-6, 10); dst: (38, -10)
event: battery_consumption; timestamp: 2906; robot: 7; time: 34.0588; initial_level: 677.465; final_level: 677.465
event: navigation; timestamp: 2906; robot: 7; time: 34.0588; src: (-7, -18); dst: (-5, 16)
event: battery_consumption; timestamp: 2938; robot: 5; time: 39.6232; initial_level: 684.28; final_level: 684.28
event: navigation; timestamp: 2938; robot: 5; time: 39.6232; src: (-5, 19); dst: (22, -10)
event: task_execution; timestamp: 2869.21; task: 77; robot: 3; pos: (32, -5); time: 89.4323
event: battery_consumption; timestamp: 2869.21; robot: 3; time: 89.4323; initial_level: 685.479; final_level: 675.542
event: task_execution; timestamp: 2869.21; task: 77; robot: 6; pos: (32, -5); time: 89.4323
event: battery_consumption; timestamp: 2869.21; robot: 6; time: 89.4323; initial_level: 700; final_level: 690.063
event: task_execution; timestamp: 2869.21; task: 77; robot: 8; pos: (32, -5); time: 89.4323
event: battery_consumption; timestamp: 2869.21; robot: 8; time: 89.4323; initial_level: 651.863; final_level: 641.926
event: task_resolution; timestamp: 2958.65; task: 77; pos: (32, -5); status: COMPLETED; attempt: 1
event: battery_consumption; timestamp: 2958.65; robot: 3; time: 11.1803; initial_level: 675.542; final_level: 675.542
event: navigation; timestamp: 2958.65; robot: 3; time: 11.1803; src: (32, -5); dst: (22, -10)
event: battery_consumption; timestamp: 2958.65; robot: 6; time: 7.81025; initial_level: 690.063; final_level: 690.063
event: navigation; timestamp: 2958.65; robot: 6; time: 7.81025; src: (32, -5); dst: (38, -10)
event: battery_consumption; timestamp: 2958.65; robot: 8; time: 32.3883; initial_level: 641.926; final_level: 641.926
event: navigation; timestamp: 2958.65; robot: 8; time: 32.3883; src: (32, -5); dst: (0, 0)
event: robot_finished; timestamp: 2991.03; robot: 8; pos: (0, 0); battery: 641.926
event: task_resolution; timestamp: 2984.74; task: 42; pos: (-7, -18); status: COMPLETED; attempt: 1
event: task_execution; timestamp: 2903; task: 21; robot: 10; pos: (-10, 6); time: 101.068
event: battery_consumption; timestamp: 2903; robot: 10; time: 101.068; initial_level: 700; final_level: 677.541
event: task_resolution; timestamp: 3004.07; task: 21; pos: (-10, 6); status: COMPLETED; attempt: 1
event: battery_consumption; timestamp: 3004.07; robot: 10; time: 11.6619; initial_level: 677.541; final_level: 677.541
event: navigation; timestamp: 3004.07; robot: 10; time: 11.6619; src: (-10, 6); dst: (0, 0)
event: robot_finished; timestamp: 3015.73; robot: 10; pos: (0, 0); battery: 677.541
event: battery_consumption; timestamp: 3031; robot: 7; time: 16.7631; initial_level: 677.465; final_level: 677.465
event: navigation; timestamp: 3031; robot: 7; time: 16.7631; src: (-5, 16); dst: (0, 0)
event: robot_finished; timestamp: 3047.76; robot: 7; pos: (0, 0); battery: 677.465
event: task_resolution; timestamp: 3034.9; task: 10; pos: (-5, 16); status: FAILED; attempt: 1
event: task_execution; timestamp: 2959; task: 90; robot: 1; pos: (20, 5); time: 80.5174
event: battery_consumption; timestamp: 2959; robot: 1; time: 80.5174; initial_level: 679.602; final_level: 670.656
event: task_resolution; timestamp: 3039.52; task: 90; pos: (20, 5); status: COMPLETED; attempt: 1
event: battery_consumption; timestamp: 3039.52; robot: 1; time: 20.6155; initial_level: 670.656; final_level: 670.656
event: navigation; timestamp: 3039.52; robot: 1; time: 20.6155; src: (20, 5); dst: (0, 0)
event: robot_finished; timestamp: 3060.13; robot: 1; pos: (0, 0); battery: 670.656
event: battery_consumption; timestamp: 3042; robot: 6; time: 39.2938; initial_level: 690.063; final_level: 690.063
event: navigation; timestamp: 3042; robot: 6; time: 39.2938; src: (38, -10); dst: (0, 0)
event: robot_finished; timestamp: 3081.29; robot: 6; pos: (0, 0); battery: 690.063
event: battery_consumption; timestamp: 3042; robot: 2; time: 39.2938; initial_level: 684.28; final_level: 684.28
event: navigation; timestamp: 3042; robot: 2; time: 39.2938; src: (38, -10); dst: (0, 0)
event: robot_finished; timestamp: 3081.29; robot: 2; pos: (0, 0); battery: 684.28
event: battery_consumption; timestamp: 3042; robot: 9; time: 39.2938; initial_level: 669.897; final_level: 669.897
event: navigation; timestamp: 3042; robot: 9; time: 39.2938; src: (38, -10); dst: (0, 0)
event: robot_finished; timestamp: 3081.29; robot: 9; pos: (0, 0); battery: 669.897
event: task_execution; timestamp: 2955; task: 87; robot: 4; pos: (24, -4); time: 91.5591
event: battery_consumption; timestamp: 2955; robot: 4; time: 91.5591; initial_level: 681.903; final_level: 661.556
event: task_resolution; timestamp: 3046.56; task: 87; pos: (24, -4); status: COMPLETED; attempt: 1
event: battery_consumption; timestamp: 3046.56; robot: 4; time: 24.3311; initial_level: 661.556; final_level: 661.556
event: navigation; timestamp: 3046.56; robot: 4; time: 24.3311; src: (24, -4); dst: (0, 0)
event: robot_finished; timestamp: 3070.89; robot: 4; pos: (0, 0); battery: 661.556
event: task_execution; timestamp: 2977.62; task: 96; robot: 3; pos: (22, -10); time: 83.5407
event: battery_consumption; timestamp: 2977.62; robot: 3; time: 83.5407; initial_level: 675.542; final_level: 666.259
event: task_execution; timestamp: 2977.62; task: 96; robot: 5; pos: (22, -10); time: 83.5407
event: battery_consumption; timestamp: 2977.62; robot: 5; time: 83.5407; initial_level: 684.28; final_level: 674.997
event: task_resolution; timestamp: 3061.16; task: 96; pos: (22, -10); status: COMPLETED; attempt: 1
event: battery_consumption; timestamp: 3061.16; robot: 3; time: 24.1661; initial_level: 666.259; final_level: 666.259
event: navigation; timestamp: 3061.16; robot: 3; time: 24.1661; src: (22, -10); dst: (0, 0)
event: robot_finished; timestamp: 3085.33; robot: 3; pos: (0, 0); battery: 666.259
event: battery_consumption; timestamp: 3061.16; robot: 5; time: 24.1661; initial_level: 674.997; final_level: 674.997
event: navigation; timestamp: 3061.16; robot: 5; time: 24.1661; src: (22, -10); dst: (0, 0)
event: robot_finished; timestamp: 3085.33; robot: 5; pos: (0, 0); battery: 674.997
metric: available_agents; value: 0
metric: failed_agents; value: 0
metric: finished_agents; value: 10
metric: completed_tasks; value: 13
metric: pending_tasks; value: 0
metric: failed_tasks; value: 87
metric: average_robot_makespan; value: 3060.01
metric: sd_robot_makespan; value: 32.7076
metric: max_robot_makespan; value: 3085.33
metric: min_robot_makespan; value: 2991.03
metric: average_robot_travel_distance; value: 162.608
metric: sd_robot_travel_distance; value: 86.518
metric: max_robot_travel_distance; value: 344.285
metric: min_robot_travel_distance; value: 23.3238
metric: sum_robot_travel_distance; value: 1626.08
metric: average_completed_tasks_by_robot; value: 0
metric: sd_completed_tasks_by_robot; value: 0
metric: max_completed_tasks_by_robot; value: 0
metric: min_completed_tasks_by_robot; value: 0
metric: final_reward; value: 0.13
metric: computing_time; value: 0.00285353
