info: solver_name; value: greedy
info: reward_function; value: reward00
info: replica; value: 1
info: filename; value: ../logs/prueba/c205_10r_100t_cdb2cd8a_greedy_reward00_001.log
info: scenario_name; value: c205_10r_100t_cdb2cd8a
info: scenario_name; value: c205_10r_100t_cdb2cd8a
info: number_of_tasks; value: 100
info: number_of_robots; value: 10
info: number_of_recharging_stations; value: 1
info: scenario_size; value: (132,132)
event: recharging_station_spawn; timestamp: 0; recharging_station: 1; pos: (0, 0)
event: task_spawn; timestamp: 0; task: 1; pos: (12, 25); earliest_start: 231; latest_start: 551; state: PENDING; required_workers: 1; success_prob: 0.2; max_attempts: 1
event: task_spawn; timestamp: 0; task: 2; pos: (5, 20); earliest_start: 133; latest_start: 453; state: PENDING; required_workers: 1; success_prob: 0.2; max_attempts: 1
event: task_spawn; timestamp: 0; task: 3; pos: (22, 19); earliest_start: 1087; latest_start: 1407; state: PENDING; required_workers: 1; success_prob: 0.2; max_attempts: 1
event: task_spawn; timestamp: 0; task: 4; pos: (20, 16); earliest_start: 1181; latest_start: 1501; state: PENDING; required_workers: 1; success_prob: 0.2; max_attempts: 1
event: task_spawn; timestamp: 0; task: 5; pos: (2, 15); earliest_start: 15; latest_start: 335; state: PENDING; required_workers: 1; success_prob: 0.2; max_attempts: 1
event: task_spawn; timestamp: 0; task: 6; pos: (-24, -8); earliest_start: 417; latest_start: 737; state: PENDING; required_workers: 1; success_prob: 0.2; max_attempts: 1
event: task_spawn; timestamp: 0; task: 7; pos: (18, 20); earliest_start: 993; latest_start: 1313; state: PENDING; required_workers: 1; success_prob: 0.2; max_attempts: 1
event: task_spawn; timestamp: 0; task: 8; pos: (-6, 10); earliest_start: 2807; latest_start: 3127; state: PENDING; required_workers: 1; success_prob: 0.2; max_attempts: 1
event: task_spawn; timestamp: 0; task: 9; pos: (-12, 20); earliest_start: 2521; latest_start: 2841; state: PENDING; required_workers: 1; success_prob: 0.2; max_attempts: 1
event: task_spawn; timestamp: 0; task: 10; pos: (-5, 16); earliest_start: 2711; latest_start: 3031; state: PENDING; required_workers: 1; success_prob: 0.2; max_attempts: 1
event: task_spawn; timestamp: 0; task: 11; pos: (-5, 19); earliest_start: 2618; latest_start: 2938; state: PENDING; required_workers: 2; success_prob: 0.2; max_attempts: 1
event: task_spawn; timestamp: 0; task: 12; pos: (-15, 35); earliest_start: 2039; latest_start: 2359; state: PENDING; required_workers: 2; success_prob: 0.2; max_attempts: 1
event: task_spawn; timestamp: 0; task: 13; pos: (-18, 25); earliest_start: 2325; latest_start: 2645; state: PENDING; required_workers: 2; success_prob: 0.2; max_attempts: 1
event: task_spawn; timestamp: 0; task: 14; pos: (-18, 35); earliest_start: 1946; latest_start: 2266; state: PENDING; required_workers: 2; success_prob: 0.2; max_attempts: 1
event: task_spawn; timestamp: 0; task: 15; pos: (-20, 30); earliest_start: 2136; latest_start: 2456; state: PENDING; required_workers: 2; success_prob: 0.2; max_attempts: 1
event: task_spawn; timestamp: 0; task: 16; pos: (-20, 35); earliest_start: 1854; latest_start: 2174; state: PENDING; required_workers: 2; success_prob: 0.2; max_attempts: 1
event: task_spawn; timestamp: 0; task: 17; pos: (-22, 25); earliest_start: 2231; latest_start: 2551; state: PENDING; required_workers: 3; success_prob: 0.2; max_attempts: 1
event: task_spawn; timestamp: 0; task: 18; pos: (-25, 25); earliest_start: 1662; latest_start: 1982; state: PENDING; required_workers: 3; success_prob: 0.2; max_attempts: 1
event: task_spawn; timestamp: 0; task: 19; pos: (-25, 30); earliest_start: 1757; latest_start: 2077; state: PENDING; required_workers: 3; success_prob: 0.2; max_attempts: 1
event: task_spawn; timestamp: 0; task: 20; pos: (-10, 0); earliest_start: 10; latest_start: 330; state: PENDING; required_workers: 3; success_prob: 0.2; max_attempts: 1
event: task_spawn; timestamp: 0; task: 21; pos: (-10, 6); earliest_start: 2903; latest_start: 3223; state: PENDING; required_workers: 1; success_prob: 0.4; max_attempts: 1
event: task_spawn; timestamp: 0; task: 22; pos: (-12, 2); earliest_start: 12; latest_start: 332; state: PENDING; required_workers: 1; success_prob: 0.4; max_attempts: 1
event: task_spawn; timestamp: 0; task: 23; pos: (-26, 16); earliest_start: 1563; latest_start: 1883; state: PENDING; required_workers: 1; success_prob: 0.4; max_attempts: 1
event: task_spawn; timestamp: 0; task: 24; pos: (-15, 0); earliest_start: 36; latest_start: 356; state: PENDING; required_workers: 1; success_prob: 0.4; max_attempts: 1
event: task_spawn; timestamp: 0; task: 25; pos: (-18, 16); earliest_start: 2424; latest_start: 2744; state: PENDING; required_workers: 1; success_prob: 0.4; max_attempts: 1
event: task_spawn; timestamp: 0; task: 26; pos: (-32, 12); earliest_start: 1465; latest_start: 1785; state: PENDING; required_workers: 1; success_prob: 0.4; max_attempts: 1
event: task_spawn; timestamp: 0; task: 27; pos: (-17, 2); earliest_start: 129; latest_start: 449; state: PENDING; required_workers: 1; success_prob: 0.4; max_attempts: 1
event: task_spawn; timestamp: 0; task: 28; pos: (-36, 5); earliest_start: 1367; latest_start: 1687; state: PENDING; required_workers: 1; success_prob: 0.4; max_attempts: 1
event: task_spawn; timestamp: 0; task: 29; pos: (-20, 0); earliest_start: 318; latest_start: 638; state: PENDING; required_workers: 1; success_prob: 0.4; max_attempts: 1
event: task_spawn; timestamp: 0; task: 30; pos: (-20, 5); earliest_start: 223; latest_start: 543; state: PENDING; required_workers: 1; success_prob: 0.4; max_attempts: 1
event: task_spawn; timestamp: 0; task: 31; pos: (-30, -15); earliest_start: 701; latest_start: 1021; state: PENDING; required_workers: 2; success_prob: 0.4; max_attempts: 1
event: task_spawn; timestamp: 0; task: 32; pos: (-30, -10); earliest_start: 513; latest_start: 833; state: PENDING; required_workers: 2; success_prob: 0.4; max_attempts: 1
event: task_spawn; timestamp: 0; task: 33; pos: (-32, -10); earliest_start: 605; latest_start: 925; state: PENDING; required_workers: 2; success_prob: 0.4; max_attempts: 1
event: task_spawn; timestamp: 0; task: 34; pos: (-32, -5); earliest_start: 1266; latest_start: 1586; state: PENDING; required_workers: 2; success_prob: 0.4; max_attempts: 1
event: task_spawn; timestamp: 0; task: 35; pos: (-35, -15); earliest_start: 796; latest_start: 1116; state: PENDING; required_workers: 2; success_prob: 0.4; max_attempts: 1
event: task_spawn; timestamp: 0; task: 36; pos: (-35, -5); earliest_start: 1173; latest_start: 1493; state: PENDING; required_workers: 2; success_prob: 0.4; max_attempts: 1
event: task_spawn; timestamp: 0; task: 37; pos: (-38, -10); earliest_start: 891; latest_start: 1211; state: PENDING; required_workers: 3; success_prob: 0.4; max_attempts: 1
event: task_spawn; timestamp: 0; task: 38; pos: (-40, -10); earliest_start: 983; latest_start: 1303; state: PENDING; required_workers: 3; success_prob: 0.4; max_attempts: 1
event: task_spawn; timestamp: 0; task: 39; pos: (-40, -5); earliest_start: 1078; latest_start: 1398; state: PENDING; required_workers: 3; success_prob: 0.4; max_attempts: 1
event: task_spawn; timestamp: 0; task: 40; pos: (-4, -32); earliest_start: 1739; latest_start: 2059; state: PENDING; required_workers: 3; success_prob: 0.4; max_attempts: 1
event: task_spawn; timestamp: 0; task: 41; pos: (-5, -18); earliest_start: 2678; latest_start: 2998; state: PENDING; required_workers: 1; success_prob: 0.6; max_attempts: 1
event: task_spawn; timestamp: 0; task: 42; pos: (-7, -18); earliest_start: 2586; latest_start: 2906; state: PENDING; required_workers: 1; success_prob: 0.6; max_attempts: 1
event: task_spawn; timestamp: 0; task: 43; pos: (-7, -15); earliest_start: 2493; latest_start: 2813; state: PENDING; required_workers: 1; success_prob: 0.6; max_attempts: 1
event: task_spawn; timestamp: 0; task: 44; pos: (-8, -30); earliest_start: 1833; latest_start: 2153; state: PENDING; required_workers: 1; success_prob: 0.6; max_attempts: 1
event: task_spawn; timestamp: 0; task: 45; pos: (-10, -20); earliest_start: 2025; latest_start: 2345; state: PENDING; required_workers: 1; success_prob: 0.6; max_attempts: 1
event: task_spawn; timestamp: 0; task: 46; pos: (-6, -25); earliest_start: 1929; latest_start: 2249; state: PENDING; required_workers: 1; success_prob: 0.6; max_attempts: 1
event: task_spawn; timestamp: 0; task: 47; pos: (-10, -15); earliest_start: 2400; latest_start: 2720; state: PENDING; required_workers: 1; success_prob: 0.6; max_attempts: 1
event: task_spawn; timestamp: 0; task: 48; pos: (-4, -10); earliest_start: 2776; latest_start: 3096; state: PENDING; required_workers: 1; success_prob: 0.6; max_attempts: 1
event: task_spawn; timestamp: 0; task: 49; pos: (8, -30); earliest_start: 887; latest_start: 1207; state: PENDING; required_workers: 1; success_prob: 0.6; max_attempts: 1
event: task_spawn; timestamp: 0; task: 50; pos: (-14, -18); earliest_start: 2212; latest_start: 2532; state: PENDING; required_workers: 1; success_prob: 0.6; max_attempts: 1
event: task_spawn; timestamp: 0; task: 51; pos: (-15, -20); earliest_start: 2120; latest_start: 2440; state: PENDING; required_workers: 2; success_prob: 0.6; max_attempts: 1
event: task_spawn; timestamp: 0; task: 52; pos: (-15, -15); earliest_start: 2305; latest_start: 2625; state: PENDING; required_workers: 2; success_prob: 0.6; max_attempts: 1
event: task_spawn; timestamp: 0; task: 53; pos: (4, -45); earliest_start: 1176; latest_start: 1496; state: PENDING; required_workers: 2; success_prob: 0.6; max_attempts: 1
event: task_spawn; timestamp: 0; task: 54; pos: (2, -40); earliest_start: 1080; latest_start: 1400; state: PENDING; required_workers: 2; success_prob: 0.6; max_attempts: 1
event: task_spawn; timestamp: 0; task: 55; pos: (2, -35); earliest_start: 985; latest_start: 1305; state: PENDING; required_workers: 2; success_prob: 0.6; max_attempts: 1
event: task_spawn; timestamp: 0; task: 56; pos: (0, -45); earliest_start: 1270; latest_start: 1590; state: PENDING; required_workers: 2; success_prob: 0.6; max_attempts: 1
event: task_spawn; timestamp: 0; task: 57; pos: (-2, -35); earliest_start: 1645; latest_start: 1965; state: PENDING; required_workers: 3; success_prob: 0.6; max_attempts: 1
event: task_spawn; timestamp: 0; task: 58; pos: (-2, -45); earliest_start: 1362; latest_start: 1682; state: PENDING; required_workers: 3; success_prob: 0.6; max_attempts: 1
event: task_spawn; timestamp: 0; task: 59; pos: (-2, -40); earliest_start: 1550; latest_start: 1870; state: PENDING; required_workers: 3; success_prob: 0.6; max_attempts: 1
event: task_spawn; timestamp: 0; task: 60; pos: (-5, -45); earliest_start: 1455; latest_start: 1775; state: PENDING; required_workers: 3; success_prob: 0.6; max_attempts: 1
event: task_spawn; timestamp: 0; task: 61; pos: (10, -20); earliest_start: 321; latest_start: 641; state: PENDING; required_workers: 1; success_prob: 0.8; max_attempts: 1
event: task_spawn; timestamp: 0; task: 62; pos: (10, -15); earliest_start: 40; latest_start: 360; state: PENDING; required_workers: 1; success_prob: 0.8; max_attempts: 1
event: task_spawn; timestamp: 0; task: 63; pos: (10, -10); earliest_start: 14; latest_start: 334; state: PENDING; required_workers: 1; success_prob: 0.8; max_attempts: 1
event: task_spawn; timestamp: 0; task: 64; pos: (8, -20); earliest_start: 413; latest_start: 733; state: PENDING; required_workers: 1; success_prob: 0.8; max_attempts: 1
event: task_spawn; timestamp: 0; task: 65; pos: (4, -25); earliest_start: 791; latest_start: 1111; state: PENDING; required_workers: 1; success_prob: 0.8; max_attempts: 1
event: task_spawn; timestamp: 0; task: 66; pos: (7, -15); earliest_start: 508; latest_start: 828; state: PENDING; required_workers: 1; success_prob: 0.8; max_attempts: 1
event: task_spawn; timestamp: 0; task: 67; pos: (7, -10); earliest_start: 12; latest_start: 332; state: PENDING; required_workers: 1; success_prob: 0.8; max_attempts: 1
event: task_spawn; timestamp: 0; task: 68; pos: (2, -20); earliest_start: 696; latest_start: 1016; state: PENDING; required_workers: 1; success_prob: 0.8; max_attempts: 1
event: task_spawn; timestamp: 0; task: 69; pos: (5, -15); earliest_start: 600; latest_start: 920; state: PENDING; required_workers: 1; success_prob: 0.8; max_attempts: 1
event: task_spawn; timestamp: 0; task: 70; pos: (55, -20); earliest_start: 2241; latest_start: 2561; state: PENDING; required_workers: 1; success_prob: 0.8; max_attempts: 1
event: task_spawn; timestamp: 0; task: 71; pos: (55, -15); earliest_start: 2146; latest_start: 2466; state: PENDING; required_workers: 2; success_prob: 0.8; max_attempts: 1
event: task_spawn; timestamp: 0; task: 72; pos: (13, -20); earliest_start: 228; latest_start: 548; state: PENDING; required_workers: 2; success_prob: 0.8; max_attempts: 1
event: task_spawn; timestamp: 0; task: 73; pos: (52, -20); earliest_start: 2334; latest_start: 2654; state: PENDING; required_workers: 2; success_prob: 0.8; max_attempts: 1
event: task_spawn; timestamp: 0; task: 74; pos: (13, -15); earliest_start: 133; latest_start: 453; state: PENDING; required_workers: 2; success_prob: 0.8; max_attempts: 1
event: task_spawn; timestamp: 0; task: 75; pos: (5, 15); earliest_start: 38; latest_start: 358; state: PENDING; required_workers: 2; success_prob: 0.8; max_attempts: 1
event: task_spawn; timestamp: 0; task: 76; pos: (50, -15); earliest_start: 2051; latest_start: 2371; state: PENDING; required_workers: 2; success_prob: 0.8; max_attempts: 1
event: task_spawn; timestamp: 0; task: 77; pos: (32, -5); earliest_start: 2820; latest_start: 3140; state: PENDING; required_workers: 3; success_prob: 0.8; max_attempts: 1
event: task_spawn; timestamp: 0; task: 78; pos: (38, -10); earliest_start: 2722; latest_start: 3042; state: PENDING; required_workers: 3; success_prob: 0.8; max_attempts: 1
event: task_spawn; timestamp: 0; task: 79; pos: (47, -20); earliest_start: 2528; latest_start: 2848; state: PENDING; required_workers: 3; success_prob: 0.8; max_attempts: 1
event: task_spawn; timestamp: 0; task: 80; pos: (45, -25); earliest_start: 2433; latest_start: 2753; state: PENDING; required_workers: 3; success_prob: 0.8; max_attempts: 1
event: task_spawn; timestamp: 0; task: 81; pos: (45, -15); earliest_start: 2623; latest_start: 2943; state: PENDING; required_workers: 1; success_prob: 1; max_attempts: 1
event: task_spawn; timestamp: 0; task: 82; pos: (35, 5); earliest_start: 1845; latest_start: 2165; state: PENDING; required_workers: 1; success_prob: 1; max_attempts: 1
event: task_spawn; timestamp: 0; task: 83; pos: (32, 5); earliest_start: 1752; latest_start: 2072; state: PENDING; required_workers: 1; success_prob: 1; max_attempts: 1
event: task_spawn; timestamp: 0; task: 84; pos: (30, 8); earliest_start: 1561; latest_start: 1881; state: PENDING; required_workers: 1; success_prob: 1; max_attempts: 1
event: task_spawn; timestamp: 0; task: 85; pos: (46, -4); earliest_start: 1949; latest_start: 2269; state: PENDING; required_workers: 1; success_prob: 1; max_attempts: 1
event: task_spawn; timestamp: 0; task: 86; pos: (26, 5); earliest_start: 1656; latest_start: 1976; state: PENDING; required_workers: 1; success_prob: 1; max_attempts: 1
event: task_spawn; timestamp: 0; task: 87; pos: (24, -4); earliest_start: 2955; latest_start: 3275; state: PENDING; required_workers: 1; success_prob: 1; max_attempts: 1
event: task_spawn; timestamp: 0; task: 88; pos: (25, 10); earliest_start: 1466; latest_start: 1786; state: PENDING; required_workers: 1; success_prob: 1; max_attempts: 1
event: task_spawn; timestamp: 0; task: 89; pos: (16, 14); earliest_start: 1275; latest_start: 1595; state: PENDING; required_workers: 1; success_prob: 1; max_attempts: 1
event: task_spawn; timestamp: 0; task: 90; pos: (20, 5); earliest_start: 2959; latest_start: 3279; state: PENDING; required_workers: 1; success_prob: 1; max_attempts: 1
event: task_spawn; timestamp: 0; task: 91; pos: (20, 10); earliest_start: 1371; latest_start: 1691; state: PENDING; required_workers: 2; success_prob: 1; max_attempts: 1
event: task_spawn; timestamp: 0; task: 92; pos: (27, 35); earliest_start: 614; latest_start: 934; state: PENDING; required_workers: 2; success_prob: 1; max_attempts: 1
event: task_spawn; timestamp: 0; task: 93; pos: (2, 8); earliest_start: 8; latest_start: 328; state: PENDING; required_workers: 2; success_prob: 1; max_attempts: 1
event: task_spawn; timestamp: 0; task: 94; pos: (25, 32); earliest_start: 708; latest_start: 1028; state: PENDING; required_workers: 2; success_prob: 1; max_attempts: 1
event: task_spawn; timestamp: 0; task: 95; pos: (22, 30); earliest_start: 801; latest_start: 1121; state: PENDING; required_workers: 2; success_prob: 1; max_attempts: 1
event: task_spawn; timestamp: 0; task: 96; pos: (22, -10); earliest_start: 2921; latest_start: 3241; state: PENDING; required_workers: 2; success_prob: 1; max_attempts: 1
event: task_spawn; timestamp: 0; task: 97; pos: (20, 35); earliest_start: 517; latest_start: 837; state: PENDING; required_workers: 3; success_prob: 1; max_attempts: 1
event: task_spawn; timestamp: 0; task: 98; pos: (18, 25); earliest_start: 898; latest_start: 1218; state: PENDING; required_workers: 3; success_prob: 1; max_attempts: 1
event: task_spawn; timestamp: 0; task: 99; pos: (15, 30); earliest_start: 327; latest_start: 647; state: PENDING; required_workers: 3; success_prob: 1; max_attempts: 1
event: task_spawn; timestamp: 0; task: 100; pos: (15, 35); earliest_start: 422; latest_start: 742; state: PENDING; required_workers: 3; success_prob: 1; max_attempts: 1
event: robot_spawn; timestamp: 0; robot: 1; pos: (0, 0); state: AVAILABLE; battery_level: 700; battery_capacity: 700; velocity: 1; battery_rate_nav: 0
event: robot_spawn; timestamp: 0; robot: 2; pos: (0, 0); state: AVAILABLE; battery_level: 700; battery_capacity: 700; velocity: 1; battery_rate_nav: 0
event: robot_spawn; timestamp: 0; robot: 3; pos: (0, 0); state: AVAILABLE; battery_level: 700; battery_capacity: 700; velocity: 1; battery_rate_nav: 0
event: robot_spawn; timestamp: 0; robot: 4; pos: (0, 0); state: AVAILABLE; battery_level: 700; battery_capacity: 700; velocity: 1; battery_rate_nav: 0
event: robot_spawn; timestamp: 0; robot: 5; pos: (0, 0); state: AVAILABLE; battery_level: 700; battery_capacity: 700; velocity: 1; battery_rate_nav: 0
event: robot_spawn; timestamp: 0; robot: 6; pos: (0, 0); state: AVAILABLE; battery_level: 700; battery_capacity: 700; velocity: 1; battery_rate_nav: 0
event: robot_spawn; timestamp: 0; robot: 7; pos: (0, 0); state: AVAILABLE; battery_level: 700; battery_capacity: 700; velocity: 1; battery_rate_nav: 0
event: robot_spawn; timestamp: 0; robot: 8; pos: (0, 0); state: AVAILABLE; battery_level: 700; battery_capacity: 700; velocity: 1; battery_rate_nav: 0
event: robot_spawn; timestamp: 0; robot: 9; pos: (0, 0); state: AVAILABLE; battery_level: 700; battery_capacity: 700; velocity: 1; battery_rate_nav: 0
event: robot_spawn; timestamp: 0; robot: 10; pos: (0, 0); state: AVAILABLE; battery_level: 700; battery_capacity: 700; velocity: 1; battery_rate_nav: 0
event: battery_consumption; timestamp: 0; robot: 7; time: 8.24621; initial_level: 700; final_level: 700
event: navigation; timestamp: 0; robot: 7; time: 8.24621; src: (0, 0); dst: (2, 8)
event: battery_consumption; timestamp: 0; robot: 2; time: 8.24621; initial_level: 700; final_level: 700
event: navigation; timestamp: 0; robot: 2; time: 8.24621; src: (0, 0); dst: (2, 8)
event: battery_consumption; timestamp: 0; robot: 9; time: 10; initial_level: 700; final_level: 700
event: navigation; timestamp: 0; robot: 9; time: 10; src: (0, 0); dst: (-10, 0)
event: battery_consumption; timestamp: 0; robot: 10; time: 10; initial_level: 700; final_level: 700
event: navigation; timestamp: 0; robot: 10; time: 10; src: (0, 0); dst: (-10, 0)
event: battery_consumption; timestamp: 0; robot: 3; time: 10; initial_level: 700; final_level: 700
event: navigation; timestamp: 0; robot: 3; time: 10; src: (0, 0); dst: (-10, 0)
event: battery_consumption; timestamp: 0; robot: 5; time: 10.7703; initial_level: 700; final_level: 700
event: navigation; timestamp: 0; robot: 5; time: 10.7703; src: (0, 0); dst: (-4, -10)
event: battery_consumption; timestamp: 0; robot: 4; time: 11.6619; initial_level: 700; final_level: 700
event: navigation; timestamp: 0; robot: 4; time: 11.6619; src: (0, 0); dst: (-6, 10)
event: battery_consumption; timestamp: 0; robot: 8; time: 11.6619; initial_level: 700; final_level: 700
event: navigation; timestamp: 0; robot: 8; time: 11.6619; src: (0, 0); dst: (-10, 6)
event: battery_consumption; timestamp: 0; robot: 1; time: 12.1655; initial_level: 700; final_level: 700
event: navigation; timestamp: 0; robot: 1; time: 12.1655; src: (0, 0); dst: (-12, 2)
event: battery_consumption; timestamp: 0; robot: 6; time: 12.2066; initial_level: 700; final_level: 700
event: navigation; timestamp: 0; robot: 6; time: 12.2066; src: (0, 0); dst: (7, -10)
event: task_execution; timestamp: 12.1655; task: 22; robot: 1; pos: (-12, 2); time: 78.8985
event: battery_consumption; timestamp: 12.1655; robot: 1; time: 78.8985; initial_level: 700; final_level: 682.467
event: task_resolution; timestamp: 91.064; task: 22; pos: (-12, 2); status: FAILED; attempt: 1
event: battery_consumption; timestamp: 91.064; robot: 1; time: 3.60555; initial_level: 682.467; final_level: 682.467
event: navigation; timestamp: 91.064; robot: 1; time: 3.60555; src: (-12, 2); dst: (-15, 0)
event: task_execution; timestamp: 10; task: 20; robot: 3; pos: (-10, 0); time: 86.3367
event: battery_consumption; timestamp: 10; robot: 3; time: 86.3367; initial_level: 700; final_level: 690.407
event: task_execution; timestamp: 10; task: 20; robot: 9; pos: (-10, 0); time: 86.3367
event: battery_consumption; timestamp: 10; robot: 9; time: 86.3367; initial_level: 700; final_level: 690.407
event: task_execution; timestamp: 10; task: 20; robot: 10; pos: (-10, 0); time: 86.3367
event: battery_consumption; timestamp: 10; robot: 10; time: 86.3367; initial_level: 700; final_level: 690.407
event: task_resolution; timestamp: 96.3367; task: 20; pos: (-10, 0); status: FAILED; attempt: 1
event: battery_consumption; timestamp: 96.3367; robot: 3; time: 7.28011; initial_level: 690.407; final_level: 690.407
event: navigation; timestamp: 96.3367; robot: 3; time: 7.28011; src: (-10, 0); dst: (-17, 2)
event: battery_consumption; timestamp: 96.3367; robot: 9; time: 10; initial_level: 690.407; final_level: 690.407
event: navigation; timestamp: 96.3367; robot: 9; time: 10; src: (-10, 0); dst: (-20, 0)
event: battery_consumption; timestamp: 96.3367; robot: 10; time: 11.1803; initial_level: 690.407; final_level: 690.407
event: navigation; timestamp: 96.3367; robot: 10; time: 11.1803; src: (-10, 0); dst: (-20, 5)
event: task_execution; timestamp: 8.24621; task: 93; robot: 2; pos: (2, 8); time: 90.5481
event: battery_consumption; timestamp: 8.24621; robot: 2; time: 90.5481; initial_level: 700; final_level: 659.756
event: task_execution; timestamp: 8.24621; task: 93; robot: 7; pos: (2, 8); time: 90.5481
event: battery_consumption; timestamp: 8.24621; robot: 7; time: 90.5481; initial_level: 700; final_level: 659.756
event: task_resolution; timestamp: 98.7943; task: 93; pos: (2, 8); status: COMPLETED; attempt: 1
event: battery_consumption; timestamp: 98.7943; robot: 7; time: 7; initial_level: 659.756; final_level: 659.756
event: navigation; timestamp: 98.7943; robot: 7; time: 7; src: (2, 8); dst: (2, 15)
event: battery_consumption; timestamp: 98.7943; robot: 2; time: 7.61577; initial_level: 659.756; final_level: 659.756
event: navigation; timestamp: 98.7943; robot: 2; time: 7.61577; src: (2, 8); dst: (5, 15)
event: task_execution; timestamp: 12.2066; task: 67; robot: 6; pos: (7, -10); time: 92.9663
event: battery_consumption; timestamp: 12.2066; robot: 6; time: 92.9663; initial_level: 700; final_level: 689.67
event: task_resolution; timestamp: 105.173; task: 67; pos: (7, -10); status: COMPLETED; attempt: 1
event: battery_consumption; timestamp: 105.173; robot: 6; time: 3; initial_level: 689.67; final_level: 689.67
event: navigation; timestamp: 105.173; robot: 6; time: 3; src: (7, -10); dst: (10, -10)
event: task_execution; timestamp: 108.173; task: 63; robot: 6; pos: (10, -10); time: 70.1622
event: battery_consumption; timestamp: 108.173; robot: 6; time: 70.1622; initial_level: 689.67; final_level: 650.691
event: task_resolution; timestamp: 178.335; task: 63; pos: (10, -10); status: COMPLETED; attempt: 1
event: battery_consumption; timestamp: 178.335; robot: 6; time: 5; initial_level: 650.691; final_level: 650.691
event: navigation; timestamp: 178.335; robot: 6; time: 5; src: (10, -10); dst: (10, -15)
event: task_execution; timestamp: 105.794; task: 5; robot: 7; pos: (2, 15); time: 77.0887
event: battery_consumption; timestamp: 105.794; robot: 7; time: 77.0887; initial_level: 659.756; final_level: 651.191
event: task_resolution; timestamp: 182.883; task: 5; pos: (2, 15); status: COMPLETED; attempt: 1
event: battery_consumption; timestamp: 182.883; robot: 7; time: 3; initial_level: 651.191; final_level: 651.191
event: navigation; timestamp: 182.883; robot: 7; time: 3; src: (2, 15); dst: (5, 15)
event: task_execution; timestamp: 94.6696; task: 24; robot: 1; pos: (-15, 0); time: 92.0111
event: battery_consumption; timestamp: 94.6696; robot: 1; time: 92.0111; initial_level: 682.467; final_level: 672.244
event: task_resolution; timestamp: 186.681; task: 24; pos: (-15, 0); status: FAILED; attempt: 1
event: battery_consumption; timestamp: 186.681; robot: 1; time: 12.0416; initial_level: 672.244; final_level: 672.244
event: navigation; timestamp: 186.681; robot: 1; time: 12.0416; src: (-15, 0); dst: (-24, -8)
event: task_execution; timestamp: 129; task: 27; robot: 3; pos: (-17, 2); time: 84.8292
event: battery_consumption; timestamp: 129; robot: 3; time: 84.8292; initial_level: 690.407; final_level: 680.982
event: task_resolution; timestamp: 213.829; task: 27; pos: (-17, 2); status: FAILED; attempt: 1
event: battery_consumption; timestamp: 213.829; robot: 3; time: 14.0357; initial_level: 680.982; final_level: 680.982
event: navigation; timestamp: 213.829; robot: 3; time: 14.0357; src: (-17, 2); dst: (-18, 16)
event: task_execution; timestamp: 183.335; task: 62; robot: 6; pos: (10, -15); time: 78.395
event: battery_consumption; timestamp: 183.335; robot: 6; time: 78.395; initial_level: 650.691; final_level: 633.27
event: task_resolution; timestamp: 261.73; task: 62; pos: (10, -15); status: COMPLETED; attempt: 1
event: battery_consumption; timestamp: 261.73; robot: 6; time: 3; initial_level: 633.27; final_level: 633.27
event: navigation; timestamp: 261.73; robot: 6; time: 3; src: (10, -15); dst: (7, -15)
event: task_execution; timestamp: 185.883; task: 75; robot: 2; pos: (5, 15); time: 91.9339
event: battery_consumption; timestamp: 185.883; robot: 2; time: 91.9339; initial_level: 659.756; final_level: 639.327
event: task_execution; timestamp: 185.883; task: 75; robot: 7; pos: (5, 15); time: 91.9339
event: battery_consumption; timestamp: 185.883; robot: 7; time: 91.9339; initial_level: 651.191; final_level: 630.761
event: task_resolution; timestamp: 277.817; task: 75; pos: (5, 15); status: COMPLETED; attempt: 1
event: battery_consumption; timestamp: 277.817; robot: 2; time: 5; initial_level: 639.327; final_level: 639.327
event: navigation; timestamp: 277.817; robot: 2; time: 5; src: (5, 15); dst: (5, 20)
event: battery_consumption; timestamp: 277.817; robot: 7; time: 10.0499; initial_level: 630.761; final_level: 630.761
event: navigation; timestamp: 277.817; robot: 7; time: 10.0499; src: (5, 15); dst: (-5, 16)
event: task_execution; timestamp: 223; task: 30; robot: 10; pos: (-20, 5); time: 86.7167
event: battery_consumption; timestamp: 223; robot: 10; time: 86.7167; initial_level: 690.407; final_level: 680.772
event: task_resolution; timestamp: 309.717; task: 30; pos: (-20, 5); status: COMPLETED; attempt: 1
event: battery_consumption; timestamp: 309.717; robot: 10; time: 12.53; initial_level: 680.772; final_level: 680.772
event: navigation; timestamp: 309.717; robot: 10; time: 12.53; src: (-20, 5); dst: (-26, 16)
event: task_execution; timestamp: 282.817; task: 2; robot: 2; pos: (5, 20); time: 103.222
event: battery_consumption; timestamp: 282.817; robot: 2; time: 103.222; initial_level: 639.327; final_level: 604.919
event: task_resolution; timestamp: 386.039; task: 2; pos: (5, 20); status: FAILED; attempt: 1
event: battery_consumption; timestamp: 386.039; robot: 2; time: 8.60233; initial_level: 604.919; final_level: 604.919
event: navigation; timestamp: 386.039; robot: 2; time: 8.60233; src: (5, 20); dst: (12, 25)
event: task_execution; timestamp: 318; task: 29; robot: 9; pos: (-20, 0); time: 99.1541
event: battery_consumption; timestamp: 318; robot: 9; time: 99.1541; initial_level: 690.407; final_level: 679.39
event: task_resolution; timestamp: 417.154; task: 29; pos: (-20, 0); status: FAILED; attempt: 1
event: battery_consumption; timestamp: 417.154; robot: 9; time: 13; initial_level: 679.39; final_level: 679.39
event: navigation; timestamp: 417.154; robot: 9; time: 13; src: (-20, 0); dst: (-32, -5)
event: task_execution; timestamp: 394.642; task: 1; robot: 2; pos: (12, 25); time: 85.6854
event: battery_consumption; timestamp: 394.642; robot: 2; time: 85.6854; initial_level: 604.919; final_level: 595.399
event: task_resolution; timestamp: 480.327; task: 1; pos: (12, 25); status: COMPLETED; attempt: 1
event: battery_consumption; timestamp: 480.327; robot: 2; time: 5.83095; initial_level: 595.399; final_level: 595.399
event: navigation; timestamp: 480.327; robot: 2; time: 5.83095; src: (12, 25); dst: (15, 30)
event: task_execution; timestamp: 417; task: 6; robot: 1; pos: (-24, -8); time: 89.8395
event: battery_consumption; timestamp: 417; robot: 1; time: 89.8395; initial_level: 672.244; final_level: 652.279
event: task_resolution; timestamp: 506.839; task: 6; pos: (-24, -8); status: FAILED; attempt: 1
event: battery_consumption; timestamp: 506.839; robot: 1; time: 6.32456; initial_level: 652.279; final_level: 652.279
event: navigation; timestamp: 506.839; robot: 1; time: 6.32456; src: (-24, -8); dst: (-30, -10)
event: task_execution; timestamp: 508; task: 66; robot: 6; pos: (7, -15); time: 100.042
event: battery_consumption; timestamp: 508; robot: 6; time: 100.042; initial_level: 633.27; final_level: 622.154
event: task_resolution; timestamp: 608.042; task: 66; pos: (7, -15); status: COMPLETED; attempt: 1
event: battery_consumption; timestamp: 608.042; robot: 6; time: 2; initial_level: 622.154; final_level: 622.154
event: navigation; timestamp: 608.042; robot: 6; time: 2; src: (7, -15); dst: (5, -15)
event: battery_consumption; timestamp: 647; robot: 2; time: 5; initial_level: 595.399; final_level: 595.399
event: navigation; timestamp: 647; robot: 2; time: 5; src: (15, 30); dst: (15, 35)
event: task_execution; timestamp: 610.042; task: 69; robot: 6; pos: (5, -15); time: 74.6097
event: battery_consumption; timestamp: 610.042; robot: 6; time: 74.6097; initial_level: 622.154; final_level: 613.865
event: task_resolution; timestamp: 684.652; task: 69; pos: (5, -15); status: COMPLETED; attempt: 1
event: battery_consumption; timestamp: 684.652; robot: 6; time: 5.83095; initial_level: 613.865; final_level: 613.865
event: navigation; timestamp: 684.652; robot: 6; time: 5.83095; src: (5, -15); dst: (8, -20)
event: battery_consumption; timestamp: 733; robot: 6; time: 6; initial_level: 613.865; final_level: 613.865
event: navigation; timestamp: 733; robot: 6; time: 6; src: (8, -20); dst: (2, -20)
event: battery_consumption; timestamp: 742; robot: 2; time: 5; initial_level: 595.399; final_level: 595.399
event: navigation; timestamp: 742; robot: 2; time: 5; src: (15, 35); dst: (20, 35)
event: task_resolution; timestamp: 794.957; task: 64; pos: (8, -20); status: COMPLETED; attempt: 1
event: task_execution; timestamp: 739; task: 68; robot: 6; pos: (2, -20); time: 84.487
event: battery_consumption; timestamp: 739; robot: 6; time: 84.487; initial_level: 613.865; final_level: 604.477
event: task_resolution; timestamp: 823.487; task: 68; pos: (2, -20); status: FAILED; attempt: 1
event: battery_consumption; timestamp: 823.487; robot: 6; time: 5.38516; initial_level: 604.477; final_level: 604.477
event: navigation; timestamp: 823.487; robot: 6; time: 5.38516; src: (2, -20); dst: (4, -25)
event: battery_consumption; timestamp: 833; robot: 1; time: 2; initial_level: 652.279; final_level: 652.279
event: navigation; timestamp: 833; robot: 1; time: 2; src: (-30, -10); dst: (-32, -10)
event: battery_consumption; timestamp: 837; robot: 2; time: 5.38516; initial_level: 595.399; final_level: 595.399
event: navigation; timestamp: 837; robot: 2; time: 5.38516; src: (20, 35); dst: (22, 30)
event: task_execution; timestamp: 828.872; task: 65; robot: 6; pos: (4, -25); time: 89.6808
event: battery_consumption; timestamp: 828.872; robot: 6; time: 89.6808; initial_level: 604.477; final_level: 594.513
event: task_resolution; timestamp: 918.553; task: 65; pos: (4, -25); status: COMPLETED; attempt: 1
event: battery_consumption; timestamp: 918.553; robot: 6; time: 6.40312; initial_level: 594.513; final_level: 594.513
event: navigation; timestamp: 918.553; robot: 6; time: 6.40312; src: (4, -25); dst: (8, -30)
event: battery_consumption; timestamp: 925; robot: 1; time: 5; initial_level: 652.279; final_level: 652.279
event: navigation; timestamp: 925; robot: 1; time: 5; src: (-32, -10); dst: (-32, -5)
event: task_execution; timestamp: 924.956; task: 49; robot: 6; pos: (8, -30); time: 108.575
event: battery_consumption; timestamp: 924.956; robot: 6; time: 108.575; initial_level: 594.513; final_level: 582.449
event: task_resolution; timestamp: 1033.53; task: 49; pos: (8, -30); status: FAILED; attempt: 1
event: battery_consumption; timestamp: 1033.53; robot: 6; time: 7.81025; initial_level: 582.449; final_level: 582.449
event: navigation; timestamp: 1033.53; robot: 6; time: 7.81025; src: (8, -30); dst: (2, -35)
event: battery_consumption; timestamp: 1121; robot: 2; time: 6.40312; initial_level: 595.399; final_level: 595.399
event: navigation; timestamp: 1121; robot: 2; time: 6.40312; src: (22, 30); dst: (18, 25)
event: battery_consumption; timestamp: 1218; robot: 2; time: 5; initial_level: 595.399; final_level: 595.399
event: navigation; timestamp: 1218; robot: 2; time: 5; src: (18, 25); dst: (18, 20)
event: battery_consumption; timestamp: 1305; robot: 6; time: 4; initial_level: 582.449; final_level: 582.449
event: navigation; timestamp: 1305; robot: 6; time: 4; src: (2, -35); dst: (-2, -35)
event: battery_consumption; timestamp: 1313; robot: 2; time: 4.12311; initial_level: 595.399; final_level: 595.399
event: navigation; timestamp: 1313; robot: 2; time: 4.12311; src: (18, 20); dst: (22, 19)
event: task_resolution; timestamp: 1321.22; task: 7; pos: (18, 20); status: FAILED; attempt: 1
event: task_execution; timestamp: 1266; task: 34; robot: 1; pos: (-32, -5); time: 82.6841
event: battery_consumption; timestamp: 1266; robot: 1; time: 82.6841; initial_level: 652.279; final_level: 633.905
event: task_execution; timestamp: 1266; task: 34; robot: 9; pos: (-32, -5); time: 82.6841
event: battery_consumption; timestamp: 1266; robot: 9; time: 82.6841; initial_level: 679.39; final_level: 661.016
event: task_resolution; timestamp: 1348.68; task: 34; pos: (-32, -5); status: FAILED; attempt: 1
event: battery_consumption; timestamp: 1348.68; robot: 1; time: 3; initial_level: 633.905; final_level: 633.905
event: navigation; timestamp: 1348.68; robot: 1; time: 3; src: (-32, -5); dst: (-35, -5)
event: battery_consumption; timestamp: 1348.68; robot: 9; time: 3; initial_level: 661.016; final_level: 661.016
event: navigation; timestamp: 1348.68; robot: 9; time: 3; src: (-32, -5); dst: (-35, -5)
event: task_execution; timestamp: 1317.12; task: 3; robot: 2; pos: (22, 19); time: 76.5013
event: battery_consumption; timestamp: 1317.12; robot: 2; time: 76.5013; initial_level: 595.399; final_level: 586.898
event: task_resolution; timestamp: 1393.62; task: 3; pos: (22, 19); status: FAILED; attempt: 1
event: battery_consumption; timestamp: 1393.62; robot: 2; time: 3.60555; initial_level: 586.898; final_level: 586.898
event: navigation; timestamp: 1393.62; robot: 2; time: 3.60555; src: (22, 19); dst: (20, 16)
event: task_execution; timestamp: 1351.68; task: 36; robot: 1; pos: (-35, -5); time: 98.1696
event: battery_consumption; timestamp: 1351.68; robot: 1; time: 98.1696; initial_level: 633.905; final_level: 622.997
event: task_execution; timestamp: 1351.68; task: 36; robot: 9; pos: (-35, -5); time: 98.1696
event: battery_consumption; timestamp: 1351.68; robot: 9; time: 98.1696; initial_level: 661.016; final_level: 650.108
event: task_resolution; timestamp: 1449.85; task: 36; pos: (-35, -5); status: COMPLETED; attempt: 1
event: battery_consumption; timestamp: 1449.85; robot: 1; time: 10.0499; initial_level: 622.997; final_level: 622.997
event: navigation; timestamp: 1449.85; robot: 1; time: 10.0499; src: (-35, -5); dst: (-36, 5)
event: battery_consumption; timestamp: 1449.85; robot: 9; time: 17.2627; initial_level: 650.108; final_level: 650.108
event: navigation; timestamp: 1449.85; robot: 9; time: 17.2627; src: (-35, -5); dst: (-32, 12)
event: task_execution; timestamp: 1397.23; task: 4; robot: 2; pos: (20, 16); time: 91.04
event: battery_consumption; timestamp: 1397.23; robot: 2; time: 91.04; initial_level: 586.898; final_level: 576.783
event: task_resolution; timestamp: 1488.27; task: 4; pos: (20, 16); status: FAILED; attempt: 1
event: battery_consumption; timestamp: 1488.27; robot: 2; time: 4.47214; initial_level: 576.783; final_level: 576.783
event: navigation; timestamp: 1488.27; robot: 2; time: 4.47214; src: (20, 16); dst: (16, 14)
event: task_execution; timestamp: 1459.9; task: 28; robot: 1; pos: (-36, 5); time: 72.8656
event: battery_consumption; timestamp: 1459.9; robot: 1; time: 72.8656; initial_level: 622.997; final_level: 606.805
event: task_resolution; timestamp: 1532.77; task: 28; pos: (-36, 5); status: FAILED; attempt: 1
event: battery_consumption; timestamp: 1532.77; robot: 1; time: 22.8254; initial_level: 606.805; final_level: 606.805
event: navigation; timestamp: 1532.77; robot: 1; time: 22.8254; src: (-36, 5); dst: (-25, 25)
event: task_execution; timestamp: 1467.12; task: 26; robot: 9; pos: (-32, 12); time: 104.231
event: battery_consumption; timestamp: 1467.12; robot: 9; time: 104.231; initial_level: 650.108; final_level: 638.527
event: task_resolution; timestamp: 1571.35; task: 26; pos: (-32, 12); status: COMPLETED; attempt: 1
event: battery_consumption; timestamp: 1571.35; robot: 9; time: 14.7648; initial_level: 638.527; final_level: 638.527
event: navigation; timestamp: 1571.35; robot: 9; time: 14.7648; src: (-32, 12); dst: (-25, 25)
event: task_execution; timestamp: 1492.74; task: 89; robot: 2; pos: (16, 14); time: 92.3121
event: battery_consumption; timestamp: 1492.74; robot: 2; time: 92.3121; initial_level: 576.783; final_level: 566.526
event: task_resolution; timestamp: 1585.05; task: 89; pos: (16, 14); status: COMPLETED; attempt: 1
event: battery_consumption; timestamp: 1585.05; robot: 2; time: 5.65685; initial_level: 566.526; final_level: 566.526
event: navigation; timestamp: 1585.05; robot: 2; time: 5.65685; src: (16, 14); dst: (20, 10)
event: task_execution; timestamp: 1563; task: 23; robot: 10; pos: (-26, 16); time: 90.9772
event: battery_consumption; timestamp: 1563; robot: 10; time: 90.9772; initial_level: 680.772; final_level: 670.663
event: task_resolution; timestamp: 1653.98; task: 23; pos: (-26, 16); status: COMPLETED; attempt: 1
event: battery_consumption; timestamp: 1653.98; robot: 10; time: 9.05539; initial_level: 670.663; final_level: 670.663
event: navigation; timestamp: 1653.98; robot: 10; time: 9.05539; src: (-26, 16); dst: (-25, 25)
event: battery_consumption; timestamp: 1691; robot: 2; time: 5; initial_level: 566.526; final_level: 566.526
event: navigation; timestamp: 1691; robot: 2; time: 5; src: (20, 10); dst: (25, 10)
event: task_execution; timestamp: 1663.03; task: 18; robot: 1; pos: (-25, 25); time: 80.8734
event: battery_consumption; timestamp: 1663.03; robot: 1; time: 80.8734; initial_level: 606.805; final_level: 588.833
event: task_execution; timestamp: 1663.03; task: 18; robot: 9; pos: (-25, 25); time: 80.8734
event: battery_consumption; timestamp: 1663.03; robot: 9; time: 80.8734; initial_level: 638.527; final_level: 620.555
event: task_execution; timestamp: 1663.03; task: 18; robot: 10; pos: (-25, 25); time: 80.8734
event: battery_consumption; timestamp: 1663.03; robot: 10; time: 80.8734; initial_level: 670.663; final_level: 652.691
event: task_resolution; timestamp: 1743.91; task: 18; pos: (-25, 25); status: COMPLETED; attempt: 1
event: battery_consumption; timestamp: 1743.91; robot: 10; time: 3; initial_level: 652.691; final_level: 652.691
event: navigation; timestamp: 1743.91; robot: 10; time: 3; src: (-25, 25); dst: (-22, 25)
event: battery_consumption; timestamp: 1743.91; robot: 9; time: 3; initial_level: 620.555; final_level: 620.555
event: navigation; timestamp: 1743.91; robot: 9; time: 3; src: (-25, 25); dst: (-22, 25)
event: battery_consumption; timestamp: 1743.91; robot: 1; time: 3; initial_level: 588.833; final_level: 588.833
event: navigation; timestamp: 1743.91; robot: 1; time: 3; src: (-25, 25); dst: (-22, 25)
event: task_execution; timestamp: 1696; task: 88; robot: 2; pos: (25, 10); time: 69.9747
event: battery_consumption; timestamp: 1696; robot: 2; time: 69.9747; initial_level: 566.526; final_level: 543.201
event: task_resolution; timestamp: 1765.97; task: 88; pos: (25, 10); status: COMPLETED; attempt: 1
event: battery_consumption; timestamp: 1765.97; robot: 2; time: 5.09902; initial_level: 543.201; final_level: 543.201
event: navigation; timestamp: 1765.97; robot: 2; time: 5.09902; src: (25, 10); dst: (26, 5)
event: task_execution; timestamp: 1771.07; task: 86; robot: 2; pos: (26, 5); time: 81.1283
event: battery_consumption; timestamp: 1771.07; robot: 2; time: 81.1283; initial_level: 543.201; final_level: 534.187
event: task_resolution; timestamp: 1852.2; task: 86; pos: (26, 5); status: COMPLETED; attempt: 1
event: battery_consumption; timestamp: 1852.2; robot: 2; time: 5; initial_level: 534.187; final_level: 534.187
event: navigation; timestamp: 1852.2; robot: 2; time: 5; src: (26, 5); dst: (30, 8)
event: battery_consumption; timestamp: 1881; robot: 2; time: 3.60555; initial_level: 534.187; final_level: 534.187
event: navigation; timestamp: 1881; robot: 2; time: 3.60555; src: (30, 8); dst: (32, 5)
event: task_resolution; timestamp: 1943.52; task: 84; pos: (30, 8); status: COMPLETED; attempt: 1
event: battery_consumption; timestamp: 1965; robot: 6; time: 3.60555; initial_level: 582.449; final_level: 582.449
event: navigation; timestamp: 1965; robot: 6; time: 3.60555; src: (-2, -35); dst: (-4, -32)
event: task_execution; timestamp: 1884.61; task: 83; robot: 2; pos: (32, 5); time: 99.8146
event: battery_consumption; timestamp: 1884.61; robot: 2; time: 99.8146; initial_level: 534.187; final_level: 523.096
event: task_resolution; timestamp: 1984.42; task: 83; pos: (32, 5); status: COMPLETED; attempt: 1
event: battery_consumption; timestamp: 1984.42; robot: 2; time: 3; initial_level: 523.096; final_level: 523.096
event: navigation; timestamp: 1984.42; robot: 2; time: 3; src: (32, 5); dst: (35, 5)
event: battery_consumption; timestamp: 2059; robot: 6; time: 4.47214; initial_level: 582.449; final_level: 582.449
event: navigation; timestamp: 2059; robot: 6; time: 4.47214; src: (-4, -32); dst: (-8, -30)
event: task_execution; timestamp: 1987.42; task: 82; robot: 2; pos: (35, 5); time: 71.8039
event: battery_consumption; timestamp: 1987.42; robot: 2; time: 71.8039; initial_level: 523.096; final_level: 507.14
event: task_resolution; timestamp: 2059.22; task: 82; pos: (35, 5); status: COMPLETED; attempt: 1
event: battery_consumption; timestamp: 2059.22; robot: 2; time: 10.4403; initial_level: 507.14; final_level: 507.14
event: navigation; timestamp: 2059.22; robot: 2; time: 10.4403; src: (35, 5); dst: (32, -5)
event: task_execution; timestamp: 2063.47; task: 44; robot: 6; pos: (-8, -30); time: 88.4196
event: battery_consumption; timestamp: 2063.47; robot: 6; time: 88.4196; initial_level: 582.449; final_level: 572.624
event: task_resolution; timestamp: 2151.89; task: 44; pos: (-8, -30); status: FAILED; attempt: 1
event: battery_consumption; timestamp: 2151.89; robot: 6; time: 5.38516; initial_level: 572.624; final_level: 572.624
event: navigation; timestamp: 2151.89; robot: 6; time: 5.38516; src: (-8, -30); dst: (-6, -25)
event: battery_consumption; timestamp: 2249; robot: 6; time: 6.40312; initial_level: 572.624; final_level: 572.624
event: navigation; timestamp: 2249; robot: 6; time: 6.40312; src: (-6, -25); dst: (-10, -20)
event: task_resolution; timestamp: 2250.32; task: 46; pos: (-6, -25); status: FAILED; attempt: 1
event: task_execution; timestamp: 2231; task: 17; robot: 1; pos: (-22, 25); time: 97.8476
event: battery_consumption; timestamp: 2231; robot: 1; time: 97.8476; initial_level: 588.833; final_level: 567.089
event: task_execution; timestamp: 2231; task: 17; robot: 9; pos: (-22, 25); time: 97.8476
event: battery_consumption; timestamp: 2231; robot: 9; time: 97.8476; initial_level: 620.555; final_level: 598.811
event: task_execution; timestamp: 2231; task: 17; robot: 10; pos: (-22, 25); time: 97.8476
event: battery_consumption; timestamp: 2231; robot: 10; time: 97.8476; initial_level: 652.691; final_level: 630.947
event: task_resolution; timestamp: 2328.85; task: 17; pos: (-22, 25); status: FAILED; attempt: 1
event: battery_consumption; timestamp: 2328.85; robot: 1; time: 4; initial_level: 567.089; final_level: 567.089
event: navigation; timestamp: 2328.85; robot: 1; time: 4; src: (-22, 25); dst: (-18, 25)
event: battery_consumption; timestamp: 2328.85; robot: 9; time: 4; initial_level: 598.811; final_level: 598.811
event: navigation; timestamp: 2328.85; robot: 9; time: 4; src: (-22, 25); dst: (-18, 25)
event: battery_consumption; timestamp: 2328.85; robot: 10; time: 5.38516; initial_level: 630.947; final_level: 630.947
event: navigation; timestamp: 2328.85; robot: 10; time: 5.38516; src: (-22, 25); dst: (-20, 30)
event: task_execution; timestamp: 2255.4; task: 45; robot: 6; pos: (-10, -20); time: 87.1795
event: battery_consumption; timestamp: 2255.4; robot: 6; time: 87.1795; initial_level: 572.624; final_level: 562.938
event: task_resolution; timestamp: 2342.58; task: 45; pos: (-10, -20); status: FAILED; attempt: 1
event: battery_consumption; timestamp: 2342.58; robot: 6; time: 3.60555; initial_level: 562.938; final_level: 562.938
event: navigation; timestamp: 2342.58; robot: 6; time: 3.60555; src: (-10, -20); dst: (-7, -18)
event: task_execution; timestamp: 2332.85; task: 13; robot: 1; pos: (-18, 25); time: 89.4582
event: battery_consumption; timestamp: 2332.85; robot: 1; time: 89.4582; initial_level: 567.089; final_level: 537.27
event: task_execution; timestamp: 2332.85; task: 13; robot: 9; pos: (-18, 25); time: 89.4582
event: battery_consumption; timestamp: 2332.85; robot: 9; time: 89.4582; initial_level: 598.811; final_level: 568.992
event: task_resolution; timestamp: 2422.31; task: 13; pos: (-18, 25); status: FAILED; attempt: 1
event: battery_consumption; timestamp: 2422.31; robot: 1; time: 5.38516; initial_level: 537.27; final_level: 537.27
event: navigation; timestamp: 2422.31; robot: 1; time: 5.38516; src: (-18, 25); dst: (-20, 30)
event: battery_consumption; timestamp: 2422.31; robot: 9; time: 7.81025; initial_level: 568.992; final_level: 568.992
event: navigation; timestamp: 2422.31; robot: 9; time: 7.81025; src: (-18, 25); dst: (-12, 20)
event: battery_consumption; timestamp: 2456; robot: 1; time: 18.6011; initial_level: 537.27; final_level: 537.27
event: navigation; timestamp: 2456; robot: 1; time: 18.6011; src: (-20, 30); dst: (-5, 19)
event: battery_consumption; timestamp: 2456; robot: 10; time: 18.6011; initial_level: 630.947; final_level: 630.947
event: navigation; timestamp: 2456; robot: 10; time: 18.6011; src: (-20, 30); dst: (-5, 19)
event: task_execution; timestamp: 2424; task: 25; robot: 3; pos: (-18, 16); time: 86.4667
event: battery_consumption; timestamp: 2424; robot: 3; time: 86.4667; initial_level: 680.982; final_level: 642.552
event: task_resolution; timestamp: 2510.47; task: 25; pos: (-18, 16); status: FAILED; attempt: 1
event: battery_consumption; timestamp: 2510.47; robot: 3; time: 31.1448; initial_level: 642.552; final_level: 642.552
event: navigation; timestamp: 2510.47; robot: 3; time: 31.1448; src: (-18, 16); dst: (-15, -15)
event: task_resolution; timestamp: 2516.15; task: 15; pos: (-20, 30); status: FAILED; attempt: 1
event: task_execution; timestamp: 2521; task: 9; robot: 9; pos: (-12, 20); time: 63.7962
event: battery_consumption; timestamp: 2521; robot: 9; time: 63.7962; initial_level: 568.992; final_level: 561.903
event: task_resolution; timestamp: 2584.8; task: 9; pos: (-12, 20); status: FAILED; attempt: 1
event: battery_consumption; timestamp: 2584.8; robot: 9; time: 35.0571; initial_level: 561.903; final_level: 561.903
event: navigation; timestamp: 2584.8; robot: 9; time: 35.0571; src: (-12, 20); dst: (-10, -15)
event: battery_consumption; timestamp: 2625; robot: 3; time: 8; initial_level: 642.552; final_level: 642.552
event: navigation; timestamp: 2625; robot: 3; time: 8; src: (-15, -15); dst: (-7, -15)
event: task_execution; timestamp: 2586; task: 42; robot: 6; pos: (-7, -18); time: 79.8734
event: battery_consumption; timestamp: 2586; robot: 6; time: 79.8734; initial_level: 562.938; final_level: 545.188
event: task_resolution; timestamp: 2665.87; task: 42; pos: (-7, -18); status: COMPLETED; attempt: 1
event: battery_consumption; timestamp: 2665.87; robot: 6; time: 2; initial_level: 545.188; final_level: 545.188
event: navigation; timestamp: 2665.87; robot: 6; time: 2; src: (-7, -18); dst: (-5, -18)
event: task_execution; timestamp: 2618; task: 11; robot: 1; pos: (-5, 19); time: 85.2053
event: battery_consumption; timestamp: 2618; robot: 1; time: 85.2053; initial_level: 537.27; final_level: 527.802
event: task_execution; timestamp: 2618; task: 11; robot: 10; pos: (-5, 19); time: 85.2053
event: battery_consumption; timestamp: 2618; robot: 10; time: 85.2053; initial_level: 630.947; final_level: 621.48
event: task_resolution; timestamp: 2703.21; task: 11; pos: (-5, 19); status: FAILED; attempt: 1
event: battery_consumption; timestamp: 2703.21; robot: 1; time: 28.6531; initial_level: 527.802; final_level: 527.802
event: navigation; timestamp: 2703.21; robot: 1; time: 28.6531; src: (-5, 19); dst: (20, 5)
event: battery_consumption; timestamp: 2703.21; robot: 10; time: 37.0135; initial_level: 621.48; final_level: 621.48
event: navigation; timestamp: 2703.21; robot: 10; time: 37.0135; src: (-5, 19); dst: (24, -4)
event: task_execution; timestamp: 2619.85; task: 47; robot: 9; pos: (-10, -15); time: 96.3868
event: battery_consumption; timestamp: 2619.85; robot: 9; time: 96.3868; initial_level: 561.903; final_level: 551.193
event: task_resolution; timestamp: 2716.24; task: 47; pos: (-10, -15); status: COMPLETED; attempt: 1
event: battery_consumption; timestamp: 2716.24; robot: 9; time: 32.3883; initial_level: 551.193; final_level: 551.193
event: navigation; timestamp: 2716.24; robot: 9; time: 32.3883; src: (-10, -15); dst: (22, -10)
event: task_execution; timestamp: 2633; task: 43; robot: 3; pos: (-7, -15); time: 92.5402
event: battery_consumption; timestamp: 2633; robot: 3; time: 92.5402; initial_level: 642.552; final_level: 632.27
event: task_resolution; timestamp: 2725.54; task: 43; pos: (-7, -15); status: COMPLETED; attempt: 1
event: battery_consumption; timestamp: 2725.54; robot: 3; time: 29.4279; initial_level: 632.27; final_level: 632.27
event: navigation; timestamp: 2725.54; robot: 3; time: 29.4279; src: (-7, -15); dst: (22, -10)
event: task_execution; timestamp: 2678; task: 41; robot: 6; pos: (-5, -18); time: 91.7227
event: battery_consumption; timestamp: 2678; robot: 6; time: 91.7227; initial_level: 545.188; final_level: 534.997
event: task_resolution; timestamp: 2769.72; task: 41; pos: (-5, -18); status: COMPLETED; attempt: 1
event: battery_consumption; timestamp: 2769.72; robot: 6; time: 39.2173; initial_level: 534.997; final_level: 534.997
event: navigation; timestamp: 2769.72; robot: 6; time: 39.2173; src: (-5, -18); dst: (32, -5)
event: task_execution; timestamp: 2711; task: 10; robot: 7; pos: (-5, 16); time: 79.1724
event: battery_consumption; timestamp: 2711; robot: 7; time: 79.1724; initial_level: 630.761; final_level: 621.964
event: task_resolution; timestamp: 2790.17; task: 10; pos: (-5, 16); status: FAILED; attempt: 1
event: battery_consumption; timestamp: 2790.17; robot: 7; time: 42.5441; initial_level: 621.964; final_level: 621.964
event: navigation; timestamp: 2790.17; robot: 7; time: 42.5441; src: (-5, 16); dst: (32, -5)
event: task_execution; timestamp: 2776; task: 48; robot: 5; pos: (-4, -10); time: 78.2029
event: battery_consumption; timestamp: 2776; robot: 5; time: 78.2029; initial_level: 700; final_level: 691.311
event: task_resolution; timestamp: 2854.2; task: 48; pos: (-4, -10); status: COMPLETED; attempt: 1
event: battery_consumption; timestamp: 2854.2; robot: 5; time: 42; initial_level: 691.311; final_level: 691.311
event: navigation; timestamp: 2854.2; robot: 5; time: 42; src: (-4, -10); dst: (38, -10)
event: task_execution; timestamp: 2807; task: 8; robot: 4; pos: (-6, 10); time: 88.5999
event: battery_consumption; timestamp: 2807; robot: 4; time: 88.5999; initial_level: 700; final_level: 680.311
event: task_resolution; timestamp: 2895.6; task: 8; pos: (-6, 10); status: FAILED; attempt: 1
event: battery_consumption; timestamp: 2895.6; robot: 4; time: 48.3322; initial_level: 680.311; final_level: 680.311
event: navigation; timestamp: 2895.6; robot: 4; time: 48.3322; src: (-6, 10); dst: (38, -10)
event: task_execution; timestamp: 2832.72; task: 77; robot: 2; pos: (32, -5); time: 87.4313
event: battery_consumption; timestamp: 2832.72; robot: 2; time: 87.4313; initial_level: 507.14; final_level: 497.425
event: task_execution; timestamp: 2832.72; task: 77; robot: 6; pos: (32, -5); time: 87.4313
event: battery_consumption; timestamp: 2832.72; robot: 6; time: 87.4313; initial_level: 534.997; final_level: 525.282
event: task_execution; timestamp: 2832.72; task: 77; robot: 7; pos: (32, -5); time: 87.4313
event: battery_consumption; timestamp: 2832.72; robot: 7; time: 87.4313; initial_level: 621.964; final_level: 612.25
event: task_resolution; timestamp: 2920.15; task: 77; pos: (32, -5); status: COMPLETED; attempt: 1
event: battery_consumption; timestamp: 2920.15; robot: 2; time: 7.81025; initial_level: 497.425; final_level: 497.425
event: navigation; timestamp: 2920.15; robot: 2; time: 7.81025; src: (32, -5); dst: (38, -10)
event: battery_consumption; timestamp: 2920.15; robot: 7; time: 16.4012; initial_level: 612.25; final_level: 612.25
event: navigation; timestamp: 2920.15; robot: 7; time: 16.4012; src: (32, -5); dst: (45, -15)
event: battery_consumption; timestamp: 2920.15; robot: 6; time: 32.3883; initial_level: 525.282; final_level: 525.282
event: navigation; timestamp: 2920.15; robot: 6; time: 32.3883; src: (32, -5); dst: (0, 0)
event: robot_finished; timestamp: 2952.54; robot: 6; pos: (0, 0); battery: 525.282
event: battery_consumption; timestamp: 2943; robot: 7; time: 47.4342; initial_level: 612.25; final_level: 612.25
event: navigation; timestamp: 2943; robot: 7; time: 47.4342; src: (45, -15); dst: (0, 0)
event: robot_finished; timestamp: 2990.43; robot: 7; pos: (0, 0); battery: 612.25
event: task_execution; timestamp: 2903; task: 21; robot: 8; pos: (-10, 6); time: 89.6322
event: battery_consumption; timestamp: 2903; robot: 8; time: 89.6322; initial_level: 700; final_level: 680.082
event: task_resolution; timestamp: 2992.63; task: 21; pos: (-10, 6); status: FAILED; attempt: 1
event: battery_consumption; timestamp: 2992.63; robot: 8; time: 11.6619; initial_level: 680.082; final_level: 680.082
event: navigation; timestamp: 2992.63; robot: 8; time: 11.6619; src: (-10, 6); dst: (0, 0)
event: robot_finished; timestamp: 3004.29; robot: 8; pos: (0, 0); battery: 680.082
event: task_execution; timestamp: 2921; task: 96; robot: 3; pos: (22, -10); time: 88.4195
event: battery_consumption; timestamp: 2921; robot: 3; time: 88.4195; initial_level: 632.27; final_level: 622.445
event: task_execution; timestamp: 2921; task: 96; robot: 9; pos: (22, -10); time: 88.4195
event: battery_consumption; timestamp: 2921; robot: 9; time: 88.4195; initial_level: 551.193; final_level: 541.369
event: task_resolution; timestamp: 3009.42; task: 96; pos: (22, -10); status: COMPLETED; attempt: 1
event: battery_consumption; timestamp: 3009.42; robot: 9; time: 24.1661; initial_level: 541.369; final_level: 541.369
event: navigation; timestamp: 3009.42; robot: 9; time: 24.1661; src: (22, -10); dst: (0, 0)
event: robot_finished; timestamp: 3033.59; robot: 9; pos: (0, 0); battery: 541.369
event: battery_consumption; timestamp: 3009.42; robot: 3; time: 24.1661; initial_level: 622.445; final_level: 622.445
event: navigation; timestamp: 3009.42; robot: 3; time: 24.1661; src: (22, -10); dst: (0, 0)
event: robot_finished; timestamp: 3033.59; robot: 3; pos: (0, 0); battery: 622.445
event: task_resolution; timestamp: 3030.64; task: 81; pos: (45, -15); status: COMPLETED; attempt: 1
event: battery_consumption; timestamp: 3042; robot: 2; time: 39.2938; initial_level: 497.425; final_level: 497.425
event: navigation; timestamp: 3042; robot: 2; time: 39.2938; src: (38, -10); dst: (0, 0)
event: robot_finished; timestamp: 3081.29; robot: 2; pos: (0, 0); battery: 497.425
event: battery_consumption; timestamp: 3042; robot: 5; time: 39.2938; initial_level: 691.311; final_level: 691.311
event: navigation; timestamp: 3042; robot: 5; time: 39.2938; src: (38, -10); dst: (0, 0)
event: robot_finished; timestamp: 3081.29; robot: 5; pos: (0, 0); battery: 691.311
event: battery_consumption; timestamp: 3042; robot: 4; time: 39.2938; initial_level: 680.311; final_level: 680.311
event: navigation; timestamp: 3042; robot: 4; time: 39.2938; src: (38, -10); dst: (0, 0)
event: robot_finished; timestamp: 3081.29; robot: 4; pos: (0, 0); battery: 680.311
event: task_resolution; timestamp: 3042.14; task: 78; pos: (38, -10); status: COMPLETED; attempt: 1
event: task_execution; timestamp: 2959; task: 90; robot: 1; pos: (20, 5); time: 91.5126
event: battery_consumption; timestamp: 2959; robot: 1; time: 91.5126; initial_level: 527.802; final_level: 517.634
event: task_resolution; timestamp: 3050.51; task: 90; pos: (20, 5); status: COMPLETED; attempt: 1
event: battery_consumption; timestamp: 3050.51; robot: 1; time: 20.6155; initial_level: 517.634; final_level: 517.634
event: navigation; timestamp: 3050.51; robot: 1; time: 20.6155; src: (20, 5); dst: (0, 0)
event: robot_finished; timestamp: 3071.13; robot: 1; pos: (0, 0); battery: 517.634
event: task_execution; timestamp: 2955; task: 87; robot: 10; pos: (24, -4); time: 96.5292
event: battery_consumption; timestamp: 2955; robot: 10; time: 96.5292; initial_level: 621.48; final_level: 600.029
event: task_resolution; timestamp: 3051.53; task: 87; pos: (24, -4); status: COMPLETED; attempt: 1
event: battery_consumption; timestamp: 3051.53; robot: 10; time: 24.3311; initial_level: 600.029; final_level: 600.029
event: navigation; timestamp: 3051.53; robot: 10; time: 24.3311; src: (24, -4); dst: (0, 0)
event: robot_finished; timestamp: 3075.86; robot: 10; pos: (0, 0); battery: 600.029
metric: available_agents; value: 0
metric: failed_agents; value: 0
metric: finished_agents; value: 10
metric: completed_tasks; value: 33
metric: pending_tasks; value: 0
metric: failed_tasks; value: 67
metric: average_robot_makespan; value: 3040.53
metric: sd_robot_makespan; value: 45.7427
metric: max_robot_makespan; value: 3081.29
metric: min_robot_makespan; value: 2952.54
metric: average_robot_travel_distance; value: 125.312
metric: sd_robot_travel_distance; value: 44.647
metric: max_robot_travel_distance; value: 174.449
metric: min_robot_travel_distance; value: 23.3238
metric: sum_robot_travel_distance; value: 1253.12
metric: average_completed_tasks_by_robot; value: 0
metric: sd_completed_tasks_by_robot; value: 0
metric: max_completed_tasks_by_robot; value: 0
metric: min_completed_tasks_by_robot; value: 0
metric: final_reward; value: 0.33
metric: computing_time; value: 0.00950108
