info: solver_name; value: cbba
info: reward_function; value: reward00
info: replica; value: 1
info: filename; value: ../logs/prueba/c206_10r_100t_cdb2cd8a_cbba_reward00_001.log
info: scenario_name; value: c206_10r_100t_cdb2cd8a
info: scenario_name; value: c206_10r_100t_cdb2cd8a
info: number_of_tasks; value: 100
info: number_of_robots; value: 10
info: number_of_recharging_stations; value: 1
info: scenario_size; value: (132,132)
event: recharging_station_spawn; timestamp: 0; recharging_station: 1; pos: (0, 0)
event: task_spawn; timestamp: 0; task: 1; pos: (12, 25); earliest_start: 213; latest_start: 568; state: PENDING; required_workers: 1; success_prob: 0.2; max_attempts: 1
event: task_spawn; timestamp: 0; task: 2; pos: (5, 20); earliest_start: 22; latest_start: 563; state: PENDING; required_workers: 1; success_prob: 0.2; max_attempts: 1
event: task_spawn; timestamp: 0; task: 3; pos: (22, 19); earliest_start: 1030; latest_start: 1463; state: PENDING; required_workers: 1; success_prob: 0.2; max_attempts: 1
event: task_spawn; timestamp: 0; task: 4; pos: (20, 16); earliest_start: 1154; latest_start: 1527; state: PENDING; required_workers: 1; success_prob: 0.2; max_attempts: 1
event: task_spawn; timestamp: 0; task: 5; pos: (2, 15); earliest_start: 15; latest_start: 402; state: PENDING; required_workers: 1; success_prob: 0.2; max_attempts: 1
event: task_spawn; timestamp: 0; task: 6; pos: (-24, -8); earliest_start: 331; latest_start: 822; state: PENDING; required_workers: 1; success_prob: 0.2; max_attempts: 1
event: task_spawn; timestamp: 0; task: 7; pos: (18, 20); earliest_start: 965; latest_start: 1340; state: PENDING; required_workers: 1; success_prob: 0.2; max_attempts: 1
event: task_spawn; timestamp: 0; task: 8; pos: (-6, 10); earliest_start: 2653; latest_start: 3280; state: PENDING; required_workers: 1; success_prob: 0.2; max_attempts: 1
event: task_spawn; timestamp: 0; task: 9; pos: (-12, 20); earliest_start: 2385; latest_start: 2976; state: PENDING; required_workers: 1; success_prob: 0.2; max_attempts: 1
event: task_spawn; timestamp: 0; task: 10; pos: (-5, 16); earliest_start: 2628; latest_start: 3113; state: PENDING; required_workers: 1; success_prob: 0.2; max_attempts: 1
event: task_spawn; timestamp: 0; task: 11; pos: (-5, 19); earliest_start: 2603; latest_start: 2952; state: PENDING; required_workers: 2; success_prob: 0.2; max_attempts: 1
event: task_spawn; timestamp: 0; task: 12; pos: (-15, 35); earliest_start: 1985; latest_start: 2412; state: PENDING; required_workers: 2; success_prob: 0.2; max_attempts: 1
event: task_spawn; timestamp: 0; task: 13; pos: (-18, 25); earliest_start: 2310; latest_start: 2659; state: PENDING; required_workers: 2; success_prob: 0.2; max_attempts: 1
event: task_spawn; timestamp: 0; task: 14; pos: (-18, 35); earliest_start: 1846; latest_start: 2365; state: PENDING; required_workers: 2; success_prob: 0.2; max_attempts: 1
event: task_spawn; timestamp: 0; task: 15; pos: (-20, 30); earliest_start: 2077; latest_start: 2514; state: PENDING; required_workers: 2; success_prob: 0.2; max_attempts: 1
event: task_spawn; timestamp: 0; task: 16; pos: (-20, 35); earliest_start: 1763; latest_start: 2264; state: PENDING; required_workers: 2; success_prob: 0.2; max_attempts: 1
event: task_spawn; timestamp: 0; task: 17; pos: (-22, 25); earliest_start: 2143; latest_start: 2638; state: PENDING; required_workers: 3; success_prob: 0.2; max_attempts: 1
event: task_spawn; timestamp: 0; task: 18; pos: (-25, 25); earliest_start: 1560; latest_start: 2083; state: PENDING; required_workers: 3; success_prob: 0.2; max_attempts: 1
event: task_spawn; timestamp: 0; task: 19; pos: (-25, 30); earliest_start: 1689; latest_start: 2144; state: PENDING; required_workers: 3; success_prob: 0.2; max_attempts: 1
event: task_spawn; timestamp: 0; task: 20; pos: (-10, 0); earliest_start: 10; latest_start: 645; state: PENDING; required_workers: 3; success_prob: 0.2; max_attempts: 1
event: task_spawn; timestamp: 0; task: 21; pos: (-10, 6); earliest_start: 2675; latest_start: 3288; state: PENDING; required_workers: 1; success_prob: 0.4; max_attempts: 1
event: task_spawn; timestamp: 0; task: 22; pos: (-12, 2); earliest_start: 12; latest_start: 505; state: PENDING; required_workers: 1; success_prob: 0.4; max_attempts: 1
event: task_spawn; timestamp: 0; task: 23; pos: (-26, 16); earliest_start: 1519; latest_start: 1926; state: PENDING; required_workers: 1; success_prob: 0.4; max_attempts: 1
event: task_spawn; timestamp: 0; task: 24; pos: (-15, 0); earliest_start: 23; latest_start: 368; state: PENDING; required_workers: 1; success_prob: 0.4; max_attempts: 1
event: task_spawn; timestamp: 0; task: 25; pos: (-18, 16); earliest_start: 2380; latest_start: 2787; state: PENDING; required_workers: 1; success_prob: 0.4; max_attempts: 1
event: task_spawn; timestamp: 0; task: 26; pos: (-32, 12); earliest_start: 1330; latest_start: 1919; state: PENDING; required_workers: 1; success_prob: 0.4; max_attempts: 1
event: task_spawn; timestamp: 0; task: 27; pos: (-17, 2); earliest_start: 93; latest_start: 484; state: PENDING; required_workers: 1; success_prob: 0.4; max_attempts: 1
event: task_spawn; timestamp: 0; task: 28; pos: (-36, 5); earliest_start: 1268; latest_start: 1785; state: PENDING; required_workers: 1; success_prob: 0.4; max_attempts: 1
event: task_spawn; timestamp: 0; task: 29; pos: (-20, 0); earliest_start: 168; latest_start: 787; state: PENDING; required_workers: 1; success_prob: 0.4; max_attempts: 1
event: task_spawn; timestamp: 0; task: 30; pos: (-20, 5); earliest_start: 170; latest_start: 595; state: PENDING; required_workers: 1; success_prob: 0.4; max_attempts: 1
event: task_spawn; timestamp: 0; task: 31; pos: (-30, -15); earliest_start: 585; latest_start: 1136; state: PENDING; required_workers: 2; success_prob: 0.4; max_attempts: 1
event: task_spawn; timestamp: 0; task: 32; pos: (-30, -10); earliest_start: 448; latest_start: 897; state: PENDING; required_workers: 2; success_prob: 0.4; max_attempts: 1
event: task_spawn; timestamp: 0; task: 33; pos: (-32, -10); earliest_start: 499; latest_start: 1030; state: PENDING; required_workers: 2; success_prob: 0.4; max_attempts: 1
event: task_spawn; timestamp: 0; task: 34; pos: (-32, -5); earliest_start: 1190; latest_start: 1661; state: PENDING; required_workers: 2; success_prob: 0.4; max_attempts: 1
event: task_spawn; timestamp: 0; task: 35; pos: (-35, -15); earliest_start: 666; latest_start: 1245; state: PENDING; required_workers: 2; success_prob: 0.4; max_attempts: 1
event: task_spawn; timestamp: 0; task: 36; pos: (-35, -5); earliest_start: 1076; latest_start: 1589; state: PENDING; required_workers: 2; success_prob: 0.4; max_attempts: 1
event: task_spawn; timestamp: 0; task: 37; pos: (-38, -10); earliest_start: 772; latest_start: 1329; state: PENDING; required_workers: 3; success_prob: 0.4; max_attempts: 1
event: task_spawn; timestamp: 0; task: 38; pos: (-40, -10); earliest_start: 890; latest_start: 1395; state: PENDING; required_workers: 3; success_prob: 0.4; max_attempts: 1
event: task_spawn; timestamp: 0; task: 39; pos: (-40, -5); earliest_start: 1036; latest_start: 1439; state: PENDING; required_workers: 3; success_prob: 0.4; max_attempts: 1
event: task_spawn; timestamp: 0; task: 40; pos: (-4, -32); earliest_start: 1612; latest_start: 2185; state: PENDING; required_workers: 3; success_prob: 0.4; max_attempts: 1
event: task_spawn; timestamp: 0; task: 41; pos: (-5, -18); earliest_start: 2599; latest_start: 3076; state: PENDING; required_workers: 1; success_prob: 0.6; max_attempts: 1
event: task_spawn; timestamp: 0; task: 42; pos: (-7, -18); earliest_start: 2529; latest_start: 2962; state: PENDING; required_workers: 1; success_prob: 0.6; max_attempts: 1
event: task_spawn; timestamp: 0; task: 43; pos: (-7, -15); earliest_start: 2463; latest_start: 2842; state: PENDING; required_workers: 1; success_prob: 0.6; max_attempts: 1
event: task_spawn; timestamp: 0; task: 44; pos: (-8, -30); earliest_start: 1745; latest_start: 2240; state: PENDING; required_workers: 1; success_prob: 0.6; max_attempts: 1
event: task_spawn; timestamp: 0; task: 45; pos: (-10, -20); earliest_start: 1932; latest_start: 2437; state: PENDING; required_workers: 1; success_prob: 0.6; max_attempts: 1
event: task_spawn; timestamp: 0; task: 46; pos: (-6, -25); earliest_start: 1884; latest_start: 2293; state: PENDING; required_workers: 1; success_prob: 0.6; max_attempts: 1
event: task_spawn; timestamp: 0; task: 47; pos: (-10, -15); earliest_start: 2348; latest_start: 2771; state: PENDING; required_workers: 1; success_prob: 0.6; max_attempts: 1
event: task_spawn; timestamp: 0; task: 48; pos: (-4, -10); earliest_start: 2715; latest_start: 3156; state: PENDING; required_workers: 1; success_prob: 0.6; max_attempts: 1
event: task_spawn; timestamp: 0; task: 49; pos: (8, -30); earliest_start: 812; latest_start: 1281; state: PENDING; required_workers: 1; success_prob: 0.6; max_attempts: 1
event: task_spawn; timestamp: 0; task: 50; pos: (-14, -18); earliest_start: 2018; latest_start: 2725; state: PENDING; required_workers: 1; success_prob: 0.6; max_attempts: 1
event: task_spawn; timestamp: 0; task: 51; pos: (-15, -20); earliest_start: 2015; latest_start: 2544; state: PENDING; required_workers: 2; success_prob: 0.6; max_attempts: 1
event: task_spawn; timestamp: 0; task: 52; pos: (-15, -15); earliest_start: 2201; latest_start: 2728; state: PENDING; required_workers: 2; success_prob: 0.6; max_attempts: 1
event: task_spawn; timestamp: 0; task: 53; pos: (4, -45); earliest_start: 1078; latest_start: 1593; state: PENDING; required_workers: 2; success_prob: 0.6; max_attempts: 1
event: task_spawn; timestamp: 0; task: 54; pos: (2, -40); earliest_start: 998; latest_start: 1481; state: PENDING; required_workers: 2; success_prob: 0.6; max_attempts: 1
event: task_spawn; timestamp: 0; task: 55; pos: (2, -35); earliest_start: 897; latest_start: 1392; state: PENDING; required_workers: 2; success_prob: 0.6; max_attempts: 1
event: task_spawn; timestamp: 0; task: 56; pos: (0, -45); earliest_start: 1199; latest_start: 1660; state: PENDING; required_workers: 2; success_prob: 0.6; max_attempts: 1
event: task_spawn; timestamp: 0; task: 57; pos: (-2, -35); earliest_start: 1552; latest_start: 2057; state: PENDING; required_workers: 3; success_prob: 0.6; max_attempts: 1
event: task_spawn; timestamp: 0; task: 58; pos: (-2, -45); earliest_start: 1263; latest_start: 1780; state: PENDING; required_workers: 3; success_prob: 0.6; max_attempts: 1
event: task_spawn; timestamp: 0; task: 59; pos: (-2, -40); earliest_start: 1498; latest_start: 1921; state: PENDING; required_workers: 3; success_prob: 0.6; max_attempts: 1
event: task_spawn; timestamp: 0; task: 60; pos: (-5, -45); earliest_start: 1325; latest_start: 1904; state: PENDING; required_workers: 3; success_prob: 0.6; max_attempts: 1
event: task_spawn; timestamp: 0; task: 61; pos: (10, -20); earliest_start: 223; latest_start: 738; state: PENDING; required_workers: 1; success_prob: 0.8; max_attempts: 1
event: task_spawn; timestamp: 0; task: 62; pos: (10, -15); earliest_start: 18; latest_start: 474; state: PENDING; required_workers: 1; success_prob: 0.8; max_attempts: 1
event: task_spawn; timestamp: 0; task: 63; pos: (10, -10); earliest_start: 14; latest_start: 360; state: PENDING; required_workers: 1; success_prob: 0.8; max_attempts: 1
event: task_spawn; timestamp: 0; task: 64; pos: (8, -20); earliest_start: 246; latest_start: 899; state: PENDING; required_workers: 1; success_prob: 0.8; max_attempts: 1
event: task_spawn; timestamp: 0; task: 65; pos: (4, -25); earliest_start: 704; latest_start: 1197; state: PENDING; required_workers: 1; success_prob: 0.8; max_attempts: 1
event: task_spawn; timestamp: 0; task: 66; pos: (7, -15); earliest_start: 393; latest_start: 942; state: PENDING; required_workers: 1; success_prob: 0.8; max_attempts: 1
event: task_spawn; timestamp: 0; task: 67; pos: (7, -10); earliest_start: 12; latest_start: 424; state: PENDING; required_workers: 1; success_prob: 0.8; max_attempts: 1
event: task_spawn; timestamp: 0; task: 68; pos: (2, -20); earliest_start: 641; latest_start: 1070; state: PENDING; required_workers: 1; success_prob: 0.8; max_attempts: 1
event: task_spawn; timestamp: 0; task: 69; pos: (5, -15); earliest_start: 534; latest_start: 985; state: PENDING; required_workers: 1; success_prob: 0.8; max_attempts: 1
event: task_spawn; timestamp: 0; task: 70; pos: (55, -20); earliest_start: 2119; latest_start: 2682; state: PENDING; required_workers: 1; success_prob: 0.8; max_attempts: 1
event: task_spawn; timestamp: 0; task: 71; pos: (55, -15); earliest_start: 2079; latest_start: 2532; state: PENDING; required_workers: 2; success_prob: 0.8; max_attempts: 1
event: task_spawn; timestamp: 0; task: 72; pos: (13, -20); earliest_start: 131; latest_start: 644; state: PENDING; required_workers: 2; success_prob: 0.8; max_attempts: 1
event: task_spawn; timestamp: 0; task: 73; pos: (52, -20); earliest_start: 2169; latest_start: 2818; state: PENDING; required_workers: 2; success_prob: 0.8; max_attempts: 1
event: task_spawn; timestamp: 0; task: 74; pos: (13, -15); earliest_start: 87; latest_start: 498; state: PENDING; required_workers: 2; success_prob: 0.8; max_attempts: 1
event: task_spawn; timestamp: 0; task: 75; pos: (5, 15); earliest_start: 15; latest_start: 607; state: PENDING; required_workers: 2; success_prob: 0.8; max_attempts: 1
event: task_spawn; timestamp: 0; task: 76; pos: (50, -15); earliest_start: 2002; latest_start: 2419; state: PENDING; required_workers: 2; success_prob: 0.8; max_attempts: 1
event: task_spawn; timestamp: 0; task: 77; pos: (32, -5); earliest_start: 2701; latest_start: 3258; state: PENDING; required_workers: 3; success_prob: 0.8; max_attempts: 1
event: task_spawn; timestamp: 0; task: 78; pos: (38, -10); earliest_start: 2599; latest_start: 3164; state: PENDING; required_workers: 3; success_prob: 0.8; max_attempts: 1
event: task_spawn; timestamp: 0; task: 79; pos: (47, -20); earliest_start: 2505; latest_start: 2870; state: PENDING; required_workers: 3; success_prob: 0.8; max_attempts: 1
event: task_spawn; timestamp: 0; task: 80; pos: (45, -25); earliest_start: 2369; latest_start: 2816; state: PENDING; required_workers: 3; success_prob: 0.8; max_attempts: 1
event: task_spawn; timestamp: 0; task: 81; pos: (45, -15); earliest_start: 2563; latest_start: 3002; state: PENDING; required_workers: 1; success_prob: 1; max_attempts: 1
event: task_spawn; timestamp: 0; task: 82; pos: (35, 5); earliest_start: 1783; latest_start: 2226; state: PENDING; required_workers: 1; success_prob: 1; max_attempts: 1
event: task_spawn; timestamp: 0; task: 83; pos: (32, 5); earliest_start: 1591; latest_start: 2232; state: PENDING; required_workers: 1; success_prob: 1; max_attempts: 1
event: task_spawn; timestamp: 0; task: 84; pos: (30, 8); earliest_start: 1513; latest_start: 1928; state: PENDING; required_workers: 1; success_prob: 1; max_attempts: 1
event: task_spawn; timestamp: 0; task: 85; pos: (46, -4); earliest_start: 1829; latest_start: 2388; state: PENDING; required_workers: 1; success_prob: 1; max_attempts: 1
event: task_spawn; timestamp: 0; task: 86; pos: (26, 5); earliest_start: 1604; latest_start: 2027; state: PENDING; required_workers: 1; success_prob: 1; max_attempts: 1
event: task_spawn; timestamp: 0; task: 87; pos: (24, -4); earliest_start: 2976; latest_start: 3275; state: PENDING; required_workers: 1; success_prob: 1; max_attempts: 1
event: task_spawn; timestamp: 0; task: 88; pos: (25, 10); earliest_start: 1338; latest_start: 1913; state: PENDING; required_workers: 1; success_prob: 1; max_attempts: 1
event: task_spawn; timestamp: 0; task: 89; pos: (16, 14); earliest_start: 1116; latest_start: 1753; state: PENDING; required_workers: 1; success_prob: 1; max_attempts: 1
event: task_spawn; timestamp: 0; task: 90; pos: (20, 5); earliest_start: 2789; latest_start: 3279; state: PENDING; required_workers: 1; success_prob: 1; max_attempts: 1
event: task_spawn; timestamp: 0; task: 91; pos: (20, 10); earliest_start: 1349; latest_start: 1712; state: PENDING; required_workers: 2; success_prob: 1; max_attempts: 1
event: task_spawn; timestamp: 0; task: 92; pos: (27, 35); earliest_start: 518; latest_start: 1029; state: PENDING; required_workers: 2; success_prob: 1; max_attempts: 1
event: task_spawn; timestamp: 0; task: 93; pos: (2, 8); earliest_start: 8; latest_start: 509; state: PENDING; required_workers: 2; success_prob: 1; max_attempts: 1
event: task_spawn; timestamp: 0; task: 94; pos: (25, 32); earliest_start: 549; latest_start: 1186; state: PENDING; required_workers: 2; success_prob: 1; max_attempts: 1
event: task_spawn; timestamp: 0; task: 95; pos: (22, 30); earliest_start: 744; latest_start: 1177; state: PENDING; required_workers: 2; success_prob: 1; max_attempts: 1
event: task_spawn; timestamp: 0; task: 96; pos: (22, -10); earliest_start: 2713; latest_start: 3275; state: PENDING; required_workers: 2; success_prob: 1; max_attempts: 1
event: task_spawn; timestamp: 0; task: 97; pos: (20, 35); earliest_start: 397; latest_start: 956; state: PENDING; required_workers: 3; success_prob: 1; max_attempts: 1
event: task_spawn; timestamp: 0; task: 98; pos: (18, 25); earliest_start: 839; latest_start: 1276; state: PENDING; required_workers: 3; success_prob: 1; max_attempts: 1
event: task_spawn; timestamp: 0; task: 99; pos: (15, 30); earliest_start: 272; latest_start: 701; state: PENDING; required_workers: 3; success_prob: 1; max_attempts: 1
event: task_spawn; timestamp: 0; task: 100; pos: (15, 35); earliest_start: 373; latest_start: 790; state: PENDING; required_workers: 3; success_prob: 1; max_attempts: 1
event: robot_spawn; timestamp: 0; robot: 1; pos: (0, 0); state: AVAILABLE; battery_level: 700; battery_capacity: 700; velocity: 1; battery_rate_nav: 0
event: robot_spawn; timestamp: 0; robot: 2; pos: (0, 0); state: AVAILABLE; battery_level: 700; battery_capacity: 700; velocity: 1; battery_rate_nav: 0
event: robot_spawn; timestamp: 0; robot: 3; pos: (0, 0); state: AVAILABLE; battery_level: 700; battery_capacity: 700; velocity: 1; battery_rate_nav: 0
event: robot_spawn; timestamp: 0; robot: 4; pos: (0, 0); state: AVAILABLE; battery_level: 700; battery_capacity: 700; velocity: 1; battery_rate_nav: 0
event: robot_spawn; timestamp: 0; robot: 5; pos: (0, 0); state: AVAILABLE; battery_level: 700; battery_capacity: 700; velocity: 1; battery_rate_nav: 0
event: robot_spawn; timestamp: 0; robot: 6; pos: (0, 0); state: AVAILABLE; battery_level: 700; battery_capacity: 700; velocity: 1; battery_rate_nav: 0
event: robot_spawn; timestamp: 0; robot: 7; pos: (0, 0); state: AVAILABLE; battery_level: 700; battery_capacity: 700; velocity: 1; battery_rate_nav: 0
event: robot_spawn; timestamp: 0; robot: 8; pos: (0, 0); state: AVAILABLE; battery_level: 700; battery_capacity: 700; velocity: 1; battery_rate_nav: 0
event: robot_spawn; timestamp: 0; robot: 9; pos: (0, 0); state: AVAILABLE; battery_level: 700; battery_capacity: 700; velocity: 1; battery_rate_nav: 0
event: robot_spawn; timestamp: 0; robot: 10; pos: (0, 0); state: AVAILABLE; battery_level: 700; battery_capacity: 700; velocity: 1; battery_rate_nav: 0
event: battery_consumption; timestamp: 0; robot: 9; time: 12.2066; initial_level: 700; final_level: 700
event: navigation; timestamp: 0; robot: 9; time: 12.2066; src: (0, 0); dst: (7, -10)
event: battery_consumption; timestamp: 0; robot: 8; time: 8.24621; initial_level: 700; final_level: 700
event: navigation; timestamp: 0; robot: 8; time: 8.24621; src: (0, 0); dst: (2, 8)
event: battery_consumption; timestamp: 0; robot: 5; time: 8.24621; initial_level: 700; final_level: 700
event: navigation; timestamp: 0; robot: 5; time: 8.24621; src: (0, 0); dst: (2, 8)
event: battery_consumption; timestamp: 0; robot: 6; time: 12.1655; initial_level: 700; final_level: 700
event: navigation; timestamp: 0; robot: 6; time: 12.1655; src: (0, 0); dst: (-12, 2)
event: battery_consumption; timestamp: 0; robot: 1; time: 15.8114; initial_level: 700; final_level: 700
event: navigation; timestamp: 0; robot: 1; time: 15.8114; src: (0, 0); dst: (5, 15)
event: battery_consumption; timestamp: 0; robot: 4; time: 15; initial_level: 700; final_level: 700
event: navigation; timestamp: 0; robot: 4; time: 15; src: (0, 0); dst: (-15, 0)
event: battery_consumption; timestamp: 0; robot: 7; time: 19.8494; initial_level: 700; final_level: 700
event: navigation; timestamp: 0; robot: 7; time: 19.8494; src: (0, 0); dst: (13, -15)
event: battery_consumption; timestamp: 0; robot: 3; time: 17.1172; initial_level: 700; final_level: 700
event: navigation; timestamp: 0; robot: 3; time: 17.1172; src: (0, 0); dst: (-17, 2)
event: battery_consumption; timestamp: 0; robot: 10; time: 15.1327; initial_level: 700; final_level: 700
event: navigation; timestamp: 0; robot: 10; time: 15.1327; src: (0, 0); dst: (2, 15)
event: battery_consumption; timestamp: 0; robot: 2; time: 23.8537; initial_level: 700; final_level: 700
event: navigation; timestamp: 0; robot: 2; time: 23.8537; src: (0, 0); dst: (13, -20)
event: task_execution; timestamp: 15.1327; task: 5; robot: 10; pos: (2, 15); time: 85.6952
event: battery_consumption; timestamp: 15.1327; robot: 10; time: 85.6952; initial_level: 700; final_level: 690.478
event: task_resolution; timestamp: 100.828; task: 5; pos: (2, 15); status: COMPLETED; attempt: 1
event: battery_consumption; timestamp: 100.828; robot: 10; time: 3; initial_level: 690.478; final_level: 690.478
event: navigation; timestamp: 100.828; robot: 10; time: 3; src: (2, 15); dst: (5, 15)
event: task_execution; timestamp: 8.24621; task: 93; robot: 5; pos: (2, 8); time: 94.4781
event: battery_consumption; timestamp: 8.24621; robot: 5; time: 94.4781; initial_level: 700; final_level: 658.01
event: task_execution; timestamp: 8.24621; task: 93; robot: 8; pos: (2, 8); time: 94.4781
event: battery_consumption; timestamp: 8.24621; robot: 8; time: 94.4781; initial_level: 700; final_level: 658.01
event: task_resolution; timestamp: 102.724; task: 93; pos: (2, 8); status: COMPLETED; attempt: 1
event: battery_consumption; timestamp: 102.724; robot: 5; time: 23.4094; initial_level: 658.01; final_level: 658.01
event: navigation; timestamp: 102.724; robot: 5; time: 23.4094; src: (2, 8); dst: (-20, 0)
event: battery_consumption; timestamp: 102.724; robot: 8; time: 22.2036; initial_level: 658.01; final_level: 658.01
event: navigation; timestamp: 102.724; robot: 8; time: 22.2036; src: (2, 8); dst: (-20, 5)
event: task_execution; timestamp: 12.1655; task: 22; robot: 6; pos: (-12, 2); time: 91.0837
event: battery_consumption; timestamp: 12.1655; robot: 6; time: 91.0837; initial_level: 700; final_level: 679.759
event: task_resolution; timestamp: 103.249; task: 22; pos: (-12, 2); status: FAILED; attempt: 1
event: battery_consumption; timestamp: 103.249; robot: 6; time: 24.7588; initial_level: 679.759; final_level: 679.759
event: navigation; timestamp: 103.249; robot: 6; time: 24.7588; src: (-12, 2); dst: (5, 20)
event: task_execution; timestamp: 23; task: 24; robot: 4; pos: (-15, 0); time: 84.196
event: battery_consumption; timestamp: 23; robot: 4; time: 84.196; initial_level: 700; final_level: 690.645
event: task_resolution; timestamp: 107.196; task: 24; pos: (-15, 0); status: FAILED; attempt: 1
event: battery_consumption; timestamp: 107.196; robot: 4; time: 42.4264; initial_level: 690.645; final_level: 690.645
event: navigation; timestamp: 107.196; robot: 4; time: 42.4264; src: (-15, 0); dst: (15, 30)
event: task_execution; timestamp: 12.2066; task: 67; robot: 9; pos: (7, -10); time: 96.5772
event: battery_consumption; timestamp: 12.2066; robot: 9; time: 96.5772; initial_level: 700; final_level: 689.269
event: task_resolution; timestamp: 108.784; task: 67; pos: (7, -10); status: COMPLETED; attempt: 1
event: battery_consumption; timestamp: 108.784; robot: 9; time: 3; initial_level: 689.269; final_level: 689.269
event: navigation; timestamp: 108.784; robot: 9; time: 3; src: (7, -10); dst: (10, -10)
event: task_execution; timestamp: 93; task: 27; robot: 3; pos: (-17, 2); time: 77.776
event: battery_consumption; timestamp: 93; robot: 3; time: 77.776; initial_level: 700; final_level: 691.358
event: task_resolution; timestamp: 170.776; task: 27; pos: (-17, 2); status: COMPLETED; attempt: 1
event: battery_consumption; timestamp: 170.776; robot: 3; time: 42.5206; initial_level: 691.358; final_level: 691.358
event: navigation; timestamp: 170.776; robot: 3; time: 42.5206; src: (-17, 2); dst: (15, 30)
event: task_execution; timestamp: 103.828; task: 75; robot: 1; pos: (5, 15); time: 96.6986
event: battery_consumption; timestamp: 103.828; robot: 1; time: 96.6986; initial_level: 700; final_level: 678.511
event: task_execution; timestamp: 103.828; task: 75; robot: 10; pos: (5, 15); time: 96.6986
event: battery_consumption; timestamp: 103.828; robot: 10; time: 96.6986; initial_level: 690.478; final_level: 668.99
event: task_resolution; timestamp: 200.526; task: 75; pos: (5, 15); status: COMPLETED; attempt: 1
event: battery_consumption; timestamp: 200.526; robot: 10; time: 12.2066; initial_level: 668.99; final_level: 668.99
event: navigation; timestamp: 200.526; robot: 10; time: 12.2066; src: (5, 15); dst: (12, 25)
event: battery_consumption; timestamp: 200.526; robot: 1; time: 40.0125; initial_level: 678.511; final_level: 678.511
event: navigation; timestamp: 200.526; robot: 1; time: 40.0125; src: (5, 15); dst: (4, -25)
event: task_execution; timestamp: 111.784; task: 63; robot: 9; pos: (10, -10); time: 101.991
event: battery_consumption; timestamp: 111.784; robot: 9; time: 101.991; initial_level: 689.269; final_level: 632.608
event: task_resolution; timestamp: 213.774; task: 63; pos: (10, -10); status: COMPLETED; attempt: 1
event: battery_consumption; timestamp: 213.774; robot: 9; time: 5; initial_level: 632.608; final_level: 632.608
event: navigation; timestamp: 213.774; robot: 9; time: 5; src: (10, -10); dst: (10, -15)
event: task_execution; timestamp: 128.008; task: 2; robot: 6; pos: (5, 20); time: 94.0806
event: battery_consumption; timestamp: 128.008; robot: 6; time: 94.0806; initial_level: 679.759; final_level: 648.399
event: task_resolution; timestamp: 222.089; task: 2; pos: (5, 20); status: FAILED; attempt: 1
event: battery_consumption; timestamp: 222.089; robot: 6; time: 18.0278; initial_level: 648.399; final_level: 648.399
event: navigation; timestamp: 222.089; robot: 6; time: 18.0278; src: (5, 20); dst: (15, 35)
event: task_execution; timestamp: 170; task: 30; robot: 8; pos: (-20, 5); time: 93.6338
event: battery_consumption; timestamp: 170; robot: 8; time: 93.6338; initial_level: 658.01; final_level: 647.606
event: task_resolution; timestamp: 263.634; task: 30; pos: (-20, 5); status: FAILED; attempt: 1
event: battery_consumption; timestamp: 263.634; robot: 8; time: 50; initial_level: 647.606; final_level: 647.606
event: navigation; timestamp: 263.634; robot: 8; time: 50; src: (-20, 5); dst: (20, 35)
event: task_execution; timestamp: 168; task: 29; robot: 5; pos: (-20, 0); time: 104.296
event: battery_consumption; timestamp: 168; robot: 5; time: 104.296; initial_level: 658.01; final_level: 646.421
event: task_resolution; timestamp: 272.296; task: 29; pos: (-20, 0); status: FAILED; attempt: 1
event: battery_consumption; timestamp: 272.296; robot: 5; time: 49.4975; initial_level: 646.421; final_level: 646.421
event: navigation; timestamp: 272.296; robot: 5; time: 49.4975; src: (-20, 0); dst: (15, 35)
event: task_execution; timestamp: 218.774; task: 62; robot: 9; pos: (10, -15); time: 91.1957
event: battery_consumption; timestamp: 218.774; robot: 9; time: 91.1957; initial_level: 632.608; final_level: 612.342
event: task_resolution; timestamp: 309.97; task: 62; pos: (10, -15); status: FAILED; attempt: 1
event: battery_consumption; timestamp: 309.97; robot: 9; time: 3; initial_level: 612.342; final_level: 612.342
event: navigation; timestamp: 309.97; robot: 9; time: 3; src: (10, -15); dst: (13, -15)
event: task_execution; timestamp: 213; task: 1; robot: 10; pos: (12, 25); time: 102.521
event: battery_consumption; timestamp: 213; robot: 10; time: 102.521; initial_level: 668.99; final_level: 657.598
event: task_resolution; timestamp: 315.521; task: 1; pos: (12, 25); status: FAILED; attempt: 1
event: battery_consumption; timestamp: 315.521; robot: 10; time: 5.83095; initial_level: 657.598; final_level: 657.598
event: navigation; timestamp: 315.521; robot: 10; time: 5.83095; src: (12, 25); dst: (15, 30)
event: task_execution; timestamp: 312.97; task: 74; robot: 7; pos: (13, -15); time: 80.1106
event: battery_consumption; timestamp: 312.97; robot: 7; time: 80.1106; initial_level: 700; final_level: 655.494
event: task_execution; timestamp: 312.97; task: 74; robot: 9; pos: (13, -15); time: 80.1106
event: battery_consumption; timestamp: 312.97; robot: 9; time: 80.1106; initial_level: 612.342; final_level: 567.836
event: task_resolution; timestamp: 393.081; task: 74; pos: (13, -15); status: COMPLETED; attempt: 1
event: battery_consumption; timestamp: 393.081; robot: 7; time: 5; initial_level: 655.494; final_level: 655.494
event: navigation; timestamp: 393.081; robot: 7; time: 5; src: (13, -15); dst: (13, -20)
event: battery_consumption; timestamp: 393.081; robot: 9; time: 51.923; initial_level: 567.836; final_level: 567.836
event: navigation; timestamp: 393.081; robot: 9; time: 51.923; src: (13, -15); dst: (27, 35)
event: task_execution; timestamp: 321.352; task: 99; robot: 3; pos: (15, 30); time: 83.8535
event: battery_consumption; timestamp: 321.352; robot: 3; time: 83.8535; initial_level: 691.358; final_level: 682.041
event: task_execution; timestamp: 321.352; task: 99; robot: 4; pos: (15, 30); time: 83.8535
event: battery_consumption; timestamp: 321.352; robot: 4; time: 83.8535; initial_level: 690.645; final_level: 681.328
event: task_execution; timestamp: 321.352; task: 99; robot: 10; pos: (15, 30); time: 83.8535
event: battery_consumption; timestamp: 321.352; robot: 10; time: 83.8535; initial_level: 657.598; final_level: 648.281
event: task_resolution; timestamp: 405.206; task: 99; pos: (15, 30); status: COMPLETED; attempt: 1
event: battery_consumption; timestamp: 405.206; robot: 3; time: 5; initial_level: 682.041; final_level: 682.041
event: navigation; timestamp: 405.206; robot: 3; time: 5; src: (15, 30); dst: (15, 35)
event: battery_consumption; timestamp: 405.206; robot: 10; time: 10.198; initial_level: 648.281; final_level: 648.281
event: navigation; timestamp: 405.206; robot: 10; time: 10.198; src: (15, 30); dst: (25, 32)
event: battery_consumption; timestamp: 405.206; robot: 4; time: 54.4518; initial_level: 681.328; final_level: 681.328
event: navigation; timestamp: 405.206; robot: 4; time: 54.4518; src: (15, 30); dst: (-24, -8)
event: task_execution; timestamp: 410.206; task: 100; robot: 3; pos: (15, 35); time: 90.0489
event: battery_consumption; timestamp: 410.206; robot: 3; time: 90.0489; initial_level: 682.041; final_level: 662.03
event: task_execution; timestamp: 410.206; task: 100; robot: 5; pos: (15, 35); time: 90.0489
event: battery_consumption; timestamp: 410.206; robot: 5; time: 90.0489; initial_level: 646.421; final_level: 626.41
event: task_execution; timestamp: 410.206; task: 100; robot: 6; pos: (15, 35); time: 90.0489
event: battery_consumption; timestamp: 410.206; robot: 6; time: 90.0489; initial_level: 648.399; final_level: 628.388
event: task_resolution; timestamp: 500.255; task: 100; pos: (15, 35); status: COMPLETED; attempt: 1
event: battery_consumption; timestamp: 500.255; robot: 6; time: 12; initial_level: 628.388; final_level: 628.388
event: navigation; timestamp: 500.255; robot: 6; time: 12; src: (15, 35); dst: (27, 35)
event: battery_consumption; timestamp: 500.255; robot: 5; time: 5; initial_level: 626.41; final_level: 626.41
event: navigation; timestamp: 500.255; robot: 5; time: 5; src: (15, 35); dst: (20, 35)
event: battery_consumption; timestamp: 500.255; robot: 3; time: 5; initial_level: 662.03; final_level: 662.03
event: navigation; timestamp: 500.255; robot: 3; time: 5; src: (15, 35); dst: (20, 35)
event: task_execution; timestamp: 398.081; task: 72; robot: 2; pos: (13, -20); time: 111.09
event: battery_consumption; timestamp: 398.081; robot: 2; time: 111.09; initial_level: 700; final_level: 687.657
event: task_execution; timestamp: 398.081; task: 72; robot: 7; pos: (13, -20); time: 111.09
event: battery_consumption; timestamp: 398.081; robot: 7; time: 111.09; initial_level: 655.494; final_level: 643.151
event: task_resolution; timestamp: 509.171; task: 72; pos: (13, -20); status: COMPLETED; attempt: 1
event: battery_consumption; timestamp: 509.171; robot: 7; time: 3; initial_level: 643.151; final_level: 643.151
event: navigation; timestamp: 509.171; robot: 7; time: 3; src: (13, -20); dst: (10, -20)
event: battery_consumption; timestamp: 509.171; robot: 2; time: 50.8035; initial_level: 687.657; final_level: 687.657
event: navigation; timestamp: 509.171; robot: 2; time: 50.8035; src: (13, -20); dst: (22, 30)
event: task_execution; timestamp: 459.658; task: 6; robot: 4; pos: (-24, -8); time: 102.666
event: battery_consumption; timestamp: 459.658; robot: 4; time: 102.666; initial_level: 681.328; final_level: 658.513
event: task_resolution; timestamp: 562.324; task: 6; pos: (-24, -8); status: COMPLETED; attempt: 1
event: battery_consumption; timestamp: 562.324; robot: 4; time: 6.32456; initial_level: 658.513; final_level: 658.513
event: navigation; timestamp: 562.324; robot: 4; time: 6.32456; src: (-24, -8); dst: (-30, -10)
event: task_execution; timestamp: 512.171; task: 61; robot: 7; pos: (10, -20); time: 74.016
event: battery_consumption; timestamp: 512.171; robot: 7; time: 74.016; initial_level: 643.151; final_level: 634.927
event: task_resolution; timestamp: 586.187; task: 61; pos: (10, -20); status: COMPLETED; attempt: 1
event: battery_consumption; timestamp: 586.187; robot: 7; time: 2; initial_level: 634.927; final_level: 634.927
event: navigation; timestamp: 586.187; robot: 7; time: 2; src: (10, -20); dst: (8, -20)
event: task_execution; timestamp: 518; task: 92; robot: 6; pos: (27, 35); time: 68.9807
event: battery_consumption; timestamp: 518; robot: 6; time: 68.9807; initial_level: 628.388; final_level: 613.059
event: task_execution; timestamp: 518; task: 92; robot: 9; pos: (27, 35); time: 68.9807
event: battery_consumption; timestamp: 518; robot: 9; time: 68.9807; initial_level: 567.836; final_level: 552.507
event: task_resolution; timestamp: 586.981; task: 92; pos: (27, 35); status: COMPLETED; attempt: 1
event: battery_consumption; timestamp: 586.981; robot: 9; time: 3.60555; initial_level: 552.507; final_level: 552.507
event: navigation; timestamp: 586.981; robot: 9; time: 3.60555; src: (27, 35); dst: (25, 32)
event: battery_consumption; timestamp: 586.981; robot: 6; time: 72.6223; initial_level: 613.059; final_level: 613.059
event: navigation; timestamp: 586.981; robot: 6; time: 72.6223; src: (27, 35); dst: (-30, -10)
event: task_execution; timestamp: 505.255; task: 97; robot: 3; pos: (20, 35); time: 93.6255
event: battery_consumption; timestamp: 505.255; robot: 3; time: 93.6255; initial_level: 662.03; final_level: 630.822
event: task_execution; timestamp: 505.255; task: 97; robot: 5; pos: (20, 35); time: 93.6255
event: battery_consumption; timestamp: 505.255; robot: 5; time: 93.6255; initial_level: 626.41; final_level: 595.202
event: task_execution; timestamp: 505.255; task: 97; robot: 8; pos: (20, 35); time: 93.6255
event: battery_consumption; timestamp: 505.255; robot: 8; time: 93.6255; initial_level: 647.606; final_level: 616.397
event: task_resolution; timestamp: 598.88; task: 97; pos: (20, 35); status: COMPLETED; attempt: 1
event: battery_consumption; timestamp: 598.88; robot: 5; time: 66.0984; initial_level: 595.202; final_level: 595.202
event: navigation; timestamp: 598.88; robot: 5; time: 66.0984; src: (20, 35); dst: (8, -30)
event: battery_consumption; timestamp: 598.88; robot: 3; time: 68.7677; initial_level: 630.822; final_level: 630.822
event: navigation; timestamp: 598.88; robot: 3; time: 68.7677; src: (20, 35); dst: (-32, -10)
event: battery_consumption; timestamp: 598.88; robot: 8; time: 68.7677; initial_level: 616.397; final_level: 616.397
event: navigation; timestamp: 598.88; robot: 8; time: 68.7677; src: (20, 35); dst: (-32, -10)
event: task_execution; timestamp: 590.586; task: 94; robot: 9; pos: (25, 32); time: 82.2767
event: battery_consumption; timestamp: 590.586; robot: 9; time: 82.2767; initial_level: 552.507; final_level: 543.365
event: task_execution; timestamp: 590.586; task: 94; robot: 10; pos: (25, 32); time: 82.2767
event: battery_consumption; timestamp: 590.586; robot: 10; time: 82.2767; initial_level: 648.281; final_level: 639.14
event: task_resolution; timestamp: 672.863; task: 94; pos: (25, 32); status: COMPLETED; attempt: 1
event: battery_consumption; timestamp: 672.863; robot: 9; time: 9.89949; initial_level: 543.365; final_level: 543.365
event: navigation; timestamp: 672.863; robot: 9; time: 9.89949; src: (25, 32); dst: (18, 25)
event: battery_consumption; timestamp: 672.863; robot: 10; time: 9.89949; initial_level: 639.14; final_level: 639.14
event: navigation; timestamp: 672.863; robot: 10; time: 9.89949; src: (25, 32); dst: (18, 25)
event: task_execution; timestamp: 588.187; task: 64; robot: 7; pos: (8, -20); time: 90.1961
event: battery_consumption; timestamp: 588.187; robot: 7; time: 90.1961; initial_level: 634.927; final_level: 624.905
event: task_resolution; timestamp: 678.383; task: 64; pos: (8, -20); status: COMPLETED; attempt: 1
event: battery_consumption; timestamp: 678.383; robot: 7; time: 5.09902; initial_level: 624.905; final_level: 624.905
event: navigation; timestamp: 678.383; robot: 7; time: 5.09902; src: (8, -20); dst: (7, -15)
event: task_execution; timestamp: 659.603; task: 32; robot: 4; pos: (-30, -10); time: 80.3734
event: battery_consumption; timestamp: 659.603; robot: 4; time: 80.3734; initial_level: 658.513; final_level: 631.722
event: task_execution; timestamp: 659.603; task: 32; robot: 6; pos: (-30, -10); time: 80.3734
event: battery_consumption; timestamp: 659.603; robot: 6; time: 80.3734; initial_level: 613.059; final_level: 586.268
event: task_resolution; timestamp: 739.976; task: 32; pos: (-30, -10); status: COMPLETED; attempt: 1
event: battery_consumption; timestamp: 739.976; robot: 4; time: 5; initial_level: 631.722; final_level: 631.722
event: navigation; timestamp: 739.976; robot: 4; time: 5; src: (-30, -10); dst: (-30, -15)
event: battery_consumption; timestamp: 739.976; robot: 6; time: 5; initial_level: 586.268; final_level: 586.268
event: navigation; timestamp: 739.976; robot: 6; time: 5; src: (-30, -10); dst: (-30, -15)
event: task_execution; timestamp: 667.648; task: 33; robot: 3; pos: (-32, -10); time: 77.1378
event: battery_consumption; timestamp: 667.648; robot: 3; time: 77.1378; initial_level: 630.822; final_level: 596.538
event: task_execution; timestamp: 667.648; task: 33; robot: 8; pos: (-32, -10); time: 77.1378
event: battery_consumption; timestamp: 667.648; robot: 8; time: 77.1378; initial_level: 616.397; final_level: 582.114
event: task_resolution; timestamp: 744.786; task: 33; pos: (-32, -10); status: FAILED; attempt: 1
event: battery_consumption; timestamp: 744.786; robot: 8; time: 5.83095; initial_level: 582.114; final_level: 582.114
event: navigation; timestamp: 744.786; robot: 8; time: 5.83095; src: (-32, -10); dst: (-35, -15)
event: battery_consumption; timestamp: 744.786; robot: 3; time: 5.83095; initial_level: 596.538; final_level: 596.538
event: navigation; timestamp: 744.786; robot: 3; time: 5.83095; src: (-32, -10); dst: (-35, -15)
event: task_execution; timestamp: 683.482; task: 66; robot: 7; pos: (7, -15); time: 95.4061
event: battery_consumption; timestamp: 683.482; robot: 7; time: 95.4061; initial_level: 624.905; final_level: 614.304
event: task_resolution; timestamp: 778.888; task: 66; pos: (7, -15); status: COMPLETED; attempt: 1
event: battery_consumption; timestamp: 778.888; robot: 7; time: 2; initial_level: 614.304; final_level: 614.304
event: navigation; timestamp: 778.888; robot: 7; time: 2; src: (7, -15); dst: (5, -15)
event: task_execution; timestamp: 704; task: 65; robot: 1; pos: (4, -25); time: 82.5784
event: battery_consumption; timestamp: 704; robot: 1; time: 82.5784; initial_level: 678.511; final_level: 669.336
event: task_resolution; timestamp: 786.578; task: 65; pos: (4, -25); status: COMPLETED; attempt: 1
event: battery_consumption; timestamp: 786.578; robot: 1; time: 5.38516; initial_level: 669.336; final_level: 669.336
event: navigation; timestamp: 786.578; robot: 1; time: 5.38516; src: (4, -25); dst: (2, -20)
event: task_execution; timestamp: 744.976; task: 31; robot: 4; pos: (-30, -15); time: 85.5618
event: battery_consumption; timestamp: 744.976; robot: 4; time: 85.5618; initial_level: 631.722; final_level: 612.708
event: task_execution; timestamp: 744.976; task: 31; robot: 6; pos: (-30, -15); time: 85.5618
event: battery_consumption; timestamp: 744.976; robot: 6; time: 85.5618; initial_level: 586.268; final_level: 567.254
event: task_resolution; timestamp: 830.538; task: 31; pos: (-30, -15); status: FAILED; attempt: 1
event: battery_consumption; timestamp: 830.538; robot: 4; time: 37.7359; initial_level: 612.708; final_level: 612.708
event: navigation; timestamp: 830.538; robot: 4; time: 37.7359; src: (-30, -15); dst: (2, -35)
event: battery_consumption; timestamp: 830.538; robot: 6; time: 37.7359; initial_level: 567.254; final_level: 567.254
event: navigation; timestamp: 830.538; robot: 6; time: 37.7359; src: (-30, -15); dst: (2, -35)
event: task_execution; timestamp: 750.617; task: 35; robot: 3; pos: (-35, -15); time: 95.318
event: battery_consumption; timestamp: 750.617; robot: 3; time: 95.318; initial_level: 596.538; final_level: 585.947
event: task_execution; timestamp: 750.617; task: 35; robot: 8; pos: (-35, -15); time: 95.318
event: battery_consumption; timestamp: 750.617; robot: 8; time: 95.318; initial_level: 582.114; final_level: 571.523
event: task_resolution; timestamp: 845.935; task: 35; pos: (-35, -15); status: COMPLETED; attempt: 1
event: battery_consumption; timestamp: 845.935; robot: 3; time: 5.83095; initial_level: 585.947; final_level: 585.947
event: navigation; timestamp: 845.935; robot: 3; time: 5.83095; src: (-35, -15); dst: (-38, -10)
event: battery_consumption; timestamp: 845.935; robot: 8; time: 5.83095; initial_level: 571.523; final_level: 571.523
event: navigation; timestamp: 845.935; robot: 8; time: 5.83095; src: (-35, -15); dst: (-38, -10)
event: task_execution; timestamp: 780.888; task: 69; robot: 7; pos: (5, -15); time: 96.1925
event: battery_consumption; timestamp: 780.888; robot: 7; time: 96.1925; initial_level: 614.304; final_level: 603.616
event: task_resolution; timestamp: 877.081; task: 69; pos: (5, -15); status: COMPLETED; attempt: 1
event: battery_consumption; timestamp: 877.081; robot: 7; time: 43.2897; initial_level: 603.616; final_level: 603.616
event: navigation; timestamp: 877.081; robot: 7; time: 43.2897; src: (5, -15); dst: (-38, -10)
event: task_execution; timestamp: 791.964; task: 68; robot: 1; pos: (2, -20); time: 86.4631
event: battery_consumption; timestamp: 791.964; robot: 1; time: 86.4631; initial_level: 669.336; final_level: 659.729
event: task_resolution; timestamp: 878.427; task: 68; pos: (2, -20); status: COMPLETED; attempt: 1
event: battery_consumption; timestamp: 878.427; robot: 1; time: 20; initial_level: 659.729; final_level: 659.729
event: navigation; timestamp: 878.427; robot: 1; time: 20; src: (2, -20); dst: (2, -40)
event: task_execution; timestamp: 812; task: 49; robot: 5; pos: (8, -30); time: 95.9362
event: battery_consumption; timestamp: 812; robot: 5; time: 95.9362; initial_level: 595.202; final_level: 584.542
event: task_resolution; timestamp: 907.936; task: 49; pos: (8, -30); status: FAILED; attempt: 1
event: battery_consumption; timestamp: 907.936; robot: 5; time: 11.6619; initial_level: 584.542; final_level: 584.542
event: navigation; timestamp: 907.936; robot: 5; time: 11.6619; src: (8, -30); dst: (2, -40)
event: task_execution; timestamp: 897; task: 55; robot: 4; pos: (2, -35); time: 84.1438
event: battery_consumption; timestamp: 897; robot: 4; time: 84.1438; initial_level: 612.708; final_level: 603.359
event: task_execution; timestamp: 897; task: 55; robot: 6; pos: (2, -35); time: 84.1438
event: battery_consumption; timestamp: 897; robot: 6; time: 84.1438; initial_level: 567.254; final_level: 557.905
event: task_resolution; timestamp: 981.144; task: 55; pos: (2, -35); status: COMPLETED; attempt: 1
event: battery_consumption; timestamp: 981.144; robot: 6; time: 10.198; initial_level: 557.905; final_level: 557.905
event: navigation; timestamp: 981.144; robot: 6; time: 10.198; src: (2, -35); dst: (4, -45)
event: battery_consumption; timestamp: 981.144; robot: 4; time: 10.198; initial_level: 603.359; final_level: 603.359
event: navigation; timestamp: 981.144; robot: 4; time: 10.198; src: (2, -35); dst: (4, -45)
event: task_execution; timestamp: 920.371; task: 37; robot: 3; pos: (-38, -10); time: 84.9978
event: battery_consumption; timestamp: 920.371; robot: 3; time: 84.9978; initial_level: 585.947; final_level: 567.059
event: task_execution; timestamp: 920.371; task: 37; robot: 7; pos: (-38, -10); time: 84.9978
event: battery_consumption; timestamp: 920.371; robot: 7; time: 84.9978; initial_level: 603.616; final_level: 584.728
event: task_execution; timestamp: 920.371; task: 37; robot: 8; pos: (-38, -10); time: 84.9978
event: battery_consumption; timestamp: 920.371; robot: 8; time: 84.9978; initial_level: 571.523; final_level: 552.635
event: task_resolution; timestamp: 1005.37; task: 37; pos: (-38, -10); status: FAILED; attempt: 1
event: battery_consumption; timestamp: 1005.37; robot: 7; time: 65.7343; initial_level: 584.728; final_level: 584.728
event: navigation; timestamp: 1005.37; robot: 7; time: 65.7343; src: (-38, -10); dst: (26, 5)
event: battery_consumption; timestamp: 1005.37; robot: 3; time: 2; initial_level: 567.059; final_level: 567.059
event: navigation; timestamp: 1005.37; robot: 3; time: 2; src: (-38, -10); dst: (-40, -10)
event: battery_consumption; timestamp: 1005.37; robot: 8; time: 72.111; initial_level: 552.635; final_level: 552.635
event: navigation; timestamp: 1005.37; robot: 8; time: 72.111; src: (-38, -10); dst: (22, 30)
event: task_execution; timestamp: 998; task: 54; robot: 1; pos: (2, -40); time: 92.4619
event: battery_consumption; timestamp: 998; robot: 1; time: 92.4619; initial_level: 659.729; final_level: 618.635
event: task_execution; timestamp: 998; task: 54; robot: 5; pos: (2, -40); time: 92.4619
event: battery_consumption; timestamp: 998; robot: 5; time: 92.4619; initial_level: 584.542; final_level: 543.448
event: task_resolution; timestamp: 1090.46; task: 54; pos: (2, -40); status: COMPLETED; attempt: 1
event: battery_consumption; timestamp: 1090.46; robot: 5; time: 51.614; initial_level: 543.448; final_level: 543.448
event: navigation; timestamp: 1090.46; robot: 5; time: 51.614; src: (2, -40); dst: (-40, -10)
event: battery_consumption; timestamp: 1090.46; robot: 1; time: 51.614; initial_level: 618.635; final_level: 618.635
event: navigation; timestamp: 1090.46; robot: 1; time: 51.614; src: (2, -40); dst: (-40, -10)
event: task_execution; timestamp: 1078; task: 53; robot: 4; pos: (4, -45); time: 89.808
event: battery_consumption; timestamp: 1078; robot: 4; time: 89.808; initial_level: 603.359; final_level: 583.402
event: task_execution; timestamp: 1078; task: 53; robot: 6; pos: (4, -45); time: 89.808
event: battery_consumption; timestamp: 1078; robot: 6; time: 89.808; initial_level: 557.905; final_level: 537.948
event: task_resolution; timestamp: 1167.81; task: 53; pos: (4, -45); status: FAILED; attempt: 1
event: battery_consumption; timestamp: 1167.81; robot: 6; time: 4; initial_level: 537.948; final_level: 537.948
event: navigation; timestamp: 1167.81; robot: 6; time: 4; src: (4, -45); dst: (0, -45)
event: battery_consumption; timestamp: 1167.81; robot: 4; time: 4; initial_level: 583.402; final_level: 583.402
event: navigation; timestamp: 1167.81; robot: 4; time: 4; src: (4, -45); dst: (0, -45)
event: task_execution; timestamp: 1077.48; task: 95; robot: 2; pos: (22, 30); time: 95.1204
event: battery_consumption; timestamp: 1077.48; robot: 2; time: 95.1204; initial_level: 687.657; final_level: 655.95
event: task_execution; timestamp: 1077.48; task: 95; robot: 8; pos: (22, 30); time: 95.1204
event: battery_consumption; timestamp: 1077.48; robot: 8; time: 95.1204; initial_level: 552.635; final_level: 520.928
event: task_resolution; timestamp: 1172.6; task: 95; pos: (22, 30); status: COMPLETED; attempt: 1
event: battery_consumption; timestamp: 1172.6; robot: 8; time: 6.40312; initial_level: 520.928; final_level: 520.928
event: navigation; timestamp: 1172.6; robot: 8; time: 6.40312; src: (22, 30); dst: (18, 25)
event: battery_consumption; timestamp: 1172.6; robot: 2; time: 63.1585; initial_level: 655.95; final_level: 655.95
event: navigation; timestamp: 1172.6; robot: 2; time: 63.1585; src: (22, 30); dst: (-36, 5)
event: task_execution; timestamp: 1142.08; task: 38; robot: 1; pos: (-40, -10); time: 97.7004
event: battery_consumption; timestamp: 1142.08; robot: 1; time: 97.7004; initial_level: 618.635; final_level: 586.068
event: task_execution; timestamp: 1142.08; task: 38; robot: 3; pos: (-40, -10); time: 97.7004
event: battery_consumption; timestamp: 1142.08; robot: 3; time: 97.7004; initial_level: 567.059; final_level: 534.492
event: task_execution; timestamp: 1142.08; task: 38; robot: 5; pos: (-40, -10); time: 97.7004
event: battery_consumption; timestamp: 1142.08; robot: 5; time: 97.7004; initial_level: 543.448; final_level: 510.881
event: task_resolution; timestamp: 1239.78; task: 38; pos: (-40, -10); status: COMPLETED; attempt: 1
event: battery_consumption; timestamp: 1239.78; robot: 1; time: 63.2456; initial_level: 586.068; final_level: 586.068
event: navigation; timestamp: 1239.78; robot: 1; time: 63.2456; src: (-40, -10); dst: (20, 10)
event: battery_consumption; timestamp: 1239.78; robot: 3; time: 23.4094; initial_level: 534.492; final_level: 534.492
event: navigation; timestamp: 1239.78; robot: 3; time: 23.4094; src: (-40, -10); dst: (-32, 12)
event: battery_consumption; timestamp: 1239.78; robot: 5; time: 7.07107; initial_level: 510.881; final_level: 510.881
event: navigation; timestamp: 1239.78; robot: 5; time: 7.07107; src: (-40, -10); dst: (-35, -5)
event: task_execution; timestamp: 1179; task: 98; robot: 8; pos: (18, 25); time: 95.8038
event: battery_consumption; timestamp: 1179; robot: 8; time: 95.8038; initial_level: 520.928; final_level: 499.638
event: task_execution; timestamp: 1179; task: 98; robot: 9; pos: (18, 25); time: 95.8038
event: battery_consumption; timestamp: 1179; robot: 9; time: 95.8038; initial_level: 543.365; final_level: 522.076
event: task_execution; timestamp: 1179; task: 98; robot: 10; pos: (18, 25); time: 95.8038
event: battery_consumption; timestamp: 1179; robot: 10; time: 95.8038; initial_level: 639.14; final_level: 617.85
event: task_resolution; timestamp: 1274.81; task: 98; pos: (18, 25); status: COMPLETED; attempt: 1
event: battery_consumption; timestamp: 1274.81; robot: 9; time: 11.1803; initial_level: 522.076; final_level: 522.076
event: navigation; timestamp: 1274.81; robot: 9; time: 11.1803; src: (18, 25); dst: (16, 14)
event: battery_consumption; timestamp: 1274.81; robot: 10; time: 60.9016; initial_level: 617.85; final_level: 617.85
event: navigation; timestamp: 1274.81; robot: 10; time: 60.9016; src: (18, 25); dst: (-35, -5)
event: battery_consumption; timestamp: 1274.81; robot: 8; time: 5; initial_level: 499.638; final_level: 499.638
event: navigation; timestamp: 1274.81; robot: 8; time: 5; src: (18, 25); dst: (18, 20)
event: task_execution; timestamp: 1199; task: 56; robot: 4; pos: (0, -45); time: 93.7909
event: battery_consumption; timestamp: 1199; robot: 4; time: 93.7909; initial_level: 583.402; final_level: 552.138
event: task_execution; timestamp: 1199; task: 56; robot: 6; pos: (0, -45); time: 93.7909
event: battery_consumption; timestamp: 1199; robot: 6; time: 93.7909; initial_level: 537.948; final_level: 506.684
event: task_resolution; timestamp: 1292.79; task: 56; pos: (0, -45); status: COMPLETED; attempt: 1
event: battery_consumption; timestamp: 1292.79; robot: 6; time: 2; initial_level: 506.684; final_level: 506.684
event: navigation; timestamp: 1292.79; robot: 6; time: 2; src: (0, -45); dst: (-2, -45)
event: battery_consumption; timestamp: 1292.79; robot: 4; time: 2; initial_level: 552.138; final_level: 552.138
event: navigation; timestamp: 1292.79; robot: 4; time: 2; src: (0, -45); dst: (-2, -45)
event: battery_consumption; timestamp: 1340; robot: 8; time: 68.0074; initial_level: 499.638; final_level: 499.638
event: navigation; timestamp: 1340; robot: 8; time: 68.0074; src: (18, 20); dst: (-2, -45)
event: task_execution; timestamp: 1268; task: 28; robot: 2; pos: (-36, 5); time: 80.2373
event: battery_consumption; timestamp: 1268; robot: 2; time: 80.2373; initial_level: 655.95; final_level: 638.119
event: task_resolution; timestamp: 1348.24; task: 28; pos: (-36, 5); status: FAILED; attempt: 1
event: battery_consumption; timestamp: 1348.24; robot: 2; time: 10.7703; initial_level: 638.119; final_level: 638.119
event: navigation; timestamp: 1348.24; robot: 2; time: 10.7703; src: (-36, 5); dst: (-32, -5)
event: task_resolution; timestamp: 1366.49; task: 7; pos: (18, 20); status: FAILED; attempt: 1
event: task_execution; timestamp: 1285.99; task: 89; robot: 9; pos: (16, 14); time: 83.1586
event: battery_consumption; timestamp: 1285.99; robot: 9; time: 83.1586; initial_level: 522.076; final_level: 512.836
event: task_resolution; timestamp: 1369.15; task: 89; pos: (16, 14); status: COMPLETED; attempt: 1
event: battery_consumption; timestamp: 1369.15; robot: 9; time: 5.65685; initial_level: 512.836; final_level: 512.836
event: navigation; timestamp: 1369.15; robot: 9; time: 5.65685; src: (16, 14); dst: (20, 10)
event: task_execution; timestamp: 1330; task: 26; robot: 3; pos: (-32, 12); time: 85.7198
event: battery_consumption; timestamp: 1330; robot: 3; time: 85.7198; initial_level: 534.492; final_level: 524.968
event: task_resolution; timestamp: 1415.72; task: 26; pos: (-32, 12); status: FAILED; attempt: 1
event: battery_consumption; timestamp: 1415.72; robot: 3; time: 17; initial_level: 524.968; final_level: 524.968
event: navigation; timestamp: 1415.72; robot: 3; time: 17; src: (-32, 12); dst: (-32, -5)
event: task_execution; timestamp: 1335.71; task: 36; robot: 5; pos: (-35, -5); time: 88.2512
event: battery_consumption; timestamp: 1335.71; robot: 5; time: 88.2512; initial_level: 510.881; final_level: 501.076
event: task_execution; timestamp: 1335.71; task: 36; robot: 10; pos: (-35, -5); time: 88.2512
event: battery_consumption; timestamp: 1335.71; robot: 10; time: 88.2512; initial_level: 617.85; final_level: 608.044
event: task_resolution; timestamp: 1423.96; task: 36; pos: (-35, -5); status: COMPLETED; attempt: 1
event: battery_consumption; timestamp: 1423.96; robot: 10; time: 22.8473; initial_level: 608.044; final_level: 608.044
event: navigation; timestamp: 1423.96; robot: 10; time: 22.8473; src: (-35, -5); dst: (-26, 16)
event: battery_consumption; timestamp: 1423.96; robot: 5; time: 36.7967; initial_level: 501.076; final_level: 501.076
event: navigation; timestamp: 1423.96; robot: 5; time: 36.7967; src: (-35, -5); dst: (-8, -30)
event: task_execution; timestamp: 1374.8; task: 91; robot: 1; pos: (20, 10); time: 104.549
event: battery_consumption; timestamp: 1374.8; robot: 1; time: 104.549; initial_level: 586.068; final_level: 574.452
event: task_execution; timestamp: 1374.8; task: 91; robot: 9; pos: (20, 10); time: 104.549
event: battery_consumption; timestamp: 1374.8; robot: 9; time: 104.549; initial_level: 512.836; final_level: 501.219
event: task_resolution; timestamp: 1479.35; task: 91; pos: (20, 10); status: COMPLETED; attempt: 1
event: battery_consumption; timestamp: 1479.35; robot: 1; time: 5; initial_level: 574.452; final_level: 574.452
event: navigation; timestamp: 1479.35; robot: 1; time: 5; src: (20, 10); dst: (25, 10)
event: battery_consumption; timestamp: 1479.35; robot: 9; time: 6; initial_level: 501.219; final_level: 501.219
event: navigation; timestamp: 1479.35; robot: 9; time: 6; src: (20, 10); dst: (20, 16)
event: task_execution; timestamp: 1408.01; task: 58; robot: 4; pos: (-2, -45); time: 90.9279
event: battery_consumption; timestamp: 1408.01; robot: 4; time: 90.9279; initial_level: 552.138; final_level: 521.829
event: task_execution; timestamp: 1408.01; task: 58; robot: 6; pos: (-2, -45); time: 90.9279
event: battery_consumption; timestamp: 1408.01; robot: 6; time: 90.9279; initial_level: 506.684; final_level: 476.375
event: task_execution; timestamp: 1408.01; task: 58; robot: 8; pos: (-2, -45); time: 90.9279
event: battery_consumption; timestamp: 1408.01; robot: 8; time: 90.9279; initial_level: 499.638; final_level: 469.329
event: task_resolution; timestamp: 1498.94; task: 58; pos: (-2, -45); status: FAILED; attempt: 1
event: battery_consumption; timestamp: 1498.94; robot: 6; time: 3; initial_level: 476.375; final_level: 476.375
event: navigation; timestamp: 1498.94; robot: 6; time: 3; src: (-2, -45); dst: (-5, -45)
event: battery_consumption; timestamp: 1498.94; robot: 4; time: 3; initial_level: 521.829; final_level: 521.829
event: navigation; timestamp: 1498.94; robot: 4; time: 3; src: (-2, -45); dst: (-5, -45)
event: battery_consumption; timestamp: 1498.94; robot: 8; time: 3; initial_level: 469.329; final_level: 469.329
event: navigation; timestamp: 1498.94; robot: 8; time: 3; src: (-2, -45); dst: (-5, -45)
event: task_execution; timestamp: 1432.72; task: 34; robot: 2; pos: (-32, -5); time: 89.2244
event: battery_consumption; timestamp: 1432.72; robot: 2; time: 89.2244; initial_level: 638.119; final_level: 618.292
event: task_execution; timestamp: 1432.72; task: 34; robot: 3; pos: (-32, -5); time: 89.2244
event: battery_consumption; timestamp: 1432.72; robot: 3; time: 89.2244; initial_level: 524.968; final_level: 505.14
event: task_resolution; timestamp: 1521.94; task: 34; pos: (-32, -5); status: FAILED; attempt: 1
event: battery_consumption; timestamp: 1521.94; robot: 2; time: 42.4264; initial_level: 618.292; final_level: 618.292
event: navigation; timestamp: 1521.94; robot: 2; time: 42.4264; src: (-32, -5); dst: (-2, -35)
event: battery_consumption; timestamp: 1521.94; robot: 3; time: 42.4264; initial_level: 505.14; final_level: 505.14
event: navigation; timestamp: 1521.94; robot: 3; time: 42.4264; src: (-32, -5); dst: (-2, -35)
event: battery_consumption; timestamp: 1527; robot: 9; time: 55.5428; initial_level: 501.219; final_level: 501.219
event: navigation; timestamp: 1527; robot: 9; time: 55.5428; src: (20, 16); dst: (-2, -35)
event: task_execution; timestamp: 1484.35; task: 88; robot: 1; pos: (25, 10); time: 78.1037
event: battery_consumption; timestamp: 1484.35; robot: 1; time: 78.1037; initial_level: 574.452; final_level: 548.417
event: task_resolution; timestamp: 1562.46; task: 88; pos: (25, 10); status: COMPLETED; attempt: 1
event: battery_consumption; timestamp: 1562.46; robot: 1; time: 46.7547; initial_level: 548.417; final_level: 548.417
event: navigation; timestamp: 1562.46; robot: 1; time: 46.7547; src: (25, 10); dst: (-6, -25)
event: task_resolution; timestamp: 1571.08; task: 4; pos: (20, 16); status: FAILED; attempt: 1
event: task_execution; timestamp: 1501.94; task: 60; robot: 4; pos: (-5, -45); time: 72.1285
event: battery_consumption; timestamp: 1501.94; robot: 4; time: 72.1285; initial_level: 521.829; final_level: 505.8
event: task_execution; timestamp: 1501.94; task: 60; robot: 6; pos: (-5, -45); time: 72.1285
event: battery_consumption; timestamp: 1501.94; robot: 6; time: 72.1285; initial_level: 476.375; final_level: 460.346
event: task_execution; timestamp: 1501.94; task: 60; robot: 8; pos: (-5, -45); time: 72.1285
event: battery_consumption; timestamp: 1501.94; robot: 8; time: 72.1285; initial_level: 469.329; final_level: 453.3
event: task_resolution; timestamp: 1574.06; task: 60; pos: (-5, -45); status: FAILED; attempt: 1
event: battery_consumption; timestamp: 1574.06; robot: 4; time: 5.83095; initial_level: 505.8; final_level: 505.8
event: navigation; timestamp: 1574.06; robot: 4; time: 5.83095; src: (-5, -45); dst: (-2, -40)
event: battery_consumption; timestamp: 1574.06; robot: 8; time: 5.83095; initial_level: 453.3; final_level: 453.3
event: navigation; timestamp: 1574.06; robot: 8; time: 5.83095; src: (-5, -45); dst: (-2, -40)
event: battery_consumption; timestamp: 1574.06; robot: 6; time: 5.83095; initial_level: 460.346; final_level: 460.346
event: navigation; timestamp: 1574.06; robot: 6; time: 5.83095; src: (-5, -45); dst: (-2, -40)
event: task_execution; timestamp: 1519; task: 23; robot: 10; pos: (-26, 16); time: 86.6827
event: battery_consumption; timestamp: 1519; robot: 10; time: 86.6827; initial_level: 608.044; final_level: 598.413
event: task_resolution; timestamp: 1605.68; task: 23; pos: (-26, 16); status: COMPLETED; attempt: 1
event: battery_consumption; timestamp: 1605.68; robot: 10; time: 39.3954; initial_level: 598.413; final_level: 598.413
event: navigation; timestamp: 1605.68; robot: 10; time: 39.3954; src: (-26, 16); dst: (-10, -20)
event: task_execution; timestamp: 1579.89; task: 59; robot: 4; pos: (-2, -40); time: 69.2749
event: battery_consumption; timestamp: 1579.89; robot: 4; time: 69.2749; initial_level: 505.8; final_level: 498.103
event: task_execution; timestamp: 1579.89; task: 59; robot: 6; pos: (-2, -40); time: 69.2749
event: battery_consumption; timestamp: 1579.89; robot: 6; time: 69.2749; initial_level: 460.346; final_level: 452.649
event: task_execution; timestamp: 1579.89; task: 59; robot: 8; pos: (-2, -40); time: 69.2749
event: battery_consumption; timestamp: 1579.89; robot: 8; time: 69.2749; initial_level: 453.3; final_level: 445.603
event: task_resolution; timestamp: 1649.17; task: 59; pos: (-2, -40); status: FAILED; attempt: 1
event: battery_consumption; timestamp: 1649.17; robot: 4; time: 8.24621; initial_level: 498.103; final_level: 498.103
event: navigation; timestamp: 1649.17; robot: 4; time: 8.24621; src: (-2, -40); dst: (-4, -32)
event: battery_consumption; timestamp: 1649.17; robot: 6; time: 8.24621; initial_level: 452.649; final_level: 452.649
event: navigation; timestamp: 1649.17; robot: 6; time: 8.24621; src: (-2, -40); dst: (-4, -32)
event: battery_consumption; timestamp: 1649.17; robot: 8; time: 8.24621; initial_level: 445.603; final_level: 445.603
event: navigation; timestamp: 1649.17; robot: 8; time: 8.24621; src: (-2, -40); dst: (-4, -32)
event: task_execution; timestamp: 1582.54; task: 57; robot: 2; pos: (-2, -35); time: 87.2709
event: battery_consumption; timestamp: 1582.54; robot: 2; time: 87.2709; initial_level: 618.292; final_level: 579.505
event: task_execution; timestamp: 1582.54; task: 57; robot: 3; pos: (-2, -35); time: 87.2709
event: battery_consumption; timestamp: 1582.54; robot: 3; time: 87.2709; initial_level: 505.14; final_level: 466.353
event: task_execution; timestamp: 1582.54; task: 57; robot: 9; pos: (-2, -35); time: 87.2709
event: battery_consumption; timestamp: 1582.54; robot: 9; time: 87.2709; initial_level: 501.219; final_level: 462.432
event: task_resolution; timestamp: 1669.81; task: 57; pos: (-2, -35); status: COMPLETED; attempt: 1
event: battery_consumption; timestamp: 1669.81; robot: 9; time: 20.8087; initial_level: 462.432; final_level: 462.432
event: navigation; timestamp: 1669.81; robot: 9; time: 20.8087; src: (-2, -35); dst: (-14, -18)
event: battery_consumption; timestamp: 1669.81; robot: 2; time: 55.7136; initial_level: 579.505; final_level: 579.505
event: navigation; timestamp: 1669.81; robot: 2; time: 55.7136; src: (-2, -35); dst: (50, -15)
event: battery_consumption; timestamp: 1669.81; robot: 3; time: 60.407; initial_level: 466.353; final_level: 466.353
event: navigation; timestamp: 1669.81; robot: 3; time: 60.407; src: (-2, -35); dst: (55, -15)
event: task_execution; timestamp: 1604; task: 86; robot: 7; pos: (26, 5); time: 77.4824
event: battery_consumption; timestamp: 1604; robot: 7; time: 77.4824; initial_level: 584.728; final_level: 576.119
event: task_resolution; timestamp: 1681.48; task: 86; pos: (26, 5); status: COMPLETED; attempt: 1
event: battery_consumption; timestamp: 1681.48; robot: 7; time: 5; initial_level: 576.119; final_level: 576.119
event: navigation; timestamp: 1681.48; robot: 7; time: 5; src: (26, 5); dst: (30, 8)
event: task_execution; timestamp: 1657.42; task: 40; robot: 4; pos: (-4, -32); time: 84.1769
event: battery_consumption; timestamp: 1657.42; robot: 4; time: 84.1769; initial_level: 498.103; final_level: 488.75
event: task_execution; timestamp: 1657.42; task: 40; robot: 6; pos: (-4, -32); time: 84.1769
event: battery_consumption; timestamp: 1657.42; robot: 6; time: 84.1769; initial_level: 452.649; final_level: 443.296
event: task_execution; timestamp: 1657.42; task: 40; robot: 8; pos: (-4, -32); time: 84.1769
event: battery_consumption; timestamp: 1657.42; robot: 8; time: 84.1769; initial_level: 445.603; final_level: 436.25
event: task_resolution; timestamp: 1741.59; task: 40; pos: (-4, -32); status: COMPLETED; attempt: 1
event: battery_consumption; timestamp: 1741.59; robot: 6; time: 60.208; initial_level: 443.296; final_level: 443.296
event: navigation; timestamp: 1741.59; robot: 6; time: 60.208; src: (-4, -32); dst: (55, -20)
event: battery_consumption; timestamp: 1741.59; robot: 8; time: 18.0278; initial_level: 436.25; final_level: 436.25
event: navigation; timestamp: 1741.59; robot: 8; time: 18.0278; src: (-4, -32); dst: (-10, -15)
event: battery_consumption; timestamp: 1741.59; robot: 4; time: 16.2788; initial_level: 488.75; final_level: 488.75
event: navigation; timestamp: 1741.59; robot: 4; time: 16.2788; src: (-4, -32); dst: (-15, -20)
event: task_execution; timestamp: 1686.48; task: 84; robot: 7; pos: (30, 8); time: 77.0825
event: battery_consumption; timestamp: 1686.48; robot: 7; time: 77.0825; initial_level: 576.119; final_level: 558.989
event: task_resolution; timestamp: 1763.56; task: 84; pos: (30, 8); status: COMPLETED; attempt: 1
event: battery_consumption; timestamp: 1763.56; robot: 7; time: 3.60555; initial_level: 558.989; final_level: 558.989
event: navigation; timestamp: 1763.56; robot: 7; time: 3.60555; src: (30, 8); dst: (32, 5)
event: task_execution; timestamp: 1745; task: 44; robot: 5; pos: (-8, -30); time: 90.0767
event: battery_consumption; timestamp: 1745; robot: 5; time: 90.0767; initial_level: 501.076; final_level: 491.067
event: task_resolution; timestamp: 1835.08; task: 44; pos: (-8, -30); status: COMPLETED; attempt: 1
event: battery_consumption; timestamp: 1835.08; robot: 5; time: 60.8276; initial_level: 491.067; final_level: 491.067
event: navigation; timestamp: 1835.08; robot: 5; time: 60.8276; src: (-8, -30); dst: (52, -20)
event: task_execution; timestamp: 1767.17; task: 83; robot: 7; pos: (32, 5); time: 84.1909
event: battery_consumption; timestamp: 1767.17; robot: 7; time: 84.1909; initial_level: 558.989; final_level: 549.635
event: task_resolution; timestamp: 1851.36; task: 83; pos: (32, 5); status: COMPLETED; attempt: 1
event: battery_consumption; timestamp: 1851.36; robot: 7; time: 3; initial_level: 549.635; final_level: 549.635
event: navigation; timestamp: 1851.36; robot: 7; time: 3; src: (32, 5); dst: (35, 5)
event: task_execution; timestamp: 1854.36; task: 82; robot: 7; pos: (35, 5); time: 90.4393
event: battery_consumption; timestamp: 1854.36; robot: 7; time: 90.4393; initial_level: 549.635; final_level: 529.537
event: task_resolution; timestamp: 1944.8; task: 82; pos: (35, 5); status: COMPLETED; attempt: 1
event: battery_consumption; timestamp: 1944.8; robot: 7; time: 14.2127; initial_level: 529.537; final_level: 529.537
event: navigation; timestamp: 1944.8; robot: 7; time: 14.2127; src: (35, 5); dst: (46, -4)
event: task_execution; timestamp: 1884; task: 46; robot: 1; pos: (-6, -25); time: 86.943
event: battery_consumption; timestamp: 1884; robot: 1; time: 86.943; initial_level: 548.417; final_level: 519.436
event: task_resolution; timestamp: 1970.94; task: 46; pos: (-6, -25); status: COMPLETED; attempt: 1
event: battery_consumption; timestamp: 1970.94; robot: 1; time: 10.0499; initial_level: 519.436; final_level: 519.436
event: navigation; timestamp: 1970.94; robot: 1; time: 10.0499; src: (-6, -25); dst: (-7, -15)
event: task_execution; timestamp: 1932; task: 45; robot: 10; pos: (-10, -20); time: 95.7274
event: battery_consumption; timestamp: 1932; robot: 10; time: 95.7274; initial_level: 598.413; final_level: 587.776
event: task_resolution; timestamp: 2027.73; task: 45; pos: (-10, -20); status: FAILED; attempt: 1
event: battery_consumption; timestamp: 2027.73; robot: 10; time: 7.07107; initial_level: 587.776; final_level: 587.776
event: navigation; timestamp: 2027.73; robot: 10; time: 7.07107; src: (-10, -20); dst: (-15, -15)
event: task_execution; timestamp: 1959.01; task: 85; robot: 7; pos: (46, -4); time: 89.8887
event: battery_consumption; timestamp: 1959.01; robot: 7; time: 89.8887; initial_level: 529.537; final_level: 499.574
event: task_resolution; timestamp: 2048.9; task: 85; pos: (46, -4); status: COMPLETED; attempt: 1
event: battery_consumption; timestamp: 2048.9; robot: 7; time: 54.8179; initial_level: 499.574; final_level: 499.574
event: navigation; timestamp: 2048.9; robot: 7; time: 54.8179; src: (46, -4); dst: (-7, -18)
event: task_execution; timestamp: 2018; task: 50; robot: 9; pos: (-14, -18); time: 73.1087
event: battery_consumption; timestamp: 2018; robot: 9; time: 73.1087; initial_level: 462.432; final_level: 454.309
event: task_resolution; timestamp: 2091.11; task: 50; pos: (-14, -18); status: COMPLETED; attempt: 1
event: battery_consumption; timestamp: 2091.11; robot: 9; time: 2.23607; initial_level: 454.309; final_level: 454.309
event: navigation; timestamp: 2091.11; robot: 9; time: 2.23607; src: (-14, -18); dst: (-15, -20)
event: task_execution; timestamp: 2093.34; task: 51; robot: 4; pos: (-15, -20); time: 94.1964
event: battery_consumption; timestamp: 2093.34; robot: 4; time: 94.1964; initial_level: 488.75; final_level: 478.284
event: task_execution; timestamp: 2093.34; task: 51; robot: 9; pos: (-15, -20); time: 94.1964
event: battery_consumption; timestamp: 2093.34; robot: 9; time: 94.1964; initial_level: 454.309; final_level: 443.843
event: task_resolution; timestamp: 2187.54; task: 51; pos: (-15, -20); status: COMPLETED; attempt: 1
event: battery_consumption; timestamp: 2187.54; robot: 4; time: 36.1248; initial_level: 478.284; final_level: 478.284
event: navigation; timestamp: 2187.54; robot: 4; time: 36.1248; src: (-15, -20); dst: (-18, 16)
event: battery_consumption; timestamp: 2187.54; robot: 9; time: 10.198; initial_level: 443.843; final_level: 443.843
event: navigation; timestamp: 2187.54; robot: 9; time: 10.198; src: (-15, -20); dst: (-5, -18)
event: task_execution; timestamp: 2119; task: 70; robot: 6; pos: (55, -20); time: 92.467
event: battery_consumption; timestamp: 2119; robot: 6; time: 92.467; initial_level: 443.296; final_level: 412.474
event: task_resolution; timestamp: 2211.47; task: 70; pos: (55, -20); status: COMPLETED; attempt: 1
event: battery_consumption; timestamp: 2211.47; robot: 6; time: 3; initial_level: 412.474; final_level: 412.474
event: navigation; timestamp: 2211.47; robot: 6; time: 3; src: (55, -20); dst: (52, -20)
event: task_execution; timestamp: 2214.47; task: 73; robot: 5; pos: (52, -20); time: 86.1634
event: battery_consumption; timestamp: 2214.47; robot: 5; time: 86.1634; initial_level: 491.067; final_level: 481.493
event: task_execution; timestamp: 2214.47; task: 73; robot: 6; pos: (52, -20); time: 86.1634
event: battery_consumption; timestamp: 2214.47; robot: 6; time: 86.1634; initial_level: 412.474; final_level: 402.9
event: task_resolution; timestamp: 2300.63; task: 73; pos: (52, -20); status: COMPLETED; attempt: 1
event: battery_consumption; timestamp: 2300.63; robot: 5; time: 5.38516; initial_level: 481.493; final_level: 481.493
event: navigation; timestamp: 2300.63; robot: 5; time: 5.38516; src: (52, -20); dst: (50, -15)
event: battery_consumption; timestamp: 2300.63; robot: 6; time: 8.60233; initial_level: 402.9; final_level: 402.9
event: navigation; timestamp: 2300.63; robot: 6; time: 8.60233; src: (52, -20); dst: (45, -25)
event: task_execution; timestamp: 2306.02; task: 76; robot: 2; pos: (50, -15); time: 96.5374
event: battery_consumption; timestamp: 2306.02; robot: 2; time: 96.5374; initial_level: 579.505; final_level: 568.778
event: task_execution; timestamp: 2306.02; task: 76; robot: 5; pos: (50, -15); time: 96.5374
event: battery_consumption; timestamp: 2306.02; robot: 5; time: 96.5374; initial_level: 481.493; final_level: 470.767
event: task_resolution; timestamp: 2402.55; task: 76; pos: (50, -15); status: COMPLETED; attempt: 1
event: battery_consumption; timestamp: 2402.55; robot: 5; time: 5; initial_level: 470.767; final_level: 470.767
event: navigation; timestamp: 2402.55; robot: 5; time: 5; src: (50, -15); dst: (55, -15)
event: battery_consumption; timestamp: 2402.55; robot: 2; time: 54.231; initial_level: 568.778; final_level: 568.778
event: navigation; timestamp: 2402.55; robot: 2; time: 54.231; src: (50, -15); dst: (-4, -10)
event: task_execution; timestamp: 2348; task: 47; robot: 8; pos: (-10, -15); time: 90.2092
event: battery_consumption; timestamp: 2348; robot: 8; time: 90.2092; initial_level: 436.25; final_level: 426.227
event: task_resolution; timestamp: 2438.21; task: 47; pos: (-10, -15); status: COMPLETED; attempt: 1
event: battery_consumption; timestamp: 2438.21; robot: 8; time: 5; initial_level: 426.227; final_level: 426.227
event: navigation; timestamp: 2438.21; robot: 8; time: 5; src: (-10, -15); dst: (-15, -15)
event: task_execution; timestamp: 2380; task: 25; robot: 4; pos: (-18, 16); time: 85.2538
event: battery_consumption; timestamp: 2380; robot: 4; time: 85.2538; initial_level: 478.284; final_level: 440.393
event: task_resolution; timestamp: 2465.25; task: 25; pos: (-18, 16); status: FAILED; attempt: 1
event: battery_consumption; timestamp: 2465.25; robot: 4; time: 7.2111; initial_level: 440.393; final_level: 440.393
event: navigation; timestamp: 2465.25; robot: 4; time: 7.2111; src: (-18, 16); dst: (-12, 20)
event: task_execution; timestamp: 2407.55; task: 71; robot: 3; pos: (55, -15); time: 88.5053
event: battery_consumption; timestamp: 2407.55; robot: 3; time: 88.5053; initial_level: 466.353; final_level: 446.685
event: task_execution; timestamp: 2407.55; task: 71; robot: 5; pos: (55, -15); time: 88.5053
event: battery_consumption; timestamp: 2407.55; robot: 5; time: 88.5053; initial_level: 470.767; final_level: 451.099
event: task_resolution; timestamp: 2496.06; task: 71; pos: (55, -15); status: COMPLETED; attempt: 1
event: battery_consumption; timestamp: 2496.06; robot: 3; time: 9.43398; initial_level: 446.685; final_level: 446.685
event: navigation; timestamp: 2496.06; robot: 3; time: 9.43398; src: (55, -15); dst: (47, -20)
event: battery_consumption; timestamp: 2496.06; robot: 5; time: 14.1421; initial_level: 451.099; final_level: 451.099
event: navigation; timestamp: 2496.06; robot: 5; time: 14.1421; src: (55, -15); dst: (45, -25)
event: task_execution; timestamp: 2443.21; task: 52; robot: 8; pos: (-15, -15); time: 93.5369
event: battery_consumption; timestamp: 2443.21; robot: 8; time: 93.5369; initial_level: 426.227; final_level: 415.834
event: task_execution; timestamp: 2443.21; task: 52; robot: 10; pos: (-15, -15); time: 93.5369
event: battery_consumption; timestamp: 2443.21; robot: 10; time: 93.5369; initial_level: 587.776; final_level: 577.383
event: task_resolution; timestamp: 2536.75; task: 52; pos: (-15, -15); status: COMPLETED; attempt: 1
event: battery_consumption; timestamp: 2536.75; robot: 10; time: 62.2013; initial_level: 577.383; final_level: 577.383
event: navigation; timestamp: 2536.75; robot: 10; time: 62.2013; src: (-15, -15); dst: (47, -20)
event: battery_consumption; timestamp: 2536.75; robot: 8; time: 21.587; initial_level: 415.834; final_level: 415.834
event: navigation; timestamp: 2536.75; robot: 8; time: 21.587; src: (-15, -15); dst: (-10, 6)
event: task_execution; timestamp: 2463; task: 43; robot: 1; pos: (-7, -15); time: 97.4772
event: battery_consumption; timestamp: 2463; robot: 1; time: 97.4772; initial_level: 519.436; final_level: 508.605
event: task_resolution; timestamp: 2560.48; task: 43; pos: (-7, -15); status: COMPLETED; attempt: 1
event: battery_consumption; timestamp: 2560.48; robot: 1; time: 52.9528; initial_level: 508.605; final_level: 508.605
event: navigation; timestamp: 2560.48; robot: 1; time: 52.9528; src: (-7, -15); dst: (45, -25)
event: task_execution; timestamp: 2472.46; task: 9; robot: 4; pos: (-12, 20); time: 94.6463
event: battery_consumption; timestamp: 2472.46; robot: 4; time: 94.6463; initial_level: 440.393; final_level: 429.877
event: task_resolution; timestamp: 2567.11; task: 9; pos: (-12, 20); status: FAILED; attempt: 1
event: battery_consumption; timestamp: 2567.11; robot: 4; time: 58.3095; initial_level: 429.877; final_level: 429.877
event: navigation; timestamp: 2567.11; robot: 4; time: 58.3095; src: (-12, 20); dst: (38, -10)
event: task_execution; timestamp: 2529; task: 42; robot: 7; pos: (-7, -18); time: 90.7763
event: battery_consumption; timestamp: 2529; robot: 7; time: 90.7763; initial_level: 499.574; final_level: 479.402
event: task_resolution; timestamp: 2619.78; task: 42; pos: (-7, -18); status: FAILED; attempt: 1
event: battery_consumption; timestamp: 2619.78; robot: 7; time: 45.7056; initial_level: 479.402; final_level: 479.402
event: navigation; timestamp: 2619.78; robot: 7; time: 45.7056; src: (-7, -18); dst: (38, -10)
event: task_execution; timestamp: 2599; task: 41; robot: 9; pos: (-5, -18); time: 89.4121
event: battery_consumption; timestamp: 2599; robot: 9; time: 89.4121; initial_level: 443.843; final_level: 433.908
event: task_resolution; timestamp: 2688.41; task: 41; pos: (-5, -18); status: COMPLETED; attempt: 1
event: battery_consumption; timestamp: 2688.41; robot: 9; time: 39.2173; initial_level: 433.908; final_level: 433.908
event: navigation; timestamp: 2688.41; robot: 9; time: 39.2173; src: (-5, -18); dst: (32, -5)
event: task_execution; timestamp: 2613.43; task: 80; robot: 1; pos: (45, -25); time: 80.3341
event: battery_consumption; timestamp: 2613.43; robot: 1; time: 80.3341; initial_level: 508.605; final_level: 499.679
event: task_execution; timestamp: 2613.43; task: 80; robot: 5; pos: (45, -25); time: 80.3341
event: battery_consumption; timestamp: 2613.43; robot: 5; time: 80.3341; initial_level: 451.099; final_level: 442.173
event: task_execution; timestamp: 2613.43; task: 80; robot: 6; pos: (45, -25); time: 80.3341
event: battery_consumption; timestamp: 2613.43; robot: 6; time: 80.3341; initial_level: 402.9; final_level: 393.974
event: task_resolution; timestamp: 2693.76; task: 80; pos: (45, -25); status: FAILED; attempt: 1
event: battery_consumption; timestamp: 2693.76; robot: 6; time: 5.38516; initial_level: 393.974; final_level: 393.974
event: navigation; timestamp: 2693.76; robot: 6; time: 5.38516; src: (45, -25); dst: (47, -20)
event: battery_consumption; timestamp: 2693.76; robot: 1; time: 23.8537; initial_level: 499.679; final_level: 499.679
event: navigation; timestamp: 2693.76; robot: 1; time: 23.8537; src: (45, -25); dst: (32, -5)
event: battery_consumption; timestamp: 2693.76; robot: 5; time: 16.5529; initial_level: 442.173; final_level: 442.173
event: navigation; timestamp: 2693.76; robot: 5; time: 16.5529; src: (45, -25); dst: (38, -10)
event: task_execution; timestamp: 2675; task: 21; robot: 8; pos: (-10, 6); time: 95.7057
event: battery_consumption; timestamp: 2675; robot: 8; time: 95.7057; initial_level: 415.834; final_level: 394.566
event: task_resolution; timestamp: 2770.71; task: 21; pos: (-10, 6); status: FAILED; attempt: 1
event: battery_consumption; timestamp: 2770.71; robot: 8; time: 35.7771; initial_level: 394.566; final_level: 394.566
event: navigation; timestamp: 2770.71; robot: 8; time: 35.7771; src: (-10, 6); dst: (22, -10)
event: task_execution; timestamp: 2699.15; task: 79; robot: 3; pos: (47, -20); time: 83.8463
event: battery_consumption; timestamp: 2699.15; robot: 3; time: 83.8463; initial_level: 446.685; final_level: 437.369
event: task_execution; timestamp: 2699.15; task: 79; robot: 6; pos: (47, -20); time: 83.8463
event: battery_consumption; timestamp: 2699.15; robot: 6; time: 83.8463; initial_level: 393.974; final_level: 384.658
event: task_execution; timestamp: 2699.15; task: 79; robot: 10; pos: (47, -20); time: 83.8463
event: battery_consumption; timestamp: 2699.15; robot: 10; time: 83.8463; initial_level: 577.383; final_level: 568.067
event: task_resolution; timestamp: 2783; task: 79; pos: (47, -20); status: COMPLETED; attempt: 1
event: battery_consumption; timestamp: 2783; robot: 6; time: 5.38516; initial_level: 384.658; final_level: 384.658
event: navigation; timestamp: 2783; robot: 6; time: 5.38516; src: (47, -20); dst: (45, -15)
event: battery_consumption; timestamp: 2783; robot: 10; time: 60.9016; initial_level: 568.067; final_level: 568.067
event: navigation; timestamp: 2783; robot: 10; time: 60.9016; src: (47, -20); dst: (-6, 10)
event: battery_consumption; timestamp: 2783; robot: 3; time: 63.2456; initial_level: 437.369; final_level: 437.369
event: navigation; timestamp: 2783; robot: 3; time: 63.2456; src: (47, -20); dst: (-5, 16)
event: task_execution; timestamp: 2710.32; task: 78; robot: 4; pos: (38, -10); time: 88.7681
event: battery_consumption; timestamp: 2710.32; robot: 4; time: 88.7681; initial_level: 429.877; final_level: 410.151
event: task_execution; timestamp: 2710.32; task: 78; robot: 5; pos: (38, -10); time: 88.7681
event: battery_consumption; timestamp: 2710.32; robot: 5; time: 88.7681; initial_level: 442.173; final_level: 422.447
event: task_execution; timestamp: 2710.32; task: 78; robot: 7; pos: (38, -10); time: 88.7681
event: battery_consumption; timestamp: 2710.32; robot: 7; time: 88.7681; initial_level: 479.402; final_level: 459.675
event: task_resolution; timestamp: 2799.09; task: 78; pos: (38, -10); status: COMPLETED; attempt: 1
event: battery_consumption; timestamp: 2799.09; robot: 5; time: 7.81025; initial_level: 422.447; final_level: 422.447
event: navigation; timestamp: 2799.09; robot: 5; time: 7.81025; src: (38, -10); dst: (32, -5)
event: battery_consumption; timestamp: 2799.09; robot: 7; time: 51.8652; initial_level: 459.675; final_level: 459.675
event: navigation; timestamp: 2799.09; robot: 7; time: 51.8652; src: (38, -10); dst: (-5, 19)
event: battery_consumption; timestamp: 2799.09; robot: 4; time: 51.8652; initial_level: 410.151; final_level: 410.151
event: navigation; timestamp: 2799.09; robot: 4; time: 51.8652; src: (38, -10); dst: (-5, 19)
event: task_execution; timestamp: 2715; task: 48; robot: 2; pos: (-4, -10); time: 86.4573
event: battery_consumption; timestamp: 2715; robot: 2; time: 86.4573; initial_level: 568.778; final_level: 559.172
event: task_resolution; timestamp: 2801.46; task: 48; pos: (-4, -10); status: COMPLETED; attempt: 1
event: battery_consumption; timestamp: 2801.46; robot: 2; time: 10.7703; initial_level: 559.172; final_level: 559.172
event: navigation; timestamp: 2801.46; robot: 2; time: 10.7703; src: (-4, -10); dst: (0, 0)
event: robot_finished; timestamp: 2812.23; robot: 2; pos: (0, 0); battery: 559.172
event: task_execution; timestamp: 2788.38; task: 81; robot: 6; pos: (45, -15); time: 79.5847
event: battery_consumption; timestamp: 2788.38; robot: 6; time: 79.5847; initial_level: 384.658; final_level: 358.129
event: task_resolution; timestamp: 2867.97; task: 81; pos: (45, -15); status: COMPLETED; attempt: 1
event: battery_consumption; timestamp: 2867.97; robot: 6; time: 47.4342; initial_level: 358.129; final_level: 358.129
event: navigation; timestamp: 2867.97; robot: 6; time: 47.4342; src: (45, -15); dst: (0, 0)
event: robot_finished; timestamp: 2915.4; robot: 6; pos: (0, 0); battery: 358.129
event: task_execution; timestamp: 2806.9; task: 77; robot: 1; pos: (32, -5); time: 81.9365
event: battery_consumption; timestamp: 2806.9; robot: 1; time: 81.9365; initial_level: 499.679; final_level: 490.575
event: task_execution; timestamp: 2806.9; task: 77; robot: 5; pos: (32, -5); time: 81.9365
event: battery_consumption; timestamp: 2806.9; robot: 5; time: 81.9365; initial_level: 422.447; final_level: 413.343
event: task_execution; timestamp: 2806.9; task: 77; robot: 9; pos: (32, -5); time: 81.9365
event: battery_consumption; timestamp: 2806.9; robot: 9; time: 81.9365; initial_level: 433.908; final_level: 424.804
event: task_resolution; timestamp: 2888.83; task: 77; pos: (32, -5); status: COMPLETED; attempt: 1
event: battery_consumption; timestamp: 2888.83; robot: 9; time: 32.3883; initial_level: 424.804; final_level: 424.804
event: navigation; timestamp: 2888.83; robot: 9; time: 32.3883; src: (32, -5); dst: (0, 0)
event: robot_finished; timestamp: 2921.22; robot: 9; pos: (0, 0); battery: 424.804
event: battery_consumption; timestamp: 2888.83; robot: 5; time: 32.3883; initial_level: 413.343; final_level: 413.343
event: navigation; timestamp: 2888.83; robot: 5; time: 32.3883; src: (32, -5); dst: (0, 0)
event: robot_finished; timestamp: 2921.22; robot: 5; pos: (0, 0); battery: 413.343
event: battery_consumption; timestamp: 2888.83; robot: 1; time: 15.6205; initial_level: 490.575; final_level: 490.575
event: navigation; timestamp: 2888.83; robot: 1; time: 15.6205; src: (32, -5); dst: (20, 5)
event: task_execution; timestamp: 2843.9; task: 8; robot: 10; pos: (-6, 10); time: 95.7783
event: battery_consumption; timestamp: 2843.9; robot: 10; time: 95.7783; initial_level: 568.067; final_level: 546.783
event: task_resolution; timestamp: 2939.68; task: 8; pos: (-6, 10); status: FAILED; attempt: 1
event: battery_consumption; timestamp: 2939.68; robot: 10; time: 11.6619; initial_level: 546.783; final_level: 546.783
event: navigation; timestamp: 2939.68; robot: 10; time: 11.6619; src: (-6, 10); dst: (0, 0)
event: robot_finished; timestamp: 2951.34; robot: 10; pos: (0, 0); battery: 546.783
event: task_execution; timestamp: 2846.24; task: 10; robot: 3; pos: (-5, 16); time: 98.0459
event: battery_consumption; timestamp: 2846.24; robot: 3; time: 98.0459; initial_level: 437.369; final_level: 426.475
event: task_resolution; timestamp: 2944.29; task: 10; pos: (-5, 16); status: COMPLETED; attempt: 1
event: battery_consumption; timestamp: 2944.29; robot: 3; time: 16.7631; initial_level: 426.475; final_level: 426.475
event: navigation; timestamp: 2944.29; robot: 3; time: 16.7631; src: (-5, 16); dst: (0, 0)
event: robot_finished; timestamp: 2961.05; robot: 3; pos: (0, 0); battery: 426.475
event: battery_consumption; timestamp: 2952; robot: 7; time: 19.6469; initial_level: 459.675; final_level: 459.675
event: navigation; timestamp: 2952; robot: 7; time: 19.6469; src: (-5, 19); dst: (0, 0)
event: robot_finished; timestamp: 2971.65; robot: 7; pos: (0, 0); battery: 459.675
event: battery_consumption; timestamp: 2952; robot: 4; time: 19.6469; initial_level: 410.151; final_level: 410.151
event: navigation; timestamp: 2952; robot: 4; time: 19.6469; src: (-5, 19); dst: (0, 0)
event: robot_finished; timestamp: 2971.65; robot: 4; pos: (0, 0); battery: 410.151
event: task_resolution; timestamp: 2952.5; task: 11; pos: (-5, 19); status: FAILED; attempt: 1
event: task_execution; timestamp: 2904.45; task: 90; robot: 1; pos: (20, 5); time: 90.6897
event: battery_consumption; timestamp: 2904.45; robot: 1; time: 90.6897; initial_level: 490.575; final_level: 480.498
event: task_resolution; timestamp: 2995.14; task: 90; pos: (20, 5); status: COMPLETED; attempt: 1
event: battery_consumption; timestamp: 2995.14; robot: 1; time: 9.84886; initial_level: 480.498; final_level: 480.498
event: navigation; timestamp: 2995.14; robot: 1; time: 9.84886; src: (20, 5); dst: (24, -4)
event: task_execution; timestamp: 3004.99; task: 87; robot: 1; pos: (24, -4); time: 84.2049
event: battery_consumption; timestamp: 3004.99; robot: 1; time: 84.2049; initial_level: 480.498; final_level: 461.786
event: task_resolution; timestamp: 3089.2; task: 87; pos: (24, -4); status: COMPLETED; attempt: 1
event: battery_consumption; timestamp: 3089.2; robot: 1; time: 6.32456; initial_level: 461.786; final_level: 461.786
event: navigation; timestamp: 3089.2; robot: 1; time: 6.32456; src: (24, -4); dst: (22, -10)
event: task_execution; timestamp: 3095.52; task: 96; robot: 1; pos: (22, -10); time: 88.573
event: battery_consumption; timestamp: 3095.52; robot: 1; time: 88.573; initial_level: 461.786; final_level: 451.945
event: task_execution; timestamp: 3095.52; task: 96; robot: 8; pos: (22, -10); time: 88.573
event: battery_consumption; timestamp: 3095.52; robot: 8; time: 88.573; initial_level: 394.566; final_level: 384.724
event: task_resolution; timestamp: 3184.09; task: 96; pos: (22, -10); status: COMPLETED; attempt: 1
event: battery_consumption; timestamp: 3184.09; robot: 1; time: 24.1661; initial_level: 451.945; final_level: 451.945
event: navigation; timestamp: 3184.09; robot: 1; time: 24.1661; src: (22, -10); dst: (0, 0)
event: robot_finished; timestamp: 3208.26; robot: 1; pos: (0, 0); battery: 451.945
event: battery_consumption; timestamp: 3184.09; robot: 8; time: 24.1661; initial_level: 384.724; final_level: 384.724
event: navigation; timestamp: 3184.09; robot: 8; time: 24.1661; src: (22, -10); dst: (0, 0)
event: robot_finished; timestamp: 3208.26; robot: 8; pos: (0, 0); battery: 384.724
metric: available_agents; value: 0
metric: failed_agents; value: 0
metric: finished_agents; value: 10
metric: completed_tasks; value: 61
metric: pending_tasks; value: 0
metric: failed_tasks; value: 39
metric: average_robot_makespan; value: 2984.23
metric: sd_robot_makespan; value: 126.744
metric: max_robot_makespan; value: 3208.26
metric: min_robot_makespan; value: 2812.23
metric: average_robot_travel_distance; value: 358.885
metric: sd_robot_travel_distance; value: 48.7296
metric: max_robot_travel_distance; value: 434.036
metric: min_robot_travel_distance; value: 271.863
metric: sum_robot_travel_distance; value: 3588.85
metric: average_completed_tasks_by_robot; value: 0
metric: sd_completed_tasks_by_robot; value: 0
metric: max_completed_tasks_by_robot; value: 0
metric: min_completed_tasks_by_robot; value: 0
metric: final_reward; value: 0.61
metric: computing_time; value: 1.96951
