info: solver_name; value: greedy
info: reward_function; value: reward00
info: replica; value: 1
info: filename; value: ../logs/prueba/c207_10r_100t_cdb2cd8a_greedy_reward00_001.log
info: scenario_name; value: c207_10r_100t_cdb2cd8a
info: scenario_name; value: c207_10r_100t_cdb2cd8a
info: number_of_tasks; value: 100
info: number_of_robots; value: 10
info: number_of_recharging_stations; value: 1
info: scenario_size; value: (132,132)
event: recharging_station_spawn; timestamp: 0; recharging_station: 1; pos: (0, 0)
event: task_spawn; timestamp: 0; task: 1; pos: (12, 25); earliest_start: 302; latest_start: 479; state: PENDING; required_workers: 1; success_prob: 0.2; max_attempts: 1
event: task_spawn; timestamp: 0; task: 2; pos: (5, 20); earliest_start: 157; latest_start: 428; state: PENDING; required_workers: 1; success_prob: 0.2; max_attempts: 1
event: task_spawn; timestamp: 0; task: 3; pos: (22, 19); earliest_start: 1138; latest_start: 1355; state: PENDING; required_workers: 1; success_prob: 0.2; max_attempts: 1
event: task_spawn; timestamp: 0; task: 4; pos: (20, 16); earliest_start: 1247; latest_start: 1434; state: PENDING; required_workers: 1; success_prob: 0.2; max_attempts: 1
event: task_spawn; timestamp: 0; task: 5; pos: (2, 15); earliest_start: 15; latest_start: 208; state: PENDING; required_workers: 1; success_prob: 0.2; max_attempts: 1
event: task_spawn; timestamp: 0; task: 6; pos: (-24, -8); earliest_start: 209; latest_start: 944; state: PENDING; required_workers: 1; success_prob: 0.2; max_attempts: 1
event: task_spawn; timestamp: 0; task: 7; pos: (18, 20); earliest_start: 1059; latest_start: 1246; state: PENDING; required_workers: 1; success_prob: 0.2; max_attempts: 1
event: task_spawn; timestamp: 0; task: 8; pos: (-6, 10); earliest_start: 2035; latest_start: 3288; state: PENDING; required_workers: 1; success_prob: 0.2; max_attempts: 1
event: task_spawn; timestamp: 0; task: 9; pos: (-12, 20); earliest_start: 2090; latest_start: 3271; state: PENDING; required_workers: 1; success_prob: 0.2; max_attempts: 1
event: task_spawn; timestamp: 0; task: 10; pos: (-5, 16); earliest_start: 2311; latest_start: 3283; state: PENDING; required_workers: 1; success_prob: 0.2; max_attempts: 1
event: task_spawn; timestamp: 0; task: 11; pos: (-5, 19); earliest_start: 2428; latest_start: 3127; state: PENDING; required_workers: 2; success_prob: 0.2; max_attempts: 1
event: task_spawn; timestamp: 0; task: 12; pos: (-15, 35); earliest_start: 1772; latest_start: 2625; state: PENDING; required_workers: 2; success_prob: 0.2; max_attempts: 1
event: task_spawn; timestamp: 0; task: 13; pos: (-18, 25); earliest_start: 2135; latest_start: 2834; state: PENDING; required_workers: 2; success_prob: 0.2; max_attempts: 1
event: task_spawn; timestamp: 0; task: 14; pos: (-18, 35); earliest_start: 1586; latest_start: 2625; state: PENDING; required_workers: 2; success_prob: 0.2; max_attempts: 1
event: task_spawn; timestamp: 0; task: 15; pos: (-20, 30); earliest_start: 1858; latest_start: 2733; state: PENDING; required_workers: 2; success_prob: 0.2; max_attempts: 1
event: task_spawn; timestamp: 0; task: 16; pos: (-20, 35); earliest_start: 1512; latest_start: 2515; state: PENDING; required_workers: 2; success_prob: 0.2; max_attempts: 1
event: task_spawn; timestamp: 0; task: 17; pos: (-22, 25); earliest_start: 1895; latest_start: 2886; state: PENDING; required_workers: 3; success_prob: 0.2; max_attempts: 1
event: task_spawn; timestamp: 0; task: 18; pos: (-25, 25); earliest_start: 1299; latest_start: 2344; state: PENDING; required_workers: 3; success_prob: 0.2; max_attempts: 1
event: task_spawn; timestamp: 0; task: 19; pos: (-25, 30); earliest_start: 1461; latest_start: 2372; state: PENDING; required_workers: 3; success_prob: 0.2; max_attempts: 1
event: task_spawn; timestamp: 0; task: 20; pos: (-10, 0); earliest_start: 10; latest_start: 963; state: PENDING; required_workers: 3; success_prob: 0.2; max_attempts: 1
event: task_spawn; timestamp: 0; task: 21; pos: (-10, 6); earliest_start: 2062; latest_start: 3288; state: PENDING; required_workers: 1; success_prob: 0.4; max_attempts: 1
event: task_spawn; timestamp: 0; task: 22; pos: (-12, 2); earliest_start: 12; latest_start: 752; state: PENDING; required_workers: 1; success_prob: 0.4; max_attempts: 1
event: task_spawn; timestamp: 0; task: 23; pos: (-26, 16); earliest_start: 1316; latest_start: 2129; state: PENDING; required_workers: 1; success_prob: 0.4; max_attempts: 1
event: task_spawn; timestamp: 0; task: 24; pos: (-15, 0); earliest_start: 15; latest_start: 532; state: PENDING; required_workers: 1; success_prob: 0.4; max_attempts: 1
event: task_spawn; timestamp: 0; task: 25; pos: (-18, 16); earliest_start: 2177; latest_start: 2990; state: PENDING; required_workers: 1; success_prob: 0.4; max_attempts: 1
event: task_spawn; timestamp: 0; task: 26; pos: (-32, 12); earliest_start: 1036; latest_start: 2213; state: PENDING; required_workers: 1; success_prob: 0.4; max_attempts: 1
event: task_spawn; timestamp: 0; task: 27; pos: (-17, 2); earliest_start: 17; latest_start: 602; state: PENDING; required_workers: 1; success_prob: 0.4; max_attempts: 1
event: task_spawn; timestamp: 0; task: 28; pos: (-36, 5); earliest_start: 1010; latest_start: 2043; state: PENDING; required_workers: 1; success_prob: 0.4; max_attempts: 1
event: task_spawn; timestamp: 0; task: 29; pos: (-20, 0); earliest_start: 20; latest_start: 948; state: PENDING; required_workers: 1; success_prob: 0.4; max_attempts: 1
event: task_spawn; timestamp: 0; task: 30; pos: (-20, 5); earliest_start: 63; latest_start: 702; state: PENDING; required_workers: 1; success_prob: 0.4; max_attempts: 1
event: task_spawn; timestamp: 0; task: 31; pos: (-30, -15); earliest_start: 309; latest_start: 1412; state: PENDING; required_workers: 2; success_prob: 0.4; max_attempts: 1
event: task_spawn; timestamp: 0; task: 32; pos: (-30, -10); earliest_start: 336; latest_start: 1009; state: PENDING; required_workers: 2; success_prob: 0.4; max_attempts: 1
event: task_spawn; timestamp: 0; task: 33; pos: (-32, -10); earliest_start: 234; latest_start: 1295; state: PENDING; required_workers: 2; success_prob: 0.4; max_attempts: 1
event: task_spawn; timestamp: 0; task: 34; pos: (-32, -5); earliest_start: 954; latest_start: 1897; state: PENDING; required_workers: 2; success_prob: 0.4; max_attempts: 1
event: task_spawn; timestamp: 0; task: 35; pos: (-35, -15); earliest_start: 377; latest_start: 1534; state: PENDING; required_workers: 2; success_prob: 0.4; max_attempts: 1
event: task_spawn; timestamp: 0; task: 36; pos: (-35, -5); earliest_start: 819; latest_start: 1846; state: PENDING; required_workers: 2; success_prob: 0.4; max_attempts: 1
event: task_spawn; timestamp: 0; task: 37; pos: (-38, -10); earliest_start: 494; latest_start: 1607; state: PENDING; required_workers: 3; success_prob: 0.4; max_attempts: 1
event: task_spawn; timestamp: 0; task: 38; pos: (-40, -10); earliest_start: 637; latest_start: 1648; state: PENDING; required_workers: 3; success_prob: 0.4; max_attempts: 1
event: task_spawn; timestamp: 0; task: 39; pos: (-40, -5); earliest_start: 834; latest_start: 1641; state: PENDING; required_workers: 3; success_prob: 0.4; max_attempts: 1
event: task_spawn; timestamp: 0; task: 40; pos: (-4, -32); earliest_start: 1468; latest_start: 2329; state: PENDING; required_workers: 3; success_prob: 0.4; max_attempts: 1
event: task_spawn; timestamp: 0; task: 41; pos: (-5, -18); earliest_start: 2480; latest_start: 3195; state: PENDING; required_workers: 1; success_prob: 0.6; max_attempts: 1
event: task_spawn; timestamp: 0; task: 42; pos: (-7, -18); earliest_start: 2421; latest_start: 3070; state: PENDING; required_workers: 1; success_prob: 0.6; max_attempts: 1
event: task_spawn; timestamp: 0; task: 43; pos: (-7, -15); earliest_start: 2368; latest_start: 2937; state: PENDING; required_workers: 1; success_prob: 0.6; max_attempts: 1
event: task_spawn; timestamp: 0; task: 44; pos: (-8, -30); earliest_start: 1621; latest_start: 2364; state: PENDING; required_workers: 1; success_prob: 0.6; max_attempts: 1
event: task_spawn; timestamp: 0; task: 45; pos: (-10, -20); earliest_start: 1805; latest_start: 2564; state: PENDING; required_workers: 1; success_prob: 0.6; max_attempts: 1
event: task_spawn; timestamp: 0; task: 46; pos: (-6, -25); earliest_start: 1782; latest_start: 2395; state: PENDING; required_workers: 1; success_prob: 0.6; max_attempts: 1
event: task_spawn; timestamp: 0; task: 47; pos: (-10, -15); earliest_start: 2242; latest_start: 2877; state: PENDING; required_workers: 1; success_prob: 0.6; max_attempts: 1
event: task_spawn; timestamp: 0; task: 48; pos: (-4, -10); earliest_start: 2605; latest_start: 3266; state: PENDING; required_workers: 1; success_prob: 0.6; max_attempts: 1
event: task_spawn; timestamp: 0; task: 49; pos: (8, -30); earliest_start: 812; latest_start: 1281; state: PENDING; required_workers: 1; success_prob: 0.6; max_attempts: 1
event: task_spawn; timestamp: 0; task: 50; pos: (-14, -18); earliest_start: 1842; latest_start: 2901; state: PENDING; required_workers: 1; success_prob: 0.6; max_attempts: 1
event: task_spawn; timestamp: 0; task: 51; pos: (-15, -20); earliest_start: 1883; latest_start: 2676; state: PENDING; required_workers: 2; success_prob: 0.6; max_attempts: 1
event: task_spawn; timestamp: 0; task: 52; pos: (-15, -15); earliest_start: 2070; latest_start: 2859; state: PENDING; required_workers: 2; success_prob: 0.6; max_attempts: 1
event: task_spawn; timestamp: 0; task: 53; pos: (4, -45); earliest_start: 1078; latest_start: 1593; state: PENDING; required_workers: 2; success_prob: 0.6; max_attempts: 1
event: task_spawn; timestamp: 0; task: 54; pos: (2, -40); earliest_start: 998; latest_start: 1481; state: PENDING; required_workers: 2; success_prob: 0.6; max_attempts: 1
event: task_spawn; timestamp: 0; task: 55; pos: (2, -35); earliest_start: 897; latest_start: 1392; state: PENDING; required_workers: 2; success_prob: 0.6; max_attempts: 1
event: task_spawn; timestamp: 0; task: 56; pos: (0, -45); earliest_start: 1083; latest_start: 1776; state: PENDING; required_workers: 2; success_prob: 0.6; max_attempts: 1
event: task_spawn; timestamp: 0; task: 57; pos: (-2, -35); earliest_start: 1426; latest_start: 2183; state: PENDING; required_workers: 3; success_prob: 0.6; max_attempts: 1
event: task_spawn; timestamp: 0; task: 58; pos: (-2, -45); earliest_start: 1133; latest_start: 1910; state: PENDING; required_workers: 3; success_prob: 0.6; max_attempts: 1
event: task_spawn; timestamp: 0; task: 59; pos: (-2, -40); earliest_start: 1392; latest_start: 2027; state: PENDING; required_workers: 3; success_prob: 0.6; max_attempts: 1
event: task_spawn; timestamp: 0; task: 60; pos: (-5, -45); earliest_start: 1180; latest_start: 2049; state: PENDING; required_workers: 3; success_prob: 0.6; max_attempts: 1
event: task_spawn; timestamp: 0; task: 61; pos: (10, -20); earliest_start: 223; latest_start: 738; state: PENDING; required_workers: 1; success_prob: 0.8; max_attempts: 1
event: task_spawn; timestamp: 0; task: 62; pos: (10, -15); earliest_start: 18; latest_start: 474; state: PENDING; required_workers: 1; success_prob: 0.8; max_attempts: 1
event: task_spawn; timestamp: 0; task: 63; pos: (10, -10); earliest_start: 14; latest_start: 360; state: PENDING; required_workers: 1; success_prob: 0.8; max_attempts: 1
event: task_spawn; timestamp: 0; task: 64; pos: (8, -20); earliest_start: 246; latest_start: 899; state: PENDING; required_workers: 1; success_prob: 0.8; max_attempts: 1
event: task_spawn; timestamp: 0; task: 65; pos: (4, -25); earliest_start: 704; latest_start: 1197; state: PENDING; required_workers: 1; success_prob: 0.8; max_attempts: 1
event: task_spawn; timestamp: 0; task: 66; pos: (7, -15); earliest_start: 393; latest_start: 942; state: PENDING; required_workers: 1; success_prob: 0.8; max_attempts: 1
event: task_spawn; timestamp: 0; task: 67; pos: (7, -10); earliest_start: 12; latest_start: 424; state: PENDING; required_workers: 1; success_prob: 0.8; max_attempts: 1
event: task_spawn; timestamp: 0; task: 68; pos: (2, -20); earliest_start: 641; latest_start: 1070; state: PENDING; required_workers: 1; success_prob: 0.8; max_attempts: 1
event: task_spawn; timestamp: 0; task: 69; pos: (5, -15); earliest_start: 534; latest_start: 985; state: PENDING; required_workers: 1; success_prob: 0.8; max_attempts: 1
event: task_spawn; timestamp: 0; task: 70; pos: (55, -20); earliest_start: 2119; latest_start: 2682; state: PENDING; required_workers: 1; success_prob: 0.8; max_attempts: 1
event: task_spawn; timestamp: 0; task: 71; pos: (55, -15); earliest_start: 2192; latest_start: 2419; state: PENDING; required_workers: 2; success_prob: 0.8; max_attempts: 1
event: task_spawn; timestamp: 0; task: 72; pos: (13, -20); earliest_start: 131; latest_start: 644; state: PENDING; required_workers: 2; success_prob: 0.8; max_attempts: 1
event: task_spawn; timestamp: 0; task: 73; pos: (52, -20); earliest_start: 2169; latest_start: 2818; state: PENDING; required_workers: 2; success_prob: 0.8; max_attempts: 1
event: task_spawn; timestamp: 0; task: 74; pos: (13, -15); earliest_start: 87; latest_start: 498; state: PENDING; required_workers: 2; success_prob: 0.8; max_attempts: 1
event: task_spawn; timestamp: 0; task: 75; pos: (5, 15); earliest_start: 49; latest_start: 346; state: PENDING; required_workers: 2; success_prob: 0.8; max_attempts: 1
event: task_spawn; timestamp: 0; task: 76; pos: (50, -15); earliest_start: 2106; latest_start: 2315; state: PENDING; required_workers: 2; success_prob: 0.8; max_attempts: 1
event: task_spawn; timestamp: 0; task: 77; pos: (32, -5); earliest_start: 2701; latest_start: 3258; state: PENDING; required_workers: 3; success_prob: 0.8; max_attempts: 1
event: task_spawn; timestamp: 0; task: 78; pos: (38, -10); earliest_start: 2599; latest_start: 3164; state: PENDING; required_workers: 3; success_prob: 0.8; max_attempts: 1
event: task_spawn; timestamp: 0; task: 79; pos: (47, -20); earliest_start: 2505; latest_start: 2870; state: PENDING; required_workers: 3; success_prob: 0.8; max_attempts: 1
event: task_spawn; timestamp: 0; task: 80; pos: (45, -25); earliest_start: 2369; latest_start: 2816; state: PENDING; required_workers: 3; success_prob: 0.8; max_attempts: 1
event: task_spawn; timestamp: 0; task: 81; pos: (45, -15); earliest_start: 2563; latest_start: 3002; state: PENDING; required_workers: 1; success_prob: 1; max_attempts: 1
event: task_spawn; timestamp: 0; task: 82; pos: (35, 5); earliest_start: 1894; latest_start: 2115; state: PENDING; required_workers: 1; success_prob: 1; max_attempts: 1
event: task_spawn; timestamp: 0; task: 83; pos: (32, 5); earliest_start: 1751; latest_start: 2072; state: PENDING; required_workers: 1; success_prob: 1; max_attempts: 1
event: task_spawn; timestamp: 0; task: 84; pos: (30, 8); earliest_start: 1617; latest_start: 1824; state: PENDING; required_workers: 1; success_prob: 1; max_attempts: 1
event: task_spawn; timestamp: 0; task: 85; pos: (46, -4); earliest_start: 1969; latest_start: 2248; state: PENDING; required_workers: 1; success_prob: 1; max_attempts: 1
event: task_spawn; timestamp: 0; task: 86; pos: (26, 5); earliest_start: 1710; latest_start: 1921; state: PENDING; required_workers: 1; success_prob: 1; max_attempts: 1
event: task_spawn; timestamp: 0; task: 87; pos: (24, -4); earliest_start: 2976; latest_start: 3275; state: PENDING; required_workers: 1; success_prob: 1; max_attempts: 1
event: task_spawn; timestamp: 0; task: 88; pos: (25, 10); earliest_start: 1482; latest_start: 1769; state: PENDING; required_workers: 1; success_prob: 1; max_attempts: 1
event: task_spawn; timestamp: 0; task: 89; pos: (16, 14); earliest_start: 1275; latest_start: 1594; state: PENDING; required_workers: 1; success_prob: 1; max_attempts: 1
event: task_spawn; timestamp: 0; task: 90; pos: (20, 5); earliest_start: 2789; latest_start: 3279; state: PENDING; required_workers: 1; success_prob: 1; max_attempts: 1
event: task_spawn; timestamp: 0; task: 91; pos: (20, 10); earliest_start: 1440; latest_start: 1621; state: PENDING; required_workers: 2; success_prob: 1; max_attempts: 1
event: task_spawn; timestamp: 0; task: 92; pos: (27, 35); earliest_start: 646; latest_start: 901; state: PENDING; required_workers: 2; success_prob: 1; max_attempts: 1
event: task_spawn; timestamp: 0; task: 93; pos: (2, 8); earliest_start: 8; latest_start: 258; state: PENDING; required_workers: 2; success_prob: 1; max_attempts: 1
event: task_spawn; timestamp: 0; task: 94; pos: (25, 32); earliest_start: 708; latest_start: 1027; state: PENDING; required_workers: 2; success_prob: 1; max_attempts: 1
event: task_spawn; timestamp: 0; task: 95; pos: (22, 30); earliest_start: 852; latest_start: 1069; state: PENDING; required_workers: 2; success_prob: 1; max_attempts: 1
event: task_spawn; timestamp: 0; task: 96; pos: (22, -10); earliest_start: 2713; latest_start: 3275; state: PENDING; required_workers: 2; success_prob: 1; max_attempts: 1
event: task_spawn; timestamp: 0; task: 97; pos: (20, 35); earliest_start: 537; latest_start: 816; state: PENDING; required_workers: 3; success_prob: 1; max_attempts: 1
event: task_spawn; timestamp: 0; task: 98; pos: (18, 25); earliest_start: 948; latest_start: 1167; state: PENDING; required_workers: 3; success_prob: 1; max_attempts: 1
event: task_spawn; timestamp: 0; task: 99; pos: (15, 30); earliest_start: 379; latest_start: 594; state: PENDING; required_workers: 3; success_prob: 1; max_attempts: 1
event: task_spawn; timestamp: 0; task: 100; pos: (15, 35); earliest_start: 477; latest_start: 686; state: PENDING; required_workers: 3; success_prob: 1; max_attempts: 1
event: robot_spawn; timestamp: 0; robot: 1; pos: (0, 0); state: AVAILABLE; battery_level: 700; battery_capacity: 700; velocity: 1; battery_rate_nav: 0
event: robot_spawn; timestamp: 0; robot: 2; pos: (0, 0); state: AVAILABLE; battery_level: 700; battery_capacity: 700; velocity: 1; battery_rate_nav: 0
event: robot_spawn; timestamp: 0; robot: 3; pos: (0, 0); state: AVAILABLE; battery_level: 700; battery_capacity: 700; velocity: 1; battery_rate_nav: 0
event: robot_spawn; timestamp: 0; robot: 4; pos: (0, 0); state: AVAILABLE; battery_level: 700; battery_capacity: 700; velocity: 1; battery_rate_nav: 0
event: robot_spawn; timestamp: 0; robot: 5; pos: (0, 0); state: AVAILABLE; battery_level: 700; battery_capacity: 700; velocity: 1; battery_rate_nav: 0
event: robot_spawn; timestamp: 0; robot: 6; pos: (0, 0); state: AVAILABLE; battery_level: 700; battery_capacity: 700; velocity: 1; battery_rate_nav: 0
event: robot_spawn; timestamp: 0; robot: 7; pos: (0, 0); state: AVAILABLE; battery_level: 700; battery_capacity: 700; velocity: 1; battery_rate_nav: 0
event: robot_spawn; timestamp: 0; robot: 8; pos: (0, 0); state: AVAILABLE; battery_level: 700; battery_capacity: 700; velocity: 1; battery_rate_nav: 0
event: robot_spawn; timestamp: 0; robot: 9; pos: (0, 0); state: AVAILABLE; battery_level: 700; battery_capacity: 700; velocity: 1; battery_rate_nav: 0
event: robot_spawn; timestamp: 0; robot: 10; pos: (0, 0); state: AVAILABLE; battery_level: 700; battery_capacity: 700; velocity: 1; battery_rate_nav: 0
event: battery_consumption; timestamp: 0; robot: 9; time: 8.24621; initial_level: 700; final_level: 700
event: navigation; timestamp: 0; robot: 9; time: 8.24621; src: (0, 0); dst: (2, 8)
event: battery_consumption; timestamp: 0; robot: 8; time: 8.24621; initial_level: 700; final_level: 700
event: navigation; timestamp: 0; robot: 8; time: 8.24621; src: (0, 0); dst: (2, 8)
event: battery_consumption; timestamp: 0; robot: 7; time: 10; initial_level: 700; final_level: 700
event: navigation; timestamp: 0; robot: 7; time: 10; src: (0, 0); dst: (-10, 0)
event: battery_consumption; timestamp: 0; robot: 4; time: 10; initial_level: 700; final_level: 700
event: navigation; timestamp: 0; robot: 4; time: 10; src: (0, 0); dst: (-10, 0)
event: battery_consumption; timestamp: 0; robot: 6; time: 10; initial_level: 700; final_level: 700
event: navigation; timestamp: 0; robot: 6; time: 10; src: (0, 0); dst: (-10, 0)
event: battery_consumption; timestamp: 0; robot: 3; time: 10.7703; initial_level: 700; final_level: 700
event: navigation; timestamp: 0; robot: 3; time: 10.7703; src: (0, 0); dst: (-4, -10)
event: battery_consumption; timestamp: 0; robot: 2; time: 11.6619; initial_level: 700; final_level: 700
event: navigation; timestamp: 0; robot: 2; time: 11.6619; src: (0, 0); dst: (-6, 10)
event: battery_consumption; timestamp: 0; robot: 1; time: 11.6619; initial_level: 700; final_level: 700
event: navigation; timestamp: 0; robot: 1; time: 11.6619; src: (0, 0); dst: (-10, 6)
event: battery_consumption; timestamp: 0; robot: 10; time: 12.1655; initial_level: 700; final_level: 700
event: navigation; timestamp: 0; robot: 10; time: 12.1655; src: (0, 0); dst: (-12, 2)
event: battery_consumption; timestamp: 0; robot: 5; time: 12.2066; initial_level: 700; final_level: 700
event: navigation; timestamp: 0; robot: 5; time: 12.2066; src: (0, 0); dst: (7, -10)
event: task_execution; timestamp: 8.24621; task: 93; robot: 8; pos: (2, 8); time: 67.5741
event: battery_consumption; timestamp: 8.24621; robot: 8; time: 67.5741; initial_level: 700; final_level: 669.967
event: task_execution; timestamp: 8.24621; task: 93; robot: 9; pos: (2, 8); time: 67.5741
event: battery_consumption; timestamp: 8.24621; robot: 9; time: 67.5741; initial_level: 700; final_level: 669.967
event: task_resolution; timestamp: 75.8203; task: 93; pos: (2, 8); status: COMPLETED; attempt: 1
event: battery_consumption; timestamp: 75.8203; robot: 8; time: 7; initial_level: 669.967; final_level: 669.967
event: navigation; timestamp: 75.8203; robot: 8; time: 7; src: (2, 8); dst: (2, 15)
event: battery_consumption; timestamp: 75.8203; robot: 9; time: 7.61577; initial_level: 669.967; final_level: 669.967
event: navigation; timestamp: 75.8203; robot: 9; time: 7.61577; src: (2, 8); dst: (5, 15)
event: task_execution; timestamp: 10; task: 20; robot: 4; pos: (-10, 0); time: 87.552
event: battery_consumption; timestamp: 10; robot: 4; time: 87.552; initial_level: 700; final_level: 690.272
event: task_execution; timestamp: 10; task: 20; robot: 6; pos: (-10, 0); time: 87.552
event: battery_consumption; timestamp: 10; robot: 6; time: 87.552; initial_level: 700; final_level: 690.272
event: task_execution; timestamp: 10; task: 20; robot: 7; pos: (-10, 0); time: 87.552
event: battery_consumption; timestamp: 10; robot: 7; time: 87.552; initial_level: 700; final_level: 690.272
event: task_resolution; timestamp: 97.552; task: 20; pos: (-10, 0); status: FAILED; attempt: 1
event: battery_consumption; timestamp: 97.552; robot: 6; time: 5; initial_level: 690.272; final_level: 690.272
event: navigation; timestamp: 97.552; robot: 6; time: 5; src: (-10, 0); dst: (-15, 0)
event: battery_consumption; timestamp: 97.552; robot: 4; time: 7.28011; initial_level: 690.272; final_level: 690.272
event: navigation; timestamp: 97.552; robot: 4; time: 7.28011; src: (-10, 0); dst: (-17, 2)
event: battery_consumption; timestamp: 97.552; robot: 7; time: 10; initial_level: 690.272; final_level: 690.272
event: navigation; timestamp: 97.552; robot: 7; time: 10; src: (-10, 0); dst: (-20, 0)
event: task_execution; timestamp: 12.2066; task: 67; robot: 5; pos: (7, -10); time: 87.8203
event: battery_consumption; timestamp: 12.2066; robot: 5; time: 87.8203; initial_level: 700; final_level: 690.242
event: task_resolution; timestamp: 100.027; task: 67; pos: (7, -10); status: COMPLETED; attempt: 1
event: battery_consumption; timestamp: 100.027; robot: 5; time: 3; initial_level: 690.242; final_level: 690.242
event: navigation; timestamp: 100.027; robot: 5; time: 3; src: (7, -10); dst: (10, -10)
event: task_execution; timestamp: 12.1655; task: 22; robot: 10; pos: (-12, 2); time: 93.0548
event: battery_consumption; timestamp: 12.1655; robot: 10; time: 93.0548; initial_level: 700; final_level: 679.321
event: task_resolution; timestamp: 105.22; task: 22; pos: (-12, 2); status: FAILED; attempt: 1
event: battery_consumption; timestamp: 105.22; robot: 10; time: 8.544; initial_level: 679.321; final_level: 679.321
event: navigation; timestamp: 105.22; robot: 10; time: 8.544; src: (-12, 2); dst: (-20, 5)
event: task_execution; timestamp: 82.8203; task: 5; robot: 8; pos: (2, 15); time: 78.7793
event: battery_consumption; timestamp: 82.8203; robot: 8; time: 78.7793; initial_level: 669.967; final_level: 661.214
event: task_resolution; timestamp: 161.6; task: 5; pos: (2, 15); status: COMPLETED; attempt: 1
event: battery_consumption; timestamp: 161.6; robot: 8; time: 3; initial_level: 661.214; final_level: 661.214
event: navigation; timestamp: 161.6; robot: 8; time: 3; src: (2, 15); dst: (5, 15)
event: task_execution; timestamp: 102.552; task: 24; robot: 6; pos: (-15, 0); time: 81.174
event: battery_consumption; timestamp: 102.552; robot: 6; time: 81.174; initial_level: 690.272; final_level: 681.253
event: task_resolution; timestamp: 183.726; task: 24; pos: (-15, 0); status: COMPLETED; attempt: 1
event: battery_consumption; timestamp: 183.726; robot: 6; time: 12.0416; initial_level: 681.253; final_level: 681.253
event: navigation; timestamp: 183.726; robot: 6; time: 12.0416; src: (-15, 0); dst: (-24, -8)
event: task_execution; timestamp: 104.832; task: 27; robot: 4; pos: (-17, 2); time: 79.7511
event: battery_consumption; timestamp: 104.832; robot: 4; time: 79.7511; initial_level: 690.272; final_level: 681.411
event: task_resolution; timestamp: 184.583; task: 27; pos: (-17, 2); status: COMPLETED; attempt: 1
event: battery_consumption; timestamp: 184.583; robot: 4; time: 14.0357; initial_level: 681.411; final_level: 681.411
event: navigation; timestamp: 184.583; robot: 4; time: 14.0357; src: (-17, 2); dst: (-18, 16)
event: task_execution; timestamp: 107.552; task: 29; robot: 7; pos: (-20, 0); time: 81.7765
event: battery_consumption; timestamp: 107.552; robot: 7; time: 81.7765; initial_level: 690.272; final_level: 681.186
event: task_resolution; timestamp: 189.328; task: 29; pos: (-20, 0); status: FAILED; attempt: 1
event: battery_consumption; timestamp: 189.328; robot: 7; time: 13; initial_level: 681.186; final_level: 681.186
event: navigation; timestamp: 189.328; robot: 7; time: 13; src: (-20, 0); dst: (-32, -5)
event: task_execution; timestamp: 103.027; task: 63; robot: 5; pos: (10, -10); time: 88.0108
event: battery_consumption; timestamp: 103.027; robot: 5; time: 88.0108; initial_level: 690.242; final_level: 641.347
event: task_resolution; timestamp: 191.038; task: 63; pos: (10, -10); status: COMPLETED; attempt: 1
event: battery_consumption; timestamp: 191.038; robot: 5; time: 5; initial_level: 641.347; final_level: 641.347
event: navigation; timestamp: 191.038; robot: 5; time: 5; src: (10, -10); dst: (10, -15)
event: task_execution; timestamp: 113.764; task: 30; robot: 10; pos: (-20, 5); time: 78.6491
event: battery_consumption; timestamp: 113.764; robot: 10; time: 78.6491; initial_level: 679.321; final_level: 670.582
event: task_resolution; timestamp: 192.413; task: 30; pos: (-20, 5); status: FAILED; attempt: 1
event: battery_consumption; timestamp: 192.413; robot: 10; time: 12.53; initial_level: 670.582; final_level: 670.582
event: navigation; timestamp: 192.413; robot: 10; time: 12.53; src: (-20, 5); dst: (-26, 16)
event: task_execution; timestamp: 164.6; task: 75; robot: 8; pos: (5, 15); time: 94.0515
event: battery_consumption; timestamp: 164.6; robot: 8; time: 94.0515; initial_level: 661.214; final_level: 640.313
event: task_execution; timestamp: 164.6; task: 75; robot: 9; pos: (5, 15); time: 94.0515
event: battery_consumption; timestamp: 164.6; robot: 9; time: 94.0515; initial_level: 669.967; final_level: 649.067
event: task_resolution; timestamp: 258.651; task: 75; pos: (5, 15); status: FAILED; attempt: 1
event: battery_consumption; timestamp: 258.651; robot: 9; time: 5; initial_level: 649.067; final_level: 649.067
event: navigation; timestamp: 258.651; robot: 9; time: 5; src: (5, 15); dst: (5, 20)
event: battery_consumption; timestamp: 258.651; robot: 8; time: 10.0499; initial_level: 640.313; final_level: 640.313
event: navigation; timestamp: 258.651; robot: 8; time: 10.0499; src: (5, 15); dst: (-5, 16)
event: task_execution; timestamp: 196.038; task: 62; robot: 5; pos: (10, -15); time: 94.8987
event: battery_consumption; timestamp: 196.038; robot: 5; time: 94.8987; initial_level: 641.347; final_level: 620.259
event: task_resolution; timestamp: 290.936; task: 62; pos: (10, -15); status: COMPLETED; attempt: 1
event: battery_consumption; timestamp: 290.936; robot: 5; time: 3; initial_level: 620.259; final_level: 620.259
event: navigation; timestamp: 290.936; robot: 5; time: 3; src: (10, -15); dst: (7, -15)
event: task_execution; timestamp: 209; task: 6; robot: 6; pos: (-24, -8); time: 102.057
event: battery_consumption; timestamp: 209; robot: 6; time: 102.057; initial_level: 681.253; final_level: 658.573
event: task_resolution; timestamp: 311.057; task: 6; pos: (-24, -8); status: FAILED; attempt: 1
event: battery_consumption; timestamp: 311.057; robot: 6; time: 6.32456; initial_level: 658.573; final_level: 658.573
event: navigation; timestamp: 311.057; robot: 6; time: 6.32456; src: (-24, -8); dst: (-30, -10)
event: task_execution; timestamp: 263.651; task: 2; robot: 9; pos: (5, 20); time: 97.0886
event: battery_consumption; timestamp: 263.651; robot: 9; time: 97.0886; initial_level: 649.067; final_level: 616.704
event: task_resolution; timestamp: 360.74; task: 2; pos: (5, 20); status: FAILED; attempt: 1
event: battery_consumption; timestamp: 360.74; robot: 9; time: 8.60233; initial_level: 616.704; final_level: 616.704
event: navigation; timestamp: 360.74; robot: 9; time: 8.60233; src: (5, 20); dst: (12, 25)
event: task_execution; timestamp: 369.342; task: 1; robot: 9; pos: (12, 25); time: 80.3336
event: battery_consumption; timestamp: 369.342; robot: 9; time: 80.3336; initial_level: 616.704; final_level: 607.778
event: task_resolution; timestamp: 449.676; task: 1; pos: (12, 25); status: FAILED; attempt: 1
event: battery_consumption; timestamp: 449.676; robot: 9; time: 5.83095; initial_level: 607.778; final_level: 607.778
event: navigation; timestamp: 449.676; robot: 9; time: 5.83095; src: (12, 25); dst: (15, 30)
event: task_execution; timestamp: 393; task: 66; robot: 5; pos: (7, -15); time: 89.1194
event: battery_consumption; timestamp: 393; robot: 5; time: 89.1194; initial_level: 620.259; final_level: 610.357
event: task_resolution; timestamp: 482.119; task: 66; pos: (7, -15); status: COMPLETED; attempt: 1
event: battery_consumption; timestamp: 482.119; robot: 5; time: 2; initial_level: 610.357; final_level: 610.357
event: navigation; timestamp: 482.119; robot: 5; time: 2; src: (7, -15); dst: (5, -15)
event: battery_consumption; timestamp: 594; robot: 9; time: 5; initial_level: 607.778; final_level: 607.778
event: navigation; timestamp: 594; robot: 9; time: 5; src: (15, 30); dst: (15, 35)
event: task_execution; timestamp: 534; task: 69; robot: 5; pos: (5, -15); time: 75.7093
event: battery_consumption; timestamp: 534; robot: 5; time: 75.7093; initial_level: 610.357; final_level: 601.944
event: task_resolution; timestamp: 609.709; task: 69; pos: (5, -15); status: COMPLETED; attempt: 1
event: battery_consumption; timestamp: 609.709; robot: 5; time: 5.83095; initial_level: 601.944; final_level: 601.944
event: navigation; timestamp: 609.709; robot: 5; time: 5.83095; src: (5, -15); dst: (8, -20)
event: battery_consumption; timestamp: 686; robot: 9; time: 5; initial_level: 607.778; final_level: 607.778
event: navigation; timestamp: 686; robot: 9; time: 5; src: (15, 35); dst: (20, 35)
event: task_execution; timestamp: 615.54; task: 64; robot: 5; pos: (8, -20); time: 92.1288
event: battery_consumption; timestamp: 615.54; robot: 5; time: 92.1288; initial_level: 601.944; final_level: 591.708
event: task_resolution; timestamp: 707.669; task: 64; pos: (8, -20); status: FAILED; attempt: 1
event: battery_consumption; timestamp: 707.669; robot: 5; time: 2; initial_level: 591.708; final_level: 591.708
event: navigation; timestamp: 707.669; robot: 5; time: 2; src: (8, -20); dst: (10, -20)
event: battery_consumption; timestamp: 738; robot: 5; time: 7.81025; initial_level: 591.708; final_level: 591.708
event: navigation; timestamp: 738; robot: 5; time: 7.81025; src: (10, -20); dst: (4, -25)
event: task_resolution; timestamp: 803.132; task: 61; pos: (10, -20); status: COMPLETED; attempt: 1
event: battery_consumption; timestamp: 816; robot: 9; time: 5.38516; initial_level: 607.778; final_level: 607.778
event: navigation; timestamp: 816; robot: 9; time: 5.38516; src: (20, 35); dst: (22, 30)
event: task_execution; timestamp: 745.81; task: 65; robot: 5; pos: (4, -25); time: 83.6763
event: battery_consumption; timestamp: 745.81; robot: 5; time: 83.6763; initial_level: 591.708; final_level: 582.41
event: task_resolution; timestamp: 829.487; task: 65; pos: (4, -25); status: COMPLETED; attempt: 1
event: battery_consumption; timestamp: 829.487; robot: 5; time: 5.38516; initial_level: 582.41; final_level: 582.41
event: navigation; timestamp: 829.487; robot: 5; time: 5.38516; src: (4, -25); dst: (2, -20)
event: task_execution; timestamp: 834.872; task: 68; robot: 5; pos: (2, -20); time: 83.6249
event: battery_consumption; timestamp: 834.872; robot: 5; time: 83.6249; initial_level: 582.41; final_level: 573.119
event: task_resolution; timestamp: 918.497; task: 68; pos: (2, -20); status: COMPLETED; attempt: 1
event: battery_consumption; timestamp: 918.497; robot: 5; time: 7.28011; initial_level: 573.119; final_level: 573.119
event: navigation; timestamp: 918.497; robot: 5; time: 7.28011; src: (2, -20); dst: (-5, -18)
event: battery_consumption; timestamp: 1009; robot: 6; time: 2; initial_level: 658.573; final_level: 658.573
event: navigation; timestamp: 1009; robot: 6; time: 2; src: (-30, -10); dst: (-32, -10)
event: battery_consumption; timestamp: 1069; robot: 9; time: 6.40312; initial_level: 607.778; final_level: 607.778
event: navigation; timestamp: 1069; robot: 9; time: 6.40312; src: (22, 30); dst: (18, 25)
event: battery_consumption; timestamp: 1167; robot: 9; time: 5; initial_level: 607.778; final_level: 607.778
event: navigation; timestamp: 1167; robot: 9; time: 5; src: (18, 25); dst: (18, 20)
event: battery_consumption; timestamp: 1246; robot: 9; time: 4.12311; initial_level: 607.778; final_level: 607.778
event: navigation; timestamp: 1246; robot: 9; time: 4.12311; src: (18, 20); dst: (22, 19)
event: task_resolution; timestamp: 1252.75; task: 7; pos: (18, 20); status: FAILED; attempt: 1
event: battery_consumption; timestamp: 1295; robot: 6; time: 5; initial_level: 658.573; final_level: 658.573
event: navigation; timestamp: 1295; robot: 6; time: 5; src: (-32, -10); dst: (-32, -5)
event: task_execution; timestamp: 1250.12; task: 3; robot: 9; pos: (22, 19); time: 95.4668
event: battery_consumption; timestamp: 1250.12; robot: 9; time: 95.4668; initial_level: 607.778; final_level: 597.17
event: task_resolution; timestamp: 1345.59; task: 3; pos: (22, 19); status: COMPLETED; attempt: 1
event: battery_consumption; timestamp: 1345.59; robot: 9; time: 3.60555; initial_level: 597.17; final_level: 597.17
event: navigation; timestamp: 1345.59; robot: 9; time: 3.60555; src: (22, 19); dst: (20, 16)
event: task_execution; timestamp: 1300; task: 34; robot: 6; pos: (-32, -5); time: 91.6364
event: battery_consumption; timestamp: 1300; robot: 6; time: 91.6364; initial_level: 658.573; final_level: 638.21
event: task_execution; timestamp: 1300; task: 34; robot: 7; pos: (-32, -5); time: 91.6364
event: battery_consumption; timestamp: 1300; robot: 7; time: 91.6364; initial_level: 681.186; final_level: 660.822
event: task_resolution; timestamp: 1391.64; task: 34; pos: (-32, -5); status: COMPLETED; attempt: 1
event: battery_consumption; timestamp: 1391.64; robot: 7; time: 3; initial_level: 660.822; final_level: 660.822
event: navigation; timestamp: 1391.64; robot: 7; time: 3; src: (-32, -5); dst: (-35, -5)
event: battery_consumption; timestamp: 1391.64; robot: 6; time: 3; initial_level: 638.21; final_level: 638.21
event: navigation; timestamp: 1391.64; robot: 6; time: 3; src: (-32, -5); dst: (-35, -5)
event: task_execution; timestamp: 1316; task: 23; robot: 10; pos: (-26, 16); time: 94.2889
event: battery_consumption; timestamp: 1316; robot: 10; time: 94.2889; initial_level: 670.582; final_level: 660.106
event: task_resolution; timestamp: 1410.29; task: 23; pos: (-26, 16); status: COMPLETED; attempt: 1
event: battery_consumption; timestamp: 1410.29; robot: 10; time: 7.2111; initial_level: 660.106; final_level: 660.106
event: navigation; timestamp: 1410.29; robot: 10; time: 7.2111; src: (-26, 16); dst: (-32, 12)
event: battery_consumption; timestamp: 1434; robot: 9; time: 4.47214; initial_level: 597.17; final_level: 597.17
event: navigation; timestamp: 1434; robot: 9; time: 4.47214; src: (20, 16); dst: (16, 14)
event: task_resolution; timestamp: 1436.14; task: 4; pos: (20, 16); status: FAILED; attempt: 1
event: task_execution; timestamp: 1417.5; task: 26; robot: 10; pos: (-32, 12); time: 73.7542
event: battery_consumption; timestamp: 1417.5; robot: 10; time: 73.7542; initial_level: 660.106; final_level: 651.911
event: task_resolution; timestamp: 1491.25; task: 26; pos: (-32, 12); status: COMPLETED; attempt: 1
event: battery_consumption; timestamp: 1491.25; robot: 10; time: 8.06226; initial_level: 651.911; final_level: 651.911
event: navigation; timestamp: 1491.25; robot: 10; time: 8.06226; src: (-32, 12); dst: (-36, 5)
event: task_execution; timestamp: 1394.64; task: 36; robot: 6; pos: (-35, -5); time: 97.6879
event: battery_consumption; timestamp: 1394.64; robot: 6; time: 97.6879; initial_level: 638.21; final_level: 627.355
event: task_execution; timestamp: 1394.64; task: 36; robot: 7; pos: (-35, -5); time: 97.6879
event: battery_consumption; timestamp: 1394.64; robot: 7; time: 97.6879; initial_level: 660.822; final_level: 649.968
event: task_resolution; timestamp: 1492.32; task: 36; pos: (-35, -5); status: FAILED; attempt: 1
event: battery_consumption; timestamp: 1492.32; robot: 7; time: 5; initial_level: 649.968; final_level: 649.968
event: navigation; timestamp: 1492.32; robot: 7; time: 5; src: (-35, -5); dst: (-40, -5)
event: battery_consumption; timestamp: 1492.32; robot: 6; time: 5; initial_level: 627.355; final_level: 627.355
event: navigation; timestamp: 1492.32; robot: 6; time: 5; src: (-35, -5); dst: (-40, -5)
event: task_execution; timestamp: 1438.47; task: 89; robot: 9; pos: (16, 14); time: 91.0488
event: battery_consumption; timestamp: 1438.47; robot: 9; time: 91.0488; initial_level: 597.17; final_level: 587.054
event: task_resolution; timestamp: 1529.52; task: 89; pos: (16, 14); status: COMPLETED; attempt: 1
event: battery_consumption; timestamp: 1529.52; robot: 9; time: 5.65685; initial_level: 587.054; final_level: 587.054
event: navigation; timestamp: 1529.52; robot: 9; time: 5.65685; src: (16, 14); dst: (20, 10)
event: task_execution; timestamp: 1499.32; task: 28; robot: 10; pos: (-36, 5); time: 91.3152
event: battery_consumption; timestamp: 1499.32; robot: 10; time: 91.3152; initial_level: 651.911; final_level: 631.619
event: task_resolution; timestamp: 1590.63; task: 28; pos: (-36, 5); status: COMPLETED; attempt: 1
event: battery_consumption; timestamp: 1590.63; robot: 10; time: 10.7703; initial_level: 631.619; final_level: 631.619
event: navigation; timestamp: 1590.63; robot: 10; time: 10.7703; src: (-36, 5); dst: (-40, -5)
event: battery_consumption; timestamp: 1621; robot: 9; time: 5; initial_level: 587.054; final_level: 587.054
event: navigation; timestamp: 1621; robot: 9; time: 5; src: (20, 10); dst: (25, 10)
event: battery_consumption; timestamp: 1641; robot: 10; time: 5; initial_level: 631.619; final_level: 631.619
event: navigation; timestamp: 1641; robot: 10; time: 5; src: (-40, -5); dst: (-40, -10)
event: battery_consumption; timestamp: 1641; robot: 6; time: 5; initial_level: 627.355; final_level: 627.355
event: navigation; timestamp: 1641; robot: 6; time: 5; src: (-40, -5); dst: (-40, -10)
event: battery_consumption; timestamp: 1641; robot: 7; time: 5; initial_level: 649.968; final_level: 649.968
event: navigation; timestamp: 1641; robot: 7; time: 5; src: (-40, -5); dst: (-40, -10)
event: battery_consumption; timestamp: 1648; robot: 6; time: 25.4951; initial_level: 627.355; final_level: 627.355
event: navigation; timestamp: 1648; robot: 6; time: 25.4951; src: (-40, -10); dst: (-15, -15)
event: battery_consumption; timestamp: 1648; robot: 7; time: 25.4951; initial_level: 649.968; final_level: 649.968
event: navigation; timestamp: 1648; robot: 7; time: 25.4951; src: (-40, -10); dst: (-15, -15)
event: battery_consumption; timestamp: 1648; robot: 10; time: 26.9258; initial_level: 631.619; final_level: 631.619
event: navigation; timestamp: 1648; robot: 10; time: 26.9258; src: (-40, -10); dst: (-15, -20)
event: task_resolution; timestamp: 1700.77; task: 39; pos: (-40, -5); status: COMPLETED; attempt: 1
event: task_execution; timestamp: 1626; task: 88; robot: 9; pos: (25, 10); time: 88.2431
event: battery_consumption; timestamp: 1626; robot: 9; time: 88.2431; initial_level: 587.054; final_level: 557.64
event: task_resolution; timestamp: 1714.24; task: 88; pos: (25, 10); status: COMPLETED; attempt: 1
event: battery_consumption; timestamp: 1714.24; robot: 9; time: 5.09902; initial_level: 557.64; final_level: 557.64
event: navigation; timestamp: 1714.24; robot: 9; time: 5.09902; src: (25, 10); dst: (26, 5)
event: task_resolution; timestamp: 1737.37; task: 38; pos: (-40, -10); status: FAILED; attempt: 1
event: task_execution; timestamp: 1719.34; task: 86; robot: 9; pos: (26, 5); time: 98.2961
event: battery_consumption; timestamp: 1719.34; robot: 9; time: 98.2961; initial_level: 557.64; final_level: 546.718
event: task_resolution; timestamp: 1817.64; task: 86; pos: (26, 5); status: COMPLETED; attempt: 1
event: battery_consumption; timestamp: 1817.64; robot: 9; time: 5; initial_level: 546.718; final_level: 546.718
event: navigation; timestamp: 1817.64; robot: 9; time: 5; src: (26, 5); dst: (30, 8)
event: battery_consumption; timestamp: 1824; robot: 9; time: 3.60555; initial_level: 546.718; final_level: 546.718
event: navigation; timestamp: 1824; robot: 9; time: 3.60555; src: (30, 8); dst: (32, 5)
event: task_resolution; timestamp: 1898.63; task: 84; pos: (30, 8); status: COMPLETED; attempt: 1
event: task_execution; timestamp: 1827.61; task: 83; robot: 9; pos: (32, 5); time: 102.45
event: battery_consumption; timestamp: 1827.61; robot: 9; time: 102.45; initial_level: 546.718; final_level: 535.334
event: task_resolution; timestamp: 1930.06; task: 83; pos: (32, 5); status: COMPLETED; attempt: 1
event: battery_consumption; timestamp: 1930.06; robot: 9; time: 3; initial_level: 535.334; final_level: 535.334
event: navigation; timestamp: 1930.06; robot: 9; time: 3; src: (32, 5); dst: (35, 5)
event: task_execution; timestamp: 1933.06; task: 82; robot: 9; pos: (35, 5); time: 74.95
event: battery_consumption; timestamp: 1933.06; robot: 9; time: 74.95; initial_level: 535.334; final_level: 518.679
event: task_resolution; timestamp: 2008.01; task: 82; pos: (35, 5); status: COMPLETED; attempt: 1
event: battery_consumption; timestamp: 2008.01; robot: 9; time: 10.4403; initial_level: 518.679; final_level: 518.679
event: navigation; timestamp: 2008.01; robot: 9; time: 10.4403; src: (35, 5); dst: (32, -5)
event: task_execution; timestamp: 2035; task: 8; robot: 2; pos: (-6, 10); time: 87.6681
event: battery_consumption; timestamp: 2035; robot: 2; time: 87.6681; initial_level: 700; final_level: 680.518
event: task_resolution; timestamp: 2122.67; task: 8; pos: (-6, 10); status: FAILED; attempt: 1
event: battery_consumption; timestamp: 2122.67; robot: 2; time: 9.05539; initial_level: 680.518; final_level: 680.518
event: navigation; timestamp: 2122.67; robot: 2; time: 9.05539; src: (-6, 10); dst: (-5, 19)
event: task_execution; timestamp: 2070; task: 52; robot: 6; pos: (-15, -15); time: 73.0066
event: battery_consumption; timestamp: 2070; robot: 6; time: 73.0066; initial_level: 627.355; final_level: 619.244
event: task_execution; timestamp: 2070; task: 52; robot: 7; pos: (-15, -15); time: 73.0066
event: battery_consumption; timestamp: 2070; robot: 7; time: 73.0066; initial_level: 649.968; final_level: 641.856
event: task_resolution; timestamp: 2143.01; task: 52; pos: (-15, -15); status: COMPLETED; attempt: 1
event: battery_consumption; timestamp: 2143.01; robot: 6; time: 3.16228; initial_level: 619.244; final_level: 619.244
event: navigation; timestamp: 2143.01; robot: 6; time: 3.16228; src: (-15, -15); dst: (-14, -18)
event: battery_consumption; timestamp: 2143.01; robot: 7; time: 5; initial_level: 641.856; final_level: 641.856
event: navigation; timestamp: 2143.01; robot: 7; time: 5; src: (-15, -15); dst: (-10, -15)
event: task_execution; timestamp: 2062; task: 21; robot: 1; pos: (-10, 6); time: 103.09
event: battery_consumption; timestamp: 2062; robot: 1; time: 103.09; initial_level: 700; final_level: 677.091
event: task_resolution; timestamp: 2165.09; task: 21; pos: (-10, 6); status: FAILED; attempt: 1
event: battery_consumption; timestamp: 2165.09; robot: 1; time: 13.9284; initial_level: 677.091; final_level: 677.091
event: navigation; timestamp: 2165.09; robot: 1; time: 13.9284; src: (-10, 6); dst: (-5, 19)
event: task_execution; timestamp: 2146.17; task: 50; robot: 6; pos: (-14, -18); time: 82.9882
event: battery_consumption; timestamp: 2146.17; robot: 6; time: 82.9882; initial_level: 619.244; final_level: 610.023
event: task_resolution; timestamp: 2229.16; task: 50; pos: (-14, -18); status: FAILED; attempt: 1
event: battery_consumption; timestamp: 2229.16; robot: 6; time: 2.23607; initial_level: 610.023; final_level: 610.023
event: navigation; timestamp: 2229.16; robot: 6; time: 2.23607; src: (-14, -18); dst: (-15, -20)
event: task_execution; timestamp: 2177; task: 25; robot: 4; pos: (-18, 16); time: 84.8797
event: battery_consumption; timestamp: 2177; robot: 4; time: 84.8797; initial_level: 681.411; final_level: 643.686
event: task_resolution; timestamp: 2261.88; task: 25; pos: (-18, 16); status: COMPLETED; attempt: 1
event: battery_consumption; timestamp: 2261.88; robot: 4; time: 7.2111; initial_level: 643.686; final_level: 643.686
event: navigation; timestamp: 2261.88; robot: 4; time: 7.2111; src: (-18, 16); dst: (-12, 20)
event: task_execution; timestamp: 2231.39; task: 51; robot: 6; pos: (-15, -20); time: 76.6925
event: battery_consumption; timestamp: 2231.39; robot: 6; time: 76.6925; initial_level: 610.023; final_level: 601.501
event: task_execution; timestamp: 2231.39; task: 51; robot: 10; pos: (-15, -20); time: 76.6925
event: battery_consumption; timestamp: 2231.39; robot: 10; time: 76.6925; initial_level: 631.619; final_level: 623.097
event: task_resolution; timestamp: 2308.09; task: 51; pos: (-15, -20); status: COMPLETED; attempt: 1
event: battery_consumption; timestamp: 2308.09; robot: 6; time: 5; initial_level: 601.501; final_level: 601.501
event: navigation; timestamp: 2308.09; robot: 6; time: 5; src: (-15, -20); dst: (-10, -20)
event: battery_consumption; timestamp: 2308.09; robot: 10; time: 8.24621; initial_level: 623.097; final_level: 623.097
event: navigation; timestamp: 2308.09; robot: 10; time: 8.24621; src: (-15, -20); dst: (-7, -18)
event: task_execution; timestamp: 2242; task: 47; robot: 7; pos: (-10, -15); time: 74.6041
event: battery_consumption; timestamp: 2242; robot: 7; time: 74.6041; initial_level: 641.856; final_level: 633.567
event: task_resolution; timestamp: 2316.6; task: 47; pos: (-10, -15); status: COMPLETED; attempt: 1
event: battery_consumption; timestamp: 2316.6; robot: 7; time: 3; initial_level: 633.567; final_level: 633.567
event: navigation; timestamp: 2316.6; robot: 7; time: 3; src: (-10, -15); dst: (-7, -15)
event: task_execution; timestamp: 2269.09; task: 9; robot: 4; pos: (-12, 20); time: 87.346
event: battery_consumption; timestamp: 2269.09; robot: 4; time: 87.346; initial_level: 643.686; final_level: 633.981
event: task_resolution; timestamp: 2356.44; task: 9; pos: (-12, 20); status: FAILED; attempt: 1
event: battery_consumption; timestamp: 2356.44; robot: 4; time: 7.81025; initial_level: 633.981; final_level: 633.981
event: navigation; timestamp: 2356.44; robot: 4; time: 7.81025; src: (-12, 20); dst: (-18, 25)
event: task_execution; timestamp: 2311; task: 10; robot: 8; pos: (-5, 16); time: 77.9376
event: battery_consumption; timestamp: 2311; robot: 8; time: 77.9376; initial_level: 640.313; final_level: 631.654
event: task_resolution; timestamp: 2388.94; task: 10; pos: (-5, 16); status: COMPLETED; attempt: 1
event: battery_consumption; timestamp: 2388.94; robot: 8; time: 15.8114; initial_level: 631.654; final_level: 631.654
event: navigation; timestamp: 2388.94; robot: 8; time: 15.8114; src: (-5, 16); dst: (-18, 25)
event: task_execution; timestamp: 2313.09; task: 45; robot: 6; pos: (-10, -20); time: 90.6939
event: battery_consumption; timestamp: 2313.09; robot: 6; time: 90.6939; initial_level: 601.501; final_level: 591.424
event: task_resolution; timestamp: 2403.78; task: 45; pos: (-10, -20); status: FAILED; attempt: 1
event: battery_consumption; timestamp: 2403.78; robot: 6; time: 33.5261; initial_level: 591.424; final_level: 591.424
event: navigation; timestamp: 2403.78; robot: 6; time: 33.5261; src: (-10, -20); dst: (22, -10)
event: task_execution; timestamp: 2368; task: 43; robot: 7; pos: (-7, -15); time: 85.7005
event: battery_consumption; timestamp: 2368; robot: 7; time: 85.7005; initial_level: 633.567; final_level: 624.044
event: task_resolution; timestamp: 2453.7; task: 43; pos: (-7, -15); status: FAILED; attempt: 1
event: battery_consumption; timestamp: 2453.7; robot: 7; time: 29.4279; initial_level: 624.044; final_level: 624.044
event: navigation; timestamp: 2453.7; robot: 7; time: 29.4279; src: (-7, -15); dst: (22, -10)
event: task_execution; timestamp: 2404.75; task: 13; robot: 4; pos: (-18, 25); time: 79.7448
event: battery_consumption; timestamp: 2404.75; robot: 4; time: 79.7448; initial_level: 633.981; final_level: 607.4
event: task_execution; timestamp: 2404.75; task: 13; robot: 8; pos: (-18, 25); time: 79.7448
event: battery_consumption; timestamp: 2404.75; robot: 8; time: 79.7448; initial_level: 631.654; final_level: 605.072
event: task_resolution; timestamp: 2484.49; task: 13; pos: (-18, 25); status: FAILED; attempt: 1
event: battery_consumption; timestamp: 2484.49; robot: 4; time: 4; initial_level: 607.4; final_level: 607.4
event: navigation; timestamp: 2484.49; robot: 4; time: 4; src: (-18, 25); dst: (-22, 25)
event: battery_consumption; timestamp: 2484.49; robot: 8; time: 4; initial_level: 605.072; final_level: 605.072
event: navigation; timestamp: 2484.49; robot: 8; time: 4; src: (-18, 25); dst: (-22, 25)
event: task_execution; timestamp: 2428; task: 11; robot: 1; pos: (-5, 19); time: 81.2321
event: battery_consumption; timestamp: 2428; robot: 1; time: 81.2321; initial_level: 677.091; final_level: 668.065
event: task_execution; timestamp: 2428; task: 11; robot: 2; pos: (-5, 19); time: 81.2321
event: battery_consumption; timestamp: 2428; robot: 2; time: 81.2321; initial_level: 680.518; final_level: 671.492
event: task_resolution; timestamp: 2509.23; task: 11; pos: (-5, 19); status: COMPLETED; attempt: 1
event: battery_consumption; timestamp: 2509.23; robot: 2; time: 18.0278; initial_level: 671.492; final_level: 671.492
event: navigation; timestamp: 2509.23; robot: 2; time: 18.0278; src: (-5, 19); dst: (-22, 25)
event: battery_consumption; timestamp: 2509.23; robot: 1; time: 18.6011; initial_level: 668.065; final_level: 668.065
event: navigation; timestamp: 2509.23; robot: 1; time: 18.6011; src: (-5, 19); dst: (-20, 30)
event: task_execution; timestamp: 2421; task: 42; robot: 10; pos: (-7, -18); time: 104.598
event: battery_consumption; timestamp: 2421; robot: 10; time: 104.598; initial_level: 623.097; final_level: 599.853
event: task_resolution; timestamp: 2525.6; task: 42; pos: (-7, -18); status: COMPLETED; attempt: 1
event: battery_consumption; timestamp: 2525.6; robot: 10; time: 34.0147; initial_level: 599.853; final_level: 599.853
event: navigation; timestamp: 2525.6; robot: 10; time: 34.0147; src: (-7, -18); dst: (24, -4)
event: task_execution; timestamp: 2480; task: 41; robot: 5; pos: (-5, -18); time: 90.6419
event: battery_consumption; timestamp: 2480; robot: 5; time: 90.6419; initial_level: 573.119; final_level: 563.048
event: task_resolution; timestamp: 2570.64; task: 41; pos: (-5, -18); status: FAILED; attempt: 1
event: battery_consumption; timestamp: 2570.64; robot: 5; time: 33.9706; initial_level: 563.048; final_level: 563.048
event: navigation; timestamp: 2570.64; robot: 5; time: 33.9706; src: (-5, -18); dst: (20, 5)
event: task_execution; timestamp: 2527.26; task: 17; robot: 2; pos: (-22, 25); time: 101.191
event: battery_consumption; timestamp: 2527.26; robot: 2; time: 101.191; initial_level: 671.492; final_level: 649.006
event: task_execution; timestamp: 2527.26; task: 17; robot: 4; pos: (-22, 25); time: 101.191
event: battery_consumption; timestamp: 2527.26; robot: 4; time: 101.191; initial_level: 607.4; final_level: 584.913
event: task_execution; timestamp: 2527.26; task: 17; robot: 8; pos: (-22, 25); time: 101.191
event: battery_consumption; timestamp: 2527.26; robot: 8; time: 101.191; initial_level: 605.072; final_level: 582.585
event: task_resolution; timestamp: 2628.45; task: 17; pos: (-22, 25); status: FAILED; attempt: 1
event: battery_consumption; timestamp: 2628.45; robot: 2; time: 5.38516; initial_level: 649.006; final_level: 649.006
event: navigation; timestamp: 2628.45; robot: 2; time: 5.38516; src: (-22, 25); dst: (-20, 30)
event: battery_consumption; timestamp: 2628.45; robot: 4; time: 61.7738; initial_level: 584.913; final_level: 584.913
event: navigation; timestamp: 2628.45; robot: 4; time: 61.7738; src: (-22, 25); dst: (32, -5)
event: battery_consumption; timestamp: 2628.45; robot: 8; time: 61.7738; initial_level: 582.585; final_level: 582.585
event: navigation; timestamp: 2628.45; robot: 8; time: 61.7738; src: (-22, 25); dst: (32, -5)
event: task_execution; timestamp: 2605; task: 48; robot: 3; pos: (-4, -10); time: 88.4937
event: battery_consumption; timestamp: 2605; robot: 3; time: 88.4937; initial_level: 700; final_level: 690.167
event: task_resolution; timestamp: 2693.49; task: 48; pos: (-4, -10); status: COMPLETED; attempt: 1
event: battery_consumption; timestamp: 2693.49; robot: 3; time: 42; initial_level: 690.167; final_level: 690.167
event: navigation; timestamp: 2693.49; robot: 3; time: 42; src: (-4, -10); dst: (38, -10)
event: task_execution; timestamp: 2633.84; task: 15; robot: 1; pos: (-20, 30); time: 76.2838
event: battery_consumption; timestamp: 2633.84; robot: 1; time: 76.2838; initial_level: 668.065; final_level: 634.161
event: task_execution; timestamp: 2633.84; task: 15; robot: 2; pos: (-20, 30); time: 76.2838
event: battery_consumption; timestamp: 2633.84; robot: 2; time: 76.2838; initial_level: 649.006; final_level: 615.102
event: task_resolution; timestamp: 2710.12; task: 15; pos: (-20, 30); status: FAILED; attempt: 1
event: battery_consumption; timestamp: 2710.12; robot: 2; time: 70.4557; initial_level: 615.102; final_level: 615.102
event: navigation; timestamp: 2710.12; robot: 2; time: 70.4557; src: (-20, 30); dst: (38, -10)
event: battery_consumption; timestamp: 2710.12; robot: 1; time: 70.4557; initial_level: 634.161; final_level: 634.161
event: navigation; timestamp: 2710.12; robot: 1; time: 70.4557; src: (-20, 30); dst: (38, -10)
event: task_execution; timestamp: 2713; task: 96; robot: 6; pos: (22, -10); time: 83.702
event: battery_consumption; timestamp: 2713; robot: 6; time: 83.702; initial_level: 591.424; final_level: 582.124
event: task_execution; timestamp: 2713; task: 96; robot: 7; pos: (22, -10); time: 83.702
event: battery_consumption; timestamp: 2713; robot: 7; time: 83.702; initial_level: 624.044; final_level: 614.744
event: task_resolution; timestamp: 2796.7; task: 96; pos: (22, -10); status: COMPLETED; attempt: 1
event: battery_consumption; timestamp: 2796.7; robot: 6; time: 23.5372; initial_level: 582.124; final_level: 582.124
event: navigation; timestamp: 2796.7; robot: 6; time: 23.5372; src: (22, -10); dst: (45, -15)
event: battery_consumption; timestamp: 2796.7; robot: 7; time: 26.9258; initial_level: 614.744; final_level: 614.744
event: navigation; timestamp: 2796.7; robot: 7; time: 26.9258; src: (22, -10); dst: (47, -20)
event: task_execution; timestamp: 2701; task: 77; robot: 4; pos: (32, -5); time: 101.536
event: battery_consumption; timestamp: 2701; robot: 4; time: 101.536; initial_level: 584.913; final_level: 573.631
event: task_execution; timestamp: 2701; task: 77; robot: 8; pos: (32, -5); time: 101.536
event: battery_consumption; timestamp: 2701; robot: 8; time: 101.536; initial_level: 582.585; final_level: 571.304
event: task_execution; timestamp: 2701; task: 77; robot: 9; pos: (32, -5); time: 101.536
event: battery_consumption; timestamp: 2701; robot: 9; time: 101.536; initial_level: 518.679; final_level: 507.397
event: task_resolution; timestamp: 2802.54; task: 77; pos: (32, -5); status: FAILED; attempt: 1
event: battery_consumption; timestamp: 2802.54; robot: 4; time: 21.2132; initial_level: 573.631; final_level: 573.631
event: navigation; timestamp: 2802.54; robot: 4; time: 21.2132; src: (32, -5); dst: (47, -20)
event: battery_consumption; timestamp: 2802.54; robot: 8; time: 21.2132; initial_level: 571.304; final_level: 571.304
event: navigation; timestamp: 2802.54; robot: 8; time: 21.2132; src: (32, -5); dst: (47, -20)
event: battery_consumption; timestamp: 2802.54; robot: 9; time: 23.8537; initial_level: 507.397; final_level: 507.397
event: navigation; timestamp: 2802.54; robot: 9; time: 23.8537; src: (32, -5); dst: (45, -25)
event: battery_consumption; timestamp: 2816; robot: 9; time: 8.60233; initial_level: 507.397; final_level: 507.397
event: navigation; timestamp: 2816; robot: 9; time: 8.60233; src: (45, -25); dst: (52, -20)
event: battery_consumption; timestamp: 2818; robot: 9; time: 55.7136; initial_level: 507.397; final_level: 507.397
event: navigation; timestamp: 2818; robot: 9; time: 55.7136; src: (52, -20); dst: (0, 0)
event: robot_finished; timestamp: 2873.71; robot: 9; pos: (0, 0); battery: 507.397
event: battery_consumption; timestamp: 2870; robot: 8; time: 51.0784; initial_level: 571.304; final_level: 571.304
event: navigation; timestamp: 2870; robot: 8; time: 51.0784; src: (47, -20); dst: (0, 0)
event: robot_finished; timestamp: 2921.08; robot: 8; pos: (0, 0); battery: 571.304
event: battery_consumption; timestamp: 2870; robot: 7; time: 51.0784; initial_level: 614.744; final_level: 614.744
event: navigation; timestamp: 2870; robot: 7; time: 51.0784; src: (47, -20); dst: (0, 0)
event: robot_finished; timestamp: 2921.08; robot: 7; pos: (0, 0); battery: 614.744
event: battery_consumption; timestamp: 2870; robot: 4; time: 51.0784; initial_level: 573.631; final_level: 573.631
event: navigation; timestamp: 2870; robot: 4; time: 51.0784; src: (47, -20); dst: (0, 0)
event: robot_finished; timestamp: 2921.08; robot: 4; pos: (0, 0); battery: 573.631
event: task_execution; timestamp: 2780.58; task: 78; robot: 1; pos: (38, -10); time: 102.351
event: battery_consumption; timestamp: 2780.58; robot: 1; time: 102.351; initial_level: 634.161; final_level: 611.417
event: task_execution; timestamp: 2780.58; task: 78; robot: 2; pos: (38, -10); time: 102.351
event: battery_consumption; timestamp: 2780.58; robot: 2; time: 102.351; initial_level: 615.102; final_level: 592.357
event: task_execution; timestamp: 2780.58; task: 78; robot: 3; pos: (38, -10); time: 102.351
event: battery_consumption; timestamp: 2780.58; robot: 3; time: 102.351; initial_level: 690.167; final_level: 667.423
event: task_resolution; timestamp: 2882.93; task: 78; pos: (38, -10); status: FAILED; attempt: 1
event: battery_consumption; timestamp: 2882.93; robot: 2; time: 39.2938; initial_level: 592.357; final_level: 592.357
event: navigation; timestamp: 2882.93; robot: 2; time: 39.2938; src: (38, -10); dst: (0, 0)
event: robot_finished; timestamp: 2922.22; robot: 2; pos: (0, 0); battery: 592.357
event: battery_consumption; timestamp: 2882.93; robot: 1; time: 39.2938; initial_level: 611.417; final_level: 611.417
event: navigation; timestamp: 2882.93; robot: 1; time: 39.2938; src: (38, -10); dst: (0, 0)
event: robot_finished; timestamp: 2922.22; robot: 1; pos: (0, 0); battery: 611.417
event: battery_consumption; timestamp: 2882.93; robot: 3; time: 39.2938; initial_level: 667.423; final_level: 667.423
event: navigation; timestamp: 2882.93; robot: 3; time: 39.2938; src: (38, -10); dst: (0, 0)
event: robot_finished; timestamp: 2922.22; robot: 3; pos: (0, 0); battery: 667.423
event: task_execution; timestamp: 2789; task: 90; robot: 5; pos: (20, 5); time: 99.9317
event: battery_consumption; timestamp: 2789; robot: 5; time: 99.9317; initial_level: 563.048; final_level: 551.944
event: task_resolution; timestamp: 2888.93; task: 90; pos: (20, 5); status: COMPLETED; attempt: 1
event: battery_consumption; timestamp: 2888.93; robot: 5; time: 20.6155; initial_level: 551.944; final_level: 551.944
event: navigation; timestamp: 2888.93; robot: 5; time: 20.6155; src: (20, 5); dst: (0, 0)
event: robot_finished; timestamp: 2909.55; robot: 5; pos: (0, 0); battery: 551.944
event: task_execution; timestamp: 2820.24; task: 81; robot: 6; pos: (45, -15); time: 101.895
event: battery_consumption; timestamp: 2820.24; robot: 6; time: 101.895; initial_level: 582.124; final_level: 548.159
event: task_resolution; timestamp: 2922.13; task: 81; pos: (45, -15); status: COMPLETED; attempt: 1
event: battery_consumption; timestamp: 2922.13; robot: 6; time: 47.4342; initial_level: 548.159; final_level: 548.159
event: navigation; timestamp: 2922.13; robot: 6; time: 47.4342; src: (45, -15); dst: (0, 0)
event: robot_finished; timestamp: 2969.57; robot: 6; pos: (0, 0); battery: 548.159
event: task_resolution; timestamp: 2923.76; task: 79; pos: (47, -20); status: COMPLETED; attempt: 1
event: task_execution; timestamp: 2976; task: 87; robot: 10; pos: (24, -4); time: 93.5846
event: battery_consumption; timestamp: 2976; robot: 10; time: 93.5846; initial_level: 599.853; final_level: 579.057
event: task_resolution; timestamp: 3069.58; task: 87; pos: (24, -4); status: COMPLETED; attempt: 1
event: battery_consumption; timestamp: 3069.58; robot: 10; time: 24.3311; initial_level: 579.057; final_level: 579.057
event: navigation; timestamp: 3069.58; robot: 10; time: 24.3311; src: (24, -4); dst: (0, 0)
event: robot_finished; timestamp: 3093.92; robot: 10; pos: (0, 0); battery: 579.057
metric: available_agents; value: 0
metric: failed_agents; value: 0
metric: finished_agents; value: 10
metric: completed_tasks; value: 37
metric: pending_tasks; value: 0
metric: failed_tasks; value: 63
metric: average_robot_makespan; value: 2937.66
metric: sd_robot_makespan; value: 59.4918
metric: max_robot_makespan; value: 3093.92
metric: min_robot_makespan; value: 2873.71
metric: average_robot_travel_distance; value: 161.33
metric: sd_robot_travel_distance; value: 36.4273
metric: max_robot_travel_distance; value: 200.256
metric: min_robot_travel_distance; value: 92.0641
metric: sum_robot_travel_distance; value: 1613.3
metric: average_completed_tasks_by_robot; value: 0
metric: sd_completed_tasks_by_robot; value: 0
metric: max_completed_tasks_by_robot; value: 0
metric: min_completed_tasks_by_robot; value: 0
metric: final_reward; value: 0.37
metric: computing_time; value: 0.00875926
