info: solver_name; value: greedy
info: reward_function; value: reward00
info: replica; value: 1
info: filename; value: ../logs/prueba/rc108_10r_100t_b0f5abc8_greedy_reward00_001.log
info: scenario_name; value: rc108_10r_100t_b0f5abc8
info: scenario_name; value: rc108_10r_100t_b0f5abc8
info: number_of_tasks; value: 100
info: number_of_robots; value: 10
info: number_of_recharging_stations; value: 1
info: scenario_size; value: (132,132)
event: recharging_station_spawn; timestamp: 0; recharging_station: 1; pos: (0, 0)
event: task_spawn; timestamp: 0; task: 1; pos: (-15, 35); earliest_start: 49; latest_start: 191; state: PENDING; required_workers: 1; success_prob: 0.2; max_attempts: 1
event: task_spawn; timestamp: 0; task: 2; pos: (-18, 25); earliest_start: 30; latest_start: 168; state: PENDING; required_workers: 1; success_prob: 0.2; max_attempts: 1
event: task_spawn; timestamp: 0; task: 3; pos: (-18, 35); earliest_start: 95; latest_start: 152; state: PENDING; required_workers: 1; success_prob: 0.2; max_attempts: 1
event: task_spawn; timestamp: 0; task: 4; pos: (-20, 30); earliest_start: 69; latest_start: 193; state: PENDING; required_workers: 1; success_prob: 0.2; max_attempts: 1
event: task_spawn; timestamp: 0; task: 5; pos: (-20, 35); earliest_start: 40; latest_start: 189; state: PENDING; required_workers: 1; success_prob: 0.2; max_attempts: 1
event: task_spawn; timestamp: 0; task: 6; pos: (-22, 25); earliest_start: 60; latest_start: 159; state: PENDING; required_workers: 1; success_prob: 0.2; max_attempts: 1
event: task_spawn; timestamp: 0; task: 7; pos: (-25, 25); earliest_start: 54; latest_start: 133; state: PENDING; required_workers: 1; success_prob: 0.2; max_attempts: 1
event: task_spawn; timestamp: 0; task: 8; pos: (-25, 30); earliest_start: 67; latest_start: 144; state: PENDING; required_workers: 1; success_prob: 0.2; max_attempts: 1
event: task_spawn; timestamp: 0; task: 9; pos: (-30, -15); earliest_start: 57; latest_start: 154; state: PENDING; required_workers: 1; success_prob: 0.2; max_attempts: 1
event: task_spawn; timestamp: 0; task: 10; pos: (-30, -10); earliest_start: 106; latest_start: 161; state: PENDING; required_workers: 1; success_prob: 0.2; max_attempts: 1
event: task_spawn; timestamp: 0; task: 11; pos: (-32, -10); earliest_start: 33; latest_start: 152; state: PENDING; required_workers: 2; success_prob: 0.2; max_attempts: 1
event: task_spawn; timestamp: 0; task: 12; pos: (-32, -5); earliest_start: 32; latest_start: 148; state: PENDING; required_workers: 2; success_prob: 0.2; max_attempts: 1
event: task_spawn; timestamp: 0; task: 13; pos: (-35, -15); earliest_start: 53; latest_start: 191; state: PENDING; required_workers: 2; success_prob: 0.2; max_attempts: 1
event: task_spawn; timestamp: 0; task: 14; pos: (-35, -5); earliest_start: 35; latest_start: 194; state: PENDING; required_workers: 2; success_prob: 0.2; max_attempts: 1
event: task_spawn; timestamp: 0; task: 15; pos: (-38, -10); earliest_start: 39; latest_start: 163; state: PENDING; required_workers: 2; success_prob: 0.2; max_attempts: 1
event: task_spawn; timestamp: 0; task: 16; pos: (-40, -10); earliest_start: 41; latest_start: 141; state: PENDING; required_workers: 2; success_prob: 0.2; max_attempts: 1
event: task_spawn; timestamp: 0; task: 17; pos: (-40, -5); earliest_start: 51; latest_start: 189; state: PENDING; required_workers: 3; success_prob: 0.2; max_attempts: 1
event: task_spawn; timestamp: 0; task: 18; pos: (4, -45); earliest_start: 73; latest_start: 130; state: PENDING; required_workers: 3; success_prob: 0.2; max_attempts: 1
event: task_spawn; timestamp: 0; task: 19; pos: (2, -40); earliest_start: 40; latest_start: 148; state: PENDING; required_workers: 3; success_prob: 0.2; max_attempts: 1
event: task_spawn; timestamp: 0; task: 20; pos: (2, -35); earliest_start: 94; latest_start: 179; state: PENDING; required_workers: 3; success_prob: 0.2; max_attempts: 1
event: task_spawn; timestamp: 0; task: 21; pos: (0, -45); earliest_start: 45; latest_start: 161; state: PENDING; required_workers: 1; success_prob: 0.4; max_attempts: 1
event: task_spawn; timestamp: 0; task: 22; pos: (0, -35); earliest_start: 64; latest_start: 149; state: PENDING; required_workers: 1; success_prob: 0.4; max_attempts: 1
event: task_spawn; timestamp: 0; task: 23; pos: (-2, -45); earliest_start: 45; latest_start: 164; state: PENDING; required_workers: 1; success_prob: 0.4; max_attempts: 1
event: task_spawn; timestamp: 0; task: 24; pos: (-2, -35); earliest_start: 51; latest_start: 194; state: PENDING; required_workers: 1; success_prob: 0.4; max_attempts: 1
event: task_spawn; timestamp: 0; task: 25; pos: (-5, -45); earliest_start: 45; latest_start: 183; state: PENDING; required_workers: 1; success_prob: 0.4; max_attempts: 1
event: task_spawn; timestamp: 0; task: 26; pos: (55, -20); earliest_start: 90; latest_start: 169; state: PENDING; required_workers: 1; success_prob: 0.4; max_attempts: 1
event: task_spawn; timestamp: 0; task: 27; pos: (55, -15); earliest_start: 57; latest_start: 172; state: PENDING; required_workers: 1; success_prob: 0.4; max_attempts: 1
event: task_spawn; timestamp: 0; task: 28; pos: (52, -20); earliest_start: 55; latest_start: 174; state: PENDING; required_workers: 1; success_prob: 0.4; max_attempts: 1
event: task_spawn; timestamp: 0; task: 29; pos: (50, -15); earliest_start: 52; latest_start: 174; state: PENDING; required_workers: 1; success_prob: 0.4; max_attempts: 1
event: task_spawn; timestamp: 0; task: 30; pos: (48, -20); earliest_start: 52; latest_start: 147; state: PENDING; required_workers: 1; success_prob: 0.4; max_attempts: 1
event: task_spawn; timestamp: 0; task: 31; pos: (48, -15); earliest_start: 50; latest_start: 172; state: PENDING; required_workers: 2; success_prob: 0.4; max_attempts: 1
event: task_spawn; timestamp: 0; task: 32; pos: (47, -20); earliest_start: 61; latest_start: 178; state: PENDING; required_workers: 2; success_prob: 0.4; max_attempts: 1
event: task_spawn; timestamp: 0; task: 33; pos: (45, -25); earliest_start: 51; latest_start: 178; state: PENDING; required_workers: 2; success_prob: 0.4; max_attempts: 1
event: task_spawn; timestamp: 0; task: 34; pos: (45, -15); earliest_start: 83; latest_start: 168; state: PENDING; required_workers: 2; success_prob: 0.4; max_attempts: 1
event: task_spawn; timestamp: 0; task: 35; pos: (27, 35); earliest_start: 57; latest_start: 185; state: PENDING; required_workers: 2; success_prob: 0.4; max_attempts: 1
event: task_spawn; timestamp: 0; task: 36; pos: (25, 35); earliest_start: 43; latest_start: 186; state: PENDING; required_workers: 2; success_prob: 0.4; max_attempts: 1
event: task_spawn; timestamp: 0; task: 37; pos: (25, 32); earliest_start: 95; latest_start: 182; state: PENDING; required_workers: 3; success_prob: 0.4; max_attempts: 1
event: task_spawn; timestamp: 0; task: 38; pos: (22, 30); earliest_start: 38; latest_start: 141; state: PENDING; required_workers: 3; success_prob: 0.4; max_attempts: 1
event: task_spawn; timestamp: 0; task: 39; pos: (20, 30); earliest_start: 36; latest_start: 193; state: PENDING; required_workers: 3; success_prob: 0.4; max_attempts: 1
event: task_spawn; timestamp: 0; task: 40; pos: (20, 35); earliest_start: 61; latest_start: 138; state: PENDING; required_workers: 3; success_prob: 0.4; max_attempts: 1
event: task_spawn; timestamp: 0; task: 41; pos: (18, 25); earliest_start: 49; latest_start: 164; state: PENDING; required_workers: 1; success_prob: 0.6; max_attempts: 1
event: task_spawn; timestamp: 0; task: 42; pos: (15, 30); earliest_start: 33; latest_start: 180; state: PENDING; required_workers: 1; success_prob: 0.6; max_attempts: 1
event: task_spawn; timestamp: 0; task: 43; pos: (15, 35); earliest_start: 100; latest_start: 185; state: PENDING; required_workers: 1; success_prob: 0.6; max_attempts: 1
event: task_spawn; timestamp: 0; task: 44; pos: (15, 32); earliest_start: 35; latest_start: 142; state: PENDING; required_workers: 1; success_prob: 0.6; max_attempts: 1
event: task_spawn; timestamp: 0; task: 45; pos: (-20, 32); earliest_start: 37; latest_start: 192; state: PENDING; required_workers: 1; success_prob: 0.6; max_attempts: 1
event: task_spawn; timestamp: 0; task: 46; pos: (-22, 30); earliest_start: 71; latest_start: 184; state: PENDING; required_workers: 1; success_prob: 0.6; max_attempts: 1
event: task_spawn; timestamp: 0; task: 47; pos: (-38, -5); earliest_start: 38; latest_start: 191; state: PENDING; required_workers: 1; success_prob: 0.6; max_attempts: 1
event: task_spawn; timestamp: 0; task: 48; pos: (2, -45); earliest_start: 50; latest_start: 184; state: PENDING; required_workers: 1; success_prob: 0.6; max_attempts: 1
event: task_spawn; timestamp: 0; task: 49; pos: (2, -38); earliest_start: 99; latest_start: 138; state: PENDING; required_workers: 1; success_prob: 0.6; max_attempts: 1
event: task_spawn; timestamp: 0; task: 50; pos: (32, -15); earliest_start: 83; latest_start: 178; state: PENDING; required_workers: 1; success_prob: 0.6; max_attempts: 1
event: task_spawn; timestamp: 0; task: 51; pos: (15, -30); earliest_start: 45; latest_start: 150; state: PENDING; required_workers: 2; success_prob: 0.6; max_attempts: 1
event: task_spawn; timestamp: 0; task: 52; pos: (-15, -20); earliest_start: 25; latest_start: 150; state: PENDING; required_workers: 2; success_prob: 0.6; max_attempts: 1
event: task_spawn; timestamp: 0; task: 53; pos: (-20, 0); earliest_start: 68; latest_start: 143; state: PENDING; required_workers: 2; success_prob: 0.6; max_attempts: 1
event: task_spawn; timestamp: 0; task: 54; pos: (15, 10); earliest_start: 107; latest_start: 200; state: PENDING; required_workers: 2; success_prob: 0.6; max_attempts: 1
event: task_spawn; timestamp: 0; task: 55; pos: (-10, 10); earliest_start: 95; latest_start: 214; state: PENDING; required_workers: 2; success_prob: 0.6; max_attempts: 1
event: task_spawn; timestamp: 0; task: 56; pos: (10, -15); earliest_start: 91; latest_start: 198; state: PENDING; required_workers: 2; success_prob: 0.6; max_attempts: 1
event: task_spawn; timestamp: 0; task: 57; pos: (-10, -25); earliest_start: 56; latest_start: 165; state: PENDING; required_workers: 3; success_prob: 0.6; max_attempts: 1
event: task_spawn; timestamp: 0; task: 58; pos: (-25, -40); earliest_start: 51; latest_start: 182; state: PENDING; required_workers: 3; success_prob: 0.6; max_attempts: 1
event: task_spawn; timestamp: 0; task: 59; pos: (-30, -30); earliest_start: 42; latest_start: 187; state: PENDING; required_workers: 3; success_prob: 0.6; max_attempts: 1
event: task_spawn; timestamp: 0; task: 60; pos: (-25, 10); earliest_start: 62; latest_start: 203; state: PENDING; required_workers: 3; success_prob: 0.6; max_attempts: 1
event: task_spawn; timestamp: 0; task: 61; pos: (5, 15); earliest_start: 37; latest_start: 124; state: PENDING; required_workers: 1; success_prob: 0.8; max_attempts: 1
event: task_spawn; timestamp: 0; task: 62; pos: (25, -15); earliest_start: 29; latest_start: 168; state: PENDING; required_workers: 1; success_prob: 0.8; max_attempts: 1
event: task_spawn; timestamp: 0; task: 63; pos: (25, -30); earliest_start: 39; latest_start: 190; state: PENDING; required_workers: 1; success_prob: 0.8; max_attempts: 1
event: task_spawn; timestamp: 0; task: 64; pos: (5, -20); earliest_start: 20; latest_start: 139; state: PENDING; required_workers: 1; success_prob: 0.8; max_attempts: 1
event: task_spawn; timestamp: 0; task: 65; pos: (-5, -10); earliest_start: 11; latest_start: 150; state: PENDING; required_workers: 1; success_prob: 0.8; max_attempts: 1
event: task_spawn; timestamp: 0; task: 66; pos: (1, -13); earliest_start: 97; latest_start: 198; state: PENDING; required_workers: 1; success_prob: 0.8; max_attempts: 1
event: task_spawn; timestamp: 0; task: 67; pos: (24, -8); earliest_start: 31; latest_start: 138; state: PENDING; required_workers: 1; success_prob: 0.8; max_attempts: 1
event: task_spawn; timestamp: 0; task: 68; pos: (0, 10); earliest_start: 101; latest_start: 216; state: PENDING; required_workers: 1; success_prob: 0.8; max_attempts: 1
event: task_spawn; timestamp: 0; task: 69; pos: (-9, 2); earliest_start: 9; latest_start: 139; state: PENDING; required_workers: 1; success_prob: 0.8; max_attempts: 1
event: task_spawn; timestamp: 0; task: 70; pos: (-5, 19); earliest_start: 30; latest_start: 210; state: PENDING; required_workers: 1; success_prob: 0.8; max_attempts: 1
event: task_spawn; timestamp: 0; task: 71; pos: (25, 5); earliest_start: 30; latest_start: 129; state: PENDING; required_workers: 2; success_prob: 0.8; max_attempts: 1
event: task_spawn; timestamp: 0; task: 72; pos: (23, 15); earliest_start: 27; latest_start: 202; state: PENDING; required_workers: 2; success_prob: 0.8; max_attempts: 1
event: task_spawn; timestamp: 0; task: 73; pos: (-38, 10); earliest_start: 46; latest_start: 137; state: PENDING; required_workers: 2; success_prob: 0.8; max_attempts: 1
event: task_spawn; timestamp: 0; task: 74; pos: (-20, -30); earliest_start: 71; latest_start: 193; state: PENDING; required_workers: 2; success_prob: 0.8; max_attempts: 1
event: task_spawn; timestamp: 0; task: 75; pos: (-35, -45); earliest_start: 57; latest_start: 165; state: PENDING; required_workers: 2; success_prob: 0.8; max_attempts: 1
event: task_spawn; timestamp: 0; task: 76; pos: (20, -38); earliest_start: 48; latest_start: 131; state: PENDING; required_workers: 2; success_prob: 0.8; max_attempts: 1
event: task_spawn; timestamp: 0; task: 77; pos: (-17, -47); earliest_start: 49; latest_start: 180; state: PENDING; required_workers: 3; success_prob: 0.8; max_attempts: 1
event: task_spawn; timestamp: 0; task: 78; pos: (-32, 6); earliest_start: 47; latest_start: 162; state: PENDING; required_workers: 3; success_prob: 0.8; max_attempts: 1
event: task_spawn; timestamp: 0; task: 79; pos: (-34, 18); earliest_start: 65; latest_start: 142; state: PENDING; required_workers: 3; success_prob: 0.8; max_attempts: 1
event: task_spawn; timestamp: 0; task: 80; pos: (7, -3); earliest_start: 93; latest_start: 222; state: PENDING; required_workers: 3; success_prob: 0.8; max_attempts: 1
event: task_spawn; timestamp: 0; task: 81; pos: (9, 8); earliest_start: 78; latest_start: 123; state: PENDING; required_workers: 1; success_prob: 1; max_attempts: 1
event: task_spawn; timestamp: 0; task: 82; pos: (-13, -7); earliest_start: 14; latest_start: 140; state: PENDING; required_workers: 1; success_prob: 1; max_attempts: 1
event: task_spawn; timestamp: 0; task: 83; pos: (-3, -19); earliest_start: 19; latest_start: 172; state: PENDING; required_workers: 1; success_prob: 1; max_attempts: 1
event: task_spawn; timestamp: 0; task: 84; pos: (17, -21); earliest_start: 73; latest_start: 148; state: PENDING; required_workers: 1; success_prob: 1; max_attempts: 1
event: task_spawn; timestamp: 0; task: 85; pos: (23, -27); earliest_start: 59; latest_start: 144; state: PENDING; required_workers: 1; success_prob: 1; max_attempts: 1
event: task_spawn; timestamp: 0; task: 86; pos: (-19, -26); earliest_start: 63; latest_start: 140; state: PENDING; required_workers: 1; success_prob: 1; max_attempts: 1
event: task_spawn; timestamp: 0; task: 87; pos: (-28, -26); earliest_start: 91; latest_start: 118; state: PENDING; required_workers: 1; success_prob: 1; max_attempts: 1
event: task_spawn; timestamp: 0; task: 88; pos: (-16, 8); earliest_start: 27; latest_start: 136; state: PENDING; required_workers: 1; success_prob: 1; max_attempts: 1
event: task_spawn; timestamp: 0; task: 89; pos: (27, -45); earliest_start: 52; latest_start: 177; state: PENDING; required_workers: 1; success_prob: 1; max_attempts: 1
event: task_spawn; timestamp: 0; task: 90; pos: (-3, -3); earliest_start: 53; latest_start: 148; state: PENDING; required_workers: 1; success_prob: 1; max_attempts: 1
event: task_spawn; timestamp: 0; task: 91; pos: (9, -8); earliest_start: 89; latest_start: 217; state: PENDING; required_workers: 2; success_prob: 1; max_attempts: 1
event: task_spawn; timestamp: 0; task: 92; pos: (13, -7); earliest_start: 14; latest_start: 177; state: PENDING; required_workers: 2; success_prob: 1; max_attempts: 1
event: task_spawn; timestamp: 0; task: 93; pos: (21, 2); earliest_start: 50; latest_start: 208; state: PENDING; required_workers: 2; success_prob: 1; max_attempts: 1
event: task_spawn; timestamp: 0; task: 94; pos: (17, -2); earliest_start: 76; latest_start: 143; state: PENDING; required_workers: 2; success_prob: 1; max_attempts: 1
event: task_spawn; timestamp: 0; task: 95; pos: (16, -13); earliest_start: 20; latest_start: 159; state: PENDING; required_workers: 2; success_prob: 1; max_attempts: 1
event: task_spawn; timestamp: 0; task: 96; pos: (15, 4); earliest_start: 105; latest_start: 188; state: PENDING; required_workers: 2; success_prob: 1; max_attempts: 1
event: task_spawn; timestamp: 0; task: 97; pos: (-36, -32); earliest_start: 104; latest_start: 165; state: PENDING; required_workers: 3; success_prob: 1; max_attempts: 1
event: task_spawn; timestamp: 0; task: 98; pos: (-14, 2); earliest_start: 14; latest_start: 136; state: PENDING; required_workers: 3; success_prob: 1; max_attempts: 1
event: task_spawn; timestamp: 0; task: 99; pos: (-14, -15); earliest_start: 42; latest_start: 141; state: PENDING; required_workers: 3; success_prob: 1; max_attempts: 1
event: task_spawn; timestamp: 0; task: 100; pos: (-9, 17); earliest_start: 43; latest_start: 210; state: PENDING; required_workers: 3; success_prob: 1; max_attempts: 1
event: robot_spawn; timestamp: 0; robot: 1; pos: (0, 0); state: AVAILABLE; battery_level: 200; battery_capacity: 200; velocity: 1; battery_rate_nav: 0
event: robot_spawn; timestamp: 0; robot: 2; pos: (0, 0); state: AVAILABLE; battery_level: 200; battery_capacity: 200; velocity: 1; battery_rate_nav: 0
event: robot_spawn; timestamp: 0; robot: 3; pos: (0, 0); state: AVAILABLE; battery_level: 200; battery_capacity: 200; velocity: 1; battery_rate_nav: 0
event: robot_spawn; timestamp: 0; robot: 4; pos: (0, 0); state: AVAILABLE; battery_level: 200; battery_capacity: 200; velocity: 1; battery_rate_nav: 0
event: robot_spawn; timestamp: 0; robot: 5; pos: (0, 0); state: AVAILABLE; battery_level: 200; battery_capacity: 200; velocity: 1; battery_rate_nav: 0
event: robot_spawn; timestamp: 0; robot: 6; pos: (0, 0); state: AVAILABLE; battery_level: 200; battery_capacity: 200; velocity: 1; battery_rate_nav: 0
event: robot_spawn; timestamp: 0; robot: 7; pos: (0, 0); state: AVAILABLE; battery_level: 200; battery_capacity: 200; velocity: 1; battery_rate_nav: 0
event: robot_spawn; timestamp: 0; robot: 8; pos: (0, 0); state: AVAILABLE; battery_level: 200; battery_capacity: 200; velocity: 1; battery_rate_nav: 0
event: robot_spawn; timestamp: 0; robot: 9; pos: (0, 0); state: AVAILABLE; battery_level: 200; battery_capacity: 200; velocity: 1; battery_rate_nav: 0
event: robot_spawn; timestamp: 0; robot: 10; pos: (0, 0); state: AVAILABLE; battery_level: 200; battery_capacity: 200; velocity: 1; battery_rate_nav: 0
event: battery_consumption; timestamp: 0; robot: 6; time: 4.24264; initial_level: 200; final_level: 200
event: navigation; timestamp: 0; robot: 6; time: 4.24264; src: (0, 0); dst: (-3, -3)
event: battery_consumption; timestamp: 0; robot: 8; time: 7.61577; initial_level: 200; final_level: 200
event: navigation; timestamp: 0; robot: 8; time: 7.61577; src: (0, 0); dst: (7, -3)
event: battery_consumption; timestamp: 0; robot: 2; time: 7.61577; initial_level: 200; final_level: 200
event: navigation; timestamp: 0; robot: 2; time: 7.61577; src: (0, 0); dst: (7, -3)
event: battery_consumption; timestamp: 0; robot: 1; time: 7.61577; initial_level: 200; final_level: 200
event: navigation; timestamp: 0; robot: 1; time: 7.61577; src: (0, 0); dst: (7, -3)
event: battery_consumption; timestamp: 0; robot: 7; time: 9.21954; initial_level: 200; final_level: 200
event: navigation; timestamp: 0; robot: 7; time: 9.21954; src: (0, 0); dst: (-9, 2)
event: battery_consumption; timestamp: 0; robot: 3; time: 10; initial_level: 200; final_level: 200
event: navigation; timestamp: 0; robot: 3; time: 10; src: (0, 0); dst: (0, 10)
event: battery_consumption; timestamp: 0; robot: 9; time: 11.1803; initial_level: 200; final_level: 200
event: navigation; timestamp: 0; robot: 9; time: 11.1803; src: (0, 0); dst: (-5, -10)
event: battery_consumption; timestamp: 0; robot: 5; time: 12.0416; initial_level: 200; final_level: 200
event: navigation; timestamp: 0; robot: 5; time: 12.0416; src: (0, 0); dst: (9, 8)
event: battery_consumption; timestamp: 0; robot: 4; time: 12.0416; initial_level: 200; final_level: 200
event: navigation; timestamp: 0; robot: 4; time: 12.0416; src: (0, 0); dst: (9, -8)
event: battery_consumption; timestamp: 0; robot: 10; time: 12.0416; initial_level: 200; final_level: 200
event: navigation; timestamp: 0; robot: 10; time: 12.0416; src: (0, 0); dst: (9, -8)
event: task_execution; timestamp: 9.21954; task: 69; robot: 7; pos: (-9, 2); time: 11.6453
event: battery_consumption; timestamp: 9.21954; robot: 7; time: 11.6453; initial_level: 200; final_level: 168.558
event: task_resolution; timestamp: 20.8648; task: 69; pos: (-9, 2); status: COMPLETED; attempt: 1
event: battery_consumption; timestamp: 20.8648; robot: 7; time: 5; initial_level: 168.558; final_level: 168.558
event: navigation; timestamp: 20.8648; robot: 7; time: 5; src: (-9, 2); dst: (-14, 2)
event: task_execution; timestamp: 11.1803; task: 65; robot: 9; pos: (-5, -10); time: 9.90514
event: battery_consumption; timestamp: 11.1803; robot: 9; time: 9.90514; initial_level: 200; final_level: 184.152
event: task_resolution; timestamp: 21.0855; task: 65; pos: (-5, -10); status: COMPLETED; attempt: 1
event: battery_consumption; timestamp: 21.0855; robot: 9; time: 6.7082; initial_level: 184.152; final_level: 184.152
event: navigation; timestamp: 21.0855; robot: 9; time: 6.7082; src: (-5, -10); dst: (1, -13)
event: task_execution; timestamp: 53; task: 90; robot: 6; pos: (-3, -3); time: 9.63651
event: battery_consumption; timestamp: 53; robot: 6; time: 9.63651; initial_level: 200; final_level: 194.218
event: task_resolution; timestamp: 62.6365; task: 90; pos: (-3, -3); status: COMPLETED; attempt: 1
event: battery_consumption; timestamp: 62.6365; robot: 6; time: 10.7703; initial_level: 194.218; final_level: 194.218
event: navigation; timestamp: 62.6365; robot: 6; time: 10.7703; src: (-3, -3); dst: (-13, -7)
event: task_execution; timestamp: 73.4068; task: 82; robot: 6; pos: (-13, -7); time: 10.2944
event: battery_consumption; timestamp: 73.4068; robot: 6; time: 10.2944; initial_level: 194.218; final_level: 184.953
event: task_resolution; timestamp: 83.7013; task: 82; pos: (-13, -7); status: COMPLETED; attempt: 1
event: battery_consumption; timestamp: 83.7013; robot: 6; time: 8.06226; initial_level: 184.953; final_level: 184.953
event: navigation; timestamp: 83.7013; robot: 6; time: 8.06226; src: (-13, -7); dst: (-14, -15)
event: task_execution; timestamp: 78; task: 81; robot: 5; pos: (9, 8); time: 8.6376
event: battery_consumption; timestamp: 78; robot: 5; time: 8.6376; initial_level: 200; final_level: 191.362
event: task_resolution; timestamp: 86.6376; task: 81; pos: (9, 8); status: COMPLETED; attempt: 1
event: battery_consumption; timestamp: 86.6376; robot: 5; time: 6.32456; initial_level: 191.362; final_level: 191.362
event: navigation; timestamp: 86.6376; robot: 5; time: 6.32456; src: (9, 8); dst: (15, 10)
event: task_execution; timestamp: 89; task: 91; robot: 4; pos: (9, -8); time: 9.93608
event: battery_consumption; timestamp: 89; robot: 4; time: 9.93608; initial_level: 200; final_level: 187.083
event: task_execution; timestamp: 89; task: 91; robot: 10; pos: (9, -8); time: 9.93608
event: battery_consumption; timestamp: 89; robot: 10; time: 9.93608; initial_level: 200; final_level: 187.083
event: task_resolution; timestamp: 98.9361; task: 91; pos: (9, -8); status: COMPLETED; attempt: 1
event: battery_consumption; timestamp: 98.9361; robot: 10; time: 4.12311; initial_level: 187.083; final_level: 187.083
event: navigation; timestamp: 98.9361; robot: 10; time: 4.12311; src: (9, -8); dst: (13, -7)
event: battery_consumption; timestamp: 98.9361; robot: 4; time: 4.12311; initial_level: 187.083; final_level: 187.083
event: navigation; timestamp: 98.9361; robot: 4; time: 4.12311; src: (9, -8); dst: (13, -7)
event: task_execution; timestamp: 93; task: 80; robot: 1; pos: (7, -3); time: 10.6129
event: battery_consumption; timestamp: 93; robot: 1; time: 10.6129; initial_level: 200; final_level: 186.203
event: task_execution; timestamp: 93; task: 80; robot: 2; pos: (7, -3); time: 10.6129
event: battery_consumption; timestamp: 93; robot: 2; time: 10.6129; initial_level: 200; final_level: 186.203
event: task_execution; timestamp: 93; task: 80; robot: 8; pos: (7, -3); time: 10.6129
event: battery_consumption; timestamp: 93; robot: 8; time: 10.6129; initial_level: 200; final_level: 186.203
event: task_resolution; timestamp: 103.613; task: 80; pos: (7, -3); status: FAILED; attempt: 1
event: battery_consumption; timestamp: 103.613; robot: 8; time: 10.0499; initial_level: 186.203; final_level: 186.203
event: navigation; timestamp: 103.613; robot: 8; time: 10.0499; src: (7, -3); dst: (17, -2)
event: battery_consumption; timestamp: 103.613; robot: 2; time: 10.0499; initial_level: 186.203; final_level: 186.203
event: navigation; timestamp: 103.613; robot: 2; time: 10.0499; src: (7, -3); dst: (17, -2)
event: battery_consumption; timestamp: 103.613; robot: 1; time: 10.6301; initial_level: 186.203; final_level: 186.203
event: navigation; timestamp: 103.613; robot: 1; time: 10.6301; src: (7, -3); dst: (15, 4)
event: task_execution; timestamp: 97; task: 66; robot: 9; pos: (1, -13); time: 10.2923
event: battery_consumption; timestamp: 97; robot: 9; time: 10.2923; initial_level: 184.152; final_level: 167.684
event: task_resolution; timestamp: 107.292; task: 66; pos: (1, -13); status: COMPLETED; attempt: 1
event: battery_consumption; timestamp: 107.292; robot: 9; time: 7.2111; initial_level: 167.684; final_level: 167.684
event: navigation; timestamp: 107.292; robot: 9; time: 7.2111; src: (1, -13); dst: (-3, -19)
event: task_execution; timestamp: 101; task: 68; robot: 3; pos: (0, 10); time: 8.33018
event: battery_consumption; timestamp: 101; robot: 3; time: 8.33018; initial_level: 200; final_level: 182.507
event: task_resolution; timestamp: 109.33; task: 68; pos: (0, 10); status: COMPLETED; attempt: 1
event: battery_consumption; timestamp: 109.33; robot: 3; time: 7.07107; initial_level: 182.507; final_level: 182.507
event: navigation; timestamp: 109.33; robot: 3; time: 7.07107; src: (0, 10); dst: (5, 15)
event: task_execution; timestamp: 103.059; task: 92; robot: 4; pos: (13, -7); time: 9.49714
event: battery_consumption; timestamp: 103.059; robot: 4; time: 9.49714; initial_level: 187.083; final_level: 173.787
event: task_execution; timestamp: 103.059; task: 92; robot: 10; pos: (13, -7); time: 9.49714
event: battery_consumption; timestamp: 103.059; robot: 10; time: 9.49714; initial_level: 187.083; final_level: 173.787
event: task_resolution; timestamp: 112.556; task: 92; pos: (13, -7); status: COMPLETED; attempt: 1
event: battery_consumption; timestamp: 112.556; robot: 10; time: 6.7082; initial_level: 173.787; final_level: 173.787
event: navigation; timestamp: 112.556; robot: 10; time: 6.7082; src: (13, -7); dst: (16, -13)
event: battery_consumption; timestamp: 112.556; robot: 4; time: 6.7082; initial_level: 173.787; final_level: 173.787
event: navigation; timestamp: 112.556; robot: 4; time: 6.7082; src: (13, -7); dst: (16, -13)
event: task_execution; timestamp: 114.503; task: 83; robot: 9; pos: (-3, -19); time: 9.42432
event: battery_consumption; timestamp: 114.503; robot: 9; time: 9.42432; initial_level: 167.684; final_level: 154.49
event: task_resolution; timestamp: 123.928; task: 83; pos: (-3, -19); status: COMPLETED; attempt: 1
event: battery_consumption; timestamp: 123.928; robot: 9; time: 8.06226; initial_level: 154.49; final_level: 154.49
event: navigation; timestamp: 123.928; robot: 9; time: 8.06226; src: (-3, -19); dst: (5, -20)
event: battery_consumption; timestamp: 124; robot: 3; time: 10.7703; initial_level: 182.507; final_level: 182.507
event: navigation; timestamp: 124; robot: 3; time: 10.7703; src: (5, 15); dst: (-5, 19)
event: task_resolution; timestamp: 124.281; task: 61; pos: (5, 15); status: COMPLETED; attempt: 1
event: task_execution; timestamp: 113.663; task: 94; robot: 2; pos: (17, -2); time: 11.1869
event: battery_consumption; timestamp: 113.663; robot: 2; time: 11.1869; initial_level: 186.203; final_level: 160.473
event: task_execution; timestamp: 113.663; task: 94; robot: 8; pos: (17, -2); time: 11.1869
event: battery_consumption; timestamp: 113.663; robot: 8; time: 11.1869; initial_level: 186.203; final_level: 160.473
event: task_resolution; timestamp: 124.85; task: 94; pos: (17, -2); status: COMPLETED; attempt: 1
event: battery_consumption; timestamp: 124.85; robot: 8; time: 5.65685; initial_level: 160.473; final_level: 160.473
event: navigation; timestamp: 124.85; robot: 8; time: 5.65685; src: (17, -2); dst: (21, 2)
event: battery_consumption; timestamp: 124.85; robot: 2; time: 5.65685; initial_level: 160.473; final_level: 160.473
event: navigation; timestamp: 124.85; robot: 2; time: 5.65685; src: (17, -2); dst: (21, 2)
event: task_execution; timestamp: 119.265; task: 95; robot: 4; pos: (16, -13); time: 9.49017
event: battery_consumption; timestamp: 119.265; robot: 4; time: 9.49017; initial_level: 173.787; final_level: 168.093
event: task_execution; timestamp: 119.265; task: 95; robot: 10; pos: (16, -13); time: 9.49017
event: battery_consumption; timestamp: 119.265; robot: 10; time: 9.49017; initial_level: 173.787; final_level: 168.093
event: task_resolution; timestamp: 128.755; task: 95; pos: (16, -13); status: COMPLETED; attempt: 1
event: battery_consumption; timestamp: 128.755; robot: 4; time: 6.32456; initial_level: 168.093; final_level: 168.093
event: navigation; timestamp: 128.755; robot: 4; time: 6.32456; src: (16, -13); dst: (10, -15)
event: battery_consumption; timestamp: 128.755; robot: 10; time: 6.32456; initial_level: 168.093; final_level: 168.093
event: navigation; timestamp: 128.755; robot: 10; time: 6.32456; src: (16, -13); dst: (10, -15)
event: battery_consumption; timestamp: 136; robot: 7; time: 6.32456; initial_level: 168.558; final_level: 168.558
event: navigation; timestamp: 136; robot: 7; time: 6.32456; src: (-14, 2); dst: (-20, 0)
event: battery_consumption; timestamp: 139; robot: 9; time: 12.0416; initial_level: 154.49; final_level: 154.49
event: navigation; timestamp: 139; robot: 9; time: 12.0416; src: (5, -20); dst: (17, -21)
event: task_execution; timestamp: 130.507; task: 93; robot: 2; pos: (21, 2); time: 9.25475
event: battery_consumption; timestamp: 130.507; robot: 2; time: 9.25475; initial_level: 160.473; final_level: 157.697
event: task_execution; timestamp: 130.507; task: 93; robot: 8; pos: (21, 2); time: 9.25475
event: battery_consumption; timestamp: 130.507; robot: 8; time: 9.25475; initial_level: 160.473; final_level: 157.697
event: task_resolution; timestamp: 139.761; task: 93; pos: (21, 2); status: COMPLETED; attempt: 1
event: battery_consumption; timestamp: 139.761; robot: 2; time: 6.32456; initial_level: 157.697; final_level: 157.697
event: navigation; timestamp: 139.761; robot: 2; time: 6.32456; src: (21, 2); dst: (15, 4)
event: battery_consumption; timestamp: 139.761; robot: 8; time: 10; initial_level: 157.697; final_level: 157.697
event: navigation; timestamp: 139.761; robot: 8; time: 10; src: (21, 2); dst: (15, 10)
event: battery_consumption; timestamp: 141; robot: 6; time: 5.09902; initial_level: 184.953; final_level: 184.953
event: navigation; timestamp: 141; robot: 6; time: 5.09902; src: (-14, -15); dst: (-15, -20)
event: task_resolution; timestamp: 141.197; task: 64; pos: (5, -20); status: COMPLETED; attempt: 1
event: battery_consumption; timestamp: 143; robot: 7; time: 11.1803; initial_level: 168.558; final_level: 168.558
event: navigation; timestamp: 143; robot: 7; time: 11.1803; src: (-20, 0); dst: (-25, 10)
event: task_execution; timestamp: 134.77; task: 70; robot: 3; pos: (-5, 19); time: 9.5858
event: battery_consumption; timestamp: 134.77; robot: 3; time: 9.5858; initial_level: 182.507; final_level: 160.459
event: task_resolution; timestamp: 144.356; task: 70; pos: (-5, 19); status: COMPLETED; attempt: 1
event: battery_consumption; timestamp: 144.356; robot: 3; time: 4.47214; initial_level: 160.459; final_level: 160.459
event: navigation; timestamp: 144.356; robot: 3; time: 4.47214; src: (-5, 19); dst: (-9, 17)
event: task_execution; timestamp: 135.079; task: 56; robot: 4; pos: (10, -15); time: 11.3663
event: battery_consumption; timestamp: 135.079; robot: 4; time: 11.3663; initial_level: 168.093; final_level: 146.497
event: task_execution; timestamp: 135.079; task: 56; robot: 10; pos: (10, -15); time: 11.3663
event: battery_consumption; timestamp: 135.079; robot: 10; time: 11.3663; initial_level: 168.093; final_level: 146.497
event: task_resolution; timestamp: 146.446; task: 56; pos: (10, -15); status: FAILED; attempt: 1
event: battery_consumption; timestamp: 146.446; robot: 10; time: 15; initial_level: 146.497; final_level: 146.497
event: navigation; timestamp: 146.446; robot: 10; time: 15; src: (10, -15); dst: (25, -15)
event: battery_consumption; timestamp: 146.446; robot: 4; time: 15.8114; initial_level: 146.497; final_level: 146.497
event: navigation; timestamp: 146.446; robot: 4; time: 15.8114; src: (10, -15); dst: (15, -30)
event: battery_consumption; timestamp: 150; robot: 6; time: 7.07107; initial_level: 184.953; final_level: 184.953
event: navigation; timestamp: 150; robot: 6; time: 7.07107; src: (-15, -20); dst: (-10, -25)
event: battery_consumption; timestamp: 150; robot: 4; time: 10; initial_level: 146.497; final_level: 146.497
event: navigation; timestamp: 150; robot: 4; time: 10; src: (15, -30); dst: (25, -30)
event: task_execution; timestamp: 146.086; task: 96; robot: 1; pos: (15, 4); time: 9.86094
event: battery_consumption; timestamp: 146.086; robot: 1; time: 9.86094; initial_level: 186.203; final_level: 160.565
event: task_execution; timestamp: 146.086; task: 96; robot: 2; pos: (15, 4); time: 9.86094
event: battery_consumption; timestamp: 146.086; robot: 2; time: 9.86094; initial_level: 157.697; final_level: 132.058
event: task_resolution; timestamp: 155.947; task: 96; pos: (15, 4); status: COMPLETED; attempt: 1
event: battery_consumption; timestamp: 155.947; robot: 2; time: 13.6015; initial_level: 132.058; final_level: 132.058
event: navigation; timestamp: 155.947; robot: 2; time: 13.6015; src: (15, 4); dst: (23, 15)
event: battery_consumption; timestamp: 155.947; robot: 1; time: 13.6015; initial_level: 160.565; final_level: 160.565
event: navigation; timestamp: 155.947; robot: 1; time: 13.6015; src: (15, 4); dst: (23, 15)
event: task_execution; timestamp: 151.042; task: 84; robot: 9; pos: (17, -21); time: 9.86327
event: battery_consumption; timestamp: 151.042; robot: 9; time: 9.86327; initial_level: 154.49; final_level: 136.736
event: task_resolution; timestamp: 160.905; task: 84; pos: (17, -21); status: COMPLETED; attempt: 1
event: battery_consumption; timestamp: 160.905; robot: 9; time: 16.1555; initial_level: 136.736; final_level: 136.736
event: navigation; timestamp: 160.905; robot: 9; time: 16.1555; src: (17, -21); dst: (32, -15)
event: task_execution; timestamp: 149.761; task: 54; robot: 5; pos: (15, 10); time: 11.2667
event: battery_consumption; timestamp: 149.761; robot: 5; time: 11.2667; initial_level: 191.362; final_level: 173.336
event: task_execution; timestamp: 149.761; task: 54; robot: 8; pos: (15, 10); time: 11.2667
event: battery_consumption; timestamp: 149.761; robot: 8; time: 11.2667; initial_level: 157.697; final_level: 139.67
event: task_resolution; timestamp: 161.028; task: 54; pos: (15, 10); status: COMPLETED; attempt: 1
event: battery_consumption; timestamp: 161.028; robot: 8; time: 15.2971; initial_level: 139.67; final_level: 139.67
event: navigation; timestamp: 161.028; robot: 8; time: 15.2971; src: (15, 10); dst: (18, 25)
event: battery_consumption; timestamp: 161.028; robot: 5; time: 20; initial_level: 173.336; final_level: 173.336
event: navigation; timestamp: 161.028; robot: 5; time: 20; src: (15, 10); dst: (15, 30)
event: battery_consumption; timestamp: 165; robot: 6; time: 11.1803; initial_level: 184.953; final_level: 184.953
event: navigation; timestamp: 165; robot: 6; time: 11.1803; src: (-10, -25); dst: (-20, -30)
event: battery_consumption; timestamp: 168; robot: 10; time: 22.3607; initial_level: 146.497; final_level: 146.497
event: navigation; timestamp: 168; robot: 10; time: 22.3607; src: (25, -15); dst: (45, -25)
event: task_resolution; timestamp: 170.217; task: 62; pos: (25, -15); status: COMPLETED; attempt: 1
event: task_execution; timestamp: 160; task: 63; robot: 4; pos: (25, -30); time: 11.3733
event: battery_consumption; timestamp: 160; robot: 4; time: 11.3733; initial_level: 146.497; final_level: 139.673
event: task_resolution; timestamp: 171.373; task: 63; pos: (25, -30); status: COMPLETED; attempt: 1
event: battery_consumption; timestamp: 171.373; robot: 4; time: 15.1327; initial_level: 139.673; final_level: 139.673
event: navigation; timestamp: 171.373; robot: 4; time: 15.1327; src: (25, -30); dst: (27, -45)
event: battery_consumption; timestamp: 178; robot: 10; time: 44.1475; initial_level: 146.497; final_level: 146.497
event: navigation; timestamp: 178; robot: 10; time: 44.1475; src: (45, -25); dst: (2, -35)
event: battery_consumption; timestamp: 178; robot: 9; time: 36.0555; initial_level: 136.736; final_level: 136.736
event: navigation; timestamp: 178; robot: 9; time: 36.0555; src: (32, -15); dst: (2, -35)
event: battery_consumption; timestamp: 179; robot: 10; time: 4; initial_level: 146.497; final_level: 146.497
event: navigation; timestamp: 179; robot: 10; time: 4; src: (2, -35); dst: (-2, -35)
event: battery_consumption; timestamp: 179; robot: 9; time: 10; initial_level: 136.736; final_level: 136.736
event: navigation; timestamp: 179; robot: 9; time: 10; src: (2, -35); dst: (2, -45)
event: task_execution; timestamp: 169.548; task: 72; robot: 1; pos: (23, 15); time: 10.7446
event: battery_consumption; timestamp: 169.548; robot: 1; time: 10.7446; initial_level: 160.565; final_level: 151.969
event: task_execution; timestamp: 169.548; task: 72; robot: 2; pos: (23, 15); time: 10.7446
event: battery_consumption; timestamp: 169.548; robot: 2; time: 10.7446; initial_level: 132.058; final_level: 123.463
event: task_resolution; timestamp: 180.293; task: 72; pos: (23, 15); status: COMPLETED; attempt: 1
event: battery_consumption; timestamp: 180.293; robot: 2; time: 15.2971; initial_level: 123.463; final_level: 123.463
event: navigation; timestamp: 180.293; robot: 2; time: 15.2971; src: (23, 15); dst: (20, 30)
event: battery_consumption; timestamp: 180.293; robot: 1; time: 15.2971; initial_level: 151.969; final_level: 151.969
event: navigation; timestamp: 180.293; robot: 1; time: 15.2971; src: (23, 15); dst: (20, 30)
event: task_execution; timestamp: 176.325; task: 41; robot: 8; pos: (18, 25); time: 10.5429
event: battery_consumption; timestamp: 176.325; robot: 8; time: 10.5429; initial_level: 139.67; final_level: 118.584
event: task_resolution; timestamp: 186.868; task: 41; pos: (18, 25); status: COMPLETED; attempt: 1
event: battery_consumption; timestamp: 186.868; robot: 8; time: 5.38516; initial_level: 118.584; final_level: 118.584
event: navigation; timestamp: 186.868; robot: 8; time: 5.38516; src: (18, 25); dst: (20, 30)
event: task_resolution; timestamp: 187.244; task: 50; pos: (32, -15); status: FAILED; attempt: 1
event: task_execution; timestamp: 181.028; task: 42; robot: 5; pos: (15, 30); time: 8.6373
event: battery_consumption; timestamp: 181.028; robot: 5; time: 8.6373; initial_level: 173.336; final_level: 164.698
event: task_resolution; timestamp: 189.665; task: 42; pos: (15, 30); status: FAILED; attempt: 1
event: battery_consumption; timestamp: 189.665; robot: 5; time: 27.2947; initial_level: 164.698; final_level: 164.698
event: navigation; timestamp: 189.665; robot: 5; time: 27.2947; src: (15, 30); dst: (-9, 17)
event: battery_consumption; timestamp: 193; robot: 6; time: 29.1548; initial_level: 184.953; final_level: 184.953
event: navigation; timestamp: 193; robot: 6; time: 29.1548; src: (-20, -30); dst: (-35, -5)
event: battery_consumption; timestamp: 194; robot: 10; time: 45.7056; initial_level: 146.497; final_level: 146.497
event: navigation; timestamp: 194; robot: 10; time: 45.7056; src: (-2, -35); dst: (-10, 10)
event: battery_consumption; timestamp: 194; robot: 6; time: 18.0278; initial_level: 184.953; final_level: 184.953
event: navigation; timestamp: 194; robot: 6; time: 18.0278; src: (-35, -5); dst: (-25, 10)
event: task_resolution; timestamp: 194.149; task: 24; pos: (-2, -35); status: FAILED; attempt: 1
event: task_execution; timestamp: 186.506; task: 89; robot: 4; pos: (27, -45); time: 10.8112
event: battery_consumption; timestamp: 186.506; robot: 4; time: 10.8112; initial_level: 139.673; final_level: 112.645
event: task_resolution; timestamp: 197.317; task: 89; pos: (27, -45); status: COMPLETED; attempt: 1
event: battery_consumption; timestamp: 197.317; robot: 4; time: 66.2873; initial_level: 112.645; final_level: 112.645
event: navigation; timestamp: 197.317; robot: 4; time: 66.2873; src: (27, -45); dst: (-10, 10)
event: task_execution; timestamp: 189; task: 48; robot: 9; pos: (2, -45); time: 9.17762
event: battery_consumption; timestamp: 189; robot: 9; time: 9.17762; initial_level: 136.736; final_level: 127.558
event: task_resolution; timestamp: 198.178; task: 48; pos: (2, -45); status: FAILED; attempt: 1
event: battery_consumption; timestamp: 198.178; robot: 9; time: 61.2699; initial_level: 127.558; final_level: 127.558
event: navigation; timestamp: 198.178; robot: 9; time: 61.2699; src: (2, -45); dst: (-25, 10)
event: task_execution; timestamp: 195.59; task: 39; robot: 1; pos: (20, 30); time: 12.1244
event: battery_consumption; timestamp: 195.59; robot: 1; time: 12.1244; initial_level: 151.969; final_level: 139.845
event: task_execution; timestamp: 195.59; task: 39; robot: 2; pos: (20, 30); time: 12.1244
event: battery_consumption; timestamp: 195.59; robot: 2; time: 12.1244; initial_level: 123.463; final_level: 111.338
event: task_execution; timestamp: 195.59; task: 39; robot: 8; pos: (20, 30); time: 12.1244
event: battery_consumption; timestamp: 195.59; robot: 8; time: 12.1244; initial_level: 118.584; final_level: 106.46
event: task_resolution; timestamp: 207.714; task: 39; pos: (20, 30); status: FAILED; attempt: 1
event: battery_consumption; timestamp: 207.714; robot: 2; time: 31.7805; initial_level: 111.338; final_level: 111.338
event: navigation; timestamp: 207.714; robot: 2; time: 31.7805; src: (20, 30); dst: (-9, 17)
event: battery_consumption; timestamp: 207.714; robot: 1; time: 36.0555; initial_level: 139.845; final_level: 139.845
event: navigation; timestamp: 207.714; robot: 1; time: 36.0555; src: (20, 30); dst: (0, 0)
event: robot_finished; timestamp: 243.77; robot: 1; pos: (0, 0); battery: 139.845
event: battery_consumption; timestamp: 207.714; robot: 8; time: 36.0555; initial_level: 106.46; final_level: 106.46
event: navigation; timestamp: 207.714; robot: 8; time: 36.0555; src: (20, 30); dst: (0, 0)
event: robot_finished; timestamp: 243.77; robot: 8; pos: (0, 0); battery: 106.46
event: task_execution; timestamp: 239.495; task: 100; robot: 2; pos: (-9, 17); time: 10.7031
event: battery_consumption; timestamp: 239.495; robot: 2; time: 10.7031; initial_level: 111.338; final_level: 108.127
event: task_execution; timestamp: 239.495; task: 100; robot: 3; pos: (-9, 17); time: 10.7031
event: battery_consumption; timestamp: 239.495; robot: 3; time: 10.7031; initial_level: 160.459; final_level: 157.248
event: task_execution; timestamp: 239.495; task: 100; robot: 5; pos: (-9, 17); time: 10.7031
event: battery_consumption; timestamp: 239.495; robot: 5; time: 10.7031; initial_level: 164.698; final_level: 161.487
event: task_resolution; timestamp: 250.198; task: 100; pos: (-9, 17); status: COMPLETED; attempt: 1
event: battery_consumption; timestamp: 250.198; robot: 5; time: 19.2354; initial_level: 161.487; final_level: 161.487
event: navigation; timestamp: 250.198; robot: 5; time: 19.2354; src: (-9, 17); dst: (0, 0)
event: robot_finished; timestamp: 269.433; robot: 5; pos: (0, 0); battery: 161.487
event: battery_consumption; timestamp: 250.198; robot: 3; time: 19.2354; initial_level: 157.248; final_level: 157.248
event: navigation; timestamp: 250.198; robot: 3; time: 19.2354; src: (-9, 17); dst: (0, 0)
event: robot_finished; timestamp: 269.433; robot: 3; pos: (0, 0); battery: 157.248
event: battery_consumption; timestamp: 250.198; robot: 2; time: 19.2354; initial_level: 108.127; final_level: 108.127
event: navigation; timestamp: 250.198; robot: 2; time: 19.2354; src: (-9, 17); dst: (0, 0)
event: robot_finished; timestamp: 269.433; robot: 2; pos: (0, 0); battery: 108.127
event: task_execution; timestamp: 259.448; task: 60; robot: 6; pos: (-25, 10); time: 10.1164
event: battery_consumption; timestamp: 259.448; robot: 6; time: 10.1164; initial_level: 184.953; final_level: 167.755
event: task_execution; timestamp: 259.448; task: 60; robot: 7; pos: (-25, 10); time: 10.1164
event: battery_consumption; timestamp: 259.448; robot: 7; time: 10.1164; initial_level: 168.558; final_level: 151.36
event: task_execution; timestamp: 259.448; task: 60; robot: 9; pos: (-25, 10); time: 10.1164
event: battery_consumption; timestamp: 259.448; robot: 9; time: 10.1164; initial_level: 127.558; final_level: 110.361
event: task_resolution; timestamp: 269.564; task: 60; pos: (-25, 10); status: COMPLETED; attempt: 1
event: battery_consumption; timestamp: 269.564; robot: 9; time: 26.9258; initial_level: 110.361; final_level: 110.361
event: navigation; timestamp: 269.564; robot: 9; time: 26.9258; src: (-25, 10); dst: (0, 0)
event: robot_finished; timestamp: 296.49; robot: 9; pos: (0, 0); battery: 110.361
event: battery_consumption; timestamp: 269.564; robot: 6; time: 26.9258; initial_level: 167.755; final_level: 167.755
event: navigation; timestamp: 269.564; robot: 6; time: 26.9258; src: (-25, 10); dst: (0, 0)
event: robot_finished; timestamp: 296.49; robot: 6; pos: (0, 0); battery: 167.755
event: battery_consumption; timestamp: 269.564; robot: 7; time: 26.9258; initial_level: 151.36; final_level: 151.36
event: navigation; timestamp: 269.564; robot: 7; time: 26.9258; src: (-25, 10); dst: (0, 0)
event: robot_finished; timestamp: 296.49; robot: 7; pos: (0, 0); battery: 151.36
event: task_execution; timestamp: 263.605; task: 55; robot: 4; pos: (-10, 10); time: 8.95345
event: battery_consumption; timestamp: 263.605; robot: 4; time: 8.95345; initial_level: 112.645; final_level: 98.3195
event: task_execution; timestamp: 263.605; task: 55; robot: 10; pos: (-10, 10); time: 8.95345
event: battery_consumption; timestamp: 263.605; robot: 10; time: 8.95345; initial_level: 146.497; final_level: 132.172
event: task_resolution; timestamp: 272.558; task: 55; pos: (-10, 10); status: FAILED; attempt: 1
event: battery_consumption; timestamp: 272.558; robot: 10; time: 14.1421; initial_level: 132.172; final_level: 132.172
event: navigation; timestamp: 272.558; robot: 10; time: 14.1421; src: (-10, 10); dst: (0, 0)
event: robot_finished; timestamp: 286.7; robot: 10; pos: (0, 0); battery: 132.172
event: battery_consumption; timestamp: 272.558; robot: 4; time: 14.1421; initial_level: 98.3195; final_level: 98.3195
event: navigation; timestamp: 272.558; robot: 4; time: 14.1421; src: (-10, 10); dst: (0, 0)
event: robot_finished; timestamp: 286.7; robot: 4; pos: (0, 0); battery: 98.3195
metric: available_agents; value: 0
metric: failed_agents; value: 0
metric: finished_agents; value: 10
metric: completed_tasks; value: 26
metric: pending_tasks; value: 0
metric: failed_tasks; value: 74
metric: average_robot_makespan; value: 275.871
metric: sd_robot_makespan; value: 20.2628
metric: max_robot_makespan; value: 296.49
metric: min_robot_makespan; value: 243.77
metric: average_robot_travel_distance; value: 111.919
metric: sd_robot_travel_distance; value: 48.3229
metric: max_robot_travel_distance; value: 195.61
metric: min_robot_travel_distance; value: 51.5489
metric: sum_robot_travel_distance; value: 1119.19
metric: average_completed_tasks_by_robot; value: 0
metric: sd_completed_tasks_by_robot; value: 0
metric: max_completed_tasks_by_robot; value: 0
metric: min_completed_tasks_by_robot; value: 0
metric: final_reward; value: 0.26
metric: computing_time; value: 0.00699059
