info: solver_name; value: dec-mcts
info: reward_function; value: reward00
info: replica; value: 1
info: filename; value: ../logs/prueba/rc101_10r_100t_b0f5abc8_dec-mcts_reward00_001.log
info: scenario_name; value: rc101_10r_100t_b0f5abc8
info: scenario_name; value: rc101_10r_100t_b0f5abc8
info: number_of_tasks; value: 100
info: number_of_robots; value: 10
info: number_of_recharging_stations; value: 1
info: scenario_size; value: (132,132)
event: recharging_station_spawn; timestamp: 0; recharging_station: 1; pos: (0, 0)
event: task_spawn; timestamp: 0; task: 1; pos: (-15, 35); earliest_start: 145; latest_start: 175; state: PENDING; required_workers: 1; success_prob: 0.2; max_attempts: 1
event: task_spawn; timestamp: 0; task: 2; pos: (-18, 25); earliest_start: 50; latest_start: 80; state: PENDING; required_workers: 1; success_prob: 0.2; max_attempts: 1
event: task_spawn; timestamp: 0; task: 3; pos: (-18, 35); earliest_start: 109; latest_start: 139; state: PENDING; required_workers: 1; success_prob: 0.2; max_attempts: 1
event: task_spawn; timestamp: 0; task: 4; pos: (-20, 30); earliest_start: 141; latest_start: 171; state: PENDING; required_workers: 1; success_prob: 0.2; max_attempts: 1
event: task_spawn; timestamp: 0; task: 5; pos: (-20, 35); earliest_start: 41; latest_start: 71; state: PENDING; required_workers: 1; success_prob: 0.2; max_attempts: 1
event: task_spawn; timestamp: 0; task: 6; pos: (-22, 25); earliest_start: 95; latest_start: 125; state: PENDING; required_workers: 1; success_prob: 0.2; max_attempts: 1
event: task_spawn; timestamp: 0; task: 7; pos: (-25, 25); earliest_start: 79; latest_start: 109; state: PENDING; required_workers: 1; success_prob: 0.2; max_attempts: 1
event: task_spawn; timestamp: 0; task: 8; pos: (-25, 30); earliest_start: 91; latest_start: 121; state: PENDING; required_workers: 1; success_prob: 0.2; max_attempts: 1
event: task_spawn; timestamp: 0; task: 9; pos: (-30, -15); earliest_start: 91; latest_start: 121; state: PENDING; required_workers: 1; success_prob: 0.2; max_attempts: 1
event: task_spawn; timestamp: 0; task: 10; pos: (-30, -10); earliest_start: 119; latest_start: 149; state: PENDING; required_workers: 1; success_prob: 0.2; max_attempts: 1
event: task_spawn; timestamp: 0; task: 11; pos: (-32, -10); earliest_start: 59; latest_start: 89; state: PENDING; required_workers: 2; success_prob: 0.2; max_attempts: 1
event: task_spawn; timestamp: 0; task: 12; pos: (-32, -5); earliest_start: 64; latest_start: 94; state: PENDING; required_workers: 2; success_prob: 0.2; max_attempts: 1
event: task_spawn; timestamp: 0; task: 13; pos: (-35, -15); earliest_start: 142; latest_start: 172; state: PENDING; required_workers: 2; success_prob: 0.2; max_attempts: 1
event: task_spawn; timestamp: 0; task: 14; pos: (-35, -5); earliest_start: 35; latest_start: 65; state: PENDING; required_workers: 2; success_prob: 0.2; max_attempts: 1
event: task_spawn; timestamp: 0; task: 15; pos: (-38, -10); earliest_start: 58; latest_start: 88; state: PENDING; required_workers: 2; success_prob: 0.2; max_attempts: 1
event: task_spawn; timestamp: 0; task: 16; pos: (-40, -10); earliest_start: 72; latest_start: 102; state: PENDING; required_workers: 2; success_prob: 0.2; max_attempts: 1
event: task_spawn; timestamp: 0; task: 17; pos: (-40, -5); earliest_start: 149; latest_start: 179; state: PENDING; required_workers: 3; success_prob: 0.2; max_attempts: 1
event: task_spawn; timestamp: 0; task: 18; pos: (4, -45); earliest_start: 87; latest_start: 117; state: PENDING; required_workers: 3; success_prob: 0.2; max_attempts: 1
event: task_spawn; timestamp: 0; task: 19; pos: (2, -40); earliest_start: 72; latest_start: 102; state: PENDING; required_workers: 3; success_prob: 0.2; max_attempts: 1
event: task_spawn; timestamp: 0; task: 20; pos: (2, -35); earliest_start: 122; latest_start: 152; state: PENDING; required_workers: 3; success_prob: 0.2; max_attempts: 1
event: task_spawn; timestamp: 0; task: 21; pos: (0, -45); earliest_start: 67; latest_start: 97; state: PENDING; required_workers: 1; success_prob: 0.4; max_attempts: 1
event: task_spawn; timestamp: 0; task: 22; pos: (0, -35); earliest_start: 92; latest_start: 122; state: PENDING; required_workers: 1; success_prob: 0.4; max_attempts: 1
event: task_spawn; timestamp: 0; task: 23; pos: (-2, -45); earliest_start: 65; latest_start: 95; state: PENDING; required_workers: 1; success_prob: 0.4; max_attempts: 1
event: task_spawn; timestamp: 0; task: 24; pos: (-2, -35); earliest_start: 148; latest_start: 178; state: PENDING; required_workers: 1; success_prob: 0.4; max_attempts: 1
event: task_spawn; timestamp: 0; task: 25; pos: (-5, -45); earliest_start: 154; latest_start: 184; state: PENDING; required_workers: 1; success_prob: 0.4; max_attempts: 1
event: task_spawn; timestamp: 0; task: 26; pos: (55, -20); earliest_start: 115; latest_start: 145; state: PENDING; required_workers: 1; success_prob: 0.4; max_attempts: 1
event: task_spawn; timestamp: 0; task: 27; pos: (55, -15); earliest_start: 62; latest_start: 92; state: PENDING; required_workers: 1; success_prob: 0.4; max_attempts: 1
event: task_spawn; timestamp: 0; task: 28; pos: (52, -20); earliest_start: 62; latest_start: 92; state: PENDING; required_workers: 1; success_prob: 0.4; max_attempts: 1
event: task_spawn; timestamp: 0; task: 29; pos: (50, -15); earliest_start: 67; latest_start: 97; state: PENDING; required_workers: 1; success_prob: 0.4; max_attempts: 1
event: task_spawn; timestamp: 0; task: 30; pos: (48, -20); earliest_start: 74; latest_start: 104; state: PENDING; required_workers: 1; success_prob: 0.4; max_attempts: 1
event: task_spawn; timestamp: 0; task: 31; pos: (48, -15); earliest_start: 61; latest_start: 91; state: PENDING; required_workers: 2; success_prob: 0.4; max_attempts: 1
event: task_spawn; timestamp: 0; task: 32; pos: (47, -20); earliest_start: 131; latest_start: 161; state: PENDING; required_workers: 2; success_prob: 0.4; max_attempts: 1
event: task_spawn; timestamp: 0; task: 33; pos: (45, -25); earliest_start: 51; latest_start: 81; state: PENDING; required_workers: 2; success_prob: 0.4; max_attempts: 1
event: task_spawn; timestamp: 0; task: 34; pos: (45, -15); earliest_start: 111; latest_start: 141; state: PENDING; required_workers: 2; success_prob: 0.4; max_attempts: 1
event: task_spawn; timestamp: 0; task: 35; pos: (27, 35); earliest_start: 139; latest_start: 169; state: PENDING; required_workers: 2; success_prob: 0.4; max_attempts: 1
event: task_spawn; timestamp: 0; task: 36; pos: (25, 35); earliest_start: 43; latest_start: 73; state: PENDING; required_workers: 2; success_prob: 0.4; max_attempts: 1
event: task_spawn; timestamp: 0; task: 37; pos: (25, 32); earliest_start: 124; latest_start: 154; state: PENDING; required_workers: 3; success_prob: 0.4; max_attempts: 1
event: task_spawn; timestamp: 0; task: 38; pos: (22, 30); earliest_start: 75; latest_start: 105; state: PENDING; required_workers: 3; success_prob: 0.4; max_attempts: 1
event: task_spawn; timestamp: 0; task: 39; pos: (20, 30); earliest_start: 37; latest_start: 67; state: PENDING; required_workers: 3; success_prob: 0.4; max_attempts: 1
event: task_spawn; timestamp: 0; task: 40; pos: (20, 35); earliest_start: 85; latest_start: 115; state: PENDING; required_workers: 3; success_prob: 0.4; max_attempts: 1
event: task_spawn; timestamp: 0; task: 41; pos: (18, 25); earliest_start: 92; latest_start: 122; state: PENDING; required_workers: 1; success_prob: 0.6; max_attempts: 1
event: task_spawn; timestamp: 0; task: 42; pos: (15, 30); earliest_start: 33; latest_start: 63; state: PENDING; required_workers: 1; success_prob: 0.6; max_attempts: 1
event: task_spawn; timestamp: 0; task: 43; pos: (15, 35); earliest_start: 128; latest_start: 158; state: PENDING; required_workers: 1; success_prob: 0.6; max_attempts: 1
event: task_spawn; timestamp: 0; task: 44; pos: (15, 32); earliest_start: 64; latest_start: 94; state: PENDING; required_workers: 1; success_prob: 0.6; max_attempts: 1
event: task_spawn; timestamp: 0; task: 45; pos: (-20, 32); earliest_start: 37; latest_start: 67; state: PENDING; required_workers: 1; success_prob: 0.6; max_attempts: 1
event: task_spawn; timestamp: 0; task: 46; pos: (-22, 30); earliest_start: 113; latest_start: 143; state: PENDING; required_workers: 1; success_prob: 0.6; max_attempts: 1
event: task_spawn; timestamp: 0; task: 47; pos: (-38, -5); earliest_start: 45; latest_start: 75; state: PENDING; required_workers: 1; success_prob: 0.6; max_attempts: 1
event: task_spawn; timestamp: 0; task: 48; pos: (2, -45); earliest_start: 151; latest_start: 181; state: PENDING; required_workers: 1; success_prob: 0.6; max_attempts: 1
event: task_spawn; timestamp: 0; task: 49; pos: (2, -38); earliest_start: 104; latest_start: 134; state: PENDING; required_workers: 1; success_prob: 0.6; max_attempts: 1
event: task_spawn; timestamp: 0; task: 50; pos: (32, -15); earliest_start: 116; latest_start: 146; state: PENDING; required_workers: 1; success_prob: 0.6; max_attempts: 1
event: task_spawn; timestamp: 0; task: 51; pos: (15, -30); earliest_start: 83; latest_start: 113; state: PENDING; required_workers: 2; success_prob: 0.6; max_attempts: 1
event: task_spawn; timestamp: 0; task: 52; pos: (-15, -20); earliest_start: 52; latest_start: 82; state: PENDING; required_workers: 2; success_prob: 0.6; max_attempts: 1
event: task_spawn; timestamp: 0; task: 53; pos: (-20, 0); earliest_start: 91; latest_start: 121; state: PENDING; required_workers: 2; success_prob: 0.6; max_attempts: 1
event: task_spawn; timestamp: 0; task: 54; pos: (15, 10); earliest_start: 139; latest_start: 169; state: PENDING; required_workers: 2; success_prob: 0.6; max_attempts: 1
event: task_spawn; timestamp: 0; task: 55; pos: (-10, 10); earliest_start: 140; latest_start: 170; state: PENDING; required_workers: 2; success_prob: 0.6; max_attempts: 1
event: task_spawn; timestamp: 0; task: 56; pos: (10, -15); earliest_start: 130; latest_start: 160; state: PENDING; required_workers: 2; success_prob: 0.6; max_attempts: 1
event: task_spawn; timestamp: 0; task: 57; pos: (-10, -25); earliest_start: 96; latest_start: 126; state: PENDING; required_workers: 3; success_prob: 0.6; max_attempts: 1
event: task_spawn; timestamp: 0; task: 58; pos: (-25, -40); earliest_start: 152; latest_start: 182; state: PENDING; required_workers: 3; success_prob: 0.6; max_attempts: 1
event: task_spawn; timestamp: 0; task: 59; pos: (-30, -30); earliest_start: 42; latest_start: 72; state: PENDING; required_workers: 3; success_prob: 0.6; max_attempts: 1
event: task_spawn; timestamp: 0; task: 60; pos: (-25, 10); earliest_start: 155; latest_start: 185; state: PENDING; required_workers: 3; success_prob: 0.6; max_attempts: 1
event: task_spawn; timestamp: 0; task: 61; pos: (5, 15); earliest_start: 66; latest_start: 96; state: PENDING; required_workers: 1; success_prob: 0.8; max_attempts: 1
event: task_spawn; timestamp: 0; task: 62; pos: (25, -15); earliest_start: 52; latest_start: 82; state: PENDING; required_workers: 1; success_prob: 0.8; max_attempts: 1
event: task_spawn; timestamp: 0; task: 63; pos: (25, -30); earliest_start: 39; latest_start: 69; state: PENDING; required_workers: 1; success_prob: 0.8; max_attempts: 1
event: task_spawn; timestamp: 0; task: 64; pos: (5, -20); earliest_start: 53; latest_start: 83; state: PENDING; required_workers: 1; success_prob: 0.8; max_attempts: 1
event: task_spawn; timestamp: 0; task: 65; pos: (-5, -10); earliest_start: 11; latest_start: 41; state: PENDING; required_workers: 1; success_prob: 0.8; max_attempts: 1
event: task_spawn; timestamp: 0; task: 66; pos: (1, -13); earliest_start: 133; latest_start: 163; state: PENDING; required_workers: 1; success_prob: 0.8; max_attempts: 1
event: task_spawn; timestamp: 0; task: 67; pos: (24, -8); earliest_start: 70; latest_start: 100; state: PENDING; required_workers: 1; success_prob: 0.8; max_attempts: 1
event: task_spawn; timestamp: 0; task: 68; pos: (0, 10); earliest_start: 144; latest_start: 174; state: PENDING; required_workers: 1; success_prob: 0.8; max_attempts: 1
event: task_spawn; timestamp: 0; task: 69; pos: (-9, 2); earliest_start: 41; latest_start: 71; state: PENDING; required_workers: 1; success_prob: 0.8; max_attempts: 1
event: task_spawn; timestamp: 0; task: 70; pos: (-5, 19); earliest_start: 180; latest_start: 210; state: PENDING; required_workers: 1; success_prob: 0.8; max_attempts: 1
event: task_spawn; timestamp: 0; task: 71; pos: (25, 5); earliest_start: 65; latest_start: 95; state: PENDING; required_workers: 2; success_prob: 0.8; max_attempts: 1
event: task_spawn; timestamp: 0; task: 72; pos: (23, 15); earliest_start: 30; latest_start: 60; state: PENDING; required_workers: 2; success_prob: 0.8; max_attempts: 1
event: task_spawn; timestamp: 0; task: 73; pos: (-38, 10); earliest_start: 77; latest_start: 107; state: PENDING; required_workers: 2; success_prob: 0.8; max_attempts: 1
event: task_spawn; timestamp: 0; task: 74; pos: (-20, -30); earliest_start: 141; latest_start: 171; state: PENDING; required_workers: 2; success_prob: 0.8; max_attempts: 1
event: task_spawn; timestamp: 0; task: 75; pos: (-35, -45); earliest_start: 74; latest_start: 104; state: PENDING; required_workers: 2; success_prob: 0.8; max_attempts: 1
event: task_spawn; timestamp: 0; task: 76; pos: (20, -38); earliest_start: 75; latest_start: 105; state: PENDING; required_workers: 2; success_prob: 0.8; max_attempts: 1
event: task_spawn; timestamp: 0; task: 77; pos: (-17, -47); earliest_start: 150; latest_start: 180; state: PENDING; required_workers: 3; success_prob: 0.8; max_attempts: 1
event: task_spawn; timestamp: 0; task: 78; pos: (-32, 6); earliest_start: 90; latest_start: 120; state: PENDING; required_workers: 3; success_prob: 0.8; max_attempts: 1
event: task_spawn; timestamp: 0; task: 79; pos: (-34, 18); earliest_start: 89; latest_start: 119; state: PENDING; required_workers: 3; success_prob: 0.8; max_attempts: 1
event: task_spawn; timestamp: 0; task: 80; pos: (7, -3); earliest_start: 192; latest_start: 222; state: PENDING; required_workers: 3; success_prob: 0.8; max_attempts: 1
event: task_spawn; timestamp: 0; task: 81; pos: (9, 8); earliest_start: 86; latest_start: 116; state: PENDING; required_workers: 1; success_prob: 1; max_attempts: 1
event: task_spawn; timestamp: 0; task: 82; pos: (-13, -7); earliest_start: 42; latest_start: 72; state: PENDING; required_workers: 1; success_prob: 1; max_attempts: 1
event: task_spawn; timestamp: 0; task: 83; pos: (-3, -19); earliest_start: 35; latest_start: 65; state: PENDING; required_workers: 1; success_prob: 1; max_attempts: 1
event: task_spawn; timestamp: 0; task: 84; pos: (17, -21); earliest_start: 96; latest_start: 126; state: PENDING; required_workers: 1; success_prob: 1; max_attempts: 1
event: task_spawn; timestamp: 0; task: 85; pos: (23, -27); earliest_start: 87; latest_start: 117; state: PENDING; required_workers: 1; success_prob: 1; max_attempts: 1
event: task_spawn; timestamp: 0; task: 86; pos: (-19, -26); earliest_start: 87; latest_start: 117; state: PENDING; required_workers: 1; success_prob: 1; max_attempts: 1
event: task_spawn; timestamp: 0; task: 87; pos: (-28, -26); earliest_start: 90; latest_start: 120; state: PENDING; required_workers: 1; success_prob: 1; max_attempts: 1
event: task_spawn; timestamp: 0; task: 88; pos: (-16, 8); earliest_start: 67; latest_start: 97; state: PENDING; required_workers: 1; success_prob: 1; max_attempts: 1
event: task_spawn; timestamp: 0; task: 89; pos: (27, -45); earliest_start: 144; latest_start: 174; state: PENDING; required_workers: 1; success_prob: 1; max_attempts: 1
event: task_spawn; timestamp: 0; task: 90; pos: (-3, -3); earliest_start: 86; latest_start: 116; state: PENDING; required_workers: 1; success_prob: 1; max_attempts: 1
event: task_spawn; timestamp: 0; task: 91; pos: (9, -8); earliest_start: 167; latest_start: 197; state: PENDING; required_workers: 2; success_prob: 1; max_attempts: 1
event: task_spawn; timestamp: 0; task: 92; pos: (13, -7); earliest_start: 14; latest_start: 44; state: PENDING; required_workers: 2; success_prob: 1; max_attempts: 1
event: task_spawn; timestamp: 0; task: 93; pos: (21, 2); earliest_start: 178; latest_start: 208; state: PENDING; required_workers: 2; success_prob: 1; max_attempts: 1
event: task_spawn; timestamp: 0; task: 94; pos: (17, -2); earliest_start: 95; latest_start: 125; state: PENDING; required_workers: 2; success_prob: 1; max_attempts: 1
event: task_spawn; timestamp: 0; task: 95; pos: (16, -13); earliest_start: 34; latest_start: 64; state: PENDING; required_workers: 2; success_prob: 1; max_attempts: 1
event: task_spawn; timestamp: 0; task: 96; pos: (15, 4); earliest_start: 132; latest_start: 162; state: PENDING; required_workers: 2; success_prob: 1; max_attempts: 1
event: task_spawn; timestamp: 0; task: 97; pos: (-36, -32); earliest_start: 120; latest_start: 150; state: PENDING; required_workers: 3; success_prob: 1; max_attempts: 1
event: task_spawn; timestamp: 0; task: 98; pos: (-14, 2); earliest_start: 46; latest_start: 76; state: PENDING; required_workers: 3; success_prob: 1; max_attempts: 1
event: task_spawn; timestamp: 0; task: 99; pos: (-14, -15); earliest_start: 77; latest_start: 107; state: PENDING; required_workers: 3; success_prob: 1; max_attempts: 1
event: task_spawn; timestamp: 0; task: 100; pos: (-9, 17); earliest_start: 180; latest_start: 210; state: PENDING; required_workers: 3; success_prob: 1; max_attempts: 1
event: robot_spawn; timestamp: 0; robot: 1; pos: (0, 0); state: AVAILABLE; battery_level: 200; battery_capacity: 200; velocity: 1; battery_rate_nav: 0
event: robot_spawn; timestamp: 0; robot: 2; pos: (0, 0); state: AVAILABLE; battery_level: 200; battery_capacity: 200; velocity: 1; battery_rate_nav: 0
event: robot_spawn; timestamp: 0; robot: 3; pos: (0, 0); state: AVAILABLE; battery_level: 200; battery_capacity: 200; velocity: 1; battery_rate_nav: 0
event: robot_spawn; timestamp: 0; robot: 4; pos: (0, 0); state: AVAILABLE; battery_level: 200; battery_capacity: 200; velocity: 1; battery_rate_nav: 0
event: robot_spawn; timestamp: 0; robot: 5; pos: (0, 0); state: AVAILABLE; battery_level: 200; battery_capacity: 200; velocity: 1; battery_rate_nav: 0
event: robot_spawn; timestamp: 0; robot: 6; pos: (0, 0); state: AVAILABLE; battery_level: 200; battery_capacity: 200; velocity: 1; battery_rate_nav: 0
event: robot_spawn; timestamp: 0; robot: 7; pos: (0, 0); state: AVAILABLE; battery_level: 200; battery_capacity: 200; velocity: 1; battery_rate_nav: 0
event: robot_spawn; timestamp: 0; robot: 8; pos: (0, 0); state: AVAILABLE; battery_level: 200; battery_capacity: 200; velocity: 1; battery_rate_nav: 0
event: robot_spawn; timestamp: 0; robot: 9; pos: (0, 0); state: AVAILABLE; battery_level: 200; battery_capacity: 200; velocity: 1; battery_rate_nav: 0
event: robot_spawn; timestamp: 0; robot: 10; pos: (0, 0); state: AVAILABLE; battery_level: 200; battery_capacity: 200; velocity: 1; battery_rate_nav: 0
event: battery_consumption; timestamp: 0; robot: 9; time: 14.7648; initial_level: 200; final_level: 200
event: navigation; timestamp: 0; robot: 9; time: 14.7648; src: (0, 0); dst: (-13, -7)
event: battery_consumption; timestamp: 0; robot: 5; time: 14.7648; initial_level: 200; final_level: 200
event: navigation; timestamp: 0; robot: 5; time: 14.7648; src: (0, 0); dst: (-13, -7)
event: battery_consumption; timestamp: 0; robot: 4; time: 14.7648; initial_level: 200; final_level: 200
event: navigation; timestamp: 0; robot: 4; time: 14.7648; src: (0, 0); dst: (-13, -7)
event: battery_consumption; timestamp: 0; robot: 6; time: 14.7648; initial_level: 200; final_level: 200
event: navigation; timestamp: 0; robot: 6; time: 14.7648; src: (0, 0); dst: (-13, -7)
event: battery_consumption; timestamp: 0; robot: 8; time: 14.7648; initial_level: 200; final_level: 200
event: navigation; timestamp: 0; robot: 8; time: 14.7648; src: (0, 0); dst: (-13, -7)
event: battery_consumption; timestamp: 0; robot: 7; time: 14.7648; initial_level: 200; final_level: 200
event: navigation; timestamp: 0; robot: 7; time: 14.7648; src: (0, 0); dst: (-13, -7)
event: battery_consumption; timestamp: 0; robot: 2; time: 14.7648; initial_level: 200; final_level: 200
event: navigation; timestamp: 0; robot: 2; time: 14.7648; src: (0, 0); dst: (-13, -7)
event: battery_consumption; timestamp: 0; robot: 10; time: 14.7648; initial_level: 200; final_level: 200
event: navigation; timestamp: 0; robot: 10; time: 14.7648; src: (0, 0); dst: (-13, -7)
event: battery_consumption; timestamp: 0; robot: 1; time: 14.7648; initial_level: 200; final_level: 200
event: navigation; timestamp: 0; robot: 1; time: 14.7648; src: (0, 0); dst: (-13, -7)
event: battery_consumption; timestamp: 0; robot: 3; time: 14.7648; initial_level: 200; final_level: 200
event: navigation; timestamp: 0; robot: 3; time: 14.7648; src: (0, 0); dst: (-13, -7)
event: task_execution; timestamp: 42; task: 82; robot: 1; pos: (-13, -7); time: 10.1931
event: battery_consumption; timestamp: 42; robot: 1; time: 10.1931; initial_level: 200; final_level: 190.826
event: task_execution; timestamp: 42; task: 82; robot: 2; pos: (-13, -7); time: 10.1931
event: battery_consumption; timestamp: 42; robot: 2; time: 10.1931; initial_level: 200; final_level: 190.826
event: task_execution; timestamp: 42; task: 82; robot: 3; pos: (-13, -7); time: 10.1931
event: battery_consumption; timestamp: 42; robot: 3; time: 10.1931; initial_level: 200; final_level: 190.826
event: task_execution; timestamp: 42; task: 82; robot: 4; pos: (-13, -7); time: 10.1931
event: battery_consumption; timestamp: 42; robot: 4; time: 10.1931; initial_level: 200; final_level: 190.826
event: task_execution; timestamp: 42; task: 82; robot: 5; pos: (-13, -7); time: 10.1931
event: battery_consumption; timestamp: 42; robot: 5; time: 10.1931; initial_level: 200; final_level: 190.826
event: task_execution; timestamp: 42; task: 82; robot: 6; pos: (-13, -7); time: 10.1931
event: battery_consumption; timestamp: 42; robot: 6; time: 10.1931; initial_level: 200; final_level: 190.826
event: task_execution; timestamp: 42; task: 82; robot: 7; pos: (-13, -7); time: 10.1931
event: battery_consumption; timestamp: 42; robot: 7; time: 10.1931; initial_level: 200; final_level: 190.826
event: task_execution; timestamp: 42; task: 82; robot: 8; pos: (-13, -7); time: 10.1931
event: battery_consumption; timestamp: 42; robot: 8; time: 10.1931; initial_level: 200; final_level: 190.826
event: task_execution; timestamp: 42; task: 82; robot: 9; pos: (-13, -7); time: 10.1931
event: battery_consumption; timestamp: 42; robot: 9; time: 10.1931; initial_level: 200; final_level: 190.826
event: task_execution; timestamp: 42; task: 82; robot: 10; pos: (-13, -7); time: 10.1931
event: battery_consumption; timestamp: 42; robot: 10; time: 10.1931; initial_level: 200; final_level: 190.826
event: task_resolution; timestamp: 52.1931; task: 82; pos: (-13, -7); status: COMPLETED; attempt: 1
event: battery_consumption; timestamp: 52.1931; robot: 6; time: 15.2971; initial_level: 190.826; final_level: 190.826
event: navigation; timestamp: 52.1931; robot: 6; time: 15.2971; src: (-13, -7); dst: (-16, 8)
event: battery_consumption; timestamp: 52.1931; robot: 7; time: 10.7703; initial_level: 190.826; final_level: 190.826
event: navigation; timestamp: 52.1931; robot: 7; time: 10.7703; src: (-13, -7); dst: (-3, -3)
event: battery_consumption; timestamp: 52.1931; robot: 9; time: 26.6271; initial_level: 190.826; final_level: 190.826
event: navigation; timestamp: 52.1931; robot: 9; time: 26.6271; src: (-13, -7); dst: (9, 8)
event: battery_consumption; timestamp: 52.1931; robot: 10; time: 41.1825; initial_level: 190.826; final_level: 190.826
event: navigation; timestamp: 52.1931; robot: 10; time: 41.1825; src: (-13, -7); dst: (23, -27)
event: battery_consumption; timestamp: 52.1931; robot: 3; time: 24.2074; initial_level: 190.826; final_level: 190.826
event: navigation; timestamp: 52.1931; robot: 3; time: 24.2074; src: (-13, -7); dst: (-28, -26)
event: battery_consumption; timestamp: 52.1931; robot: 1; time: 19.9249; initial_level: 190.826; final_level: 190.826
event: navigation; timestamp: 52.1931; robot: 1; time: 19.9249; src: (-13, -7); dst: (-19, -26)
event: battery_consumption; timestamp: 52.1931; robot: 4; time: 33.1059; initial_level: 190.826; final_level: 190.826
event: navigation; timestamp: 52.1931; robot: 4; time: 33.1059; src: (-13, -7); dst: (17, -21)
event: battery_consumption; timestamp: 52.1931; robot: 5; time: 30.0832; initial_level: 190.826; final_level: 190.826
event: navigation; timestamp: 52.1931; robot: 5; time: 30.0832; src: (-13, -7); dst: (15, 4)
event: battery_consumption; timestamp: 52.1931; robot: 2; time: 30.0832; initial_level: 190.826; final_level: 190.826
event: navigation; timestamp: 52.1931; robot: 2; time: 30.0832; src: (-13, -7); dst: (15, 4)
event: battery_consumption; timestamp: 52.1931; robot: 8; time: 55.1725; initial_level: 190.826; final_level: 190.826
event: navigation; timestamp: 52.1931; robot: 8; time: 55.1725; src: (-13, -7); dst: (27, -45)
event: task_execution; timestamp: 67.4901; task: 88; robot: 6; pos: (-16, 8); time: 10.0003
event: battery_consumption; timestamp: 67.4901; robot: 6; time: 10.0003; initial_level: 190.826; final_level: 171.826
event: task_resolution; timestamp: 77.4905; task: 88; pos: (-16, 8); status: COMPLETED; attempt: 1
event: battery_consumption; timestamp: 77.4905; robot: 6; time: 11.4018; initial_level: 171.826; final_level: 171.826
event: navigation; timestamp: 77.4905; robot: 6; time: 11.4018; src: (-16, 8); dst: (-9, 17)
event: task_execution; timestamp: 87; task: 86; robot: 1; pos: (-19, -26); time: 7.81807
event: battery_consumption; timestamp: 87; robot: 1; time: 7.81807; initial_level: 190.826; final_level: 168.936
event: task_resolution; timestamp: 94.8181; task: 86; pos: (-19, -26); status: COMPLETED; attempt: 1
event: battery_consumption; timestamp: 94.8181; robot: 1; time: 44.1475; initial_level: 168.936; final_level: 168.936
event: navigation; timestamp: 94.8181; robot: 1; time: 44.1475; src: (-19, -26); dst: (-9, 17)
event: task_execution; timestamp: 86; task: 90; robot: 7; pos: (-3, -3); time: 9.39273
event: battery_consumption; timestamp: 86; robot: 7; time: 9.39273; initial_level: 190.826; final_level: 185.191
event: task_resolution; timestamp: 95.3927; task: 90; pos: (-3, -3); status: COMPLETED; attempt: 1
event: battery_consumption; timestamp: 95.3927; robot: 7; time: 20.8806; initial_level: 185.191; final_level: 185.191
event: navigation; timestamp: 95.3927; robot: 7; time: 20.8806; src: (-3, -3); dst: (-9, 17)
event: task_execution; timestamp: 86; task: 81; robot: 9; pos: (9, 8); time: 11.2955
event: battery_consumption; timestamp: 86; robot: 9; time: 11.2955; initial_level: 190.826; final_level: 179.531
event: task_resolution; timestamp: 97.2955; task: 81; pos: (9, 8); status: COMPLETED; attempt: 1
event: battery_consumption; timestamp: 97.2955; robot: 9; time: 22.4722; initial_level: 179.531; final_level: 179.531
event: navigation; timestamp: 97.2955; robot: 9; time: 22.4722; src: (9, 8); dst: (1, -13)
event: task_execution; timestamp: 90; task: 87; robot: 3; pos: (-28, -26); time: 10.3434
event: battery_consumption; timestamp: 90; robot: 3; time: 10.3434; initial_level: 190.826; final_level: 177.38
event: task_resolution; timestamp: 100.343; task: 87; pos: (-28, -26); status: COMPLETED; attempt: 1
event: battery_consumption; timestamp: 100.343; robot: 3; time: 45.607; initial_level: 177.38; final_level: 177.38
event: navigation; timestamp: 100.343; robot: 3; time: 45.607; src: (-28, -26); dst: (0, 10)
event: task_execution; timestamp: 93.3756; task: 85; robot: 10; pos: (23, -27); time: 10.9835
event: battery_consumption; timestamp: 93.3756; robot: 10; time: 10.9835; initial_level: 190.826; final_level: 188.63
event: task_resolution; timestamp: 104.359; task: 85; pos: (23, -27); status: COMPLETED; attempt: 1
event: battery_consumption; timestamp: 104.359; robot: 10; time: 28.8444; initial_level: 188.63; final_level: 188.63
event: navigation; timestamp: 104.359; robot: 10; time: 28.8444; src: (23, -27); dst: (7, -3)
event: task_execution; timestamp: 96; task: 84; robot: 4; pos: (17, -21); time: 11.1747
event: battery_consumption; timestamp: 96; robot: 4; time: 11.1747; initial_level: 190.826; final_level: 170.712
event: task_resolution; timestamp: 107.175; task: 84; pos: (17, -21); status: COMPLETED; attempt: 1
event: battery_consumption; timestamp: 107.175; robot: 4; time: 20.5913; initial_level: 170.712; final_level: 170.712
event: navigation; timestamp: 107.175; robot: 4; time: 20.5913; src: (17, -21); dst: (7, -3)
event: task_execution; timestamp: 132; task: 96; robot: 2; pos: (15, 4); time: 9.7157
event: battery_consumption; timestamp: 132; robot: 2; time: 9.7157; initial_level: 190.826; final_level: 165.565
event: task_execution; timestamp: 132; task: 96; robot: 5; pos: (15, 4); time: 9.7157
event: battery_consumption; timestamp: 132; robot: 5; time: 9.7157; initial_level: 190.826; final_level: 165.565
event: task_resolution; timestamp: 141.716; task: 96; pos: (15, 4); status: COMPLETED; attempt: 1
event: battery_consumption; timestamp: 141.716; robot: 2; time: 10.6301; initial_level: 165.565; final_level: 165.565
event: navigation; timestamp: 141.716; robot: 2; time: 10.6301; src: (15, 4); dst: (7, -3)
event: battery_consumption; timestamp: 141.716; robot: 5; time: 25; initial_level: 165.565; final_level: 165.565
event: navigation; timestamp: 141.716; robot: 5; time: 25; src: (15, 4); dst: (-5, 19)
event: task_execution; timestamp: 133; task: 66; robot: 9; pos: (1, -13); time: 10.1377
event: battery_consumption; timestamp: 133; robot: 9; time: 10.1377; initial_level: 179.531; final_level: 163.31
event: task_resolution; timestamp: 143.138; task: 66; pos: (1, -13); status: COMPLETED; attempt: 1
event: battery_consumption; timestamp: 143.138; robot: 9; time: 9.43398; initial_level: 163.31; final_level: 163.31
event: navigation; timestamp: 143.138; robot: 9; time: 9.43398; src: (1, -13); dst: (9, -8)
event: task_execution; timestamp: 144; task: 89; robot: 8; pos: (27, -45); time: 9.93879
event: battery_consumption; timestamp: 144; robot: 8; time: 9.93879; initial_level: 190.826; final_level: 165.979
event: task_resolution; timestamp: 153.939; task: 89; pos: (27, -45); status: COMPLETED; attempt: 1
event: battery_consumption; timestamp: 153.939; robot: 8; time: 41.1461; initial_level: 165.979; final_level: 165.979
event: navigation; timestamp: 153.939; robot: 8; time: 41.1461; src: (27, -45); dst: (9, -8)
event: task_execution; timestamp: 145.95; task: 68; robot: 3; pos: (0, 10); time: 11.4553
event: battery_consumption; timestamp: 145.95; robot: 3; time: 11.4553; initial_level: 177.38; final_level: 153.324
event: task_resolution; timestamp: 157.406; task: 68; pos: (0, 10); status: COMPLETED; attempt: 1
event: battery_consumption; timestamp: 157.406; robot: 3; time: 22.4722; initial_level: 153.324; final_level: 153.324
event: navigation; timestamp: 157.406; robot: 3; time: 22.4722; src: (0, 10); dst: (21, 2)
event: task_execution; timestamp: 180; task: 70; robot: 5; pos: (-5, 19); time: 9.61359
event: battery_consumption; timestamp: 180; robot: 5; time: 9.61359; initial_level: 165.565; final_level: 143.454
event: task_resolution; timestamp: 189.614; task: 70; pos: (-5, 19); status: COMPLETED; attempt: 1
event: battery_consumption; timestamp: 189.614; robot: 5; time: 19.6469; initial_level: 143.454; final_level: 143.454
event: navigation; timestamp: 189.614; robot: 5; time: 19.6469; src: (-5, 19); dst: (0, 0)
event: recharge; timestamp: 209.26; robot: 5; recharging_station: 1; pos: (0, 0); level: 200
event: task_execution; timestamp: 180; task: 100; robot: 1; pos: (-9, 17); time: 10.9321
event: battery_consumption; timestamp: 180; robot: 1; time: 10.9321; initial_level: 168.936; final_level: 165.656
event: task_execution; timestamp: 180; task: 100; robot: 6; pos: (-9, 17); time: 10.9321
event: battery_consumption; timestamp: 180; robot: 6; time: 10.9321; initial_level: 171.826; final_level: 168.546
event: task_execution; timestamp: 180; task: 100; robot: 7; pos: (-9, 17); time: 10.9321
event: battery_consumption; timestamp: 180; robot: 7; time: 10.9321; initial_level: 185.191; final_level: 181.911
event: task_resolution; timestamp: 190.932; task: 100; pos: (-9, 17); status: COMPLETED; attempt: 1
event: battery_consumption; timestamp: 190.932; robot: 6; time: 19.2354; initial_level: 168.546; final_level: 168.546
event: navigation; timestamp: 190.932; robot: 6; time: 19.2354; src: (-9, 17); dst: (0, 0)
event: recharge; timestamp: 210.167; robot: 6; recharging_station: 1; pos: (0, 0); level: 200
event: battery_consumption; timestamp: 190.932; robot: 1; time: 19.2354; initial_level: 165.656; final_level: 165.656
event: navigation; timestamp: 190.932; robot: 1; time: 19.2354; src: (-9, 17); dst: (0, 0)
event: recharge; timestamp: 210.167; robot: 1; recharging_station: 1; pos: (0, 0); level: 200
event: battery_consumption; timestamp: 190.932; robot: 7; time: 19.2354; initial_level: 181.911; final_level: 181.911
event: navigation; timestamp: 190.932; robot: 7; time: 19.2354; src: (-9, 17); dst: (0, 0)
event: robot_finished; timestamp: 210.167; robot: 7; pos: (0, 0); battery: 181.911
event: battery_consumption; timestamp: 197; robot: 8; time: 12.0416; initial_level: 165.979; final_level: 165.979
event: navigation; timestamp: 197; robot: 8; time: 12.0416; src: (9, -8); dst: (0, 0)
event: recharge; timestamp: 209.042; robot: 8; recharging_station: 1; pos: (0, 0); level: 200
event: battery_consumption; timestamp: 197; robot: 9; time: 12.0416; initial_level: 163.31; final_level: 163.31
event: navigation; timestamp: 197; robot: 9; time: 12.0416; src: (9, -8); dst: (0, 0)
event: recharge; timestamp: 209.042; robot: 9; recharging_station: 1; pos: (0, 0); level: 200
event: task_execution; timestamp: 192; task: 80; robot: 2; pos: (7, -3); time: 11.1873
event: battery_consumption; timestamp: 192; robot: 2; time: 11.1873; initial_level: 165.565; final_level: 151.022
event: task_execution; timestamp: 192; task: 80; robot: 4; pos: (7, -3); time: 11.1873
event: battery_consumption; timestamp: 192; robot: 4; time: 11.1873; initial_level: 170.712; final_level: 156.168
event: task_execution; timestamp: 192; task: 80; robot: 10; pos: (7, -3); time: 11.1873
event: battery_consumption; timestamp: 192; robot: 10; time: 11.1873; initial_level: 188.63; final_level: 174.086
event: task_resolution; timestamp: 203.187; task: 80; pos: (7, -3); status: COMPLETED; attempt: 1
event: battery_consumption; timestamp: 203.187; robot: 10; time: 7.61577; initial_level: 174.086; final_level: 174.086
event: navigation; timestamp: 203.187; robot: 10; time: 7.61577; src: (7, -3); dst: (0, 0)
event: recharge; timestamp: 210.803; robot: 10; recharging_station: 1; pos: (0, 0); level: 200
event: battery_consumption; timestamp: 203.187; robot: 4; time: 7.61577; initial_level: 156.168; final_level: 156.168
event: navigation; timestamp: 203.187; robot: 4; time: 7.61577; src: (7, -3); dst: (0, 0)
event: recharge; timestamp: 210.803; robot: 4; recharging_station: 1; pos: (0, 0); level: 200
event: battery_consumption; timestamp: 203.187; robot: 2; time: 7.61577; initial_level: 151.022; final_level: 151.022
event: navigation; timestamp: 203.187; robot: 2; time: 7.61577; src: (7, -3); dst: (0, 0)
event: recharge; timestamp: 210.803; robot: 2; recharging_station: 1; pos: (0, 0); level: 200
event: task_resolution; timestamp: 206.001; task: 91; pos: (9, -8); status: COMPLETED; attempt: 1
event: battery_consumption; timestamp: 208; robot: 3; time: 21.095; initial_level: 153.324; final_level: 153.324
event: navigation; timestamp: 208; robot: 3; time: 21.095; src: (21, 2); dst: (0, 0)
event: recharge; timestamp: 229.095; robot: 3; recharging_station: 1; pos: (0, 0); level: 200
event: robot_finished; timestamp: 209.042; robot: 9; pos: (0, 0); battery: 200
event: robot_finished; timestamp: 209.042; robot: 8; pos: (0, 0); battery: 200
event: robot_finished; timestamp: 209.26; robot: 5; pos: (0, 0); battery: 200
event: robot_finished; timestamp: 210.167; robot: 6; pos: (0, 0); battery: 200
event: robot_finished; timestamp: 210.167; robot: 1; pos: (0, 0); battery: 200
event: robot_finished; timestamp: 210.803; robot: 2; pos: (0, 0); battery: 200
event: robot_finished; timestamp: 210.803; robot: 10; pos: (0, 0); battery: 200
event: robot_finished; timestamp: 210.803; robot: 4; pos: (0, 0); battery: 200
event: robot_finished; timestamp: 229.095; robot: 3; pos: (0, 0); battery: 200
metric: available_agents; value: 0
metric: failed_agents; value: 0
metric: finished_agents; value: 10
metric: completed_tasks; value: 16
metric: pending_tasks; value: 0
metric: failed_tasks; value: 84
metric: average_robot_makespan; value: 211.935
metric: sd_robot_makespan; value: 6.06977
metric: max_robot_makespan; value: 229.095
metric: min_robot_makespan; value: 209.042
metric: average_robot_travel_distance; value: 88.2108
metric: sd_robot_travel_distance; value: 23.529
metric: max_robot_travel_distance; value: 128.147
metric: min_robot_travel_distance; value: 60.699
metric: sum_robot_travel_distance; value: 882.108
metric: average_completed_tasks_by_robot; value: 0
metric: sd_completed_tasks_by_robot; value: 0
metric: max_completed_tasks_by_robot; value: 0
metric: min_completed_tasks_by_robot; value: 0
metric: final_reward; value: 0.16
metric: computing_time; value: 42.7792
