info: solver_name; value: cbaa
info: reward_function; value: reward00
info: replica; value: 1
info: filename; value: ../logs/prueba/rc108_10r_100t_b0f5abc8_cbaa_reward00_001.log
info: scenario_name; value: rc108_10r_100t_b0f5abc8
info: scenario_name; value: rc108_10r_100t_b0f5abc8
info: number_of_tasks; value: 100
info: number_of_robots; value: 10
info: number_of_recharging_stations; value: 1
info: scenario_size; value: (132,132)
event: recharging_station_spawn; timestamp: 0; recharging_station: 1; pos: (0, 0)
event: task_spawn; timestamp: 0; task: 1; pos: (-15, 35); earliest_start: 49; latest_start: 191; state: PENDING; required_workers: 1; success_prob: 0.2; max_attempts: 1
event: task_spawn; timestamp: 0; task: 2; pos: (-18, 25); earliest_start: 30; latest_start: 168; state: PENDING; required_workers: 1; success_prob: 0.2; max_attempts: 1
event: task_spawn; timestamp: 0; task: 3; pos: (-18, 35); earliest_start: 95; latest_start: 152; state: PENDING; required_workers: 1; success_prob: 0.2; max_attempts: 1
event: task_spawn; timestamp: 0; task: 4; pos: (-20, 30); earliest_start: 69; latest_start: 193; state: PENDING; required_workers: 1; success_prob: 0.2; max_attempts: 1
event: task_spawn; timestamp: 0; task: 5; pos: (-20, 35); earliest_start: 40; latest_start: 189; state: PENDING; required_workers: 1; success_prob: 0.2; max_attempts: 1
event: task_spawn; timestamp: 0; task: 6; pos: (-22, 25); earliest_start: 60; latest_start: 159; state: PENDING; required_workers: 1; success_prob: 0.2; max_attempts: 1
event: task_spawn; timestamp: 0; task: 7; pos: (-25, 25); earliest_start: 54; latest_start: 133; state: PENDING; required_workers: 1; success_prob: 0.2; max_attempts: 1
event: task_spawn; timestamp: 0; task: 8; pos: (-25, 30); earliest_start: 67; latest_start: 144; state: PENDING; required_workers: 1; success_prob: 0.2; max_attempts: 1
event: task_spawn; timestamp: 0; task: 9; pos: (-30, -15); earliest_start: 57; latest_start: 154; state: PENDING; required_workers: 1; success_prob: 0.2; max_attempts: 1
event: task_spawn; timestamp: 0; task: 10; pos: (-30, -10); earliest_start: 106; latest_start: 161; state: PENDING; required_workers: 1; success_prob: 0.2; max_attempts: 1
event: task_spawn; timestamp: 0; task: 11; pos: (-32, -10); earliest_start: 33; latest_start: 152; state: PENDING; required_workers: 2; success_prob: 0.2; max_attempts: 1
event: task_spawn; timestamp: 0; task: 12; pos: (-32, -5); earliest_start: 32; latest_start: 148; state: PENDING; required_workers: 2; success_prob: 0.2; max_attempts: 1
event: task_spawn; timestamp: 0; task: 13; pos: (-35, -15); earliest_start: 53; latest_start: 191; state: PENDING; required_workers: 2; success_prob: 0.2; max_attempts: 1
event: task_spawn; timestamp: 0; task: 14; pos: (-35, -5); earliest_start: 35; latest_start: 194; state: PENDING; required_workers: 2; success_prob: 0.2; max_attempts: 1
event: task_spawn; timestamp: 0; task: 15; pos: (-38, -10); earliest_start: 39; latest_start: 163; state: PENDING; required_workers: 2; success_prob: 0.2; max_attempts: 1
event: task_spawn; timestamp: 0; task: 16; pos: (-40, -10); earliest_start: 41; latest_start: 141; state: PENDING; required_workers: 2; success_prob: 0.2; max_attempts: 1
event: task_spawn; timestamp: 0; task: 17; pos: (-40, -5); earliest_start: 51; latest_start: 189; state: PENDING; required_workers: 3; success_prob: 0.2; max_attempts: 1
event: task_spawn; timestamp: 0; task: 18; pos: (4, -45); earliest_start: 73; latest_start: 130; state: PENDING; required_workers: 3; success_prob: 0.2; max_attempts: 1
event: task_spawn; timestamp: 0; task: 19; pos: (2, -40); earliest_start: 40; latest_start: 148; state: PENDING; required_workers: 3; success_prob: 0.2; max_attempts: 1
event: task_spawn; timestamp: 0; task: 20; pos: (2, -35); earliest_start: 94; latest_start: 179; state: PENDING; required_workers: 3; success_prob: 0.2; max_attempts: 1
event: task_spawn; timestamp: 0; task: 21; pos: (0, -45); earliest_start: 45; latest_start: 161; state: PENDING; required_workers: 1; success_prob: 0.4; max_attempts: 1
event: task_spawn; timestamp: 0; task: 22; pos: (0, -35); earliest_start: 64; latest_start: 149; state: PENDING; required_workers: 1; success_prob: 0.4; max_attempts: 1
event: task_spawn; timestamp: 0; task: 23; pos: (-2, -45); earliest_start: 45; latest_start: 164; state: PENDING; required_workers: 1; success_prob: 0.4; max_attempts: 1
event: task_spawn; timestamp: 0; task: 24; pos: (-2, -35); earliest_start: 51; latest_start: 194; state: PENDING; required_workers: 1; success_prob: 0.4; max_attempts: 1
event: task_spawn; timestamp: 0; task: 25; pos: (-5, -45); earliest_start: 45; latest_start: 183; state: PENDING; required_workers: 1; success_prob: 0.4; max_attempts: 1
event: task_spawn; timestamp: 0; task: 26; pos: (55, -20); earliest_start: 90; latest_start: 169; state: PENDING; required_workers: 1; success_prob: 0.4; max_attempts: 1
event: task_spawn; timestamp: 0; task: 27; pos: (55, -15); earliest_start: 57; latest_start: 172; state: PENDING; required_workers: 1; success_prob: 0.4; max_attempts: 1
event: task_spawn; timestamp: 0; task: 28; pos: (52, -20); earliest_start: 55; latest_start: 174; state: PENDING; required_workers: 1; success_prob: 0.4; max_attempts: 1
event: task_spawn; timestamp: 0; task: 29; pos: (50, -15); earliest_start: 52; latest_start: 174; state: PENDING; required_workers: 1; success_prob: 0.4; max_attempts: 1
event: task_spawn; timestamp: 0; task: 30; pos: (48, -20); earliest_start: 52; latest_start: 147; state: PENDING; required_workers: 1; success_prob: 0.4; max_attempts: 1
event: task_spawn; timestamp: 0; task: 31; pos: (48, -15); earliest_start: 50; latest_start: 172; state: PENDING; required_workers: 2; success_prob: 0.4; max_attempts: 1
event: task_spawn; timestamp: 0; task: 32; pos: (47, -20); earliest_start: 61; latest_start: 178; state: PENDING; required_workers: 2; success_prob: 0.4; max_attempts: 1
event: task_spawn; timestamp: 0; task: 33; pos: (45, -25); earliest_start: 51; latest_start: 178; state: PENDING; required_workers: 2; success_prob: 0.4; max_attempts: 1
event: task_spawn; timestamp: 0; task: 34; pos: (45, -15); earliest_start: 83; latest_start: 168; state: PENDING; required_workers: 2; success_prob: 0.4; max_attempts: 1
event: task_spawn; timestamp: 0; task: 35; pos: (27, 35); earliest_start: 57; latest_start: 185; state: PENDING; required_workers: 2; success_prob: 0.4; max_attempts: 1
event: task_spawn; timestamp: 0; task: 36; pos: (25, 35); earliest_start: 43; latest_start: 186; state: PENDING; required_workers: 2; success_prob: 0.4; max_attempts: 1
event: task_spawn; timestamp: 0; task: 37; pos: (25, 32); earliest_start: 95; latest_start: 182; state: PENDING; required_workers: 3; success_prob: 0.4; max_attempts: 1
event: task_spawn; timestamp: 0; task: 38; pos: (22, 30); earliest_start: 38; latest_start: 141; state: PENDING; required_workers: 3; success_prob: 0.4; max_attempts: 1
event: task_spawn; timestamp: 0; task: 39; pos: (20, 30); earliest_start: 36; latest_start: 193; state: PENDING; required_workers: 3; success_prob: 0.4; max_attempts: 1
event: task_spawn; timestamp: 0; task: 40; pos: (20, 35); earliest_start: 61; latest_start: 138; state: PENDING; required_workers: 3; success_prob: 0.4; max_attempts: 1
event: task_spawn; timestamp: 0; task: 41; pos: (18, 25); earliest_start: 49; latest_start: 164; state: PENDING; required_workers: 1; success_prob: 0.6; max_attempts: 1
event: task_spawn; timestamp: 0; task: 42; pos: (15, 30); earliest_start: 33; latest_start: 180; state: PENDING; required_workers: 1; success_prob: 0.6; max_attempts: 1
event: task_spawn; timestamp: 0; task: 43; pos: (15, 35); earliest_start: 100; latest_start: 185; state: PENDING; required_workers: 1; success_prob: 0.6; max_attempts: 1
event: task_spawn; timestamp: 0; task: 44; pos: (15, 32); earliest_start: 35; latest_start: 142; state: PENDING; required_workers: 1; success_prob: 0.6; max_attempts: 1
event: task_spawn; timestamp: 0; task: 45; pos: (-20, 32); earliest_start: 37; latest_start: 192; state: PENDING; required_workers: 1; success_prob: 0.6; max_attempts: 1
event: task_spawn; timestamp: 0; task: 46; pos: (-22, 30); earliest_start: 71; latest_start: 184; state: PENDING; required_workers: 1; success_prob: 0.6; max_attempts: 1
event: task_spawn; timestamp: 0; task: 47; pos: (-38, -5); earliest_start: 38; latest_start: 191; state: PENDING; required_workers: 1; success_prob: 0.6; max_attempts: 1
event: task_spawn; timestamp: 0; task: 48; pos: (2, -45); earliest_start: 50; latest_start: 184; state: PENDING; required_workers: 1; success_prob: 0.6; max_attempts: 1
event: task_spawn; timestamp: 0; task: 49; pos: (2, -38); earliest_start: 99; latest_start: 138; state: PENDING; required_workers: 1; success_prob: 0.6; max_attempts: 1
event: task_spawn; timestamp: 0; task: 50; pos: (32, -15); earliest_start: 83; latest_start: 178; state: PENDING; required_workers: 1; success_prob: 0.6; max_attempts: 1
event: task_spawn; timestamp: 0; task: 51; pos: (15, -30); earliest_start: 45; latest_start: 150; state: PENDING; required_workers: 2; success_prob: 0.6; max_attempts: 1
event: task_spawn; timestamp: 0; task: 52; pos: (-15, -20); earliest_start: 25; latest_start: 150; state: PENDING; required_workers: 2; success_prob: 0.6; max_attempts: 1
event: task_spawn; timestamp: 0; task: 53; pos: (-20, 0); earliest_start: 68; latest_start: 143; state: PENDING; required_workers: 2; success_prob: 0.6; max_attempts: 1
event: task_spawn; timestamp: 0; task: 54; pos: (15, 10); earliest_start: 107; latest_start: 200; state: PENDING; required_workers: 2; success_prob: 0.6; max_attempts: 1
event: task_spawn; timestamp: 0; task: 55; pos: (-10, 10); earliest_start: 95; latest_start: 214; state: PENDING; required_workers: 2; success_prob: 0.6; max_attempts: 1
event: task_spawn; timestamp: 0; task: 56; pos: (10, -15); earliest_start: 91; latest_start: 198; state: PENDING; required_workers: 2; success_prob: 0.6; max_attempts: 1
event: task_spawn; timestamp: 0; task: 57; pos: (-10, -25); earliest_start: 56; latest_start: 165; state: PENDING; required_workers: 3; success_prob: 0.6; max_attempts: 1
event: task_spawn; timestamp: 0; task: 58; pos: (-25, -40); earliest_start: 51; latest_start: 182; state: PENDING; required_workers: 3; success_prob: 0.6; max_attempts: 1
event: task_spawn; timestamp: 0; task: 59; pos: (-30, -30); earliest_start: 42; latest_start: 187; state: PENDING; required_workers: 3; success_prob: 0.6; max_attempts: 1
event: task_spawn; timestamp: 0; task: 60; pos: (-25, 10); earliest_start: 62; latest_start: 203; state: PENDING; required_workers: 3; success_prob: 0.6; max_attempts: 1
event: task_spawn; timestamp: 0; task: 61; pos: (5, 15); earliest_start: 37; latest_start: 124; state: PENDING; required_workers: 1; success_prob: 0.8; max_attempts: 1
event: task_spawn; timestamp: 0; task: 62; pos: (25, -15); earliest_start: 29; latest_start: 168; state: PENDING; required_workers: 1; success_prob: 0.8; max_attempts: 1
event: task_spawn; timestamp: 0; task: 63; pos: (25, -30); earliest_start: 39; latest_start: 190; state: PENDING; required_workers: 1; success_prob: 0.8; max_attempts: 1
event: task_spawn; timestamp: 0; task: 64; pos: (5, -20); earliest_start: 20; latest_start: 139; state: PENDING; required_workers: 1; success_prob: 0.8; max_attempts: 1
event: task_spawn; timestamp: 0; task: 65; pos: (-5, -10); earliest_start: 11; latest_start: 150; state: PENDING; required_workers: 1; success_prob: 0.8; max_attempts: 1
event: task_spawn; timestamp: 0; task: 66; pos: (1, -13); earliest_start: 97; latest_start: 198; state: PENDING; required_workers: 1; success_prob: 0.8; max_attempts: 1
event: task_spawn; timestamp: 0; task: 67; pos: (24, -8); earliest_start: 31; latest_start: 138; state: PENDING; required_workers: 1; success_prob: 0.8; max_attempts: 1
event: task_spawn; timestamp: 0; task: 68; pos: (0, 10); earliest_start: 101; latest_start: 216; state: PENDING; required_workers: 1; success_prob: 0.8; max_attempts: 1
event: task_spawn; timestamp: 0; task: 69; pos: (-9, 2); earliest_start: 9; latest_start: 139; state: PENDING; required_workers: 1; success_prob: 0.8; max_attempts: 1
event: task_spawn; timestamp: 0; task: 70; pos: (-5, 19); earliest_start: 30; latest_start: 210; state: PENDING; required_workers: 1; success_prob: 0.8; max_attempts: 1
event: task_spawn; timestamp: 0; task: 71; pos: (25, 5); earliest_start: 30; latest_start: 129; state: PENDING; required_workers: 2; success_prob: 0.8; max_attempts: 1
event: task_spawn; timestamp: 0; task: 72; pos: (23, 15); earliest_start: 27; latest_start: 202; state: PENDING; required_workers: 2; success_prob: 0.8; max_attempts: 1
event: task_spawn; timestamp: 0; task: 73; pos: (-38, 10); earliest_start: 46; latest_start: 137; state: PENDING; required_workers: 2; success_prob: 0.8; max_attempts: 1
event: task_spawn; timestamp: 0; task: 74; pos: (-20, -30); earliest_start: 71; latest_start: 193; state: PENDING; required_workers: 2; success_prob: 0.8; max_attempts: 1
event: task_spawn; timestamp: 0; task: 75; pos: (-35, -45); earliest_start: 57; latest_start: 165; state: PENDING; required_workers: 2; success_prob: 0.8; max_attempts: 1
event: task_spawn; timestamp: 0; task: 76; pos: (20, -38); earliest_start: 48; latest_start: 131; state: PENDING; required_workers: 2; success_prob: 0.8; max_attempts: 1
event: task_spawn; timestamp: 0; task: 77; pos: (-17, -47); earliest_start: 49; latest_start: 180; state: PENDING; required_workers: 3; success_prob: 0.8; max_attempts: 1
event: task_spawn; timestamp: 0; task: 78; pos: (-32, 6); earliest_start: 47; latest_start: 162; state: PENDING; required_workers: 3; success_prob: 0.8; max_attempts: 1
event: task_spawn; timestamp: 0; task: 79; pos: (-34, 18); earliest_start: 65; latest_start: 142; state: PENDING; required_workers: 3; success_prob: 0.8; max_attempts: 1
event: task_spawn; timestamp: 0; task: 80; pos: (7, -3); earliest_start: 93; latest_start: 222; state: PENDING; required_workers: 3; success_prob: 0.8; max_attempts: 1
event: task_spawn; timestamp: 0; task: 81; pos: (9, 8); earliest_start: 78; latest_start: 123; state: PENDING; required_workers: 1; success_prob: 1; max_attempts: 1
event: task_spawn; timestamp: 0; task: 82; pos: (-13, -7); earliest_start: 14; latest_start: 140; state: PENDING; required_workers: 1; success_prob: 1; max_attempts: 1
event: task_spawn; timestamp: 0; task: 83; pos: (-3, -19); earliest_start: 19; latest_start: 172; state: PENDING; required_workers: 1; success_prob: 1; max_attempts: 1
event: task_spawn; timestamp: 0; task: 84; pos: (17, -21); earliest_start: 73; latest_start: 148; state: PENDING; required_workers: 1; success_prob: 1; max_attempts: 1
event: task_spawn; timestamp: 0; task: 85; pos: (23, -27); earliest_start: 59; latest_start: 144; state: PENDING; required_workers: 1; success_prob: 1; max_attempts: 1
event: task_spawn; timestamp: 0; task: 86; pos: (-19, -26); earliest_start: 63; latest_start: 140; state: PENDING; required_workers: 1; success_prob: 1; max_attempts: 1
event: task_spawn; timestamp: 0; task: 87; pos: (-28, -26); earliest_start: 91; latest_start: 118; state: PENDING; required_workers: 1; success_prob: 1; max_attempts: 1
event: task_spawn; timestamp: 0; task: 88; pos: (-16, 8); earliest_start: 27; latest_start: 136; state: PENDING; required_workers: 1; success_prob: 1; max_attempts: 1
event: task_spawn; timestamp: 0; task: 89; pos: (27, -45); earliest_start: 52; latest_start: 177; state: PENDING; required_workers: 1; success_prob: 1; max_attempts: 1
event: task_spawn; timestamp: 0; task: 90; pos: (-3, -3); earliest_start: 53; latest_start: 148; state: PENDING; required_workers: 1; success_prob: 1; max_attempts: 1
event: task_spawn; timestamp: 0; task: 91; pos: (9, -8); earliest_start: 89; latest_start: 217; state: PENDING; required_workers: 2; success_prob: 1; max_attempts: 1
event: task_spawn; timestamp: 0; task: 92; pos: (13, -7); earliest_start: 14; latest_start: 177; state: PENDING; required_workers: 2; success_prob: 1; max_attempts: 1
event: task_spawn; timestamp: 0; task: 93; pos: (21, 2); earliest_start: 50; latest_start: 208; state: PENDING; required_workers: 2; success_prob: 1; max_attempts: 1
event: task_spawn; timestamp: 0; task: 94; pos: (17, -2); earliest_start: 76; latest_start: 143; state: PENDING; required_workers: 2; success_prob: 1; max_attempts: 1
event: task_spawn; timestamp: 0; task: 95; pos: (16, -13); earliest_start: 20; latest_start: 159; state: PENDING; required_workers: 2; success_prob: 1; max_attempts: 1
event: task_spawn; timestamp: 0; task: 96; pos: (15, 4); earliest_start: 105; latest_start: 188; state: PENDING; required_workers: 2; success_prob: 1; max_attempts: 1
event: task_spawn; timestamp: 0; task: 97; pos: (-36, -32); earliest_start: 104; latest_start: 165; state: PENDING; required_workers: 3; success_prob: 1; max_attempts: 1
event: task_spawn; timestamp: 0; task: 98; pos: (-14, 2); earliest_start: 14; latest_start: 136; state: PENDING; required_workers: 3; success_prob: 1; max_attempts: 1
event: task_spawn; timestamp: 0; task: 99; pos: (-14, -15); earliest_start: 42; latest_start: 141; state: PENDING; required_workers: 3; success_prob: 1; max_attempts: 1
event: task_spawn; timestamp: 0; task: 100; pos: (-9, 17); earliest_start: 43; latest_start: 210; state: PENDING; required_workers: 3; success_prob: 1; max_attempts: 1
event: robot_spawn; timestamp: 0; robot: 1; pos: (0, 0); state: AVAILABLE; battery_level: 200; battery_capacity: 200; velocity: 1; battery_rate_nav: 0
event: robot_spawn; timestamp: 0; robot: 2; pos: (0, 0); state: AVAILABLE; battery_level: 200; battery_capacity: 200; velocity: 1; battery_rate_nav: 0
event: robot_spawn; timestamp: 0; robot: 3; pos: (0, 0); state: AVAILABLE; battery_level: 200; battery_capacity: 200; velocity: 1; battery_rate_nav: 0
event: robot_spawn; timestamp: 0; robot: 4; pos: (0, 0); state: AVAILABLE; battery_level: 200; battery_capacity: 200; velocity: 1; battery_rate_nav: 0
event: robot_spawn; timestamp: 0; robot: 5; pos: (0, 0); state: AVAILABLE; battery_level: 200; battery_capacity: 200; velocity: 1; battery_rate_nav: 0
event: robot_spawn; timestamp: 0; robot: 6; pos: (0, 0); state: AVAILABLE; battery_level: 200; battery_capacity: 200; velocity: 1; battery_rate_nav: 0
event: robot_spawn; timestamp: 0; robot: 7; pos: (0, 0); state: AVAILABLE; battery_level: 200; battery_capacity: 200; velocity: 1; battery_rate_nav: 0
event: robot_spawn; timestamp: 0; robot: 8; pos: (0, 0); state: AVAILABLE; battery_level: 200; battery_capacity: 200; velocity: 1; battery_rate_nav: 0
event: robot_spawn; timestamp: 0; robot: 9; pos: (0, 0); state: AVAILABLE; battery_level: 200; battery_capacity: 200; velocity: 1; battery_rate_nav: 0
event: robot_spawn; timestamp: 0; robot: 10; pos: (0, 0); state: AVAILABLE; battery_level: 200; battery_capacity: 200; velocity: 1; battery_rate_nav: 0
event: robot_finished; timestamp: 0; robot: 8; pos: (0, 0); battery: 200
event: robot_finished; timestamp: 0; robot: 10; pos: (0, 0); battery: 200
event: battery_consumption; timestamp: 0; robot: 3; time: 14.1421; initial_level: 200; final_level: 200
event: navigation; timestamp: 0; robot: 3; time: 14.1421; src: (0, 0); dst: (-14, 2)
event: robot_finished; timestamp: 0; robot: 9; pos: (0, 0); battery: 200
event: robot_finished; timestamp: 0; robot: 6; pos: (0, 0); battery: 200
event: robot_finished; timestamp: 0; robot: 5; pos: (0, 0); battery: 200
event: battery_consumption; timestamp: 0; robot: 1; time: 9.21954; initial_level: 200; final_level: 200
event: navigation; timestamp: 0; robot: 1; time: 9.21954; src: (0, 0); dst: (-9, 2)
event: battery_consumption; timestamp: 0; robot: 7; time: 36.0555; initial_level: 200; final_level: 200
event: navigation; timestamp: 0; robot: 7; time: 36.0555; src: (0, 0); dst: (20, 30)
event: battery_consumption; timestamp: 0; robot: 2; time: 11.1803; initial_level: 200; final_level: 200
event: navigation; timestamp: 0; robot: 2; time: 11.1803; src: (0, 0); dst: (-5, -10)
event: battery_consumption; timestamp: 0; robot: 4; time: 14.1421; initial_level: 200; final_level: 200
event: navigation; timestamp: 0; robot: 4; time: 14.1421; src: (0, 0); dst: (-14, 2)
event: task_execution; timestamp: 9.21954; task: 69; robot: 1; pos: (-9, 2); time: 11.093
event: battery_consumption; timestamp: 9.21954; robot: 1; time: 11.093; initial_level: 200; final_level: 170.049
event: task_resolution; timestamp: 20.3126; task: 69; pos: (-9, 2); status: COMPLETED; attempt: 1
event: battery_consumption; timestamp: 20.3126; robot: 1; time: 5; initial_level: 170.049; final_level: 170.049
event: navigation; timestamp: 20.3126; robot: 1; time: 5; src: (-9, 2); dst: (-14, 2)
event: task_execution; timestamp: 11.1803; task: 65; robot: 2; pos: (-5, -10); time: 10.393
event: battery_consumption; timestamp: 11.1803; robot: 2; time: 10.393; initial_level: 200; final_level: 183.371
event: task_resolution; timestamp: 21.5734; task: 65; pos: (-5, -10); status: COMPLETED; attempt: 1
event: battery_consumption; timestamp: 21.5734; robot: 2; time: 8.544; initial_level: 183.371; final_level: 183.371
event: navigation; timestamp: 21.5734; robot: 2; time: 8.544; src: (-5, -10); dst: (-13, -7)
event: task_execution; timestamp: 25.3126; task: 98; robot: 1; pos: (-14, 2); time: 9.94785
event: battery_consumption; timestamp: 25.3126; robot: 1; time: 9.94785; initial_level: 170.049; final_level: 161.096
event: task_execution; timestamp: 25.3126; task: 98; robot: 3; pos: (-14, 2); time: 9.94785
event: battery_consumption; timestamp: 25.3126; robot: 3; time: 9.94785; initial_level: 200; final_level: 191.047
event: task_execution; timestamp: 25.3126; task: 98; robot: 4; pos: (-14, 2); time: 9.94785
event: battery_consumption; timestamp: 25.3126; robot: 4; time: 9.94785; initial_level: 200; final_level: 191.047
event: task_resolution; timestamp: 35.2604; task: 98; pos: (-14, 2); status: COMPLETED; attempt: 1
event: battery_consumption; timestamp: 35.2604; robot: 3; time: 15.8114; initial_level: 191.047; final_level: 191.047
event: navigation; timestamp: 35.2604; robot: 3; time: 15.8114; src: (-14, 2); dst: (-9, 17)
event: battery_consumption; timestamp: 35.2604; robot: 1; time: 6.32456; initial_level: 161.096; final_level: 161.096
event: navigation; timestamp: 35.2604; robot: 1; time: 6.32456; src: (-14, 2); dst: (-16, 8)
event: battery_consumption; timestamp: 35.2604; robot: 4; time: 15.8114; initial_level: 191.047; final_level: 191.047
event: navigation; timestamp: 35.2604; robot: 4; time: 15.8114; src: (-14, 2); dst: (-9, 17)
event: task_execution; timestamp: 30.1174; task: 82; robot: 2; pos: (-13, -7); time: 11.0606
event: battery_consumption; timestamp: 30.1174; robot: 2; time: 11.0606; initial_level: 183.371; final_level: 173.417
event: task_resolution; timestamp: 41.178; task: 82; pos: (-13, -7); status: COMPLETED; attempt: 1
event: battery_consumption; timestamp: 41.178; robot: 2; time: 10.7703; initial_level: 173.417; final_level: 173.417
event: navigation; timestamp: 41.178; robot: 2; time: 10.7703; src: (-13, -7); dst: (-3, -3)
event: task_execution; timestamp: 41.585; task: 88; robot: 1; pos: (-16, 8); time: 11.0612
event: battery_consumption; timestamp: 41.585; robot: 1; time: 11.0612; initial_level: 161.096; final_level: 140.079
event: task_resolution; timestamp: 52.6462; task: 88; pos: (-16, 8); status: COMPLETED; attempt: 1
event: battery_consumption; timestamp: 52.6462; robot: 1; time: 11.4018; initial_level: 140.079; final_level: 140.079
event: navigation; timestamp: 52.6462; robot: 1; time: 11.4018; src: (-16, 8); dst: (-9, 17)
event: task_execution; timestamp: 53; task: 90; robot: 2; pos: (-3, -3); time: 9.75085
event: battery_consumption; timestamp: 53; robot: 2; time: 9.75085; initial_level: 173.417; final_level: 167.566
event: task_resolution; timestamp: 62.7508; task: 90; pos: (-3, -3); status: COMPLETED; attempt: 1
event: battery_consumption; timestamp: 62.7508; robot: 2; time: 16; initial_level: 167.566; final_level: 167.566
event: navigation; timestamp: 62.7508; robot: 2; time: 16; src: (-3, -3); dst: (-3, -19)
event: task_execution; timestamp: 64.0479; task: 100; robot: 1; pos: (-9, 17); time: 9.35169
event: battery_consumption; timestamp: 64.0479; robot: 1; time: 9.35169; initial_level: 140.079; final_level: 137.274
event: task_execution; timestamp: 64.0479; task: 100; robot: 3; pos: (-9, 17); time: 9.35169
event: battery_consumption; timestamp: 64.0479; robot: 3; time: 9.35169; initial_level: 191.047; final_level: 188.241
event: task_execution; timestamp: 64.0479; task: 100; robot: 4; pos: (-9, 17); time: 9.35169
event: battery_consumption; timestamp: 64.0479; robot: 4; time: 9.35169; initial_level: 191.047; final_level: 188.241
event: task_resolution; timestamp: 73.3996; task: 100; pos: (-9, 17); status: COMPLETED; attempt: 1
event: battery_consumption; timestamp: 73.3996; robot: 4; time: 25.02; initial_level: 188.241; final_level: 188.241
event: navigation; timestamp: 73.3996; robot: 4; time: 25.02; src: (-9, 17); dst: (-34, 18)
event: battery_consumption; timestamp: 73.3996; robot: 3; time: 25.02; initial_level: 188.241; final_level: 188.241
event: navigation; timestamp: 73.3996; robot: 3; time: 25.02; src: (-9, 17); dst: (-34, 18)
event: battery_consumption; timestamp: 73.3996; robot: 1; time: 4.47214; initial_level: 137.274; final_level: 137.274
event: navigation; timestamp: 73.3996; robot: 1; time: 4.47214; src: (-9, 17); dst: (-5, 19)
event: task_execution; timestamp: 77.8718; task: 70; robot: 1; pos: (-5, 19); time: 9.02854
event: battery_consumption; timestamp: 77.8718; robot: 1; time: 9.02854; initial_level: 137.274; final_level: 116.508
event: task_resolution; timestamp: 86.9003; task: 70; pos: (-5, 19); status: COMPLETED; attempt: 1
event: battery_consumption; timestamp: 86.9003; robot: 1; time: 10.7703; initial_level: 116.508; final_level: 116.508
event: navigation; timestamp: 86.9003; robot: 1; time: 10.7703; src: (-5, 19); dst: (5, 15)
event: task_execution; timestamp: 78.7508; task: 83; robot: 2; pos: (-3, -19); time: 11.2333
event: battery_consumption; timestamp: 78.7508; robot: 2; time: 11.2333; initial_level: 167.566; final_level: 151.84
event: task_resolution; timestamp: 89.9841; task: 83; pos: (-3, -19); status: COMPLETED; attempt: 1
event: battery_consumption; timestamp: 89.9841; robot: 2; time: 7.2111; initial_level: 151.84; final_level: 151.84
event: navigation; timestamp: 89.9841; robot: 2; time: 7.2111; src: (-3, -19); dst: (1, -13)
event: task_execution; timestamp: 97.1952; task: 66; robot: 2; pos: (1, -13); time: 10.1003
event: battery_consumption; timestamp: 97.1952; robot: 2; time: 10.1003; initial_level: 151.84; final_level: 135.679
event: task_resolution; timestamp: 107.295; task: 66; pos: (1, -13); status: COMPLETED; attempt: 1
event: battery_consumption; timestamp: 107.295; robot: 2; time: 8.06226; initial_level: 135.679; final_level: 135.679
event: navigation; timestamp: 107.295; robot: 2; time: 8.06226; src: (1, -13); dst: (5, -20)
event: task_execution; timestamp: 97.6706; task: 61; robot: 1; pos: (5, 15); time: 9.84327
event: battery_consumption; timestamp: 97.6706; robot: 1; time: 9.84327; initial_level: 116.508; final_level: 107.649
event: task_resolution; timestamp: 107.514; task: 61; pos: (5, 15); status: COMPLETED; attempt: 1
event: battery_consumption; timestamp: 107.514; robot: 1; time: 8.06226; initial_level: 107.649; final_level: 107.649
event: navigation; timestamp: 107.514; robot: 1; time: 8.06226; src: (5, 15); dst: (9, 8)
event: battery_consumption; timestamp: 123; robot: 1; time: 9.21954; initial_level: 107.649; final_level: 107.649
event: navigation; timestamp: 123; robot: 1; time: 9.21954; src: (9, 8); dst: (0, 10)
event: task_resolution; timestamp: 125.303; task: 81; pos: (9, 8); status: COMPLETED; attempt: 1
event: task_execution; timestamp: 115.358; task: 64; robot: 2; pos: (5, -20); time: 10.5525
event: battery_consumption; timestamp: 115.358; robot: 2; time: 10.5525; initial_level: 135.679; final_level: 117.74
event: task_resolution; timestamp: 125.91; task: 64; pos: (5, -20); status: COMPLETED; attempt: 1
event: battery_consumption; timestamp: 125.91; robot: 2; time: 12.0416; initial_level: 117.74; final_level: 117.74
event: navigation; timestamp: 125.91; robot: 2; time: 12.0416; src: (5, -20); dst: (17, -21)
event: battery_consumption; timestamp: 142; robot: 4; time: 12.1655; initial_level: 188.241; final_level: 188.241
event: navigation; timestamp: 142; robot: 4; time: 12.1655; src: (-34, 18); dst: (-32, 6)
event: battery_consumption; timestamp: 142; robot: 3; time: 12.1655; initial_level: 188.241; final_level: 188.241
event: navigation; timestamp: 142; robot: 3; time: 12.1655; src: (-34, 18); dst: (-32, 6)
event: task_execution; timestamp: 132.22; task: 68; robot: 1; pos: (0, 10); time: 10.994
event: battery_consumption; timestamp: 132.22; robot: 1; time: 10.994; initial_level: 107.649; final_level: 84.5619
event: task_resolution; timestamp: 143.214; task: 68; pos: (0, 10); status: COMPLETED; attempt: 1
event: battery_consumption; timestamp: 143.214; robot: 1; time: 16.1555; initial_level: 84.5619; final_level: 84.5619
event: navigation; timestamp: 143.214; robot: 1; time: 16.1555; src: (0, 10); dst: (15, 4)
event: battery_consumption; timestamp: 148; robot: 2; time: 10; initial_level: 117.74; final_level: 117.74
event: navigation; timestamp: 148; robot: 2; time: 10; src: (17, -21); dst: (25, -15)
event: task_resolution; timestamp: 148.173; task: 84; pos: (17, -21); status: COMPLETED; attempt: 1
event: battery_consumption; timestamp: 162; robot: 4; time: 8.06226; initial_level: 188.241; final_level: 188.241
event: navigation; timestamp: 162; robot: 4; time: 8.06226; src: (-32, 6); dst: (-25, 10)
event: battery_consumption; timestamp: 162; robot: 3; time: 12.53; initial_level: 188.241; final_level: 188.241
event: navigation; timestamp: 162; robot: 3; time: 12.53; src: (-32, 6); dst: (-38, -5)
event: battery_consumption; timestamp: 168; robot: 2; time: 7; initial_level: 117.74; final_level: 117.74
event: navigation; timestamp: 168; robot: 2; time: 7; src: (25, -15); dst: (32, -15)
event: task_resolution; timestamp: 168.218; task: 62; pos: (25, -15); status: COMPLETED; attempt: 1
event: battery_consumption; timestamp: 178; robot: 2; time: 20.2485; initial_level: 117.74; final_level: 117.74
event: navigation; timestamp: 178; robot: 2; time: 20.2485; src: (32, -15); dst: (21, 2)
event: task_execution; timestamp: 174.53; task: 47; robot: 3; pos: (-38, -5); time: 10.2838
event: battery_consumption; timestamp: 174.53; robot: 3; time: 10.2838; initial_level: 188.241; final_level: 177.958
event: task_resolution; timestamp: 184.814; task: 47; pos: (-38, -5); status: COMPLETED; attempt: 1
event: battery_consumption; timestamp: 184.814; robot: 3; time: 3; initial_level: 177.958; final_level: 177.958
event: navigation; timestamp: 184.814; robot: 3; time: 3; src: (-38, -5); dst: (-35, -5)
event: task_resolution; timestamp: 185.13; task: 50; pos: (32, -15); status: FAILED; attempt: 1
event: battery_consumption; timestamp: 188; robot: 1; time: 6.32456; initial_level: 84.5619; final_level: 84.5619
event: navigation; timestamp: 188; robot: 1; time: 6.32456; src: (15, 4); dst: (21, 2)
event: battery_consumption; timestamp: 193; robot: 7; time: 36.0555; initial_level: 200; final_level: 200
event: navigation; timestamp: 193; robot: 7; time: 36.0555; src: (20, 30); dst: (0, 0)
event: recharge; timestamp: 229.056; robot: 7; recharging_station: 1; pos: (0, 0); level: 200
event: battery_consumption; timestamp: 194; robot: 3; time: 35.3553; initial_level: 177.958; final_level: 177.958
event: navigation; timestamp: 194; robot: 3; time: 35.3553; src: (-35, -5); dst: (0, 0)
event: recharge; timestamp: 229.355; robot: 3; recharging_station: 1; pos: (0, 0); level: 200
event: battery_consumption; timestamp: 203; robot: 4; time: 26.9258; initial_level: 188.241; final_level: 188.241
event: navigation; timestamp: 203; robot: 4; time: 26.9258; src: (-25, 10); dst: (0, 0)
event: recharge; timestamp: 229.926; robot: 4; recharging_station: 1; pos: (0, 0); level: 200
event: task_execution; timestamp: 198.248; task: 93; robot: 1; pos: (21, 2); time: 8.78854
event: battery_consumption; timestamp: 198.248; robot: 1; time: 8.78854; initial_level: 84.5619; final_level: 81.9253
event: task_execution; timestamp: 198.248; task: 93; robot: 2; pos: (21, 2); time: 8.78854
event: battery_consumption; timestamp: 198.248; robot: 2; time: 8.78854; initial_level: 117.74; final_level: 115.103
event: task_resolution; timestamp: 207.037; task: 93; pos: (21, 2); status: COMPLETED; attempt: 1
event: battery_consumption; timestamp: 207.037; robot: 2; time: 14.8661; initial_level: 115.103; final_level: 115.103
event: navigation; timestamp: 207.037; robot: 2; time: 14.8661; src: (21, 2); dst: (7, -3)
event: battery_consumption; timestamp: 207.037; robot: 1; time: 14.8661; initial_level: 81.9253; final_level: 81.9253
event: navigation; timestamp: 207.037; robot: 1; time: 14.8661; src: (21, 2); dst: (7, -3)
event: battery_consumption; timestamp: 222; robot: 1; time: 7.61577; initial_level: 81.9253; final_level: 81.9253
event: navigation; timestamp: 222; robot: 1; time: 7.61577; src: (7, -3); dst: (0, 0)
event: robot_finished; timestamp: 229.616; robot: 1; pos: (0, 0); battery: 81.9253
event: battery_consumption; timestamp: 222; robot: 2; time: 7.61577; initial_level: 115.103; final_level: 115.103
event: navigation; timestamp: 222; robot: 2; time: 7.61577; src: (7, -3); dst: (0, 0)
event: robot_finished; timestamp: 229.616; robot: 2; pos: (0, 0); battery: 115.103
event: robot_finished; timestamp: 229.056; robot: 7; pos: (0, 0); battery: 200
event: robot_finished; timestamp: 229.355; robot: 3; pos: (0, 0); battery: 200
event: robot_finished; timestamp: 229.926; robot: 4; pos: (0, 0); battery: 200
metric: available_agents; value: 0
metric: failed_agents; value: 0
metric: finished_agents; value: 10
metric: completed_tasks; value: 18
metric: pending_tasks; value: 0
metric: failed_tasks; value: 82
metric: average_robot_makespan; value: 114.757
metric: sd_robot_makespan; value: 120.965
metric: max_robot_makespan; value: 229.926
metric: min_robot_makespan; value: 0
metric: average_robot_travel_distance; value: 53.5234
metric: sd_robot_travel_distance; value: 58.4241
metric: max_robot_travel_distance; value: 133.54
metric: min_robot_travel_distance; value: 0
metric: sum_robot_travel_distance; value: 535.234
metric: average_completed_tasks_by_robot; value: 0
metric: sd_completed_tasks_by_robot; value: 0
metric: max_completed_tasks_by_robot; value: 0
metric: min_completed_tasks_by_robot; value: 0
metric: final_reward; value: 0.18
metric: computing_time; value: 0.0109157
