info: solver_name; value: dec-mcts
info: reward_function; value: reward00
info: replica; value: 1
info: filename; value: ../logs/prueba/rc106_10r_100t_b0f5abc8_dec-mcts_reward00_001.log
info: scenario_name; value: rc106_10r_100t_b0f5abc8
info: scenario_name; value: rc106_10r_100t_b0f5abc8
info: number_of_tasks; value: 100
info: number_of_robots; value: 10
info: number_of_recharging_stations; value: 1
info: scenario_size; value: (132,132)
event: recharging_station_spawn; timestamp: 0; recharging_station: 1; pos: (0, 0)
event: task_spawn; timestamp: 0; task: 1; pos: (-15, 35); earliest_start: 130; latest_start: 190; state: PENDING; required_workers: 1; success_prob: 0.2; max_attempts: 1
event: task_spawn; timestamp: 0; task: 2; pos: (-18, 25); earliest_start: 35; latest_start: 95; state: PENDING; required_workers: 1; success_prob: 0.2; max_attempts: 1
event: task_spawn; timestamp: 0; task: 3; pos: (-18, 35); earliest_start: 94; latest_start: 154; state: PENDING; required_workers: 1; success_prob: 0.2; max_attempts: 1
event: task_spawn; timestamp: 0; task: 4; pos: (-20, 30); earliest_start: 126; latest_start: 186; state: PENDING; required_workers: 1; success_prob: 0.2; max_attempts: 1
event: task_spawn; timestamp: 0; task: 5; pos: (-20, 35); earliest_start: 40; latest_start: 100; state: PENDING; required_workers: 1; success_prob: 0.2; max_attempts: 1
event: task_spawn; timestamp: 0; task: 6; pos: (-22, 25); earliest_start: 80; latest_start: 140; state: PENDING; required_workers: 1; success_prob: 0.2; max_attempts: 1
event: task_spawn; timestamp: 0; task: 7; pos: (-25, 25); earliest_start: 64; latest_start: 124; state: PENDING; required_workers: 1; success_prob: 0.2; max_attempts: 1
event: task_spawn; timestamp: 0; task: 8; pos: (-25, 30); earliest_start: 76; latest_start: 136; state: PENDING; required_workers: 1; success_prob: 0.2; max_attempts: 1
event: task_spawn; timestamp: 0; task: 9; pos: (-30, -15); earliest_start: 76; latest_start: 136; state: PENDING; required_workers: 1; success_prob: 0.2; max_attempts: 1
event: task_spawn; timestamp: 0; task: 10; pos: (-30, -10); earliest_start: 104; latest_start: 164; state: PENDING; required_workers: 1; success_prob: 0.2; max_attempts: 1
event: task_spawn; timestamp: 0; task: 11; pos: (-32, -10); earliest_start: 44; latest_start: 104; state: PENDING; required_workers: 2; success_prob: 0.2; max_attempts: 1
event: task_spawn; timestamp: 0; task: 12; pos: (-32, -5); earliest_start: 49; latest_start: 109; state: PENDING; required_workers: 2; success_prob: 0.2; max_attempts: 1
event: task_spawn; timestamp: 0; task: 13; pos: (-35, -15); earliest_start: 127; latest_start: 187; state: PENDING; required_workers: 2; success_prob: 0.2; max_attempts: 1
event: task_spawn; timestamp: 0; task: 14; pos: (-35, -5); earliest_start: 35; latest_start: 95; state: PENDING; required_workers: 2; success_prob: 0.2; max_attempts: 1
event: task_spawn; timestamp: 0; task: 15; pos: (-38, -10); earliest_start: 43; latest_start: 103; state: PENDING; required_workers: 2; success_prob: 0.2; max_attempts: 1
event: task_spawn; timestamp: 0; task: 16; pos: (-40, -10); earliest_start: 57; latest_start: 117; state: PENDING; required_workers: 2; success_prob: 0.2; max_attempts: 1
event: task_spawn; timestamp: 0; task: 17; pos: (-40, -5); earliest_start: 129; latest_start: 189; state: PENDING; required_workers: 3; success_prob: 0.2; max_attempts: 1
event: task_spawn; timestamp: 0; task: 18; pos: (4, -45); earliest_start: 72; latest_start: 132; state: PENDING; required_workers: 3; success_prob: 0.2; max_attempts: 1
event: task_spawn; timestamp: 0; task: 19; pos: (2, -40); earliest_start: 57; latest_start: 117; state: PENDING; required_workers: 3; success_prob: 0.2; max_attempts: 1
event: task_spawn; timestamp: 0; task: 20; pos: (2, -35); earliest_start: 107; latest_start: 167; state: PENDING; required_workers: 3; success_prob: 0.2; max_attempts: 1
event: task_spawn; timestamp: 0; task: 21; pos: (0, -45); earliest_start: 52; latest_start: 112; state: PENDING; required_workers: 1; success_prob: 0.4; max_attempts: 1
event: task_spawn; timestamp: 0; task: 22; pos: (0, -35); earliest_start: 77; latest_start: 137; state: PENDING; required_workers: 1; success_prob: 0.4; max_attempts: 1
event: task_spawn; timestamp: 0; task: 23; pos: (-2, -45); earliest_start: 50; latest_start: 110; state: PENDING; required_workers: 1; success_prob: 0.4; max_attempts: 1
event: task_spawn; timestamp: 0; task: 24; pos: (-2, -35); earliest_start: 133; latest_start: 193; state: PENDING; required_workers: 1; success_prob: 0.4; max_attempts: 1
event: task_spawn; timestamp: 0; task: 25; pos: (-5, -45); earliest_start: 124; latest_start: 184; state: PENDING; required_workers: 1; success_prob: 0.4; max_attempts: 1
event: task_spawn; timestamp: 0; task: 26; pos: (55, -20); earliest_start: 100; latest_start: 160; state: PENDING; required_workers: 1; success_prob: 0.4; max_attempts: 1
event: task_spawn; timestamp: 0; task: 27; pos: (55, -15); earliest_start: 57; latest_start: 117; state: PENDING; required_workers: 1; success_prob: 0.4; max_attempts: 1
event: task_spawn; timestamp: 0; task: 28; pos: (52, -20); earliest_start: 55; latest_start: 115; state: PENDING; required_workers: 1; success_prob: 0.4; max_attempts: 1
event: task_spawn; timestamp: 0; task: 29; pos: (50, -15); earliest_start: 52; latest_start: 112; state: PENDING; required_workers: 1; success_prob: 0.4; max_attempts: 1
event: task_spawn; timestamp: 0; task: 30; pos: (48, -20); earliest_start: 59; latest_start: 119; state: PENDING; required_workers: 1; success_prob: 0.4; max_attempts: 1
event: task_spawn; timestamp: 0; task: 31; pos: (48, -15); earliest_start: 50; latest_start: 110; state: PENDING; required_workers: 2; success_prob: 0.4; max_attempts: 1
event: task_spawn; timestamp: 0; task: 32; pos: (47, -20); earliest_start: 116; latest_start: 176; state: PENDING; required_workers: 2; success_prob: 0.4; max_attempts: 1
event: task_spawn; timestamp: 0; task: 33; pos: (45, -25); earliest_start: 51; latest_start: 111; state: PENDING; required_workers: 2; success_prob: 0.4; max_attempts: 1
event: task_spawn; timestamp: 0; task: 34; pos: (45, -15); earliest_start: 96; latest_start: 156; state: PENDING; required_workers: 2; success_prob: 0.4; max_attempts: 1
event: task_spawn; timestamp: 0; task: 35; pos: (27, 35); earliest_start: 124; latest_start: 184; state: PENDING; required_workers: 2; success_prob: 0.4; max_attempts: 1
event: task_spawn; timestamp: 0; task: 36; pos: (25, 35); earliest_start: 43; latest_start: 103; state: PENDING; required_workers: 2; success_prob: 0.4; max_attempts: 1
event: task_spawn; timestamp: 0; task: 37; pos: (25, 32); earliest_start: 109; latest_start: 169; state: PENDING; required_workers: 3; success_prob: 0.4; max_attempts: 1
event: task_spawn; timestamp: 0; task: 38; pos: (22, 30); earliest_start: 60; latest_start: 120; state: PENDING; required_workers: 3; success_prob: 0.4; max_attempts: 1
event: task_spawn; timestamp: 0; task: 39; pos: (20, 30); earliest_start: 36; latest_start: 96; state: PENDING; required_workers: 3; success_prob: 0.4; max_attempts: 1
event: task_spawn; timestamp: 0; task: 40; pos: (20, 35); earliest_start: 70; latest_start: 130; state: PENDING; required_workers: 3; success_prob: 0.4; max_attempts: 1
event: task_spawn; timestamp: 0; task: 41; pos: (18, 25); earliest_start: 77; latest_start: 137; state: PENDING; required_workers: 1; success_prob: 0.6; max_attempts: 1
event: task_spawn; timestamp: 0; task: 42; pos: (15, 30); earliest_start: 33; latest_start: 93; state: PENDING; required_workers: 1; success_prob: 0.6; max_attempts: 1
event: task_spawn; timestamp: 0; task: 43; pos: (15, 35); earliest_start: 113; latest_start: 173; state: PENDING; required_workers: 1; success_prob: 0.6; max_attempts: 1
event: task_spawn; timestamp: 0; task: 44; pos: (15, 32); earliest_start: 49; latest_start: 109; state: PENDING; required_workers: 1; success_prob: 0.6; max_attempts: 1
event: task_spawn; timestamp: 0; task: 45; pos: (-20, 32); earliest_start: 37; latest_start: 97; state: PENDING; required_workers: 1; success_prob: 0.6; max_attempts: 1
event: task_spawn; timestamp: 0; task: 46; pos: (-22, 30); earliest_start: 98; latest_start: 158; state: PENDING; required_workers: 1; success_prob: 0.6; max_attempts: 1
event: task_spawn; timestamp: 0; task: 47; pos: (-38, -5); earliest_start: 38; latest_start: 98; state: PENDING; required_workers: 1; success_prob: 0.6; max_attempts: 1
event: task_spawn; timestamp: 0; task: 48; pos: (2, -45); earliest_start: 124; latest_start: 184; state: PENDING; required_workers: 1; success_prob: 0.6; max_attempts: 1
event: task_spawn; timestamp: 0; task: 49; pos: (2, -38); earliest_start: 89; latest_start: 149; state: PENDING; required_workers: 1; success_prob: 0.6; max_attempts: 1
event: task_spawn; timestamp: 0; task: 50; pos: (32, -15); earliest_start: 101; latest_start: 161; state: PENDING; required_workers: 1; success_prob: 0.6; max_attempts: 1
event: task_spawn; timestamp: 0; task: 51; pos: (15, -30); earliest_start: 68; latest_start: 128; state: PENDING; required_workers: 2; success_prob: 0.6; max_attempts: 1
event: task_spawn; timestamp: 0; task: 52; pos: (-15, -20); earliest_start: 37; latest_start: 97; state: PENDING; required_workers: 2; success_prob: 0.6; max_attempts: 1
event: task_spawn; timestamp: 0; task: 53; pos: (-20, 0); earliest_start: 76; latest_start: 136; state: PENDING; required_workers: 2; success_prob: 0.6; max_attempts: 1
event: task_spawn; timestamp: 0; task: 54; pos: (15, 10); earliest_start: 124; latest_start: 184; state: PENDING; required_workers: 2; success_prob: 0.6; max_attempts: 1
event: task_spawn; timestamp: 0; task: 55; pos: (-10, 10); earliest_start: 125; latest_start: 185; state: PENDING; required_workers: 2; success_prob: 0.6; max_attempts: 1
event: task_spawn; timestamp: 0; task: 56; pos: (10, -15); earliest_start: 115; latest_start: 175; state: PENDING; required_workers: 2; success_prob: 0.6; max_attempts: 1
event: task_spawn; timestamp: 0; task: 57; pos: (-10, -25); earliest_start: 81; latest_start: 141; state: PENDING; required_workers: 3; success_prob: 0.6; max_attempts: 1
event: task_spawn; timestamp: 0; task: 58; pos: (-25, -40); earliest_start: 122; latest_start: 182; state: PENDING; required_workers: 3; success_prob: 0.6; max_attempts: 1
event: task_spawn; timestamp: 0; task: 59; pos: (-30, -30); earliest_start: 42; latest_start: 102; state: PENDING; required_workers: 3; success_prob: 0.6; max_attempts: 1
event: task_spawn; timestamp: 0; task: 60; pos: (-25, 10); earliest_start: 140; latest_start: 200; state: PENDING; required_workers: 3; success_prob: 0.6; max_attempts: 1
event: task_spawn; timestamp: 0; task: 61; pos: (5, 15); earliest_start: 51; latest_start: 111; state: PENDING; required_workers: 1; success_prob: 0.8; max_attempts: 1
event: task_spawn; timestamp: 0; task: 62; pos: (25, -15); earliest_start: 37; latest_start: 97; state: PENDING; required_workers: 1; success_prob: 0.8; max_attempts: 1
event: task_spawn; timestamp: 0; task: 63; pos: (25, -30); earliest_start: 39; latest_start: 99; state: PENDING; required_workers: 1; success_prob: 0.8; max_attempts: 1
event: task_spawn; timestamp: 0; task: 64; pos: (5, -20); earliest_start: 38; latest_start: 98; state: PENDING; required_workers: 1; success_prob: 0.8; max_attempts: 1
event: task_spawn; timestamp: 0; task: 65; pos: (-5, -10); earliest_start: 11; latest_start: 71; state: PENDING; required_workers: 1; success_prob: 0.8; max_attempts: 1
event: task_spawn; timestamp: 0; task: 66; pos: (1, -13); earliest_start: 118; latest_start: 178; state: PENDING; required_workers: 1; success_prob: 0.8; max_attempts: 1
event: task_spawn; timestamp: 0; task: 67; pos: (24, -8); earliest_start: 55; latest_start: 115; state: PENDING; required_workers: 1; success_prob: 0.8; max_attempts: 1
event: task_spawn; timestamp: 0; task: 68; pos: (0, 10); earliest_start: 129; latest_start: 189; state: PENDING; required_workers: 1; success_prob: 0.8; max_attempts: 1
event: task_spawn; timestamp: 0; task: 69; pos: (-9, 2); earliest_start: 26; latest_start: 86; state: PENDING; required_workers: 1; success_prob: 0.8; max_attempts: 1
event: task_spawn; timestamp: 0; task: 70; pos: (-5, 19); earliest_start: 150; latest_start: 210; state: PENDING; required_workers: 1; success_prob: 0.8; max_attempts: 1
event: task_spawn; timestamp: 0; task: 71; pos: (25, 5); earliest_start: 50; latest_start: 110; state: PENDING; required_workers: 2; success_prob: 0.8; max_attempts: 1
event: task_spawn; timestamp: 0; task: 72; pos: (23, 15); earliest_start: 27; latest_start: 87; state: PENDING; required_workers: 2; success_prob: 0.8; max_attempts: 1
event: task_spawn; timestamp: 0; task: 73; pos: (-38, 10); earliest_start: 62; latest_start: 122; state: PENDING; required_workers: 2; success_prob: 0.8; max_attempts: 1
event: task_spawn; timestamp: 0; task: 74; pos: (-20, -30); earliest_start: 126; latest_start: 186; state: PENDING; required_workers: 2; success_prob: 0.8; max_attempts: 1
event: task_spawn; timestamp: 0; task: 75; pos: (-35, -45); earliest_start: 59; latest_start: 119; state: PENDING; required_workers: 2; success_prob: 0.8; max_attempts: 1
event: task_spawn; timestamp: 0; task: 76; pos: (20, -38); earliest_start: 60; latest_start: 120; state: PENDING; required_workers: 2; success_prob: 0.8; max_attempts: 1
event: task_spawn; timestamp: 0; task: 77; pos: (-17, -47); earliest_start: 120; latest_start: 180; state: PENDING; required_workers: 3; success_prob: 0.8; max_attempts: 1
event: task_spawn; timestamp: 0; task: 78; pos: (-32, 6); earliest_start: 75; latest_start: 135; state: PENDING; required_workers: 3; success_prob: 0.8; max_attempts: 1
event: task_spawn; timestamp: 0; task: 79; pos: (-34, 18); earliest_start: 74; latest_start: 134; state: PENDING; required_workers: 3; success_prob: 0.8; max_attempts: 1
event: task_spawn; timestamp: 0; task: 80; pos: (7, -3); earliest_start: 162; latest_start: 222; state: PENDING; required_workers: 3; success_prob: 0.8; max_attempts: 1
event: task_spawn; timestamp: 0; task: 81; pos: (9, 8); earliest_start: 71; latest_start: 131; state: PENDING; required_workers: 1; success_prob: 1; max_attempts: 1
event: task_spawn; timestamp: 0; task: 82; pos: (-13, -7); earliest_start: 27; latest_start: 87; state: PENDING; required_workers: 1; success_prob: 1; max_attempts: 1
event: task_spawn; timestamp: 0; task: 83; pos: (-3, -19); earliest_start: 20; latest_start: 80; state: PENDING; required_workers: 1; success_prob: 1; max_attempts: 1
event: task_spawn; timestamp: 0; task: 84; pos: (17, -21); earliest_start: 81; latest_start: 141; state: PENDING; required_workers: 1; success_prob: 1; max_attempts: 1
event: task_spawn; timestamp: 0; task: 85; pos: (23, -27); earliest_start: 72; latest_start: 132; state: PENDING; required_workers: 1; success_prob: 1; max_attempts: 1
event: task_spawn; timestamp: 0; task: 86; pos: (-19, -26); earliest_start: 72; latest_start: 132; state: PENDING; required_workers: 1; success_prob: 1; max_attempts: 1
event: task_spawn; timestamp: 0; task: 87; pos: (-28, -26); earliest_start: 75; latest_start: 135; state: PENDING; required_workers: 1; success_prob: 1; max_attempts: 1
event: task_spawn; timestamp: 0; task: 88; pos: (-16, 8); earliest_start: 52; latest_start: 112; state: PENDING; required_workers: 1; success_prob: 1; max_attempts: 1
event: task_spawn; timestamp: 0; task: 89; pos: (27, -45); earliest_start: 117; latest_start: 177; state: PENDING; required_workers: 1; success_prob: 1; max_attempts: 1
event: task_spawn; timestamp: 0; task: 90; pos: (-3, -3); earliest_start: 71; latest_start: 131; state: PENDING; required_workers: 1; success_prob: 1; max_attempts: 1
event: task_spawn; timestamp: 0; task: 91; pos: (9, -8); earliest_start: 152; latest_start: 212; state: PENDING; required_workers: 2; success_prob: 1; max_attempts: 1
event: task_spawn; timestamp: 0; task: 92; pos: (13, -7); earliest_start: 14; latest_start: 74; state: PENDING; required_workers: 2; success_prob: 1; max_attempts: 1
event: task_spawn; timestamp: 0; task: 93; pos: (21, 2); earliest_start: 148; latest_start: 208; state: PENDING; required_workers: 2; success_prob: 1; max_attempts: 1
event: task_spawn; timestamp: 0; task: 94; pos: (17, -2); earliest_start: 80; latest_start: 140; state: PENDING; required_workers: 2; success_prob: 1; max_attempts: 1
event: task_spawn; timestamp: 0; task: 95; pos: (16, -13); earliest_start: 20; latest_start: 80; state: PENDING; required_workers: 2; success_prob: 1; max_attempts: 1
event: task_spawn; timestamp: 0; task: 96; pos: (15, 4); earliest_start: 117; latest_start: 177; state: PENDING; required_workers: 2; success_prob: 1; max_attempts: 1
event: task_spawn; timestamp: 0; task: 97; pos: (-36, -32); earliest_start: 105; latest_start: 165; state: PENDING; required_workers: 3; success_prob: 1; max_attempts: 1
event: task_spawn; timestamp: 0; task: 98; pos: (-14, 2); earliest_start: 31; latest_start: 91; state: PENDING; required_workers: 3; success_prob: 1; max_attempts: 1
event: task_spawn; timestamp: 0; task: 99; pos: (-14, -15); earliest_start: 62; latest_start: 122; state: PENDING; required_workers: 3; success_prob: 1; max_attempts: 1
event: task_spawn; timestamp: 0; task: 100; pos: (-9, 17); earliest_start: 150; latest_start: 210; state: PENDING; required_workers: 3; success_prob: 1; max_attempts: 1
event: robot_spawn; timestamp: 0; robot: 1; pos: (0, 0); state: AVAILABLE; battery_level: 200; battery_capacity: 200; velocity: 1; battery_rate_nav: 0
event: robot_spawn; timestamp: 0; robot: 2; pos: (0, 0); state: AVAILABLE; battery_level: 200; battery_capacity: 200; velocity: 1; battery_rate_nav: 0
event: robot_spawn; timestamp: 0; robot: 3; pos: (0, 0); state: AVAILABLE; battery_level: 200; battery_capacity: 200; velocity: 1; battery_rate_nav: 0
event: robot_spawn; timestamp: 0; robot: 4; pos: (0, 0); state: AVAILABLE; battery_level: 200; battery_capacity: 200; velocity: 1; battery_rate_nav: 0
event: robot_spawn; timestamp: 0; robot: 5; pos: (0, 0); state: AVAILABLE; battery_level: 200; battery_capacity: 200; velocity: 1; battery_rate_nav: 0
event: robot_spawn; timestamp: 0; robot: 6; pos: (0, 0); state: AVAILABLE; battery_level: 200; battery_capacity: 200; velocity: 1; battery_rate_nav: 0
event: robot_spawn; timestamp: 0; robot: 7; pos: (0, 0); state: AVAILABLE; battery_level: 200; battery_capacity: 200; velocity: 1; battery_rate_nav: 0
event: robot_spawn; timestamp: 0; robot: 8; pos: (0, 0); state: AVAILABLE; battery_level: 200; battery_capacity: 200; velocity: 1; battery_rate_nav: 0
event: robot_spawn; timestamp: 0; robot: 9; pos: (0, 0); state: AVAILABLE; battery_level: 200; battery_capacity: 200; velocity: 1; battery_rate_nav: 0
event: robot_spawn; timestamp: 0; robot: 10; pos: (0, 0); state: AVAILABLE; battery_level: 200; battery_capacity: 200; velocity: 1; battery_rate_nav: 0
event: battery_consumption; timestamp: 0; robot: 1; time: 4.24264; initial_level: 200; final_level: 200
event: navigation; timestamp: 0; robot: 1; time: 4.24264; src: (0, 0); dst: (-3, -3)
event: battery_consumption; timestamp: 0; robot: 2; time: 52.4786; initial_level: 200; final_level: 200
event: navigation; timestamp: 0; robot: 2; time: 52.4786; src: (0, 0); dst: (27, -45)
event: battery_consumption; timestamp: 0; robot: 4; time: 17.8885; initial_level: 200; final_level: 200
event: navigation; timestamp: 0; robot: 4; time: 17.8885; src: (0, 0); dst: (-16, 8)
event: battery_consumption; timestamp: 0; robot: 8; time: 38.2099; initial_level: 200; final_level: 200
event: navigation; timestamp: 0; robot: 8; time: 38.2099; src: (0, 0); dst: (-28, -26)
event: battery_consumption; timestamp: 0; robot: 5; time: 32.2025; initial_level: 200; final_level: 200
event: navigation; timestamp: 0; robot: 5; time: 32.2025; src: (0, 0); dst: (-19, -26)
event: battery_consumption; timestamp: 0; robot: 6; time: 35.4683; initial_level: 200; final_level: 200
event: navigation; timestamp: 0; robot: 6; time: 35.4683; src: (0, 0); dst: (23, -27)
event: battery_consumption; timestamp: 0; robot: 9; time: 27.0185; initial_level: 200; final_level: 200
event: navigation; timestamp: 0; robot: 9; time: 27.0185; src: (0, 0); dst: (17, -21)
event: battery_consumption; timestamp: 0; robot: 7; time: 19.2354; initial_level: 200; final_level: 200
event: navigation; timestamp: 0; robot: 7; time: 19.2354; src: (0, 0); dst: (-3, -19)
event: battery_consumption; timestamp: 0; robot: 3; time: 14.7648; initial_level: 200; final_level: 200
event: navigation; timestamp: 0; robot: 3; time: 14.7648; src: (0, 0); dst: (-13, -7)
event: battery_consumption; timestamp: 0; robot: 10; time: 12.0416; initial_level: 200; final_level: 200
event: navigation; timestamp: 0; robot: 10; time: 12.0416; src: (0, 0); dst: (9, 8)
event: task_execution; timestamp: 20; task: 83; robot: 7; pos: (-3, -19); time: 10.6539
event: battery_consumption; timestamp: 20; robot: 7; time: 10.6539; initial_level: 200; final_level: 185.085
event: task_resolution; timestamp: 30.6539; task: 83; pos: (-3, -19); status: COMPLETED; attempt: 1
event: battery_consumption; timestamp: 30.6539; robot: 7; time: 38.0526; initial_level: 185.085; final_level: 185.085
event: navigation; timestamp: 30.6539; robot: 7; time: 38.0526; src: (-3, -19); dst: (-5, 19)
event: task_execution; timestamp: 27; task: 82; robot: 3; pos: (-13, -7); time: 9.66983
event: battery_consumption; timestamp: 27; robot: 3; time: 9.66983; initial_level: 200; final_level: 191.297
event: task_resolution; timestamp: 36.6698; task: 82; pos: (-13, -7); status: COMPLETED; attempt: 1
event: battery_consumption; timestamp: 36.6698; robot: 3; time: 9.84886; initial_level: 191.297; final_level: 191.297
event: navigation; timestamp: 36.6698; robot: 3; time: 9.84886; src: (-13, -7); dst: (-9, 2)
event: task_execution; timestamp: 46.5187; task: 69; robot: 3; pos: (-9, 2); time: 9.80132
event: battery_consumption; timestamp: 46.5187; robot: 3; time: 9.80132; initial_level: 191.297; final_level: 164.834
event: task_resolution; timestamp: 56.32; task: 69; pos: (-9, 2); status: FAILED; attempt: 1
event: battery_consumption; timestamp: 56.32; robot: 3; time: 12.0416; initial_level: 164.834; final_level: 164.834
event: navigation; timestamp: 56.32; robot: 3; time: 12.0416; src: (-9, 2); dst: (0, 10)
event: task_execution; timestamp: 52; task: 88; robot: 4; pos: (-16, 8); time: 10.2253
event: battery_consumption; timestamp: 52; robot: 4; time: 10.2253; initial_level: 200; final_level: 180.572
event: task_resolution; timestamp: 62.2253; task: 88; pos: (-16, 8); status: COMPLETED; attempt: 1
event: battery_consumption; timestamp: 62.2253; robot: 4; time: 43.0813; initial_level: 180.572; final_level: 180.572
event: navigation; timestamp: 62.2253; robot: 4; time: 43.0813; src: (-16, 8); dst: (24, -8)
event: task_execution; timestamp: 72; task: 85; robot: 6; pos: (23, -27); time: 8.54199
event: battery_consumption; timestamp: 72; robot: 6; time: 8.54199; initial_level: 200; final_level: 198.292
event: task_resolution; timestamp: 80.542; task: 85; pos: (23, -27); status: COMPLETED; attempt: 1
event: battery_consumption; timestamp: 80.542; robot: 6; time: 26.0768; initial_level: 198.292; final_level: 198.292
event: navigation; timestamp: 80.542; robot: 6; time: 26.0768; src: (23, -27); dst: (1, -13)
event: task_execution; timestamp: 71; task: 90; robot: 1; pos: (-3, -3); time: 10.9703
event: battery_consumption; timestamp: 71; robot: 1; time: 10.9703; initial_level: 200; final_level: 193.418
event: task_resolution; timestamp: 81.9703; task: 90; pos: (-3, -3); status: COMPLETED; attempt: 1
event: battery_consumption; timestamp: 81.9703; robot: 1; time: 19.6977; initial_level: 193.418; final_level: 193.418
event: navigation; timestamp: 81.9703; robot: 1; time: 19.6977; src: (-3, -3); dst: (5, 15)
event: task_execution; timestamp: 72; task: 86; robot: 5; pos: (-19, -26); time: 10.1766
event: battery_consumption; timestamp: 72; robot: 5; time: 10.1766; initial_level: 200; final_level: 171.505
event: task_resolution; timestamp: 82.1766; task: 86; pos: (-19, -26); status: COMPLETED; attempt: 1
event: battery_consumption; timestamp: 82.1766; robot: 5; time: 52.1728; initial_level: 171.505; final_level: 171.505
event: navigation; timestamp: 82.1766; robot: 5; time: 52.1728; src: (-19, -26); dst: (32, -15)
event: task_execution; timestamp: 71; task: 81; robot: 10; pos: (9, 8); time: 12.0063
event: battery_consumption; timestamp: 71; robot: 10; time: 12.0063; initial_level: 200; final_level: 187.994
event: task_resolution; timestamp: 83.0063; task: 81; pos: (9, 8); status: COMPLETED; attempt: 1
event: battery_consumption; timestamp: 83.0063; robot: 10; time: 46.5296; initial_level: 187.994; final_level: 187.994
event: navigation; timestamp: 83.0063; robot: 10; time: 46.5296; src: (9, 8); dst: (2, -38)
event: task_execution; timestamp: 75; task: 87; robot: 8; pos: (-28, -26); time: 10.7245
event: battery_consumption; timestamp: 75; robot: 8; time: 10.7245; initial_level: 200; final_level: 186.058
event: task_resolution; timestamp: 85.7245; task: 87; pos: (-28, -26); status: COMPLETED; attempt: 1
event: battery_consumption; timestamp: 85.7245; robot: 8; time: 35.5106; initial_level: 186.058; final_level: 186.058
event: navigation; timestamp: 85.7245; robot: 8; time: 35.5106; src: (-28, -26); dst: (2, -45)
event: task_execution; timestamp: 81; task: 84; robot: 9; pos: (17, -21); time: 10.0805
event: battery_consumption; timestamp: 81; robot: 9; time: 10.0805; initial_level: 200; final_level: 181.855
event: task_resolution; timestamp: 91.0805; task: 84; pos: (17, -21); status: COMPLETED; attempt: 1
event: battery_consumption; timestamp: 91.0805; robot: 9; time: 64.2028; initial_level: 181.855; final_level: 181.855
event: navigation; timestamp: 91.0805; robot: 9; time: 64.2028; src: (17, -21); dst: (-22, 30)
event: battery_consumption; timestamp: 111; robot: 1; time: 22.3607; initial_level: 193.418; final_level: 193.418
event: navigation; timestamp: 111; robot: 1; time: 22.3607; src: (5, 15); dst: (15, 35)
event: task_resolution; timestamp: 111.076; task: 61; pos: (5, 15); status: COMPLETED; attempt: 1
event: task_execution; timestamp: 105.307; task: 67; robot: 4; pos: (24, -8); time: 9.18155
event: battery_consumption; timestamp: 105.307; robot: 4; time: 9.18155; initial_level: 180.572; final_level: 172.308
event: task_resolution; timestamp: 114.488; task: 67; pos: (24, -8); status: COMPLETED; attempt: 1
event: battery_consumption; timestamp: 114.488; robot: 4; time: 33.2415; initial_level: 172.308; final_level: 172.308
event: navigation; timestamp: 114.488; robot: 4; time: 33.2415; src: (24, -8); dst: (55, -20)
event: task_execution; timestamp: 117; task: 89; robot: 2; pos: (27, -45); time: 10.9345
event: battery_consumption; timestamp: 117; robot: 2; time: 10.9345; initial_level: 200; final_level: 172.664
event: task_resolution; timestamp: 127.935; task: 89; pos: (27, -45); status: COMPLETED; attempt: 1
event: battery_consumption; timestamp: 127.935; robot: 2; time: 47.3814; initial_level: 172.664; final_level: 172.664
event: navigation; timestamp: 127.935; robot: 2; time: 47.3814; src: (27, -45); dst: (21, 2)
event: task_execution; timestamp: 118; task: 66; robot: 6; pos: (1, -13); time: 11.4251
event: battery_consumption; timestamp: 118; robot: 6; time: 11.4251; initial_level: 198.292; final_level: 180.011
event: task_resolution; timestamp: 129.425; task: 66; pos: (1, -13); status: FAILED; attempt: 1
event: battery_consumption; timestamp: 129.425; robot: 6; time: 22.0227; initial_level: 180.011; final_level: 180.011
event: navigation; timestamp: 129.425; robot: 6; time: 22.0227; src: (1, -13); dst: (15, 4)
event: task_execution; timestamp: 124; task: 48; robot: 8; pos: (2, -45); time: 8.17327
event: battery_consumption; timestamp: 124; robot: 8; time: 8.17327; initial_level: 186.058; final_level: 177.885
event: task_resolution; timestamp: 132.173; task: 48; pos: (2, -45); status: COMPLETED; attempt: 1
event: battery_consumption; timestamp: 132.173; robot: 8; time: 50.6952; initial_level: 177.885; final_level: 177.885
event: navigation; timestamp: 132.173; robot: 8; time: 50.6952; src: (2, -45); dst: (21, 2)
event: task_execution; timestamp: 129.536; task: 49; robot: 10; pos: (2, -38); time: 9.22541
event: battery_consumption; timestamp: 129.536; robot: 10; time: 9.22541; initial_level: 187.994; final_level: 178.768
event: task_resolution; timestamp: 138.761; task: 49; pos: (2, -38); status: COMPLETED; attempt: 1
event: battery_consumption; timestamp: 138.761; robot: 10; time: 30.8058; initial_level: 178.768; final_level: 178.768
event: navigation; timestamp: 138.761; robot: 10; time: 30.8058; src: (2, -38); dst: (9, -8)
event: task_execution; timestamp: 129; task: 68; robot: 3; pos: (0, 10); time: 11.0369
event: battery_consumption; timestamp: 129; robot: 3; time: 11.0369; initial_level: 164.834; final_level: 141.656
event: task_resolution; timestamp: 140.037; task: 68; pos: (0, 10); status: FAILED; attempt: 1
event: battery_consumption; timestamp: 140.037; robot: 3; time: 16.1555; initial_level: 141.656; final_level: 141.656
event: navigation; timestamp: 140.037; robot: 3; time: 16.1555; src: (0, 10); dst: (15, 4)
event: task_execution; timestamp: 133.361; task: 43; robot: 1; pos: (15, 35); time: 10.0613
event: battery_consumption; timestamp: 133.361; robot: 1; time: 10.0613; initial_level: 193.418; final_level: 173.295
event: task_resolution; timestamp: 143.422; task: 43; pos: (15, 35); status: COMPLETED; attempt: 1
event: battery_consumption; timestamp: 143.422; robot: 1; time: 43.4166; initial_level: 173.295; final_level: 173.295
event: navigation; timestamp: 143.422; robot: 1; time: 43.4166; src: (15, 35); dst: (9, -8)
event: task_execution; timestamp: 134.349; task: 50; robot: 5; pos: (32, -15); time: 9.12828
event: battery_consumption; timestamp: 134.349; robot: 5; time: 9.12828; initial_level: 171.505; final_level: 144.121
event: task_resolution; timestamp: 143.478; task: 50; pos: (32, -15); status: FAILED; attempt: 1
event: battery_consumption; timestamp: 143.478; robot: 5; time: 39.4462; initial_level: 144.121; final_level: 144.121
event: navigation; timestamp: 143.478; robot: 5; time: 39.4462; src: (32, -15); dst: (-2, -35)
event: battery_consumption; timestamp: 158; robot: 9; time: 2; initial_level: 181.855; final_level: 181.855
event: navigation; timestamp: 158; robot: 9; time: 2; src: (-22, 30); dst: (-20, 30)
event: task_execution; timestamp: 147.73; task: 26; robot: 4; pos: (55, -20); time: 10.7562
event: battery_consumption; timestamp: 147.73; robot: 4; time: 10.7562; initial_level: 172.308; final_level: 140.04
event: task_resolution; timestamp: 158.486; task: 26; pos: (55, -20); status: COMPLETED; attempt: 1
event: battery_consumption; timestamp: 158.486; robot: 4; time: 8; initial_level: 140.04; final_level: 140.04
event: navigation; timestamp: 158.486; robot: 4; time: 8; src: (55, -20); dst: (47, -20)
event: task_execution; timestamp: 150; task: 70; robot: 7; pos: (-5, 19); time: 9.43328
event: battery_consumption; timestamp: 150; robot: 7; time: 9.43328; initial_level: 185.085; final_level: 163.388
event: task_resolution; timestamp: 159.433; task: 70; pos: (-5, 19); status: COMPLETED; attempt: 1
event: battery_consumption; timestamp: 159.433; robot: 7; time: 21.9317; initial_level: 163.388; final_level: 163.388
event: navigation; timestamp: 159.433; robot: 7; time: 21.9317; src: (-5, 19); dst: (15, 10)
event: task_execution; timestamp: 156.192; task: 96; robot: 3; pos: (15, 4); time: 8.35682
event: battery_consumption; timestamp: 156.192; robot: 3; time: 8.35682; initial_level: 141.656; final_level: 119.928
event: task_execution; timestamp: 156.192; task: 96; robot: 6; pos: (15, 4); time: 8.35682
event: battery_consumption; timestamp: 156.192; robot: 6; time: 8.35682; initial_level: 180.011; final_level: 158.284
event: task_resolution; timestamp: 164.549; task: 96; pos: (15, 4); status: COMPLETED; attempt: 1
event: battery_consumption; timestamp: 164.549; robot: 3; time: 6; initial_level: 119.928; final_level: 119.928
event: navigation; timestamp: 164.549; robot: 3; time: 6; src: (15, 4); dst: (15, 10)
event: battery_consumption; timestamp: 164.549; robot: 6; time: 27.2947; initial_level: 158.284; final_level: 158.284
event: navigation; timestamp: 164.549; robot: 6; time: 27.2947; src: (15, 4); dst: (-9, 17)
event: task_resolution; timestamp: 164.823; task: 46; pos: (-22, 30); status: COMPLETED; attempt: 1
event: task_execution; timestamp: 160; task: 4; robot: 9; pos: (-20, 30); time: 9.29468
event: battery_consumption; timestamp: 160; robot: 9; time: 9.29468; initial_level: 181.855; final_level: 144.676
event: task_resolution; timestamp: 169.295; task: 4; pos: (-20, 30); status: FAILED; attempt: 1
event: battery_consumption; timestamp: 169.295; robot: 9; time: 17.0294; initial_level: 144.676; final_level: 144.676
event: navigation; timestamp: 169.295; robot: 9; time: 17.0294; src: (-20, 30); dst: (-9, 17)
event: battery_consumption; timestamp: 176; robot: 4; time: 43.4626; initial_level: 140.04; final_level: 140.04
event: navigation; timestamp: 176; robot: 4; time: 43.4626; src: (47, -20); dst: (7, -3)
event: battery_consumption; timestamp: 184; robot: 3; time: 25; initial_level: 119.928; final_level: 119.928
event: navigation; timestamp: 184; robot: 3; time: 25; src: (15, 10); dst: (-9, 17)
event: battery_consumption; timestamp: 184; robot: 7; time: 15.2643; initial_level: 163.388; final_level: 163.388
event: navigation; timestamp: 184; robot: 7; time: 15.2643; src: (15, 10); dst: (7, -3)
event: task_resolution; timestamp: 190.332; task: 54; pos: (15, 10); status: COMPLETED; attempt: 1
event: task_execution; timestamp: 182.868; task: 93; robot: 2; pos: (21, 2); time: 10.0534
event: battery_consumption; timestamp: 182.868; robot: 2; time: 10.0534; initial_level: 172.664; final_level: 169.648
event: task_execution; timestamp: 182.868; task: 93; robot: 8; pos: (21, 2); time: 10.0534
event: battery_consumption; timestamp: 182.868; robot: 8; time: 10.0534; initial_level: 177.885; final_level: 174.869
event: task_resolution; timestamp: 192.922; task: 93; pos: (21, 2); status: COMPLETED; attempt: 1
event: battery_consumption; timestamp: 192.922; robot: 2; time: 14.8661; initial_level: 169.648; final_level: 169.648
event: navigation; timestamp: 192.922; robot: 2; time: 14.8661; src: (21, 2); dst: (7, -3)
event: battery_consumption; timestamp: 192.922; robot: 8; time: 21.095; initial_level: 174.869; final_level: 174.869
event: navigation; timestamp: 192.922; robot: 8; time: 21.095; src: (21, 2); dst: (0, 0)
event: recharge; timestamp: 214.017; robot: 8; recharging_station: 1; pos: (0, 0); level: 200
event: battery_consumption; timestamp: 193; robot: 5; time: 35.0571; initial_level: 144.121; final_level: 144.121
event: navigation; timestamp: 193; robot: 5; time: 35.0571; src: (-2, -35); dst: (0, 0)
event: recharge; timestamp: 228.057; robot: 5; recharging_station: 1; pos: (0, 0); level: 200
event: task_resolution; timestamp: 193.132; task: 24; pos: (-2, -35); status: COMPLETED; attempt: 1
event: task_execution; timestamp: 186.839; task: 91; robot: 1; pos: (9, -8); time: 11.9085
event: battery_consumption; timestamp: 186.839; robot: 1; time: 11.9085; initial_level: 173.295; final_level: 157.814
event: task_execution; timestamp: 186.839; task: 91; robot: 10; pos: (9, -8); time: 11.9085
event: battery_consumption; timestamp: 186.839; robot: 10; time: 11.9085; initial_level: 178.768; final_level: 163.287
event: task_resolution; timestamp: 198.747; task: 91; pos: (9, -8); status: COMPLETED; attempt: 1
event: battery_consumption; timestamp: 198.747; robot: 10; time: 12.0416; initial_level: 163.287; final_level: 163.287
event: navigation; timestamp: 198.747; robot: 10; time: 12.0416; src: (9, -8); dst: (0, 0)
event: recharge; timestamp: 210.789; robot: 10; recharging_station: 1; pos: (0, 0); level: 200
event: battery_consumption; timestamp: 198.747; robot: 1; time: 12.0416; initial_level: 157.814; final_level: 157.814
event: navigation; timestamp: 198.747; robot: 1; time: 12.0416; src: (9, -8); dst: (0, 0)
event: recharge; timestamp: 210.789; robot: 1; recharging_station: 1; pos: (0, 0); level: 200
event: battery_consumption; timestamp: 210; robot: 9; time: 19.2354; initial_level: 144.676; final_level: 144.676
event: navigation; timestamp: 210; robot: 9; time: 19.2354; src: (-9, 17); dst: (0, 0)
event: robot_finished; timestamp: 229.235; robot: 9; pos: (0, 0); battery: 144.676
event: battery_consumption; timestamp: 210; robot: 3; time: 19.2354; initial_level: 119.928; final_level: 119.928
event: navigation; timestamp: 210; robot: 3; time: 19.2354; src: (-9, 17); dst: (0, 0)
event: robot_finished; timestamp: 229.235; robot: 3; pos: (0, 0); battery: 119.928
event: battery_consumption; timestamp: 210; robot: 6; time: 19.2354; initial_level: 158.284; final_level: 158.284
event: navigation; timestamp: 210; robot: 6; time: 19.2354; src: (-9, 17); dst: (0, 0)
event: robot_finished; timestamp: 229.235; robot: 6; pos: (0, 0); battery: 158.284
event: robot_finished; timestamp: 210.789; robot: 1; pos: (0, 0); battery: 200
event: robot_finished; timestamp: 210.789; robot: 10; pos: (0, 0); battery: 200
event: robot_finished; timestamp: 214.017; robot: 8; pos: (0, 0); battery: 200
event: task_resolution; timestamp: 218.078; task: 100; pos: (-9, 17); status: COMPLETED; attempt: 1
event: battery_consumption; timestamp: 222; robot: 2; time: 7.61577; initial_level: 169.648; final_level: 169.648
event: navigation; timestamp: 222; robot: 2; time: 7.61577; src: (7, -3); dst: (0, 0)
event: robot_finished; timestamp: 229.616; robot: 2; pos: (0, 0); battery: 169.648
event: battery_consumption; timestamp: 222; robot: 4; time: 7.61577; initial_level: 140.04; final_level: 140.04
event: navigation; timestamp: 222; robot: 4; time: 7.61577; src: (7, -3); dst: (0, 0)
event: robot_finished; timestamp: 229.616; robot: 4; pos: (0, 0); battery: 140.04
event: battery_consumption; timestamp: 222; robot: 7; time: 7.61577; initial_level: 163.388; final_level: 163.388
event: navigation; timestamp: 222; robot: 7; time: 7.61577; src: (7, -3); dst: (0, 0)
event: robot_finished; timestamp: 229.616; robot: 7; pos: (0, 0); battery: 163.388
event: robot_finished; timestamp: 228.057; robot: 5; pos: (0, 0); battery: 200
metric: available_agents; value: 0
metric: failed_agents; value: 0
metric: finished_agents; value: 10
metric: completed_tasks; value: 24
metric: pending_tasks; value: 0
metric: failed_tasks; value: 76
metric: average_robot_makespan; value: 224.02
metric: sd_robot_makespan; value: 8.44616
metric: max_robot_makespan; value: 229.616
metric: min_robot_makespan; value: 210.789
metric: average_robot_travel_distance; value: 124.793
metric: sd_robot_travel_distance; value: 22.4205
metric: max_robot_travel_distance; value: 158.879
metric: min_robot_travel_distance; value: 101.419
metric: sum_robot_travel_distance; value: 1247.93
metric: average_completed_tasks_by_robot; value: 0
metric: sd_completed_tasks_by_robot; value: 0
metric: max_completed_tasks_by_robot; value: 0
metric: min_completed_tasks_by_robot; value: 0
metric: final_reward; value: 0.24
metric: computing_time; value: 1468.13
