info: solver_name; value: cbaa
info: reward_function; value: reward00
info: replica; value: 1
info: filename; value: ../logs/prueba/rc102_10r_100t_b0f5abc8_cbaa_reward00_001.log
info: scenario_name; value: rc102_10r_100t_b0f5abc8
info: scenario_name; value: rc102_10r_100t_b0f5abc8
info: number_of_tasks; value: 100
info: number_of_robots; value: 10
info: number_of_recharging_stations; value: 1
info: scenario_size; value: (132,132)
event: recharging_station_spawn; timestamp: 0; recharging_station: 1; pos: (0, 0)
event: task_spawn; timestamp: 0; task: 1; pos: (-15, 35); earliest_start: 0; latest_start: 191; state: PENDING; required_workers: 1; success_prob: 0.2; max_attempts: 1
event: task_spawn; timestamp: 0; task: 2; pos: (-18, 25); earliest_start: 0; latest_start: 199; state: PENDING; required_workers: 1; success_prob: 0.2; max_attempts: 1
event: task_spawn; timestamp: 0; task: 3; pos: (-18, 35); earliest_start: 0; latest_start: 190; state: PENDING; required_workers: 1; success_prob: 0.2; max_attempts: 1
event: task_spawn; timestamp: 0; task: 4; pos: (-20, 30); earliest_start: 141; latest_start: 171; state: PENDING; required_workers: 1; success_prob: 0.2; max_attempts: 1
event: task_spawn; timestamp: 0; task: 5; pos: (-20, 35); earliest_start: 0; latest_start: 189; state: PENDING; required_workers: 1; success_prob: 0.2; max_attempts: 1
event: task_spawn; timestamp: 0; task: 6; pos: (-22, 25); earliest_start: 95; latest_start: 125; state: PENDING; required_workers: 1; success_prob: 0.2; max_attempts: 1
event: task_spawn; timestamp: 0; task: 7; pos: (-25, 25); earliest_start: 0; latest_start: 194; state: PENDING; required_workers: 1; success_prob: 0.2; max_attempts: 1
event: task_spawn; timestamp: 0; task: 8; pos: (-25, 30); earliest_start: 91; latest_start: 121; state: PENDING; required_workers: 1; success_prob: 0.2; max_attempts: 1
event: task_spawn; timestamp: 0; task: 9; pos: (-30, -15); earliest_start: 91; latest_start: 121; state: PENDING; required_workers: 1; success_prob: 0.2; max_attempts: 1
event: task_spawn; timestamp: 0; task: 10; pos: (-30, -10); earliest_start: 119; latest_start: 149; state: PENDING; required_workers: 1; success_prob: 0.2; max_attempts: 1
event: task_spawn; timestamp: 0; task: 11; pos: (-32, -10); earliest_start: 59; latest_start: 89; state: PENDING; required_workers: 2; success_prob: 0.2; max_attempts: 1
event: task_spawn; timestamp: 0; task: 12; pos: (-32, -5); earliest_start: 0; latest_start: 197; state: PENDING; required_workers: 2; success_prob: 0.2; max_attempts: 1
event: task_spawn; timestamp: 0; task: 13; pos: (-35, -15); earliest_start: 142; latest_start: 172; state: PENDING; required_workers: 2; success_prob: 0.2; max_attempts: 1
event: task_spawn; timestamp: 0; task: 14; pos: (-35, -5); earliest_start: 35; latest_start: 65; state: PENDING; required_workers: 2; success_prob: 0.2; max_attempts: 1
event: task_spawn; timestamp: 0; task: 15; pos: (-38, -10); earliest_start: 58; latest_start: 88; state: PENDING; required_workers: 2; success_prob: 0.2; max_attempts: 1
event: task_spawn; timestamp: 0; task: 16; pos: (-40, -10); earliest_start: 72; latest_start: 102; state: PENDING; required_workers: 2; success_prob: 0.2; max_attempts: 1
event: task_spawn; timestamp: 0; task: 17; pos: (-40, -5); earliest_start: 149; latest_start: 179; state: PENDING; required_workers: 3; success_prob: 0.2; max_attempts: 1
event: task_spawn; timestamp: 0; task: 18; pos: (4, -45); earliest_start: 87; latest_start: 117; state: PENDING; required_workers: 3; success_prob: 0.2; max_attempts: 1
event: task_spawn; timestamp: 0; task: 19; pos: (2, -40); earliest_start: 72; latest_start: 102; state: PENDING; required_workers: 3; success_prob: 0.2; max_attempts: 1
event: task_spawn; timestamp: 0; task: 20; pos: (2, -35); earliest_start: 122; latest_start: 152; state: PENDING; required_workers: 3; success_prob: 0.2; max_attempts: 1
event: task_spawn; timestamp: 0; task: 21; pos: (0, -45); earliest_start: 0; latest_start: 185; state: PENDING; required_workers: 1; success_prob: 0.4; max_attempts: 1
event: task_spawn; timestamp: 0; task: 22; pos: (0, -35); earliest_start: 92; latest_start: 122; state: PENDING; required_workers: 1; success_prob: 0.4; max_attempts: 1
event: task_spawn; timestamp: 0; task: 23; pos: (-2, -45); earliest_start: 65; latest_start: 95; state: PENDING; required_workers: 1; success_prob: 0.4; max_attempts: 1
event: task_spawn; timestamp: 0; task: 24; pos: (-2, -35); earliest_start: 148; latest_start: 178; state: PENDING; required_workers: 1; success_prob: 0.4; max_attempts: 1
event: task_spawn; timestamp: 0; task: 25; pos: (-5, -45); earliest_start: 154; latest_start: 184; state: PENDING; required_workers: 1; success_prob: 0.4; max_attempts: 1
event: task_spawn; timestamp: 0; task: 26; pos: (55, -20); earliest_start: 0; latest_start: 171; state: PENDING; required_workers: 1; success_prob: 0.4; max_attempts: 1
event: task_spawn; timestamp: 0; task: 27; pos: (55, -15); earliest_start: 62; latest_start: 92; state: PENDING; required_workers: 1; success_prob: 0.4; max_attempts: 1
event: task_spawn; timestamp: 0; task: 28; pos: (52, -20); earliest_start: 62; latest_start: 92; state: PENDING; required_workers: 1; success_prob: 0.4; max_attempts: 1
event: task_spawn; timestamp: 0; task: 29; pos: (50, -15); earliest_start: 67; latest_start: 97; state: PENDING; required_workers: 1; success_prob: 0.4; max_attempts: 1
event: task_spawn; timestamp: 0; task: 30; pos: (48, -20); earliest_start: 74; latest_start: 104; state: PENDING; required_workers: 1; success_prob: 0.4; max_attempts: 1
event: task_spawn; timestamp: 0; task: 31; pos: (48, -15); earliest_start: 0; latest_start: 179; state: PENDING; required_workers: 2; success_prob: 0.4; max_attempts: 1
event: task_spawn; timestamp: 0; task: 32; pos: (47, -20); earliest_start: 131; latest_start: 161; state: PENDING; required_workers: 2; success_prob: 0.4; max_attempts: 1
event: task_spawn; timestamp: 0; task: 33; pos: (45, -25); earliest_start: 51; latest_start: 81; state: PENDING; required_workers: 2; success_prob: 0.4; max_attempts: 1
event: task_spawn; timestamp: 0; task: 34; pos: (45, -15); earliest_start: 0; latest_start: 182; state: PENDING; required_workers: 2; success_prob: 0.4; max_attempts: 1
event: task_spawn; timestamp: 0; task: 35; pos: (27, 35); earliest_start: 139; latest_start: 169; state: PENDING; required_workers: 2; success_prob: 0.4; max_attempts: 1
event: task_spawn; timestamp: 0; task: 36; pos: (25, 35); earliest_start: 43; latest_start: 73; state: PENDING; required_workers: 2; success_prob: 0.4; max_attempts: 1
event: task_spawn; timestamp: 0; task: 37; pos: (25, 32); earliest_start: 0; latest_start: 189; state: PENDING; required_workers: 3; success_prob: 0.4; max_attempts: 1
event: task_spawn; timestamp: 0; task: 38; pos: (22, 30); earliest_start: 75; latest_start: 105; state: PENDING; required_workers: 3; success_prob: 0.4; max_attempts: 1
event: task_spawn; timestamp: 0; task: 39; pos: (20, 30); earliest_start: 37; latest_start: 67; state: PENDING; required_workers: 3; success_prob: 0.4; max_attempts: 1
event: task_spawn; timestamp: 0; task: 40; pos: (20, 35); earliest_start: 85; latest_start: 115; state: PENDING; required_workers: 3; success_prob: 0.4; max_attempts: 1
event: task_spawn; timestamp: 0; task: 41; pos: (18, 25); earliest_start: 92; latest_start: 122; state: PENDING; required_workers: 1; success_prob: 0.6; max_attempts: 1
event: task_spawn; timestamp: 0; task: 42; pos: (15, 30); earliest_start: 33; latest_start: 63; state: PENDING; required_workers: 1; success_prob: 0.6; max_attempts: 1
event: task_spawn; timestamp: 0; task: 43; pos: (15, 35); earliest_start: 128; latest_start: 158; state: PENDING; required_workers: 1; success_prob: 0.6; max_attempts: 1
event: task_spawn; timestamp: 0; task: 44; pos: (15, 32); earliest_start: 64; latest_start: 94; state: PENDING; required_workers: 1; success_prob: 0.6; max_attempts: 1
event: task_spawn; timestamp: 0; task: 45; pos: (-20, 32); earliest_start: 37; latest_start: 67; state: PENDING; required_workers: 1; success_prob: 0.6; max_attempts: 1
event: task_spawn; timestamp: 0; task: 46; pos: (-22, 30); earliest_start: 113; latest_start: 143; state: PENDING; required_workers: 1; success_prob: 0.6; max_attempts: 1
event: task_spawn; timestamp: 0; task: 47; pos: (-38, -5); earliest_start: 45; latest_start: 75; state: PENDING; required_workers: 1; success_prob: 0.6; max_attempts: 1
event: task_spawn; timestamp: 0; task: 48; pos: (2, -45); earliest_start: 0; latest_start: 184; state: PENDING; required_workers: 1; success_prob: 0.6; max_attempts: 1
event: task_spawn; timestamp: 0; task: 49; pos: (2, -38); earliest_start: 104; latest_start: 134; state: PENDING; required_workers: 1; success_prob: 0.6; max_attempts: 1
event: task_spawn; timestamp: 0; task: 50; pos: (32, -15); earliest_start: 0; latest_start: 194; state: PENDING; required_workers: 1; success_prob: 0.6; max_attempts: 1
event: task_spawn; timestamp: 0; task: 51; pos: (15, -30); earliest_start: 83; latest_start: 113; state: PENDING; required_workers: 2; success_prob: 0.6; max_attempts: 1
event: task_spawn; timestamp: 0; task: 52; pos: (-15, -20); earliest_start: 0; latest_start: 205; state: PENDING; required_workers: 2; success_prob: 0.6; max_attempts: 1
event: task_spawn; timestamp: 0; task: 53; pos: (-20, 0); earliest_start: 91; latest_start: 121; state: PENDING; required_workers: 2; success_prob: 0.6; max_attempts: 1
event: task_spawn; timestamp: 0; task: 54; pos: (15, 10); earliest_start: 139; latest_start: 169; state: PENDING; required_workers: 2; success_prob: 0.6; max_attempts: 1
event: task_spawn; timestamp: 0; task: 55; pos: (-10, 10); earliest_start: 140; latest_start: 170; state: PENDING; required_workers: 2; success_prob: 0.6; max_attempts: 1
event: task_spawn; timestamp: 0; task: 56; pos: (10, -15); earliest_start: 130; latest_start: 160; state: PENDING; required_workers: 2; success_prob: 0.6; max_attempts: 1
event: task_spawn; timestamp: 0; task: 57; pos: (-10, -25); earliest_start: 96; latest_start: 126; state: PENDING; required_workers: 3; success_prob: 0.6; max_attempts: 1
event: task_spawn; timestamp: 0; task: 58; pos: (-25, -40); earliest_start: 152; latest_start: 182; state: PENDING; required_workers: 3; success_prob: 0.6; max_attempts: 1
event: task_spawn; timestamp: 0; task: 59; pos: (-30, -30); earliest_start: 0; latest_start: 187; state: PENDING; required_workers: 3; success_prob: 0.6; max_attempts: 1
event: task_spawn; timestamp: 0; task: 60; pos: (-25, 10); earliest_start: 155; latest_start: 185; state: PENDING; required_workers: 3; success_prob: 0.6; max_attempts: 1
event: task_spawn; timestamp: 0; task: 61; pos: (5, 15); earliest_start: 66; latest_start: 96; state: PENDING; required_workers: 1; success_prob: 0.8; max_attempts: 1
event: task_spawn; timestamp: 0; task: 62; pos: (25, -15); earliest_start: 52; latest_start: 82; state: PENDING; required_workers: 1; success_prob: 0.8; max_attempts: 1
event: task_spawn; timestamp: 0; task: 63; pos: (25, -30); earliest_start: 39; latest_start: 69; state: PENDING; required_workers: 1; success_prob: 0.8; max_attempts: 1
event: task_spawn; timestamp: 0; task: 64; pos: (5, -20); earliest_start: 53; latest_start: 83; state: PENDING; required_workers: 1; success_prob: 0.8; max_attempts: 1
event: task_spawn; timestamp: 0; task: 65; pos: (-5, -10); earliest_start: 11; latest_start: 41; state: PENDING; required_workers: 1; success_prob: 0.8; max_attempts: 1
event: task_spawn; timestamp: 0; task: 66; pos: (1, -13); earliest_start: 133; latest_start: 163; state: PENDING; required_workers: 1; success_prob: 0.8; max_attempts: 1
event: task_spawn; timestamp: 0; task: 67; pos: (24, -8); earliest_start: 70; latest_start: 100; state: PENDING; required_workers: 1; success_prob: 0.8; max_attempts: 1
event: task_spawn; timestamp: 0; task: 68; pos: (0, 10); earliest_start: 144; latest_start: 174; state: PENDING; required_workers: 1; success_prob: 0.8; max_attempts: 1
event: task_spawn; timestamp: 0; task: 69; pos: (-9, 2); earliest_start: 41; latest_start: 71; state: PENDING; required_workers: 1; success_prob: 0.8; max_attempts: 1
event: task_spawn; timestamp: 0; task: 70; pos: (-5, 19); earliest_start: 180; latest_start: 210; state: PENDING; required_workers: 1; success_prob: 0.8; max_attempts: 1
event: task_spawn; timestamp: 0; task: 71; pos: (25, 5); earliest_start: 65; latest_start: 95; state: PENDING; required_workers: 2; success_prob: 0.8; max_attempts: 1
event: task_spawn; timestamp: 0; task: 72; pos: (23, 15); earliest_start: 0; latest_start: 202; state: PENDING; required_workers: 2; success_prob: 0.8; max_attempts: 1
event: task_spawn; timestamp: 0; task: 73; pos: (-38, 10); earliest_start: 77; latest_start: 107; state: PENDING; required_workers: 2; success_prob: 0.8; max_attempts: 1
event: task_spawn; timestamp: 0; task: 74; pos: (-20, -30); earliest_start: 141; latest_start: 171; state: PENDING; required_workers: 2; success_prob: 0.8; max_attempts: 1
event: task_spawn; timestamp: 0; task: 75; pos: (-35, -45); earliest_start: 0; latest_start: 172; state: PENDING; required_workers: 2; success_prob: 0.8; max_attempts: 1
event: task_spawn; timestamp: 0; task: 76; pos: (20, -38); earliest_start: 75; latest_start: 105; state: PENDING; required_workers: 2; success_prob: 0.8; max_attempts: 1
event: task_spawn; timestamp: 0; task: 77; pos: (-17, -47); earliest_start: 150; latest_start: 180; state: PENDING; required_workers: 3; success_prob: 0.8; max_attempts: 1
event: task_spawn; timestamp: 0; task: 78; pos: (-32, 6); earliest_start: 90; latest_start: 120; state: PENDING; required_workers: 3; success_prob: 0.8; max_attempts: 1
event: task_spawn; timestamp: 0; task: 79; pos: (-34, 18); earliest_start: 89; latest_start: 119; state: PENDING; required_workers: 3; success_prob: 0.8; max_attempts: 1
event: task_spawn; timestamp: 0; task: 80; pos: (7, -3); earliest_start: 192; latest_start: 222; state: PENDING; required_workers: 3; success_prob: 0.8; max_attempts: 1
event: task_spawn; timestamp: 0; task: 81; pos: (9, 8); earliest_start: 86; latest_start: 116; state: PENDING; required_workers: 1; success_prob: 1; max_attempts: 1
event: task_spawn; timestamp: 0; task: 82; pos: (-13, -7); earliest_start: 0; latest_start: 215; state: PENDING; required_workers: 1; success_prob: 1; max_attempts: 1
event: task_spawn; timestamp: 0; task: 83; pos: (-3, -19); earliest_start: 0; latest_start: 210; state: PENDING; required_workers: 1; success_prob: 1; max_attempts: 1
event: task_spawn; timestamp: 0; task: 84; pos: (17, -21); earliest_start: 96; latest_start: 126; state: PENDING; required_workers: 1; success_prob: 1; max_attempts: 1
event: task_spawn; timestamp: 0; task: 85; pos: (23, -27); earliest_start: 0; latest_start: 194; state: PENDING; required_workers: 1; success_prob: 1; max_attempts: 1
event: task_spawn; timestamp: 0; task: 86; pos: (-19, -26); earliest_start: 87; latest_start: 117; state: PENDING; required_workers: 1; success_prob: 1; max_attempts: 1
event: task_spawn; timestamp: 0; task: 87; pos: (-28, -26); earliest_start: 90; latest_start: 120; state: PENDING; required_workers: 1; success_prob: 1; max_attempts: 1
event: task_spawn; timestamp: 0; task: 88; pos: (-16, 8); earliest_start: 67; latest_start: 97; state: PENDING; required_workers: 1; success_prob: 1; max_attempts: 1
event: task_spawn; timestamp: 0; task: 89; pos: (27, -45); earliest_start: 144; latest_start: 174; state: PENDING; required_workers: 1; success_prob: 1; max_attempts: 1
event: task_spawn; timestamp: 0; task: 90; pos: (-3, -3); earliest_start: 86; latest_start: 116; state: PENDING; required_workers: 1; success_prob: 1; max_attempts: 1
event: task_spawn; timestamp: 0; task: 91; pos: (9, -8); earliest_start: 0; latest_start: 217; state: PENDING; required_workers: 2; success_prob: 1; max_attempts: 1
event: task_spawn; timestamp: 0; task: 92; pos: (13, -7); earliest_start: 14; latest_start: 44; state: PENDING; required_workers: 2; success_prob: 1; max_attempts: 1
event: task_spawn; timestamp: 0; task: 93; pos: (21, 2); earliest_start: 178; latest_start: 208; state: PENDING; required_workers: 2; success_prob: 1; max_attempts: 1
event: task_spawn; timestamp: 0; task: 94; pos: (17, -2); earliest_start: 0; latest_start: 212; state: PENDING; required_workers: 2; success_prob: 1; max_attempts: 1
event: task_spawn; timestamp: 0; task: 95; pos: (16, -13); earliest_start: 0; latest_start: 209; state: PENDING; required_workers: 2; success_prob: 1; max_attempts: 1
event: task_spawn; timestamp: 0; task: 96; pos: (15, 4); earliest_start: 0; latest_start: 214; state: PENDING; required_workers: 2; success_prob: 1; max_attempts: 1
event: task_spawn; timestamp: 0; task: 97; pos: (-36, -32); earliest_start: 120; latest_start: 150; state: PENDING; required_workers: 3; success_prob: 1; max_attempts: 1
event: task_spawn; timestamp: 0; task: 98; pos: (-14, 2); earliest_start: 0; latest_start: 215; state: PENDING; required_workers: 3; success_prob: 1; max_attempts: 1
event: task_spawn; timestamp: 0; task: 99; pos: (-14, -15); earliest_start: 77; latest_start: 107; state: PENDING; required_workers: 3; success_prob: 1; max_attempts: 1
event: task_spawn; timestamp: 0; task: 100; pos: (-9, 17); earliest_start: 180; latest_start: 210; state: PENDING; required_workers: 3; success_prob: 1; max_attempts: 1
event: robot_spawn; timestamp: 0; robot: 1; pos: (0, 0); state: AVAILABLE; battery_level: 200; battery_capacity: 200; velocity: 1; battery_rate_nav: 0
event: robot_spawn; timestamp: 0; robot: 2; pos: (0, 0); state: AVAILABLE; battery_level: 200; battery_capacity: 200; velocity: 1; battery_rate_nav: 0
event: robot_spawn; timestamp: 0; robot: 3; pos: (0, 0); state: AVAILABLE; battery_level: 200; battery_capacity: 200; velocity: 1; battery_rate_nav: 0
event: robot_spawn; timestamp: 0; robot: 4; pos: (0, 0); state: AVAILABLE; battery_level: 200; battery_capacity: 200; velocity: 1; battery_rate_nav: 0
event: robot_spawn; timestamp: 0; robot: 5; pos: (0, 0); state: AVAILABLE; battery_level: 200; battery_capacity: 200; velocity: 1; battery_rate_nav: 0
event: robot_spawn; timestamp: 0; robot: 6; pos: (0, 0); state: AVAILABLE; battery_level: 200; battery_capacity: 200; velocity: 1; battery_rate_nav: 0
event: robot_spawn; timestamp: 0; robot: 7; pos: (0, 0); state: AVAILABLE; battery_level: 200; battery_capacity: 200; velocity: 1; battery_rate_nav: 0
event: robot_spawn; timestamp: 0; robot: 8; pos: (0, 0); state: AVAILABLE; battery_level: 200; battery_capacity: 200; velocity: 1; battery_rate_nav: 0
event: robot_spawn; timestamp: 0; robot: 9; pos: (0, 0); state: AVAILABLE; battery_level: 200; battery_capacity: 200; velocity: 1; battery_rate_nav: 0
event: robot_spawn; timestamp: 0; robot: 10; pos: (0, 0); state: AVAILABLE; battery_level: 200; battery_capacity: 200; velocity: 1; battery_rate_nav: 0
event: robot_finished; timestamp: 0; robot: 4; pos: (0, 0); battery: 200
event: robot_finished; timestamp: 0; robot: 9; pos: (0, 0); battery: 200
event: battery_consumption; timestamp: 0; robot: 3; time: 14.1421; initial_level: 200; final_level: 200
event: navigation; timestamp: 0; robot: 3; time: 14.1421; src: (0, 0); dst: (-14, 2)
event: battery_consumption; timestamp: 0; robot: 1; time: 14.7648; initial_level: 200; final_level: 200
event: navigation; timestamp: 0; robot: 1; time: 14.7648; src: (0, 0); dst: (-13, -7)
event: robot_finished; timestamp: 0; robot: 10; pos: (0, 0); battery: 200
event: battery_consumption; timestamp: 0; robot: 2; time: 14.1421; initial_level: 200; final_level: 200
event: navigation; timestamp: 0; robot: 2; time: 14.1421; src: (0, 0); dst: (-14, 2)
event: robot_finished; timestamp: 0; robot: 8; pos: (0, 0); battery: 200
event: battery_consumption; timestamp: 0; robot: 7; time: 36.0555; initial_level: 200; final_level: 200
event: navigation; timestamp: 0; robot: 7; time: 36.0555; src: (0, 0); dst: (20, 30)
event: battery_consumption; timestamp: 0; robot: 5; time: 12.0416; initial_level: 200; final_level: 200
event: navigation; timestamp: 0; robot: 5; time: 12.0416; src: (0, 0); dst: (9, -8)
event: battery_consumption; timestamp: 0; robot: 6; time: 12.0416; initial_level: 200; final_level: 200
event: navigation; timestamp: 0; robot: 6; time: 12.0416; src: (0, 0); dst: (9, -8)
event: task_execution; timestamp: 12.0416; task: 91; robot: 5; pos: (9, -8); time: 8.89912
event: battery_consumption; timestamp: 12.0416; robot: 5; time: 8.89912; initial_level: 200; final_level: 188.431
event: task_execution; timestamp: 12.0416; task: 91; robot: 6; pos: (9, -8); time: 8.89912
event: battery_consumption; timestamp: 12.0416; robot: 6; time: 8.89912; initial_level: 200; final_level: 188.431
event: task_resolution; timestamp: 20.9407; task: 91; pos: (9, -8); status: COMPLETED; attempt: 1
event: battery_consumption; timestamp: 20.9407; robot: 6; time: 4.12311; initial_level: 188.431; final_level: 188.431
event: navigation; timestamp: 20.9407; robot: 6; time: 4.12311; src: (9, -8); dst: (13, -7)
event: battery_consumption; timestamp: 20.9407; robot: 5; time: 4.12311; initial_level: 188.431; final_level: 188.431
event: navigation; timestamp: 20.9407; robot: 5; time: 4.12311; src: (9, -8); dst: (13, -7)
event: task_execution; timestamp: 14.7648; task: 82; robot: 1; pos: (-13, -7); time: 9.61146
event: battery_consumption; timestamp: 14.7648; robot: 1; time: 9.61146; initial_level: 200; final_level: 191.35
event: task_resolution; timestamp: 24.3763; task: 82; pos: (-13, -7); status: COMPLETED; attempt: 1
event: battery_consumption; timestamp: 24.3763; robot: 1; time: 9.05539; initial_level: 191.35; final_level: 191.35
event: navigation; timestamp: 24.3763; robot: 1; time: 9.05539; src: (-13, -7); dst: (-14, 2)
event: task_execution; timestamp: 25.0638; task: 92; robot: 5; pos: (13, -7); time: 10.9792
event: battery_consumption; timestamp: 25.0638; robot: 5; time: 10.9792; initial_level: 188.431; final_level: 173.06
event: task_execution; timestamp: 25.0638; task: 92; robot: 6; pos: (13, -7); time: 10.9792
event: battery_consumption; timestamp: 25.0638; robot: 6; time: 10.9792; initial_level: 188.431; final_level: 173.06
event: task_resolution; timestamp: 36.043; task: 92; pos: (13, -7); status: COMPLETED; attempt: 1
event: battery_consumption; timestamp: 36.043; robot: 6; time: 6.40312; initial_level: 173.06; final_level: 173.06
event: navigation; timestamp: 36.043; robot: 6; time: 6.40312; src: (13, -7); dst: (17, -2)
event: battery_consumption; timestamp: 36.043; robot: 5; time: 6.40312; initial_level: 173.06; final_level: 173.06
event: navigation; timestamp: 36.043; robot: 5; time: 6.40312; src: (13, -7); dst: (17, -2)
event: task_execution; timestamp: 33.4317; task: 98; robot: 1; pos: (-14, 2); time: 11.2634
event: battery_consumption; timestamp: 33.4317; robot: 1; time: 11.2634; initial_level: 191.35; final_level: 181.213
event: task_execution; timestamp: 33.4317; task: 98; robot: 2; pos: (-14, 2); time: 11.2634
event: battery_consumption; timestamp: 33.4317; robot: 2; time: 11.2634; initial_level: 200; final_level: 189.863
event: task_execution; timestamp: 33.4317; task: 98; robot: 3; pos: (-14, 2); time: 11.2634
event: battery_consumption; timestamp: 33.4317; robot: 3; time: 11.2634; initial_level: 200; final_level: 189.863
event: task_resolution; timestamp: 44.695; task: 98; pos: (-14, 2); status: COMPLETED; attempt: 1
event: battery_consumption; timestamp: 44.695; robot: 1; time: 5; initial_level: 181.213; final_level: 181.213
event: navigation; timestamp: 44.695; robot: 1; time: 5; src: (-14, 2); dst: (-9, 2)
event: battery_consumption; timestamp: 44.695; robot: 3; time: 22.0227; initial_level: 189.863; final_level: 189.863
event: navigation; timestamp: 44.695; robot: 3; time: 22.0227; src: (-14, 2); dst: (-15, -20)
event: battery_consumption; timestamp: 44.695; robot: 2; time: 22.0227; initial_level: 189.863; final_level: 189.863
event: navigation; timestamp: 44.695; robot: 2; time: 22.0227; src: (-14, 2); dst: (-15, -20)
event: task_execution; timestamp: 42.4461; task: 94; robot: 5; pos: (17, -2); time: 7.3306
event: battery_consumption; timestamp: 42.4461; robot: 5; time: 7.3306; initial_level: 173.06; final_level: 156.2
event: task_execution; timestamp: 42.4461; task: 94; robot: 6; pos: (17, -2); time: 7.3306
event: battery_consumption; timestamp: 42.4461; robot: 6; time: 7.3306; initial_level: 173.06; final_level: 156.2
event: task_resolution; timestamp: 49.7767; task: 94; pos: (17, -2); status: COMPLETED; attempt: 1
event: battery_consumption; timestamp: 49.7767; robot: 5; time: 15.2643; initial_level: 156.2; final_level: 156.2
event: navigation; timestamp: 49.7767; robot: 5; time: 15.2643; src: (17, -2); dst: (25, -15)
event: battery_consumption; timestamp: 49.7767; robot: 6; time: 6.32456; initial_level: 156.2; final_level: 156.2
event: navigation; timestamp: 49.7767; robot: 6; time: 6.32456; src: (17, -2); dst: (15, 4)
event: task_execution; timestamp: 49.695; task: 69; robot: 1; pos: (-9, 2); time: 11.1382
event: battery_consumption; timestamp: 49.695; robot: 1; time: 11.1382; initial_level: 181.213; final_level: 151.14
event: task_resolution; timestamp: 60.8332; task: 69; pos: (-9, 2); status: COMPLETED; attempt: 1
event: battery_consumption; timestamp: 60.8332; robot: 1; time: 9.21954; initial_level: 151.14; final_level: 151.14
event: navigation; timestamp: 60.8332; robot: 1; time: 9.21954; src: (-9, 2); dst: (-16, 8)
event: battery_consumption; timestamp: 67; robot: 7; time: 5.38516; initial_level: 200; final_level: 200
event: navigation; timestamp: 67; robot: 7; time: 5.38516; src: (20, 30); dst: (15, 32)
event: task_execution; timestamp: 65.0411; task: 62; robot: 5; pos: (25, -15); time: 9.35943
event: battery_consumption; timestamp: 65.0411; robot: 5; time: 9.35943; initial_level: 156.2; final_level: 153.392
event: task_resolution; timestamp: 74.4005; task: 62; pos: (25, -15); status: FAILED; attempt: 1
event: battery_consumption; timestamp: 74.4005; robot: 5; time: 7.07107; initial_level: 153.392; final_level: 153.392
event: navigation; timestamp: 74.4005; robot: 5; time: 7.07107; src: (25, -15); dst: (24, -8)
event: task_execution; timestamp: 66.7177; task: 52; robot: 2; pos: (-15, -20); time: 9.57418
event: battery_consumption; timestamp: 66.7177; robot: 2; time: 9.57418; initial_level: 189.863; final_level: 186.991
event: task_execution; timestamp: 66.7177; task: 52; robot: 3; pos: (-15, -20); time: 9.57418
event: battery_consumption; timestamp: 66.7177; robot: 3; time: 9.57418; initial_level: 189.863; final_level: 186.991
event: task_resolution; timestamp: 76.2919; task: 52; pos: (-15, -20); status: COMPLETED; attempt: 1
event: battery_consumption; timestamp: 76.2919; robot: 3; time: 5.09902; initial_level: 186.991; final_level: 186.991
event: navigation; timestamp: 76.2919; robot: 3; time: 5.09902; src: (-15, -20); dst: (-14, -15)
event: battery_consumption; timestamp: 76.2919; robot: 2; time: 7.2111; initial_level: 186.991; final_level: 186.991
event: navigation; timestamp: 76.2919; robot: 2; time: 7.2111; src: (-15, -20); dst: (-19, -26)
event: task_execution; timestamp: 70.0528; task: 88; robot: 1; pos: (-16, 8); time: 10.3264
event: battery_consumption; timestamp: 70.0528; robot: 1; time: 10.3264; initial_level: 151.14; final_level: 131.519
event: task_resolution; timestamp: 80.3791; task: 88; pos: (-16, 8); status: COMPLETED; attempt: 1
event: battery_consumption; timestamp: 80.3791; robot: 1; time: 17.0294; initial_level: 131.519; final_level: 131.519
event: navigation; timestamp: 80.3791; robot: 1; time: 17.0294; src: (-16, 8); dst: (-3, -3)
event: task_execution; timestamp: 72.3852; task: 44; robot: 7; pos: (15, 32); time: 8.79126
event: battery_consumption; timestamp: 72.3852; robot: 7; time: 8.79126; initial_level: 200; final_level: 191.209
event: task_resolution; timestamp: 81.1764; task: 44; pos: (15, 32); status: FAILED; attempt: 1
event: battery_consumption; timestamp: 81.1764; robot: 7; time: 7.61577; initial_level: 191.209; final_level: 191.209
event: navigation; timestamp: 81.1764; robot: 7; time: 7.61577; src: (15, 32); dst: (18, 25)
event: task_execution; timestamp: 81.4716; task: 67; robot: 5; pos: (24, -8); time: 10.05
event: battery_consumption; timestamp: 81.4716; robot: 5; time: 10.05; initial_level: 153.392; final_level: 144.347
event: task_resolution; timestamp: 91.5216; task: 67; pos: (24, -8); status: COMPLETED; attempt: 1
event: battery_consumption; timestamp: 91.5216; robot: 5; time: 14.7648; initial_level: 144.347; final_level: 144.347
event: navigation; timestamp: 91.5216; robot: 5; time: 14.7648; src: (24, -8); dst: (17, -21)
event: task_execution; timestamp: 87; task: 86; robot: 2; pos: (-19, -26); time: 8.59463
event: battery_consumption; timestamp: 87; robot: 2; time: 8.59463; initial_level: 186.991; final_level: 162.926
event: task_resolution; timestamp: 95.5946; task: 86; pos: (-19, -26); status: COMPLETED; attempt: 1
event: battery_consumption; timestamp: 95.5946; robot: 2; time: 9; initial_level: 162.926; final_level: 162.926
event: navigation; timestamp: 95.5946; robot: 2; time: 9; src: (-19, -26); dst: (-28, -26)
event: task_execution; timestamp: 92; task: 41; robot: 7; pos: (18, 25); time: 9.05483
event: battery_consumption; timestamp: 92; robot: 7; time: 9.05483; initial_level: 191.209; final_level: 173.099
event: task_resolution; timestamp: 101.055; task: 41; pos: (18, 25); status: FAILED; attempt: 1
event: battery_consumption; timestamp: 101.055; robot: 7; time: 11.1803; initial_level: 173.099; final_level: 173.099
event: navigation; timestamp: 101.055; robot: 7; time: 11.1803; src: (18, 25); dst: (23, 15)
event: battery_consumption; timestamp: 107; robot: 3; time: 11.7047; initial_level: 186.991; final_level: 186.991
event: navigation; timestamp: 107; robot: 3; time: 11.7047; src: (-14, -15); dst: (-3, -19)
event: task_execution; timestamp: 97.4085; task: 90; robot: 1; pos: (-3, -3); time: 10.6955
event: battery_consumption; timestamp: 97.4085; robot: 1; time: 10.6955; initial_level: 131.519; final_level: 125.102
event: task_resolution; timestamp: 108.104; task: 90; pos: (-3, -3); status: COMPLETED; attempt: 1
event: battery_consumption; timestamp: 108.104; robot: 1; time: 19.3132; initial_level: 125.102; final_level: 125.102
event: navigation; timestamp: 108.104; robot: 1; time: 19.3132; src: (-3, -3); dst: (15, 4)
event: task_execution; timestamp: 106.286; task: 84; robot: 5; pos: (17, -21); time: 8.30379
event: battery_consumption; timestamp: 106.286; robot: 5; time: 8.30379; initial_level: 144.347; final_level: 129.4
event: task_resolution; timestamp: 114.59; task: 84; pos: (17, -21); status: COMPLETED; attempt: 1
event: battery_consumption; timestamp: 114.59; robot: 5; time: 8.48528; initial_level: 129.4; final_level: 129.4
event: navigation; timestamp: 114.59; robot: 5; time: 8.48528; src: (17, -21); dst: (23, -27)
event: task_execution; timestamp: 104.595; task: 87; robot: 2; pos: (-28, -26); time: 11.4587
event: battery_consumption; timestamp: 104.595; robot: 2; time: 11.4587; initial_level: 162.926; final_level: 148.029
event: task_resolution; timestamp: 116.053; task: 87; pos: (-28, -26); status: COMPLETED; attempt: 1
event: battery_consumption; timestamp: 116.053; robot: 2; time: 10; initial_level: 148.029; final_level: 148.029
event: navigation; timestamp: 116.053; robot: 2; time: 10; src: (-28, -26); dst: (-36, -32)
event: task_execution; timestamp: 118.705; task: 83; robot: 3; pos: (-3, -19); time: 10.0819
event: battery_consumption; timestamp: 118.705; robot: 3; time: 10.0819; initial_level: 186.991; final_level: 172.876
event: task_resolution; timestamp: 128.787; task: 83; pos: (-3, -19); status: COMPLETED; attempt: 1
event: battery_consumption; timestamp: 128.787; robot: 3; time: 7.2111; initial_level: 172.876; final_level: 172.876
event: navigation; timestamp: 128.787; robot: 3; time: 7.2111; src: (-3, -19); dst: (1, -13)
event: task_execution; timestamp: 123.076; task: 85; robot: 5; pos: (23, -27); time: 10.7547
event: battery_consumption; timestamp: 123.076; robot: 5; time: 10.7547; initial_level: 129.4; final_level: 127.249
event: task_resolution; timestamp: 133.83; task: 85; pos: (23, -27); status: COMPLETED; attempt: 1
event: battery_consumption; timestamp: 133.83; robot: 5; time: 18.4391; initial_level: 127.249; final_level: 127.249
event: navigation; timestamp: 133.83; robot: 5; time: 18.4391; src: (23, -27); dst: (27, -45)
event: task_execution; timestamp: 127.417; task: 96; robot: 1; pos: (15, 4); time: 10.7408
event: battery_consumption; timestamp: 127.417; robot: 1; time: 10.7408; initial_level: 125.102; final_level: 97.1762
event: task_execution; timestamp: 127.417; task: 96; robot: 6; pos: (15, 4); time: 10.7408
event: battery_consumption; timestamp: 127.417; robot: 6; time: 10.7408; initial_level: 156.2; final_level: 128.274
event: task_resolution; timestamp: 138.158; task: 96; pos: (15, 4); status: COMPLETED; attempt: 1
event: battery_consumption; timestamp: 138.158; robot: 1; time: 13.6015; initial_level: 97.1762; final_level: 97.1762
event: navigation; timestamp: 138.158; robot: 1; time: 13.6015; src: (15, 4); dst: (23, 15)
event: battery_consumption; timestamp: 138.158; robot: 6; time: 16.1555; initial_level: 128.274; final_level: 128.274
event: navigation; timestamp: 138.158; robot: 6; time: 16.1555; src: (15, 4); dst: (0, 10)
event: task_execution; timestamp: 135.998; task: 66; robot: 3; pos: (1, -13); time: 9.20095
event: battery_consumption; timestamp: 135.998; robot: 3; time: 9.20095; initial_level: 172.876; final_level: 158.154
event: task_resolution; timestamp: 145.199; task: 66; pos: (1, -13); status: FAILED; attempt: 1
event: battery_consumption; timestamp: 145.199; robot: 3; time: 15; initial_level: 158.154; final_level: 158.154
event: navigation; timestamp: 145.199; robot: 3; time: 15; src: (1, -13); dst: (16, -13)
event: battery_consumption; timestamp: 150; robot: 2; time: 13.0384; initial_level: 148.029; final_level: 148.029
event: navigation; timestamp: 150; robot: 2; time: 13.0384; src: (-36, -32); dst: (-35, -45)
event: task_execution; timestamp: 151.759; task: 72; robot: 1; pos: (23, 15); time: 10.2904
event: battery_consumption; timestamp: 151.759; robot: 1; time: 10.2904; initial_level: 97.1762; final_level: 88.9438
event: task_execution; timestamp: 151.759; task: 72; robot: 7; pos: (23, 15); time: 10.2904
event: battery_consumption; timestamp: 151.759; robot: 7; time: 10.2904; initial_level: 173.099; final_level: 164.867
event: task_resolution; timestamp: 162.05; task: 72; pos: (23, 15); status: COMPLETED; attempt: 1
event: battery_consumption; timestamp: 162.05; robot: 7; time: 13.1529; initial_level: 164.867; final_level: 164.867
event: navigation; timestamp: 162.05; robot: 7; time: 13.1529; src: (23, 15); dst: (21, 2)
event: battery_consumption; timestamp: 162.05; robot: 1; time: 13.1529; initial_level: 88.9438; final_level: 88.9438
event: navigation; timestamp: 162.05; robot: 1; time: 13.1529; src: (23, 15); dst: (21, 2)
event: task_execution; timestamp: 152.269; task: 89; robot: 5; pos: (27, -45); time: 10.3153
event: battery_consumption; timestamp: 152.269; robot: 5; time: 10.3153; initial_level: 127.249; final_level: 101.461
event: task_resolution; timestamp: 162.585; task: 89; pos: (27, -45); status: COMPLETED; attempt: 1
event: battery_consumption; timestamp: 162.585; robot: 5; time: 30.4138; initial_level: 101.461; final_level: 101.461
event: navigation; timestamp: 162.585; robot: 5; time: 30.4138; src: (27, -45); dst: (32, -15)
event: task_execution; timestamp: 154.313; task: 68; robot: 6; pos: (0, 10); time: 9.09984
event: battery_consumption; timestamp: 154.313; robot: 6; time: 9.09984; initial_level: 128.274; final_level: 109.164
event: task_resolution; timestamp: 163.413; task: 68; pos: (0, 10); status: COMPLETED; attempt: 1
event: battery_consumption; timestamp: 163.413; robot: 6; time: 10.2956; initial_level: 109.164; final_level: 109.164
event: navigation; timestamp: 163.413; robot: 6; time: 10.2956; src: (0, 10); dst: (-5, 19)
event: battery_consumption; timestamp: 172; robot: 2; time: 57.0088; initial_level: 148.029; final_level: 148.029
event: navigation; timestamp: 172; robot: 2; time: 57.0088; src: (-35, -45); dst: (0, 0)
event: recharge; timestamp: 229.009; robot: 2; recharging_station: 1; pos: (0, 0); level: 200
event: task_execution; timestamp: 180; task: 70; robot: 6; pos: (-5, 19); time: 8.86093
event: battery_consumption; timestamp: 180; robot: 6; time: 8.86093; initial_level: 109.164; final_level: 88.7841
event: task_resolution; timestamp: 188.861; task: 70; pos: (-5, 19); status: COMPLETED; attempt: 1
event: battery_consumption; timestamp: 188.861; robot: 6; time: 4.47214; initial_level: 88.7841; final_level: 88.7841
event: navigation; timestamp: 188.861; robot: 6; time: 4.47214; src: (-5, 19); dst: (-9, 17)
event: task_execution; timestamp: 178; task: 93; robot: 1; pos: (21, 2); time: 11.1669
event: battery_consumption; timestamp: 178; robot: 1; time: 11.1669; initial_level: 88.9438; final_level: 85.5938
event: task_execution; timestamp: 178; task: 93; robot: 7; pos: (21, 2); time: 11.1669
event: battery_consumption; timestamp: 178; robot: 7; time: 11.1669; initial_level: 164.867; final_level: 161.517
event: task_resolution; timestamp: 189.167; task: 93; pos: (21, 2); status: COMPLETED; attempt: 1
event: battery_consumption; timestamp: 189.167; robot: 7; time: 14.8661; initial_level: 161.517; final_level: 161.517
event: navigation; timestamp: 189.167; robot: 7; time: 14.8661; src: (21, 2); dst: (7, -3)
event: battery_consumption; timestamp: 189.167; robot: 1; time: 15.8114; initial_level: 85.5938; final_level: 85.5938
event: navigation; timestamp: 189.167; robot: 1; time: 15.8114; src: (21, 2); dst: (16, -13)
event: battery_consumption; timestamp: 194; robot: 5; time: 27.7308; initial_level: 101.461; final_level: 101.461
event: navigation; timestamp: 194; robot: 5; time: 27.7308; src: (32, -15); dst: (7, -3)
event: task_resolution; timestamp: 202.287; task: 50; pos: (32, -15); status: COMPLETED; attempt: 1
event: battery_consumption; timestamp: 209; robot: 1; time: 20.6155; initial_level: 85.5938; final_level: 85.5938
event: navigation; timestamp: 209; robot: 1; time: 20.6155; src: (16, -13); dst: (0, 0)
event: recharge; timestamp: 229.616; robot: 1; recharging_station: 1; pos: (0, 0); level: 200
event: battery_consumption; timestamp: 209; robot: 3; time: 20.6155; initial_level: 158.154; final_level: 158.154
event: navigation; timestamp: 209; robot: 3; time: 20.6155; src: (16, -13); dst: (0, 0)
event: recharge; timestamp: 229.616; robot: 3; recharging_station: 1; pos: (0, 0); level: 200
event: battery_consumption; timestamp: 210; robot: 6; time: 19.2354; initial_level: 88.7841; final_level: 88.7841
event: navigation; timestamp: 210; robot: 6; time: 19.2354; src: (-9, 17); dst: (0, 0)
event: recharge; timestamp: 229.235; robot: 6; recharging_station: 1; pos: (0, 0); level: 200
event: task_resolution; timestamp: 214.223; task: 95; pos: (16, -13); status: COMPLETED; attempt: 1
event: battery_consumption; timestamp: 222; robot: 7; time: 7.61577; initial_level: 161.517; final_level: 161.517
event: navigation; timestamp: 222; robot: 7; time: 7.61577; src: (7, -3); dst: (0, 0)
event: robot_finished; timestamp: 229.616; robot: 7; pos: (0, 0); battery: 161.517
event: battery_consumption; timestamp: 222; robot: 5; time: 7.61577; initial_level: 101.461; final_level: 101.461
event: navigation; timestamp: 222; robot: 5; time: 7.61577; src: (7, -3); dst: (0, 0)
event: robot_finished; timestamp: 229.616; robot: 5; pos: (0, 0); battery: 101.461
event: robot_finished; timestamp: 229.009; robot: 2; pos: (0, 0); battery: 200
event: robot_finished; timestamp: 229.235; robot: 6; pos: (0, 0); battery: 200
event: robot_finished; timestamp: 229.616; robot: 3; pos: (0, 0); battery: 200
event: robot_finished; timestamp: 229.616; robot: 1; pos: (0, 0); battery: 200
metric: available_agents; value: 0
metric: failed_agents; value: 0
metric: finished_agents; value: 10
metric: completed_tasks; value: 23
metric: pending_tasks; value: 0
metric: failed_tasks; value: 77
metric: average_robot_makespan; value: 137.671
metric: sd_robot_makespan; value: 118.488
metric: max_robot_makespan; value: 229.616
metric: min_robot_makespan; value: 0
metric: average_robot_travel_distance; value: 69.3057
metric: sd_robot_travel_distance; value: 63.4694
metric: max_robot_travel_distance; value: 152.353
metric: min_robot_travel_distance; value: 0
metric: sum_robot_travel_distance; value: 693.057
metric: average_completed_tasks_by_robot; value: 0
metric: sd_completed_tasks_by_robot; value: 0
metric: max_completed_tasks_by_robot; value: 0
metric: min_completed_tasks_by_robot; value: 0
metric: final_reward; value: 0.23
metric: computing_time; value: 0.0111524
