info: solver_name; value: greedy
info: reward_function; value: reward00
info: replica; value: 1
info: filename; value: ../logs/prueba/rc107_10r_100t_b0f5abc8_greedy_reward00_001.log
info: scenario_name; value: rc107_10r_100t_b0f5abc8
info: scenario_name; value: rc107_10r_100t_b0f5abc8
info: number_of_tasks; value: 100
info: number_of_robots; value: 10
info: number_of_recharging_stations; value: 1
info: scenario_size; value: (132,132)
event: recharging_station_spawn; timestamp: 0; recharging_station: 1; pos: (0, 0)
event: task_spawn; timestamp: 0; task: 1; pos: (-15, 35); earliest_start: 125; latest_start: 191; state: PENDING; required_workers: 1; success_prob: 0.2; max_attempts: 1
event: task_spawn; timestamp: 0; task: 2; pos: (-18, 25); earliest_start: 32; latest_start: 97; state: PENDING; required_workers: 1; success_prob: 0.2; max_attempts: 1
event: task_spawn; timestamp: 0; task: 3; pos: (-18, 35); earliest_start: 101; latest_start: 146; state: PENDING; required_workers: 1; success_prob: 0.2; max_attempts: 1
event: task_spawn; timestamp: 0; task: 4; pos: (-20, 30); earliest_start: 71; latest_start: 193; state: PENDING; required_workers: 1; success_prob: 0.2; max_attempts: 1
event: task_spawn; timestamp: 0; task: 5; pos: (-20, 35); earliest_start: 40; latest_start: 113; state: PENDING; required_workers: 1; success_prob: 0.2; max_attempts: 1
event: task_spawn; timestamp: 0; task: 6; pos: (-22, 25); earliest_start: 55; latest_start: 164; state: PENDING; required_workers: 1; success_prob: 0.2; max_attempts: 1
event: task_spawn; timestamp: 0; task: 7; pos: (-25, 25); earliest_start: 69; latest_start: 118; state: PENDING; required_workers: 1; success_prob: 0.2; max_attempts: 1
event: task_spawn; timestamp: 0; task: 8; pos: (-25, 30); earliest_start: 56; latest_start: 155; state: PENDING; required_workers: 1; success_prob: 0.2; max_attempts: 1
event: task_spawn; timestamp: 0; task: 9; pos: (-30, -15); earliest_start: 51; latest_start: 160; state: PENDING; required_workers: 1; success_prob: 0.2; max_attempts: 1
event: task_spawn; timestamp: 0; task: 10; pos: (-30, -10); earliest_start: 90; latest_start: 177; state: PENDING; required_workers: 1; success_prob: 0.2; max_attempts: 1
event: task_spawn; timestamp: 0; task: 11; pos: (-32, -10); earliest_start: 33; latest_start: 152; state: PENDING; required_workers: 2; success_prob: 0.2; max_attempts: 1
event: task_spawn; timestamp: 0; task: 12; pos: (-32, -5); earliest_start: 49; latest_start: 108; state: PENDING; required_workers: 2; success_prob: 0.2; max_attempts: 1
event: task_spawn; timestamp: 0; task: 13; pos: (-35, -15); earliest_start: 62; latest_start: 191; state: PENDING; required_workers: 2; success_prob: 0.2; max_attempts: 1
event: task_spawn; timestamp: 0; task: 14; pos: (-35, -5); earliest_start: 35; latest_start: 117; state: PENDING; required_workers: 2; success_prob: 0.2; max_attempts: 1
event: task_spawn; timestamp: 0; task: 15; pos: (-38, -10); earliest_start: 39; latest_start: 161; state: PENDING; required_workers: 2; success_prob: 0.2; max_attempts: 1
event: task_spawn; timestamp: 0; task: 16; pos: (-40, -10); earliest_start: 59; latest_start: 114; state: PENDING; required_workers: 2; success_prob: 0.2; max_attempts: 1
event: task_spawn; timestamp: 0; task: 17; pos: (-40, -5); earliest_start: 60; latest_start: 189; state: PENDING; required_workers: 3; success_prob: 0.2; max_attempts: 1
event: task_spawn; timestamp: 0; task: 18; pos: (4, -45); earliest_start: 79; latest_start: 124; state: PENDING; required_workers: 3; success_prob: 0.2; max_attempts: 1
event: task_spawn; timestamp: 0; task: 19; pos: (2, -40); earliest_start: 58; latest_start: 115; state: PENDING; required_workers: 3; success_prob: 0.2; max_attempts: 1
event: task_spawn; timestamp: 0; task: 20; pos: (2, -35); earliest_start: 111; latest_start: 162; state: PENDING; required_workers: 3; success_prob: 0.2; max_attempts: 1
event: task_spawn; timestamp: 0; task: 21; pos: (0, -45); earliest_start: 52; latest_start: 111; state: PENDING; required_workers: 1; success_prob: 0.4; max_attempts: 1
event: task_spawn; timestamp: 0; task: 22; pos: (0, -35); earliest_start: 55; latest_start: 158; state: PENDING; required_workers: 1; success_prob: 0.4; max_attempts: 1
event: task_spawn; timestamp: 0; task: 23; pos: (-2, -45); earliest_start: 45; latest_start: 164; state: PENDING; required_workers: 1; success_prob: 0.4; max_attempts: 1
event: task_spawn; timestamp: 0; task: 24; pos: (-2, -35); earliest_start: 128; latest_start: 194; state: PENDING; required_workers: 1; success_prob: 0.4; max_attempts: 1
event: task_spawn; timestamp: 0; task: 25; pos: (-5, -45); earliest_start: 54; latest_start: 184; state: PENDING; required_workers: 1; success_prob: 0.4; max_attempts: 1
event: task_spawn; timestamp: 0; task: 26; pos: (55, -20); earliest_start: 105; latest_start: 154; state: PENDING; required_workers: 1; success_prob: 0.4; max_attempts: 1
event: task_spawn; timestamp: 0; task: 27; pos: (55, -15); earliest_start: 57; latest_start: 172; state: PENDING; required_workers: 1; success_prob: 0.4; max_attempts: 1
event: task_spawn; timestamp: 0; task: 28; pos: (52, -20); earliest_start: 55; latest_start: 120; state: PENDING; required_workers: 1; success_prob: 0.4; max_attempts: 1
event: task_spawn; timestamp: 0; task: 29; pos: (50, -15); earliest_start: 52; latest_start: 112; state: PENDING; required_workers: 1; success_prob: 0.4; max_attempts: 1
event: task_spawn; timestamp: 0; task: 30; pos: (48, -20); earliest_start: 52; latest_start: 159; state: PENDING; required_workers: 1; success_prob: 0.4; max_attempts: 1
event: task_spawn; timestamp: 0; task: 31; pos: (48, -15); earliest_start: 50; latest_start: 110; state: PENDING; required_workers: 2; success_prob: 0.4; max_attempts: 1
event: task_spawn; timestamp: 0; task: 32; pos: (47, -20); earliest_start: 116; latest_start: 175; state: PENDING; required_workers: 2; success_prob: 0.4; max_attempts: 1
event: task_spawn; timestamp: 0; task: 33; pos: (45, -25); earliest_start: 51; latest_start: 178; state: PENDING; required_workers: 2; success_prob: 0.4; max_attempts: 1
event: task_spawn; timestamp: 0; task: 34; pos: (45, -15); earliest_start: 100; latest_start: 151; state: PENDING; required_workers: 2; success_prob: 0.4; max_attempts: 1
event: task_spawn; timestamp: 0; task: 35; pos: (27, 35); earliest_start: 61; latest_start: 185; state: PENDING; required_workers: 2; success_prob: 0.4; max_attempts: 1
event: task_spawn; timestamp: 0; task: 36; pos: (25, 35); earliest_start: 43; latest_start: 186; state: PENDING; required_workers: 2; success_prob: 0.4; max_attempts: 1
event: task_spawn; timestamp: 0; task: 37; pos: (25, 32); earliest_start: 113; latest_start: 164; state: PENDING; required_workers: 3; success_prob: 0.4; max_attempts: 1
event: task_spawn; timestamp: 0; task: 38; pos: (22, 30); earliest_start: 37; latest_start: 148; state: PENDING; required_workers: 3; success_prob: 0.4; max_attempts: 1
event: task_spawn; timestamp: 0; task: 39; pos: (20, 30); earliest_start: 36; latest_start: 191; state: PENDING; required_workers: 3; success_prob: 0.4; max_attempts: 1
event: task_spawn; timestamp: 0; task: 40; pos: (20, 35); earliest_start: 50; latest_start: 149; state: PENDING; required_workers: 3; success_prob: 0.4; max_attempts: 1
event: task_spawn; timestamp: 0; task: 41; pos: (18, 25); earliest_start: 48; latest_start: 165; state: PENDING; required_workers: 1; success_prob: 0.6; max_attempts: 1
event: task_spawn; timestamp: 0; task: 42; pos: (15, 30); earliest_start: 33; latest_start: 166; state: PENDING; required_workers: 1; success_prob: 0.6; max_attempts: 1
event: task_spawn; timestamp: 0; task: 43; pos: (15, 35); earliest_start: 117; latest_start: 168; state: PENDING; required_workers: 1; success_prob: 0.6; max_attempts: 1
event: task_spawn; timestamp: 0; task: 44; pos: (15, 32); earliest_start: 35; latest_start: 148; state: PENDING; required_workers: 1; success_prob: 0.6; max_attempts: 1
event: task_spawn; timestamp: 0; task: 45; pos: (-20, 32); earliest_start: 37; latest_start: 177; state: PENDING; required_workers: 1; success_prob: 0.6; max_attempts: 1
event: task_spawn; timestamp: 0; task: 46; pos: (-22, 30); earliest_start: 98; latest_start: 157; state: PENDING; required_workers: 1; success_prob: 0.6; max_attempts: 1
event: task_spawn; timestamp: 0; task: 47; pos: (-38, -5); earliest_start: 38; latest_start: 109; state: PENDING; required_workers: 1; success_prob: 0.6; max_attempts: 1
event: task_spawn; timestamp: 0; task: 48; pos: (2, -45); earliest_start: 120; latest_start: 184; state: PENDING; required_workers: 1; success_prob: 0.6; max_attempts: 1
event: task_spawn; timestamp: 0; task: 49; pos: (2, -38); earliest_start: 79; latest_start: 158; state: PENDING; required_workers: 1; success_prob: 0.6; max_attempts: 1
event: task_spawn; timestamp: 0; task: 50; pos: (32, -15); earliest_start: 104; latest_start: 157; state: PENDING; required_workers: 1; success_prob: 0.6; max_attempts: 1
event: task_spawn; timestamp: 0; task: 51; pos: (15, -30); earliest_start: 69; latest_start: 126; state: PENDING; required_workers: 2; success_prob: 0.6; max_attempts: 1
event: task_spawn; timestamp: 0; task: 52; pos: (-15, -20); earliest_start: 36; latest_start: 97; state: PENDING; required_workers: 2; success_prob: 0.6; max_attempts: 1
event: task_spawn; timestamp: 0; task: 53; pos: (-20, 0); earliest_start: 57; latest_start: 154; state: PENDING; required_workers: 2; success_prob: 0.6; max_attempts: 1
event: task_spawn; timestamp: 0; task: 54; pos: (15, 10); earliest_start: 127; latest_start: 180; state: PENDING; required_workers: 2; success_prob: 0.6; max_attempts: 1
event: task_spawn; timestamp: 0; task: 55; pos: (-10, 10); earliest_start: 95; latest_start: 214; state: PENDING; required_workers: 2; success_prob: 0.6; max_attempts: 1
event: task_spawn; timestamp: 0; task: 56; pos: (10, -15); earliest_start: 88; latest_start: 201; state: PENDING; required_workers: 2; success_prob: 0.6; max_attempts: 1
event: task_spawn; timestamp: 0; task: 57; pos: (-10, -25); earliest_start: 82; latest_start: 139; state: PENDING; required_workers: 3; success_prob: 0.6; max_attempts: 1
event: task_spawn; timestamp: 0; task: 58; pos: (-25, -40); earliest_start: 56; latest_start: 182; state: PENDING; required_workers: 3; success_prob: 0.6; max_attempts: 1
event: task_spawn; timestamp: 0; task: 59; pos: (-30, -30); earliest_start: 42; latest_start: 125; state: PENDING; required_workers: 3; success_prob: 0.6; max_attempts: 1
event: task_spawn; timestamp: 0; task: 60; pos: (-25, 10); earliest_start: 137; latest_start: 202; state: PENDING; required_workers: 3; success_prob: 0.6; max_attempts: 1
event: task_spawn; timestamp: 0; task: 61; pos: (5, 15); earliest_start: 55; latest_start: 106; state: PENDING; required_workers: 1; success_prob: 0.8; max_attempts: 1
event: task_spawn; timestamp: 0; task: 62; pos: (25, -15); earliest_start: 29; latest_start: 158; state: PENDING; required_workers: 1; success_prob: 0.8; max_attempts: 1
event: task_spawn; timestamp: 0; task: 63; pos: (25, -30); earliest_start: 39; latest_start: 108; state: PENDING; required_workers: 1; success_prob: 0.8; max_attempts: 1
event: task_spawn; timestamp: 0; task: 64; pos: (5, -20); earliest_start: 20; latest_start: 139; state: PENDING; required_workers: 1; success_prob: 0.8; max_attempts: 1
event: task_spawn; timestamp: 0; task: 65; pos: (-5, -10); earliest_start: 11; latest_start: 140; state: PENDING; required_workers: 1; success_prob: 0.8; max_attempts: 1
event: task_spawn; timestamp: 0; task: 66; pos: (1, -13); earliest_start: 92; latest_start: 203; state: PENDING; required_workers: 1; success_prob: 0.8; max_attempts: 1
event: task_spawn; timestamp: 0; task: 67; pos: (24, -8); earliest_start: 28; latest_start: 141; state: PENDING; required_workers: 1; success_prob: 0.8; max_attempts: 1
event: task_spawn; timestamp: 0; task: 68; pos: (0, 10); earliest_start: 100; latest_start: 217; state: PENDING; required_workers: 1; success_prob: 0.8; max_attempts: 1
event: task_spawn; timestamp: 0; task: 69; pos: (-9, 2); earliest_start: 9; latest_start: 134; state: PENDING; required_workers: 1; success_prob: 0.8; max_attempts: 1
event: task_spawn; timestamp: 0; task: 70; pos: (-5, 19); earliest_start: 60; latest_start: 210; state: PENDING; required_workers: 1; success_prob: 0.8; max_attempts: 1
event: task_spawn; timestamp: 0; task: 71; pos: (25, 5); earliest_start: 52; latest_start: 107; state: PENDING; required_workers: 2; success_prob: 0.8; max_attempts: 1
event: task_spawn; timestamp: 0; task: 72; pos: (23, 15); earliest_start: 27; latest_start: 101; state: PENDING; required_workers: 2; success_prob: 0.8; max_attempts: 1
event: task_spawn; timestamp: 0; task: 73; pos: (-38, 10); earliest_start: 65; latest_start: 118; state: PENDING; required_workers: 2; success_prob: 0.8; max_attempts: 1
event: task_spawn; timestamp: 0; task: 74; pos: (-20, -30); earliest_start: 72; latest_start: 193; state: PENDING; required_workers: 2; success_prob: 0.8; max_attempts: 1
event: task_spawn; timestamp: 0; task: 75; pos: (-35, -45); earliest_start: 60; latest_start: 117; state: PENDING; required_workers: 2; success_prob: 0.8; max_attempts: 1
event: task_spawn; timestamp: 0; task: 76; pos: (20, -38); earliest_start: 42; latest_start: 143; state: PENDING; required_workers: 2; success_prob: 0.8; max_attempts: 1
event: task_spawn; timestamp: 0; task: 77; pos: (-17, -47); earliest_start: 52; latest_start: 180; state: PENDING; required_workers: 3; success_prob: 0.8; max_attempts: 1
event: task_spawn; timestamp: 0; task: 78; pos: (-32, 6); earliest_start: 46; latest_start: 163; state: PENDING; required_workers: 3; success_prob: 0.8; max_attempts: 1
event: task_spawn; timestamp: 0; task: 79; pos: (-34, 18); earliest_start: 54; latest_start: 153; state: PENDING; required_workers: 3; success_prob: 0.8; max_attempts: 1
event: task_spawn; timestamp: 0; task: 80; pos: (7, -3); earliest_start: 97; latest_start: 222; state: PENDING; required_workers: 3; success_prob: 0.8; max_attempts: 1
event: task_spawn; timestamp: 0; task: 81; pos: (9, 8); earliest_start: 80; latest_start: 121; state: PENDING; required_workers: 1; success_prob: 1; max_attempts: 1
event: task_spawn; timestamp: 0; task: 82; pos: (-13, -7); earliest_start: 26; latest_start: 87; state: PENDING; required_workers: 1; success_prob: 1; max_attempts: 1
event: task_spawn; timestamp: 0; task: 83; pos: (-3, -19); earliest_start: 19; latest_start: 87; state: PENDING; required_workers: 1; success_prob: 1; max_attempts: 1
event: task_spawn; timestamp: 0; task: 84; pos: (17, -21); earliest_start: 62; latest_start: 159; state: PENDING; required_workers: 1; success_prob: 1; max_attempts: 1
event: task_spawn; timestamp: 0; task: 85; pos: (23, -27); earliest_start: 76; latest_start: 127; state: PENDING; required_workers: 1; success_prob: 1; max_attempts: 1
event: task_spawn; timestamp: 0; task: 86; pos: (-19, -26); earliest_start: 77; latest_start: 126; state: PENDING; required_workers: 1; success_prob: 1; max_attempts: 1
event: task_spawn; timestamp: 0; task: 87; pos: (-28, -26); earliest_start: 68; latest_start: 141; state: PENDING; required_workers: 1; success_prob: 1; max_attempts: 1
event: task_spawn; timestamp: 0; task: 88; pos: (-16, 8); earliest_start: 24; latest_start: 139; state: PENDING; required_workers: 1; success_prob: 1; max_attempts: 1
event: task_spawn; timestamp: 0; task: 89; pos: (27, -45); earliest_start: 105; latest_start: 177; state: PENDING; required_workers: 1; success_prob: 1; max_attempts: 1
event: task_spawn; timestamp: 0; task: 90; pos: (-3, -3); earliest_start: 74; latest_start: 127; state: PENDING; required_workers: 1; success_prob: 1; max_attempts: 1
event: task_spawn; timestamp: 0; task: 91; pos: (9, -8); earliest_start: 151; latest_start: 212; state: PENDING; required_workers: 2; success_prob: 1; max_attempts: 1
event: task_spawn; timestamp: 0; task: 92; pos: (13, -7); earliest_start: 14; latest_start: 155; state: PENDING; required_workers: 2; success_prob: 1; max_attempts: 1
event: task_spawn; timestamp: 0; task: 93; pos: (21, 2); earliest_start: 69; latest_start: 208; state: PENDING; required_workers: 2; success_prob: 1; max_attempts: 1
event: task_spawn; timestamp: 0; task: 94; pos: (17, -2); earliest_start: 86; latest_start: 133; state: PENDING; required_workers: 2; success_prob: 1; max_attempts: 1
event: task_spawn; timestamp: 0; task: 95; pos: (16, -13); earliest_start: 20; latest_start: 84; state: PENDING; required_workers: 2; success_prob: 1; max_attempts: 1
event: task_spawn; timestamp: 0; task: 96; pos: (15, 4); earliest_start: 121; latest_start: 172; state: PENDING; required_workers: 2; success_prob: 1; max_attempts: 1
event: task_spawn; timestamp: 0; task: 97; pos: (-36, -32); earliest_start: 112; latest_start: 157; state: PENDING; required_workers: 3; success_prob: 1; max_attempts: 1
event: task_spawn; timestamp: 0; task: 98; pos: (-14, 2); earliest_start: 30; latest_start: 91; state: PENDING; required_workers: 3; success_prob: 1; max_attempts: 1
event: task_spawn; timestamp: 0; task: 99; pos: (-14, -15); earliest_start: 37; latest_start: 146; state: PENDING; required_workers: 3; success_prob: 1; max_attempts: 1
event: task_spawn; timestamp: 0; task: 100; pos: (-9, 17); earliest_start: 66; latest_start: 210; state: PENDING; required_workers: 3; success_prob: 1; max_attempts: 1
event: robot_spawn; timestamp: 0; robot: 1; pos: (0, 0); state: AVAILABLE; battery_level: 200; battery_capacity: 200; velocity: 1; battery_rate_nav: 0
event: robot_spawn; timestamp: 0; robot: 2; pos: (0, 0); state: AVAILABLE; battery_level: 200; battery_capacity: 200; velocity: 1; battery_rate_nav: 0
event: robot_spawn; timestamp: 0; robot: 3; pos: (0, 0); state: AVAILABLE; battery_level: 200; battery_capacity: 200; velocity: 1; battery_rate_nav: 0
event: robot_spawn; timestamp: 0; robot: 4; pos: (0, 0); state: AVAILABLE; battery_level: 200; battery_capacity: 200; velocity: 1; battery_rate_nav: 0
event: robot_spawn; timestamp: 0; robot: 5; pos: (0, 0); state: AVAILABLE; battery_level: 200; battery_capacity: 200; velocity: 1; battery_rate_nav: 0
event: robot_spawn; timestamp: 0; robot: 6; pos: (0, 0); state: AVAILABLE; battery_level: 200; battery_capacity: 200; velocity: 1; battery_rate_nav: 0
event: robot_spawn; timestamp: 0; robot: 7; pos: (0, 0); state: AVAILABLE; battery_level: 200; battery_capacity: 200; velocity: 1; battery_rate_nav: 0
event: robot_spawn; timestamp: 0; robot: 8; pos: (0, 0); state: AVAILABLE; battery_level: 200; battery_capacity: 200; velocity: 1; battery_rate_nav: 0
event: robot_spawn; timestamp: 0; robot: 9; pos: (0, 0); state: AVAILABLE; battery_level: 200; battery_capacity: 200; velocity: 1; battery_rate_nav: 0
event: robot_spawn; timestamp: 0; robot: 10; pos: (0, 0); state: AVAILABLE; battery_level: 200; battery_capacity: 200; velocity: 1; battery_rate_nav: 0
event: battery_consumption; timestamp: 0; robot: 8; time: 4.24264; initial_level: 200; final_level: 200
event: navigation; timestamp: 0; robot: 8; time: 4.24264; src: (0, 0); dst: (-3, -3)
event: battery_consumption; timestamp: 0; robot: 5; time: 7.61577; initial_level: 200; final_level: 200
event: navigation; timestamp: 0; robot: 5; time: 7.61577; src: (0, 0); dst: (7, -3)
event: battery_consumption; timestamp: 0; robot: 1; time: 7.61577; initial_level: 200; final_level: 200
event: navigation; timestamp: 0; robot: 1; time: 7.61577; src: (0, 0); dst: (7, -3)
event: battery_consumption; timestamp: 0; robot: 6; time: 7.61577; initial_level: 200; final_level: 200
event: navigation; timestamp: 0; robot: 6; time: 7.61577; src: (0, 0); dst: (7, -3)
event: battery_consumption; timestamp: 0; robot: 7; time: 9.21954; initial_level: 200; final_level: 200
event: navigation; timestamp: 0; robot: 7; time: 9.21954; src: (0, 0); dst: (-9, 2)
event: battery_consumption; timestamp: 0; robot: 3; time: 10; initial_level: 200; final_level: 200
event: navigation; timestamp: 0; robot: 3; time: 10; src: (0, 0); dst: (0, 10)
event: battery_consumption; timestamp: 0; robot: 10; time: 11.1803; initial_level: 200; final_level: 200
event: navigation; timestamp: 0; robot: 10; time: 11.1803; src: (0, 0); dst: (-5, -10)
event: battery_consumption; timestamp: 0; robot: 9; time: 12.0416; initial_level: 200; final_level: 200
event: navigation; timestamp: 0; robot: 9; time: 12.0416; src: (0, 0); dst: (9, 8)
event: battery_consumption; timestamp: 0; robot: 2; time: 12.0416; initial_level: 200; final_level: 200
event: navigation; timestamp: 0; robot: 2; time: 12.0416; src: (0, 0); dst: (9, -8)
event: battery_consumption; timestamp: 0; robot: 4; time: 12.0416; initial_level: 200; final_level: 200
event: navigation; timestamp: 0; robot: 4; time: 12.0416; src: (0, 0); dst: (9, -8)
event: task_execution; timestamp: 9.21954; task: 69; robot: 7; pos: (-9, 2); time: 7.87158
event: battery_consumption; timestamp: 9.21954; robot: 7; time: 7.87158; initial_level: 200; final_level: 178.747
event: task_resolution; timestamp: 17.0911; task: 69; pos: (-9, 2); status: COMPLETED; attempt: 1
event: battery_consumption; timestamp: 17.0911; robot: 7; time: 5; initial_level: 178.747; final_level: 178.747
event: navigation; timestamp: 17.0911; robot: 7; time: 5; src: (-9, 2); dst: (-14, 2)
event: task_execution; timestamp: 11.1803; task: 65; robot: 10; pos: (-5, -10); time: 7.74592
event: battery_consumption; timestamp: 11.1803; robot: 10; time: 7.74592; initial_level: 200; final_level: 187.607
event: task_resolution; timestamp: 18.9263; task: 65; pos: (-5, -10); status: COMPLETED; attempt: 1
event: battery_consumption; timestamp: 18.9263; robot: 10; time: 6.7082; initial_level: 187.607; final_level: 187.607
event: navigation; timestamp: 18.9263; robot: 10; time: 6.7082; src: (-5, -10); dst: (1, -13)
event: task_execution; timestamp: 74; task: 90; robot: 8; pos: (-3, -3); time: 9.09645
event: battery_consumption; timestamp: 74; robot: 8; time: 9.09645; initial_level: 200; final_level: 194.542
event: task_resolution; timestamp: 83.0965; task: 90; pos: (-3, -3); status: COMPLETED; attempt: 1
event: battery_consumption; timestamp: 83.0965; robot: 8; time: 10.7703; initial_level: 194.542; final_level: 194.542
event: navigation; timestamp: 83.0965; robot: 8; time: 10.7703; src: (-3, -3); dst: (-13, -7)
event: task_execution; timestamp: 80; task: 81; robot: 9; pos: (9, 8); time: 9.19187
event: battery_consumption; timestamp: 80; robot: 9; time: 9.19187; initial_level: 200; final_level: 190.808
event: task_resolution; timestamp: 89.1919; task: 81; pos: (9, 8); status: COMPLETED; attempt: 1
event: battery_consumption; timestamp: 89.1919; robot: 9; time: 6.32456; initial_level: 190.808; final_level: 190.808
event: navigation; timestamp: 89.1919; robot: 9; time: 6.32456; src: (9, 8); dst: (15, 10)
event: battery_consumption; timestamp: 91; robot: 7; time: 6.32456; initial_level: 178.747; final_level: 178.747
event: navigation; timestamp: 91; robot: 7; time: 6.32456; src: (-14, 2); dst: (-20, 0)
event: task_execution; timestamp: 92; task: 66; robot: 10; pos: (1, -13); time: 8.85215
event: battery_consumption; timestamp: 92; robot: 10; time: 8.85215; initial_level: 187.607; final_level: 173.443
event: task_resolution; timestamp: 100.852; task: 66; pos: (1, -13); status: COMPLETED; attempt: 1
event: battery_consumption; timestamp: 100.852; robot: 10; time: 8.06226; initial_level: 173.443; final_level: 173.443
event: navigation; timestamp: 100.852; robot: 10; time: 8.06226; src: (1, -13); dst: (5, -20)
event: task_execution; timestamp: 93.8668; task: 82; robot: 8; pos: (-13, -7); time: 10.4532
event: battery_consumption; timestamp: 93.8668; robot: 8; time: 10.4532; initial_level: 194.542; final_level: 185.134
event: task_resolution; timestamp: 104.32; task: 82; pos: (-13, -7); status: COMPLETED; attempt: 1
event: battery_consumption; timestamp: 104.32; robot: 8; time: 8.06226; initial_level: 185.134; final_level: 185.134
event: navigation; timestamp: 104.32; robot: 8; time: 8.06226; src: (-13, -7); dst: (-14, -15)
event: task_execution; timestamp: 97; task: 80; robot: 1; pos: (7, -3); time: 10.8073
event: battery_consumption; timestamp: 97; robot: 1; time: 10.8073; initial_level: 200; final_level: 185.95
event: task_execution; timestamp: 97; task: 80; robot: 5; pos: (7, -3); time: 10.8073
event: battery_consumption; timestamp: 97; robot: 5; time: 10.8073; initial_level: 200; final_level: 185.95
event: task_execution; timestamp: 97; task: 80; robot: 6; pos: (7, -3); time: 10.8073
event: battery_consumption; timestamp: 97; robot: 6; time: 10.8073; initial_level: 200; final_level: 185.95
event: task_resolution; timestamp: 107.807; task: 80; pos: (7, -3); status: COMPLETED; attempt: 1
event: battery_consumption; timestamp: 107.807; robot: 1; time: 7.2111; initial_level: 185.95; final_level: 185.95
event: navigation; timestamp: 107.807; robot: 1; time: 7.2111; src: (7, -3); dst: (13, -7)
event: battery_consumption; timestamp: 107.807; robot: 6; time: 7.2111; initial_level: 185.95; final_level: 185.95
event: navigation; timestamp: 107.807; robot: 6; time: 7.2111; src: (7, -3); dst: (13, -7)
event: battery_consumption; timestamp: 107.807; robot: 5; time: 10.0499; initial_level: 185.95; final_level: 185.95
event: navigation; timestamp: 107.807; robot: 5; time: 10.0499; src: (7, -3); dst: (17, -2)
event: task_execution; timestamp: 100; task: 68; robot: 3; pos: (0, 10); time: 10.0518
event: battery_consumption; timestamp: 100; robot: 3; time: 10.0518; initial_level: 200; final_level: 178.891
event: task_resolution; timestamp: 110.052; task: 68; pos: (0, 10); status: COMPLETED; attempt: 1
event: battery_consumption; timestamp: 110.052; robot: 3; time: 10; initial_level: 178.891; final_level: 178.891
event: navigation; timestamp: 110.052; robot: 3; time: 10; src: (0, 10); dst: (-10, 10)
event: task_execution; timestamp: 108.914; task: 64; robot: 10; pos: (5, -20); time: 10.8406
event: battery_consumption; timestamp: 108.914; robot: 10; time: 10.8406; initial_level: 173.443; final_level: 155.014
event: task_resolution; timestamp: 119.755; task: 64; pos: (5, -20); status: COMPLETED; attempt: 1
event: battery_consumption; timestamp: 119.755; robot: 10; time: 7.07107; initial_level: 155.014; final_level: 155.014
event: navigation; timestamp: 119.755; robot: 10; time: 7.07107; src: (5, -20); dst: (10, -15)
event: task_execution; timestamp: 115.018; task: 92; robot: 1; pos: (13, -7); time: 9.62467
event: battery_consumption; timestamp: 115.018; robot: 1; time: 9.62467; initial_level: 185.95; final_level: 172.476
event: task_execution; timestamp: 115.018; task: 92; robot: 6; pos: (13, -7); time: 9.62467
event: battery_consumption; timestamp: 115.018; robot: 6; time: 9.62467; initial_level: 185.95; final_level: 172.476
event: task_resolution; timestamp: 124.643; task: 92; pos: (13, -7); status: COMPLETED; attempt: 1
event: battery_consumption; timestamp: 124.643; robot: 1; time: 6.40312; initial_level: 172.476; final_level: 172.476
event: navigation; timestamp: 124.643; robot: 1; time: 6.40312; src: (13, -7); dst: (17, -2)
event: battery_consumption; timestamp: 124.643; robot: 6; time: 8.544; initial_level: 172.476; final_level: 172.476
event: navigation; timestamp: 124.643; robot: 6; time: 8.544; src: (13, -7); dst: (10, -15)
event: battery_consumption; timestamp: 133; robot: 1; time: 5.65685; initial_level: 172.476; final_level: 172.476
event: navigation; timestamp: 133; robot: 1; time: 5.65685; src: (17, -2); dst: (21, 2)
event: battery_consumption; timestamp: 133; robot: 5; time: 5.65685; initial_level: 185.95; final_level: 185.95
event: navigation; timestamp: 133; robot: 5; time: 5.65685; src: (17, -2); dst: (21, 2)
event: task_resolution; timestamp: 139.788; task: 94; pos: (17, -2); status: COMPLETED; attempt: 1
event: task_execution; timestamp: 133.187; task: 56; robot: 6; pos: (10, -15); time: 10.6811
event: battery_consumption; timestamp: 133.187; robot: 6; time: 10.6811; initial_level: 172.476; final_level: 152.182
event: task_execution; timestamp: 133.187; task: 56; robot: 10; pos: (10, -15); time: 10.6811
event: battery_consumption; timestamp: 133.187; robot: 10; time: 10.6811; initial_level: 155.014; final_level: 134.72
event: task_resolution; timestamp: 143.868; task: 56; pos: (10, -15); status: FAILED; attempt: 1
event: battery_consumption; timestamp: 143.868; robot: 10; time: 9.21954; initial_level: 134.72; final_level: 134.72
event: navigation; timestamp: 143.868; robot: 10; time: 9.21954; src: (10, -15); dst: (17, -21)
event: battery_consumption; timestamp: 143.868; robot: 6; time: 15; initial_level: 152.182; final_level: 152.182
event: navigation; timestamp: 143.868; robot: 6; time: 15; src: (10, -15); dst: (25, -15)
event: battery_consumption; timestamp: 146; robot: 8; time: 16; initial_level: 185.134; final_level: 185.134
event: navigation; timestamp: 146; robot: 8; time: 16; src: (-14, -15); dst: (-30, -15)
event: task_execution; timestamp: 138.657; task: 93; robot: 1; pos: (21, 2); time: 10.4192
event: battery_consumption; timestamp: 138.657; robot: 1; time: 10.4192; initial_level: 172.476; final_level: 169.35
event: task_execution; timestamp: 138.657; task: 93; robot: 5; pos: (21, 2); time: 10.4192
event: battery_consumption; timestamp: 138.657; robot: 5; time: 10.4192; initial_level: 185.95; final_level: 182.825
event: task_resolution; timestamp: 149.076; task: 93; pos: (21, 2); status: COMPLETED; attempt: 1
event: battery_consumption; timestamp: 149.076; robot: 5; time: 6.32456; initial_level: 182.825; final_level: 182.825
event: navigation; timestamp: 149.076; robot: 5; time: 6.32456; src: (21, 2); dst: (15, 4)
event: battery_consumption; timestamp: 149.076; robot: 1; time: 6.32456; initial_level: 169.35; final_level: 169.35
event: navigation; timestamp: 149.076; robot: 1; time: 6.32456; src: (21, 2); dst: (15, 4)
event: battery_consumption; timestamp: 154; robot: 7; time: 11.1803; initial_level: 178.747; final_level: 178.747
event: navigation; timestamp: 154; robot: 7; time: 11.1803; src: (-20, 0); dst: (-25, 10)
event: battery_consumption; timestamp: 159; robot: 10; time: 20.5183; initial_level: 134.72; final_level: 134.72
event: navigation; timestamp: 159; robot: 10; time: 20.5183; src: (17, -21); dst: (2, -35)
event: task_execution; timestamp: 151; task: 91; robot: 2; pos: (9, -8); time: 10.2244
event: battery_consumption; timestamp: 151; robot: 2; time: 10.2244; initial_level: 200; final_level: 186.708
event: task_execution; timestamp: 151; task: 91; robot: 4; pos: (9, -8); time: 10.2244
event: battery_consumption; timestamp: 151; robot: 4; time: 10.2244; initial_level: 200; final_level: 186.708
event: task_resolution; timestamp: 161.224; task: 91; pos: (9, -8); status: COMPLETED; attempt: 1
event: battery_consumption; timestamp: 161.224; robot: 2; time: 18.9737; initial_level: 186.708; final_level: 186.708
event: navigation; timestamp: 161.224; robot: 2; time: 18.9737; src: (9, -8); dst: (15, 10)
event: battery_consumption; timestamp: 161.224; robot: 4; time: 26.1725; initial_level: 186.708; final_level: 186.708
event: navigation; timestamp: 161.224; robot: 4; time: 26.1725; src: (9, -8); dst: (-10, 10)
event: battery_consumption; timestamp: 162; robot: 10; time: 4; initial_level: 134.72; final_level: 134.72
event: navigation; timestamp: 162; robot: 10; time: 4; src: (2, -35); dst: (-2, -35)
event: task_resolution; timestamp: 163.49; task: 84; pos: (17, -21); status: COMPLETED; attempt: 1
event: task_execution; timestamp: 155.401; task: 96; robot: 1; pos: (15, 4); time: 9.94438
event: battery_consumption; timestamp: 155.401; robot: 1; time: 9.94438; initial_level: 169.35; final_level: 143.495
event: task_execution; timestamp: 155.401; task: 96; robot: 5; pos: (15, 4); time: 9.94438
event: battery_consumption; timestamp: 155.401; robot: 5; time: 9.94438; initial_level: 182.825; final_level: 156.969
event: task_resolution; timestamp: 165.345; task: 96; pos: (15, 4); status: COMPLETED; attempt: 1
event: battery_consumption; timestamp: 165.345; robot: 1; time: 25; initial_level: 143.495; final_level: 143.495
event: navigation; timestamp: 165.345; robot: 1; time: 25; src: (15, 4); dst: (-5, 19)
event: battery_consumption; timestamp: 165.345; robot: 5; time: 26; initial_level: 156.969; final_level: 156.969
event: navigation; timestamp: 165.345; robot: 5; time: 26; src: (15, 4); dst: (15, 30)
event: task_execution; timestamp: 158.868; task: 62; robot: 6; pos: (25, -15); time: 8.88056
event: battery_consumption; timestamp: 158.868; robot: 6; time: 8.88056; initial_level: 152.182; final_level: 149.518
event: task_resolution; timestamp: 167.749; task: 62; pos: (25, -15); status: COMPLETED; attempt: 1
event: battery_consumption; timestamp: 167.749; robot: 6; time: 22.3607; initial_level: 149.518; final_level: 149.518
event: navigation; timestamp: 167.749; robot: 6; time: 22.3607; src: (25, -15); dst: (45, -25)
event: task_execution; timestamp: 162; task: 9; robot: 8; pos: (-30, -15); time: 9.06524
event: battery_consumption; timestamp: 162; robot: 8; time: 9.06524; initial_level: 185.134; final_level: 167.004
event: task_resolution; timestamp: 171.065; task: 9; pos: (-30, -15); status: COMPLETED; attempt: 1
event: battery_consumption; timestamp: 171.065; robot: 8; time: 5; initial_level: 167.004; final_level: 167.004
event: navigation; timestamp: 171.065; robot: 8; time: 5; src: (-30, -15); dst: (-30, -10)
event: task_execution; timestamp: 166; task: 24; robot: 10; pos: (-2, -35); time: 10.667
event: battery_consumption; timestamp: 166; robot: 10; time: 10.667; initial_level: 134.72; final_level: 124.053
event: task_resolution; timestamp: 176.667; task: 24; pos: (-2, -35); status: FAILED; attempt: 1
event: battery_consumption; timestamp: 176.667; robot: 10; time: 10.4403; initial_level: 124.053; final_level: 124.053
event: navigation; timestamp: 176.667; robot: 10; time: 10.4403; src: (-2, -35); dst: (-5, -45)
event: battery_consumption; timestamp: 177; robot: 8; time: 7.07107; initial_level: 167.004; final_level: 167.004
event: navigation; timestamp: 177; robot: 8; time: 7.07107; src: (-30, -10); dst: (-35, -15)
event: battery_consumption; timestamp: 178; robot: 6; time: 47.4236; initial_level: 149.518; final_level: 149.518
event: navigation; timestamp: 178; robot: 6; time: 47.4236; src: (45, -25); dst: (2, -45)
event: task_resolution; timestamp: 185.953; task: 10; pos: (-30, -10); status: FAILED; attempt: 1
event: task_execution; timestamp: 180.198; task: 54; robot: 2; pos: (15, 10); time: 8.80326
event: battery_consumption; timestamp: 180.198; robot: 2; time: 8.80326; initial_level: 186.708; final_level: 172.623
event: task_execution; timestamp: 180.198; task: 54; robot: 9; pos: (15, 10); time: 8.80326
event: battery_consumption; timestamp: 180.198; robot: 9; time: 8.80326; initial_level: 190.808; final_level: 176.723
event: task_resolution; timestamp: 189.001; task: 54; pos: (15, 10); status: COMPLETED; attempt: 1
event: battery_consumption; timestamp: 189.001; robot: 9; time: 20.6155; initial_level: 176.723; final_level: 176.723
event: navigation; timestamp: 189.001; robot: 9; time: 20.6155; src: (15, 10); dst: (20, 30)
event: battery_consumption; timestamp: 189.001; robot: 2; time: 20.6155; initial_level: 172.623; final_level: 172.623
event: navigation; timestamp: 189.001; robot: 2; time: 20.6155; src: (15, 10); dst: (20, 30)
event: battery_consumption; timestamp: 191; robot: 8; time: 21.2132; initial_level: 167.004; final_level: 167.004
event: navigation; timestamp: 191; robot: 8; time: 21.2132; src: (-35, -15); dst: (-20, -30)
event: battery_consumption; timestamp: 191; robot: 9; time: 31.7805; initial_level: 176.723; final_level: 176.723
event: navigation; timestamp: 191; robot: 9; time: 31.7805; src: (20, 30); dst: (-9, 17)
event: battery_consumption; timestamp: 191; robot: 2; time: 31.7805; initial_level: 172.623; final_level: 172.623
event: navigation; timestamp: 191; robot: 2; time: 31.7805; src: (20, 30); dst: (-9, 17)
event: battery_consumption; timestamp: 193; robot: 8; time: 40.3113; initial_level: 167.004; final_level: 167.004
event: navigation; timestamp: 193; robot: 8; time: 40.3113; src: (-20, -30); dst: (-25, 10)
event: task_execution; timestamp: 187.397; task: 55; robot: 3; pos: (-10, 10); time: 9.14596
event: battery_consumption; timestamp: 187.397; robot: 3; time: 9.14596; initial_level: 178.891; final_level: 164.258
event: task_execution; timestamp: 187.397; task: 55; robot: 4; pos: (-10, 10); time: 9.14596
event: battery_consumption; timestamp: 187.397; robot: 4; time: 9.14596; initial_level: 186.708; final_level: 172.075
event: task_resolution; timestamp: 196.543; task: 55; pos: (-10, 10); status: FAILED; attempt: 1
event: battery_consumption; timestamp: 196.543; robot: 4; time: 7.07107; initial_level: 172.075; final_level: 172.075
event: navigation; timestamp: 196.543; robot: 4; time: 7.07107; src: (-10, 10); dst: (-9, 17)
event: battery_consumption; timestamp: 196.543; robot: 3; time: 15; initial_level: 164.258; final_level: 164.258
event: navigation; timestamp: 196.543; robot: 3; time: 15; src: (-10, 10); dst: (-25, 10)
event: task_execution; timestamp: 187.107; task: 25; robot: 10; pos: (-5, -45); time: 10.562
event: battery_consumption; timestamp: 187.107; robot: 10; time: 10.562; initial_level: 124.053; final_level: 102.929
event: task_resolution; timestamp: 197.669; task: 25; pos: (-5, -45); status: FAILED; attempt: 1
event: battery_consumption; timestamp: 197.669; robot: 10; time: 45.2769; initial_level: 102.929; final_level: 102.929
event: navigation; timestamp: 197.669; robot: 10; time: 45.2769; src: (-5, -45); dst: (0, 0)
event: robot_finished; timestamp: 242.946; robot: 10; pos: (0, 0); battery: 102.929
event: task_execution; timestamp: 191.345; task: 42; robot: 5; pos: (15, 30); time: 7.9429
event: battery_consumption; timestamp: 191.345; robot: 5; time: 7.9429; initial_level: 156.969; final_level: 149.026
event: task_resolution; timestamp: 199.288; task: 42; pos: (15, 30); status: FAILED; attempt: 1
event: battery_consumption; timestamp: 199.288; robot: 5; time: 33.541; initial_level: 149.026; final_level: 149.026
event: navigation; timestamp: 199.288; robot: 5; time: 33.541; src: (15, 30); dst: (0, 0)
event: robot_finished; timestamp: 232.829; robot: 5; pos: (0, 0); battery: 149.026
event: task_execution; timestamp: 190.345; task: 70; robot: 1; pos: (-5, 19); time: 11.3183
event: battery_consumption; timestamp: 190.345; robot: 1; time: 11.3183; initial_level: 143.495; final_level: 117.463
event: task_resolution; timestamp: 201.663; task: 70; pos: (-5, 19); status: FAILED; attempt: 1
event: battery_consumption; timestamp: 201.663; robot: 1; time: 19.6469; initial_level: 117.463; final_level: 117.463
event: navigation; timestamp: 201.663; robot: 1; time: 19.6469; src: (-5, 19); dst: (0, 0)
event: robot_finished; timestamp: 221.31; robot: 1; pos: (0, 0); battery: 117.463
event: task_execution; timestamp: 222.78; task: 100; robot: 2; pos: (-9, 17); time: 9.61456
event: battery_consumption; timestamp: 222.78; robot: 2; time: 9.61456; initial_level: 172.623; final_level: 169.739
event: task_execution; timestamp: 222.78; task: 100; robot: 4; pos: (-9, 17); time: 9.61456
event: battery_consumption; timestamp: 222.78; robot: 4; time: 9.61456; initial_level: 172.075; final_level: 169.19
event: task_execution; timestamp: 222.78; task: 100; robot: 9; pos: (-9, 17); time: 9.61456
event: battery_consumption; timestamp: 222.78; robot: 9; time: 9.61456; initial_level: 176.723; final_level: 173.839
event: task_resolution; timestamp: 232.395; task: 100; pos: (-9, 17); status: COMPLETED; attempt: 1
event: battery_consumption; timestamp: 232.395; robot: 4; time: 19.2354; initial_level: 169.19; final_level: 169.19
event: navigation; timestamp: 232.395; robot: 4; time: 19.2354; src: (-9, 17); dst: (0, 0)
event: robot_finished; timestamp: 251.63; robot: 4; pos: (0, 0); battery: 169.19
event: battery_consumption; timestamp: 232.395; robot: 2; time: 19.2354; initial_level: 169.739; final_level: 169.739
event: navigation; timestamp: 232.395; robot: 2; time: 19.2354; src: (-9, 17); dst: (0, 0)
event: robot_finished; timestamp: 251.63; robot: 2; pos: (0, 0); battery: 169.739
event: battery_consumption; timestamp: 232.395; robot: 9; time: 19.2354; initial_level: 173.839; final_level: 173.839
event: navigation; timestamp: 232.395; robot: 9; time: 19.2354; src: (-9, 17); dst: (0, 0)
event: robot_finished; timestamp: 251.63; robot: 9; pos: (0, 0); battery: 173.839
event: task_execution; timestamp: 225.424; task: 48; robot: 6; pos: (2, -45); time: 8.62374
event: battery_consumption; timestamp: 225.424; robot: 6; time: 8.62374; initial_level: 149.518; final_level: 140.894
event: task_resolution; timestamp: 234.047; task: 48; pos: (2, -45); status: COMPLETED; attempt: 1
event: battery_consumption; timestamp: 234.047; robot: 6; time: 45.0444; initial_level: 140.894; final_level: 140.894
event: navigation; timestamp: 234.047; robot: 6; time: 45.0444; src: (2, -45); dst: (0, 0)
event: robot_finished; timestamp: 279.092; robot: 6; pos: (0, 0); battery: 140.894
event: task_execution; timestamp: 233.311; task: 60; robot: 3; pos: (-25, 10); time: 9.82494
event: battery_consumption; timestamp: 233.311; robot: 3; time: 9.82494; initial_level: 164.258; final_level: 147.555
event: task_execution; timestamp: 233.311; task: 60; robot: 7; pos: (-25, 10); time: 9.82494
event: battery_consumption; timestamp: 233.311; robot: 7; time: 9.82494; initial_level: 178.747; final_level: 162.044
event: task_execution; timestamp: 233.311; task: 60; robot: 8; pos: (-25, 10); time: 9.82494
event: battery_consumption; timestamp: 233.311; robot: 8; time: 9.82494; initial_level: 167.004; final_level: 150.301
event: task_resolution; timestamp: 243.136; task: 60; pos: (-25, 10); status: FAILED; attempt: 1
event: battery_consumption; timestamp: 243.136; robot: 8; time: 26.9258; initial_level: 150.301; final_level: 150.301
event: navigation; timestamp: 243.136; robot: 8; time: 26.9258; src: (-25, 10); dst: (0, 0)
event: robot_finished; timestamp: 270.062; robot: 8; pos: (0, 0); battery: 150.301
event: battery_consumption; timestamp: 243.136; robot: 7; time: 26.9258; initial_level: 162.044; final_level: 162.044
event: navigation; timestamp: 243.136; robot: 7; time: 26.9258; src: (-25, 10); dst: (0, 0)
event: robot_finished; timestamp: 270.062; robot: 7; pos: (0, 0); battery: 162.044
event: battery_consumption; timestamp: 243.136; robot: 3; time: 26.9258; initial_level: 147.555; final_level: 147.555
event: navigation; timestamp: 243.136; robot: 3; time: 26.9258; src: (-25, 10); dst: (0, 0)
event: robot_finished; timestamp: 270.062; robot: 3; pos: (0, 0); battery: 147.555
metric: available_agents; value: 0
metric: failed_agents; value: 0
metric: finished_agents; value: 10
metric: completed_tasks; value: 20
metric: pending_tasks; value: 0
metric: failed_tasks; value: 80
metric: average_robot_makespan; value: 254.125
metric: sd_robot_makespan; value: 18.4369
metric: max_robot_makespan; value: 279.092
metric: min_robot_makespan; value: 221.31
metric: average_robot_travel_distance; value: 96.006
metric: sd_robot_travel_distance; value: 33.1264
metric: max_robot_travel_distance; value: 153.2
metric: min_robot_travel_distance; value: 58.6503
metric: sum_robot_travel_distance; value: 960.06
metric: average_completed_tasks_by_robot; value: 0
metric: sd_completed_tasks_by_robot; value: 0
metric: max_completed_tasks_by_robot; value: 0
metric: min_completed_tasks_by_robot; value: 0
metric: final_reward; value: 0.2
metric: computing_time; value: 0.00548393
