info: solver_name; value: random
info: reward_function; value: reward00
info: replica; value: 1
info: filename; value: ../logs/prueba/rc101_10r_100t_b0f5abc8_random_reward00_001.log
info: scenario_name; value: rc101_10r_100t_b0f5abc8
info: scenario_name; value: rc101_10r_100t_b0f5abc8
info: number_of_tasks; value: 100
info: number_of_robots; value: 10
info: number_of_recharging_stations; value: 1
info: scenario_size; value: (132,132)
event: recharging_station_spawn; timestamp: 0; recharging_station: 1; pos: (0, 0)
event: task_spawn; timestamp: 0; task: 1; pos: (-15, 35); earliest_start: 145; latest_start: 175; state: PENDING; required_workers: 1; success_prob: 0.2; max_attempts: 1
event: task_spawn; timestamp: 0; task: 2; pos: (-18, 25); earliest_start: 50; latest_start: 80; state: PENDING; required_workers: 1; success_prob: 0.2; max_attempts: 1
event: task_spawn; timestamp: 0; task: 3; pos: (-18, 35); earliest_start: 109; latest_start: 139; state: PENDING; required_workers: 1; success_prob: 0.2; max_attempts: 1
event: task_spawn; timestamp: 0; task: 4; pos: (-20, 30); earliest_start: 141; latest_start: 171; state: PENDING; required_workers: 1; success_prob: 0.2; max_attempts: 1
event: task_spawn; timestamp: 0; task: 5; pos: (-20, 35); earliest_start: 41; latest_start: 71; state: PENDING; required_workers: 1; success_prob: 0.2; max_attempts: 1
event: task_spawn; timestamp: 0; task: 6; pos: (-22, 25); earliest_start: 95; latest_start: 125; state: PENDING; required_workers: 1; success_prob: 0.2; max_attempts: 1
event: task_spawn; timestamp: 0; task: 7; pos: (-25, 25); earliest_start: 79; latest_start: 109; state: PENDING; required_workers: 1; success_prob: 0.2; max_attempts: 1
event: task_spawn; timestamp: 0; task: 8; pos: (-25, 30); earliest_start: 91; latest_start: 121; state: PENDING; required_workers: 1; success_prob: 0.2; max_attempts: 1
event: task_spawn; timestamp: 0; task: 9; pos: (-30, -15); earliest_start: 91; latest_start: 121; state: PENDING; required_workers: 1; success_prob: 0.2; max_attempts: 1
event: task_spawn; timestamp: 0; task: 10; pos: (-30, -10); earliest_start: 119; latest_start: 149; state: PENDING; required_workers: 1; success_prob: 0.2; max_attempts: 1
event: task_spawn; timestamp: 0; task: 11; pos: (-32, -10); earliest_start: 59; latest_start: 89; state: PENDING; required_workers: 2; success_prob: 0.2; max_attempts: 1
event: task_spawn; timestamp: 0; task: 12; pos: (-32, -5); earliest_start: 64; latest_start: 94; state: PENDING; required_workers: 2; success_prob: 0.2; max_attempts: 1
event: task_spawn; timestamp: 0; task: 13; pos: (-35, -15); earliest_start: 142; latest_start: 172; state: PENDING; required_workers: 2; success_prob: 0.2; max_attempts: 1
event: task_spawn; timestamp: 0; task: 14; pos: (-35, -5); earliest_start: 35; latest_start: 65; state: PENDING; required_workers: 2; success_prob: 0.2; max_attempts: 1
event: task_spawn; timestamp: 0; task: 15; pos: (-38, -10); earliest_start: 58; latest_start: 88; state: PENDING; required_workers: 2; success_prob: 0.2; max_attempts: 1
event: task_spawn; timestamp: 0; task: 16; pos: (-40, -10); earliest_start: 72; latest_start: 102; state: PENDING; required_workers: 2; success_prob: 0.2; max_attempts: 1
event: task_spawn; timestamp: 0; task: 17; pos: (-40, -5); earliest_start: 149; latest_start: 179; state: PENDING; required_workers: 3; success_prob: 0.2; max_attempts: 1
event: task_spawn; timestamp: 0; task: 18; pos: (4, -45); earliest_start: 87; latest_start: 117; state: PENDING; required_workers: 3; success_prob: 0.2; max_attempts: 1
event: task_spawn; timestamp: 0; task: 19; pos: (2, -40); earliest_start: 72; latest_start: 102; state: PENDING; required_workers: 3; success_prob: 0.2; max_attempts: 1
event: task_spawn; timestamp: 0; task: 20; pos: (2, -35); earliest_start: 122; latest_start: 152; state: PENDING; required_workers: 3; success_prob: 0.2; max_attempts: 1
event: task_spawn; timestamp: 0; task: 21; pos: (0, -45); earliest_start: 67; latest_start: 97; state: PENDING; required_workers: 1; success_prob: 0.4; max_attempts: 1
event: task_spawn; timestamp: 0; task: 22; pos: (0, -35); earliest_start: 92; latest_start: 122; state: PENDING; required_workers: 1; success_prob: 0.4; max_attempts: 1
event: task_spawn; timestamp: 0; task: 23; pos: (-2, -45); earliest_start: 65; latest_start: 95; state: PENDING; required_workers: 1; success_prob: 0.4; max_attempts: 1
event: task_spawn; timestamp: 0; task: 24; pos: (-2, -35); earliest_start: 148; latest_start: 178; state: PENDING; required_workers: 1; success_prob: 0.4; max_attempts: 1
event: task_spawn; timestamp: 0; task: 25; pos: (-5, -45); earliest_start: 154; latest_start: 184; state: PENDING; required_workers: 1; success_prob: 0.4; max_attempts: 1
event: task_spawn; timestamp: 0; task: 26; pos: (55, -20); earliest_start: 115; latest_start: 145; state: PENDING; required_workers: 1; success_prob: 0.4; max_attempts: 1
event: task_spawn; timestamp: 0; task: 27; pos: (55, -15); earliest_start: 62; latest_start: 92; state: PENDING; required_workers: 1; success_prob: 0.4; max_attempts: 1
event: task_spawn; timestamp: 0; task: 28; pos: (52, -20); earliest_start: 62; latest_start: 92; state: PENDING; required_workers: 1; success_prob: 0.4; max_attempts: 1
event: task_spawn; timestamp: 0; task: 29; pos: (50, -15); earliest_start: 67; latest_start: 97; state: PENDING; required_workers: 1; success_prob: 0.4; max_attempts: 1
event: task_spawn; timestamp: 0; task: 30; pos: (48, -20); earliest_start: 74; latest_start: 104; state: PENDING; required_workers: 1; success_prob: 0.4; max_attempts: 1
event: task_spawn; timestamp: 0; task: 31; pos: (48, -15); earliest_start: 61; latest_start: 91; state: PENDING; required_workers: 2; success_prob: 0.4; max_attempts: 1
event: task_spawn; timestamp: 0; task: 32; pos: (47, -20); earliest_start: 131; latest_start: 161; state: PENDING; required_workers: 2; success_prob: 0.4; max_attempts: 1
event: task_spawn; timestamp: 0; task: 33; pos: (45, -25); earliest_start: 51; latest_start: 81; state: PENDING; required_workers: 2; success_prob: 0.4; max_attempts: 1
event: task_spawn; timestamp: 0; task: 34; pos: (45, -15); earliest_start: 111; latest_start: 141; state: PENDING; required_workers: 2; success_prob: 0.4; max_attempts: 1
event: task_spawn; timestamp: 0; task: 35; pos: (27, 35); earliest_start: 139; latest_start: 169; state: PENDING; required_workers: 2; success_prob: 0.4; max_attempts: 1
event: task_spawn; timestamp: 0; task: 36; pos: (25, 35); earliest_start: 43; latest_start: 73; state: PENDING; required_workers: 2; success_prob: 0.4; max_attempts: 1
event: task_spawn; timestamp: 0; task: 37; pos: (25, 32); earliest_start: 124; latest_start: 154; state: PENDING; required_workers: 3; success_prob: 0.4; max_attempts: 1
event: task_spawn; timestamp: 0; task: 38; pos: (22, 30); earliest_start: 75; latest_start: 105; state: PENDING; required_workers: 3; success_prob: 0.4; max_attempts: 1
event: task_spawn; timestamp: 0; task: 39; pos: (20, 30); earliest_start: 37; latest_start: 67; state: PENDING; required_workers: 3; success_prob: 0.4; max_attempts: 1
event: task_spawn; timestamp: 0; task: 40; pos: (20, 35); earliest_start: 85; latest_start: 115; state: PENDING; required_workers: 3; success_prob: 0.4; max_attempts: 1
event: task_spawn; timestamp: 0; task: 41; pos: (18, 25); earliest_start: 92; latest_start: 122; state: PENDING; required_workers: 1; success_prob: 0.6; max_attempts: 1
event: task_spawn; timestamp: 0; task: 42; pos: (15, 30); earliest_start: 33; latest_start: 63; state: PENDING; required_workers: 1; success_prob: 0.6; max_attempts: 1
event: task_spawn; timestamp: 0; task: 43; pos: (15, 35); earliest_start: 128; latest_start: 158; state: PENDING; required_workers: 1; success_prob: 0.6; max_attempts: 1
event: task_spawn; timestamp: 0; task: 44; pos: (15, 32); earliest_start: 64; latest_start: 94; state: PENDING; required_workers: 1; success_prob: 0.6; max_attempts: 1
event: task_spawn; timestamp: 0; task: 45; pos: (-20, 32); earliest_start: 37; latest_start: 67; state: PENDING; required_workers: 1; success_prob: 0.6; max_attempts: 1
event: task_spawn; timestamp: 0; task: 46; pos: (-22, 30); earliest_start: 113; latest_start: 143; state: PENDING; required_workers: 1; success_prob: 0.6; max_attempts: 1
event: task_spawn; timestamp: 0; task: 47; pos: (-38, -5); earliest_start: 45; latest_start: 75; state: PENDING; required_workers: 1; success_prob: 0.6; max_attempts: 1
event: task_spawn; timestamp: 0; task: 48; pos: (2, -45); earliest_start: 151; latest_start: 181; state: PENDING; required_workers: 1; success_prob: 0.6; max_attempts: 1
event: task_spawn; timestamp: 0; task: 49; pos: (2, -38); earliest_start: 104; latest_start: 134; state: PENDING; required_workers: 1; success_prob: 0.6; max_attempts: 1
event: task_spawn; timestamp: 0; task: 50; pos: (32, -15); earliest_start: 116; latest_start: 146; state: PENDING; required_workers: 1; success_prob: 0.6; max_attempts: 1
event: task_spawn; timestamp: 0; task: 51; pos: (15, -30); earliest_start: 83; latest_start: 113; state: PENDING; required_workers: 2; success_prob: 0.6; max_attempts: 1
event: task_spawn; timestamp: 0; task: 52; pos: (-15, -20); earliest_start: 52; latest_start: 82; state: PENDING; required_workers: 2; success_prob: 0.6; max_attempts: 1
event: task_spawn; timestamp: 0; task: 53; pos: (-20, 0); earliest_start: 91; latest_start: 121; state: PENDING; required_workers: 2; success_prob: 0.6; max_attempts: 1
event: task_spawn; timestamp: 0; task: 54; pos: (15, 10); earliest_start: 139; latest_start: 169; state: PENDING; required_workers: 2; success_prob: 0.6; max_attempts: 1
event: task_spawn; timestamp: 0; task: 55; pos: (-10, 10); earliest_start: 140; latest_start: 170; state: PENDING; required_workers: 2; success_prob: 0.6; max_attempts: 1
event: task_spawn; timestamp: 0; task: 56; pos: (10, -15); earliest_start: 130; latest_start: 160; state: PENDING; required_workers: 2; success_prob: 0.6; max_attempts: 1
event: task_spawn; timestamp: 0; task: 57; pos: (-10, -25); earliest_start: 96; latest_start: 126; state: PENDING; required_workers: 3; success_prob: 0.6; max_attempts: 1
event: task_spawn; timestamp: 0; task: 58; pos: (-25, -40); earliest_start: 152; latest_start: 182; state: PENDING; required_workers: 3; success_prob: 0.6; max_attempts: 1
event: task_spawn; timestamp: 0; task: 59; pos: (-30, -30); earliest_start: 42; latest_start: 72; state: PENDING; required_workers: 3; success_prob: 0.6; max_attempts: 1
event: task_spawn; timestamp: 0; task: 60; pos: (-25, 10); earliest_start: 155; latest_start: 185; state: PENDING; required_workers: 3; success_prob: 0.6; max_attempts: 1
event: task_spawn; timestamp: 0; task: 61; pos: (5, 15); earliest_start: 66; latest_start: 96; state: PENDING; required_workers: 1; success_prob: 0.8; max_attempts: 1
event: task_spawn; timestamp: 0; task: 62; pos: (25, -15); earliest_start: 52; latest_start: 82; state: PENDING; required_workers: 1; success_prob: 0.8; max_attempts: 1
event: task_spawn; timestamp: 0; task: 63; pos: (25, -30); earliest_start: 39; latest_start: 69; state: PENDING; required_workers: 1; success_prob: 0.8; max_attempts: 1
event: task_spawn; timestamp: 0; task: 64; pos: (5, -20); earliest_start: 53; latest_start: 83; state: PENDING; required_workers: 1; success_prob: 0.8; max_attempts: 1
event: task_spawn; timestamp: 0; task: 65; pos: (-5, -10); earliest_start: 11; latest_start: 41; state: PENDING; required_workers: 1; success_prob: 0.8; max_attempts: 1
event: task_spawn; timestamp: 0; task: 66; pos: (1, -13); earliest_start: 133; latest_start: 163; state: PENDING; required_workers: 1; success_prob: 0.8; max_attempts: 1
event: task_spawn; timestamp: 0; task: 67; pos: (24, -8); earliest_start: 70; latest_start: 100; state: PENDING; required_workers: 1; success_prob: 0.8; max_attempts: 1
event: task_spawn; timestamp: 0; task: 68; pos: (0, 10); earliest_start: 144; latest_start: 174; state: PENDING; required_workers: 1; success_prob: 0.8; max_attempts: 1
event: task_spawn; timestamp: 0; task: 69; pos: (-9, 2); earliest_start: 41; latest_start: 71; state: PENDING; required_workers: 1; success_prob: 0.8; max_attempts: 1
event: task_spawn; timestamp: 0; task: 70; pos: (-5, 19); earliest_start: 180; latest_start: 210; state: PENDING; required_workers: 1; success_prob: 0.8; max_attempts: 1
event: task_spawn; timestamp: 0; task: 71; pos: (25, 5); earliest_start: 65; latest_start: 95; state: PENDING; required_workers: 2; success_prob: 0.8; max_attempts: 1
event: task_spawn; timestamp: 0; task: 72; pos: (23, 15); earliest_start: 30; latest_start: 60; state: PENDING; required_workers: 2; success_prob: 0.8; max_attempts: 1
event: task_spawn; timestamp: 0; task: 73; pos: (-38, 10); earliest_start: 77; latest_start: 107; state: PENDING; required_workers: 2; success_prob: 0.8; max_attempts: 1
event: task_spawn; timestamp: 0; task: 74; pos: (-20, -30); earliest_start: 141; latest_start: 171; state: PENDING; required_workers: 2; success_prob: 0.8; max_attempts: 1
event: task_spawn; timestamp: 0; task: 75; pos: (-35, -45); earliest_start: 74; latest_start: 104; state: PENDING; required_workers: 2; success_prob: 0.8; max_attempts: 1
event: task_spawn; timestamp: 0; task: 76; pos: (20, -38); earliest_start: 75; latest_start: 105; state: PENDING; required_workers: 2; success_prob: 0.8; max_attempts: 1
event: task_spawn; timestamp: 0; task: 77; pos: (-17, -47); earliest_start: 150; latest_start: 180; state: PENDING; required_workers: 3; success_prob: 0.8; max_attempts: 1
event: task_spawn; timestamp: 0; task: 78; pos: (-32, 6); earliest_start: 90; latest_start: 120; state: PENDING; required_workers: 3; success_prob: 0.8; max_attempts: 1
event: task_spawn; timestamp: 0; task: 79; pos: (-34, 18); earliest_start: 89; latest_start: 119; state: PENDING; required_workers: 3; success_prob: 0.8; max_attempts: 1
event: task_spawn; timestamp: 0; task: 80; pos: (7, -3); earliest_start: 192; latest_start: 222; state: PENDING; required_workers: 3; success_prob: 0.8; max_attempts: 1
event: task_spawn; timestamp: 0; task: 81; pos: (9, 8); earliest_start: 86; latest_start: 116; state: PENDING; required_workers: 1; success_prob: 1; max_attempts: 1
event: task_spawn; timestamp: 0; task: 82; pos: (-13, -7); earliest_start: 42; latest_start: 72; state: PENDING; required_workers: 1; success_prob: 1; max_attempts: 1
event: task_spawn; timestamp: 0; task: 83; pos: (-3, -19); earliest_start: 35; latest_start: 65; state: PENDING; required_workers: 1; success_prob: 1; max_attempts: 1
event: task_spawn; timestamp: 0; task: 84; pos: (17, -21); earliest_start: 96; latest_start: 126; state: PENDING; required_workers: 1; success_prob: 1; max_attempts: 1
event: task_spawn; timestamp: 0; task: 85; pos: (23, -27); earliest_start: 87; latest_start: 117; state: PENDING; required_workers: 1; success_prob: 1; max_attempts: 1
event: task_spawn; timestamp: 0; task: 86; pos: (-19, -26); earliest_start: 87; latest_start: 117; state: PENDING; required_workers: 1; success_prob: 1; max_attempts: 1
event: task_spawn; timestamp: 0; task: 87; pos: (-28, -26); earliest_start: 90; latest_start: 120; state: PENDING; required_workers: 1; success_prob: 1; max_attempts: 1
event: task_spawn; timestamp: 0; task: 88; pos: (-16, 8); earliest_start: 67; latest_start: 97; state: PENDING; required_workers: 1; success_prob: 1; max_attempts: 1
event: task_spawn; timestamp: 0; task: 89; pos: (27, -45); earliest_start: 144; latest_start: 174; state: PENDING; required_workers: 1; success_prob: 1; max_attempts: 1
event: task_spawn; timestamp: 0; task: 90; pos: (-3, -3); earliest_start: 86; latest_start: 116; state: PENDING; required_workers: 1; success_prob: 1; max_attempts: 1
event: task_spawn; timestamp: 0; task: 91; pos: (9, -8); earliest_start: 167; latest_start: 197; state: PENDING; required_workers: 2; success_prob: 1; max_attempts: 1
event: task_spawn; timestamp: 0; task: 92; pos: (13, -7); earliest_start: 14; latest_start: 44; state: PENDING; required_workers: 2; success_prob: 1; max_attempts: 1
event: task_spawn; timestamp: 0; task: 93; pos: (21, 2); earliest_start: 178; latest_start: 208; state: PENDING; required_workers: 2; success_prob: 1; max_attempts: 1
event: task_spawn; timestamp: 0; task: 94; pos: (17, -2); earliest_start: 95; latest_start: 125; state: PENDING; required_workers: 2; success_prob: 1; max_attempts: 1
event: task_spawn; timestamp: 0; task: 95; pos: (16, -13); earliest_start: 34; latest_start: 64; state: PENDING; required_workers: 2; success_prob: 1; max_attempts: 1
event: task_spawn; timestamp: 0; task: 96; pos: (15, 4); earliest_start: 132; latest_start: 162; state: PENDING; required_workers: 2; success_prob: 1; max_attempts: 1
event: task_spawn; timestamp: 0; task: 97; pos: (-36, -32); earliest_start: 120; latest_start: 150; state: PENDING; required_workers: 3; success_prob: 1; max_attempts: 1
event: task_spawn; timestamp: 0; task: 98; pos: (-14, 2); earliest_start: 46; latest_start: 76; state: PENDING; required_workers: 3; success_prob: 1; max_attempts: 1
event: task_spawn; timestamp: 0; task: 99; pos: (-14, -15); earliest_start: 77; latest_start: 107; state: PENDING; required_workers: 3; success_prob: 1; max_attempts: 1
event: task_spawn; timestamp: 0; task: 100; pos: (-9, 17); earliest_start: 180; latest_start: 210; state: PENDING; required_workers: 3; success_prob: 1; max_attempts: 1
event: robot_spawn; timestamp: 0; robot: 1; pos: (0, 0); state: AVAILABLE; battery_level: 200; battery_capacity: 200; velocity: 1; battery_rate_nav: 0
event: robot_spawn; timestamp: 0; robot: 2; pos: (0, 0); state: AVAILABLE; battery_level: 200; battery_capacity: 200; velocity: 1; battery_rate_nav: 0
event: robot_spawn; timestamp: 0; robot: 3; pos: (0, 0); state: AVAILABLE; battery_level: 200; battery_capacity: 200; velocity: 1; battery_rate_nav: 0
event: robot_spawn; timestamp: 0; robot: 4; pos: (0, 0); state: AVAILABLE; battery_level: 200; battery_capacity: 200; velocity: 1; battery_rate_nav: 0
event: robot_spawn; timestamp: 0; robot: 5; pos: (0, 0); state: AVAILABLE; battery_level: 200; battery_capacity: 200; velocity: 1; battery_rate_nav: 0
event: robot_spawn; timestamp: 0; robot: 6; pos: (0, 0); state: AVAILABLE; battery_level: 200; battery_capacity: 200; velocity: 1; battery_rate_nav: 0
event: robot_spawn; timestamp: 0; robot: 7; pos: (0, 0); state: AVAILABLE; battery_level: 200; battery_capacity: 200; velocity: 1; battery_rate_nav: 0
event: robot_spawn; timestamp: 0; robot: 8; pos: (0, 0); state: AVAILABLE; battery_level: 200; battery_capacity: 200; velocity: 1; battery_rate_nav: 0
event: robot_spawn; timestamp: 0; robot: 9; pos: (0, 0); state: AVAILABLE; battery_level: 200; battery_capacity: 200; velocity: 1; battery_rate_nav: 0
event: robot_spawn; timestamp: 0; robot: 10; pos: (0, 0); state: AVAILABLE; battery_level: 200; battery_capacity: 200; velocity: 1; battery_rate_nav: 0
event: battery_consumption; timestamp: 0; robot: 1; time: 50.2892; initial_level: 200; final_level: 200
event: navigation; timestamp: 0; robot: 1; time: 50.2892; src: (0, 0); dst: (48, -15)
event: battery_consumption; timestamp: 0; robot: 3; time: 38.0789; initial_level: 200; final_level: 200
event: navigation; timestamp: 0; robot: 3; time: 38.0789; src: (0, 0); dst: (-15, 35)
event: battery_consumption; timestamp: 0; robot: 5; time: 35.4683; initial_level: 200; final_level: 200
event: navigation; timestamp: 0; robot: 5; time: 35.4683; src: (0, 0); dst: (23, -27)
event: battery_consumption; timestamp: 0; robot: 9; time: 11.1803; initial_level: 200; final_level: 200
event: navigation; timestamp: 0; robot: 9; time: 11.1803; src: (0, 0); dst: (-5, -10)
event: battery_consumption; timestamp: 0; robot: 10; time: 55.7136; initial_level: 200; final_level: 200
event: navigation; timestamp: 0; robot: 10; time: 55.7136; src: (0, 0); dst: (52, -20)
event: battery_consumption; timestamp: 0; robot: 4; time: 32.3883; initial_level: 200; final_level: 200
event: navigation; timestamp: 0; robot: 4; time: 32.3883; src: (0, 0); dst: (-32, -5)
event: battery_consumption; timestamp: 0; robot: 6; time: 39.0512; initial_level: 200; final_level: 200
event: navigation; timestamp: 0; robot: 6; time: 39.0512; src: (0, 0); dst: (-25, 30)
event: battery_consumption; timestamp: 0; robot: 8; time: 18.0278; initial_level: 200; final_level: 200
event: navigation; timestamp: 0; robot: 8; time: 18.0278; src: (0, 0); dst: (15, 10)
event: battery_consumption; timestamp: 0; robot: 7; time: 18.0278; initial_level: 200; final_level: 200
event: navigation; timestamp: 0; robot: 7; time: 18.0278; src: (0, 0); dst: (10, -15)
event: battery_consumption; timestamp: 0; robot: 2; time: 47.4342; initial_level: 200; final_level: 200
event: navigation; timestamp: 0; robot: 2; time: 47.4342; src: (0, 0); dst: (45, -15)
event: task_execution; timestamp: 11.1803; task: 65; robot: 9; pos: (-5, -10); time: 9.9521
event: battery_consumption; timestamp: 11.1803; robot: 9; time: 9.9521; initial_level: 200; final_level: 184.077
event: task_resolution; timestamp: 21.1324; task: 65; pos: (-5, -10); status: COMPLETED; attempt: 1
event: battery_consumption; timestamp: 21.1324; robot: 9; time: 46.8402; initial_level: 184.077; final_level: 184.077
event: navigation; timestamp: 21.1324; robot: 9; time: 46.8402; src: (-5, -10); dst: (-18, 35)
event: task_execution; timestamp: 62; task: 28; robot: 10; pos: (52, -20); time: 12.7476
event: battery_consumption; timestamp: 62; robot: 10; time: 12.7476; initial_level: 200; final_level: 187.252
event: task_resolution; timestamp: 74.7476; task: 28; pos: (52, -20); status: FAILED; attempt: 1
event: battery_consumption; timestamp: 74.7476; robot: 10; time: 38.3275; initial_level: 187.252; final_level: 187.252
event: navigation; timestamp: 74.7476; robot: 10; time: 38.3275; src: (52, -20); dst: (15, -30)
event: battery_consumption; timestamp: 91; robot: 1; time: 38; initial_level: 200; final_level: 200
event: navigation; timestamp: 91; robot: 1; time: 38; src: (48, -15); dst: (10, -15)
event: battery_consumption; timestamp: 94; robot: 4; time: 47.3814; initial_level: 200; final_level: 200
event: navigation; timestamp: 94; robot: 4; time: 47.3814; src: (-32, -5); dst: (2, -38)
event: task_execution; timestamp: 87; task: 85; robot: 5; pos: (23, -27); time: 11.4731
event: battery_consumption; timestamp: 87; robot: 5; time: 11.4731; initial_level: 200; final_level: 197.705
event: task_resolution; timestamp: 98.4731; task: 85; pos: (23, -27); status: COMPLETED; attempt: 1
event: battery_consumption; timestamp: 98.4731; robot: 5; time: 49.5782; initial_level: 197.705; final_level: 197.705
event: navigation; timestamp: 98.4731; robot: 5; time: 49.5782; src: (23, -27); dst: (-10, 10)
event: task_execution; timestamp: 91; task: 8; robot: 6; pos: (-25, 30); time: 9.95731
event: battery_consumption; timestamp: 91; robot: 6; time: 9.95731; initial_level: 200; final_level: 190.043
event: task_resolution; timestamp: 100.957; task: 8; pos: (-25, 30); status: COMPLETED; attempt: 1
event: battery_consumption; timestamp: 100.957; robot: 6; time: 44.7214; initial_level: 190.043; final_level: 190.043
event: navigation; timestamp: 100.957; robot: 6; time: 44.7214; src: (-25, 30); dst: (15, 10)
event: battery_consumption; timestamp: 113; robot: 10; time: 36.2353; initial_level: 187.252; final_level: 187.252
event: navigation; timestamp: 113; robot: 10; time: 36.2353; src: (15, -30); dst: (-17, -47)
event: task_execution; timestamp: 109; task: 3; robot: 9; pos: (-18, 35); time: 10.387
event: battery_consumption; timestamp: 109; robot: 9; time: 10.387; initial_level: 184.077; final_level: 173.69
event: task_resolution; timestamp: 119.387; task: 3; pos: (-18, 35); status: FAILED; attempt: 1
event: battery_consumption; timestamp: 119.387; robot: 9; time: 25.9615; initial_level: 173.69; final_level: 173.69
event: navigation; timestamp: 119.387; robot: 9; time: 25.9615; src: (-18, 35); dst: (-25, 10)
event: task_execution; timestamp: 130; task: 56; robot: 1; pos: (10, -15); time: 10.7381
event: battery_consumption; timestamp: 130; robot: 1; time: 10.7381; initial_level: 200; final_level: 179.598
event: task_execution; timestamp: 130; task: 56; robot: 7; pos: (10, -15); time: 10.7381
event: battery_consumption; timestamp: 130; robot: 7; time: 10.7381; initial_level: 200; final_level: 179.598
event: task_resolution; timestamp: 140.738; task: 56; pos: (10, -15); status: FAILED; attempt: 1
event: battery_consumption; timestamp: 140.738; robot: 7; time: 37.3363; initial_level: 179.598; final_level: 179.598
event: navigation; timestamp: 140.738; robot: 7; time: 37.3363; src: (10, -15); dst: (47, -20)
event: battery_consumption; timestamp: 140.738; robot: 1; time: 50.9902; initial_level: 179.598; final_level: 179.598
event: navigation; timestamp: 140.738; robot: 1; time: 50.9902; src: (10, -15); dst: (-40, -5)
event: battery_consumption; timestamp: 141; robot: 2; time: 35.5106; initial_level: 200; final_level: 200
event: navigation; timestamp: 141; robot: 2; time: 35.5106; src: (45, -15); dst: (15, 4)
event: task_execution; timestamp: 141.381; task: 49; robot: 4; pos: (2, -38); time: 10.4292
event: battery_consumption; timestamp: 141.381; robot: 4; time: 10.4292; initial_level: 200; final_level: 189.571
event: task_resolution; timestamp: 151.811; task: 49; pos: (2, -38); status: FAILED; attempt: 1
event: battery_consumption; timestamp: 151.811; robot: 4; time: 30.8058; initial_level: 189.571; final_level: 189.571
event: navigation; timestamp: 151.811; robot: 4; time: 30.8058; src: (2, -38); dst: (9, -8)
event: task_execution; timestamp: 145; task: 1; robot: 3; pos: (-15, 35); time: 8.22166
event: battery_consumption; timestamp: 145; robot: 3; time: 8.22166; initial_level: 200; final_level: 183.557
event: task_resolution; timestamp: 153.222; task: 1; pos: (-15, 35); status: FAILED; attempt: 1
event: battery_consumption; timestamp: 153.222; robot: 3; time: 47.1699; initial_level: 183.557; final_level: 183.557
event: navigation; timestamp: 153.222; robot: 3; time: 47.1699; src: (-15, 35); dst: (-40, -5)
event: task_execution; timestamp: 145.679; task: 54; robot: 6; pos: (15, 10); time: 10.2569
event: battery_consumption; timestamp: 145.679; robot: 6; time: 10.2569; initial_level: 190.043; final_level: 173.632
event: task_execution; timestamp: 145.679; task: 54; robot: 8; pos: (15, 10); time: 10.2569
event: battery_consumption; timestamp: 145.679; robot: 8; time: 10.2569; initial_level: 200; final_level: 183.589
event: task_resolution; timestamp: 155.936; task: 54; pos: (15, 10); status: FAILED; attempt: 1
event: battery_consumption; timestamp: 155.936; robot: 6; time: 56.2939; initial_level: 173.632; final_level: 173.632
event: navigation; timestamp: 155.936; robot: 6; time: 56.2939; src: (15, 10); dst: (27, -45)
event: battery_consumption; timestamp: 155.936; robot: 8; time: 18.9737; initial_level: 183.589; final_level: 183.589
event: navigation; timestamp: 155.936; robot: 8; time: 18.9737; src: (15, 10); dst: (9, -8)
event: battery_consumption; timestamp: 161; robot: 7; time: 57.6975; initial_level: 179.598; final_level: 179.598
event: navigation; timestamp: 161; robot: 7; time: 57.6975; src: (47, -20); dst: (-5, -45)
event: battery_consumption; timestamp: 162; robot: 2; time: 27.2947; initial_level: 200; final_level: 200
event: navigation; timestamp: 162; robot: 2; time: 27.2947; src: (15, 4); dst: (-9, 17)
event: battery_consumption; timestamp: 170; robot: 5; time: 10; initial_level: 197.705; final_level: 197.705
event: navigation; timestamp: 170; robot: 5; time: 10; src: (-10, 10); dst: (0, 10)
event: battery_consumption; timestamp: 179; robot: 3; time: 21.2132; initial_level: 183.557; final_level: 183.557
event: navigation; timestamp: 179; robot: 3; time: 21.2132; src: (-40, -5); dst: (-25, 10)
event: battery_consumption; timestamp: 179; robot: 1; time: 61.4003; initial_level: 179.598; final_level: 179.598
event: navigation; timestamp: 179; robot: 1; time: 61.4003; src: (-40, -5); dst: (21, 2)
event: battery_consumption; timestamp: 180; robot: 10; time: 57.5587; initial_level: 187.252; final_level: 187.252
event: navigation; timestamp: 180; robot: 10; time: 57.5587; src: (-17, -47); dst: (-25, 10)
event: task_execution; timestamp: 180; task: 68; robot: 5; pos: (0, 10); time: 9.70728
event: battery_consumption; timestamp: 180; robot: 5; time: 9.70728; initial_level: 197.705; final_level: 177.32
event: task_resolution; timestamp: 189.707; task: 68; pos: (0, 10); status: FAILED; attempt: 1
event: battery_consumption; timestamp: 189.707; robot: 5; time: 22.4722; initial_level: 177.32; final_level: 177.32
event: navigation; timestamp: 189.707; robot: 5; time: 22.4722; src: (0, 10); dst: (21, 2)
event: task_execution; timestamp: 182.616; task: 91; robot: 4; pos: (9, -8); time: 9.10045
event: battery_consumption; timestamp: 182.616; robot: 4; time: 9.10045; initial_level: 189.571; final_level: 177.74
event: task_execution; timestamp: 182.616; task: 91; robot: 8; pos: (9, -8); time: 9.10045
event: battery_consumption; timestamp: 182.616; robot: 8; time: 9.10045; initial_level: 183.589; final_level: 171.758
event: task_resolution; timestamp: 191.717; task: 91; pos: (9, -8); status: COMPLETED; attempt: 1
event: battery_consumption; timestamp: 191.717; robot: 4; time: 30.4138; initial_level: 177.74; final_level: 177.74
event: navigation; timestamp: 191.717; robot: 4; time: 30.4138; src: (9, -8); dst: (-5, 19)
event: battery_consumption; timestamp: 191.717; robot: 8; time: 30.8058; initial_level: 171.758; final_level: 171.758
event: navigation; timestamp: 191.717; robot: 8; time: 30.8058; src: (9, -8); dst: (-9, 17)
event: battery_consumption; timestamp: 210; robot: 2; time: 25.6125; initial_level: 200; final_level: 200
event: navigation; timestamp: 210; robot: 2; time: 25.6125; src: (-9, 17); dst: (7, -3)
event: battery_consumption; timestamp: 210; robot: 8; time: 25.6125; initial_level: 171.758; final_level: 171.758
event: navigation; timestamp: 210; robot: 8; time: 25.6125; src: (-9, 17); dst: (7, -3)
event: battery_consumption; timestamp: 222; robot: 2; time: 7.61577; initial_level: 200; final_level: 200
event: navigation; timestamp: 222; robot: 2; time: 7.61577; src: (7, -3); dst: (0, 0)
event: robot_finished; timestamp: 229.616; robot: 2; pos: (0, 0); battery: 200
event: battery_consumption; timestamp: 222; robot: 8; time: 7.61577; initial_level: 171.758; final_level: 171.758
event: navigation; timestamp: 222; robot: 8; time: 7.61577; src: (7, -3); dst: (0, 0)
event: robot_finished; timestamp: 229.616; robot: 8; pos: (0, 0); battery: 171.758
event: task_execution; timestamp: 212.229; task: 89; robot: 6; pos: (27, -45); time: 10.5046
event: battery_consumption; timestamp: 212.229; robot: 6; time: 10.5046; initial_level: 173.632; final_level: 147.37
event: task_resolution; timestamp: 222.734; task: 89; pos: (27, -45); status: COMPLETED; attempt: 1
event: battery_consumption; timestamp: 222.734; robot: 6; time: 52.4786; initial_level: 147.37; final_level: 147.37
event: navigation; timestamp: 222.734; robot: 6; time: 52.4786; src: (27, -45); dst: (0, 0)
event: robot_finished; timestamp: 275.213; robot: 6; pos: (0, 0); battery: 147.37
event: task_execution; timestamp: 218.697; task: 25; robot: 7; pos: (-5, -45); time: 8.61622
event: battery_consumption; timestamp: 218.697; robot: 7; time: 8.61622; initial_level: 179.598; final_level: 162.365
event: task_resolution; timestamp: 227.314; task: 25; pos: (-5, -45); status: FAILED; attempt: 1
event: battery_consumption; timestamp: 227.314; robot: 7; time: 45.2769; initial_level: 162.365; final_level: 162.365
event: navigation; timestamp: 227.314; robot: 7; time: 45.2769; src: (-5, -45); dst: (0, 0)
event: robot_finished; timestamp: 272.591; robot: 7; pos: (0, 0); battery: 162.365
event: task_execution; timestamp: 222.131; task: 70; robot: 4; pos: (-5, 19); time: 9.48312
event: battery_consumption; timestamp: 222.131; robot: 4; time: 9.48312; initial_level: 177.74; final_level: 155.929
event: task_resolution; timestamp: 231.614; task: 70; pos: (-5, 19); status: COMPLETED; attempt: 1
event: battery_consumption; timestamp: 231.614; robot: 4; time: 19.6469; initial_level: 155.929; final_level: 155.929
event: navigation; timestamp: 231.614; robot: 4; time: 19.6469; src: (-5, 19); dst: (0, 0)
event: robot_finished; timestamp: 251.261; robot: 4; pos: (0, 0); battery: 155.929
event: task_execution; timestamp: 237.559; task: 60; robot: 3; pos: (-25, 10); time: 10.6502
event: battery_consumption; timestamp: 237.559; robot: 3; time: 10.6502; initial_level: 183.557; final_level: 165.451
event: task_execution; timestamp: 237.559; task: 60; robot: 9; pos: (-25, 10); time: 10.6502
event: battery_consumption; timestamp: 237.559; robot: 9; time: 10.6502; initial_level: 173.69; final_level: 155.584
event: task_execution; timestamp: 237.559; task: 60; robot: 10; pos: (-25, 10); time: 10.6502
event: battery_consumption; timestamp: 237.559; robot: 10; time: 10.6502; initial_level: 187.252; final_level: 169.147
event: task_resolution; timestamp: 248.209; task: 60; pos: (-25, 10); status: FAILED; attempt: 1
event: battery_consumption; timestamp: 248.209; robot: 3; time: 26.9258; initial_level: 165.451; final_level: 165.451
event: navigation; timestamp: 248.209; robot: 3; time: 26.9258; src: (-25, 10); dst: (0, 0)
event: robot_finished; timestamp: 275.135; robot: 3; pos: (0, 0); battery: 165.451
event: battery_consumption; timestamp: 248.209; robot: 10; time: 26.9258; initial_level: 169.147; final_level: 169.147
event: navigation; timestamp: 248.209; robot: 10; time: 26.9258; src: (-25, 10); dst: (0, 0)
event: robot_finished; timestamp: 275.135; robot: 10; pos: (0, 0); battery: 169.147
event: battery_consumption; timestamp: 248.209; robot: 9; time: 26.9258; initial_level: 155.584; final_level: 155.584
event: navigation; timestamp: 248.209; robot: 9; time: 26.9258; src: (-25, 10); dst: (0, 0)
event: robot_finished; timestamp: 275.135; robot: 9; pos: (0, 0); battery: 155.584
event: task_execution; timestamp: 240.4; task: 93; robot: 1; pos: (21, 2); time: 10.6465
event: battery_consumption; timestamp: 240.4; robot: 1; time: 10.6465; initial_level: 179.598; final_level: 176.404
event: task_execution; timestamp: 240.4; task: 93; robot: 5; pos: (21, 2); time: 10.6465
event: battery_consumption; timestamp: 240.4; robot: 5; time: 10.6465; initial_level: 177.32; final_level: 174.126
event: task_resolution; timestamp: 251.047; task: 93; pos: (21, 2); status: COMPLETED; attempt: 1
event: battery_consumption; timestamp: 251.047; robot: 1; time: 21.095; initial_level: 176.404; final_level: 176.404
event: navigation; timestamp: 251.047; robot: 1; time: 21.095; src: (21, 2); dst: (0, 0)
event: robot_finished; timestamp: 272.142; robot: 1; pos: (0, 0); battery: 176.404
event: battery_consumption; timestamp: 251.047; robot: 5; time: 21.095; initial_level: 174.126; final_level: 174.126
event: navigation; timestamp: 251.047; robot: 5; time: 21.095; src: (21, 2); dst: (0, 0)
event: robot_finished; timestamp: 272.142; robot: 5; pos: (0, 0); battery: 174.126
metric: available_agents; value: 0
metric: failed_agents; value: 0
metric: finished_agents; value: 10
metric: completed_tasks; value: 7
metric: pending_tasks; value: 0
metric: failed_tasks; value: 93
metric: average_robot_makespan; value: 262.798
metric: sd_robot_makespan; value: 18.9046
metric: max_robot_makespan; value: 275.213
metric: min_robot_makespan; value: 229.616
metric: average_robot_travel_distance; value: 157.547
metric: sd_robot_travel_distance; value: 41.0187
metric: max_robot_travel_distance; value: 221.775
metric: min_robot_travel_distance; value: 101.036
metric: sum_robot_travel_distance; value: 1575.47
metric: average_completed_tasks_by_robot; value: 0
metric: sd_completed_tasks_by_robot; value: 0
metric: max_completed_tasks_by_robot; value: 0
metric: min_completed_tasks_by_robot; value: 0
metric: final_reward; value: 0.07
metric: computing_time; value: 0.00270419
