info: solver_name; value: random
info: reward_function; value: reward00
info: replica; value: 1
info: filename; value: ../logs/prueba/rc205_10r_100t_b0f5abc8_random_reward00_001.log
info: scenario_name; value: rc205_10r_100t_b0f5abc8
info: scenario_name; value: rc205_10r_100t_b0f5abc8
info: number_of_tasks; value: 100
info: number_of_robots; value: 10
info: number_of_recharging_stations; value: 1
info: scenario_size; value: (132,132)
event: recharging_station_spawn; timestamp: 0; recharging_station: 1; pos: (0, 0)
event: task_spawn; timestamp: 0; task: 1; pos: (-15, 35); earliest_start: 431; latest_start: 911; state: PENDING; required_workers: 1; success_prob: 0.2; max_attempts: 1
event: task_spawn; timestamp: 0; task: 2; pos: (-18, 25); earliest_start: 30; latest_start: 510; state: PENDING; required_workers: 1; success_prob: 0.2; max_attempts: 1
event: task_spawn; timestamp: 0; task: 3; pos: (-18, 35); earliest_start: 291; latest_start: 771; state: PENDING; required_workers: 1; success_prob: 0.2; max_attempts: 1
event: task_spawn; timestamp: 0; task: 4; pos: (-20, 30); earliest_start: 674; latest_start: 734; state: PENDING; required_workers: 1; success_prob: 0.2; max_attempts: 1
event: task_spawn; timestamp: 0; task: 5; pos: (-20, 35); earliest_start: 40; latest_start: 520; state: PENDING; required_workers: 1; success_prob: 0.2; max_attempts: 1
event: task_spawn; timestamp: 0; task: 6; pos: (-22, 25); earliest_start: 393; latest_start: 502; state: PENDING; required_workers: 1; success_prob: 0.2; max_attempts: 1
event: task_spawn; timestamp: 0; task: 7; pos: (-25, 25); earliest_start: 120; latest_start: 600; state: PENDING; required_workers: 1; success_prob: 0.2; max_attempts: 1
event: task_spawn; timestamp: 0; task: 8; pos: (-25, 30); earliest_start: 397; latest_start: 457; state: PENDING; required_workers: 1; success_prob: 0.2; max_attempts: 1
event: task_spawn; timestamp: 0; task: 9; pos: (-30, -15); earliest_start: 401; latest_start: 461; state: PENDING; required_workers: 1; success_prob: 0.2; max_attempts: 1
event: task_spawn; timestamp: 0; task: 10; pos: (-30, -10); earliest_start: 535; latest_start: 622; state: PENDING; required_workers: 1; success_prob: 0.2; max_attempts: 1
event: task_spawn; timestamp: 0; task: 11; pos: (-32, -10); earliest_start: 225; latest_start: 285; state: PENDING; required_workers: 2; success_prob: 0.2; max_attempts: 1
event: task_spawn; timestamp: 0; task: 12; pos: (-32, -5); earliest_start: 43; latest_start: 523; state: PENDING; required_workers: 2; success_prob: 0.2; max_attempts: 1
event: task_spawn; timestamp: 0; task: 13; pos: (-35, -15); earliest_start: 683; latest_start: 743; state: PENDING; required_workers: 2; success_prob: 0.2; max_attempts: 1
event: task_spawn; timestamp: 0; task: 14; pos: (-35, -5); earliest_start: 35; latest_start: 366; state: PENDING; required_workers: 2; success_prob: 0.2; max_attempts: 1
event: task_spawn; timestamp: 0; task: 15; pos: (-38, -10); earliest_start: 204; latest_start: 264; state: PENDING; required_workers: 2; success_prob: 0.2; max_attempts: 1
event: task_spawn; timestamp: 0; task: 16; pos: (-40, -10); earliest_start: 204; latest_start: 425; state: PENDING; required_workers: 2; success_prob: 0.2; max_attempts: 1
event: task_spawn; timestamp: 0; task: 17; pos: (-40, -5); earliest_start: 698; latest_start: 827; state: PENDING; required_workers: 3; success_prob: 0.2; max_attempts: 1
event: task_spawn; timestamp: 0; task: 18; pos: (4, -45); earliest_start: 306; latest_start: 483; state: PENDING; required_workers: 3; success_prob: 0.2; max_attempts: 1
event: task_spawn; timestamp: 0; task: 19; pos: (2, -40); earliest_start: 199; latest_start: 428; state: PENDING; required_workers: 3; success_prob: 0.2; max_attempts: 1
event: task_spawn; timestamp: 0; task: 20; pos: (2, -35); earliest_start: 494; latest_start: 699; state: PENDING; required_workers: 3; success_prob: 0.2; max_attempts: 1
event: task_spawn; timestamp: 0; task: 21; pos: (0, -45); earliest_start: 45; latest_start: 525; state: PENDING; required_workers: 1; success_prob: 0.4; max_attempts: 1
event: task_spawn; timestamp: 0; task: 22; pos: (0, -35); earliest_start: 383; latest_start: 486; state: PENDING; required_workers: 1; success_prob: 0.4; max_attempts: 1
event: task_spawn; timestamp: 0; task: 23; pos: (-2, -45); earliest_start: 231; latest_start: 291; state: PENDING; required_workers: 1; success_prob: 0.4; max_attempts: 1
event: task_spawn; timestamp: 0; task: 24; pos: (-2, -35); earliest_start: 609; latest_start: 872; state: PENDING; required_workers: 1; success_prob: 0.4; max_attempts: 1
event: task_spawn; timestamp: 0; task: 25; pos: (-5, -45); earliest_start: 821; latest_start: 881; state: PENDING; required_workers: 1; success_prob: 0.4; max_attempts: 1
event: task_spawn; timestamp: 0; task: 26; pos: (55, -20); earliest_start: 349; latest_start: 829; state: PENDING; required_workers: 1; success_prob: 0.4; max_attempts: 1
event: task_spawn; timestamp: 0; task: 27; pos: (55, -15); earliest_start: 138; latest_start: 273; state: PENDING; required_workers: 1; success_prob: 0.4; max_attempts: 1
event: task_spawn; timestamp: 0; task: 28; pos: (52, -20); earliest_start: 78; latest_start: 339; state: PENDING; required_workers: 1; success_prob: 0.4; max_attempts: 1
event: task_spawn; timestamp: 0; task: 29; pos: (50, -15); earliest_start: 132; latest_start: 375; state: PENDING; required_workers: 1; success_prob: 0.4; max_attempts: 1
event: task_spawn; timestamp: 0; task: 30; pos: (48, -20); earliest_start: 252; latest_start: 359; state: PENDING; required_workers: 1; success_prob: 0.4; max_attempts: 1
event: task_spawn; timestamp: 0; task: 31; pos: (48, -15); earliest_start: 50; latest_start: 530; state: PENDING; required_workers: 2; success_prob: 0.4; max_attempts: 1
event: task_spawn; timestamp: 0; task: 32; pos: (47, -20); earliest_start: 562; latest_start: 799; state: PENDING; required_workers: 2; success_prob: 0.4; max_attempts: 1
event: task_spawn; timestamp: 0; task: 33; pos: (45, -25); earliest_start: 71; latest_start: 208; state: PENDING; required_workers: 2; success_prob: 0.4; max_attempts: 1
event: task_spawn; timestamp: 0; task: 34; pos: (45, -15); earliest_start: 307; latest_start: 787; state: PENDING; required_workers: 2; success_prob: 0.4; max_attempts: 1
event: task_spawn; timestamp: 0; task: 35; pos: (27, 35); earliest_start: 655; latest_start: 778; state: PENDING; required_workers: 2; success_prob: 0.4; max_attempts: 1
event: task_spawn; timestamp: 0; task: 36; pos: (25, 35); earliest_start: 43; latest_start: 186; state: PENDING; required_workers: 2; success_prob: 0.4; max_attempts: 1
event: task_spawn; timestamp: 0; task: 37; pos: (25, 32); earliest_start: 377; latest_start: 857; state: PENDING; required_workers: 3; success_prob: 0.4; max_attempts: 1
event: task_spawn; timestamp: 0; task: 38; pos: (22, 30); earliest_start: 308; latest_start: 368; state: PENDING; required_workers: 3; success_prob: 0.4; max_attempts: 1
event: task_spawn; timestamp: 0; task: 39; pos: (20, 30); earliest_start: 46; latest_start: 201; state: PENDING; required_workers: 3; success_prob: 0.4; max_attempts: 1
event: task_spawn; timestamp: 0; task: 40; pos: (20, 35); earliest_start: 339; latest_start: 438; state: PENDING; required_workers: 3; success_prob: 0.4; max_attempts: 1
event: task_spawn; timestamp: 0; task: 41; pos: (18, 25); earliest_start: 377; latest_start: 494; state: PENDING; required_workers: 1; success_prob: 0.6; max_attempts: 1
event: task_spawn; timestamp: 0; task: 42; pos: (15, 30); earliest_start: 33; latest_start: 166; state: PENDING; required_workers: 1; success_prob: 0.6; max_attempts: 1
event: task_spawn; timestamp: 0; task: 43; pos: (15, 35); earliest_start: 531; latest_start: 736; state: PENDING; required_workers: 1; success_prob: 0.6; max_attempts: 1
event: task_spawn; timestamp: 0; task: 44; pos: (15, 32); earliest_start: 247; latest_start: 307; state: PENDING; required_workers: 1; success_prob: 0.6; max_attempts: 1
event: task_spawn; timestamp: 0; task: 45; pos: (-20, 32); earliest_start: 37; latest_start: 177; state: PENDING; required_workers: 1; success_prob: 0.6; max_attempts: 1
event: task_spawn; timestamp: 0; task: 46; pos: (-22, 30); earliest_start: 432; latest_start: 665; state: PENDING; required_workers: 1; success_prob: 0.6; max_attempts: 1
event: task_spawn; timestamp: 0; task: 47; pos: (-38, -5); earliest_start: 38; latest_start: 322; state: PENDING; required_workers: 1; success_prob: 0.6; max_attempts: 1
event: task_spawn; timestamp: 0; task: 48; pos: (2, -45); earliest_start: 424; latest_start: 904; state: PENDING; required_workers: 1; success_prob: 0.6; max_attempts: 1
event: task_spawn; timestamp: 0; task: 49; pos: (2, -38); earliest_start: 460; latest_start: 539; state: PENDING; required_workers: 1; success_prob: 0.6; max_attempts: 1
event: task_spawn; timestamp: 0; task: 50; pos: (32, -15); earliest_start: 327; latest_start: 807; state: PENDING; required_workers: 1; success_prob: 0.6; max_attempts: 1
event: task_spawn; timestamp: 0; task: 51; pos: (15, -30); earliest_start: 273; latest_start: 498; state: PENDING; required_workers: 2; success_prob: 0.6; max_attempts: 1
event: task_spawn; timestamp: 0; task: 52; pos: (-15, -20); earliest_start: 25; latest_start: 505; state: PENDING; required_workers: 2; success_prob: 0.6; max_attempts: 1
event: task_spawn; timestamp: 0; task: 53; pos: (-20, 0); earliest_start: 405; latest_start: 465; state: PENDING; required_workers: 2; success_prob: 0.6; max_attempts: 1
event: task_spawn; timestamp: 0; task: 54; pos: (15, 10); earliest_start: 554; latest_start: 767; state: PENDING; required_workers: 2; success_prob: 0.6; max_attempts: 1
event: task_spawn; timestamp: 0; task: 55; pos: (-10, 10); earliest_start: 629; latest_start: 689; state: PENDING; required_workers: 2; success_prob: 0.6; max_attempts: 1
event: task_spawn; timestamp: 0; task: 56; pos: (10, -15); earliest_start: 560; latest_start: 673; state: PENDING; required_workers: 2; success_prob: 0.6; max_attempts: 1
event: task_spawn; timestamp: 0; task: 57; pos: (-10, -25); earliest_start: 342; latest_start: 571; state: PENDING; required_workers: 3; success_prob: 0.6; max_attempts: 1
event: task_spawn; timestamp: 0; task: 58; pos: (-25, -40); earliest_start: 842; latest_start: 902; state: PENDING; required_workers: 3; success_prob: 0.6; max_attempts: 1
event: task_spawn; timestamp: 0; task: 59; pos: (-30, -30); earliest_start: 42; latest_start: 522; state: PENDING; required_workers: 3; success_prob: 0.6; max_attempts: 1
event: task_spawn; timestamp: 0; task: 60; pos: (-25, 10); earliest_start: 623; latest_start: 884; state: PENDING; required_workers: 3; success_prob: 0.6; max_attempts: 1
event: task_spawn; timestamp: 0; task: 61; pos: (5, 15); earliest_start: 214; latest_start: 421; state: PENDING; required_workers: 1; success_prob: 0.8; max_attempts: 1
event: task_spawn; timestamp: 0; task: 62; pos: (25, -15); earliest_start: 197; latest_start: 257; state: PENDING; required_workers: 1; success_prob: 0.8; max_attempts: 1
event: task_spawn; timestamp: 0; task: 63; pos: (25, -30); earliest_start: 39; latest_start: 316; state: PENDING; required_workers: 1; success_prob: 0.8; max_attempts: 1
event: task_spawn; timestamp: 0; task: 64; pos: (5, -20); earliest_start: 191; latest_start: 310; state: PENDING; required_workers: 1; success_prob: 0.8; max_attempts: 1
event: task_spawn; timestamp: 0; task: 65; pos: (-5, -10); earliest_start: 11; latest_start: 140; state: PENDING; required_workers: 1; success_prob: 0.8; max_attempts: 1
event: task_spawn; timestamp: 0; task: 66; pos: (1, -13); earliest_start: 570; latest_start: 681; state: PENDING; required_workers: 1; success_prob: 0.8; max_attempts: 1
event: task_spawn; timestamp: 0; task: 67; pos: (24, -8); earliest_start: 298; latest_start: 358; state: PENDING; required_workers: 1; success_prob: 0.8; max_attempts: 1
event: task_spawn; timestamp: 0; task: 68; pos: (0, 10); earliest_start: 613; latest_start: 730; state: PENDING; required_workers: 1; success_prob: 0.8; max_attempts: 1
event: task_spawn; timestamp: 0; task: 69; pos: (-9, 2); earliest_start: 187; latest_start: 247; state: PENDING; required_workers: 1; success_prob: 0.8; max_attempts: 1
event: task_spawn; timestamp: 0; task: 70; pos: (-5, 19); earliest_start: 780; latest_start: 930; state: PENDING; required_workers: 1; success_prob: 0.8; max_attempts: 1
event: task_spawn; timestamp: 0; task: 71; pos: (25, 5); earliest_start: 191; latest_start: 410; state: PENDING; required_workers: 2; success_prob: 0.8; max_attempts: 1
event: task_spawn; timestamp: 0; task: 72; pos: (23, 15); earliest_start: 27; latest_start: 507; state: PENDING; required_workers: 2; success_prob: 0.8; max_attempts: 1
event: task_spawn; timestamp: 0; task: 73; pos: (-38, 10); earliest_start: 240; latest_start: 451; state: PENDING; required_workers: 2; success_prob: 0.8; max_attempts: 1
event: task_spawn; timestamp: 0; task: 74; pos: (-20, -30); earliest_start: 675; latest_start: 735; state: PENDING; required_workers: 2; success_prob: 0.8; max_attempts: 1
event: task_spawn; timestamp: 0; task: 75; pos: (-35, -45); earliest_start: 57; latest_start: 537; state: PENDING; required_workers: 2; success_prob: 0.8; max_attempts: 1
event: task_spawn; timestamp: 0; task: 76; pos: (20, -38); earliest_start: 298; latest_start: 358; state: PENDING; required_workers: 2; success_prob: 0.8; max_attempts: 1
event: task_spawn; timestamp: 0; task: 77; pos: (-17, -47); earliest_start: 794; latest_start: 854; state: PENDING; required_workers: 3; success_prob: 0.8; max_attempts: 1
event: task_spawn; timestamp: 0; task: 78; pos: (-32, 6); earliest_start: 366; latest_start: 483; state: PENDING; required_workers: 3; success_prob: 0.8; max_attempts: 1
event: task_spawn; timestamp: 0; task: 79; pos: (-34, 18); earliest_start: 382; latest_start: 442; state: PENDING; required_workers: 3; success_prob: 0.8; max_attempts: 1
event: task_spawn; timestamp: 0; task: 80; pos: (7, -3); earliest_start: 817; latest_start: 942; state: PENDING; required_workers: 3; success_prob: 0.8; max_attempts: 1
event: task_spawn; timestamp: 0; task: 81; pos: (9, 8); earliest_start: 332; latest_start: 497; state: PENDING; required_workers: 1; success_prob: 1; max_attempts: 1
event: task_spawn; timestamp: 0; task: 82; pos: (-13, -7); earliest_start: 14; latest_start: 494; state: PENDING; required_workers: 1; success_prob: 1; max_attempts: 1
event: task_spawn; timestamp: 0; task: 83; pos: (-3, -19); earliest_start: 19; latest_start: 499; state: PENDING; required_workers: 1; success_prob: 1; max_attempts: 1
event: task_spawn; timestamp: 0; task: 84; pos: (17, -21); earliest_start: 425; latest_start: 485; state: PENDING; required_workers: 1; success_prob: 1; max_attempts: 1
event: task_spawn; timestamp: 0; task: 85; pos: (23, -27); earliest_start: 164; latest_start: 644; state: PENDING; required_workers: 1; success_prob: 1; max_attempts: 1
event: task_spawn; timestamp: 0; task: 86; pos: (-19, -26); earliest_start: 310; latest_start: 507; state: PENDING; required_workers: 1; success_prob: 1; max_attempts: 1
event: task_spawn; timestamp: 0; task: 87; pos: (-28, -26); earliest_start: 389; latest_start: 449; state: PENDING; required_workers: 1; success_prob: 1; max_attempts: 1
event: task_spawn; timestamp: 0; task: 88; pos: (-16, 8); earliest_start: 262; latest_start: 377; state: PENDING; required_workers: 1; success_prob: 1; max_attempts: 1
event: task_spawn; timestamp: 0; task: 89; pos: (27, -45); earliest_start: 611; latest_start: 897; state: PENDING; required_workers: 1; success_prob: 1; max_attempts: 1
event: task_spawn; timestamp: 0; task: 90; pos: (-3, -3); earliest_start: 311; latest_start: 526; state: PENDING; required_workers: 1; success_prob: 1; max_attempts: 1
event: task_spawn; timestamp: 0; task: 91; pos: (9, -8); earliest_start: 457; latest_start: 937; state: PENDING; required_workers: 2; success_prob: 1; max_attempts: 1
event: task_spawn; timestamp: 0; task: 92; pos: (13, -7); earliest_start: 14; latest_start: 74; state: PENDING; required_workers: 2; success_prob: 1; max_attempts: 1
event: task_spawn; timestamp: 0; task: 93; pos: (21, 2); earliest_start: 789; latest_start: 928; state: PENDING; required_workers: 2; success_prob: 1; max_attempts: 1
event: task_spawn; timestamp: 0; task: 94; pos: (17, -2); earliest_start: 212; latest_start: 692; state: PENDING; required_workers: 2; success_prob: 1; max_attempts: 1
event: task_spawn; timestamp: 0; task: 95; pos: (16, -13); earliest_start: 20; latest_start: 500; state: PENDING; required_workers: 2; success_prob: 1; max_attempts: 1
event: task_spawn; timestamp: 0; task: 96; pos: (15, 4); earliest_start: 382; latest_start: 862; state: PENDING; required_workers: 2; success_prob: 1; max_attempts: 1
event: task_spawn; timestamp: 0; task: 97; pos: (-36, -32); earliest_start: 516; latest_start: 697; state: PENDING; required_workers: 3; success_prob: 1; max_attempts: 1
event: task_spawn; timestamp: 0; task: 98; pos: (-14, 2); earliest_start: 14; latest_start: 494; state: PENDING; required_workers: 3; success_prob: 1; max_attempts: 1
event: task_spawn; timestamp: 0; task: 99; pos: (-14, -15); earliest_start: 338; latest_start: 398; state: PENDING; required_workers: 3; success_prob: 1; max_attempts: 1
event: task_spawn; timestamp: 0; task: 100; pos: (-9, 17); earliest_start: 870; latest_start: 930; state: PENDING; required_workers: 3; success_prob: 1; max_attempts: 1
event: robot_spawn; timestamp: 0; robot: 1; pos: (0, 0); state: AVAILABLE; battery_level: 1000; battery_capacity: 1000; velocity: 1; battery_rate_nav: 0
event: robot_spawn; timestamp: 0; robot: 2; pos: (0, 0); state: AVAILABLE; battery_level: 1000; battery_capacity: 1000; velocity: 1; battery_rate_nav: 0
event: robot_spawn; timestamp: 0; robot: 3; pos: (0, 0); state: AVAILABLE; battery_level: 1000; battery_capacity: 1000; velocity: 1; battery_rate_nav: 0
event: robot_spawn; timestamp: 0; robot: 4; pos: (0, 0); state: AVAILABLE; battery_level: 1000; battery_capacity: 1000; velocity: 1; battery_rate_nav: 0
event: robot_spawn; timestamp: 0; robot: 5; pos: (0, 0); state: AVAILABLE; battery_level: 1000; battery_capacity: 1000; velocity: 1; battery_rate_nav: 0
event: robot_spawn; timestamp: 0; robot: 6; pos: (0, 0); state: AVAILABLE; battery_level: 1000; battery_capacity: 1000; velocity: 1; battery_rate_nav: 0
event: robot_spawn; timestamp: 0; robot: 7; pos: (0, 0); state: AVAILABLE; battery_level: 1000; battery_capacity: 1000; velocity: 1; battery_rate_nav: 0
event: robot_spawn; timestamp: 0; robot: 8; pos: (0, 0); state: AVAILABLE; battery_level: 1000; battery_capacity: 1000; velocity: 1; battery_rate_nav: 0
event: robot_spawn; timestamp: 0; robot: 9; pos: (0, 0); state: AVAILABLE; battery_level: 1000; battery_capacity: 1000; velocity: 1; battery_rate_nav: 0
event: robot_spawn; timestamp: 0; robot: 10; pos: (0, 0); state: AVAILABLE; battery_level: 1000; battery_capacity: 1000; velocity: 1; battery_rate_nav: 0
event: battery_consumption; timestamp: 0; robot: 10; time: 52.4786; initial_level: 1000; final_level: 1000
event: navigation; timestamp: 0; robot: 10; time: 52.4786; src: (0, 0); dst: (27, -45)
event: battery_consumption; timestamp: 0; robot: 2; time: 20.6155; initial_level: 1000; final_level: 1000
event: navigation; timestamp: 0; robot: 2; time: 20.6155; src: (0, 0); dst: (5, -20)
event: battery_consumption; timestamp: 0; robot: 5; time: 39.0512; initial_level: 1000; final_level: 1000
event: navigation; timestamp: 0; robot: 5; time: 39.0512; src: (0, 0); dst: (-25, 30)
event: battery_consumption; timestamp: 0; robot: 4; time: 27.4591; initial_level: 1000; final_level: 1000
event: navigation; timestamp: 0; robot: 4; time: 27.4591; src: (0, 0); dst: (23, 15)
event: battery_consumption; timestamp: 0; robot: 3; time: 38.3275; initial_level: 1000; final_level: 1000
event: navigation; timestamp: 0; robot: 3; time: 38.3275; src: (0, 0); dst: (-38, -5)
event: battery_consumption; timestamp: 0; robot: 8; time: 45.2769; initial_level: 1000; final_level: 1000
event: navigation; timestamp: 0; robot: 8; time: 45.2769; src: (0, 0); dst: (-5, -45)
event: battery_consumption; timestamp: 0; robot: 1; time: 37.2022; initial_level: 1000; final_level: 1000
event: navigation; timestamp: 0; robot: 1; time: 37.2022; src: (0, 0); dst: (-22, 30)
event: battery_consumption; timestamp: 0; robot: 7; time: 4.24264; initial_level: 1000; final_level: 1000
event: navigation; timestamp: 0; robot: 7; time: 4.24264; src: (0, 0); dst: (-3, -3)
event: battery_consumption; timestamp: 0; robot: 9; time: 33.541; initial_level: 1000; final_level: 1000
event: navigation; timestamp: 0; robot: 9; time: 33.541; src: (0, 0); dst: (15, -30)
event: battery_consumption; timestamp: 0; robot: 6; time: 45.1774; initial_level: 1000; final_level: 1000
event: navigation; timestamp: 0; robot: 6; time: 45.1774; src: (0, 0); dst: (4, -45)
event: task_execution; timestamp: 38.3275; task: 47; robot: 3; pos: (-38, -5); time: 10.1543
event: battery_consumption; timestamp: 38.3275; robot: 3; time: 10.1543; initial_level: 1000; final_level: 989.846
event: task_resolution; timestamp: 48.4818; task: 47; pos: (-38, -5); status: COMPLETED; attempt: 1
event: battery_consumption; timestamp: 48.4818; robot: 3; time: 37.3363; initial_level: 989.846; final_level: 989.846
event: navigation; timestamp: 48.4818; robot: 3; time: 37.3363; src: (-38, -5); dst: (-25, -40)
event: task_execution; timestamp: 191; task: 64; robot: 2; pos: (5, -20); time: 11.1423
event: battery_consumption; timestamp: 191; robot: 2; time: 11.1423; initial_level: 1000; final_level: 981.058
event: task_resolution; timestamp: 202.142; task: 64; pos: (5, -20); status: FAILED; attempt: 1
event: battery_consumption; timestamp: 202.142; robot: 2; time: 26; initial_level: 981.058; final_level: 981.058
event: navigation; timestamp: 202.142; robot: 2; time: 26; src: (5, -20); dst: (15, 4)
event: task_execution; timestamp: 311; task: 90; robot: 7; pos: (-3, -3); time: 11.0326
event: battery_consumption; timestamp: 311; robot: 7; time: 11.0326; initial_level: 1000; final_level: 993.38
event: task_resolution; timestamp: 322.033; task: 90; pos: (-3, -3); status: COMPLETED; attempt: 1
event: battery_consumption; timestamp: 322.033; robot: 7; time: 33.8378; initial_level: 993.38; final_level: 993.38
event: navigation; timestamp: 322.033; robot: 7; time: 33.8378; src: (-3, -3); dst: (-22, 25)
event: task_execution; timestamp: 393; task: 6; robot: 7; pos: (-22, 25); time: 10.9238
event: battery_consumption; timestamp: 393; robot: 7; time: 10.9238; initial_level: 993.38; final_level: 971.533
event: task_resolution; timestamp: 403.924; task: 6; pos: (-22, 25); status: FAILED; attempt: 1
event: battery_consumption; timestamp: 403.924; robot: 7; time: 42.5441; initial_level: 971.533; final_level: 971.533
event: navigation; timestamp: 403.924; robot: 7; time: 42.5441; src: (-22, 25); dst: (15, 4)
event: task_execution; timestamp: 397; task: 8; robot: 5; pos: (-25, 30); time: 9.62774
event: battery_consumption; timestamp: 397; robot: 5; time: 9.62774; initial_level: 1000; final_level: 990.372
event: task_resolution; timestamp: 406.628; task: 8; pos: (-25, 30); status: FAILED; attempt: 1
event: battery_consumption; timestamp: 406.628; robot: 5; time: 50.2494; initial_level: 990.372; final_level: 990.372
event: navigation; timestamp: 406.628; robot: 5; time: 50.2494; src: (-25, 30); dst: (1, -13)
event: task_execution; timestamp: 432; task: 46; robot: 1; pos: (-22, 30); time: 8.44828
event: battery_consumption; timestamp: 432; robot: 1; time: 8.44828; initial_level: 1000; final_level: 991.552
event: task_resolution; timestamp: 440.448; task: 46; pos: (-22, 30); status: FAILED; attempt: 1
event: battery_consumption; timestamp: 440.448; robot: 1; time: 37.3363; initial_level: 991.552; final_level: 991.552
event: navigation; timestamp: 440.448; robot: 1; time: 37.3363; src: (-22, 30); dst: (15, 35)
event: task_execution; timestamp: 446.468; task: 96; robot: 2; pos: (15, 4); time: 11.8522
event: battery_consumption; timestamp: 446.468; robot: 2; time: 11.8522; initial_level: 981.058; final_level: 950.242
event: task_execution; timestamp: 446.468; task: 96; robot: 7; pos: (15, 4); time: 11.8522
event: battery_consumption; timestamp: 446.468; robot: 7; time: 11.8522; initial_level: 971.533; final_level: 940.717
event: task_resolution; timestamp: 458.32; task: 96; pos: (15, 4); status: COMPLETED; attempt: 1
event: battery_consumption; timestamp: 458.32; robot: 7; time: 70.0071; initial_level: 940.717; final_level: 940.717
event: navigation; timestamp: 458.32; robot: 7; time: 70.0071; src: (15, 4); dst: (-35, -45)
event: battery_consumption; timestamp: 458.32; robot: 2; time: 29.7321; initial_level: 950.242; final_level: 950.242
event: navigation; timestamp: 458.32; robot: 2; time: 29.7321; src: (15, 4); dst: (25, 32)
event: battery_consumption; timestamp: 483; robot: 6; time: 42.107; initial_level: 1000; final_level: 1000
event: navigation; timestamp: 483; robot: 6; time: 42.107; src: (4, -45); dst: (7, -3)
event: battery_consumption; timestamp: 498; robot: 9; time: 73.8241; initial_level: 1000; final_level: 1000
event: navigation; timestamp: 498; robot: 9; time: 73.8241; src: (15, -30); dst: (-20, 35)
event: battery_consumption; timestamp: 507; robot: 4; time: 32.0624; initial_level: 1000; final_level: 1000
event: navigation; timestamp: 507; robot: 4; time: 32.0624; src: (23, 15); dst: (-9, 17)
event: battery_consumption; timestamp: 537; robot: 7; time: 97.6166; initial_level: 940.717; final_level: 940.717
event: navigation; timestamp: 537; robot: 7; time: 97.6166; src: (-35, -45); dst: (25, 32)
event: task_execution; timestamp: 531; task: 43; robot: 1; pos: (15, 35); time: 9.27249
event: battery_consumption; timestamp: 531; robot: 1; time: 9.27249; initial_level: 991.552; final_level: 973.007
event: task_resolution; timestamp: 540.272; task: 43; pos: (15, 35); status: COMPLETED; attempt: 1
event: battery_consumption; timestamp: 540.272; robot: 1; time: 43.4166; initial_level: 973.007; final_level: 973.007
event: navigation; timestamp: 540.272; robot: 1; time: 43.4166; src: (15, 35); dst: (9, -8)
event: task_execution; timestamp: 570; task: 66; robot: 5; pos: (1, -13); time: 9.78165
event: battery_consumption; timestamp: 570; robot: 5; time: 9.78165; initial_level: 990.372; final_level: 974.722
event: task_resolution; timestamp: 579.782; task: 66; pos: (1, -13); status: FAILED; attempt: 1
event: battery_consumption; timestamp: 579.782; robot: 5; time: 51.6236; initial_level: 974.722; final_level: 974.722
event: navigation; timestamp: 579.782; robot: 5; time: 51.6236; src: (1, -13); dst: (-18, 35)
event: task_execution; timestamp: 571.824; task: 5; robot: 9; pos: (-20, 35); time: 10.0918
event: battery_consumption; timestamp: 571.824; robot: 9; time: 10.0918; initial_level: 1000; final_level: 979.816
event: task_resolution; timestamp: 581.916; task: 5; pos: (-20, 35); status: FAILED; attempt: 1
event: battery_consumption; timestamp: 581.916; robot: 9; time: 52.2015; initial_level: 979.816; final_level: 979.816
event: navigation; timestamp: 581.916; robot: 9; time: 52.2015; src: (-20, 35); dst: (-35, -15)
event: task_execution; timestamp: 611; task: 89; robot: 10; pos: (27, -45); time: 9.40431
event: battery_consumption; timestamp: 611; robot: 10; time: 9.40431; initial_level: 1000; final_level: 976.489
event: task_resolution; timestamp: 620.404; task: 89; pos: (27, -45); status: COMPLETED; attempt: 1
event: battery_consumption; timestamp: 620.404; robot: 10; time: 46.5188; initial_level: 976.489; final_level: 976.489
event: navigation; timestamp: 620.404; robot: 10; time: 46.5188; src: (27, -45); dst: (7, -3)
event: task_execution; timestamp: 631.405; task: 3; robot: 5; pos: (-18, 35); time: 9.71458
event: battery_consumption; timestamp: 631.405; robot: 5; time: 9.71458; initial_level: 974.722; final_level: 965.007
event: task_resolution; timestamp: 641.12; task: 3; pos: (-18, 35); status: FAILED; attempt: 1
event: battery_consumption; timestamp: 641.12; robot: 5; time: 82.0061; initial_level: 965.007; final_level: 965.007
event: navigation; timestamp: 641.12; robot: 5; time: 82.0061; src: (-18, 35); dst: (-17, -47)
event: battery_consumption; timestamp: 743; robot: 9; time: 67; initial_level: 979.816; final_level: 979.816
event: navigation; timestamp: 743; robot: 9; time: 67; src: (-35, -15); dst: (32, -15)
event: task_execution; timestamp: 810; task: 50; robot: 9; pos: (32, -15); time: 9.81971
event: battery_consumption; timestamp: 810; robot: 9; time: 9.81971; initial_level: 979.816; final_level: 950.357
event: task_resolution; timestamp: 819.82; task: 50; pos: (32, -15); status: FAILED; attempt: 1
event: battery_consumption; timestamp: 819.82; robot: 9; time: 24.0416; initial_level: 950.357; final_level: 950.357
event: navigation; timestamp: 819.82; robot: 9; time: 24.0416; src: (32, -15); dst: (9, -8)
event: task_execution; timestamp: 821; task: 25; robot: 8; pos: (-5, -45); time: 11.1489
event: battery_consumption; timestamp: 821; robot: 8; time: 11.1489; initial_level: 1000; final_level: 977.702
event: task_resolution; timestamp: 832.149; task: 25; pos: (-5, -45); status: FAILED; attempt: 1
event: battery_consumption; timestamp: 832.149; robot: 8; time: 7; initial_level: 977.702; final_level: 977.702
event: navigation; timestamp: 832.149; robot: 8; time: 7; src: (-5, -45); dst: (2, -45)
event: task_execution; timestamp: 839.149; task: 48; robot: 8; pos: (2, -45); time: 10.0858
event: battery_consumption; timestamp: 839.149; robot: 8; time: 10.0858; initial_level: 977.702; final_level: 967.616
event: task_resolution; timestamp: 849.235; task: 48; pos: (2, -45); status: COMPLETED; attempt: 1
event: battery_consumption; timestamp: 849.235; robot: 8; time: 81.7863; initial_level: 967.616; final_level: 967.616
event: navigation; timestamp: 849.235; robot: 8; time: 81.7863; src: (2, -45); dst: (-15, 35)
event: battery_consumption; timestamp: 854; robot: 5; time: 57.5587; initial_level: 965.007; final_level: 965.007
event: navigation; timestamp: 854; robot: 5; time: 57.5587; src: (-17, -47); dst: (-25, 10)
event: task_execution; timestamp: 843.861; task: 91; robot: 1; pos: (9, -8); time: 11.2258
event: battery_consumption; timestamp: 843.861; robot: 1; time: 11.2258; initial_level: 973.007; final_level: 958.413
event: task_execution; timestamp: 843.861; task: 91; robot: 9; pos: (9, -8); time: 11.2258
event: battery_consumption; timestamp: 843.861; robot: 9; time: 11.2258; initial_level: 950.357; final_level: 935.764
event: task_resolution; timestamp: 855.087; task: 91; pos: (9, -8); status: COMPLETED; attempt: 1
event: battery_consumption; timestamp: 855.087; robot: 1; time: 46.6905; initial_level: 958.413; final_level: 958.413
event: navigation; timestamp: 855.087; robot: 1; time: 46.6905; src: (9, -8); dst: (-25, -40)
event: battery_consumption; timestamp: 855.087; robot: 9; time: 15.6205; initial_level: 935.764; final_level: 935.764
event: navigation; timestamp: 855.087; robot: 9; time: 15.6205; src: (9, -8); dst: (21, 2)
event: battery_consumption; timestamp: 857; robot: 7; time: 39.3573; initial_level: 940.717; final_level: 940.717
event: navigation; timestamp: 857; robot: 7; time: 39.3573; src: (25, 32); dst: (7, -3)
event: battery_consumption; timestamp: 857; robot: 2; time: 87.6584; initial_level: 950.242; final_level: 950.242
event: navigation; timestamp: 857; robot: 2; time: 87.6584; src: (25, 32); dst: (-25, -40)
event: battery_consumption; timestamp: 884; robot: 5; time: 17.4642; initial_level: 965.007; final_level: 965.007
event: navigation; timestamp: 884; robot: 5; time: 17.4642; src: (-25, 10); dst: (-9, 17)
event: task_execution; timestamp: 896.357; task: 80; robot: 6; pos: (7, -3); time: 10.0118
event: battery_consumption; timestamp: 896.357; robot: 6; time: 10.0118; initial_level: 1000; final_level: 986.985
event: task_execution; timestamp: 896.357; task: 80; robot: 7; pos: (7, -3); time: 10.0118
event: battery_consumption; timestamp: 896.357; robot: 7; time: 10.0118; initial_level: 940.717; final_level: 927.702
event: task_execution; timestamp: 896.357; task: 80; robot: 10; pos: (7, -3); time: 10.0118
event: battery_consumption; timestamp: 896.357; robot: 10; time: 10.0118; initial_level: 976.489; final_level: 963.474
event: task_resolution; timestamp: 906.369; task: 80; pos: (7, -3); status: COMPLETED; attempt: 1
event: battery_consumption; timestamp: 906.369; robot: 10; time: 25.6125; initial_level: 963.474; final_level: 963.474
event: navigation; timestamp: 906.369; robot: 10; time: 25.6125; src: (7, -3); dst: (-9, 17)
event: battery_consumption; timestamp: 906.369; robot: 7; time: 14.8661; initial_level: 927.702; final_level: 927.702
event: navigation; timestamp: 906.369; robot: 7; time: 14.8661; src: (7, -3); dst: (21, 2)
event: battery_consumption; timestamp: 906.369; robot: 6; time: 25.0599; initial_level: 986.985; final_level: 986.985
event: navigation; timestamp: 906.369; robot: 6; time: 25.0599; src: (7, -3); dst: (-5, 19)
event: battery_consumption; timestamp: 928; robot: 7; time: 21.095; initial_level: 927.702; final_level: 927.702
event: navigation; timestamp: 928; robot: 7; time: 21.095; src: (21, 2); dst: (0, 0)
event: robot_finished; timestamp: 949.095; robot: 7; pos: (0, 0); battery: 927.702
event: battery_consumption; timestamp: 928; robot: 9; time: 21.095; initial_level: 935.764; final_level: 935.764
event: navigation; timestamp: 928; robot: 9; time: 21.095; src: (21, 2); dst: (0, 0)
event: robot_finished; timestamp: 949.095; robot: 9; pos: (0, 0); battery: 935.764
event: task_resolution; timestamp: 931.368; task: 93; pos: (21, 2); status: COMPLETED; attempt: 1
event: task_execution; timestamp: 931.429; task: 70; robot: 6; pos: (-5, 19); time: 8.9491
event: battery_consumption; timestamp: 931.429; robot: 6; time: 8.9491; initial_level: 986.985; final_level: 966.402
event: task_resolution; timestamp: 940.378; task: 70; pos: (-5, 19); status: COMPLETED; attempt: 1
event: battery_consumption; timestamp: 940.378; robot: 6; time: 19.6469; initial_level: 966.402; final_level: 966.402
event: navigation; timestamp: 940.378; robot: 6; time: 19.6469; src: (-5, 19); dst: (0, 0)
event: robot_finished; timestamp: 960.025; robot: 6; pos: (0, 0); battery: 966.402
event: task_execution; timestamp: 931.021; task: 1; robot: 8; pos: (-15, 35); time: 11.0434
event: battery_consumption; timestamp: 931.021; robot: 8; time: 11.0434; initial_level: 967.616; final_level: 945.53
event: task_resolution; timestamp: 942.064; task: 1; pos: (-15, 35); status: FAILED; attempt: 1
event: battery_consumption; timestamp: 942.064; robot: 8; time: 38.0789; initial_level: 945.53; final_level: 945.53
event: navigation; timestamp: 942.064; robot: 8; time: 38.0789; src: (-15, 35); dst: (0, 0)
event: robot_finished; timestamp: 980.143; robot: 8; pos: (0, 0); battery: 945.53
event: task_execution; timestamp: 931.982; task: 100; robot: 4; pos: (-9, 17); time: 10.3307
event: battery_consumption; timestamp: 931.982; robot: 4; time: 10.3307; initial_level: 1000; final_level: 996.901
event: task_execution; timestamp: 931.982; task: 100; robot: 5; pos: (-9, 17); time: 10.3307
event: battery_consumption; timestamp: 931.982; robot: 5; time: 10.3307; initial_level: 965.007; final_level: 961.908
event: task_execution; timestamp: 931.982; task: 100; robot: 10; pos: (-9, 17); time: 10.3307
event: battery_consumption; timestamp: 931.982; robot: 10; time: 10.3307; initial_level: 963.474; final_level: 960.375
event: task_resolution; timestamp: 942.312; task: 100; pos: (-9, 17); status: COMPLETED; attempt: 1
event: battery_consumption; timestamp: 942.312; robot: 4; time: 19.2354; initial_level: 996.901; final_level: 996.901
event: navigation; timestamp: 942.312; robot: 4; time: 19.2354; src: (-9, 17); dst: (0, 0)
event: robot_finished; timestamp: 961.548; robot: 4; pos: (0, 0); battery: 996.901
event: battery_consumption; timestamp: 942.312; robot: 10; time: 19.2354; initial_level: 960.375; final_level: 960.375
event: navigation; timestamp: 942.312; robot: 10; time: 19.2354; src: (-9, 17); dst: (0, 0)
event: robot_finished; timestamp: 961.548; robot: 10; pos: (0, 0); battery: 960.375
event: battery_consumption; timestamp: 942.312; robot: 5; time: 19.2354; initial_level: 961.908; final_level: 961.908
event: navigation; timestamp: 942.312; robot: 5; time: 19.2354; src: (-9, 17); dst: (0, 0)
event: robot_finished; timestamp: 961.548; robot: 5; pos: (0, 0); battery: 961.908
event: task_execution; timestamp: 944.658; task: 58; robot: 1; pos: (-25, -40); time: 9.35918
event: battery_consumption; timestamp: 944.658; robot: 1; time: 9.35918; initial_level: 958.413; final_level: 939.695
event: task_execution; timestamp: 944.658; task: 58; robot: 2; pos: (-25, -40); time: 9.35918
event: battery_consumption; timestamp: 944.658; robot: 2; time: 9.35918; initial_level: 950.242; final_level: 931.524
event: task_execution; timestamp: 944.658; task: 58; robot: 3; pos: (-25, -40); time: 9.35918
event: battery_consumption; timestamp: 944.658; robot: 3; time: 9.35918; initial_level: 989.846; final_level: 971.127
event: task_resolution; timestamp: 954.018; task: 58; pos: (-25, -40); status: FAILED; attempt: 1
event: battery_consumption; timestamp: 954.018; robot: 2; time: 47.1699; initial_level: 931.524; final_level: 931.524
event: navigation; timestamp: 954.018; robot: 2; time: 47.1699; src: (-25, -40); dst: (0, 0)
event: robot_finished; timestamp: 1001.19; robot: 2; pos: (0, 0); battery: 931.524
event: battery_consumption; timestamp: 954.018; robot: 1; time: 47.1699; initial_level: 939.695; final_level: 939.695
event: navigation; timestamp: 954.018; robot: 1; time: 47.1699; src: (-25, -40); dst: (0, 0)
event: robot_finished; timestamp: 1001.19; robot: 1; pos: (0, 0); battery: 939.695
event: battery_consumption; timestamp: 954.018; robot: 3; time: 47.1699; initial_level: 971.127; final_level: 971.127
event: navigation; timestamp: 954.018; robot: 3; time: 47.1699; src: (-25, -40); dst: (0, 0)
event: robot_finished; timestamp: 1001.19; robot: 3; pos: (0, 0); battery: 971.127
metric: available_agents; value: 0
metric: failed_agents; value: 0
metric: finished_agents; value: 10
metric: completed_tasks; value: 11
metric: pending_tasks; value: 0
metric: failed_tasks; value: 89
metric: average_robot_makespan; value: 972.656
metric: sd_robot_makespan; value: 21.4428
metric: max_robot_makespan; value: 1001.19
metric: min_robot_makespan; value: 949.095
metric: average_robot_travel_distance; value: 200.064
metric: sd_robot_travel_distance; value: 85.7004
metric: max_robot_travel_distance; value: 323.567
metric: min_robot_travel_distance; value: 78.7569
metric: sum_robot_travel_distance; value: 2000.64
metric: average_completed_tasks_by_robot; value: 0
metric: sd_completed_tasks_by_robot; value: 0
metric: max_completed_tasks_by_robot; value: 0
metric: min_completed_tasks_by_robot; value: 0
metric: final_reward; value: 0.11
metric: computing_time; value: 0.00290831
