info: solver_name; value: greedy
info: reward_function; value: reward00
info: replica; value: 1
info: filename; value: ../logs/prueba/rc203_10r_100t_b0f5abc8_greedy_reward00_001.log
info: scenario_name; value: rc203_10r_100t_b0f5abc8
info: scenario_name; value: rc203_10r_100t_b0f5abc8
info: number_of_tasks; value: 100
info: number_of_robots; value: 10
info: number_of_recharging_stations; value: 1
info: scenario_size; value: (132,132)
event: recharging_station_spawn; timestamp: 0; recharging_station: 1; pos: (0, 0)
event: task_spawn; timestamp: 0; task: 1; pos: (-15, 35); earliest_start: 0; latest_start: 911; state: PENDING; required_workers: 1; success_prob: 0.2; max_attempts: 1
event: task_spawn; timestamp: 0; task: 2; pos: (-18, 25); earliest_start: 0; latest_start: 919; state: PENDING; required_workers: 1; success_prob: 0.2; max_attempts: 1
event: task_spawn; timestamp: 0; task: 3; pos: (-18, 35); earliest_start: 0; latest_start: 910; state: PENDING; required_workers: 1; success_prob: 0.2; max_attempts: 1
event: task_spawn; timestamp: 0; task: 4; pos: (-20, 30); earliest_start: 644; latest_start: 764; state: PENDING; required_workers: 1; success_prob: 0.2; max_attempts: 1
event: task_spawn; timestamp: 0; task: 5; pos: (-20, 35); earliest_start: 0; latest_start: 909; state: PENDING; required_workers: 1; success_prob: 0.2; max_attempts: 1
event: task_spawn; timestamp: 0; task: 6; pos: (-22, 25); earliest_start: 388; latest_start: 508; state: PENDING; required_workers: 1; success_prob: 0.2; max_attempts: 1
event: task_spawn; timestamp: 0; task: 7; pos: (-25, 25); earliest_start: 0; latest_start: 914; state: PENDING; required_workers: 1; success_prob: 0.2; max_attempts: 1
event: task_spawn; timestamp: 0; task: 8; pos: (-25, 30); earliest_start: 367; latest_start: 487; state: PENDING; required_workers: 1; success_prob: 0.2; max_attempts: 1
event: task_spawn; timestamp: 0; task: 9; pos: (-30, -15); earliest_start: 371; latest_start: 491; state: PENDING; required_workers: 1; success_prob: 0.2; max_attempts: 1
event: task_spawn; timestamp: 0; task: 10; pos: (-30, -10); earliest_start: 519; latest_start: 639; state: PENDING; required_workers: 1; success_prob: 0.2; max_attempts: 1
event: task_spawn; timestamp: 0; task: 11; pos: (-32, -10); earliest_start: 195; latest_start: 315; state: PENDING; required_workers: 2; success_prob: 0.2; max_attempts: 1
event: task_spawn; timestamp: 0; task: 12; pos: (-32, -5); earliest_start: 0; latest_start: 917; state: PENDING; required_workers: 2; success_prob: 0.2; max_attempts: 1
event: task_spawn; timestamp: 0; task: 13; pos: (-35, -15); earliest_start: 653; latest_start: 773; state: PENDING; required_workers: 2; success_prob: 0.2; max_attempts: 1
event: task_spawn; timestamp: 0; task: 14; pos: (-35, -5); earliest_start: 0; latest_start: 914; state: PENDING; required_workers: 2; success_prob: 0.2; max_attempts: 1
event: task_spawn; timestamp: 0; task: 15; pos: (-38, -10); earliest_start: 174; latest_start: 294; state: PENDING; required_workers: 2; success_prob: 0.2; max_attempts: 1
event: task_spawn; timestamp: 0; task: 16; pos: (-40, -10); earliest_start: 0; latest_start: 908; state: PENDING; required_workers: 2; success_prob: 0.2; max_attempts: 1
event: task_spawn; timestamp: 0; task: 17; pos: (-40, -5); earliest_start: 703; latest_start: 823; state: PENDING; required_workers: 3; success_prob: 0.2; max_attempts: 1
event: task_spawn; timestamp: 0; task: 18; pos: (4, -45); earliest_start: 0; latest_start: 904; state: PENDING; required_workers: 3; success_prob: 0.2; max_attempts: 1
event: task_spawn; timestamp: 0; task: 19; pos: (2, -40); earliest_start: 0; latest_start: 909; state: PENDING; required_workers: 3; success_prob: 0.2; max_attempts: 1
event: task_spawn; timestamp: 0; task: 20; pos: (2, -35); earliest_start: 0; latest_start: 914; state: PENDING; required_workers: 3; success_prob: 0.2; max_attempts: 1
event: task_spawn; timestamp: 0; task: 21; pos: (0, -45); earliest_start: 0; latest_start: 905; state: PENDING; required_workers: 1; success_prob: 0.4; max_attempts: 1
event: task_spawn; timestamp: 0; task: 22; pos: (0, -35); earliest_start: 375; latest_start: 495; state: PENDING; required_workers: 1; success_prob: 0.4; max_attempts: 1
event: task_spawn; timestamp: 0; task: 23; pos: (-2, -45); earliest_start: 201; latest_start: 321; state: PENDING; required_workers: 1; success_prob: 0.4; max_attempts: 1
event: task_spawn; timestamp: 0; task: 24; pos: (-2, -35); earliest_start: 0; latest_start: 914; state: PENDING; required_workers: 1; success_prob: 0.4; max_attempts: 1
event: task_spawn; timestamp: 0; task: 25; pos: (-5, -45); earliest_start: 784; latest_start: 904; state: PENDING; required_workers: 1; success_prob: 0.4; max_attempts: 1
event: task_spawn; timestamp: 0; task: 26; pos: (55, -20); earliest_start: 0; latest_start: 891; state: PENDING; required_workers: 1; success_prob: 0.4; max_attempts: 1
event: task_spawn; timestamp: 0; task: 27; pos: (55, -15); earliest_start: 146; latest_start: 266; state: PENDING; required_workers: 1; success_prob: 0.4; max_attempts: 1
event: task_spawn; timestamp: 0; task: 28; pos: (52, -20); earliest_start: 0; latest_start: 894; state: PENDING; required_workers: 1; success_prob: 0.4; max_attempts: 1
event: task_spawn; timestamp: 0; task: 29; pos: (50, -15); earliest_start: 0; latest_start: 897; state: PENDING; required_workers: 1; success_prob: 0.4; max_attempts: 1
event: task_spawn; timestamp: 0; task: 30; pos: (48, -20); earliest_start: 246; latest_start: 366; state: PENDING; required_workers: 1; success_prob: 0.4; max_attempts: 1
event: task_spawn; timestamp: 0; task: 31; pos: (48, -15); earliest_start: 0; latest_start: 899; state: PENDING; required_workers: 2; success_prob: 0.4; max_attempts: 1
event: task_spawn; timestamp: 0; task: 32; pos: (47, -20); earliest_start: 0; latest_start: 898; state: PENDING; required_workers: 2; success_prob: 0.4; max_attempts: 1
event: task_spawn; timestamp: 0; task: 33; pos: (45, -25); earliest_start: 80; latest_start: 200; state: PENDING; required_workers: 2; success_prob: 0.4; max_attempts: 1
event: task_spawn; timestamp: 0; task: 34; pos: (45, -15); earliest_start: 0; latest_start: 902; state: PENDING; required_workers: 2; success_prob: 0.4; max_attempts: 1
event: task_spawn; timestamp: 0; task: 35; pos: (27, 35); earliest_start: 657; latest_start: 777; state: PENDING; required_workers: 2; success_prob: 0.4; max_attempts: 1
event: task_spawn; timestamp: 0; task: 36; pos: (25, 35); earliest_start: 43; latest_start: 163; state: PENDING; required_workers: 2; success_prob: 0.4; max_attempts: 1
event: task_spawn; timestamp: 0; task: 37; pos: (25, 32); earliest_start: 0; latest_start: 909; state: PENDING; required_workers: 3; success_prob: 0.4; max_attempts: 1
event: task_spawn; timestamp: 0; task: 38; pos: (22, 30); earliest_start: 278; latest_start: 398; state: PENDING; required_workers: 3; success_prob: 0.4; max_attempts: 1
event: task_spawn; timestamp: 0; task: 39; pos: (20, 30); earliest_start: 64; latest_start: 184; state: PENDING; required_workers: 3; success_prob: 0.4; max_attempts: 1
event: task_spawn; timestamp: 0; task: 40; pos: (20, 35); earliest_start: 329; latest_start: 449; state: PENDING; required_workers: 3; success_prob: 0.4; max_attempts: 1
event: task_spawn; timestamp: 0; task: 41; pos: (18, 25); earliest_start: 376; latest_start: 496; state: PENDING; required_workers: 1; success_prob: 0.6; max_attempts: 1
event: task_spawn; timestamp: 0; task: 42; pos: (15, 30); earliest_start: 33; latest_start: 153; state: PENDING; required_workers: 1; success_prob: 0.6; max_attempts: 1
event: task_spawn; timestamp: 0; task: 43; pos: (15, 35); earliest_start: 0; latest_start: 911; state: PENDING; required_workers: 1; success_prob: 0.6; max_attempts: 1
event: task_spawn; timestamp: 0; task: 44; pos: (15, 32); earliest_start: 217; latest_start: 337; state: PENDING; required_workers: 1; success_prob: 0.6; max_attempts: 1
event: task_spawn; timestamp: 0; task: 45; pos: (-20, 32); earliest_start: 37; latest_start: 157; state: PENDING; required_workers: 1; success_prob: 0.6; max_attempts: 1
event: task_spawn; timestamp: 0; task: 46; pos: (-22, 30); earliest_start: 0; latest_start: 912; state: PENDING; required_workers: 1; success_prob: 0.6; max_attempts: 1
event: task_spawn; timestamp: 0; task: 47; pos: (-38, -5); earliest_start: 0; latest_start: 911; state: PENDING; required_workers: 1; success_prob: 0.6; max_attempts: 1
event: task_spawn; timestamp: 0; task: 48; pos: (2, -45); earliest_start: 0; latest_start: 904; state: PENDING; required_workers: 1; success_prob: 0.6; max_attempts: 1
event: task_spawn; timestamp: 0; task: 49; pos: (2, -38); earliest_start: 440; latest_start: 560; state: PENDING; required_workers: 1; success_prob: 0.6; max_attempts: 1
event: task_spawn; timestamp: 0; task: 50; pos: (32, -15); earliest_start: 0; latest_start: 914; state: PENDING; required_workers: 1; success_prob: 0.6; max_attempts: 1
event: task_spawn; timestamp: 0; task: 51; pos: (15, -30); earliest_start: 0; latest_start: 916; state: PENDING; required_workers: 2; success_prob: 0.6; max_attempts: 1
event: task_spawn; timestamp: 0; task: 52; pos: (-15, -20); earliest_start: 0; latest_start: 925; state: PENDING; required_workers: 2; success_prob: 0.6; max_attempts: 1
event: task_spawn; timestamp: 0; task: 53; pos: (-20, 0); earliest_start: 375; latest_start: 495; state: PENDING; required_workers: 2; success_prob: 0.6; max_attempts: 1
event: task_spawn; timestamp: 0; task: 54; pos: (15, 10); earliest_start: 0; latest_start: 931; state: PENDING; required_workers: 2; success_prob: 0.6; max_attempts: 1
event: task_spawn; timestamp: 0; task: 55; pos: (-10, 10); earliest_start: 599; latest_start: 719; state: PENDING; required_workers: 2; success_prob: 0.6; max_attempts: 1
event: task_spawn; timestamp: 0; task: 56; pos: (10, -15); earliest_start: 557; latest_start: 677; state: PENDING; required_workers: 2; success_prob: 0.6; max_attempts: 1
event: task_spawn; timestamp: 0; task: 57; pos: (-10, -25); earliest_start: 0; latest_start: 923; state: PENDING; required_workers: 3; success_prob: 0.6; max_attempts: 1
event: task_spawn; timestamp: 0; task: 58; pos: (-25, -40); earliest_start: 782; latest_start: 902; state: PENDING; required_workers: 3; success_prob: 0.6; max_attempts: 1
event: task_spawn; timestamp: 0; task: 59; pos: (-30, -30); earliest_start: 0; latest_start: 907; state: PENDING; required_workers: 3; success_prob: 0.6; max_attempts: 1
event: task_spawn; timestamp: 0; task: 60; pos: (-25, 10); earliest_start: 0; latest_start: 923; state: PENDING; required_workers: 3; success_prob: 0.6; max_attempts: 1
event: task_spawn; timestamp: 0; task: 61; pos: (5, 15); earliest_start: 0; latest_start: 934; state: PENDING; required_workers: 1; success_prob: 0.8; max_attempts: 1
event: task_spawn; timestamp: 0; task: 62; pos: (25, -15); earliest_start: 167; latest_start: 287; state: PENDING; required_workers: 1; success_prob: 0.8; max_attempts: 1
event: task_spawn; timestamp: 0; task: 63; pos: (25, -30); earliest_start: 0; latest_start: 910; state: PENDING; required_workers: 1; success_prob: 0.8; max_attempts: 1
event: task_spawn; timestamp: 0; task: 64; pos: (5, -20); earliest_start: 191; latest_start: 311; state: PENDING; required_workers: 1; success_prob: 0.8; max_attempts: 1
event: task_spawn; timestamp: 0; task: 65; pos: (-5, -10); earliest_start: 11; latest_start: 131; state: PENDING; required_workers: 1; success_prob: 0.8; max_attempts: 1
event: task_spawn; timestamp: 0; task: 66; pos: (1, -13); earliest_start: 566; latest_start: 686; state: PENDING; required_workers: 1; success_prob: 0.8; max_attempts: 1
event: task_spawn; timestamp: 0; task: 67; pos: (24, -8); earliest_start: 268; latest_start: 388; state: PENDING; required_workers: 1; success_prob: 0.8; max_attempts: 1
event: task_spawn; timestamp: 0; task: 68; pos: (0, 10); earliest_start: 612; latest_start: 732; state: PENDING; required_workers: 1; success_prob: 0.8; max_attempts: 1
event: task_spawn; timestamp: 0; task: 69; pos: (-9, 2); earliest_start: 157; latest_start: 277; state: PENDING; required_workers: 1; success_prob: 0.8; max_attempts: 1
event: task_spawn; timestamp: 0; task: 70; pos: (-5, 19); earliest_start: 810; latest_start: 930; state: PENDING; required_workers: 1; success_prob: 0.8; max_attempts: 1
event: task_spawn; timestamp: 0; task: 71; pos: (25, 5); earliest_start: 0; latest_start: 924; state: PENDING; required_workers: 2; success_prob: 0.8; max_attempts: 1
event: task_spawn; timestamp: 0; task: 72; pos: (23, 15); earliest_start: 0; latest_start: 922; state: PENDING; required_workers: 2; success_prob: 0.8; max_attempts: 1
event: task_spawn; timestamp: 0; task: 73; pos: (-38, 10); earliest_start: 0; latest_start: 910; state: PENDING; required_workers: 2; success_prob: 0.8; max_attempts: 1
event: task_spawn; timestamp: 0; task: 74; pos: (-20, -30); earliest_start: 645; latest_start: 765; state: PENDING; required_workers: 2; success_prob: 0.8; max_attempts: 1
event: task_spawn; timestamp: 0; task: 75; pos: (-35, -45); earliest_start: 0; latest_start: 892; state: PENDING; required_workers: 2; success_prob: 0.8; max_attempts: 1
event: task_spawn; timestamp: 0; task: 76; pos: (20, -38); earliest_start: 268; latest_start: 388; state: PENDING; required_workers: 2; success_prob: 0.8; max_attempts: 1
event: task_spawn; timestamp: 0; task: 77; pos: (-17, -47); earliest_start: 764; latest_start: 884; state: PENDING; required_workers: 3; success_prob: 0.8; max_attempts: 1
event: task_spawn; timestamp: 0; task: 78; pos: (-32, 6); earliest_start: 365; latest_start: 485; state: PENDING; required_workers: 3; success_prob: 0.8; max_attempts: 1
event: task_spawn; timestamp: 0; task: 79; pos: (-34, 18); earliest_start: 352; latest_start: 472; state: PENDING; required_workers: 3; success_prob: 0.8; max_attempts: 1
event: task_spawn; timestamp: 0; task: 80; pos: (7, -3); earliest_start: 822; latest_start: 942; state: PENDING; required_workers: 3; success_prob: 0.8; max_attempts: 1
event: task_spawn; timestamp: 0; task: 81; pos: (9, 8); earliest_start: 0; latest_start: 937; state: PENDING; required_workers: 1; success_prob: 1; max_attempts: 1
event: task_spawn; timestamp: 0; task: 82; pos: (-13, -7); earliest_start: 0; latest_start: 935; state: PENDING; required_workers: 1; success_prob: 1; max_attempts: 1
event: task_spawn; timestamp: 0; task: 83; pos: (-3, -19); earliest_start: 0; latest_start: 930; state: PENDING; required_workers: 1; success_prob: 1; max_attempts: 1
event: task_spawn; timestamp: 0; task: 84; pos: (17, -21); earliest_start: 395; latest_start: 515; state: PENDING; required_workers: 1; success_prob: 1; max_attempts: 1
event: task_spawn; timestamp: 0; task: 85; pos: (23, -27); earliest_start: 0; latest_start: 914; state: PENDING; required_workers: 1; success_prob: 1; max_attempts: 1
event: task_spawn; timestamp: 0; task: 86; pos: (-19, -26); earliest_start: 0; latest_start: 917; state: PENDING; required_workers: 1; success_prob: 1; max_attempts: 1
event: task_spawn; timestamp: 0; task: 87; pos: (-28, -26); earliest_start: 359; latest_start: 479; state: PENDING; required_workers: 1; success_prob: 1; max_attempts: 1
event: task_spawn; timestamp: 0; task: 88; pos: (-16, 8); earliest_start: 260; latest_start: 380; state: PENDING; required_workers: 1; success_prob: 1; max_attempts: 1
event: task_spawn; timestamp: 0; task: 89; pos: (27, -45); earliest_start: 0; latest_start: 897; state: PENDING; required_workers: 1; success_prob: 1; max_attempts: 1
event: task_spawn; timestamp: 0; task: 90; pos: (-3, -3); earliest_start: 0; latest_start: 945; state: PENDING; required_workers: 1; success_prob: 1; max_attempts: 1
event: task_spawn; timestamp: 0; task: 91; pos: (9, -8); earliest_start: 0; latest_start: 937; state: PENDING; required_workers: 2; success_prob: 1; max_attempts: 1
event: task_spawn; timestamp: 0; task: 92; pos: (13, -7); earliest_start: 14; latest_start: 134; state: PENDING; required_workers: 2; success_prob: 1; max_attempts: 1
event: task_spawn; timestamp: 0; task: 93; pos: (21, 2); earliest_start: 808; latest_start: 928; state: PENDING; required_workers: 2; success_prob: 1; max_attempts: 1
event: task_spawn; timestamp: 0; task: 94; pos: (17, -2); earliest_start: 0; latest_start: 932; state: PENDING; required_workers: 2; success_prob: 1; max_attempts: 1
event: task_spawn; timestamp: 0; task: 95; pos: (16, -13); earliest_start: 0; latest_start: 929; state: PENDING; required_workers: 2; success_prob: 1; max_attempts: 1
event: task_spawn; timestamp: 0; task: 96; pos: (15, 4); earliest_start: 0; latest_start: 934; state: PENDING; required_workers: 2; success_prob: 1; max_attempts: 1
event: task_spawn; timestamp: 0; task: 97; pos: (-36, -32); earliest_start: 0; latest_start: 901; state: PENDING; required_workers: 3; success_prob: 1; max_attempts: 1
event: task_spawn; timestamp: 0; task: 98; pos: (-14, 2); earliest_start: 0; latest_start: 935; state: PENDING; required_workers: 3; success_prob: 1; max_attempts: 1
event: task_spawn; timestamp: 0; task: 99; pos: (-14, -15); earliest_start: 308; latest_start: 428; state: PENDING; required_workers: 3; success_prob: 1; max_attempts: 1
event: task_spawn; timestamp: 0; task: 100; pos: (-9, 17); earliest_start: 810; latest_start: 930; state: PENDING; required_workers: 3; success_prob: 1; max_attempts: 1
event: robot_spawn; timestamp: 0; robot: 1; pos: (0, 0); state: AVAILABLE; battery_level: 1000; battery_capacity: 1000; velocity: 1; battery_rate_nav: 0
event: robot_spawn; timestamp: 0; robot: 2; pos: (0, 0); state: AVAILABLE; battery_level: 1000; battery_capacity: 1000; velocity: 1; battery_rate_nav: 0
event: robot_spawn; timestamp: 0; robot: 3; pos: (0, 0); state: AVAILABLE; battery_level: 1000; battery_capacity: 1000; velocity: 1; battery_rate_nav: 0
event: robot_spawn; timestamp: 0; robot: 4; pos: (0, 0); state: AVAILABLE; battery_level: 1000; battery_capacity: 1000; velocity: 1; battery_rate_nav: 0
event: robot_spawn; timestamp: 0; robot: 5; pos: (0, 0); state: AVAILABLE; battery_level: 1000; battery_capacity: 1000; velocity: 1; battery_rate_nav: 0
event: robot_spawn; timestamp: 0; robot: 6; pos: (0, 0); state: AVAILABLE; battery_level: 1000; battery_capacity: 1000; velocity: 1; battery_rate_nav: 0
event: robot_spawn; timestamp: 0; robot: 7; pos: (0, 0); state: AVAILABLE; battery_level: 1000; battery_capacity: 1000; velocity: 1; battery_rate_nav: 0
event: robot_spawn; timestamp: 0; robot: 8; pos: (0, 0); state: AVAILABLE; battery_level: 1000; battery_capacity: 1000; velocity: 1; battery_rate_nav: 0
event: robot_spawn; timestamp: 0; robot: 9; pos: (0, 0); state: AVAILABLE; battery_level: 1000; battery_capacity: 1000; velocity: 1; battery_rate_nav: 0
event: robot_spawn; timestamp: 0; robot: 10; pos: (0, 0); state: AVAILABLE; battery_level: 1000; battery_capacity: 1000; velocity: 1; battery_rate_nav: 0
event: battery_consumption; timestamp: 0; robot: 4; time: 4.24264; initial_level: 1000; final_level: 1000
event: navigation; timestamp: 0; robot: 4; time: 4.24264; src: (0, 0); dst: (-3, -3)
event: battery_consumption; timestamp: 0; robot: 3; time: 7.61577; initial_level: 1000; final_level: 1000
event: navigation; timestamp: 0; robot: 3; time: 7.61577; src: (0, 0); dst: (7, -3)
event: battery_consumption; timestamp: 0; robot: 10; time: 7.61577; initial_level: 1000; final_level: 1000
event: navigation; timestamp: 0; robot: 10; time: 7.61577; src: (0, 0); dst: (7, -3)
event: battery_consumption; timestamp: 0; robot: 8; time: 7.61577; initial_level: 1000; final_level: 1000
event: navigation; timestamp: 0; robot: 8; time: 7.61577; src: (0, 0); dst: (7, -3)
event: battery_consumption; timestamp: 0; robot: 7; time: 9.21954; initial_level: 1000; final_level: 1000
event: navigation; timestamp: 0; robot: 7; time: 9.21954; src: (0, 0); dst: (-9, 2)
event: battery_consumption; timestamp: 0; robot: 2; time: 10; initial_level: 1000; final_level: 1000
event: navigation; timestamp: 0; robot: 2; time: 10; src: (0, 0); dst: (0, 10)
event: battery_consumption; timestamp: 0; robot: 1; time: 11.1803; initial_level: 1000; final_level: 1000
event: navigation; timestamp: 0; robot: 1; time: 11.1803; src: (0, 0); dst: (-5, -10)
event: battery_consumption; timestamp: 0; robot: 6; time: 12.0416; initial_level: 1000; final_level: 1000
event: navigation; timestamp: 0; robot: 6; time: 12.0416; src: (0, 0); dst: (9, 8)
event: battery_consumption; timestamp: 0; robot: 9; time: 12.0416; initial_level: 1000; final_level: 1000
event: navigation; timestamp: 0; robot: 9; time: 12.0416; src: (0, 0); dst: (9, -8)
event: battery_consumption; timestamp: 0; robot: 5; time: 12.0416; initial_level: 1000; final_level: 1000
event: navigation; timestamp: 0; robot: 5; time: 12.0416; src: (0, 0); dst: (9, -8)
event: task_execution; timestamp: 4.24264; task: 90; robot: 4; pos: (-3, -3); time: 11.0513
event: battery_consumption; timestamp: 4.24264; robot: 4; time: 11.0513; initial_level: 1000; final_level: 993.369
event: task_resolution; timestamp: 15.2939; task: 90; pos: (-3, -3); status: COMPLETED; attempt: 1
event: battery_consumption; timestamp: 15.2939; robot: 4; time: 10.7703; initial_level: 993.369; final_level: 993.369
event: navigation; timestamp: 15.2939; robot: 4; time: 10.7703; src: (-3, -3); dst: (1, -13)
event: task_execution; timestamp: 12.0416; task: 91; robot: 5; pos: (9, -8); time: 9.10594
event: battery_consumption; timestamp: 12.0416; robot: 5; time: 9.10594; initial_level: 1000; final_level: 988.162
event: task_execution; timestamp: 12.0416; task: 91; robot: 9; pos: (9, -8); time: 9.10594
event: battery_consumption; timestamp: 12.0416; robot: 9; time: 9.10594; initial_level: 1000; final_level: 988.162
event: task_resolution; timestamp: 21.1475; task: 91; pos: (9, -8); status: COMPLETED; attempt: 1
event: battery_consumption; timestamp: 21.1475; robot: 9; time: 4.12311; initial_level: 988.162; final_level: 988.162
event: navigation; timestamp: 21.1475; robot: 9; time: 4.12311; src: (9, -8); dst: (13, -7)
event: battery_consumption; timestamp: 21.1475; robot: 5; time: 4.12311; initial_level: 988.162; final_level: 988.162
event: navigation; timestamp: 21.1475; robot: 5; time: 4.12311; src: (9, -8); dst: (13, -7)
event: task_execution; timestamp: 12.0416; task: 81; robot: 6; pos: (9, 8); time: 10.2642
event: battery_consumption; timestamp: 12.0416; robot: 6; time: 10.2642; initial_level: 1000; final_level: 989.736
event: task_resolution; timestamp: 22.3058; task: 81; pos: (9, 8); status: COMPLETED; attempt: 1
event: battery_consumption; timestamp: 22.3058; robot: 6; time: 6.32456; initial_level: 989.736; final_level: 989.736
event: navigation; timestamp: 22.3058; robot: 6; time: 6.32456; src: (9, 8); dst: (15, 10)
event: task_execution; timestamp: 11.1803; task: 65; robot: 1; pos: (-5, -10); time: 11.1313
event: battery_consumption; timestamp: 11.1803; robot: 1; time: 11.1313; initial_level: 1000; final_level: 982.19
event: task_resolution; timestamp: 22.3116; task: 65; pos: (-5, -10); status: COMPLETED; attempt: 1
event: battery_consumption; timestamp: 22.3116; robot: 1; time: 8.544; initial_level: 982.19; final_level: 982.19
event: navigation; timestamp: 22.3116; robot: 1; time: 8.544; src: (-5, -10); dst: (-13, -7)
event: task_execution; timestamp: 25.2706; task: 92; robot: 5; pos: (13, -7); time: 9.74619
event: battery_consumption; timestamp: 25.2706; robot: 5; time: 9.74619; initial_level: 988.162; final_level: 974.518
event: task_execution; timestamp: 25.2706; task: 92; robot: 9; pos: (13, -7); time: 9.74619
event: battery_consumption; timestamp: 25.2706; robot: 9; time: 9.74619; initial_level: 988.162; final_level: 974.518
event: task_resolution; timestamp: 35.0168; task: 92; pos: (13, -7); status: COMPLETED; attempt: 1
event: battery_consumption; timestamp: 35.0168; robot: 9; time: 6.40312; initial_level: 974.518; final_level: 974.518
event: navigation; timestamp: 35.0168; robot: 9; time: 6.40312; src: (13, -7); dst: (17, -2)
event: battery_consumption; timestamp: 35.0168; robot: 5; time: 6.40312; initial_level: 974.518; final_level: 974.518
event: navigation; timestamp: 35.0168; robot: 5; time: 6.40312; src: (13, -7); dst: (17, -2)
event: task_execution; timestamp: 30.8556; task: 82; robot: 1; pos: (-13, -7); time: 10.7091
event: battery_consumption; timestamp: 30.8556; robot: 1; time: 10.7091; initial_level: 982.19; final_level: 972.552
event: task_resolution; timestamp: 41.5647; task: 82; pos: (-13, -7); status: COMPLETED; attempt: 1
event: battery_consumption; timestamp: 41.5647; robot: 1; time: 8.06226; initial_level: 972.552; final_level: 972.552
event: navigation; timestamp: 41.5647; robot: 1; time: 8.06226; src: (-13, -7); dst: (-14, -15)
event: task_execution; timestamp: 41.42; task: 94; robot: 5; pos: (17, -2); time: 9.91386
event: battery_consumption; timestamp: 41.42; robot: 5; time: 9.91386; initial_level: 974.518; final_level: 951.716
event: task_execution; timestamp: 41.42; task: 94; robot: 9; pos: (17, -2); time: 9.91386
event: battery_consumption; timestamp: 41.42; robot: 9; time: 9.91386; initial_level: 974.518; final_level: 951.716
event: task_resolution; timestamp: 51.3338; task: 94; pos: (17, -2); status: COMPLETED; attempt: 1
event: battery_consumption; timestamp: 51.3338; robot: 5; time: 5.65685; initial_level: 951.716; final_level: 951.716
event: navigation; timestamp: 51.3338; robot: 5; time: 5.65685; src: (17, -2); dst: (21, 2)
event: battery_consumption; timestamp: 51.3338; robot: 9; time: 5.65685; initial_level: 951.716; final_level: 951.716
event: navigation; timestamp: 51.3338; robot: 9; time: 5.65685; src: (17, -2); dst: (21, 2)
event: task_execution; timestamp: 157; task: 69; robot: 7; pos: (-9, 2); time: 8.93346
event: battery_consumption; timestamp: 157; robot: 7; time: 8.93346; initial_level: 1000; final_level: 975.88
event: task_resolution; timestamp: 165.933; task: 69; pos: (-9, 2); status: FAILED; attempt: 1
event: battery_consumption; timestamp: 165.933; robot: 7; time: 5; initial_level: 975.88; final_level: 975.88
event: navigation; timestamp: 165.933; robot: 7; time: 5; src: (-9, 2); dst: (-14, 2)
event: battery_consumption; timestamp: 428; robot: 1; time: 5.09902; initial_level: 972.552; final_level: 972.552
event: navigation; timestamp: 428; robot: 1; time: 5.09902; src: (-14, -15); dst: (-15, -20)
event: task_execution; timestamp: 566; task: 66; robot: 4; pos: (1, -13); time: 9.87192
event: battery_consumption; timestamp: 566; robot: 4; time: 9.87192; initial_level: 993.369; final_level: 977.574
event: task_resolution; timestamp: 575.872; task: 66; pos: (1, -13); status: COMPLETED; attempt: 1
event: battery_consumption; timestamp: 575.872; robot: 4; time: 7.2111; initial_level: 977.574; final_level: 977.574
event: navigation; timestamp: 575.872; robot: 4; time: 7.2111; src: (1, -13); dst: (-3, -19)
event: task_execution; timestamp: 583.083; task: 83; robot: 4; pos: (-3, -19); time: 8.46148
event: battery_consumption; timestamp: 583.083; robot: 4; time: 8.46148; initial_level: 977.574; final_level: 965.728
event: task_resolution; timestamp: 591.545; task: 83; pos: (-3, -19); status: COMPLETED; attempt: 1
event: battery_consumption; timestamp: 591.545; robot: 4; time: 9.21954; initial_level: 965.728; final_level: 965.728
event: navigation; timestamp: 591.545; robot: 4; time: 9.21954; src: (-3, -19); dst: (-10, -25)
event: task_execution; timestamp: 612; task: 68; robot: 2; pos: (0, 10); time: 10.1901
event: battery_consumption; timestamp: 612; robot: 2; time: 10.1901; initial_level: 1000; final_level: 978.601
event: task_resolution; timestamp: 622.19; task: 68; pos: (0, 10); status: COMPLETED; attempt: 1
event: battery_consumption; timestamp: 622.19; robot: 2; time: 7.07107; initial_level: 978.601; final_level: 978.601
event: navigation; timestamp: 622.19; robot: 2; time: 7.07107; src: (0, 10); dst: (5, 15)
event: task_execution; timestamp: 629.261; task: 61; robot: 2; pos: (5, 15); time: 11.2959
event: battery_consumption; timestamp: 629.261; robot: 2; time: 11.2959; initial_level: 978.601; final_level: 968.435
event: task_resolution; timestamp: 640.557; task: 61; pos: (5, 15); status: FAILED; attempt: 1
event: battery_consumption; timestamp: 640.557; robot: 2; time: 10.7703; initial_level: 968.435; final_level: 968.435
event: navigation; timestamp: 640.557; robot: 2; time: 10.7703; src: (5, 15); dst: (-5, 19)
event: task_execution; timestamp: 808; task: 93; robot: 5; pos: (21, 2); time: 10.311
event: battery_consumption; timestamp: 808; robot: 5; time: 10.311; initial_level: 951.716; final_level: 948.622
event: task_execution; timestamp: 808; task: 93; robot: 9; pos: (21, 2); time: 10.311
event: battery_consumption; timestamp: 808; robot: 9; time: 10.311; initial_level: 951.716; final_level: 948.622
event: task_resolution; timestamp: 818.311; task: 93; pos: (21, 2); status: COMPLETED; attempt: 1
event: battery_consumption; timestamp: 818.311; robot: 9; time: 5; initial_level: 948.622; final_level: 948.622
event: navigation; timestamp: 818.311; robot: 9; time: 5; src: (21, 2); dst: (25, 5)
event: battery_consumption; timestamp: 818.311; robot: 5; time: 5; initial_level: 948.622; final_level: 948.622
event: navigation; timestamp: 818.311; robot: 5; time: 5; src: (21, 2); dst: (25, 5)
event: task_execution; timestamp: 810; task: 70; robot: 2; pos: (-5, 19); time: 9.88971
event: battery_consumption; timestamp: 810; robot: 2; time: 9.88971; initial_level: 968.435; final_level: 945.688
event: task_resolution; timestamp: 819.89; task: 70; pos: (-5, 19); status: COMPLETED; attempt: 1
event: battery_consumption; timestamp: 819.89; robot: 2; time: 4.47214; initial_level: 945.688; final_level: 945.688
event: navigation; timestamp: 819.89; robot: 2; time: 4.47214; src: (-5, 19); dst: (-9, 17)
event: task_execution; timestamp: 823.311; task: 71; robot: 5; pos: (25, 5); time: 9.57843
event: battery_consumption; timestamp: 823.311; robot: 5; time: 9.57843; initial_level: 948.622; final_level: 935.213
event: task_execution; timestamp: 823.311; task: 71; robot: 9; pos: (25, 5); time: 9.57843
event: battery_consumption; timestamp: 823.311; robot: 9; time: 9.57843; initial_level: 948.622; final_level: 935.213
event: task_resolution; timestamp: 832.889; task: 71; pos: (25, 5); status: COMPLETED; attempt: 1
event: battery_consumption; timestamp: 832.889; robot: 9; time: 10.0499; initial_level: 935.213; final_level: 935.213
event: navigation; timestamp: 832.889; robot: 9; time: 10.0499; src: (25, 5); dst: (15, 4)
event: battery_consumption; timestamp: 832.889; robot: 5; time: 10.0499; initial_level: 935.213; final_level: 935.213
event: navigation; timestamp: 832.889; robot: 5; time: 10.0499; src: (25, 5); dst: (15, 4)
event: task_execution; timestamp: 822; task: 80; robot: 3; pos: (7, -3); time: 11.8965
event: battery_consumption; timestamp: 822; robot: 3; time: 11.8965; initial_level: 1000; final_level: 984.535
event: task_execution; timestamp: 822; task: 80; robot: 8; pos: (7, -3); time: 11.8965
event: battery_consumption; timestamp: 822; robot: 8; time: 11.8965; initial_level: 1000; final_level: 984.535
event: task_execution; timestamp: 822; task: 80; robot: 10; pos: (7, -3); time: 11.8965
event: battery_consumption; timestamp: 822; robot: 10; time: 11.8965; initial_level: 1000; final_level: 984.535
event: task_resolution; timestamp: 833.896; task: 80; pos: (7, -3); status: COMPLETED; attempt: 1
event: battery_consumption; timestamp: 833.896; robot: 8; time: 13.4536; initial_level: 984.535; final_level: 984.535
event: navigation; timestamp: 833.896; robot: 8; time: 13.4536; src: (7, -3); dst: (16, -13)
event: battery_consumption; timestamp: 833.896; robot: 10; time: 13.4536; initial_level: 984.535; final_level: 984.535
event: navigation; timestamp: 833.896; robot: 10; time: 13.4536; src: (7, -3); dst: (16, -13)
event: battery_consumption; timestamp: 833.896; robot: 3; time: 15.2643; initial_level: 984.535; final_level: 984.535
event: navigation; timestamp: 833.896; robot: 3; time: 15.2643; src: (7, -3); dst: (15, 10)
event: task_execution; timestamp: 842.939; task: 96; robot: 5; pos: (15, 4); time: 10.3337
event: battery_consumption; timestamp: 842.939; robot: 5; time: 10.3337; initial_level: 935.213; final_level: 908.345
event: task_execution; timestamp: 842.939; task: 96; robot: 9; pos: (15, 4); time: 10.3337
event: battery_consumption; timestamp: 842.939; robot: 9; time: 10.3337; initial_level: 935.213; final_level: 908.345
event: task_resolution; timestamp: 853.273; task: 96; pos: (15, 4); status: COMPLETED; attempt: 1
event: battery_consumption; timestamp: 853.273; robot: 5; time: 13.6015; initial_level: 908.345; final_level: 908.345
event: navigation; timestamp: 853.273; robot: 5; time: 13.6015; src: (15, 4); dst: (23, 15)
event: battery_consumption; timestamp: 853.273; robot: 9; time: 13.6015; initial_level: 908.345; final_level: 908.345
event: navigation; timestamp: 853.273; robot: 9; time: 13.6015; src: (15, 4); dst: (23, 15)
event: task_execution; timestamp: 847.35; task: 95; robot: 8; pos: (16, -13); time: 10.0461
event: battery_consumption; timestamp: 847.35; robot: 8; time: 10.0461; initial_level: 984.535; final_level: 978.507
event: task_execution; timestamp: 847.35; task: 95; robot: 10; pos: (16, -13); time: 10.0461
event: battery_consumption; timestamp: 847.35; robot: 10; time: 10.0461; initial_level: 984.535; final_level: 978.507
event: task_resolution; timestamp: 857.396; task: 95; pos: (16, -13); status: COMPLETED; attempt: 1
event: battery_consumption; timestamp: 857.396; robot: 8; time: 15.6525; initial_level: 978.507; final_level: 978.507
event: navigation; timestamp: 857.396; robot: 8; time: 15.6525; src: (16, -13); dst: (23, -27)
event: battery_consumption; timestamp: 857.396; robot: 10; time: 16.1245; initial_level: 978.507; final_level: 978.507
event: navigation; timestamp: 857.396; robot: 10; time: 16.1245; src: (16, -13); dst: (32, -15)
event: task_execution; timestamp: 849.161; task: 54; robot: 3; pos: (15, 10); time: 10.0007
event: battery_consumption; timestamp: 849.161; robot: 3; time: 10.0007; initial_level: 984.535; final_level: 968.533
event: task_execution; timestamp: 849.161; task: 54; robot: 6; pos: (15, 10); time: 10.0007
event: battery_consumption; timestamp: 849.161; robot: 6; time: 10.0007; initial_level: 989.736; final_level: 973.735
event: task_resolution; timestamp: 859.162; task: 54; pos: (15, 10); status: COMPLETED; attempt: 1
event: battery_consumption; timestamp: 859.162; robot: 6; time: 24.1661; initial_level: 973.735; final_level: 973.735
event: navigation; timestamp: 859.162; robot: 6; time: 24.1661; src: (15, 10); dst: (25, 32)
event: battery_consumption; timestamp: 859.162; robot: 3; time: 24.1661; initial_level: 968.533; final_level: 968.533
event: navigation; timestamp: 859.162; robot: 3; time: 24.1661; src: (15, 10); dst: (25, 32)
event: task_execution; timestamp: 866.874; task: 72; robot: 5; pos: (23, 15); time: 11.4548
event: battery_consumption; timestamp: 866.874; robot: 5; time: 11.4548; initial_level: 908.345; final_level: 899.181
event: task_execution; timestamp: 866.874; task: 72; robot: 9; pos: (23, 15); time: 11.4548
event: battery_consumption; timestamp: 866.874; robot: 9; time: 11.4548; initial_level: 908.345; final_level: 899.181
event: task_resolution; timestamp: 878.329; task: 72; pos: (23, 15); status: COMPLETED; attempt: 1
event: battery_consumption; timestamp: 878.329; robot: 5; time: 17.1172; initial_level: 899.181; final_level: 899.181
event: navigation; timestamp: 878.329; robot: 5; time: 17.1172; src: (23, 15); dst: (25, 32)
event: battery_consumption; timestamp: 878.329; robot: 9; time: 21.5407; initial_level: 899.181; final_level: 899.181
event: navigation; timestamp: 878.329; robot: 9; time: 21.5407; src: (23, 15); dst: (15, 35)
event: task_execution; timestamp: 873.521; task: 50; robot: 10; pos: (32, -15); time: 8.58494
event: battery_consumption; timestamp: 873.521; robot: 10; time: 8.58494; initial_level: 978.507; final_level: 952.752
event: task_resolution; timestamp: 882.106; task: 50; pos: (32, -15); status: COMPLETED; attempt: 1
event: battery_consumption; timestamp: 882.106; robot: 10; time: 13; initial_level: 952.752; final_level: 952.752
event: navigation; timestamp: 882.106; robot: 10; time: 13; src: (32, -15); dst: (45, -15)
event: task_execution; timestamp: 873.049; task: 85; robot: 8; pos: (23, -27); time: 9.64494
event: battery_consumption; timestamp: 873.049; robot: 8; time: 9.64494; initial_level: 978.507; final_level: 976.578
event: task_resolution; timestamp: 882.694; task: 85; pos: (23, -27); status: COMPLETED; attempt: 1
event: battery_consumption; timestamp: 882.694; robot: 8; time: 3.60555; initial_level: 976.578; final_level: 976.578
event: navigation; timestamp: 882.694; robot: 8; time: 3.60555; src: (23, -27); dst: (25, -30)
event: task_execution; timestamp: 886.299; task: 63; robot: 8; pos: (25, -30); time: 10.8207
event: battery_consumption; timestamp: 886.299; robot: 8; time: 10.8207; initial_level: 976.578; final_level: 970.085
event: task_resolution; timestamp: 897.12; task: 63; pos: (25, -30); status: COMPLETED; attempt: 1
event: battery_consumption; timestamp: 897.12; robot: 8; time: 10; initial_level: 970.085; final_level: 970.085
event: navigation; timestamp: 897.12; robot: 8; time: 10; src: (25, -30); dst: (15, -30)
event: battery_consumption; timestamp: 902; robot: 10; time: 33.541; initial_level: 952.752; final_level: 952.752
event: navigation; timestamp: 902; robot: 10; time: 33.541; src: (45, -15); dst: (15, -30)
event: task_execution; timestamp: 895.446; task: 37; robot: 3; pos: (25, 32); time: 8.54175
event: battery_consumption; timestamp: 895.446; robot: 3; time: 8.54175; initial_level: 968.533; final_level: 959.992
event: task_execution; timestamp: 895.446; task: 37; robot: 5; pos: (25, 32); time: 8.54175
event: battery_consumption; timestamp: 895.446; robot: 5; time: 8.54175; initial_level: 899.181; final_level: 890.64
event: task_execution; timestamp: 895.446; task: 37; robot: 6; pos: (25, 32); time: 8.54175
event: battery_consumption; timestamp: 895.446; robot: 6; time: 8.54175; initial_level: 973.735; final_level: 965.193
event: task_resolution; timestamp: 903.988; task: 37; pos: (25, 32); status: FAILED; attempt: 1
event: battery_consumption; timestamp: 903.988; robot: 3; time: 37.1618; initial_level: 959.992; final_level: 959.992
event: navigation; timestamp: 903.988; robot: 3; time: 37.1618; src: (25, 32); dst: (-9, 17)
event: battery_consumption; timestamp: 903.988; robot: 5; time: 37.1618; initial_level: 890.64; final_level: 890.64
event: navigation; timestamp: 903.988; robot: 5; time: 37.1618; src: (25, 32); dst: (-9, 17)
event: battery_consumption; timestamp: 903.988; robot: 6; time: 40.1123; initial_level: 965.193; final_level: 965.193
event: navigation; timestamp: 903.988; robot: 6; time: 40.1123; src: (25, 32); dst: (-15, 35)
event: task_execution; timestamp: 899.87; task: 43; robot: 9; pos: (15, 35); time: 10.4321
event: battery_consumption; timestamp: 899.87; robot: 9; time: 10.4321; initial_level: 899.181; final_level: 878.317
event: task_resolution; timestamp: 910.302; task: 43; pos: (15, 35); status: FAILED; attempt: 1
event: battery_consumption; timestamp: 910.302; robot: 9; time: 34.4819; initial_level: 878.317; final_level: 878.317
event: navigation; timestamp: 910.302; robot: 9; time: 34.4819; src: (15, 35); dst: (-18, 25)
event: battery_consumption; timestamp: 923; robot: 4; time: 7.07107; initial_level: 965.728; final_level: 965.728
event: navigation; timestamp: 923; robot: 4; time: 7.07107; src: (-10, -25); dst: (-15, -20)
event: battery_consumption; timestamp: 935; robot: 7; time: 14.1421; initial_level: 975.88; final_level: 975.88
event: navigation; timestamp: 935; robot: 7; time: 14.1421; src: (-14, 2); dst: (0, 0)
event: robot_finished; timestamp: 949.142; robot: 7; pos: (0, 0); battery: 975.88
event: task_execution; timestamp: 930.071; task: 52; robot: 1; pos: (-15, -20); time: 10.4868
event: battery_consumption; timestamp: 930.071; robot: 1; time: 10.4868; initial_level: 972.552; final_level: 969.406
event: task_execution; timestamp: 930.071; task: 52; robot: 4; pos: (-15, -20); time: 10.4868
event: battery_consumption; timestamp: 930.071; robot: 4; time: 10.4868; initial_level: 965.728; final_level: 962.582
event: task_resolution; timestamp: 940.558; task: 52; pos: (-15, -20); status: COMPLETED; attempt: 1
event: battery_consumption; timestamp: 940.558; robot: 1; time: 25; initial_level: 969.406; final_level: 969.406
event: navigation; timestamp: 940.558; robot: 1; time: 25; src: (-15, -20); dst: (0, 0)
event: robot_finished; timestamp: 965.558; robot: 1; pos: (0, 0); battery: 969.406
event: battery_consumption; timestamp: 940.558; robot: 4; time: 25; initial_level: 962.582; final_level: 962.582
event: navigation; timestamp: 940.558; robot: 4; time: 25; src: (-15, -20); dst: (0, 0)
event: robot_finished; timestamp: 965.558; robot: 4; pos: (0, 0); battery: 962.582
event: task_execution; timestamp: 935.541; task: 51; robot: 8; pos: (15, -30); time: 9.25311
event: battery_consumption; timestamp: 935.541; robot: 8; time: 9.25311; initial_level: 970.085; final_level: 952.505
event: task_execution; timestamp: 935.541; task: 51; robot: 10; pos: (15, -30); time: 9.25311
event: battery_consumption; timestamp: 935.541; robot: 10; time: 9.25311; initial_level: 952.752; final_level: 935.171
event: task_resolution; timestamp: 944.794; task: 51; pos: (15, -30); status: COMPLETED; attempt: 1
event: battery_consumption; timestamp: 944.794; robot: 10; time: 33.541; initial_level: 935.171; final_level: 935.171
event: navigation; timestamp: 944.794; robot: 10; time: 33.541; src: (15, -30); dst: (0, 0)
event: robot_finished; timestamp: 978.335; robot: 10; pos: (0, 0); battery: 935.171
event: battery_consumption; timestamp: 944.794; robot: 8; time: 33.541; initial_level: 952.505; final_level: 952.505
event: navigation; timestamp: 944.794; robot: 8; time: 33.541; src: (15, -30); dst: (0, 0)
event: robot_finished; timestamp: 978.335; robot: 8; pos: (0, 0); battery: 952.505
event: task_execution; timestamp: 941.15; task: 100; robot: 2; pos: (-9, 17); time: 10.1032
event: battery_consumption; timestamp: 941.15; robot: 2; time: 10.1032; initial_level: 945.688; final_level: 942.657
event: task_execution; timestamp: 941.15; task: 100; robot: 3; pos: (-9, 17); time: 10.1032
event: battery_consumption; timestamp: 941.15; robot: 3; time: 10.1032; initial_level: 959.992; final_level: 956.961
event: task_execution; timestamp: 941.15; task: 100; robot: 5; pos: (-9, 17); time: 10.1032
event: battery_consumption; timestamp: 941.15; robot: 5; time: 10.1032; initial_level: 890.64; final_level: 887.609
event: task_resolution; timestamp: 951.253; task: 100; pos: (-9, 17); status: COMPLETED; attempt: 1
event: battery_consumption; timestamp: 951.253; robot: 5; time: 19.2354; initial_level: 887.609; final_level: 887.609
event: navigation; timestamp: 951.253; robot: 5; time: 19.2354; src: (-9, 17); dst: (0, 0)
event: robot_finished; timestamp: 970.489; robot: 5; pos: (0, 0); battery: 887.609
event: battery_consumption; timestamp: 951.253; robot: 2; time: 19.2354; initial_level: 942.657; final_level: 942.657
event: navigation; timestamp: 951.253; robot: 2; time: 19.2354; src: (-9, 17); dst: (0, 0)
event: robot_finished; timestamp: 970.489; robot: 2; pos: (0, 0); battery: 942.657
event: battery_consumption; timestamp: 951.253; robot: 3; time: 19.2354; initial_level: 956.961; final_level: 956.961
event: navigation; timestamp: 951.253; robot: 3; time: 19.2354; src: (-9, 17); dst: (0, 0)
event: robot_finished; timestamp: 970.489; robot: 3; pos: (0, 0); battery: 956.961
event: task_execution; timestamp: 944.1; task: 1; robot: 6; pos: (-15, 35); time: 9.13631
event: battery_consumption; timestamp: 944.1; robot: 6; time: 9.13631; initial_level: 965.193; final_level: 946.92
event: task_resolution; timestamp: 953.237; task: 1; pos: (-15, 35); status: FAILED; attempt: 1
event: battery_consumption; timestamp: 953.237; robot: 6; time: 38.0789; initial_level: 946.92; final_level: 946.92
event: navigation; timestamp: 953.237; robot: 6; time: 38.0789; src: (-15, 35); dst: (0, 0)
event: robot_finished; timestamp: 991.316; robot: 6; pos: (0, 0); battery: 946.92
event: task_execution; timestamp: 944.784; task: 2; robot: 9; pos: (-18, 25); time: 10.9764
event: battery_consumption; timestamp: 944.784; robot: 9; time: 10.9764; initial_level: 878.317; final_level: 845.388
event: task_resolution; timestamp: 955.76; task: 2; pos: (-18, 25); status: FAILED; attempt: 1
event: battery_consumption; timestamp: 955.76; robot: 9; time: 30.8058; initial_level: 845.388; final_level: 845.388
event: navigation; timestamp: 955.76; robot: 9; time: 30.8058; src: (-18, 25); dst: (0, 0)
event: robot_finished; timestamp: 986.566; robot: 9; pos: (0, 0); battery: 845.388
metric: available_agents; value: 0
metric: failed_agents; value: 0
metric: finished_agents; value: 10
metric: completed_tasks; value: 24
metric: pending_tasks; value: 0
metric: failed_tasks; value: 76
metric: average_robot_makespan; value: 972.628
metric: sd_robot_makespan; value: 11.8974
metric: max_robot_makespan; value: 991.316
metric: min_robot_makespan; value: 949.142
metric: average_robot_travel_distance; value: 90.0717
metric: sd_robot_travel_distance; value: 38.6326
metric: max_robot_travel_distance; value: 143.704
metric: min_robot_travel_distance; value: 28.3617
metric: sum_robot_travel_distance; value: 900.717
metric: average_completed_tasks_by_robot; value: 0
metric: sd_completed_tasks_by_robot; value: 0
metric: max_completed_tasks_by_robot; value: 0
metric: min_completed_tasks_by_robot; value: 0
metric: final_reward; value: 0.24
metric: computing_time; value: 0.00638852
