info: solver_name; value: cbaa
info: reward_function; value: reward00
info: replica; value: 1
info: filename; value: ../logs/prueba/rc202_10r_100t_b0f5abc8_cbaa_reward00_001.log
info: scenario_name; value: rc202_10r_100t_b0f5abc8
info: scenario_name; value: rc202_10r_100t_b0f5abc8
info: number_of_tasks; value: 100
info: number_of_robots; value: 10
info: number_of_recharging_stations; value: 1
info: scenario_size; value: (132,132)
event: recharging_station_spawn; timestamp: 0; recharging_station: 1; pos: (0, 0)
event: task_spawn; timestamp: 0; task: 1; pos: (-15, 35); earliest_start: 0; latest_start: 911; state: PENDING; required_workers: 1; success_prob: 0.2; max_attempts: 1
event: task_spawn; timestamp: 0; task: 2; pos: (-18, 25); earliest_start: 0; latest_start: 919; state: PENDING; required_workers: 1; success_prob: 0.2; max_attempts: 1
event: task_spawn; timestamp: 0; task: 3; pos: (-18, 35); earliest_start: 0; latest_start: 910; state: PENDING; required_workers: 1; success_prob: 0.2; max_attempts: 1
event: task_spawn; timestamp: 0; task: 4; pos: (-20, 30); earliest_start: 644; latest_start: 764; state: PENDING; required_workers: 1; success_prob: 0.2; max_attempts: 1
event: task_spawn; timestamp: 0; task: 5; pos: (-20, 35); earliest_start: 0; latest_start: 909; state: PENDING; required_workers: 1; success_prob: 0.2; max_attempts: 1
event: task_spawn; timestamp: 0; task: 6; pos: (-22, 25); earliest_start: 388; latest_start: 508; state: PENDING; required_workers: 1; success_prob: 0.2; max_attempts: 1
event: task_spawn; timestamp: 0; task: 7; pos: (-25, 25); earliest_start: 0; latest_start: 914; state: PENDING; required_workers: 1; success_prob: 0.2; max_attempts: 1
event: task_spawn; timestamp: 0; task: 8; pos: (-25, 30); earliest_start: 367; latest_start: 487; state: PENDING; required_workers: 1; success_prob: 0.2; max_attempts: 1
event: task_spawn; timestamp: 0; task: 9; pos: (-30, -15); earliest_start: 371; latest_start: 491; state: PENDING; required_workers: 1; success_prob: 0.2; max_attempts: 1
event: task_spawn; timestamp: 0; task: 10; pos: (-30, -10); earliest_start: 519; latest_start: 639; state: PENDING; required_workers: 1; success_prob: 0.2; max_attempts: 1
event: task_spawn; timestamp: 0; task: 11; pos: (-32, -10); earliest_start: 195; latest_start: 315; state: PENDING; required_workers: 2; success_prob: 0.2; max_attempts: 1
event: task_spawn; timestamp: 0; task: 12; pos: (-32, -5); earliest_start: 0; latest_start: 917; state: PENDING; required_workers: 2; success_prob: 0.2; max_attempts: 1
event: task_spawn; timestamp: 0; task: 13; pos: (-35, -15); earliest_start: 653; latest_start: 773; state: PENDING; required_workers: 2; success_prob: 0.2; max_attempts: 1
event: task_spawn; timestamp: 0; task: 14; pos: (-35, -5); earliest_start: 35; latest_start: 155; state: PENDING; required_workers: 2; success_prob: 0.2; max_attempts: 1
event: task_spawn; timestamp: 0; task: 15; pos: (-38, -10); earliest_start: 174; latest_start: 294; state: PENDING; required_workers: 2; success_prob: 0.2; max_attempts: 1
event: task_spawn; timestamp: 0; task: 16; pos: (-40, -10); earliest_start: 255; latest_start: 375; state: PENDING; required_workers: 2; success_prob: 0.2; max_attempts: 1
event: task_spawn; timestamp: 0; task: 17; pos: (-40, -5); earliest_start: 703; latest_start: 823; state: PENDING; required_workers: 3; success_prob: 0.2; max_attempts: 1
event: task_spawn; timestamp: 0; task: 18; pos: (4, -45); earliest_start: 335; latest_start: 455; state: PENDING; required_workers: 3; success_prob: 0.2; max_attempts: 1
event: task_spawn; timestamp: 0; task: 19; pos: (2, -40); earliest_start: 254; latest_start: 374; state: PENDING; required_workers: 3; success_prob: 0.2; max_attempts: 1
event: task_spawn; timestamp: 0; task: 20; pos: (2, -35); earliest_start: 537; latest_start: 657; state: PENDING; required_workers: 3; success_prob: 0.2; max_attempts: 1
event: task_spawn; timestamp: 0; task: 21; pos: (0, -45); earliest_start: 0; latest_start: 905; state: PENDING; required_workers: 1; success_prob: 0.4; max_attempts: 1
event: task_spawn; timestamp: 0; task: 22; pos: (0, -35); earliest_start: 375; latest_start: 495; state: PENDING; required_workers: 1; success_prob: 0.4; max_attempts: 1
event: task_spawn; timestamp: 0; task: 23; pos: (-2, -45); earliest_start: 201; latest_start: 321; state: PENDING; required_workers: 1; success_prob: 0.4; max_attempts: 1
event: task_spawn; timestamp: 0; task: 24; pos: (-2, -35); earliest_start: 681; latest_start: 801; state: PENDING; required_workers: 1; success_prob: 0.4; max_attempts: 1
event: task_spawn; timestamp: 0; task: 25; pos: (-5, -45); earliest_start: 784; latest_start: 904; state: PENDING; required_workers: 1; success_prob: 0.4; max_attempts: 1
event: task_spawn; timestamp: 0; task: 26; pos: (55, -20); earliest_start: 0; latest_start: 891; state: PENDING; required_workers: 1; success_prob: 0.4; max_attempts: 1
event: task_spawn; timestamp: 0; task: 27; pos: (55, -15); earliest_start: 146; latest_start: 266; state: PENDING; required_workers: 1; success_prob: 0.4; max_attempts: 1
event: task_spawn; timestamp: 0; task: 28; pos: (52, -20); earliest_start: 149; latest_start: 269; state: PENDING; required_workers: 1; success_prob: 0.4; max_attempts: 1
event: task_spawn; timestamp: 0; task: 29; pos: (50, -15); earliest_start: 194; latest_start: 314; state: PENDING; required_workers: 1; success_prob: 0.4; max_attempts: 1
event: task_spawn; timestamp: 0; task: 30; pos: (48, -20); earliest_start: 246; latest_start: 366; state: PENDING; required_workers: 1; success_prob: 0.4; max_attempts: 1
event: task_spawn; timestamp: 0; task: 31; pos: (48, -15); earliest_start: 0; latest_start: 899; state: PENDING; required_workers: 2; success_prob: 0.4; max_attempts: 1
event: task_spawn; timestamp: 0; task: 32; pos: (47, -20); earliest_start: 621; latest_start: 741; state: PENDING; required_workers: 2; success_prob: 0.4; max_attempts: 1
event: task_spawn; timestamp: 0; task: 33; pos: (45, -25); earliest_start: 80; latest_start: 200; state: PENDING; required_workers: 2; success_prob: 0.4; max_attempts: 1
event: task_spawn; timestamp: 0; task: 34; pos: (45, -15); earliest_start: 0; latest_start: 902; state: PENDING; required_workers: 2; success_prob: 0.4; max_attempts: 1
event: task_spawn; timestamp: 0; task: 35; pos: (27, 35); earliest_start: 657; latest_start: 777; state: PENDING; required_workers: 2; success_prob: 0.4; max_attempts: 1
event: task_spawn; timestamp: 0; task: 36; pos: (25, 35); earliest_start: 43; latest_start: 163; state: PENDING; required_workers: 2; success_prob: 0.4; max_attempts: 1
event: task_spawn; timestamp: 0; task: 37; pos: (25, 32); earliest_start: 0; latest_start: 909; state: PENDING; required_workers: 3; success_prob: 0.4; max_attempts: 1
event: task_spawn; timestamp: 0; task: 38; pos: (22, 30); earliest_start: 278; latest_start: 398; state: PENDING; required_workers: 3; success_prob: 0.4; max_attempts: 1
event: task_spawn; timestamp: 0; task: 39; pos: (20, 30); earliest_start: 64; latest_start: 184; state: PENDING; required_workers: 3; success_prob: 0.4; max_attempts: 1
event: task_spawn; timestamp: 0; task: 40; pos: (20, 35); earliest_start: 329; latest_start: 449; state: PENDING; required_workers: 3; success_prob: 0.4; max_attempts: 1
event: task_spawn; timestamp: 0; task: 41; pos: (18, 25); earliest_start: 376; latest_start: 496; state: PENDING; required_workers: 1; success_prob: 0.6; max_attempts: 1
event: task_spawn; timestamp: 0; task: 42; pos: (15, 30); earliest_start: 33; latest_start: 153; state: PENDING; required_workers: 1; success_prob: 0.6; max_attempts: 1
event: task_spawn; timestamp: 0; task: 43; pos: (15, 35); earliest_start: 574; latest_start: 694; state: PENDING; required_workers: 1; success_prob: 0.6; max_attempts: 1
event: task_spawn; timestamp: 0; task: 44; pos: (15, 32); earliest_start: 217; latest_start: 337; state: PENDING; required_workers: 1; success_prob: 0.6; max_attempts: 1
event: task_spawn; timestamp: 0; task: 45; pos: (-20, 32); earliest_start: 37; latest_start: 157; state: PENDING; required_workers: 1; success_prob: 0.6; max_attempts: 1
event: task_spawn; timestamp: 0; task: 46; pos: (-22, 30); earliest_start: 489; latest_start: 609; state: PENDING; required_workers: 1; success_prob: 0.6; max_attempts: 1
event: task_spawn; timestamp: 0; task: 47; pos: (-38, -5); earliest_start: 105; latest_start: 225; state: PENDING; required_workers: 1; success_prob: 0.6; max_attempts: 1
event: task_spawn; timestamp: 0; task: 48; pos: (2, -45); earliest_start: 0; latest_start: 904; state: PENDING; required_workers: 1; success_prob: 0.6; max_attempts: 1
event: task_spawn; timestamp: 0; task: 49; pos: (2, -38); earliest_start: 440; latest_start: 560; state: PENDING; required_workers: 1; success_prob: 0.6; max_attempts: 1
event: task_spawn; timestamp: 0; task: 50; pos: (32, -15); earliest_start: 0; latest_start: 914; state: PENDING; required_workers: 1; success_prob: 0.6; max_attempts: 1
event: task_spawn; timestamp: 0; task: 51; pos: (15, -30); earliest_start: 326; latest_start: 446; state: PENDING; required_workers: 2; success_prob: 0.6; max_attempts: 1
event: task_spawn; timestamp: 0; task: 52; pos: (-15, -20); earliest_start: 0; latest_start: 925; state: PENDING; required_workers: 2; success_prob: 0.6; max_attempts: 1
event: task_spawn; timestamp: 0; task: 53; pos: (-20, 0); earliest_start: 375; latest_start: 495; state: PENDING; required_workers: 2; success_prob: 0.6; max_attempts: 1
event: task_spawn; timestamp: 0; task: 54; pos: (15, 10); earliest_start: 601; latest_start: 721; state: PENDING; required_workers: 2; success_prob: 0.6; max_attempts: 1
event: task_spawn; timestamp: 0; task: 55; pos: (-10, 10); earliest_start: 599; latest_start: 719; state: PENDING; required_workers: 2; success_prob: 0.6; max_attempts: 1
event: task_spawn; timestamp: 0; task: 56; pos: (10, -15); earliest_start: 557; latest_start: 677; state: PENDING; required_workers: 2; success_prob: 0.6; max_attempts: 1
event: task_spawn; timestamp: 0; task: 57; pos: (-10, -25); earliest_start: 397; latest_start: 517; state: PENDING; required_workers: 3; success_prob: 0.6; max_attempts: 1
event: task_spawn; timestamp: 0; task: 58; pos: (-25, -40); earliest_start: 782; latest_start: 902; state: PENDING; required_workers: 3; success_prob: 0.6; max_attempts: 1
event: task_spawn; timestamp: 0; task: 59; pos: (-30, -30); earliest_start: 0; latest_start: 907; state: PENDING; required_workers: 3; success_prob: 0.6; max_attempts: 1
event: task_spawn; timestamp: 0; task: 60; pos: (-25, 10); earliest_start: 694; latest_start: 814; state: PENDING; required_workers: 3; success_prob: 0.6; max_attempts: 1
event: task_spawn; timestamp: 0; task: 61; pos: (5, 15); earliest_start: 258; latest_start: 378; state: PENDING; required_workers: 1; success_prob: 0.8; max_attempts: 1
event: task_spawn; timestamp: 0; task: 62; pos: (25, -15); earliest_start: 167; latest_start: 287; state: PENDING; required_workers: 1; success_prob: 0.8; max_attempts: 1
event: task_spawn; timestamp: 0; task: 63; pos: (25, -30); earliest_start: 39; latest_start: 159; state: PENDING; required_workers: 1; success_prob: 0.8; max_attempts: 1
event: task_spawn; timestamp: 0; task: 64; pos: (5, -20); earliest_start: 191; latest_start: 311; state: PENDING; required_workers: 1; success_prob: 0.8; max_attempts: 1
event: task_spawn; timestamp: 0; task: 65; pos: (-5, -10); earliest_start: 11; latest_start: 131; state: PENDING; required_workers: 1; success_prob: 0.8; max_attempts: 1
event: task_spawn; timestamp: 0; task: 66; pos: (1, -13); earliest_start: 566; latest_start: 686; state: PENDING; required_workers: 1; success_prob: 0.8; max_attempts: 1
event: task_spawn; timestamp: 0; task: 67; pos: (24, -8); earliest_start: 268; latest_start: 388; state: PENDING; required_workers: 1; success_prob: 0.8; max_attempts: 1
event: task_spawn; timestamp: 0; task: 68; pos: (0, 10); earliest_start: 612; latest_start: 732; state: PENDING; required_workers: 1; success_prob: 0.8; max_attempts: 1
event: task_spawn; timestamp: 0; task: 69; pos: (-9, 2); earliest_start: 157; latest_start: 277; state: PENDING; required_workers: 1; success_prob: 0.8; max_attempts: 1
event: task_spawn; timestamp: 0; task: 70; pos: (-5, 19); earliest_start: 810; latest_start: 930; state: PENDING; required_workers: 1; success_prob: 0.8; max_attempts: 1
event: task_spawn; timestamp: 0; task: 71; pos: (25, 5); earliest_start: 241; latest_start: 361; state: PENDING; required_workers: 2; success_prob: 0.8; max_attempts: 1
event: task_spawn; timestamp: 0; task: 72; pos: (23, 15); earliest_start: 0; latest_start: 922; state: PENDING; required_workers: 2; success_prob: 0.8; max_attempts: 1
event: task_spawn; timestamp: 0; task: 73; pos: (-38, 10); earliest_start: 286; latest_start: 406; state: PENDING; required_workers: 2; success_prob: 0.8; max_attempts: 1
event: task_spawn; timestamp: 0; task: 74; pos: (-20, -30); earliest_start: 645; latest_start: 765; state: PENDING; required_workers: 2; success_prob: 0.8; max_attempts: 1
event: task_spawn; timestamp: 0; task: 75; pos: (-35, -45); earliest_start: 0; latest_start: 892; state: PENDING; required_workers: 2; success_prob: 0.8; max_attempts: 1
event: task_spawn; timestamp: 0; task: 76; pos: (20, -38); earliest_start: 268; latest_start: 388; state: PENDING; required_workers: 2; success_prob: 0.8; max_attempts: 1
event: task_spawn; timestamp: 0; task: 77; pos: (-17, -47); earliest_start: 764; latest_start: 884; state: PENDING; required_workers: 3; success_prob: 0.8; max_attempts: 1
event: task_spawn; timestamp: 0; task: 78; pos: (-32, 6); earliest_start: 365; latest_start: 485; state: PENDING; required_workers: 3; success_prob: 0.8; max_attempts: 1
event: task_spawn; timestamp: 0; task: 79; pos: (-34, 18); earliest_start: 352; latest_start: 472; state: PENDING; required_workers: 3; success_prob: 0.8; max_attempts: 1
event: task_spawn; timestamp: 0; task: 80; pos: (7, -3); earliest_start: 822; latest_start: 942; state: PENDING; required_workers: 3; success_prob: 0.8; max_attempts: 1
event: task_spawn; timestamp: 0; task: 81; pos: (9, 8); earliest_start: 355; latest_start: 475; state: PENDING; required_workers: 1; success_prob: 1; max_attempts: 1
event: task_spawn; timestamp: 0; task: 82; pos: (-13, -7); earliest_start: 0; latest_start: 935; state: PENDING; required_workers: 1; success_prob: 1; max_attempts: 1
event: task_spawn; timestamp: 0; task: 83; pos: (-3, -19); earliest_start: 0; latest_start: 930; state: PENDING; required_workers: 1; success_prob: 1; max_attempts: 1
event: task_spawn; timestamp: 0; task: 84; pos: (17, -21); earliest_start: 395; latest_start: 515; state: PENDING; required_workers: 1; success_prob: 1; max_attempts: 1
event: task_spawn; timestamp: 0; task: 85; pos: (23, -27); earliest_start: 0; latest_start: 914; state: PENDING; required_workers: 1; success_prob: 1; max_attempts: 1
event: task_spawn; timestamp: 0; task: 86; pos: (-19, -26); earliest_start: 349; latest_start: 469; state: PENDING; required_workers: 1; success_prob: 1; max_attempts: 1
event: task_spawn; timestamp: 0; task: 87; pos: (-28, -26); earliest_start: 359; latest_start: 479; state: PENDING; required_workers: 1; success_prob: 1; max_attempts: 1
event: task_spawn; timestamp: 0; task: 88; pos: (-16, 8); earliest_start: 260; latest_start: 380; state: PENDING; required_workers: 1; success_prob: 1; max_attempts: 1
event: task_spawn; timestamp: 0; task: 89; pos: (27, -45); earliest_start: 713; latest_start: 833; state: PENDING; required_workers: 1; success_prob: 1; max_attempts: 1
event: task_spawn; timestamp: 0; task: 90; pos: (-3, -3); earliest_start: 359; latest_start: 479; state: PENDING; required_workers: 1; success_prob: 1; max_attempts: 1
event: task_spawn; timestamp: 0; task: 91; pos: (9, -8); earliest_start: 0; latest_start: 937; state: PENDING; required_workers: 2; success_prob: 1; max_attempts: 1
event: task_spawn; timestamp: 0; task: 92; pos: (13, -7); earliest_start: 14; latest_start: 134; state: PENDING; required_workers: 2; success_prob: 1; max_attempts: 1
event: task_spawn; timestamp: 0; task: 93; pos: (21, 2); earliest_start: 808; latest_start: 928; state: PENDING; required_workers: 2; success_prob: 1; max_attempts: 1
event: task_spawn; timestamp: 0; task: 94; pos: (17, -2); earliest_start: 0; latest_start: 932; state: PENDING; required_workers: 2; success_prob: 1; max_attempts: 1
event: task_spawn; timestamp: 0; task: 95; pos: (16, -13); earliest_start: 0; latest_start: 929; state: PENDING; required_workers: 2; success_prob: 1; max_attempts: 1
event: task_spawn; timestamp: 0; task: 96; pos: (15, 4); earliest_start: 0; latest_start: 934; state: PENDING; required_workers: 2; success_prob: 1; max_attempts: 1
event: task_spawn; timestamp: 0; task: 97; pos: (-36, -32); earliest_start: 547; latest_start: 667; state: PENDING; required_workers: 3; success_prob: 1; max_attempts: 1
event: task_spawn; timestamp: 0; task: 98; pos: (-14, 2); earliest_start: 0; latest_start: 935; state: PENDING; required_workers: 3; success_prob: 1; max_attempts: 1
event: task_spawn; timestamp: 0; task: 99; pos: (-14, -15); earliest_start: 308; latest_start: 428; state: PENDING; required_workers: 3; success_prob: 1; max_attempts: 1
event: task_spawn; timestamp: 0; task: 100; pos: (-9, 17); earliest_start: 810; latest_start: 930; state: PENDING; required_workers: 3; success_prob: 1; max_attempts: 1
event: robot_spawn; timestamp: 0; robot: 1; pos: (0, 0); state: AVAILABLE; battery_level: 1000; battery_capacity: 1000; velocity: 1; battery_rate_nav: 0
event: robot_spawn; timestamp: 0; robot: 2; pos: (0, 0); state: AVAILABLE; battery_level: 1000; battery_capacity: 1000; velocity: 1; battery_rate_nav: 0
event: robot_spawn; timestamp: 0; robot: 3; pos: (0, 0); state: AVAILABLE; battery_level: 1000; battery_capacity: 1000; velocity: 1; battery_rate_nav: 0
event: robot_spawn; timestamp: 0; robot: 4; pos: (0, 0); state: AVAILABLE; battery_level: 1000; battery_capacity: 1000; velocity: 1; battery_rate_nav: 0
event: robot_spawn; timestamp: 0; robot: 5; pos: (0, 0); state: AVAILABLE; battery_level: 1000; battery_capacity: 1000; velocity: 1; battery_rate_nav: 0
event: robot_spawn; timestamp: 0; robot: 6; pos: (0, 0); state: AVAILABLE; battery_level: 1000; battery_capacity: 1000; velocity: 1; battery_rate_nav: 0
event: robot_spawn; timestamp: 0; robot: 7; pos: (0, 0); state: AVAILABLE; battery_level: 1000; battery_capacity: 1000; velocity: 1; battery_rate_nav: 0
event: robot_spawn; timestamp: 0; robot: 8; pos: (0, 0); state: AVAILABLE; battery_level: 1000; battery_capacity: 1000; velocity: 1; battery_rate_nav: 0
event: robot_spawn; timestamp: 0; robot: 9; pos: (0, 0); state: AVAILABLE; battery_level: 1000; battery_capacity: 1000; velocity: 1; battery_rate_nav: 0
event: robot_spawn; timestamp: 0; robot: 10; pos: (0, 0); state: AVAILABLE; battery_level: 1000; battery_capacity: 1000; velocity: 1; battery_rate_nav: 0
event: robot_finished; timestamp: 0; robot: 8; pos: (0, 0); battery: 1000
event: robot_finished; timestamp: 0; robot: 9; pos: (0, 0); battery: 1000
event: robot_finished; timestamp: 0; robot: 6; pos: (0, 0); battery: 1000
event: robot_finished; timestamp: 0; robot: 10; pos: (0, 0); battery: 1000
event: battery_consumption; timestamp: 0; robot: 3; time: 14.1421; initial_level: 1000; final_level: 1000
event: navigation; timestamp: 0; robot: 3; time: 14.1421; src: (0, 0); dst: (-14, 2)
event: battery_consumption; timestamp: 0; robot: 1; time: 14.7648; initial_level: 1000; final_level: 1000
event: navigation; timestamp: 0; robot: 1; time: 14.7648; src: (0, 0); dst: (-13, -7)
event: battery_consumption; timestamp: 0; robot: 4; time: 12.0416; initial_level: 1000; final_level: 1000
event: navigation; timestamp: 0; robot: 4; time: 12.0416; src: (0, 0); dst: (9, -8)
event: battery_consumption; timestamp: 0; robot: 2; time: 12.0416; initial_level: 1000; final_level: 1000
event: navigation; timestamp: 0; robot: 2; time: 12.0416; src: (0, 0); dst: (9, -8)
event: battery_consumption; timestamp: 0; robot: 7; time: 42.4264; initial_level: 1000; final_level: 1000
event: navigation; timestamp: 0; robot: 7; time: 42.4264; src: (0, 0); dst: (-30, -30)
event: battery_consumption; timestamp: 0; robot: 5; time: 14.1421; initial_level: 1000; final_level: 1000
event: navigation; timestamp: 0; robot: 5; time: 14.1421; src: (0, 0); dst: (-14, 2)
event: task_execution; timestamp: 12.0416; task: 91; robot: 2; pos: (9, -8); time: 10.9741
event: battery_consumption; timestamp: 12.0416; robot: 2; time: 10.9741; initial_level: 1000; final_level: 985.734
event: task_execution; timestamp: 12.0416; task: 91; robot: 4; pos: (9, -8); time: 10.9741
event: battery_consumption; timestamp: 12.0416; robot: 4; time: 10.9741; initial_level: 1000; final_level: 985.734
event: task_resolution; timestamp: 23.0157; task: 91; pos: (9, -8); status: COMPLETED; attempt: 1
event: battery_consumption; timestamp: 23.0157; robot: 4; time: 4.12311; initial_level: 985.734; final_level: 985.734
event: navigation; timestamp: 23.0157; robot: 4; time: 4.12311; src: (9, -8); dst: (13, -7)
event: battery_consumption; timestamp: 23.0157; robot: 2; time: 4.12311; initial_level: 985.734; final_level: 985.734
event: navigation; timestamp: 23.0157; robot: 2; time: 4.12311; src: (9, -8); dst: (13, -7)
event: task_execution; timestamp: 14.7648; task: 82; robot: 1; pos: (-13, -7); time: 10.4822
event: battery_consumption; timestamp: 14.7648; robot: 1; time: 10.4822; initial_level: 1000; final_level: 990.566
event: task_resolution; timestamp: 25.247; task: 82; pos: (-13, -7); status: COMPLETED; attempt: 1
event: battery_consumption; timestamp: 25.247; robot: 1; time: 9.05539; initial_level: 990.566; final_level: 990.566
event: navigation; timestamp: 25.247; robot: 1; time: 9.05539; src: (-13, -7); dst: (-14, 2)
event: task_execution; timestamp: 27.1388; task: 92; robot: 2; pos: (13, -7); time: 9.31632
event: battery_consumption; timestamp: 27.1388; robot: 2; time: 9.31632; initial_level: 985.734; final_level: 972.691
event: task_execution; timestamp: 27.1388; task: 92; robot: 4; pos: (13, -7); time: 9.31632
event: battery_consumption; timestamp: 27.1388; robot: 4; time: 9.31632; initial_level: 985.734; final_level: 972.691
event: task_resolution; timestamp: 36.4551; task: 92; pos: (13, -7); status: COMPLETED; attempt: 1
event: battery_consumption; timestamp: 36.4551; robot: 4; time: 6.40312; initial_level: 972.691; final_level: 972.691
event: navigation; timestamp: 36.4551; robot: 4; time: 6.40312; src: (13, -7); dst: (17, -2)
event: battery_consumption; timestamp: 36.4551; robot: 2; time: 6.40312; initial_level: 972.691; final_level: 972.691
event: navigation; timestamp: 36.4551; robot: 2; time: 6.40312; src: (13, -7); dst: (17, -2)
event: task_execution; timestamp: 34.3024; task: 98; robot: 1; pos: (-14, 2); time: 9.78135
event: battery_consumption; timestamp: 34.3024; robot: 1; time: 9.78135; initial_level: 990.566; final_level: 981.763
event: task_execution; timestamp: 34.3024; task: 98; robot: 3; pos: (-14, 2); time: 9.78135
event: battery_consumption; timestamp: 34.3024; robot: 3; time: 9.78135; initial_level: 1000; final_level: 991.197
event: task_execution; timestamp: 34.3024; task: 98; robot: 5; pos: (-14, 2); time: 9.78135
event: battery_consumption; timestamp: 34.3024; robot: 5; time: 9.78135; initial_level: 1000; final_level: 991.197
event: task_resolution; timestamp: 44.0837; task: 98; pos: (-14, 2); status: COMPLETED; attempt: 1
event: battery_consumption; timestamp: 44.0837; robot: 1; time: 15; initial_level: 981.763; final_level: 981.763
event: navigation; timestamp: 44.0837; robot: 1; time: 15; src: (-14, 2); dst: (-5, -10)
event: battery_consumption; timestamp: 44.0837; robot: 5; time: 19.3132; initial_level: 991.197; final_level: 991.197
event: navigation; timestamp: 44.0837; robot: 5; time: 19.3132; src: (-14, 2); dst: (-32, -5)
event: battery_consumption; timestamp: 44.0837; robot: 3; time: 30.5941; initial_level: 991.197; final_level: 991.197
event: navigation; timestamp: 44.0837; robot: 3; time: 30.5941; src: (-14, 2); dst: (-20, 32)
event: task_execution; timestamp: 42.8583; task: 94; robot: 2; pos: (17, -2); time: 10.4759
event: battery_consumption; timestamp: 42.8583; robot: 2; time: 10.4759; initial_level: 972.691; final_level: 948.596
event: task_execution; timestamp: 42.8583; task: 94; robot: 4; pos: (17, -2); time: 10.4759
event: battery_consumption; timestamp: 42.8583; robot: 4; time: 10.4759; initial_level: 972.691; final_level: 948.596
event: task_resolution; timestamp: 53.3341; task: 94; pos: (17, -2); status: COMPLETED; attempt: 1
event: battery_consumption; timestamp: 53.3341; robot: 4; time: 6.32456; initial_level: 948.596; final_level: 948.596
event: navigation; timestamp: 53.3341; robot: 4; time: 6.32456; src: (17, -2); dst: (15, 4)
event: battery_consumption; timestamp: 53.3341; robot: 2; time: 6.32456; initial_level: 948.596; final_level: 948.596
event: navigation; timestamp: 53.3341; robot: 2; time: 6.32456; src: (17, -2); dst: (15, 4)
event: task_execution; timestamp: 59.0837; task: 65; robot: 1; pos: (-5, -10); time: 9.65371
event: battery_consumption; timestamp: 59.0837; robot: 1; time: 9.65371; initial_level: 981.763; final_level: 966.317
event: task_resolution; timestamp: 68.7374; task: 65; pos: (-5, -10); status: FAILED; attempt: 1
event: battery_consumption; timestamp: 68.7374; robot: 1; time: 9.21954; initial_level: 966.317; final_level: 966.317
event: navigation; timestamp: 68.7374; robot: 1; time: 9.21954; src: (-5, -10); dst: (-3, -19)
event: task_execution; timestamp: 59.6587; task: 96; robot: 2; pos: (15, 4); time: 10.4196
event: battery_consumption; timestamp: 59.6587; robot: 2; time: 10.4196; initial_level: 948.596; final_level: 921.505
event: task_execution; timestamp: 59.6587; task: 96; robot: 4; pos: (15, 4); time: 10.4196
event: battery_consumption; timestamp: 59.6587; robot: 4; time: 10.4196; initial_level: 948.596; final_level: 921.505
event: task_resolution; timestamp: 70.0783; task: 96; pos: (15, 4); status: COMPLETED; attempt: 1
event: battery_consumption; timestamp: 70.0783; robot: 4; time: 17.0294; initial_level: 921.505; final_level: 921.505
event: navigation; timestamp: 70.0783; robot: 4; time: 17.0294; src: (15, 4); dst: (16, -13)
event: battery_consumption; timestamp: 70.0783; robot: 2; time: 17.0294; initial_level: 921.505; final_level: 921.505
event: navigation; timestamp: 70.0783; robot: 2; time: 17.0294; src: (15, 4); dst: (16, -13)
event: task_execution; timestamp: 74.6778; task: 45; robot: 3; pos: (-20, 32); time: 9.25603
event: battery_consumption; timestamp: 74.6778; robot: 3; time: 9.25603; initial_level: 991.197; final_level: 981.941
event: task_resolution; timestamp: 83.9339; task: 45; pos: (-20, 32); status: FAILED; attempt: 1
event: battery_consumption; timestamp: 83.9339; robot: 3; time: 3; initial_level: 981.941; final_level: 981.941
event: navigation; timestamp: 83.9339; robot: 3; time: 3; src: (-20, 32); dst: (-20, 35)
event: task_execution; timestamp: 77.957; task: 83; robot: 1; pos: (-3, -19); time: 10.1758
event: battery_consumption; timestamp: 77.957; robot: 1; time: 10.1758; initial_level: 966.317; final_level: 952.071
event: task_resolution; timestamp: 88.1327; task: 83; pos: (-3, -19); status: COMPLETED; attempt: 1
event: battery_consumption; timestamp: 88.1327; robot: 1; time: 26.4764; initial_level: 952.071; final_level: 952.071
event: navigation; timestamp: 88.1327; robot: 1; time: 26.4764; src: (-3, -19); dst: (2, -45)
event: task_execution; timestamp: 87.1076; task: 95; robot: 2; pos: (16, -13); time: 10.0525
event: battery_consumption; timestamp: 87.1076; robot: 2; time: 10.0525; initial_level: 921.505; final_level: 915.474
event: task_execution; timestamp: 87.1076; task: 95; robot: 4; pos: (16, -13); time: 10.0525
event: battery_consumption; timestamp: 87.1076; robot: 4; time: 10.0525; initial_level: 921.505; final_level: 915.474
event: task_resolution; timestamp: 97.1602; task: 95; pos: (16, -13); status: COMPLETED; attempt: 1
event: battery_consumption; timestamp: 97.1602; robot: 4; time: 28.8617; initial_level: 915.474; final_level: 915.474
event: navigation; timestamp: 97.1602; robot: 4; time: 28.8617; src: (16, -13); dst: (23, 15)
event: battery_consumption; timestamp: 97.1602; robot: 2; time: 15.6525; initial_level: 915.474; final_level: 915.474
event: navigation; timestamp: 97.1602; robot: 2; time: 15.6525; src: (16, -13); dst: (23, -27)
event: task_execution; timestamp: 86.9339; task: 5; robot: 3; pos: (-20, 35); time: 12.0129
event: battery_consumption; timestamp: 86.9339; robot: 3; time: 12.0129; initial_level: 981.941; final_level: 957.915
event: task_resolution; timestamp: 98.9467; task: 5; pos: (-20, 35); status: FAILED; attempt: 1
event: battery_consumption; timestamp: 98.9467; robot: 3; time: 2; initial_level: 957.915; final_level: 957.915
event: navigation; timestamp: 98.9467; robot: 3; time: 2; src: (-20, 35); dst: (-18, 35)
event: task_execution; timestamp: 100.947; task: 3; robot: 3; pos: (-18, 35); time: 9.01576
event: battery_consumption; timestamp: 100.947; robot: 3; time: 9.01576; initial_level: 957.915; final_level: 948.899
event: task_resolution; timestamp: 109.963; task: 3; pos: (-18, 35); status: FAILED; attempt: 1
event: battery_consumption; timestamp: 109.963; robot: 3; time: 3; initial_level: 948.899; final_level: 948.899
event: navigation; timestamp: 109.963; robot: 3; time: 3; src: (-18, 35); dst: (-15, 35)
event: task_execution; timestamp: 112.813; task: 85; robot: 2; pos: (23, -27); time: 9.90735
event: battery_consumption; timestamp: 112.813; robot: 2; time: 9.90735; initial_level: 915.474; final_level: 913.492
event: task_resolution; timestamp: 122.72; task: 85; pos: (23, -27); status: COMPLETED; attempt: 1
event: battery_consumption; timestamp: 122.72; robot: 2; time: 3.60555; initial_level: 913.492; final_level: 913.492
event: navigation; timestamp: 122.72; robot: 2; time: 3.60555; src: (23, -27); dst: (25, -30)
event: task_execution; timestamp: 114.609; task: 48; robot: 1; pos: (2, -45); time: 9.50704
event: battery_consumption; timestamp: 114.609; robot: 1; time: 9.50704; initial_level: 952.071; final_level: 942.564
event: task_resolution; timestamp: 124.116; task: 48; pos: (2, -45); status: COMPLETED; attempt: 1
event: battery_consumption; timestamp: 124.116; robot: 1; time: 2; initial_level: 942.564; final_level: 942.564
event: navigation; timestamp: 124.116; robot: 1; time: 2; src: (2, -45); dst: (0, -45)
event: task_execution; timestamp: 112.963; task: 1; robot: 3; pos: (-15, 35); time: 11.2506
event: battery_consumption; timestamp: 112.963; robot: 3; time: 11.2506; initial_level: 948.899; final_level: 926.398
event: task_resolution; timestamp: 124.213; task: 1; pos: (-15, 35); status: COMPLETED; attempt: 1
event: battery_consumption; timestamp: 124.213; robot: 3; time: 33.541; initial_level: 926.398; final_level: 926.398
event: navigation; timestamp: 124.213; robot: 3; time: 33.541; src: (-15, 35); dst: (-9, 2)
event: task_execution; timestamp: 126.116; task: 21; robot: 1; pos: (0, -45); time: 9.3904
event: battery_consumption; timestamp: 126.116; robot: 1; time: 9.3904; initial_level: 942.564; final_level: 933.173
event: task_resolution; timestamp: 135.507; task: 21; pos: (0, -45); status: COMPLETED; attempt: 1
event: battery_consumption; timestamp: 135.507; robot: 1; time: 33.541; initial_level: 933.173; final_level: 933.173
event: navigation; timestamp: 135.507; robot: 1; time: 33.541; src: (0, -45); dst: (-30, -30)
event: task_execution; timestamp: 126.326; task: 63; robot: 2; pos: (25, -30); time: 11.6582
event: battery_consumption; timestamp: 126.326; robot: 2; time: 11.6582; initial_level: 913.492; final_level: 906.498
event: task_resolution; timestamp: 137.984; task: 63; pos: (25, -30); status: COMPLETED; attempt: 1
event: battery_consumption; timestamp: 137.984; robot: 2; time: 16.5529; initial_level: 906.498; final_level: 906.498
event: navigation; timestamp: 137.984; robot: 2; time: 16.5529; src: (25, -30); dst: (32, -15)
event: task_execution; timestamp: 154.537; task: 50; robot: 2; pos: (32, -15); time: 8.71056
event: battery_consumption; timestamp: 154.537; robot: 2; time: 8.71056; initial_level: 906.498; final_level: 880.366
event: task_resolution; timestamp: 163.247; task: 50; pos: (32, -15); status: COMPLETED; attempt: 1
event: battery_consumption; timestamp: 163.247; robot: 2; time: 7; initial_level: 880.366; final_level: 880.366
event: navigation; timestamp: 163.247; robot: 2; time: 7; src: (32, -15); dst: (25, -15)
event: task_execution; timestamp: 157.754; task: 69; robot: 3; pos: (-9, 2); time: 10.1169
event: battery_consumption; timestamp: 157.754; robot: 3; time: 10.1169; initial_level: 926.398; final_level: 899.082
event: task_resolution; timestamp: 167.871; task: 69; pos: (-9, 2); status: COMPLETED; attempt: 1
event: battery_consumption; timestamp: 167.871; robot: 3; time: 29.8329; initial_level: 899.082; final_level: 899.082
event: navigation; timestamp: 167.871; robot: 3; time: 29.8329; src: (-9, 2); dst: (-38, -5)
event: task_execution; timestamp: 170.247; task: 62; robot: 2; pos: (25, -15); time: 11.1397
event: battery_consumption; timestamp: 170.247; robot: 2; time: 11.1397; initial_level: 880.366; final_level: 877.024
event: task_resolution; timestamp: 181.387; task: 62; pos: (25, -15); status: COMPLETED; attempt: 1
event: battery_consumption; timestamp: 181.387; robot: 2; time: 20.6155; initial_level: 877.024; final_level: 877.024
event: navigation; timestamp: 181.387; robot: 2; time: 20.6155; src: (25, -15); dst: (5, -20)
event: task_execution; timestamp: 197.704; task: 47; robot: 3; pos: (-38, -5); time: 10.6258
event: battery_consumption; timestamp: 197.704; robot: 3; time: 10.6258; initial_level: 899.082; final_level: 888.457
event: task_resolution; timestamp: 208.33; task: 47; pos: (-38, -5); status: COMPLETED; attempt: 1
event: battery_consumption; timestamp: 208.33; robot: 3; time: 26.2488; initial_level: 888.457; final_level: 888.457
event: navigation; timestamp: 208.33; robot: 3; time: 26.2488; src: (-38, -5); dst: (-30, -30)
event: task_execution; timestamp: 202.002; task: 64; robot: 2; pos: (5, -20); time: 12.5398
event: battery_consumption; timestamp: 202.002; robot: 2; time: 12.5398; initial_level: 877.024; final_level: 855.706
event: task_resolution; timestamp: 214.542; task: 64; pos: (5, -20); status: COMPLETED; attempt: 1
event: battery_consumption; timestamp: 214.542; robot: 2; time: 39.3573; initial_level: 855.706; final_level: 855.706
event: navigation; timestamp: 214.542; robot: 2; time: 39.3573; src: (5, -20); dst: (23, 15)
event: task_execution; timestamp: 234.578; task: 59; robot: 1; pos: (-30, -30); time: 8.43983
event: battery_consumption; timestamp: 234.578; robot: 1; time: 8.43983; initial_level: 933.173; final_level: 917.138
event: task_execution; timestamp: 234.578; task: 59; robot: 3; pos: (-30, -30); time: 8.43983
event: battery_consumption; timestamp: 234.578; robot: 3; time: 8.43983; initial_level: 888.457; final_level: 872.421
event: task_execution; timestamp: 234.578; task: 59; robot: 7; pos: (-30, -30); time: 8.43983
event: battery_consumption; timestamp: 234.578; robot: 7; time: 8.43983; initial_level: 1000; final_level: 983.964
event: task_resolution; timestamp: 243.018; task: 59; pos: (-30, -30); status: COMPLETED; attempt: 1
event: battery_consumption; timestamp: 243.018; robot: 3; time: 15.8114; initial_level: 872.421; final_level: 872.421
event: navigation; timestamp: 243.018; robot: 3; time: 15.8114; src: (-30, -30); dst: (-35, -45)
event: battery_consumption; timestamp: 243.018; robot: 7; time: 18.0278; initial_level: 983.964; final_level: 983.964
event: navigation; timestamp: 243.018; robot: 7; time: 18.0278; src: (-30, -30); dst: (-15, -20)
event: battery_consumption; timestamp: 243.018; robot: 1; time: 15.8114; initial_level: 917.138; final_level: 917.138
event: navigation; timestamp: 243.018; robot: 1; time: 15.8114; src: (-30, -30); dst: (-35, -45)
event: task_execution; timestamp: 253.9; task: 72; robot: 2; pos: (23, 15); time: 10.3836
event: battery_consumption; timestamp: 253.9; robot: 2; time: 10.3836; initial_level: 855.706; final_level: 847.399
event: task_execution; timestamp: 253.9; task: 72; robot: 4; pos: (23, 15); time: 10.3836
event: battery_consumption; timestamp: 253.9; robot: 4; time: 10.3836; initial_level: 915.474; final_level: 907.167
event: task_resolution; timestamp: 264.283; task: 72; pos: (23, 15); status: COMPLETED; attempt: 1
event: battery_consumption; timestamp: 264.283; robot: 2; time: 18; initial_level: 847.399; final_level: 847.399
event: navigation; timestamp: 264.283; robot: 2; time: 18; src: (23, 15); dst: (5, 15)
event: battery_consumption; timestamp: 264.283; robot: 4; time: 23.0217; initial_level: 907.167; final_level: 907.167
event: navigation; timestamp: 264.283; robot: 4; time: 23.0217; src: (23, 15); dst: (24, -8)
event: task_execution; timestamp: 258.83; task: 75; robot: 1; pos: (-35, -45); time: 12.3173
event: battery_consumption; timestamp: 258.83; robot: 1; time: 12.3173; initial_level: 917.138; final_level: 897.43
event: task_execution; timestamp: 258.83; task: 75; robot: 3; pos: (-35, -45); time: 12.3173
event: battery_consumption; timestamp: 258.83; robot: 3; time: 12.3173; initial_level: 872.421; final_level: 852.713
event: task_resolution; timestamp: 271.147; task: 75; pos: (-35, -45); status: COMPLETED; attempt: 1
event: battery_consumption; timestamp: 271.147; robot: 3; time: 36.6197; initial_level: 852.713; final_level: 852.713
event: navigation; timestamp: 271.147; robot: 3; time: 36.6197; src: (-35, -45); dst: (-14, -15)
event: battery_consumption; timestamp: 271.147; robot: 1; time: 36.6197; initial_level: 897.43; final_level: 897.43
event: navigation; timestamp: 271.147; robot: 1; time: 36.6197; src: (-35, -45); dst: (-14, -15)
event: task_execution; timestamp: 282.283; task: 61; robot: 2; pos: (5, 15); time: 9.81449
event: battery_consumption; timestamp: 282.283; robot: 2; time: 9.81449; initial_level: 847.399; final_level: 838.566
event: task_resolution; timestamp: 292.098; task: 61; pos: (5, 15); status: COMPLETED; attempt: 1
event: battery_consumption; timestamp: 292.098; robot: 2; time: 22.1359; initial_level: 838.566; final_level: 838.566
event: navigation; timestamp: 292.098; robot: 2; time: 22.1359; src: (5, 15); dst: (-16, 8)
event: task_execution; timestamp: 287.305; task: 67; robot: 4; pos: (24, -8); time: 10.2354
event: battery_consumption; timestamp: 287.305; robot: 4; time: 10.2354; initial_level: 907.167; final_level: 897.955
event: task_resolution; timestamp: 297.54; task: 67; pos: (24, -8); status: COMPLETED; attempt: 1
event: battery_consumption; timestamp: 297.54; robot: 4; time: 13.0384; initial_level: 897.955; final_level: 897.955
event: navigation; timestamp: 297.54; robot: 4; time: 13.0384; src: (24, -8); dst: (25, 5)
event: task_execution; timestamp: 314.234; task: 88; robot: 2; pos: (-16, 8); time: 10.8707
event: battery_consumption; timestamp: 314.234; robot: 2; time: 10.8707; initial_level: 838.566; final_level: 817.912
event: task_resolution; timestamp: 325.104; task: 88; pos: (-16, 8); status: COMPLETED; attempt: 1
event: battery_consumption; timestamp: 325.104; robot: 2; time: 23.0868; initial_level: 817.912; final_level: 817.912
event: navigation; timestamp: 325.104; robot: 2; time: 23.0868; src: (-16, 8); dst: (-14, -15)
event: task_execution; timestamp: 348.191; task: 99; robot: 1; pos: (-14, -15); time: 10.5458
event: battery_consumption; timestamp: 348.191; robot: 1; time: 10.5458; initial_level: 897.43; final_level: 881.611
event: task_execution; timestamp: 348.191; task: 99; robot: 2; pos: (-14, -15); time: 10.5458
event: battery_consumption; timestamp: 348.191; robot: 2; time: 10.5458; initial_level: 817.912; final_level: 802.093
event: task_execution; timestamp: 348.191; task: 99; robot: 3; pos: (-14, -15); time: 10.5458
event: battery_consumption; timestamp: 348.191; robot: 3; time: 10.5458; initial_level: 852.713; final_level: 836.895
event: task_resolution; timestamp: 358.737; task: 99; pos: (-14, -15); status: COMPLETED; attempt: 1
event: battery_consumption; timestamp: 358.737; robot: 1; time: 12.083; initial_level: 881.611; final_level: 881.611
event: navigation; timestamp: 358.737; robot: 1; time: 12.083; src: (-14, -15); dst: (-19, -26)
event: battery_consumption; timestamp: 358.737; robot: 2; time: 5.09902; initial_level: 802.093; final_level: 802.093
event: navigation; timestamp: 358.737; robot: 2; time: 5.09902; src: (-14, -15); dst: (-15, -20)
event: battery_consumption; timestamp: 358.737; robot: 3; time: 16.2788; initial_level: 836.895; final_level: 836.895
event: navigation; timestamp: 358.737; robot: 3; time: 16.2788; src: (-14, -15); dst: (-3, -3)
event: battery_consumption; timestamp: 361; robot: 4; time: 21.1896; initial_level: 897.955; final_level: 897.955
event: navigation; timestamp: 361; robot: 4; time: 21.1896; src: (25, 5); dst: (18, 25)
event: task_execution; timestamp: 363.836; task: 52; robot: 2; pos: (-15, -20); time: 10.9684
event: battery_consumption; timestamp: 363.836; robot: 2; time: 10.9684; initial_level: 802.093; final_level: 798.803
event: task_execution; timestamp: 363.836; task: 52; robot: 7; pos: (-15, -20); time: 10.9684
event: battery_consumption; timestamp: 363.836; robot: 7; time: 10.9684; initial_level: 983.964; final_level: 980.674
event: task_resolution; timestamp: 374.804; task: 52; pos: (-15, -20); status: FAILED; attempt: 1
event: battery_consumption; timestamp: 374.804; robot: 2; time: 20.6155; initial_level: 798.803; final_level: 798.803
event: navigation; timestamp: 374.804; robot: 2; time: 20.6155; src: (-15, -20); dst: (-20, 0)
event: battery_consumption; timestamp: 374.804; robot: 7; time: 31.6228; initial_level: 980.674; final_level: 980.674
event: navigation; timestamp: 374.804; robot: 7; time: 31.6228; src: (-15, -20); dst: (15, -30)
event: task_execution; timestamp: 370.82; task: 86; robot: 1; pos: (-19, -26); time: 9.19624
event: battery_consumption; timestamp: 370.82; robot: 1; time: 9.19624; initial_level: 881.611; final_level: 855.862
event: task_resolution; timestamp: 380.016; task: 86; pos: (-19, -26); status: COMPLETED; attempt: 1
event: battery_consumption; timestamp: 380.016; robot: 1; time: 9; initial_level: 855.862; final_level: 855.862
event: navigation; timestamp: 380.016; robot: 1; time: 9; src: (-19, -26); dst: (-28, -26)
event: task_execution; timestamp: 375.016; task: 90; robot: 3; pos: (-3, -3); time: 10.3761
event: battery_consumption; timestamp: 375.016; robot: 3; time: 10.3761; initial_level: 836.895; final_level: 830.669
event: task_resolution; timestamp: 385.392; task: 90; pos: (-3, -3); status: COMPLETED; attempt: 1
event: battery_consumption; timestamp: 385.392; robot: 3; time: 16.2788; initial_level: 830.669; final_level: 830.669
event: navigation; timestamp: 385.392; robot: 3; time: 16.2788; src: (-3, -3); dst: (9, 8)
event: task_execution; timestamp: 382.19; task: 41; robot: 4; pos: (18, 25); time: 9.0825
event: battery_consumption; timestamp: 382.19; robot: 4; time: 9.0825; initial_level: 897.955; final_level: 879.79
event: task_resolution; timestamp: 391.272; task: 41; pos: (18, 25); status: COMPLETED; attempt: 1
event: battery_consumption; timestamp: 391.272; robot: 4; time: 6.40312; initial_level: 879.79; final_level: 879.79
event: navigation; timestamp: 391.272; robot: 4; time: 6.40312; src: (18, 25); dst: (22, 30)
event: battery_consumption; timestamp: 398; robot: 4; time: 3.60555; initial_level: 879.79; final_level: 879.79
event: navigation; timestamp: 398; robot: 4; time: 3.60555; src: (22, 30); dst: (25, 32)
event: task_execution; timestamp: 389.016; task: 87; robot: 1; pos: (-28, -26); time: 9.25293
event: battery_consumption; timestamp: 389.016; robot: 1; time: 9.25293; initial_level: 855.862; final_level: 843.833
event: task_resolution; timestamp: 398.269; task: 87; pos: (-28, -26); status: COMPLETED; attempt: 1
event: battery_consumption; timestamp: 398.269; robot: 1; time: 27.2029; initial_level: 843.833; final_level: 843.833
event: navigation; timestamp: 398.269; robot: 1; time: 27.2029; src: (-28, -26); dst: (-20, 0)
event: task_execution; timestamp: 401.671; task: 81; robot: 3; pos: (9, 8); time: 9.90846
event: battery_consumption; timestamp: 401.671; robot: 3; time: 9.90846; initial_level: 830.669; final_level: 820.76
event: task_resolution; timestamp: 411.579; task: 81; pos: (9, 8); status: COMPLETED; attempt: 1
event: battery_consumption; timestamp: 411.579; robot: 3; time: 28.8444; initial_level: 820.76; final_level: 820.76
event: navigation; timestamp: 411.579; robot: 3; time: 28.8444; src: (9, 8); dst: (25, 32)
event: task_execution; timestamp: 425.472; task: 53; robot: 1; pos: (-20, 0); time: 7.51716
event: battery_consumption; timestamp: 425.472; robot: 1; time: 7.51716; initial_level: 843.833; final_level: 840.074
event: task_execution; timestamp: 425.472; task: 53; robot: 2; pos: (-20, 0); time: 7.51716
event: battery_consumption; timestamp: 425.472; robot: 2; time: 7.51716; initial_level: 798.803; final_level: 795.044
event: task_resolution; timestamp: 432.989; task: 53; pos: (-20, 0); status: FAILED; attempt: 1
event: battery_consumption; timestamp: 432.989; robot: 1; time: 13.4164; initial_level: 840.074; final_level: 840.074
event: navigation; timestamp: 432.989; robot: 1; time: 13.4164; src: (-20, 0); dst: (-32, 6)
event: battery_consumption; timestamp: 432.989; robot: 2; time: 13.4164; initial_level: 795.044; final_level: 795.044
event: navigation; timestamp: 432.989; robot: 2; time: 13.4164; src: (-20, 0); dst: (-32, 6)
event: battery_consumption; timestamp: 446; robot: 7; time: 9.21954; initial_level: 980.674; final_level: 980.674
event: navigation; timestamp: 446; robot: 7; time: 9.21954; src: (15, -30); dst: (17, -21)
event: task_execution; timestamp: 455.22; task: 84; robot: 7; pos: (17, -21); time: 9.38883
event: battery_consumption; timestamp: 455.22; robot: 7; time: 9.38883; initial_level: 980.674; final_level: 963.774
event: task_resolution; timestamp: 464.608; task: 84; pos: (17, -21); status: COMPLETED; attempt: 1
event: battery_consumption; timestamp: 464.608; robot: 7; time: 22.6716; initial_level: 963.774; final_level: 963.774
event: navigation; timestamp: 464.608; robot: 7; time: 22.6716; src: (17, -21); dst: (2, -38)
event: battery_consumption; timestamp: 485; robot: 2; time: 38.2099; initial_level: 795.044; final_level: 795.044
event: navigation; timestamp: 485; robot: 2; time: 38.2099; src: (-32, 6); dst: (-36, -32)
event: battery_consumption; timestamp: 485; robot: 1; time: 26; initial_level: 840.074; final_level: 840.074
event: navigation; timestamp: 485; robot: 1; time: 26; src: (-32, 6); dst: (-22, 30)
event: task_execution; timestamp: 487.28; task: 49; robot: 7; pos: (2, -38); time: 9.70058
event: battery_consumption; timestamp: 487.28; robot: 7; time: 9.70058; initial_level: 963.774; final_level: 954.073
event: task_resolution; timestamp: 496.981; task: 49; pos: (2, -38); status: COMPLETED; attempt: 1
event: battery_consumption; timestamp: 496.981; robot: 7; time: 38.4708; initial_level: 954.073; final_level: 954.073
event: navigation; timestamp: 496.981; robot: 7; time: 38.4708; src: (2, -38); dst: (-36, -32)
event: task_execution; timestamp: 511; task: 46; robot: 1; pos: (-22, 30); time: 9.94982
event: battery_consumption; timestamp: 511; robot: 1; time: 9.94982; initial_level: 840.074; final_level: 830.125
event: task_resolution; timestamp: 520.95; task: 46; pos: (-22, 30); status: FAILED; attempt: 1
event: battery_consumption; timestamp: 520.95; robot: 1; time: 63.561; initial_level: 830.125; final_level: 830.125
event: navigation; timestamp: 520.95; robot: 1; time: 63.561; src: (-22, 30); dst: (-36, -32)
event: task_execution; timestamp: 584.511; task: 97; robot: 1; pos: (-36, -32); time: 9.16045
event: battery_consumption; timestamp: 584.511; robot: 1; time: 9.16045; initial_level: 830.125; final_level: 798.063
event: task_execution; timestamp: 584.511; task: 97; robot: 2; pos: (-36, -32); time: 9.16045
event: battery_consumption; timestamp: 584.511; robot: 2; time: 9.16045; initial_level: 795.044; final_level: 762.983
event: task_execution; timestamp: 584.511; task: 97; robot: 7; pos: (-36, -32); time: 9.16045
event: battery_consumption; timestamp: 584.511; robot: 7; time: 9.16045; initial_level: 954.073; final_level: 922.012
event: task_resolution; timestamp: 593.671; task: 97; pos: (-36, -32); status: COMPLETED; attempt: 1
event: battery_consumption; timestamp: 593.671; robot: 7; time: 43.4166; initial_level: 922.012; final_level: 922.012
event: navigation; timestamp: 593.671; robot: 7; time: 43.4166; src: (-36, -32); dst: (-25, 10)
event: battery_consumption; timestamp: 593.671; robot: 1; time: 41.5933; initial_level: 798.063; final_level: 798.063
event: navigation; timestamp: 593.671; robot: 1; time: 41.5933; src: (-36, -32); dst: (1, -13)
event: battery_consumption; timestamp: 593.671; robot: 2; time: 16.1245; initial_level: 762.983; final_level: 762.983
event: navigation; timestamp: 593.671; robot: 2; time: 16.1245; src: (-36, -32); dst: (-20, -30)
event: task_execution; timestamp: 635.265; task: 66; robot: 1; pos: (1, -13); time: 9.56098
event: battery_consumption; timestamp: 635.265; robot: 1; time: 9.56098; initial_level: 798.063; final_level: 782.766
event: task_resolution; timestamp: 644.826; task: 66; pos: (1, -13); status: COMPLETED; attempt: 1
event: battery_consumption; timestamp: 644.826; robot: 1; time: 23.0217; initial_level: 782.766; final_level: 782.766
event: navigation; timestamp: 644.826; robot: 1; time: 23.0217; src: (1, -13); dst: (0, 10)
event: task_execution; timestamp: 667.847; task: 68; robot: 1; pos: (0, 10); time: 9.24342
event: battery_consumption; timestamp: 667.847; robot: 1; time: 9.24342; initial_level: 782.766; final_level: 763.354
event: task_resolution; timestamp: 677.091; task: 68; pos: (0, 10); status: COMPLETED; attempt: 1
event: battery_consumption; timestamp: 677.091; robot: 1; time: 44.7214; initial_level: 763.354; final_level: 763.354
event: navigation; timestamp: 677.091; robot: 1; time: 44.7214; src: (0, 10); dst: (-20, -30)
event: task_execution; timestamp: 721.812; task: 74; robot: 1; pos: (-20, -30); time: 9.93343
event: battery_consumption; timestamp: 721.812; robot: 1; time: 9.93343; initial_level: 763.354; final_level: 755.408
event: task_execution; timestamp: 721.812; task: 74; robot: 2; pos: (-20, -30); time: 9.93343
event: battery_consumption; timestamp: 721.812; robot: 2; time: 9.93343; initial_level: 762.983; final_level: 755.036
event: task_resolution; timestamp: 731.745; task: 74; pos: (-20, -30); status: COMPLETED; attempt: 1
event: battery_consumption; timestamp: 731.745; robot: 2; time: 40.3113; initial_level: 755.036; final_level: 755.036
event: navigation; timestamp: 731.745; robot: 2; time: 40.3113; src: (-20, -30); dst: (-25, 10)
event: battery_consumption; timestamp: 731.745; robot: 1; time: 49.3356; initial_level: 755.408; final_level: 755.408
event: navigation; timestamp: 731.745; robot: 1; time: 49.3356; src: (-20, -30); dst: (27, -45)
event: task_execution; timestamp: 781.081; task: 89; robot: 1; pos: (27, -45); time: 10.7112
event: battery_consumption; timestamp: 781.081; robot: 1; time: 10.7112; initial_level: 755.408; final_level: 728.63
event: task_resolution; timestamp: 791.792; task: 89; pos: (27, -45); status: COMPLETED; attempt: 1
event: battery_consumption; timestamp: 791.792; robot: 1; time: 32; initial_level: 728.63; final_level: 728.63
event: navigation; timestamp: 791.792; robot: 1; time: 32; src: (27, -45); dst: (-5, -45)
event: battery_consumption; timestamp: 814; robot: 7; time: 17.4642; initial_level: 922.012; final_level: 922.012
event: navigation; timestamp: 814; robot: 7; time: 17.4642; src: (-25, 10); dst: (-9, 17)
event: battery_consumption; timestamp: 814; robot: 2; time: 21.9317; initial_level: 755.036; final_level: 755.036
event: navigation; timestamp: 814; robot: 2; time: 21.9317; src: (-25, 10); dst: (-5, 19)
event: task_execution; timestamp: 823.792; task: 25; robot: 1; pos: (-5, -45); time: 8.94782
event: battery_consumption; timestamp: 823.792; robot: 1; time: 8.94782; initial_level: 728.63; final_level: 710.734
event: task_resolution; timestamp: 832.74; task: 25; pos: (-5, -45); status: FAILED; attempt: 1
event: battery_consumption; timestamp: 832.74; robot: 1; time: 12.1655; initial_level: 710.734; final_level: 710.734
event: navigation; timestamp: 832.74; robot: 1; time: 12.1655; src: (-5, -45); dst: (-17, -47)
event: task_execution; timestamp: 835.932; task: 70; robot: 2; pos: (-5, 19); time: 10.5068
event: battery_consumption; timestamp: 835.932; robot: 2; time: 10.5068; initial_level: 755.036; final_level: 730.87
event: task_resolution; timestamp: 846.438; task: 70; pos: (-5, 19); status: COMPLETED; attempt: 1
event: battery_consumption; timestamp: 846.438; robot: 2; time: 4.47214; initial_level: 730.87; final_level: 730.87
event: navigation; timestamp: 846.438; robot: 2; time: 4.47214; src: (-5, 19); dst: (-9, 17)
event: battery_consumption; timestamp: 884; robot: 1; time: 10.6301; initial_level: 710.734; final_level: 710.734
event: navigation; timestamp: 884; robot: 1; time: 10.6301; src: (-17, -47); dst: (-25, -40)
event: battery_consumption; timestamp: 902; robot: 1; time: 47.1699; initial_level: 710.734; final_level: 710.734
event: navigation; timestamp: 902; robot: 1; time: 47.1699; src: (-25, -40); dst: (0, 0)
event: recharge; timestamp: 949.17; robot: 1; recharging_station: 1; pos: (0, 0); level: 1000
event: battery_consumption; timestamp: 909; robot: 3; time: 40.6079; initial_level: 820.76; final_level: 820.76
event: navigation; timestamp: 909; robot: 3; time: 40.6079; src: (25, 32); dst: (0, 0)
event: recharge; timestamp: 949.608; robot: 3; recharging_station: 1; pos: (0, 0); level: 1000
event: battery_consumption; timestamp: 909; robot: 4; time: 40.6079; initial_level: 879.79; final_level: 879.79
event: navigation; timestamp: 909; robot: 4; time: 40.6079; src: (25, 32); dst: (0, 0)
event: recharge; timestamp: 949.608; robot: 4; recharging_station: 1; pos: (0, 0); level: 1000
event: battery_consumption; timestamp: 917; robot: 5; time: 32.3883; initial_level: 991.197; final_level: 991.197
event: navigation; timestamp: 917; robot: 5; time: 32.3883; src: (-32, -5); dst: (0, 0)
event: recharge; timestamp: 949.388; robot: 5; recharging_station: 1; pos: (0, 0); level: 1000
event: battery_consumption; timestamp: 930; robot: 2; time: 19.2354; initial_level: 730.87; final_level: 730.87
event: navigation; timestamp: 930; robot: 2; time: 19.2354; src: (-9, 17); dst: (0, 0)
event: recharge; timestamp: 949.235; robot: 2; recharging_station: 1; pos: (0, 0); level: 1000
event: battery_consumption; timestamp: 930; robot: 7; time: 19.2354; initial_level: 922.012; final_level: 922.012
event: navigation; timestamp: 930; robot: 7; time: 19.2354; src: (-9, 17); dst: (0, 0)
event: recharge; timestamp: 949.235; robot: 7; recharging_station: 1; pos: (0, 0); level: 1000
event: robot_finished; timestamp: 949.17; robot: 1; pos: (0, 0); battery: 1000
event: robot_finished; timestamp: 949.235; robot: 2; pos: (0, 0); battery: 1000
event: robot_finished; timestamp: 949.235; robot: 7; pos: (0, 0); battery: 1000
event: robot_finished; timestamp: 949.388; robot: 5; pos: (0, 0); battery: 1000
event: robot_finished; timestamp: 949.608; robot: 4; pos: (0, 0); battery: 1000
event: robot_finished; timestamp: 949.608; robot: 3; pos: (0, 0); battery: 1000
metric: available_agents; value: 0
metric: failed_agents; value: 0
metric: finished_agents; value: 10
metric: completed_tasks; value: 38
metric: pending_tasks; value: 0
metric: failed_tasks; value: 62
metric: average_robot_makespan; value: 569.624
metric: sd_robot_makespan; value: 490.255
metric: max_robot_makespan; value: 949.608
metric: min_robot_makespan; value: 0
metric: average_robot_travel_distance; value: 175.358
metric: sd_robot_travel_distance; value: 200.052
metric: max_robot_travel_distance; value: 574.389
metric: min_robot_travel_distance; value: 0
metric: sum_robot_travel_distance; value: 1753.58
metric: average_completed_tasks_by_robot; value: 0
metric: sd_completed_tasks_by_robot; value: 0
metric: max_completed_tasks_by_robot; value: 0
metric: min_completed_tasks_by_robot; value: 0
metric: final_reward; value: 0.38
metric: computing_time; value: 0.0151378
