info: solver_name; value: random
info: reward_function; value: reward00
info: replica; value: 1
info: filename; value: ../logs/prueba/rc206_10r_100t_b0f5abc8_random_reward00_001.log
info: scenario_name; value: rc206_10r_100t_b0f5abc8
info: scenario_name; value: rc206_10r_100t_b0f5abc8
info: number_of_tasks; value: 100
info: number_of_robots; value: 10
info: number_of_recharging_stations; value: 1
info: scenario_size; value: (132,132)
event: recharging_station_spawn; timestamp: 0; recharging_station: 1; pos: (0, 0)
event: task_spawn; timestamp: 0; task: 1; pos: (-15, 35); earliest_start: 613; latest_start: 853; state: PENDING; required_workers: 1; success_prob: 0.2; max_attempts: 1
event: task_spawn; timestamp: 0; task: 2; pos: (-18, 25); earliest_start: 92; latest_start: 332; state: PENDING; required_workers: 1; success_prob: 0.2; max_attempts: 1
event: task_spawn; timestamp: 0; task: 3; pos: (-18, 35); earliest_start: 411; latest_start: 651; state: PENDING; required_workers: 1; success_prob: 0.2; max_attempts: 1
event: task_spawn; timestamp: 0; task: 4; pos: (-20, 30); earliest_start: 584; latest_start: 824; state: PENDING; required_workers: 1; success_prob: 0.2; max_attempts: 1
event: task_spawn; timestamp: 0; task: 5; pos: (-20, 35); earliest_start: 40; latest_start: 280; state: PENDING; required_workers: 1; success_prob: 0.2; max_attempts: 1
event: task_spawn; timestamp: 0; task: 6; pos: (-22, 25); earliest_start: 328; latest_start: 568; state: PENDING; required_workers: 1; success_prob: 0.2; max_attempts: 1
event: task_spawn; timestamp: 0; task: 7; pos: (-25, 25); earliest_start: 240; latest_start: 480; state: PENDING; required_workers: 1; success_prob: 0.2; max_attempts: 1
event: task_spawn; timestamp: 0; task: 8; pos: (-25, 30); earliest_start: 307; latest_start: 547; state: PENDING; required_workers: 1; success_prob: 0.2; max_attempts: 1
event: task_spawn; timestamp: 0; task: 9; pos: (-30, -15); earliest_start: 311; latest_start: 551; state: PENDING; required_workers: 1; success_prob: 0.2; max_attempts: 1
event: task_spawn; timestamp: 0; task: 10; pos: (-30, -10); earliest_start: 459; latest_start: 699; state: PENDING; required_workers: 1; success_prob: 0.2; max_attempts: 1
event: task_spawn; timestamp: 0; task: 11; pos: (-32, -10); earliest_start: 135; latest_start: 375; state: PENDING; required_workers: 2; success_prob: 0.2; max_attempts: 1
event: task_spawn; timestamp: 0; task: 12; pos: (-32, -5); earliest_start: 163; latest_start: 403; state: PENDING; required_workers: 2; success_prob: 0.2; max_attempts: 1
event: task_spawn; timestamp: 0; task: 13; pos: (-35, -15); earliest_start: 593; latest_start: 833; state: PENDING; required_workers: 2; success_prob: 0.2; max_attempts: 1
event: task_spawn; timestamp: 0; task: 14; pos: (-35, -5); earliest_start: 35; latest_start: 275; state: PENDING; required_workers: 2; success_prob: 0.2; max_attempts: 1
event: task_spawn; timestamp: 0; task: 15; pos: (-38, -10); earliest_start: 114; latest_start: 354; state: PENDING; required_workers: 2; success_prob: 0.2; max_attempts: 1
event: task_spawn; timestamp: 0; task: 16; pos: (-40, -10); earliest_start: 195; latest_start: 435; state: PENDING; required_workers: 2; success_prob: 0.2; max_attempts: 1
event: task_spawn; timestamp: 0; task: 17; pos: (-40, -5); earliest_start: 643; latest_start: 883; state: PENDING; required_workers: 3; success_prob: 0.2; max_attempts: 1
event: task_spawn; timestamp: 0; task: 18; pos: (4, -45); earliest_start: 275; latest_start: 515; state: PENDING; required_workers: 3; success_prob: 0.2; max_attempts: 1
event: task_spawn; timestamp: 0; task: 19; pos: (2, -40); earliest_start: 194; latest_start: 434; state: PENDING; required_workers: 3; success_prob: 0.2; max_attempts: 1
event: task_spawn; timestamp: 0; task: 20; pos: (2, -35); earliest_start: 477; latest_start: 717; state: PENDING; required_workers: 3; success_prob: 0.2; max_attempts: 1
event: task_spawn; timestamp: 0; task: 21; pos: (0, -45); earliest_start: 155; latest_start: 395; state: PENDING; required_workers: 1; success_prob: 0.4; max_attempts: 1
event: task_spawn; timestamp: 0; task: 22; pos: (0, -35); earliest_start: 315; latest_start: 555; state: PENDING; required_workers: 1; success_prob: 0.4; max_attempts: 1
event: task_spawn; timestamp: 0; task: 23; pos: (-2, -45); earliest_start: 141; latest_start: 381; state: PENDING; required_workers: 1; success_prob: 0.4; max_attempts: 1
event: task_spawn; timestamp: 0; task: 24; pos: (-2, -35); earliest_start: 621; latest_start: 861; state: PENDING; required_workers: 1; success_prob: 0.4; max_attempts: 1
event: task_spawn; timestamp: 0; task: 25; pos: (-5, -45); earliest_start: 664; latest_start: 904; state: PENDING; required_workers: 1; success_prob: 0.4; max_attempts: 1
event: task_spawn; timestamp: 0; task: 26; pos: (55, -20); earliest_start: 469; latest_start: 709; state: PENDING; required_workers: 1; success_prob: 0.4; max_attempts: 1
event: task_spawn; timestamp: 0; task: 27; pos: (55, -15); earliest_start: 86; latest_start: 326; state: PENDING; required_workers: 1; success_prob: 0.4; max_attempts: 1
event: task_spawn; timestamp: 0; task: 28; pos: (52, -20); earliest_start: 89; latest_start: 329; state: PENDING; required_workers: 1; success_prob: 0.4; max_attempts: 1
event: task_spawn; timestamp: 0; task: 29; pos: (50, -15); earliest_start: 134; latest_start: 374; state: PENDING; required_workers: 1; success_prob: 0.4; max_attempts: 1
event: task_spawn; timestamp: 0; task: 30; pos: (48, -20); earliest_start: 186; latest_start: 426; state: PENDING; required_workers: 1; success_prob: 0.4; max_attempts: 1
event: task_spawn; timestamp: 0; task: 31; pos: (48, -15); earliest_start: 105; latest_start: 345; state: PENDING; required_workers: 2; success_prob: 0.4; max_attempts: 1
event: task_spawn; timestamp: 0; task: 32; pos: (47, -20); earliest_start: 561; latest_start: 801; state: PENDING; required_workers: 2; success_prob: 0.4; max_attempts: 1
event: task_spawn; timestamp: 0; task: 33; pos: (45, -25); earliest_start: 51; latest_start: 291; state: PENDING; required_workers: 2; success_prob: 0.4; max_attempts: 1
event: task_spawn; timestamp: 0; task: 34; pos: (45, -15); earliest_start: 427; latest_start: 667; state: PENDING; required_workers: 2; success_prob: 0.4; max_attempts: 1
event: task_spawn; timestamp: 0; task: 35; pos: (27, 35); earliest_start: 597; latest_start: 837; state: PENDING; required_workers: 2; success_prob: 0.4; max_attempts: 1
event: task_spawn; timestamp: 0; task: 36; pos: (25, 35); earliest_start: 43; latest_start: 283; state: PENDING; required_workers: 2; success_prob: 0.4; max_attempts: 1
event: task_spawn; timestamp: 0; task: 37; pos: (25, 32); earliest_start: 497; latest_start: 737; state: PENDING; required_workers: 3; success_prob: 0.4; max_attempts: 1
event: task_spawn; timestamp: 0; task: 38; pos: (22, 30); earliest_start: 218; latest_start: 458; state: PENDING; required_workers: 3; success_prob: 0.4; max_attempts: 1
event: task_spawn; timestamp: 0; task: 39; pos: (20, 30); earliest_start: 36; latest_start: 276; state: PENDING; required_workers: 3; success_prob: 0.4; max_attempts: 1
event: task_spawn; timestamp: 0; task: 40; pos: (20, 35); earliest_start: 269; latest_start: 509; state: PENDING; required_workers: 3; success_prob: 0.4; max_attempts: 1
event: task_spawn; timestamp: 0; task: 41; pos: (18, 25); earliest_start: 316; latest_start: 556; state: PENDING; required_workers: 1; success_prob: 0.6; max_attempts: 1
event: task_spawn; timestamp: 0; task: 42; pos: (15, 30); earliest_start: 33; latest_start: 273; state: PENDING; required_workers: 1; success_prob: 0.6; max_attempts: 1
event: task_spawn; timestamp: 0; task: 43; pos: (15, 35); earliest_start: 514; latest_start: 754; state: PENDING; required_workers: 1; success_prob: 0.6; max_attempts: 1
event: task_spawn; timestamp: 0; task: 44; pos: (15, 32); earliest_start: 157; latest_start: 397; state: PENDING; required_workers: 1; success_prob: 0.6; max_attempts: 1
event: task_spawn; timestamp: 0; task: 45; pos: (-20, 32); earliest_start: 37; latest_start: 277; state: PENDING; required_workers: 1; success_prob: 0.6; max_attempts: 1
event: task_spawn; timestamp: 0; task: 46; pos: (-22, 30); earliest_start: 429; latest_start: 669; state: PENDING; required_workers: 1; success_prob: 0.6; max_attempts: 1
event: task_spawn; timestamp: 0; task: 47; pos: (-38, -5); earliest_start: 45; latest_start: 285; state: PENDING; required_workers: 1; success_prob: 0.6; max_attempts: 1
event: task_spawn; timestamp: 0; task: 48; pos: (2, -45); earliest_start: 664; latest_start: 904; state: PENDING; required_workers: 1; success_prob: 0.6; max_attempts: 1
event: task_spawn; timestamp: 0; task: 49; pos: (2, -38); earliest_start: 380; latest_start: 620; state: PENDING; required_workers: 1; success_prob: 0.6; max_attempts: 1
event: task_spawn; timestamp: 0; task: 50; pos: (32, -15); earliest_start: 447; latest_start: 687; state: PENDING; required_workers: 1; success_prob: 0.6; max_attempts: 1
event: task_spawn; timestamp: 0; task: 51; pos: (15, -30); earliest_start: 266; latest_start: 506; state: PENDING; required_workers: 2; success_prob: 0.6; max_attempts: 1
event: task_spawn; timestamp: 0; task: 52; pos: (-15, -20); earliest_start: 115; latest_start: 355; state: PENDING; required_workers: 2; success_prob: 0.6; max_attempts: 1
event: task_spawn; timestamp: 0; task: 53; pos: (-20, 0); earliest_start: 315; latest_start: 555; state: PENDING; required_workers: 2; success_prob: 0.6; max_attempts: 1
event: task_spawn; timestamp: 0; task: 54; pos: (15, 10); earliest_start: 541; latest_start: 781; state: PENDING; required_workers: 2; success_prob: 0.6; max_attempts: 1
event: task_spawn; timestamp: 0; task: 55; pos: (-10, 10); earliest_start: 539; latest_start: 779; state: PENDING; required_workers: 2; success_prob: 0.6; max_attempts: 1
event: task_spawn; timestamp: 0; task: 56; pos: (10, -15); earliest_start: 497; latest_start: 737; state: PENDING; required_workers: 2; success_prob: 0.6; max_attempts: 1
event: task_spawn; timestamp: 0; task: 57; pos: (-10, -25); earliest_start: 337; latest_start: 577; state: PENDING; required_workers: 3; success_prob: 0.6; max_attempts: 1
event: task_spawn; timestamp: 0; task: 58; pos: (-25, -40); earliest_start: 662; latest_start: 902; state: PENDING; required_workers: 3; success_prob: 0.6; max_attempts: 1
event: task_spawn; timestamp: 0; task: 59; pos: (-30, -30); earliest_start: 42; latest_start: 282; state: PENDING; required_workers: 3; success_prob: 0.6; max_attempts: 1
event: task_spawn; timestamp: 0; task: 60; pos: (-25, 10); earliest_start: 634; latest_start: 874; state: PENDING; required_workers: 3; success_prob: 0.6; max_attempts: 1
event: task_spawn; timestamp: 0; task: 61; pos: (5, 15); earliest_start: 198; latest_start: 438; state: PENDING; required_workers: 1; success_prob: 0.8; max_attempts: 1
event: task_spawn; timestamp: 0; task: 62; pos: (25, -15); earliest_start: 107; latest_start: 347; state: PENDING; required_workers: 1; success_prob: 0.8; max_attempts: 1
event: task_spawn; timestamp: 0; task: 63; pos: (25, -30); earliest_start: 39; latest_start: 279; state: PENDING; required_workers: 1; success_prob: 0.8; max_attempts: 1
event: task_spawn; timestamp: 0; task: 64; pos: (5, -20); earliest_start: 131; latest_start: 371; state: PENDING; required_workers: 1; success_prob: 0.8; max_attempts: 1
event: task_spawn; timestamp: 0; task: 65; pos: (-5, -10); earliest_start: 11; latest_start: 251; state: PENDING; required_workers: 1; success_prob: 0.8; max_attempts: 1
event: task_spawn; timestamp: 0; task: 66; pos: (1, -13); earliest_start: 506; latest_start: 746; state: PENDING; required_workers: 1; success_prob: 0.8; max_attempts: 1
event: task_spawn; timestamp: 0; task: 67; pos: (24, -8); earliest_start: 208; latest_start: 448; state: PENDING; required_workers: 1; success_prob: 0.8; max_attempts: 1
event: task_spawn; timestamp: 0; task: 68; pos: (0, 10); earliest_start: 552; latest_start: 792; state: PENDING; required_workers: 1; success_prob: 0.8; max_attempts: 1
event: task_spawn; timestamp: 0; task: 69; pos: (-9, 2); earliest_start: 97; latest_start: 337; state: PENDING; required_workers: 1; success_prob: 0.8; max_attempts: 1
event: task_spawn; timestamp: 0; task: 70; pos: (-5, 19); earliest_start: 690; latest_start: 930; state: PENDING; required_workers: 1; success_prob: 0.8; max_attempts: 1
event: task_spawn; timestamp: 0; task: 71; pos: (25, 5); earliest_start: 181; latest_start: 421; state: PENDING; required_workers: 2; success_prob: 0.8; max_attempts: 1
event: task_spawn; timestamp: 0; task: 72; pos: (23, 15); earliest_start: 27; latest_start: 267; state: PENDING; required_workers: 2; success_prob: 0.8; max_attempts: 1
event: task_spawn; timestamp: 0; task: 73; pos: (-38, 10); earliest_start: 226; latest_start: 466; state: PENDING; required_workers: 2; success_prob: 0.8; max_attempts: 1
event: task_spawn; timestamp: 0; task: 74; pos: (-20, -30); earliest_start: 585; latest_start: 825; state: PENDING; required_workers: 2; success_prob: 0.8; max_attempts: 1
event: task_spawn; timestamp: 0; task: 75; pos: (-35, -45); earliest_start: 172; latest_start: 412; state: PENDING; required_workers: 2; success_prob: 0.8; max_attempts: 1
event: task_spawn; timestamp: 0; task: 76; pos: (20, -38); earliest_start: 208; latest_start: 448; state: PENDING; required_workers: 2; success_prob: 0.8; max_attempts: 1
event: task_spawn; timestamp: 0; task: 77; pos: (-17, -47); earliest_start: 660; latest_start: 900; state: PENDING; required_workers: 3; success_prob: 0.8; max_attempts: 1
event: task_spawn; timestamp: 0; task: 78; pos: (-32, 6); earliest_start: 305; latest_start: 545; state: PENDING; required_workers: 3; success_prob: 0.8; max_attempts: 1
event: task_spawn; timestamp: 0; task: 79; pos: (-34, 18); earliest_start: 292; latest_start: 532; state: PENDING; required_workers: 3; success_prob: 0.8; max_attempts: 1
event: task_spawn; timestamp: 0; task: 80; pos: (7, -3); earliest_start: 702; latest_start: 942; state: PENDING; required_workers: 3; success_prob: 0.8; max_attempts: 1
event: task_spawn; timestamp: 0; task: 81; pos: (9, 8); earliest_start: 295; latest_start: 535; state: PENDING; required_workers: 1; success_prob: 1; max_attempts: 1
event: task_spawn; timestamp: 0; task: 82; pos: (-13, -7); earliest_start: 92; latest_start: 332; state: PENDING; required_workers: 1; success_prob: 1; max_attempts: 1
event: task_spawn; timestamp: 0; task: 83; pos: (-3, -19); earliest_start: 45; latest_start: 285; state: PENDING; required_workers: 1; success_prob: 1; max_attempts: 1
event: task_spawn; timestamp: 0; task: 84; pos: (17, -21); earliest_start: 335; latest_start: 575; state: PENDING; required_workers: 1; success_prob: 1; max_attempts: 1
event: task_spawn; timestamp: 0; task: 85; pos: (23, -27); earliest_start: 284; latest_start: 524; state: PENDING; required_workers: 1; success_prob: 1; max_attempts: 1
event: task_spawn; timestamp: 0; task: 86; pos: (-19, -26); earliest_start: 289; latest_start: 529; state: PENDING; required_workers: 1; success_prob: 1; max_attempts: 1
event: task_spawn; timestamp: 0; task: 87; pos: (-28, -26); earliest_start: 299; latest_start: 539; state: PENDING; required_workers: 1; success_prob: 1; max_attempts: 1
event: task_spawn; timestamp: 0; task: 88; pos: (-16, 8); earliest_start: 200; latest_start: 440; state: PENDING; required_workers: 1; success_prob: 1; max_attempts: 1
event: task_spawn; timestamp: 0; task: 89; pos: (27, -45); earliest_start: 653; latest_start: 893; state: PENDING; required_workers: 1; success_prob: 1; max_attempts: 1
event: task_spawn; timestamp: 0; task: 90; pos: (-3, -3); earliest_start: 299; latest_start: 539; state: PENDING; required_workers: 1; success_prob: 1; max_attempts: 1
event: task_spawn; timestamp: 0; task: 91; pos: (9, -8); earliest_start: 659; latest_start: 899; state: PENDING; required_workers: 2; success_prob: 1; max_attempts: 1
event: task_spawn; timestamp: 0; task: 92; pos: (13, -7); earliest_start: 14; latest_start: 254; state: PENDING; required_workers: 2; success_prob: 1; max_attempts: 1
event: task_spawn; timestamp: 0; task: 93; pos: (21, 2); earliest_start: 688; latest_start: 928; state: PENDING; required_workers: 2; success_prob: 1; max_attempts: 1
event: task_spawn; timestamp: 0; task: 94; pos: (17, -2); earliest_start: 332; latest_start: 572; state: PENDING; required_workers: 2; success_prob: 1; max_attempts: 1
event: task_spawn; timestamp: 0; task: 95; pos: (16, -13); earliest_start: 40; latest_start: 280; state: PENDING; required_workers: 2; success_prob: 1; max_attempts: 1
event: task_spawn; timestamp: 0; task: 96; pos: (15, 4); earliest_start: 502; latest_start: 742; state: PENDING; required_workers: 2; success_prob: 1; max_attempts: 1
event: task_spawn; timestamp: 0; task: 97; pos: (-36, -32); earliest_start: 487; latest_start: 727; state: PENDING; required_workers: 3; success_prob: 1; max_attempts: 1
event: task_spawn; timestamp: 0; task: 98; pos: (-14, 2); earliest_start: 112; latest_start: 352; state: PENDING; required_workers: 3; success_prob: 1; max_attempts: 1
event: task_spawn; timestamp: 0; task: 99; pos: (-14, -15); earliest_start: 248; latest_start: 488; state: PENDING; required_workers: 3; success_prob: 1; max_attempts: 1
event: task_spawn; timestamp: 0; task: 100; pos: (-9, 17); earliest_start: 690; latest_start: 930; state: PENDING; required_workers: 3; success_prob: 1; max_attempts: 1
event: robot_spawn; timestamp: 0; robot: 1; pos: (0, 0); state: AVAILABLE; battery_level: 1000; battery_capacity: 1000; velocity: 1; battery_rate_nav: 0
event: robot_spawn; timestamp: 0; robot: 2; pos: (0, 0); state: AVAILABLE; battery_level: 1000; battery_capacity: 1000; velocity: 1; battery_rate_nav: 0
event: robot_spawn; timestamp: 0; robot: 3; pos: (0, 0); state: AVAILABLE; battery_level: 1000; battery_capacity: 1000; velocity: 1; battery_rate_nav: 0
event: robot_spawn; timestamp: 0; robot: 4; pos: (0, 0); state: AVAILABLE; battery_level: 1000; battery_capacity: 1000; velocity: 1; battery_rate_nav: 0
event: robot_spawn; timestamp: 0; robot: 5; pos: (0, 0); state: AVAILABLE; battery_level: 1000; battery_capacity: 1000; velocity: 1; battery_rate_nav: 0
event: robot_spawn; timestamp: 0; robot: 6; pos: (0, 0); state: AVAILABLE; battery_level: 1000; battery_capacity: 1000; velocity: 1; battery_rate_nav: 0
event: robot_spawn; timestamp: 0; robot: 7; pos: (0, 0); state: AVAILABLE; battery_level: 1000; battery_capacity: 1000; velocity: 1; battery_rate_nav: 0
event: robot_spawn; timestamp: 0; robot: 8; pos: (0, 0); state: AVAILABLE; battery_level: 1000; battery_capacity: 1000; velocity: 1; battery_rate_nav: 0
event: robot_spawn; timestamp: 0; robot: 9; pos: (0, 0); state: AVAILABLE; battery_level: 1000; battery_capacity: 1000; velocity: 1; battery_rate_nav: 0
event: robot_spawn; timestamp: 0; robot: 10; pos: (0, 0); state: AVAILABLE; battery_level: 1000; battery_capacity: 1000; velocity: 1; battery_rate_nav: 0
event: battery_consumption; timestamp: 0; robot: 5; time: 37.2022; initial_level: 1000; final_level: 1000
event: navigation; timestamp: 0; robot: 5; time: 37.2022; src: (0, 0); dst: (22, 30)
event: battery_consumption; timestamp: 0; robot: 7; time: 52.4786; initial_level: 1000; final_level: 1000
event: navigation; timestamp: 0; robot: 7; time: 52.4786; src: (0, 0); dst: (27, -45)
event: battery_consumption; timestamp: 0; robot: 2; time: 11.1803; initial_level: 1000; final_level: 1000
event: navigation; timestamp: 0; robot: 2; time: 11.1803; src: (0, 0); dst: (-5, -10)
event: battery_consumption; timestamp: 0; robot: 3; time: 33.5261; initial_level: 1000; final_level: 1000
event: navigation; timestamp: 0; robot: 3; time: 33.5261; src: (0, 0); dst: (-32, -10)
event: battery_consumption; timestamp: 0; robot: 1; time: 32.3883; initial_level: 1000; final_level: 1000
event: navigation; timestamp: 0; robot: 1; time: 32.3883; src: (0, 0); dst: (-32, -5)
event: battery_consumption; timestamp: 0; robot: 9; time: 40.3113; initial_level: 1000; final_level: 1000
event: navigation; timestamp: 0; robot: 9; time: 40.3113; src: (0, 0); dst: (20, 35)
event: battery_consumption; timestamp: 0; robot: 10; time: 40.6079; initial_level: 1000; final_level: 1000
event: navigation; timestamp: 0; robot: 10; time: 40.6079; src: (0, 0); dst: (25, 32)
event: battery_consumption; timestamp: 0; robot: 6; time: 37.2022; initial_level: 1000; final_level: 1000
event: navigation; timestamp: 0; robot: 6; time: 37.2022; src: (0, 0); dst: (22, 30)
event: battery_consumption; timestamp: 0; robot: 4; time: 33.3017; initial_level: 1000; final_level: 1000
event: navigation; timestamp: 0; robot: 4; time: 33.3017; src: (0, 0); dst: (-22, 25)
event: battery_consumption; timestamp: 0; robot: 8; time: 38.2099; initial_level: 1000; final_level: 1000
event: navigation; timestamp: 0; robot: 8; time: 38.2099; src: (0, 0); dst: (-28, -26)
event: task_execution; timestamp: 11.1803; task: 65; robot: 2; pos: (-5, -10); time: 10.3819
event: battery_consumption; timestamp: 11.1803; robot: 2; time: 10.3819; initial_level: 1000; final_level: 983.389
event: task_resolution; timestamp: 21.5622; task: 65; pos: (-5, -10); status: COMPLETED; attempt: 1
event: battery_consumption; timestamp: 21.5622; robot: 2; time: 20.6155; initial_level: 983.389; final_level: 983.389
event: navigation; timestamp: 21.5622; robot: 2; time: 20.6155; src: (-5, -10); dst: (0, 10)
event: task_execution; timestamp: 299; task: 87; robot: 8; pos: (-28, -26); time: 8.91358
event: battery_consumption; timestamp: 299; robot: 8; time: 8.91358; initial_level: 1000; final_level: 988.412
event: task_resolution; timestamp: 307.914; task: 87; pos: (-28, -26); status: COMPLETED; attempt: 1
event: battery_consumption; timestamp: 307.914; robot: 8; time: 62.3699; initial_level: 988.412; final_level: 988.412
event: navigation; timestamp: 307.914; robot: 8; time: 62.3699; src: (-28, -26); dst: (-15, 35)
event: task_execution; timestamp: 328; task: 6; robot: 4; pos: (-22, 25); time: 9.36435
event: battery_consumption; timestamp: 328; robot: 4; time: 9.36435; initial_level: 1000; final_level: 981.271
event: task_resolution; timestamp: 337.364; task: 6; pos: (-22, 25); status: FAILED; attempt: 1
event: battery_consumption; timestamp: 337.364; robot: 4; time: 21.4709; initial_level: 981.271; final_level: 981.271
event: navigation; timestamp: 337.364; robot: 4; time: 21.4709; src: (-22, 25); dst: (-32, 6)
event: battery_consumption; timestamp: 375; robot: 3; time: 58.9406; initial_level: 1000; final_level: 1000
event: navigation; timestamp: 375; robot: 3; time: 58.9406; src: (-32, -10); dst: (25, 5)
event: battery_consumption; timestamp: 403; robot: 1; time: 20.6155; initial_level: 1000; final_level: 1000
event: navigation; timestamp: 403; robot: 1; time: 20.6155; src: (-32, -5); dst: (-16, 8)
event: battery_consumption; timestamp: 421; robot: 3; time: 29.1204; initial_level: 1000; final_level: 1000
event: navigation; timestamp: 421; robot: 3; time: 29.1204; src: (25, 5); dst: (-3, -3)
event: task_execution; timestamp: 423.616; task: 88; robot: 1; pos: (-16, 8); time: 8.34068
event: battery_consumption; timestamp: 423.616; robot: 1; time: 8.34068; initial_level: 1000; final_level: 984.153
event: task_resolution; timestamp: 431.956; task: 88; pos: (-16, 8); status: COMPLETED; attempt: 1
event: battery_consumption; timestamp: 431.956; robot: 1; time: 51.264; initial_level: 984.153; final_level: 984.153
event: navigation; timestamp: 431.956; robot: 1; time: 51.264; src: (-16, 8); dst: (2, -40)
event: battery_consumption; timestamp: 434; robot: 1; time: 26.2488; initial_level: 984.153; final_level: 984.153
event: navigation; timestamp: 434; robot: 1; time: 26.2488; src: (2, -40); dst: (10, -15)
event: battery_consumption; timestamp: 458; robot: 5; time: 72.6223; initial_level: 1000; final_level: 1000
event: navigation; timestamp: 458; robot: 5; time: 72.6223; src: (22, 30); dst: (-35, -15)
event: battery_consumption; timestamp: 458; robot: 6; time: 44; initial_level: 1000; final_level: 1000
event: navigation; timestamp: 458; robot: 6; time: 44; src: (22, 30); dst: (-22, 30)
event: task_execution; timestamp: 450.12; task: 90; robot: 3; pos: (-3, -3); time: 9.59198
event: battery_consumption; timestamp: 450.12; robot: 3; time: 9.59198; initial_level: 1000; final_level: 994.245
event: task_resolution; timestamp: 459.712; task: 90; pos: (-3, -3); status: COMPLETED; attempt: 1
event: battery_consumption; timestamp: 459.712; robot: 3; time: 30.3645; initial_level: 994.245; final_level: 994.245
event: navigation; timestamp: 459.712; robot: 3; time: 30.3645; src: (-3, -3); dst: (-32, 6)
event: battery_consumption; timestamp: 509; robot: 9; time: 45.2769; initial_level: 1000; final_level: 1000
event: navigation; timestamp: 509; robot: 9; time: 45.2769; src: (20, 35); dst: (-25, 30)
event: task_execution; timestamp: 502; task: 46; robot: 6; pos: (-22, 30); time: 9.99574
event: battery_consumption; timestamp: 502; robot: 6; time: 9.99574; initial_level: 1000; final_level: 990.004
event: task_resolution; timestamp: 511.996; task: 46; pos: (-22, 30); status: FAILED; attempt: 1
event: battery_consumption; timestamp: 511.996; robot: 6; time: 78.7464; initial_level: 990.004; final_level: 990.004
event: navigation; timestamp: 511.996; robot: 6; time: 78.7464; src: (-22, 30); dst: (2, -45)
event: battery_consumption; timestamp: 545; robot: 4; time: 22.3607; initial_level: 981.271; final_level: 981.271
event: navigation; timestamp: 545; robot: 4; time: 22.3607; src: (-32, 6); dst: (-10, 10)
event: battery_consumption; timestamp: 545; robot: 3; time: 47.1699; initial_level: 994.245; final_level: 994.245
event: navigation; timestamp: 545; robot: 3; time: 47.1699; src: (-32, 6); dst: (15, 10)
event: task_execution; timestamp: 552; task: 68; robot: 2; pos: (0, 10); time: 11.0214
event: battery_consumption; timestamp: 552; robot: 2; time: 11.0214; initial_level: 983.389; final_level: 960.244
event: task_resolution; timestamp: 563.021; task: 68; pos: (0, 10); status: COMPLETED; attempt: 1
event: battery_consumption; timestamp: 563.021; robot: 2; time: 43.0116; initial_level: 960.244; final_level: 960.244
event: navigation; timestamp: 563.021; robot: 2; time: 43.0116; src: (0, 10); dst: (-35, -15)
event: task_execution; timestamp: 554.277; task: 8; robot: 9; pos: (-25, 30); time: 9.41059
event: battery_consumption; timestamp: 554.277; robot: 9; time: 9.41059; initial_level: 1000; final_level: 990.589
event: task_resolution; timestamp: 563.688; task: 8; pos: (-25, 30); status: FAILED; attempt: 1
event: battery_consumption; timestamp: 563.688; robot: 9; time: 25; initial_level: 990.589; final_level: 990.589
event: navigation; timestamp: 563.688; robot: 9; time: 25; src: (-25, 30); dst: (-10, 10)
event: task_execution; timestamp: 588.688; task: 55; robot: 4; pos: (-10, 10); time: 9.90038
event: battery_consumption; timestamp: 588.688; robot: 4; time: 9.90038; initial_level: 981.271; final_level: 965.431
event: task_execution; timestamp: 588.688; task: 55; robot: 9; pos: (-10, 10); time: 9.90038
event: battery_consumption; timestamp: 588.688; robot: 9; time: 9.90038; initial_level: 990.589; final_level: 974.749
event: task_resolution; timestamp: 598.588; task: 55; pos: (-10, 10); status: FAILED; attempt: 1
event: battery_consumption; timestamp: 598.588; robot: 9; time: 46.5725; initial_level: 974.749; final_level: 974.749
event: navigation; timestamp: 598.588; robot: 9; time: 46.5725; src: (-10, 10); dst: (2, -35)
event: battery_consumption; timestamp: 598.588; robot: 4; time: 28.2843; initial_level: 965.431; final_level: 965.431
event: navigation; timestamp: 598.588; robot: 4; time: 28.2843; src: (-10, 10); dst: (-30, -10)
event: task_execution; timestamp: 606.033; task: 13; robot: 2; pos: (-35, -15); time: 10.029
event: battery_consumption; timestamp: 606.033; robot: 2; time: 10.029; initial_level: 960.244; final_level: 950.215
event: task_execution; timestamp: 606.033; task: 13; robot: 5; pos: (-35, -15); time: 10.029
event: battery_consumption; timestamp: 606.033; robot: 5; time: 10.029; initial_level: 1000; final_level: 989.971
event: task_resolution; timestamp: 616.062; task: 13; pos: (-35, -15); status: COMPLETED; attempt: 1
event: battery_consumption; timestamp: 616.062; robot: 2; time: 79.6492; initial_level: 950.215; final_level: 950.215
event: navigation; timestamp: 616.062; robot: 2; time: 79.6492; src: (-35, -15); dst: (27, 35)
event: battery_consumption; timestamp: 616.062; robot: 5; time: 11.1803; initial_level: 989.971; final_level: 989.971
event: navigation; timestamp: 616.062; robot: 5; time: 11.1803; src: (-35, -15); dst: (-40, -5)
event: task_execution; timestamp: 613; task: 1; robot: 8; pos: (-15, 35); time: 10.5292
event: battery_consumption; timestamp: 613; robot: 8; time: 10.5292; initial_level: 988.412; final_level: 967.354
event: task_resolution; timestamp: 623.529; task: 1; pos: (-15, 35); status: FAILED; attempt: 1
event: battery_consumption; timestamp: 623.529; robot: 8; time: 43.909; initial_level: 967.354; final_level: 967.354
event: navigation; timestamp: 623.529; robot: 8; time: 43.909; src: (-15, 35); dst: (7, -3)
event: task_execution; timestamp: 626.872; task: 10; robot: 4; pos: (-30, -10); time: 11.8091
event: battery_consumption; timestamp: 626.872; robot: 4; time: 11.8091; initial_level: 965.431; final_level: 930.003
event: task_resolution; timestamp: 638.681; task: 10; pos: (-30, -10); status: FAILED; attempt: 1
event: battery_consumption; timestamp: 638.681; robot: 4; time: 47.1275; initial_level: 930.003; final_level: 930.003
event: navigation; timestamp: 638.681; robot: 4; time: 47.1275; src: (-30, -10); dst: (15, 4)
event: task_execution; timestamp: 653; task: 89; robot: 7; pos: (27, -45); time: 10.4172
event: battery_consumption; timestamp: 653; robot: 7; time: 10.4172; initial_level: 1000; final_level: 973.957
event: task_resolution; timestamp: 663.417; task: 89; pos: (27, -45); status: COMPLETED; attempt: 1
event: battery_consumption; timestamp: 663.417; robot: 7; time: 30.6757; initial_level: 973.957; final_level: 973.957
event: navigation; timestamp: 663.417; robot: 7; time: 30.6757; src: (27, -45); dst: (-2, -35)
event: task_execution; timestamp: 664; task: 48; robot: 6; pos: (2, -45); time: 9.95865
event: battery_consumption; timestamp: 664; robot: 6; time: 9.95865; initial_level: 990.004; final_level: 980.046
event: task_resolution; timestamp: 673.959; task: 48; pos: (2, -45); status: COMPLETED; attempt: 1
event: battery_consumption; timestamp: 673.959; robot: 6; time: 80.3617; initial_level: 980.046; final_level: 980.046
event: navigation; timestamp: 673.959; robot: 6; time: 80.3617; src: (2, -45); dst: (25, 32)
event: task_execution; timestamp: 694.093; task: 24; robot: 7; pos: (-2, -35); time: 9.01021
event: battery_consumption; timestamp: 694.093; robot: 7; time: 9.01021; initial_level: 973.957; final_level: 964.947
event: task_resolution; timestamp: 703.103; task: 24; pos: (-2, -35); status: COMPLETED; attempt: 1
event: battery_consumption; timestamp: 703.103; robot: 7; time: 4; initial_level: 964.947; final_level: 964.947
event: navigation; timestamp: 703.103; robot: 7; time: 4; src: (-2, -35); dst: (2, -35)
event: battery_consumption; timestamp: 717; robot: 7; time: 32.3883; initial_level: 964.947; final_level: 964.947
event: navigation; timestamp: 717; robot: 7; time: 32.3883; src: (2, -35); dst: (7, -3)
event: battery_consumption; timestamp: 717; robot: 9; time: 71.1969; initial_level: 974.749; final_level: 974.749
event: navigation; timestamp: 717; robot: 9; time: 71.1969; src: (2, -35); dst: (15, 35)
event: battery_consumption; timestamp: 737; robot: 10; time: 76.6094; initial_level: 1000; final_level: 1000
event: navigation; timestamp: 737; robot: 10; time: 76.6094; src: (25, 32); dst: (-20, -30)
event: battery_consumption; timestamp: 737; robot: 6; time: 76.6094; initial_level: 980.046; final_level: 980.046
event: navigation; timestamp: 737; robot: 6; time: 76.6094; src: (25, 32); dst: (-20, -30)
event: battery_consumption; timestamp: 737; robot: 1; time: 7.07107; initial_level: 984.153; final_level: 984.153
event: navigation; timestamp: 737; robot: 1; time: 7.07107; src: (10, -15); dst: (9, -8)
event: battery_consumption; timestamp: 742; robot: 4; time: 27.2947; initial_level: 930.003; final_level: 930.003
event: navigation; timestamp: 742; robot: 4; time: 27.2947; src: (15, 4); dst: (-9, 17)
event: battery_consumption; timestamp: 781; robot: 3; time: 58.5235; initial_level: 994.245; final_level: 994.245
event: navigation; timestamp: 781; robot: 3; time: 58.5235; src: (15, 10); dst: (-5, -45)
event: task_execution; timestamp: 788.197; task: 43; robot: 9; pos: (15, 35); time: 9.30648
event: battery_consumption; timestamp: 788.197; robot: 9; time: 9.30648; initial_level: 974.749; final_level: 956.136
event: task_resolution; timestamp: 797.503; task: 43; pos: (15, 35); status: COMPLETED; attempt: 1
event: battery_consumption; timestamp: 797.503; robot: 9; time: 85; initial_level: 956.136; final_level: 956.136
event: navigation; timestamp: 797.503; robot: 9; time: 85; src: (15, 35); dst: (-25, -40)
event: task_execution; timestamp: 813.609; task: 74; robot: 6; pos: (-20, -30); time: 9.44859
event: battery_consumption; timestamp: 813.609; robot: 6; time: 9.44859; initial_level: 980.046; final_level: 972.487
event: task_execution; timestamp: 813.609; task: 74; robot: 10; pos: (-20, -30); time: 9.44859
event: battery_consumption; timestamp: 813.609; robot: 10; time: 9.44859; initial_level: 1000; final_level: 992.441
event: task_resolution; timestamp: 823.058; task: 74; pos: (-20, -30); status: COMPLETED; attempt: 1
event: battery_consumption; timestamp: 823.058; robot: 10; time: 17.2627; initial_level: 992.441; final_level: 992.441
event: navigation; timestamp: 823.058; robot: 10; time: 17.2627; src: (-20, -30); dst: (-17, -47)
event: battery_consumption; timestamp: 823.058; robot: 6; time: 60; initial_level: 972.487; final_level: 972.487
event: navigation; timestamp: 823.058; robot: 6; time: 60; src: (-20, -30); dst: (-20, 30)
event: battery_consumption; timestamp: 837; robot: 2; time: 42.9418; initial_level: 950.215; final_level: 950.215
event: navigation; timestamp: 837; robot: 2; time: 42.9418; src: (27, 35); dst: (7, -3)
event: task_execution; timestamp: 839.523; task: 25; robot: 3; pos: (-5, -45); time: 10.21
event: battery_consumption; timestamp: 839.523; robot: 3; time: 10.21; initial_level: 994.245; final_level: 973.825
event: task_resolution; timestamp: 849.733; task: 25; pos: (-5, -45); status: COMPLETED; attempt: 1
event: battery_consumption; timestamp: 849.733; robot: 3; time: 20.6155; initial_level: 973.825; final_level: 973.825
event: navigation; timestamp: 849.733; robot: 3; time: 20.6155; src: (-5, -45); dst: (-25, -40)
event: battery_consumption; timestamp: 883; robot: 5; time: 49.0918; initial_level: 989.971; final_level: 989.971
event: navigation; timestamp: 883; robot: 5; time: 49.0918; src: (-40, -5); dst: (9, -8)
event: task_execution; timestamp: 879.942; task: 80; robot: 2; pos: (7, -3); time: 8.20781
event: battery_consumption; timestamp: 879.942; robot: 2; time: 8.20781; initial_level: 950.215; final_level: 939.545
event: task_execution; timestamp: 879.942; task: 80; robot: 7; pos: (7, -3); time: 8.20781
event: battery_consumption; timestamp: 879.942; robot: 7; time: 8.20781; initial_level: 964.947; final_level: 954.277
event: task_execution; timestamp: 879.942; task: 80; robot: 8; pos: (7, -3); time: 8.20781
event: battery_consumption; timestamp: 879.942; robot: 8; time: 8.20781; initial_level: 967.354; final_level: 956.684
event: task_resolution; timestamp: 888.15; task: 80; pos: (7, -3); status: COMPLETED; attempt: 1
event: battery_consumption; timestamp: 888.15; robot: 7; time: 14.8661; initial_level: 954.277; final_level: 954.277
event: navigation; timestamp: 888.15; robot: 7; time: 14.8661; src: (7, -3); dst: (21, 2)
event: battery_consumption; timestamp: 888.15; robot: 8; time: 48.9183; initial_level: 956.684; final_level: 956.684
event: navigation; timestamp: 888.15; robot: 8; time: 48.9183; src: (7, -3); dst: (-25, -40)
event: battery_consumption; timestamp: 888.15; robot: 2; time: 25.6125; initial_level: 939.545; final_level: 939.545
event: navigation; timestamp: 888.15; robot: 2; time: 25.6125; src: (7, -3); dst: (-9, 17)
event: task_execution; timestamp: 883.058; task: 4; robot: 6; pos: (-20, 30); time: 8.87958
event: battery_consumption; timestamp: 883.058; robot: 6; time: 8.87958; initial_level: 972.487; final_level: 936.968
event: task_resolution; timestamp: 891.938; task: 4; pos: (-20, 30); status: FAILED; attempt: 1
event: battery_consumption; timestamp: 891.938; robot: 6; time: 77.0584; initial_level: 936.968; final_level: 936.968
event: navigation; timestamp: 891.938; robot: 6; time: 77.0584; src: (-20, 30); dst: (-17, -47)
event: battery_consumption; timestamp: 900; robot: 6; time: 62.0081; initial_level: 936.968; final_level: 936.968
event: navigation; timestamp: 900; robot: 6; time: 62.0081; src: (-17, -47); dst: (21, 2)
event: battery_consumption; timestamp: 900; robot: 10; time: 67.082; initial_level: 992.441; final_level: 992.441
event: navigation; timestamp: 900; robot: 10; time: 67.082; src: (-17, -47); dst: (-5, 19)
event: battery_consumption; timestamp: 930; robot: 4; time: 19.2354; initial_level: 930.003; final_level: 930.003
event: navigation; timestamp: 930; robot: 4; time: 19.2354; src: (-9, 17); dst: (0, 0)
event: robot_finished; timestamp: 949.235; robot: 4; pos: (0, 0); battery: 930.003
event: battery_consumption; timestamp: 930; robot: 2; time: 19.2354; initial_level: 939.545; final_level: 939.545
event: navigation; timestamp: 930; robot: 2; time: 19.2354; src: (-9, 17); dst: (0, 0)
event: robot_finished; timestamp: 949.235; robot: 2; pos: (0, 0); battery: 939.545
event: task_execution; timestamp: 932.092; task: 91; robot: 1; pos: (9, -8); time: 10.2829
event: battery_consumption; timestamp: 932.092; robot: 1; time: 10.2829; initial_level: 984.153; final_level: 970.785
event: task_execution; timestamp: 932.092; task: 91; robot: 5; pos: (9, -8); time: 10.2829
event: battery_consumption; timestamp: 932.092; robot: 5; time: 10.2829; initial_level: 989.971; final_level: 976.603
event: task_resolution; timestamp: 942.375; task: 91; pos: (9, -8); status: COMPLETED; attempt: 1
event: battery_consumption; timestamp: 942.375; robot: 5; time: 12.0416; initial_level: 976.603; final_level: 976.603
event: navigation; timestamp: 942.375; robot: 5; time: 12.0416; src: (9, -8); dst: (0, 0)
event: robot_finished; timestamp: 954.416; robot: 5; pos: (0, 0); battery: 976.603
event: battery_consumption; timestamp: 942.375; robot: 1; time: 12.0416; initial_level: 970.785; final_level: 970.785
event: navigation; timestamp: 942.375; robot: 1; time: 12.0416; src: (9, -8); dst: (0, 0)
event: robot_finished; timestamp: 954.416; robot: 1; pos: (0, 0); battery: 970.785
event: task_execution; timestamp: 937.068; task: 58; robot: 3; pos: (-25, -40); time: 11.1638
event: battery_consumption; timestamp: 937.068; robot: 3; time: 11.1638; initial_level: 973.825; final_level: 951.497
event: task_execution; timestamp: 937.068; task: 58; robot: 8; pos: (-25, -40); time: 11.1638
event: battery_consumption; timestamp: 937.068; robot: 8; time: 11.1638; initial_level: 956.684; final_level: 934.356
event: task_execution; timestamp: 937.068; task: 58; robot: 9; pos: (-25, -40); time: 11.1638
event: battery_consumption; timestamp: 937.068; robot: 9; time: 11.1638; initial_level: 956.136; final_level: 933.808
event: task_resolution; timestamp: 948.232; task: 58; pos: (-25, -40); status: COMPLETED; attempt: 1
event: battery_consumption; timestamp: 948.232; robot: 3; time: 47.1699; initial_level: 951.497; final_level: 951.497
event: navigation; timestamp: 948.232; robot: 3; time: 47.1699; src: (-25, -40); dst: (0, 0)
event: robot_finished; timestamp: 995.402; robot: 3; pos: (0, 0); battery: 951.497
event: battery_consumption; timestamp: 948.232; robot: 8; time: 47.1699; initial_level: 934.356; final_level: 934.356
event: navigation; timestamp: 948.232; robot: 8; time: 47.1699; src: (-25, -40); dst: (0, 0)
event: robot_finished; timestamp: 995.402; robot: 8; pos: (0, 0); battery: 934.356
event: battery_consumption; timestamp: 948.232; robot: 9; time: 47.1699; initial_level: 933.808; final_level: 933.808
event: navigation; timestamp: 948.232; robot: 9; time: 47.1699; src: (-25, -40); dst: (0, 0)
event: robot_finished; timestamp: 995.402; robot: 9; pos: (0, 0); battery: 933.808
event: task_execution; timestamp: 962.008; task: 93; robot: 6; pos: (21, 2); time: 10.5348
event: battery_consumption; timestamp: 962.008; robot: 6; time: 10.5348; initial_level: 936.968; final_level: 933.808
event: task_execution; timestamp: 962.008; task: 93; robot: 7; pos: (21, 2); time: 10.5348
event: battery_consumption; timestamp: 962.008; robot: 7; time: 10.5348; initial_level: 954.277; final_level: 951.116
event: task_resolution; timestamp: 972.543; task: 93; pos: (21, 2); status: COMPLETED; attempt: 1
event: battery_consumption; timestamp: 972.543; robot: 7; time: 21.095; initial_level: 951.116; final_level: 951.116
event: navigation; timestamp: 972.543; robot: 7; time: 21.095; src: (21, 2); dst: (0, 0)
event: robot_finished; timestamp: 993.638; robot: 7; pos: (0, 0); battery: 951.116
event: battery_consumption; timestamp: 972.543; robot: 6; time: 21.095; initial_level: 933.808; final_level: 933.808
event: navigation; timestamp: 972.543; robot: 6; time: 21.095; src: (21, 2); dst: (0, 0)
event: robot_finished; timestamp: 993.638; robot: 6; pos: (0, 0); battery: 933.808
event: task_execution; timestamp: 967.082; task: 70; robot: 10; pos: (-5, 19); time: 9.64609
event: battery_consumption; timestamp: 967.082; robot: 10; time: 9.64609; initial_level: 992.441; final_level: 970.255
event: task_resolution; timestamp: 976.728; task: 70; pos: (-5, 19); status: COMPLETED; attempt: 1
event: battery_consumption; timestamp: 976.728; robot: 10; time: 19.6469; initial_level: 970.255; final_level: 970.255
event: navigation; timestamp: 976.728; robot: 10; time: 19.6469; src: (-5, 19); dst: (0, 0)
event: robot_finished; timestamp: 996.375; robot: 10; pos: (0, 0); battery: 970.255
metric: available_agents; value: 0
metric: failed_agents; value: 0
metric: finished_agents; value: 10
metric: completed_tasks; value: 17
metric: pending_tasks; value: 0
metric: failed_tasks; value: 83
metric: average_robot_makespan; value: 977.716
metric: sd_robot_makespan; value: 22.3646
metric: max_robot_makespan; value: 996.375
metric: min_robot_makespan; value: 949.235
metric: average_robot_travel_distance; value: 261.342
metric: sd_robot_travel_distance; value: 118.423
metric: max_robot_travel_distance; value: 537.081
metric: min_robot_travel_distance; value: 149.629
metric: sum_robot_travel_distance; value: 2613.42
metric: average_completed_tasks_by_robot; value: 0
metric: sd_completed_tasks_by_robot; value: 0
metric: max_completed_tasks_by_robot; value: 0
metric: min_completed_tasks_by_robot; value: 0
metric: final_reward; value: 0.17
metric: computing_time; value: 0.00372964
