info: solver_name; value: dec-mcts
info: reward_function; value: reward00
info: replica; value: 1
info: filename; value: ../logs/prueba/scenario_12_06_01_dec-mcts_reward00_001.log
info: scenario_name; value: scenario_12_06_01
info: scenario_name; value: scenario_12_06_01
info: number_of_tasks; value: 12
info: number_of_robots; value: 6
info: number_of_recharging_stations; value: 1
info: scenario_size; value: (200,200)
event: recharging_station_spawn; timestamp: 0; recharging_station: 1; pos: (0, 0)
event: task_spawn; timestamp: 0; task: 1; pos: (-70.0709, -68.0831); earliest_start: 0; latest_start: 1080; state: PENDING; required_workers: 3; success_prob: 0.8; max_attempts: 1
event: task_spawn; timestamp: 0; task: 2; pos: (-17.4248, -96.1114); earliest_start: 0; latest_start: 810; state: PENDING; required_workers: 3; success_prob: 0.8; max_attempts: 1
event: task_spawn; timestamp: 0; task: 3; pos: (-29.5006, -24.1376); earliest_start: 0; latest_start: 1080; state: PENDING; required_workers: 2; success_prob: 0.8; max_attempts: 1
event: task_spawn; timestamp: 0; task: 4; pos: (6.58351, -36.5381); earliest_start: 0; latest_start: 540; state: PENDING; required_workers: 1; success_prob: 0.8; max_attempts: 1
event: task_spawn; timestamp: 0; task: 5; pos: (-46.7684, -52.5449); earliest_start: 0; latest_start: 540; state: PENDING; required_workers: 3; success_prob: 0.8; max_attempts: 1
event: task_spawn; timestamp: 0; task: 6; pos: (-87.1468, -93.4297); earliest_start: 0; latest_start: 810; state: PENDING; required_workers: 2; success_prob: 0.8; max_attempts: 1
event: task_spawn; timestamp: 0; task: 7; pos: (-74.758, -54.3258); earliest_start: 0; latest_start: 540; state: PENDING; required_workers: 2; success_prob: 0.8; max_attempts: 1
event: task_spawn; timestamp: 0; task: 8; pos: (-1.29451, 32.4663); earliest_start: 0; latest_start: 540; state: PENDING; required_workers: 2; success_prob: 0.8; max_attempts: 1
event: task_spawn; timestamp: 0; task: 9; pos: (60.5478, -15.9338); earliest_start: 0; latest_start: 1080; state: PENDING; required_workers: 1; success_prob: 0.8; max_attempts: 1
event: task_spawn; timestamp: 0; task: 10; pos: (56.8755, 43.1394); earliest_start: 0; latest_start: 810; state: PENDING; required_workers: 2; success_prob: 0.8; max_attempts: 1
event: task_spawn; timestamp: 0; task: 11; pos: (-24.173, 41.1999); earliest_start: 0; latest_start: 540; state: PENDING; required_workers: 2; success_prob: 0.8; max_attempts: 1
event: task_spawn; timestamp: 0; task: 12; pos: (72.2993, -29.315); earliest_start: 0; latest_start: 1080; state: PENDING; required_workers: 1; success_prob: 0.8; max_attempts: 1
event: robot_spawn; timestamp: 0; robot: 1; pos: (0, 0); state: AVAILABLE; battery_level: 100; battery_capacity: 100; velocity: 5; battery_rate_nav: 0.1
event: robot_spawn; timestamp: 0; robot: 2; pos: (0, 0); state: AVAILABLE; battery_level: 100; battery_capacity: 100; velocity: 5; battery_rate_nav: 0.1
event: robot_spawn; timestamp: 0; robot: 3; pos: (0, 0); state: AVAILABLE; battery_level: 100; battery_capacity: 100; velocity: 5; battery_rate_nav: 0.1
event: robot_spawn; timestamp: 0; robot: 4; pos: (0, 0); state: AVAILABLE; battery_level: 100; battery_capacity: 100; velocity: 5; battery_rate_nav: 0.1
event: robot_spawn; timestamp: 0; robot: 5; pos: (0, 0); state: AVAILABLE; battery_level: 100; battery_capacity: 100; velocity: 5; battery_rate_nav: 0.1
event: robot_spawn; timestamp: 0; robot: 6; pos: (0, 0); state: AVAILABLE; battery_level: 100; battery_capacity: 100; velocity: 5; battery_rate_nav: 0.1
event: battery_consumption; timestamp: 0; robot: 4; time: 7.4253; initial_level: 100; final_level: 99.2575
event: navigation; timestamp: 0; robot: 4; time: 7.4253; src: (0, 0); dst: (6.58351, -36.5381)
event: battery_consumption; timestamp: 0; robot: 6; time: 6.49842; initial_level: 100; final_level: 99.3502
event: navigation; timestamp: 0; robot: 6; time: 6.49842; src: (0, 0); dst: (-1.29451, 32.4663)
event: battery_consumption; timestamp: 0; robot: 5; time: 6.49842; initial_level: 100; final_level: 99.3502
event: navigation; timestamp: 0; robot: 5; time: 6.49842; src: (0, 0); dst: (-1.29451, 32.4663)
event: battery_consumption; timestamp: 0; robot: 2; time: 7.4253; initial_level: 100; final_level: 99.2575
event: navigation; timestamp: 0; robot: 2; time: 7.4253; src: (0, 0); dst: (6.58351, -36.5381)
event: battery_consumption; timestamp: 0; robot: 1; time: 7.4253; initial_level: 100; final_level: 99.2575
event: navigation; timestamp: 0; robot: 1; time: 7.4253; src: (0, 0); dst: (6.58351, -36.5381)
event: battery_consumption; timestamp: 0; robot: 3; time: 7.4253; initial_level: 100; final_level: 99.2575
event: navigation; timestamp: 0; robot: 3; time: 7.4253; src: (0, 0); dst: (6.58351, -36.5381)
event: task_execution; timestamp: 6.49842; task: 8; robot: 5; pos: (-1.29451, 32.4663); time: 0
event: battery_consumption; timestamp: 6.49842; robot: 5; time: 0; initial_level: 99.3502; final_level: 89.3502
event: task_execution; timestamp: 6.49842; task: 8; robot: 6; pos: (-1.29451, 32.4663); time: 0
event: battery_consumption; timestamp: 6.49842; robot: 6; time: 0; initial_level: 99.3502; final_level: 89.3502
event: task_resolution; timestamp: 6.49842; task: 8; pos: (-1.29451, 32.4663); status: FAILED; attempt: 1
event: battery_consumption; timestamp: 6.49842; robot: 6; time: 4.89776; initial_level: 89.3502; final_level: 88.8604
event: navigation; timestamp: 6.49842; robot: 6; time: 4.89776; src: (-1.29451, 32.4663); dst: (-24.173, 41.1999)
event: battery_consumption; timestamp: 6.49842; robot: 5; time: 4.89776; initial_level: 89.3502; final_level: 88.8604
event: navigation; timestamp: 6.49842; robot: 5; time: 4.89776; src: (-1.29451, 32.4663); dst: (-24.173, 41.1999)
event: task_execution; timestamp: 7.4253; task: 4; robot: 1; pos: (6.58351, -36.5381); time: 0
event: battery_consumption; timestamp: 7.4253; robot: 1; time: 0; initial_level: 99.2575; final_level: 89.2575
event: task_execution; timestamp: 7.4253; task: 4; robot: 2; pos: (6.58351, -36.5381); time: 0
event: battery_consumption; timestamp: 7.4253; robot: 2; time: 0; initial_level: 99.2575; final_level: 89.2575
event: task_execution; timestamp: 7.4253; task: 4; robot: 3; pos: (6.58351, -36.5381); time: 0
event: battery_consumption; timestamp: 7.4253; robot: 3; time: 0; initial_level: 99.2575; final_level: 89.2575
event: task_execution; timestamp: 7.4253; task: 4; robot: 4; pos: (6.58351, -36.5381); time: 0
event: battery_consumption; timestamp: 7.4253; robot: 4; time: 0; initial_level: 99.2575; final_level: 89.2575
event: task_resolution; timestamp: 7.4253; task: 4; pos: (6.58351, -36.5381); status: FAILED; attempt: 1
event: battery_consumption; timestamp: 7.4253; robot: 2; time: 7.63108; initial_level: 89.2575; final_level: 88.4944
event: navigation; timestamp: 7.4253; robot: 2; time: 7.63108; src: (6.58351, -36.5381); dst: (-29.5006, -24.1376)
event: battery_consumption; timestamp: 7.4253; robot: 1; time: 7.63108; initial_level: 89.2575; final_level: 88.4944
event: navigation; timestamp: 7.4253; robot: 1; time: 7.63108; src: (6.58351, -36.5381); dst: (-29.5006, -24.1376)
event: battery_consumption; timestamp: 7.4253; robot: 3; time: 11.5528; initial_level: 89.2575; final_level: 88.1022
event: navigation; timestamp: 7.4253; robot: 3; time: 11.5528; src: (6.58351, -36.5381); dst: (60.5478, -15.9338)
event: battery_consumption; timestamp: 7.4253; robot: 4; time: 13.2223; initial_level: 89.2575; final_level: 87.9352
event: navigation; timestamp: 7.4253; robot: 4; time: 13.2223; src: (6.58351, -36.5381); dst: (72.2993, -29.315)
event: task_execution; timestamp: 15.0564; task: 3; robot: 1; pos: (-29.5006, -24.1376); time: 0
event: battery_consumption; timestamp: 15.0564; robot: 1; time: 0; initial_level: 88.4944; final_level: 88.4944
event: task_execution; timestamp: 15.0564; task: 3; robot: 2; pos: (-29.5006, -24.1376); time: 0
event: battery_consumption; timestamp: 15.0564; robot: 2; time: 0; initial_level: 88.4944; final_level: 88.4944
event: task_resolution; timestamp: 15.0564; task: 3; pos: (-29.5006, -24.1376); status: COMPLETED; attempt: 1
event: battery_consumption; timestamp: 15.0564; robot: 1; time: 6.64876; initial_level: 88.4944; final_level: 87.8295
event: navigation; timestamp: 15.0564; robot: 1; time: 6.64876; src: (-29.5006, -24.1376); dst: (-46.7684, -52.5449)
event: battery_consumption; timestamp: 15.0564; robot: 2; time: 6.64876; initial_level: 88.4944; final_level: 87.8295
event: navigation; timestamp: 15.0564; robot: 2; time: 6.64876; src: (-29.5006, -24.1376); dst: (-46.7684, -52.5449)
event: task_execution; timestamp: 18.9781; task: 9; robot: 3; pos: (60.5478, -15.9338); time: 0
event: battery_consumption; timestamp: 18.9781; robot: 3; time: 0; initial_level: 88.1022; final_level: 78.1022
event: task_resolution; timestamp: 18.9781; task: 9; pos: (60.5478, -15.9338); status: FAILED; attempt: 1
event: battery_consumption; timestamp: 18.9781; robot: 3; time: 11.8374; initial_level: 78.1022; final_level: 76.9184
event: navigation; timestamp: 18.9781; robot: 3; time: 11.8374; src: (60.5478, -15.9338); dst: (56.8755, 43.1394)
event: task_execution; timestamp: 20.6476; task: 12; robot: 4; pos: (72.2993, -29.315); time: 0
event: battery_consumption; timestamp: 20.6476; robot: 4; time: 0; initial_level: 87.9352; final_level: 87.9352
event: task_resolution; timestamp: 20.6476; task: 12; pos: (72.2993, -29.315); status: COMPLETED; attempt: 1
event: battery_consumption; timestamp: 20.6476; robot: 4; time: 14.8156; initial_level: 87.9352; final_level: 86.4537
event: navigation; timestamp: 20.6476; robot: 4; time: 14.8156; src: (72.2993, -29.315); dst: (56.8755, 43.1394)
event: task_execution; timestamp: 11.3962; task: 11; robot: 5; pos: (-24.173, 41.1999); time: 22.3218
event: battery_consumption; timestamp: 11.3962; robot: 5; time: 22.3218; initial_level: 88.8604; final_level: 66.5386
event: task_execution; timestamp: 11.3962; task: 11; robot: 6; pos: (-24.173, 41.1999); time: 22.3218
event: battery_consumption; timestamp: 11.3962; robot: 6; time: 22.3218; initial_level: 88.8604; final_level: 66.5386
event: task_resolution; timestamp: 33.7179; task: 11; pos: (-24.173, 41.1999); status: COMPLETED; attempt: 1
event: battery_consumption; timestamp: 33.7179; robot: 6; time: 19.2859; initial_level: 66.5386; final_level: 64.61
event: navigation; timestamp: 33.7179; robot: 6; time: 19.2859; src: (-24.173, 41.1999); dst: (-46.7684, -52.5449)
event: battery_consumption; timestamp: 33.7179; robot: 5; time: 21.6185; initial_level: 66.5386; final_level: 64.3768
event: navigation; timestamp: 33.7179; robot: 5; time: 21.6185; src: (-24.173, 41.1999); dst: (-74.758, -54.3258)
event: task_execution; timestamp: 53.0038; task: 5; robot: 1; pos: (-46.7684, -52.5449); time: 0
event: battery_consumption; timestamp: 53.0038; robot: 1; time: 0; initial_level: 87.8295; final_level: 77.8295
event: task_execution; timestamp: 53.0038; task: 5; robot: 2; pos: (-46.7684, -52.5449); time: 0
event: battery_consumption; timestamp: 53.0038; robot: 2; time: 0; initial_level: 87.8295; final_level: 77.8295
event: task_execution; timestamp: 53.0038; task: 5; robot: 6; pos: (-46.7684, -52.5449); time: 0
event: battery_consumption; timestamp: 53.0038; robot: 6; time: 0; initial_level: 64.61; final_level: 54.61
event: task_resolution; timestamp: 53.0038; task: 5; pos: (-46.7684, -52.5449); status: FAILED; attempt: 1
event: battery_consumption; timestamp: 53.0038; robot: 1; time: 5.60924; initial_level: 77.8295; final_level: 77.2686
event: navigation; timestamp: 53.0038; robot: 1; time: 5.60924; src: (-46.7684, -52.5449); dst: (-74.758, -54.3258)
event: battery_consumption; timestamp: 53.0038; robot: 6; time: 5.60158; initial_level: 54.61; final_level: 54.0499
event: navigation; timestamp: 53.0038; robot: 6; time: 5.60158; src: (-46.7684, -52.5449); dst: (-70.0709, -68.0831)
event: battery_consumption; timestamp: 53.0038; robot: 2; time: 5.60158; initial_level: 77.8295; final_level: 77.2693
event: navigation; timestamp: 53.0038; robot: 2; time: 5.60158; src: (-46.7684, -52.5449); dst: (-70.0709, -68.0831)
event: task_execution; timestamp: 35.4632; task: 10; robot: 3; pos: (56.8755, 43.1394); time: 36.5607
event: battery_consumption; timestamp: 35.4632; robot: 3; time: 36.5607; initial_level: 76.9184; final_level: 40.3578
event: task_execution; timestamp: 35.4632; task: 10; robot: 4; pos: (56.8755, 43.1394); time: 36.5607
event: battery_consumption; timestamp: 35.4632; robot: 4; time: 36.5607; initial_level: 86.4537; final_level: 49.893
event: task_resolution; timestamp: 72.0239; task: 10; pos: (56.8755, 43.1394); status: COMPLETED; attempt: 1
event: battery_consumption; timestamp: 72.0239; robot: 4; time: 31.5666; initial_level: 49.893; final_level: 46.7363
event: navigation; timestamp: 72.0239; robot: 4; time: 31.5666; src: (56.8755, 43.1394); dst: (-17.4248, -96.1114)
event: battery_consumption; timestamp: 72.0239; robot: 3; time: 31.5666; initial_level: 40.3578; final_level: 37.2011
event: navigation; timestamp: 72.0239; robot: 3; time: 31.5666; src: (56.8755, 43.1394); dst: (-17.4248, -96.1114)
event: task_execution; timestamp: 58.6131; task: 7; robot: 1; pos: (-74.758, -54.3258); time: 35.9358
event: battery_consumption; timestamp: 58.6131; robot: 1; time: 35.9358; initial_level: 77.2686; final_level: 41.3328
event: task_execution; timestamp: 58.6131; task: 7; robot: 5; pos: (-74.758, -54.3258); time: 35.9358
event: battery_consumption; timestamp: 58.6131; robot: 5; time: 35.9358; initial_level: 64.3768; final_level: 28.441
event: task_resolution; timestamp: 94.5489; task: 7; pos: (-74.758, -54.3258); status: COMPLETED; attempt: 1
event: battery_consumption; timestamp: 94.5489; robot: 1; time: 2.90677; initial_level: 41.3328; final_level: 41.0421
event: navigation; timestamp: 94.5489; robot: 1; time: 2.90677; src: (-74.758, -54.3258); dst: (-70.0709, -68.0831)
event: battery_consumption; timestamp: 94.5489; robot: 5; time: 8.2039; initial_level: 28.441; final_level: 27.6206
event: navigation; timestamp: 94.5489; robot: 5; time: 8.2039; src: (-74.758, -54.3258); dst: (-87.1468, -93.4297)
event: task_execution; timestamp: 97.4556; task: 1; robot: 1; pos: (-70.0709, -68.0831); time: 41.0421
event: battery_consumption; timestamp: 97.4556; robot: 1; time: 41.0421; initial_level: 41.0421; final_level: 31.0421
event: task_execution; timestamp: 97.4556; task: 1; robot: 2; pos: (-70.0709, -68.0831); time: 41.0421
event: battery_consumption; timestamp: 97.4556; robot: 2; time: 41.0421; initial_level: 77.2693; final_level: 67.2693
event: task_execution; timestamp: 97.4556; task: 1; robot: 6; pos: (-70.0709, -68.0831); time: 41.0421
event: battery_consumption; timestamp: 97.4556; robot: 6; time: 41.0421; initial_level: 54.0499; final_level: 44.0499
event: task_resolution; timestamp: 138.498; task: 1; pos: (-70.0709, -68.0831); status: FAILED; attempt: 1
event: battery_consumption; timestamp: 138.498; robot: 1; time: 6.1124; initial_level: 31.0421; final_level: 30.4309
event: navigation; timestamp: 138.498; robot: 1; time: 6.1124; src: (-70.0709, -68.0831); dst: (-87.1468, -93.4297)
event: battery_consumption; timestamp: 138.498; robot: 6; time: 11.9284; initial_level: 44.0499; final_level: 42.857
event: navigation; timestamp: 138.498; robot: 6; time: 11.9284; src: (-70.0709, -68.0831); dst: (-17.4248, -96.1114)
event: battery_consumption; timestamp: 138.498; robot: 2; time: 19.5399; initial_level: 67.2693; final_level: 65.3153
event: navigation; timestamp: 138.498; robot: 2; time: 19.5399; src: (-70.0709, -68.0831); dst: (0, 0)
event: robot_finished; timestamp: 158.038; robot: 2; pos: (0, 0); battery: 65.3153
event: task_execution; timestamp: 144.61; task: 6; robot: 1; pos: (-87.1468, -93.4297); time: 27.6206
event: battery_consumption; timestamp: 144.61; robot: 1; time: 27.6206; initial_level: 30.4309; final_level: 20.4309
event: task_execution; timestamp: 144.61; task: 6; robot: 5; pos: (-87.1468, -93.4297); time: 27.6206
event: battery_consumption; timestamp: 144.61; robot: 5; time: 27.6206; initial_level: 27.6206; final_level: 17.6206
event: task_resolution; timestamp: 172.231; task: 6; pos: (-87.1468, -93.4297); status: FAILED; attempt: 1
event: battery_consumption; timestamp: 172.231; robot: 5; time: 25.5528; initial_level: 17.6206; final_level: 15.0653
event: navigation; timestamp: 172.231; robot: 5; time: 25.5528; src: (-87.1468, -93.4297); dst: (0, 0)
event: robot_finished; timestamp: 197.784; robot: 5; pos: (0, 0); battery: 15.0653
event: battery_consumption; timestamp: 172.231; robot: 1; time: 25.5528; initial_level: 20.4309; final_level: 17.8756
event: navigation; timestamp: 172.231; robot: 1; time: 25.5528; src: (-87.1468, -93.4297); dst: (0, 0)
event: robot_finished; timestamp: 197.784; robot: 1; pos: (0, 0); battery: 17.8756
event: task_execution; timestamp: 150.426; task: 2; robot: 3; pos: (-17.4248, -96.1114); time: 37.2011
event: battery_consumption; timestamp: 150.426; robot: 3; time: 37.2011; initial_level: 37.2011; final_level: 27.2011
event: task_execution; timestamp: 150.426; task: 2; robot: 4; pos: (-17.4248, -96.1114); time: 37.2011
event: battery_consumption; timestamp: 150.426; robot: 4; time: 37.2011; initial_level: 46.7363; final_level: 36.7363
event: task_execution; timestamp: 150.426; task: 2; robot: 6; pos: (-17.4248, -96.1114); time: 37.2011
event: battery_consumption; timestamp: 150.426; robot: 6; time: 37.2011; initial_level: 42.857; final_level: 32.857
event: task_resolution; timestamp: 187.627; task: 2; pos: (-17.4248, -96.1114); status: FAILED; attempt: 1
event: battery_consumption; timestamp: 187.627; robot: 3; time: 19.5356; initial_level: 27.2011; final_level: 25.2475
event: navigation; timestamp: 187.627; robot: 3; time: 19.5356; src: (-17.4248, -96.1114); dst: (0, 0)
event: robot_finished; timestamp: 207.163; robot: 3; pos: (0, 0); battery: 25.2475
event: battery_consumption; timestamp: 187.627; robot: 6; time: 19.5356; initial_level: 32.857; final_level: 30.9035
event: navigation; timestamp: 187.627; robot: 6; time: 19.5356; src: (-17.4248, -96.1114); dst: (0, 0)
event: robot_finished; timestamp: 207.163; robot: 6; pos: (0, 0); battery: 30.9035
event: battery_consumption; timestamp: 187.627; robot: 4; time: 19.5356; initial_level: 36.7363; final_level: 34.7828
event: navigation; timestamp: 187.627; robot: 4; time: 19.5356; src: (-17.4248, -96.1114); dst: (0, 0)
event: robot_finished; timestamp: 207.163; robot: 4; pos: (0, 0); battery: 34.7828
metric: available_agents; value: 0
metric: failed_agents; value: 0
metric: finished_agents; value: 6
metric: completed_tasks; value: 5
metric: pending_tasks; value: 0
metric: failed_tasks; value: 7
metric: average_robot_makespan; value: 195.849
metric: sd_robot_makespan; value: 19.085
metric: max_robot_makespan; value: 207.163
metric: min_robot_makespan; value: 158.038
metric: average_robot_travel_distance; value: 343.113
metric: sd_robot_travel_distance; value: 71.5007
metric: max_robot_travel_distance; value: 432.827
metric: min_robot_travel_distance; value: 234.233
metric: sum_robot_travel_distance; value: 2058.68
metric: average_completed_tasks_by_robot; value: 0
metric: sd_completed_tasks_by_robot; value: 0
metric: max_completed_tasks_by_robot; value: 0
metric: min_completed_tasks_by_robot; value: 0
metric: final_reward; value: 0.416667
metric: computing_time; value: 1.68522
