info: solver_name; value: dec-mcts-bp-06
info: reward_function; value: reward00
info: replica; value: 2
info: filename; value: ../logs/ablacion_bpcap/scenario_1E_24t_4r_dec-mcts-bp-06_reward00_002.log
info: scenario_name; value: scenario_1E_24t_4r
info: scenario_name; value: scenario_1E_24t_4r
info: number_of_tasks; value: 24
info: number_of_robots; value: 4
info: number_of_recharging_stations; value: 1
info: scenario_size; value: (15,15)
event: recharging_station_spawn; timestamp: 0; recharging_station: 1; pos: (0, 0)
event: task_spawn; timestamp: 0; task: 1; pos: (0, 5); earliest_start: 15; latest_start: 30.29; state: PENDING; required_workers: 1; success_prob: 1; max_attempts: 1
event: task_spawn; timestamp: 0; task: 2; pos: (0.87, 4.5); earliest_start: 50; latest_start: 59.5; state: PENDING; required_workers: 1; success_prob: 1; max_attempts: 1
event: task_spawn; timestamp: 0; task: 3; pos: (0.87, 3.5); earliest_start: 36; latest_start: 43.16; state: PENDING; required_workers: 1; success_prob: 1; max_attempts: 1
event: task_spawn; timestamp: 0; task: 4; pos: (0, 3); earliest_start: 23; latest_start: 33.11; state: PENDING; required_workers: 1; success_prob: 1; max_attempts: 1
event: task_spawn; timestamp: 0; task: 5; pos: (-0.87, 3.5); earliest_start: 8; latest_start: 9.61; state: PENDING; required_workers: 1; success_prob: 1; max_attempts: 1
event: task_spawn; timestamp: 0; task: 6; pos: (-0.87, 4.5); earliest_start: 39; latest_start: 50.74; state: PENDING; required_workers: 1; success_prob: 1; max_attempts: 1
event: task_spawn; timestamp: 0; task: 7; pos: (4, 1); earliest_start: 25; latest_start: 35.83; state: PENDING; required_workers: 1; success_prob: 1; max_attempts: 1
event: task_spawn; timestamp: 0; task: 8; pos: (4.87, 0.5); earliest_start: 45; latest_start: 54.26; state: PENDING; required_workers: 1; success_prob: 1; max_attempts: 1
event: task_spawn; timestamp: 0; task: 9; pos: (4.87, -0.5); earliest_start: 49; latest_start: 58.29; state: PENDING; required_workers: 1; success_prob: 1; max_attempts: 1
event: task_spawn; timestamp: 0; task: 10; pos: (4, -1); earliest_start: 26; latest_start: 32.41; state: PENDING; required_workers: 1; success_prob: 1; max_attempts: 1
event: task_spawn; timestamp: 0; task: 11; pos: (3.13, -0.5); earliest_start: 20; latest_start: 30.52; state: PENDING; required_workers: 1; success_prob: 1; max_attempts: 1
event: task_spawn; timestamp: 0; task: 12; pos: (3.13, 0.5); earliest_start: 41; latest_start: 49.95; state: PENDING; required_workers: 1; success_prob: 1; max_attempts: 1
event: task_spawn; timestamp: 0; task: 13; pos: (0, -3); earliest_start: 33; latest_start: 46; state: PENDING; required_workers: 1; success_prob: 1; max_attempts: 1
event: task_spawn; timestamp: 0; task: 14; pos: (0.87, -3.5); earliest_start: 22; latest_start: 33.51; state: PENDING; required_workers: 1; success_prob: 1; max_attempts: 1
event: task_spawn; timestamp: 0; task: 15; pos: (0.87, -4.5); earliest_start: 35; latest_start: 48.9; state: PENDING; required_workers: 1; success_prob: 1; max_attempts: 1
event: task_spawn; timestamp: 0; task: 16; pos: (0, -5); earliest_start: 40; latest_start: 54.07; state: PENDING; required_workers: 1; success_prob: 1; max_attempts: 1
event: task_spawn; timestamp: 0; task: 17; pos: (-0.87, -4.5); earliest_start: 8; latest_start: 13.63; state: PENDING; required_workers: 1; success_prob: 1; max_attempts: 1
event: task_spawn; timestamp: 0; task: 18; pos: (-0.87, -3.5); earliest_start: 27; latest_start: 34.31; state: PENDING; required_workers: 1; success_prob: 1; max_attempts: 1
event: task_spawn; timestamp: 0; task: 19; pos: (-4, 1); earliest_start: 7; latest_start: 10.96; state: PENDING; required_workers: 1; success_prob: 1; max_attempts: 1
event: task_spawn; timestamp: 0; task: 20; pos: (-3.13, 0.5); earliest_start: 33; latest_start: 42.89; state: PENDING; required_workers: 1; success_prob: 1; max_attempts: 1
event: task_spawn; timestamp: 0; task: 21; pos: (-3.13, -0.5); earliest_start: 20; latest_start: 31.03; state: PENDING; required_workers: 1; success_prob: 1; max_attempts: 1
event: task_spawn; timestamp: 0; task: 22; pos: (-4, -1); earliest_start: 45; latest_start: 56.48; state: PENDING; required_workers: 1; success_prob: 1; max_attempts: 1
event: task_spawn; timestamp: 0; task: 23; pos: (-4.87, -0.5); earliest_start: 33; latest_start: 44.12; state: PENDING; required_workers: 1; success_prob: 1; max_attempts: 1
event: task_spawn; timestamp: 0; task: 24; pos: (-4.87, 0.5); earliest_start: 18; latest_start: 35.2; state: PENDING; required_workers: 1; success_prob: 1; max_attempts: 1
event: robot_spawn; timestamp: 0; robot: 1; pos: (0, 0); state: AVAILABLE; battery_level: 100; battery_capacity: 100; velocity: 1; battery_rate_nav: 1
event: robot_spawn; timestamp: 0; robot: 2; pos: (0, 0); state: AVAILABLE; battery_level: 100; battery_capacity: 100; velocity: 1; battery_rate_nav: 1
event: robot_spawn; timestamp: 0; robot: 3; pos: (0, 0); state: AVAILABLE; battery_level: 100; battery_capacity: 100; velocity: 1; battery_rate_nav: 1
event: robot_spawn; timestamp: 0; robot: 4; pos: (0, 0); state: AVAILABLE; battery_level: 100; battery_capacity: 100; velocity: 1; battery_rate_nav: 1
event: battery_consumption; timestamp: 0; robot: 4; time: 4.12311; initial_level: 100; final_level: 95.8769
event: navigation; timestamp: 0; robot: 4; time: 4.12311; src: (0, 0); dst: (-4, 1)
event: battery_consumption; timestamp: 0; robot: 2; time: 4.58333; initial_level: 100; final_level: 95.4167
event: navigation; timestamp: 0; robot: 2; time: 4.58333; src: (0, 0); dst: (-0.87, -4.5)
event: battery_consumption; timestamp: 1; robot: 1; time: 4.8956; initial_level: 100; final_level: 95.1044
event: navigation; timestamp: 1; robot: 1; time: 4.8956; src: (0, 0); dst: (-4.87, 0.5)
event: battery_consumption; timestamp: 1; robot: 3; time: 5; initial_level: 100; final_level: 95
event: navigation; timestamp: 1; robot: 3; time: 5; src: (0, 0); dst: (0, 5)
event: task_execution; timestamp: 7; task: 19; robot: 4; pos: (-4, 1); time: 10
event: battery_consumption; timestamp: 7; robot: 4; time: 10; initial_level: 95.8769; final_level: 85.8769
event: task_resolution; timestamp: 17; task: 19; pos: (-4, 1); status: COMPLETED; attempt: 1
event: battery_consumption; timestamp: 17; robot: 4; time: 1.73404; initial_level: 85.8769; final_level: 84.1429
event: navigation; timestamp: 17; robot: 4; time: 1.73404; src: (-4, 1); dst: (-3.13, -0.5)
event: task_execution; timestamp: 8; task: 17; robot: 2; pos: (-0.87, -4.5); time: 10
event: battery_consumption; timestamp: 8; robot: 2; time: 10; initial_level: 95.4167; final_level: 85.4167
event: task_resolution; timestamp: 18; task: 17; pos: (-0.87, -4.5); status: COMPLETED; attempt: 1
event: battery_consumption; timestamp: 18; robot: 2; time: 5.65685; initial_level: 85.4167; final_level: 79.7598
event: navigation; timestamp: 18; robot: 2; time: 5.65685; src: (-0.87, -4.5); dst: (3.13, -0.5)
event: task_execution; timestamp: 15; task: 1; robot: 3; pos: (0, 5); time: 10
event: battery_consumption; timestamp: 15; robot: 3; time: 10; initial_level: 95; final_level: 85
event: task_resolution; timestamp: 25; task: 1; pos: (0, 5); status: COMPLETED; attempt: 1
event: battery_consumption; timestamp: 25; robot: 3; time: 2; initial_level: 85; final_level: 83
event: navigation; timestamp: 25; robot: 3; time: 2; src: (0, 5); dst: (0, 3)
event: task_execution; timestamp: 18; task: 24; robot: 1; pos: (-4.87, 0.5); time: 10
event: battery_consumption; timestamp: 18; robot: 1; time: 10; initial_level: 95.1044; final_level: 85.1044
event: task_resolution; timestamp: 28; task: 24; pos: (-4.87, 0.5); status: COMPLETED; attempt: 1
event: battery_consumption; timestamp: 28; robot: 1; time: 5.65685; initial_level: 85.1044; final_level: 79.4475
event: navigation; timestamp: 28; robot: 1; time: 5.65685; src: (-4.87, 0.5); dst: (-0.87, -3.5)
event: task_execution; timestamp: 20; task: 21; robot: 4; pos: (-3.13, -0.5); time: 10
event: battery_consumption; timestamp: 20; robot: 4; time: 10; initial_level: 84.1429; final_level: 74.1429
event: task_resolution; timestamp: 30; task: 21; pos: (-3.13, -0.5); status: COMPLETED; attempt: 1
event: battery_consumption; timestamp: 30; robot: 4; time: 1; initial_level: 74.1429; final_level: 73.1429
event: navigation; timestamp: 30; robot: 4; time: 1; src: (-3.13, -0.5); dst: (-3.13, 0.5)
event: task_execution; timestamp: 23.6569; task: 11; robot: 2; pos: (3.13, -0.5); time: 10
event: battery_consumption; timestamp: 23.6569; robot: 2; time: 10; initial_level: 79.7598; final_level: 69.7598
event: task_resolution; timestamp: 33.6569; task: 11; pos: (3.13, -0.5); status: COMPLETED; attempt: 1
event: battery_consumption; timestamp: 33.6569; robot: 2; time: 1.73404; initial_level: 69.7598; final_level: 68.0258
event: navigation; timestamp: 33.6569; robot: 2; time: 1.73404; src: (3.13, -0.5); dst: (4, 1)
event: task_execution; timestamp: 27; task: 4; robot: 3; pos: (0, 3); time: 10
event: battery_consumption; timestamp: 27; robot: 3; time: 10; initial_level: 83; final_level: 73
event: task_resolution; timestamp: 37; task: 4; pos: (0, 3); status: COMPLETED; attempt: 1
event: battery_consumption; timestamp: 37; robot: 3; time: 1.00344; initial_level: 73; final_level: 71.9966
event: navigation; timestamp: 37; robot: 3; time: 1.00344; src: (0, 3); dst: (0.87, 3.5)
event: task_execution; timestamp: 33; task: 20; robot: 4; pos: (-3.13, 0.5); time: 10
event: battery_consumption; timestamp: 33; robot: 4; time: 10; initial_level: 73.1429; final_level: 63.1429
event: task_resolution; timestamp: 43; task: 20; pos: (-3.13, 0.5); status: COMPLETED; attempt: 1
event: battery_consumption; timestamp: 43; robot: 4; time: 2.00689; initial_level: 63.1429; final_level: 61.136
event: navigation; timestamp: 43; robot: 4; time: 2.00689; src: (-3.13, 0.5); dst: (-4.87, -0.5)
event: task_execution; timestamp: 33.6569; task: 18; robot: 1; pos: (-0.87, -3.5); time: 10
event: battery_consumption; timestamp: 33.6569; robot: 1; time: 10; initial_level: 79.4475; final_level: 69.4475
event: task_resolution; timestamp: 43.6569; task: 18; pos: (-0.87, -3.5); status: COMPLETED; attempt: 1
event: battery_consumption; timestamp: 43.6569; robot: 1; time: 1.00344; initial_level: 69.4475; final_level: 68.4441
event: navigation; timestamp: 43.6569; robot: 1; time: 1.00344; src: (-0.87, -3.5); dst: (0, -3)
event: task_execution; timestamp: 35.3909; task: 7; robot: 2; pos: (4, 1); time: 10
event: battery_consumption; timestamp: 35.3909; robot: 2; time: 10; initial_level: 68.0258; final_level: 58.0258
event: task_resolution; timestamp: 45.3909; task: 7; pos: (4, 1); status: COMPLETED; attempt: 1
event: battery_consumption; timestamp: 45.3909; robot: 2; time: 1.00344; initial_level: 58.0258; final_level: 57.0223
event: navigation; timestamp: 45.3909; robot: 2; time: 1.00344; src: (4, 1); dst: (3.13, 0.5)
event: task_execution; timestamp: 38.0034; task: 3; robot: 3; pos: (0.87, 3.5); time: 10
event: battery_consumption; timestamp: 38.0034; robot: 3; time: 10; initial_level: 71.9966; final_level: 61.9966
event: task_resolution; timestamp: 48.0034; task: 3; pos: (0.87, 3.5); status: COMPLETED; attempt: 1
event: battery_consumption; timestamp: 48.0034; robot: 3; time: 2.00689; initial_level: 61.9966; final_level: 59.9897
event: navigation; timestamp: 48.0034; robot: 3; time: 2.00689; src: (0.87, 3.5); dst: (-0.87, 4.5)
event: task_execution; timestamp: 44.6603; task: 13; robot: 1; pos: (0, -3); time: 10
event: battery_consumption; timestamp: 44.6603; robot: 1; time: 10; initial_level: 68.4441; final_level: 58.4441
event: task_resolution; timestamp: 54.6603; task: 13; pos: (0, -3); status: COMPLETED; attempt: 1
event: battery_consumption; timestamp: 54.6603; robot: 1; time: 5.4742; initial_level: 58.4441; final_level: 52.9699
event: navigation; timestamp: 54.6603; robot: 1; time: 5.4742; src: (0, -3); dst: (4.87, -0.5)
event: task_execution; timestamp: 45.0069; task: 23; robot: 4; pos: (-4.87, -0.5); time: 10
event: battery_consumption; timestamp: 45.0069; robot: 4; time: 10; initial_level: 61.136; final_level: 51.136
event: task_resolution; timestamp: 55.0069; task: 23; pos: (-4.87, -0.5); status: COMPLETED; attempt: 1
event: battery_consumption; timestamp: 55.0069; robot: 4; time: 1.00344; initial_level: 51.136; final_level: 50.1325
event: navigation; timestamp: 55.0069; robot: 4; time: 1.00344; src: (-4.87, -0.5); dst: (-4, -1)
event: task_execution; timestamp: 46.3943; task: 12; robot: 2; pos: (3.13, 0.5); time: 10
event: battery_consumption; timestamp: 46.3943; robot: 2; time: 10; initial_level: 57.0223; final_level: 47.0223
event: task_resolution; timestamp: 56.3943; task: 12; pos: (3.13, 0.5); status: COMPLETED; attempt: 1
event: battery_consumption; timestamp: 56.3943; robot: 2; time: 4.5943; initial_level: 47.0223; final_level: 42.428
event: navigation; timestamp: 56.3943; robot: 2; time: 4.5943; src: (3.13, 0.5); dst: (0.87, 4.5)
event: task_execution; timestamp: 50.0103; task: 6; robot: 3; pos: (-0.87, 4.5); time: 10
event: battery_consumption; timestamp: 50.0103; robot: 3; time: 10; initial_level: 59.9897; final_level: 49.9897
event: task_resolution; timestamp: 60.0103; task: 6; pos: (-0.87, 4.5); status: COMPLETED; attempt: 1
event: battery_consumption; timestamp: 61.0103; robot: 3; time: 4.58333; initial_level: 49.9897; final_level: 45.4063
event: navigation; timestamp: 61.0103; robot: 3; time: 4.58333; src: (-0.87, 4.5); dst: (0, 0)
event: recharge; timestamp: 65.5937; robot: 3; recharging_station: 1; pos: (0, 0); level: 100
event: robot_finished; timestamp: 65.5937; robot: 3; pos: (0, 0); battery: 100
event: task_execution; timestamp: 56.0103; task: 22; robot: 4; pos: (-4, -1); time: 10
event: battery_consumption; timestamp: 56.0103; robot: 4; time: 10; initial_level: 50.1325; final_level: 40.1325
event: task_resolution; timestamp: 66.0103; task: 22; pos: (-4, -1); status: COMPLETED; attempt: 1
event: battery_consumption; timestamp: 66.0103; robot: 4; time: 4.12311; initial_level: 40.1325; final_level: 36.0094
event: navigation; timestamp: 66.0103; robot: 4; time: 4.12311; src: (-4, -1); dst: (0, 0)
event: robot_finished; timestamp: 70.1334; robot: 4; pos: (0, 0); battery: 36.0094
event: task_execution; timestamp: 60.1345; task: 9; robot: 1; pos: (4.87, -0.5); time: 10
event: battery_consumption; timestamp: 60.1345; robot: 1; time: 10; initial_level: 52.9699; final_level: 42.9699
event: task_resolution; timestamp: 70.1345; task: 9; pos: (4.87, -0.5); status: COMPLETED; attempt: 1
event: battery_consumption; timestamp: 70.1345; robot: 1; time: 4.8956; initial_level: 42.9699; final_level: 38.0743
event: navigation; timestamp: 70.1345; robot: 1; time: 4.8956; src: (4.87, -0.5); dst: (0, 0)
event: robot_finished; timestamp: 75.0301; robot: 1; pos: (0, 0); battery: 38.0743
event: task_execution; timestamp: 60.9886; task: 2; robot: 2; pos: (0.87, 4.5); time: 10
event: battery_consumption; timestamp: 60.9886; robot: 2; time: 10; initial_level: 42.428; final_level: 32.428
event: task_resolution; timestamp: 70.9886; task: 2; pos: (0.87, 4.5); status: COMPLETED; attempt: 1
event: battery_consumption; timestamp: 70.9886; robot: 2; time: 4.58333; initial_level: 32.428; final_level: 27.8447
event: navigation; timestamp: 70.9886; robot: 2; time: 4.58333; src: (0.87, 4.5); dst: (0, 0)
event: robot_finished; timestamp: 75.572; robot: 2; pos: (0, 0); battery: 27.8447
metric: available_agents; value: 0
metric: failed_agents; value: 0
metric: finished_agents; value: 4
metric: completed_tasks; value: 18
metric: pending_tasks; value: 0
metric: failed_tasks; value: 6
metric: average_robot_makespan; value: 71.5823
metric: sd_robot_makespan; value: 4.68216
metric: max_robot_makespan; value: 75.572
metric: min_robot_makespan; value: 65.5937
metric: average_robot_travel_distance; value: 18.1663
metric: sd_robot_travel_distance; value: 4.48128
metric: max_robot_travel_distance; value: 22.1553
metric: min_robot_travel_distance; value: 13.9906
metric: sum_robot_travel_distance; value: 72.6652
metric: average_completed_tasks_by_robot; value: 0
metric: sd_completed_tasks_by_robot; value: 0
metric: max_completed_tasks_by_robot; value: 0
metric: min_completed_tasks_by_robot; value: 0
metric: final_reward; value: 0.75
metric: computing_time; value: 1.42415
