info: solver_name; value: dec-mcts-bp-05
info: reward_function; value: reward00
info: replica; value: 3
info: filename; value: ../logs/ablacion_bpcap/scenario_1E_12t_4r_dec-mcts-bp-05_reward00_003.log
info: scenario_name; value: scenario_1E_12t_4r
info: scenario_name; value: scenario_1E_12t_4r
info: number_of_tasks; value: 12
info: number_of_robots; value: 4
info: number_of_recharging_stations; value: 1
info: scenario_size; value: (15,15)
event: recharging_station_spawn; timestamp: 0; recharging_station: 1; pos: (0, 0)
event: task_spawn; timestamp: 0; task: 1; pos: (0, 5); earliest_start: 10; latest_start: 19.25; state: PENDING; required_workers: 1; success_prob: 1; max_attempts: 1
event: task_spawn; timestamp: 0; task: 2; pos: (0.87, 3.5); earliest_start: 5; latest_start: 17.96; state: PENDING; required_workers: 1; success_prob: 1; max_attempts: 1
event: task_spawn; timestamp: 0; task: 3; pos: (-0.87, 3.5); earliest_start: 11; latest_start: 22.32; state: PENDING; required_workers: 1; success_prob: 1; max_attempts: 1
event: task_spawn; timestamp: 0; task: 4; pos: (4, 1); earliest_start: 2; latest_start: 8.05; state: PENDING; required_workers: 1; success_prob: 1; max_attempts: 1
event: task_spawn; timestamp: 0; task: 5; pos: (4.87, -0.5); earliest_start: 13; latest_start: 21.69; state: PENDING; required_workers: 1; success_prob: 1; max_attempts: 1
event: task_spawn; timestamp: 0; task: 6; pos: (3.13, -0.5); earliest_start: 18; latest_start: 28.55; state: PENDING; required_workers: 1; success_prob: 1; max_attempts: 1
event: task_spawn; timestamp: 0; task: 7; pos: (0, -3); earliest_start: 9; latest_start: 18.02; state: PENDING; required_workers: 1; success_prob: 1; max_attempts: 1
event: task_spawn; timestamp: 0; task: 8; pos: (0.87, -4.5); earliest_start: 10; latest_start: 20.71; state: PENDING; required_workers: 1; success_prob: 1; max_attempts: 1
event: task_spawn; timestamp: 0; task: 9; pos: (-0.87, -4.5); earliest_start: 2; latest_start: 12.93; state: PENDING; required_workers: 1; success_prob: 1; max_attempts: 1
event: task_spawn; timestamp: 0; task: 10; pos: (-4, 1); earliest_start: 16; latest_start: 31.13; state: PENDING; required_workers: 1; success_prob: 1; max_attempts: 1
event: task_spawn; timestamp: 0; task: 11; pos: (-3.13, -0.5); earliest_start: 6; latest_start: 13.53; state: PENDING; required_workers: 1; success_prob: 1; max_attempts: 1
event: task_spawn; timestamp: 0; task: 12; pos: (-4.87, -0.5); earliest_start: 11; latest_start: 18.26; state: PENDING; required_workers: 1; success_prob: 1; max_attempts: 1
event: robot_spawn; timestamp: 0; robot: 1; pos: (0, 0); state: AVAILABLE; battery_level: 100; battery_capacity: 100; velocity: 1; battery_rate_nav: 1
event: robot_spawn; timestamp: 0; robot: 2; pos: (0, 0); state: AVAILABLE; battery_level: 100; battery_capacity: 100; velocity: 1; battery_rate_nav: 1
event: robot_spawn; timestamp: 0; robot: 3; pos: (0, 0); state: AVAILABLE; battery_level: 100; battery_capacity: 100; velocity: 1; battery_rate_nav: 1
event: robot_spawn; timestamp: 0; robot: 4; pos: (0, 0); state: AVAILABLE; battery_level: 100; battery_capacity: 100; velocity: 1; battery_rate_nav: 1
event: battery_consumption; timestamp: 0; robot: 4; time: 4.58333; initial_level: 100; final_level: 95.4167
event: navigation; timestamp: 0; robot: 4; time: 4.58333; src: (0, 0); dst: (-0.87, -4.5)
event: battery_consumption; timestamp: 0; robot: 1; time: 4.12311; initial_level: 100; final_level: 95.8769
event: navigation; timestamp: 0; robot: 1; time: 4.12311; src: (0, 0); dst: (4, 1)
event: battery_consumption; timestamp: 1; robot: 2; time: 3.60651; initial_level: 100; final_level: 96.3935
event: navigation; timestamp: 1; robot: 2; time: 3.60651; src: (0, 0); dst: (0.87, 3.5)
event: battery_consumption; timestamp: 1; robot: 3; time: 3; initial_level: 100; final_level: 97
event: navigation; timestamp: 1; robot: 3; time: 3; src: (0, 0); dst: (0, -3)
event: task_execution; timestamp: 4.12311; task: 4; robot: 1; pos: (4, 1); time: 10
event: battery_consumption; timestamp: 4.12311; robot: 1; time: 10; initial_level: 95.8769; final_level: 85.8769
event: task_resolution; timestamp: 14.1231; task: 4; pos: (4, 1); status: COMPLETED; attempt: 1
event: battery_consumption; timestamp: 14.1231; robot: 1; time: 8.99594; initial_level: 85.8769; final_level: 76.881
event: navigation; timestamp: 14.1231; robot: 1; time: 8.99594; src: (4, 1); dst: (-4.87, -0.5)
event: task_execution; timestamp: 4.58333; task: 9; robot: 4; pos: (-0.87, -4.5); time: 10
event: battery_consumption; timestamp: 4.58333; robot: 4; time: 10; initial_level: 95.4167; final_level: 85.4167
event: task_resolution; timestamp: 14.5833; task: 9; pos: (-0.87, -4.5); status: COMPLETED; attempt: 1
event: battery_consumption; timestamp: 14.5833; robot: 4; time: 1.74; initial_level: 85.4167; final_level: 83.6767
event: navigation; timestamp: 14.5833; robot: 4; time: 1.74; src: (-0.87, -4.5); dst: (0.87, -4.5)
event: task_execution; timestamp: 5; task: 2; robot: 2; pos: (0.87, 3.5); time: 10
event: battery_consumption; timestamp: 5; robot: 2; time: 10; initial_level: 96.3935; final_level: 86.3935
event: task_resolution; timestamp: 15; task: 2; pos: (0.87, 3.5); status: COMPLETED; attempt: 1
event: battery_consumption; timestamp: 15; robot: 2; time: 1.74; initial_level: 86.3935; final_level: 84.6535
event: navigation; timestamp: 15; robot: 2; time: 1.74; src: (0.87, 3.5); dst: (-0.87, 3.5)
event: task_execution; timestamp: 9; task: 7; robot: 3; pos: (0, -3); time: 10
event: battery_consumption; timestamp: 9; robot: 3; time: 10; initial_level: 97; final_level: 87
event: task_resolution; timestamp: 19; task: 7; pos: (0, -3); status: COMPLETED; attempt: 1
event: battery_consumption; timestamp: 19; robot: 3; time: 5.4742; initial_level: 87; final_level: 81.5258
event: navigation; timestamp: 19; robot: 3; time: 5.4742; src: (0, -3); dst: (4.87, -0.5)
event: task_execution; timestamp: 16.3233; task: 8; robot: 4; pos: (0.87, -4.5); time: 10
event: battery_consumption; timestamp: 16.3233; robot: 4; time: 10; initial_level: 83.6767; final_level: 73.6767
event: task_resolution; timestamp: 26.3233; task: 8; pos: (0.87, -4.5); status: COMPLETED; attempt: 1
event: battery_consumption; timestamp: 26.3233; robot: 4; time: 4.5943; initial_level: 73.6767; final_level: 69.0824
event: navigation; timestamp: 26.3233; robot: 4; time: 4.5943; src: (0.87, -4.5); dst: (3.13, -0.5)
event: task_execution; timestamp: 16.74; task: 3; robot: 2; pos: (-0.87, 3.5); time: 10
event: battery_consumption; timestamp: 16.74; robot: 2; time: 10; initial_level: 84.6535; final_level: 74.6535
event: task_resolution; timestamp: 26.74; task: 3; pos: (-0.87, 3.5); status: COMPLETED; attempt: 1
event: battery_consumption; timestamp: 26.74; robot: 2; time: 4.00586; initial_level: 74.6535; final_level: 70.6476
event: navigation; timestamp: 26.74; robot: 2; time: 4.00586; src: (-0.87, 3.5); dst: (-4, 1)
event: task_execution; timestamp: 23.119; task: 12; robot: 1; pos: (-4.87, -0.5); time: 10
event: battery_consumption; timestamp: 23.119; robot: 1; time: 10; initial_level: 76.881; final_level: 66.881
event: task_resolution; timestamp: 33.119; task: 12; pos: (-4.87, -0.5); status: COMPLETED; attempt: 1
event: battery_consumption; timestamp: 34.119; robot: 1; time: 4.8956; initial_level: 66.881; final_level: 61.9854
event: navigation; timestamp: 34.119; robot: 1; time: 4.8956; src: (-4.87, -0.5); dst: (0, 0)
event: robot_finished; timestamp: 39.0146; robot: 1; pos: (0, 0); battery: 61.9854
event: task_execution; timestamp: 24.4742; task: 5; robot: 3; pos: (4.87, -0.5); time: 10
event: battery_consumption; timestamp: 24.4742; robot: 3; time: 10; initial_level: 81.5258; final_level: 71.5258
event: task_resolution; timestamp: 34.4742; task: 5; pos: (4.87, -0.5); status: COMPLETED; attempt: 1
event: battery_consumption; timestamp: 34.4742; robot: 3; time: 4.8956; initial_level: 71.5258; final_level: 66.6302
event: navigation; timestamp: 34.4742; robot: 3; time: 4.8956; src: (4.87, -0.5); dst: (0, 0)
event: recharge; timestamp: 39.3698; robot: 3; recharging_station: 1; pos: (0, 0); level: 100
event: robot_finished; timestamp: 39.3698; robot: 3; pos: (0, 0); battery: 100
event: task_execution; timestamp: 30.7459; task: 10; robot: 2; pos: (-4, 1); time: 10
event: battery_consumption; timestamp: 30.7459; robot: 2; time: 10; initial_level: 70.6476; final_level: 60.6476
event: task_resolution; timestamp: 40.7459; task: 10; pos: (-4, 1); status: COMPLETED; attempt: 1
event: battery_consumption; timestamp: 40.7459; robot: 2; time: 4.12311; initial_level: 60.6476; final_level: 56.5245
event: navigation; timestamp: 40.7459; robot: 2; time: 4.12311; src: (-4, 1); dst: (0, 0)
event: robot_finished; timestamp: 44.869; robot: 2; pos: (0, 0); battery: 56.5245
event: task_execution; timestamp: 30.9176; task: 6; robot: 4; pos: (3.13, -0.5); time: 10
event: battery_consumption; timestamp: 30.9176; robot: 4; time: 10; initial_level: 69.0824; final_level: 59.0824
event: task_resolution; timestamp: 40.9176; task: 6; pos: (3.13, -0.5); status: COMPLETED; attempt: 1
event: battery_consumption; timestamp: 40.9176; robot: 4; time: 3.16968; initial_level: 59.0824; final_level: 55.9127
event: navigation; timestamp: 40.9176; robot: 4; time: 3.16968; src: (3.13, -0.5); dst: (0, 0)
event: robot_finished; timestamp: 44.0873; robot: 4; pos: (0, 0); battery: 55.9127
metric: available_agents; value: 0
metric: failed_agents; value: 0
metric: finished_agents; value: 4
metric: completed_tasks; value: 10
metric: pending_tasks; value: 0
metric: failed_tasks; value: 2
metric: average_robot_makespan; value: 41.8352
metric: sd_robot_makespan; value: 3.07189
metric: max_robot_makespan; value: 44.869
metric: min_robot_makespan; value: 39.0146
metric: average_robot_travel_distance; value: 14.7368
metric: sd_robot_travel_distance; value: 2.20799
metric: max_robot_travel_distance; value: 18.0146
metric: min_robot_travel_distance; value: 13.3698
metric: sum_robot_travel_distance; value: 58.9472
metric: average_completed_tasks_by_robot; value: 0
metric: sd_completed_tasks_by_robot; value: 0
metric: max_completed_tasks_by_robot; value: 0
metric: min_completed_tasks_by_robot; value: 0
metric: final_reward; value: 0.833333
metric: computing_time; value: 0.711678
