info: solver_name; value: dec-mcts-bp-05
info: reward_function; value: reward00
info: replica; value: 1
info: filename; value: ../logs/ablacion_bpcap/scenario_1E_20t_4r_dec-mcts-bp-05_reward00_001.log
info: scenario_name; value: scenario_1E_20t_4r
info: scenario_name; value: scenario_1E_20t_4r
info: number_of_tasks; value: 20
info: number_of_robots; value: 4
info: number_of_recharging_stations; value: 1
info: scenario_size; value: (15,15)
event: recharging_station_spawn; timestamp: 0; recharging_station: 1; pos: (0, 0)
event: task_spawn; timestamp: 0; task: 1; pos: (0, 5); earliest_start: 31; latest_start: 39.6; state: PENDING; required_workers: 1; success_prob: 1; max_attempts: 1
event: task_spawn; timestamp: 0; task: 2; pos: (0.95, 4.31); earliest_start: 38; latest_start: 48.39; state: PENDING; required_workers: 1; success_prob: 1; max_attempts: 1
event: task_spawn; timestamp: 0; task: 3; pos: (0.59, 3.19); earliest_start: 36; latest_start: 41.87; state: PENDING; required_workers: 1; success_prob: 1; max_attempts: 1
event: task_spawn; timestamp: 0; task: 4; pos: (-0.59, 3.19); earliest_start: 15; latest_start: 24.05; state: PENDING; required_workers: 1; success_prob: 1; max_attempts: 1
event: task_spawn; timestamp: 0; task: 5; pos: (-0.95, 4.31); earliest_start: 0; latest_start: 9.51; state: PENDING; required_workers: 1; success_prob: 1; max_attempts: 1
event: task_spawn; timestamp: 0; task: 6; pos: (4, 1); earliest_start: 39; latest_start: 46.56; state: PENDING; required_workers: 1; success_prob: 1; max_attempts: 1
event: task_spawn; timestamp: 0; task: 7; pos: (4.95, 0.31); earliest_start: 11; latest_start: 18.65; state: PENDING; required_workers: 1; success_prob: 1; max_attempts: 1
event: task_spawn; timestamp: 0; task: 8; pos: (4.59, -0.81); earliest_start: 5; latest_start: 18.12; state: PENDING; required_workers: 1; success_prob: 1; max_attempts: 1
event: task_spawn; timestamp: 0; task: 9; pos: (3.41, -0.81); earliest_start: 33; latest_start: 40.19; state: PENDING; required_workers: 1; success_prob: 1; max_attempts: 1
event: task_spawn; timestamp: 0; task: 10; pos: (3.05, 0.31); earliest_start: 34; latest_start: 43.58; state: PENDING; required_workers: 1; success_prob: 1; max_attempts: 1
event: task_spawn; timestamp: 0; task: 11; pos: (0, -3); earliest_start: 35; latest_start: 36.06; state: PENDING; required_workers: 1; success_prob: 1; max_attempts: 1
event: task_spawn; timestamp: 0; task: 12; pos: (0.95, -3.69); earliest_start: 1; latest_start: 10.59; state: PENDING; required_workers: 1; success_prob: 1; max_attempts: 1
event: task_spawn; timestamp: 0; task: 13; pos: (0.59, -4.81); earliest_start: 40; latest_start: 47.39; state: PENDING; required_workers: 1; success_prob: 1; max_attempts: 1
event: task_spawn; timestamp: 0; task: 14; pos: (-0.59, -4.81); earliest_start: 24; latest_start: 36.15; state: PENDING; required_workers: 1; success_prob: 1; max_attempts: 1
event: task_spawn; timestamp: 0; task: 15; pos: (-0.95, -3.69); earliest_start: 1; latest_start: 13.28; state: PENDING; required_workers: 1; success_prob: 1; max_attempts: 1
event: task_spawn; timestamp: 0; task: 16; pos: (-4, 1); earliest_start: 22; latest_start: 31.73; state: PENDING; required_workers: 1; success_prob: 1; max_attempts: 1
event: task_spawn; timestamp: 0; task: 17; pos: (-3.05, 0.31); earliest_start: 40; latest_start: 50.66; state: PENDING; required_workers: 1; success_prob: 1; max_attempts: 1
event: task_spawn; timestamp: 0; task: 18; pos: (-3.41, -0.81); earliest_start: 6; latest_start: 13.32; state: PENDING; required_workers: 1; success_prob: 1; max_attempts: 1
event: task_spawn; timestamp: 0; task: 19; pos: (-4.59, -0.81); earliest_start: 21; latest_start: 31.66; state: PENDING; required_workers: 1; success_prob: 1; max_attempts: 1
event: task_spawn; timestamp: 0; task: 20; pos: (-4.95, 0.31); earliest_start: 8; latest_start: 13.15; state: PENDING; required_workers: 1; success_prob: 1; max_attempts: 1
event: robot_spawn; timestamp: 0; robot: 1; pos: (0, 0); state: AVAILABLE; battery_level: 100; battery_capacity: 100; velocity: 1; battery_rate_nav: 1
event: robot_spawn; timestamp: 0; robot: 2; pos: (0, 0); state: AVAILABLE; battery_level: 100; battery_capacity: 100; velocity: 1; battery_rate_nav: 1
event: robot_spawn; timestamp: 0; robot: 3; pos: (0, 0); state: AVAILABLE; battery_level: 100; battery_capacity: 100; velocity: 1; battery_rate_nav: 1
event: robot_spawn; timestamp: 0; robot: 4; pos: (0, 0); state: AVAILABLE; battery_level: 100; battery_capacity: 100; velocity: 1; battery_rate_nav: 1
event: battery_consumption; timestamp: 0; robot: 2; time: 4.9597; initial_level: 100; final_level: 95.0403
event: navigation; timestamp: 0; robot: 2; time: 4.9597; src: (0, 0); dst: (-4.95, 0.31)
event: battery_consumption; timestamp: 0; robot: 1; time: 4.41346; initial_level: 100; final_level: 95.5865
event: navigation; timestamp: 0; robot: 1; time: 4.41346; src: (0, 0); dst: (-0.95, 4.31)
event: battery_consumption; timestamp: 0; robot: 4; time: 3.81033; initial_level: 100; final_level: 96.1897
event: navigation; timestamp: 0; robot: 4; time: 3.81033; src: (0, 0); dst: (-0.95, -3.69)
event: battery_consumption; timestamp: 1; robot: 3; time: 4.66092; initial_level: 100; final_level: 95.3391
event: navigation; timestamp: 1; robot: 3; time: 4.66092; src: (0, 0); dst: (4.59, -0.81)
event: task_execution; timestamp: 3.81033; task: 15; robot: 4; pos: (-0.95, -3.69); time: 10
event: battery_consumption; timestamp: 3.81033; robot: 4; time: 10; initial_level: 96.1897; final_level: 86.1897
event: task_resolution; timestamp: 13.8103; task: 15; pos: (-0.95, -3.69); status: COMPLETED; attempt: 1
event: battery_consumption; timestamp: 13.8103; robot: 4; time: 4.64155; initial_level: 86.1897; final_level: 81.5481
event: navigation; timestamp: 13.8103; robot: 4; time: 4.64155; src: (-0.95, -3.69); dst: (-4.59, -0.81)
event: task_execution; timestamp: 4.41346; task: 5; robot: 1; pos: (-0.95, 4.31); time: 10
event: battery_consumption; timestamp: 4.41346; robot: 1; time: 10; initial_level: 95.5865; final_level: 85.5865
event: task_resolution; timestamp: 14.4135; task: 5; pos: (-0.95, 4.31); status: COMPLETED; attempt: 1
event: battery_consumption; timestamp: 14.4135; robot: 1; time: 1.17644; initial_level: 85.5865; final_level: 84.4101
event: navigation; timestamp: 14.4135; robot: 1; time: 1.17644; src: (-0.95, 4.31); dst: (-0.59, 3.19)
event: task_execution; timestamp: 5.66092; task: 8; robot: 3; pos: (4.59, -0.81); time: 10
event: battery_consumption; timestamp: 5.66092; robot: 3; time: 10; initial_level: 95.3391; final_level: 85.3391
event: task_resolution; timestamp: 15.6609; task: 8; pos: (4.59, -0.81); status: COMPLETED; attempt: 1
event: battery_consumption; timestamp: 15.6609; robot: 3; time: 1.17644; initial_level: 85.3391; final_level: 84.1626
event: navigation; timestamp: 15.6609; robot: 3; time: 1.17644; src: (4.59, -0.81); dst: (4.95, 0.31)
event: task_execution; timestamp: 8; task: 20; robot: 2; pos: (-4.95, 0.31); time: 10
event: battery_consumption; timestamp: 8; robot: 2; time: 10; initial_level: 95.0403; final_level: 85.0403
event: task_resolution; timestamp: 18; task: 20; pos: (-4.95, 0.31); status: COMPLETED; attempt: 1
event: battery_consumption; timestamp: 18; robot: 2; time: 6.72488; initial_level: 85.0403; final_level: 78.3154
event: navigation; timestamp: 18; robot: 2; time: 6.72488; src: (-4.95, 0.31); dst: (-0.59, -4.81)
event: task_execution; timestamp: 15.5899; task: 4; robot: 1; pos: (-0.59, 3.19); time: 10
event: battery_consumption; timestamp: 15.5899; robot: 1; time: 10; initial_level: 84.4101; final_level: 74.4101
event: task_resolution; timestamp: 25.5899; task: 4; pos: (-0.59, 3.19); status: COMPLETED; attempt: 1
event: battery_consumption; timestamp: 25.5899; robot: 1; time: 4.05268; initial_level: 74.4101; final_level: 70.3574
event: navigation; timestamp: 25.5899; robot: 1; time: 4.05268; src: (-0.59, 3.19); dst: (-4, 1)
event: task_execution; timestamp: 16.8374; task: 7; robot: 3; pos: (4.95, 0.31); time: 10
event: battery_consumption; timestamp: 16.8374; robot: 3; time: 10; initial_level: 84.1626; final_level: 74.1626
event: task_resolution; timestamp: 26.8374; task: 7; pos: (4.95, 0.31); status: COMPLETED; attempt: 1
event: battery_consumption; timestamp: 26.8374; robot: 3; time: 1.90421; initial_level: 74.1626; final_level: 72.2584
event: navigation; timestamp: 26.8374; robot: 3; time: 1.90421; src: (4.95, 0.31); dst: (3.41, -0.81)
event: task_execution; timestamp: 21; task: 19; robot: 4; pos: (-4.59, -0.81); time: 10
event: battery_consumption; timestamp: 21; robot: 4; time: 10; initial_level: 81.5481; final_level: 71.5481
event: task_resolution; timestamp: 31; task: 19; pos: (-4.59, -0.81); status: COMPLETED; attempt: 1
event: battery_consumption; timestamp: 31; robot: 4; time: 5.08569; initial_level: 71.5481; final_level: 66.4624
event: navigation; timestamp: 31; robot: 4; time: 5.08569; src: (-4.59, -0.81); dst: (0, -3)
event: task_execution; timestamp: 24.7249; task: 14; robot: 2; pos: (-0.59, -4.81); time: 10
event: battery_consumption; timestamp: 24.7249; robot: 2; time: 10; initial_level: 78.3154; final_level: 68.3154
event: task_resolution; timestamp: 34.7249; task: 14; pos: (-0.59, -4.81); status: COMPLETED; attempt: 1
event: battery_consumption; timestamp: 34.7249; robot: 2; time: 6.28204; initial_level: 68.3154; final_level: 62.0334
event: navigation; timestamp: 34.7249; robot: 2; time: 6.28204; src: (-0.59, -4.81); dst: (3.05, 0.31)
event: task_execution; timestamp: 29.6426; task: 16; robot: 1; pos: (-4, 1); time: 10
event: battery_consumption; timestamp: 29.6426; robot: 1; time: 10; initial_level: 70.3574; final_level: 60.3574
event: task_resolution; timestamp: 39.6426; task: 16; pos: (-4, 1); status: COMPLETED; attempt: 1
event: battery_consumption; timestamp: 39.6426; robot: 1; time: 5.08569; initial_level: 60.3574; final_level: 55.2717
event: navigation; timestamp: 39.6426; robot: 1; time: 5.08569; src: (-4, 1); dst: (0.59, 3.19)
event: task_execution; timestamp: 33; task: 9; robot: 3; pos: (3.41, -0.81); time: 10
event: battery_consumption; timestamp: 33; robot: 3; time: 10; initial_level: 72.2584; final_level: 62.2584
event: task_resolution; timestamp: 43; task: 9; pos: (3.41, -0.81); status: COMPLETED; attempt: 1
event: battery_consumption; timestamp: 43; robot: 3; time: 1.90373; initial_level: 62.2584; final_level: 60.3547
event: navigation; timestamp: 43; robot: 3; time: 1.90373; src: (3.41, -0.81); dst: (4, 1)
event: task_execution; timestamp: 36.0857; task: 11; robot: 4; pos: (0, -3); time: 10
event: battery_consumption; timestamp: 36.0857; robot: 4; time: 10; initial_level: 66.4624; final_level: 56.4624
event: task_resolution; timestamp: 46.0857; task: 11; pos: (0, -3); status: COMPLETED; attempt: 1
event: battery_consumption; timestamp: 46.0857; robot: 4; time: 4.50096; initial_level: 56.4624; final_level: 51.9615
event: navigation; timestamp: 46.0857; robot: 4; time: 4.50096; src: (0, -3); dst: (-3.05, 0.31)
event: task_execution; timestamp: 41.0069; task: 10; robot: 2; pos: (3.05, 0.31); time: 10
event: battery_consumption; timestamp: 41.0069; robot: 2; time: 10; initial_level: 62.0334; final_level: 52.0334
event: task_resolution; timestamp: 51.0069; task: 10; pos: (3.05, 0.31); status: COMPLETED; attempt: 1
event: battery_consumption; timestamp: 52.0069; robot: 2; time: 3.06571; initial_level: 52.0334; final_level: 48.9677
event: navigation; timestamp: 52.0069; robot: 2; time: 3.06571; src: (3.05, 0.31); dst: (0, 0)
event: robot_finished; timestamp: 55.0726; robot: 2; pos: (0, 0); battery: 48.9677
event: task_execution; timestamp: 44.7283; task: 3; robot: 1; pos: (0.59, 3.19); time: 10
event: battery_consumption; timestamp: 44.7283; robot: 1; time: 10; initial_level: 55.2717; final_level: 45.2717
event: task_resolution; timestamp: 54.7283; task: 3; pos: (0.59, 3.19); status: COMPLETED; attempt: 1
event: task_execution; timestamp: 44.9037; task: 6; robot: 3; pos: (4, 1); time: 10
event: battery_consumption; timestamp: 44.9037; robot: 3; time: 10; initial_level: 60.3547; final_level: 50.3547
event: task_resolution; timestamp: 54.9037; task: 6; pos: (4, 1); status: COMPLETED; attempt: 1
event: battery_consumption; timestamp: 55.9037; robot: 3; time: 4.12311; initial_level: 50.3547; final_level: 46.2316
event: navigation; timestamp: 55.9037; robot: 3; time: 4.12311; src: (4, 1); dst: (0, 0)
event: robot_finished; timestamp: 60.0268; robot: 3; pos: (0, 0); battery: 46.2316
event: battery_consumption; timestamp: 56.7283; robot: 1; time: 3.2441; initial_level: 45.2717; final_level: 42.0276
event: navigation; timestamp: 56.7283; robot: 1; time: 3.2441; src: (0.59, 3.19); dst: (0, 0)
event: robot_finished; timestamp: 59.9724; robot: 1; pos: (0, 0); battery: 42.0276
event: task_execution; timestamp: 50.5866; task: 17; robot: 4; pos: (-3.05, 0.31); time: 10
event: battery_consumption; timestamp: 50.5866; robot: 4; time: 10; initial_level: 51.9615; final_level: 41.9615
event: task_resolution; timestamp: 60.5866; task: 17; pos: (-3.05, 0.31); status: COMPLETED; attempt: 1
event: battery_consumption; timestamp: 60.5866; robot: 4; time: 3.06571; initial_level: 41.9615; final_level: 38.8958
event: navigation; timestamp: 60.5866; robot: 4; time: 3.06571; src: (-3.05, 0.31); dst: (0, 0)
event: robot_finished; timestamp: 63.6524; robot: 4; pos: (0, 0); battery: 38.8958
metric: available_agents; value: 0
metric: failed_agents; value: 0
metric: finished_agents; value: 4
metric: completed_tasks; value: 15
metric: pending_tasks; value: 0
metric: failed_tasks; value: 5
metric: average_robot_makespan; value: 59.681
metric: sd_robot_makespan; value: 3.52199
metric: max_robot_makespan; value: 63.6524
metric: min_robot_makespan; value: 55.0726
metric: average_robot_travel_distance; value: 18.4693
metric: sd_robot_travel_distance; value: 3.45723
metric: max_robot_travel_distance; value: 21.1042
metric: min_robot_travel_distance; value: 13.7684
metric: sum_robot_travel_distance; value: 73.8773
metric: average_completed_tasks_by_robot; value: 0
metric: sd_completed_tasks_by_robot; value: 0
metric: max_completed_tasks_by_robot; value: 0
metric: min_completed_tasks_by_robot; value: 0
metric: final_reward; value: 0.75
metric: computing_time; value: 1.17153
