info: solver_name; value: dec-mcts-bp-09
info: reward_function; value: reward00
info: replica; value: 2
info: filename; value: ../logs/ablacion_bpcap/scenario_1E_24t_5r_dec-mcts-bp-09_reward00_002.log
info: scenario_name; value: scenario_1E_24t_5r
info: scenario_name; value: scenario_1E_24t_5r
info: number_of_tasks; value: 24
info: number_of_robots; value: 5
info: number_of_recharging_stations; value: 1
info: scenario_size; value: (15,15)
event: recharging_station_spawn; timestamp: 0; recharging_station: 1; pos: (0, 0)
event: task_spawn; timestamp: 0; task: 1; pos: (0, 5); earliest_start: 40; latest_start: 51.29; state: PENDING; required_workers: 1; success_prob: 1; max_attempts: 1
event: task_spawn; timestamp: 0; task: 2; pos: (0.87, 4.5); earliest_start: 35; latest_start: 43.12; state: PENDING; required_workers: 1; success_prob: 1; max_attempts: 1
event: task_spawn; timestamp: 0; task: 3; pos: (0.87, 3.5); earliest_start: 39; latest_start: 48.36; state: PENDING; required_workers: 1; success_prob: 1; max_attempts: 1
event: task_spawn; timestamp: 0; task: 4; pos: (0, 3); earliest_start: 34; latest_start: 48.15; state: PENDING; required_workers: 1; success_prob: 1; max_attempts: 1
event: task_spawn; timestamp: 0; task: 5; pos: (-0.87, 3.5); earliest_start: 37; latest_start: 50.58; state: PENDING; required_workers: 1; success_prob: 1; max_attempts: 1
event: task_spawn; timestamp: 0; task: 6; pos: (-0.87, 4.5); earliest_start: 37; latest_start: 49.38; state: PENDING; required_workers: 1; success_prob: 1; max_attempts: 1
event: task_spawn; timestamp: 0; task: 7; pos: (4, 1); earliest_start: 46; latest_start: 58.49; state: PENDING; required_workers: 1; success_prob: 1; max_attempts: 1
event: task_spawn; timestamp: 0; task: 8; pos: (4.87, 0.5); earliest_start: 38; latest_start: 51.63; state: PENDING; required_workers: 1; success_prob: 1; max_attempts: 1
event: task_spawn; timestamp: 0; task: 9; pos: (4.87, -0.5); earliest_start: 2; latest_start: 8.44; state: PENDING; required_workers: 1; success_prob: 1; max_attempts: 1
event: task_spawn; timestamp: 0; task: 10; pos: (4, -1); earliest_start: 1; latest_start: 16.8; state: PENDING; required_workers: 1; success_prob: 1; max_attempts: 1
event: task_spawn; timestamp: 0; task: 11; pos: (3.13, -0.5); earliest_start: 49; latest_start: 65.38; state: PENDING; required_workers: 1; success_prob: 1; max_attempts: 1
event: task_spawn; timestamp: 0; task: 12; pos: (3.13, 0.5); earliest_start: 36; latest_start: 49.57; state: PENDING; required_workers: 1; success_prob: 1; max_attempts: 1
event: task_spawn; timestamp: 0; task: 13; pos: (0, -3); earliest_start: 36; latest_start: 45.81; state: PENDING; required_workers: 1; success_prob: 1; max_attempts: 1
event: task_spawn; timestamp: 0; task: 14; pos: (0.87, -3.5); earliest_start: 26; latest_start: 38.06; state: PENDING; required_workers: 1; success_prob: 1; max_attempts: 1
event: task_spawn; timestamp: 0; task: 15; pos: (0.87, -4.5); earliest_start: 40; latest_start: 49.45; state: PENDING; required_workers: 1; success_prob: 1; max_attempts: 1
event: task_spawn; timestamp: 0; task: 16; pos: (0, -5); earliest_start: 34; latest_start: 43.5; state: PENDING; required_workers: 1; success_prob: 1; max_attempts: 1
event: task_spawn; timestamp: 0; task: 17; pos: (-0.87, -4.5); earliest_start: 30; latest_start: 38.15; state: PENDING; required_workers: 1; success_prob: 1; max_attempts: 1
event: task_spawn; timestamp: 0; task: 18; pos: (-0.87, -3.5); earliest_start: 15; latest_start: 32.28; state: PENDING; required_workers: 1; success_prob: 1; max_attempts: 1
event: task_spawn; timestamp: 0; task: 19; pos: (-4, 1); earliest_start: 19; latest_start: 30.54; state: PENDING; required_workers: 1; success_prob: 1; max_attempts: 1
event: task_spawn; timestamp: 0; task: 20; pos: (-3.13, 0.5); earliest_start: 29; latest_start: 34.71; state: PENDING; required_workers: 1; success_prob: 1; max_attempts: 1
event: task_spawn; timestamp: 0; task: 21; pos: (-3.13, -0.5); earliest_start: 28; latest_start: 38.95; state: PENDING; required_workers: 1; success_prob: 1; max_attempts: 1
event: task_spawn; timestamp: 0; task: 22; pos: (-4, -1); earliest_start: 26; latest_start: 36.47; state: PENDING; required_workers: 1; success_prob: 1; max_attempts: 1
event: task_spawn; timestamp: 0; task: 23; pos: (-4.87, -0.5); earliest_start: 38; latest_start: 45.98; state: PENDING; required_workers: 1; success_prob: 1; max_attempts: 1
event: task_spawn; timestamp: 0; task: 24; pos: (-4.87, 0.5); earliest_start: 9; latest_start: 19.2; state: PENDING; required_workers: 1; success_prob: 1; max_attempts: 1
event: robot_spawn; timestamp: 0; robot: 1; pos: (0, 0); state: AVAILABLE; battery_level: 100; battery_capacity: 100; velocity: 1; battery_rate_nav: 1
event: robot_spawn; timestamp: 0; robot: 2; pos: (0, 0); state: AVAILABLE; battery_level: 100; battery_capacity: 100; velocity: 1; battery_rate_nav: 1
event: robot_spawn; timestamp: 0; robot: 3; pos: (0, 0); state: AVAILABLE; battery_level: 100; battery_capacity: 100; velocity: 1; battery_rate_nav: 1
event: robot_spawn; timestamp: 0; robot: 4; pos: (0, 0); state: AVAILABLE; battery_level: 100; battery_capacity: 100; velocity: 1; battery_rate_nav: 1
event: robot_spawn; timestamp: 0; robot: 5; pos: (0, 0); state: AVAILABLE; battery_level: 100; battery_capacity: 100; velocity: 1; battery_rate_nav: 1
event: battery_consumption; timestamp: 0; robot: 2; time: 4.8956; initial_level: 100; final_level: 95.1044
event: navigation; timestamp: 0; robot: 2; time: 4.8956; src: (0, 0); dst: (-4.87, 0.5)
event: battery_consumption; timestamp: 0; robot: 1; time: 4.8956; initial_level: 100; final_level: 95.1044
event: navigation; timestamp: 0; robot: 1; time: 4.8956; src: (0, 0); dst: (4.87, -0.5)
event: battery_consumption; timestamp: 1; robot: 5; time: 3.60651; initial_level: 100; final_level: 96.3935
event: navigation; timestamp: 1; robot: 5; time: 3.60651; src: (0, 0); dst: (0.87, -3.5)
event: battery_consumption; timestamp: 1; robot: 3; time: 4.12311; initial_level: 100; final_level: 95.8769
event: navigation; timestamp: 1; robot: 3; time: 4.12311; src: (0, 0); dst: (4, -1)
event: battery_consumption; timestamp: 2; robot: 4; time: 4.58333; initial_level: 100; final_level: 95.4167
event: navigation; timestamp: 2; robot: 4; time: 4.58333; src: (0, 0); dst: (0.87, 4.5)
event: task_execution; timestamp: 4.8956; task: 9; robot: 1; pos: (4.87, -0.5); time: 10
event: battery_consumption; timestamp: 4.8956; robot: 1; time: 10; initial_level: 95.1044; final_level: 85.1044
event: task_resolution; timestamp: 14.8956; task: 9; pos: (4.87, -0.5); status: COMPLETED; attempt: 1
event: battery_consumption; timestamp: 14.8956; robot: 1; time: 6.4767; initial_level: 85.1044; final_level: 78.6277
event: navigation; timestamp: 14.8956; robot: 1; time: 6.4767; src: (4.87, -0.5); dst: (-0.87, -3.5)
event: task_execution; timestamp: 5.12311; task: 10; robot: 3; pos: (4, -1); time: 10
event: battery_consumption; timestamp: 5.12311; robot: 3; time: 10; initial_level: 95.8769; final_level: 85.8769
event: task_resolution; timestamp: 15.1231; task: 10; pos: (4, -1); status: COMPLETED; attempt: 1
event: battery_consumption; timestamp: 16.1231; robot: 3; time: 8.24621; initial_level: 85.8769; final_level: 77.6307
event: navigation; timestamp: 16.1231; robot: 3; time: 8.24621; src: (4, -1); dst: (-4, 1)
event: task_execution; timestamp: 9; task: 24; robot: 2; pos: (-4.87, 0.5); time: 10
event: battery_consumption; timestamp: 9; robot: 2; time: 10; initial_level: 95.1044; final_level: 85.1044
event: task_resolution; timestamp: 19; task: 24; pos: (-4.87, 0.5); status: COMPLETED; attempt: 1
event: battery_consumption; timestamp: 19; robot: 2; time: 1.73404; initial_level: 85.1044; final_level: 83.3704
event: navigation; timestamp: 19; robot: 2; time: 1.73404; src: (-4.87, 0.5); dst: (-4, -1)
event: task_execution; timestamp: 21.3723; task: 18; robot: 1; pos: (-0.87, -3.5); time: 10
event: battery_consumption; timestamp: 21.3723; robot: 1; time: 10; initial_level: 78.6277; final_level: 68.6277
event: task_resolution; timestamp: 31.3723; task: 18; pos: (-0.87, -3.5); status: COMPLETED; attempt: 1
event: battery_consumption; timestamp: 31.3723; robot: 1; time: 4.5943; initial_level: 68.6277; final_level: 64.0334
event: navigation; timestamp: 31.3723; robot: 1; time: 4.5943; src: (-0.87, -3.5); dst: (-3.13, 0.5)
event: task_execution; timestamp: 24.3693; task: 19; robot: 3; pos: (-4, 1); time: 10
event: battery_consumption; timestamp: 24.3693; robot: 3; time: 10; initial_level: 77.6307; final_level: 67.6307
event: task_resolution; timestamp: 34.3693; task: 19; pos: (-4, 1); status: COMPLETED; attempt: 1
event: battery_consumption; timestamp: 34.3693; robot: 3; time: 1.73404; initial_level: 67.6307; final_level: 65.8966
event: navigation; timestamp: 34.3693; robot: 3; time: 1.73404; src: (-4, 1); dst: (-3.13, -0.5)
event: task_execution; timestamp: 26; task: 22; robot: 2; pos: (-4, -1); time: 10
event: battery_consumption; timestamp: 26; robot: 2; time: 10; initial_level: 83.3704; final_level: 73.3704
event: task_resolution; timestamp: 36; task: 22; pos: (-4, -1); status: COMPLETED; attempt: 1
event: task_execution; timestamp: 26; task: 14; robot: 5; pos: (0.87, -3.5); time: 10
event: battery_consumption; timestamp: 26; robot: 5; time: 10; initial_level: 96.3935; final_level: 86.3935
event: task_resolution; timestamp: 36; task: 14; pos: (0.87, -3.5); status: COMPLETED; attempt: 1
event: battery_consumption; timestamp: 36; robot: 5; time: 2.00689; initial_level: 86.3935; final_level: 84.3866
event: navigation; timestamp: 36; robot: 5; time: 2.00689; src: (0.87, -3.5); dst: (-0.87, -4.5)
event: battery_consumption; timestamp: 36; robot: 2; time: 1.00344; initial_level: 73.3704; final_level: 72.3669
event: navigation; timestamp: 36; robot: 2; time: 1.00344; src: (-4, -1); dst: (-4.87, -0.5)
event: task_execution; timestamp: 35; task: 2; robot: 4; pos: (0.87, 4.5); time: 10
event: battery_consumption; timestamp: 35; robot: 4; time: 10; initial_level: 95.4167; final_level: 85.4167
event: task_resolution; timestamp: 45; task: 2; pos: (0.87, 4.5); status: COMPLETED; attempt: 1
event: battery_consumption; timestamp: 45; robot: 4; time: 1; initial_level: 85.4167; final_level: 84.4167
event: navigation; timestamp: 45; robot: 4; time: 1; src: (0.87, 4.5); dst: (0.87, 3.5)
event: task_execution; timestamp: 35.9666; task: 20; robot: 1; pos: (-3.13, 0.5); time: 10
event: battery_consumption; timestamp: 35.9666; robot: 1; time: 10; initial_level: 64.0334; final_level: 54.0334
event: task_resolution; timestamp: 45.9666; task: 20; pos: (-3.13, 0.5); status: COMPLETED; attempt: 1
event: battery_consumption; timestamp: 45.9666; robot: 1; time: 3.75601; initial_level: 54.0334; final_level: 50.2774
event: navigation; timestamp: 45.9666; robot: 1; time: 3.75601; src: (-3.13, 0.5); dst: (-0.87, 3.5)
event: task_execution; timestamp: 36.1034; task: 21; robot: 3; pos: (-3.13, -0.5); time: 10
event: battery_consumption; timestamp: 36.1034; robot: 3; time: 10; initial_level: 65.8966; final_level: 55.8966
event: task_resolution; timestamp: 46.1034; task: 21; pos: (-3.13, -0.5); status: COMPLETED; attempt: 1
event: battery_consumption; timestamp: 46.1034; robot: 3; time: 5.65685; initial_level: 55.8966; final_level: 50.2398
event: navigation; timestamp: 46.1034; robot: 3; time: 5.65685; src: (-3.13, -0.5); dst: (0.87, -4.5)
event: task_execution; timestamp: 38; task: 23; robot: 2; pos: (-4.87, -0.5); time: 10
event: battery_consumption; timestamp: 38; robot: 2; time: 10; initial_level: 72.3669; final_level: 62.3669
event: task_resolution; timestamp: 48; task: 23; pos: (-4.87, -0.5); status: COMPLETED; attempt: 1
event: battery_consumption; timestamp: 48; robot: 2; time: 8.06226; initial_level: 62.3669; final_level: 54.3047
event: navigation; timestamp: 48; robot: 2; time: 8.06226; src: (-4.87, -0.5); dst: (3.13, 0.5)
event: task_execution; timestamp: 38.0069; task: 17; robot: 5; pos: (-0.87, -4.5); time: 10
event: battery_consumption; timestamp: 38.0069; robot: 5; time: 10; initial_level: 84.3866; final_level: 74.3866
event: task_resolution; timestamp: 48.0069; task: 17; pos: (-0.87, -4.5); status: COMPLETED; attempt: 1
event: battery_consumption; timestamp: 48.0069; robot: 5; time: 7.55029; initial_level: 74.3866; final_level: 66.8363
event: navigation; timestamp: 48.0069; robot: 5; time: 7.55029; src: (-0.87, -4.5); dst: (0, 3)
event: task_execution; timestamp: 46; task: 3; robot: 4; pos: (0.87, 3.5); time: 10
event: battery_consumption; timestamp: 46; robot: 4; time: 10; initial_level: 84.4167; final_level: 74.4167
event: task_resolution; timestamp: 56; task: 3; pos: (0.87, 3.5); status: COMPLETED; attempt: 1
event: battery_consumption; timestamp: 56; robot: 4; time: 4.00586; initial_level: 74.4167; final_level: 70.4108
event: navigation; timestamp: 56; robot: 4; time: 4.00586; src: (0.87, 3.5); dst: (4, 1)
event: task_execution; timestamp: 49.7226; task: 5; robot: 1; pos: (-0.87, 3.5); time: 10
event: battery_consumption; timestamp: 49.7226; robot: 1; time: 10; initial_level: 50.2774; final_level: 40.2774
event: task_resolution; timestamp: 59.7226; task: 5; pos: (-0.87, 3.5); status: COMPLETED; attempt: 1
event: battery_consumption; timestamp: 59.7226; robot: 1; time: 5.65685; initial_level: 40.2774; final_level: 34.6205
event: navigation; timestamp: 59.7226; robot: 1; time: 5.65685; src: (-0.87, 3.5); dst: (3.13, -0.5)
event: task_execution; timestamp: 51.7602; task: 15; robot: 3; pos: (0.87, -4.5); time: 10
event: battery_consumption; timestamp: 51.7602; robot: 3; time: 10; initial_level: 50.2398; final_level: 40.2398
event: task_resolution; timestamp: 61.7602; task: 15; pos: (0.87, -4.5); status: COMPLETED; attempt: 1
event: battery_consumption; timestamp: 61.7602; robot: 3; time: 4.58333; initial_level: 40.2398; final_level: 35.6565
event: navigation; timestamp: 61.7602; robot: 3; time: 4.58333; src: (0.87, -4.5); dst: (0, 0)
event: recharge; timestamp: 66.3435; robot: 3; recharging_station: 1; pos: (0, 0); level: 100
event: task_execution; timestamp: 55.5572; task: 4; robot: 5; pos: (0, 3); time: 10
event: battery_consumption; timestamp: 55.5572; robot: 5; time: 10; initial_level: 66.8363; final_level: 56.8363
event: task_resolution; timestamp: 65.5572; task: 4; pos: (0, 3); status: COMPLETED; attempt: 1
event: battery_consumption; timestamp: 65.5572; robot: 5; time: 3; initial_level: 56.8363; final_level: 53.8363
event: navigation; timestamp: 65.5572; robot: 5; time: 3; src: (0, 3); dst: (0, 0)
event: recharge; timestamp: 68.5572; robot: 5; recharging_station: 1; pos: (0, 0); level: 100
event: task_execution; timestamp: 56.0623; task: 12; robot: 2; pos: (3.13, 0.5); time: 10
event: battery_consumption; timestamp: 56.0623; robot: 2; time: 10; initial_level: 54.3047; final_level: 44.3047
event: task_resolution; timestamp: 66.0623; task: 12; pos: (3.13, 0.5); status: COMPLETED; attempt: 1
event: battery_consumption; timestamp: 66.0623; robot: 2; time: 3.16968; initial_level: 44.3047; final_level: 41.135
event: navigation; timestamp: 66.0623; robot: 2; time: 3.16968; src: (3.13, 0.5); dst: (0, 0)
event: recharge; timestamp: 69.2319; robot: 2; recharging_station: 1; pos: (0, 0); level: 100
event: robot_finished; timestamp: 67.3435; robot: 3; pos: (0, 0); battery: 100
event: robot_finished; timestamp: 68.5572; robot: 5; pos: (0, 0); battery: 100
event: task_execution; timestamp: 60.0059; task: 7; robot: 4; pos: (4, 1); time: 10
event: battery_consumption; timestamp: 60.0059; robot: 4; time: 10; initial_level: 70.4108; final_level: 60.4108
event: task_resolution; timestamp: 70.0059; task: 7; pos: (4, 1); status: COMPLETED; attempt: 1
event: battery_consumption; timestamp: 70.0059; robot: 4; time: 4.12311; initial_level: 60.4108; final_level: 56.2877
event: navigation; timestamp: 70.0059; robot: 4; time: 4.12311; src: (4, 1); dst: (0, 0)
event: recharge; timestamp: 74.129; robot: 4; recharging_station: 1; pos: (0, 0); level: 100
event: robot_finished; timestamp: 70.2319; robot: 2; pos: (0, 0); battery: 100
event: robot_finished; timestamp: 74.129; robot: 4; pos: (0, 0); battery: 100
event: task_execution; timestamp: 65.3795; task: 11; robot: 1; pos: (3.13, -0.5); time: 10
event: battery_consumption; timestamp: 65.3795; robot: 1; time: 10; initial_level: 34.6205; final_level: 24.6205
event: task_resolution; timestamp: 75.3795; task: 11; pos: (3.13, -0.5); status: COMPLETED; attempt: 1
event: battery_consumption; timestamp: 76.3795; robot: 1; time: 3.16968; initial_level: 24.6205; final_level: 21.4509
event: navigation; timestamp: 76.3795; robot: 1; time: 3.16968; src: (3.13, -0.5); dst: (0, 0)
event: robot_finished; timestamp: 79.5491; robot: 1; pos: (0, 0); battery: 21.4509
metric: available_agents; value: 0
metric: failed_agents; value: 0
metric: finished_agents; value: 5
metric: completed_tasks; value: 19
metric: pending_tasks; value: 0
metric: failed_tasks; value: 5
metric: average_robot_makespan; value: 71.9622
metric: sd_robot_makespan; value: 4.9542
metric: max_robot_makespan; value: 79.5491
metric: min_robot_makespan; value: 67.3435
metric: average_robot_travel_distance; value: 20.3267
metric: sd_robot_travel_distance; value: 6.06138
metric: max_robot_travel_distance; value: 28.5491
metric: min_robot_travel_distance; value: 13.7123
metric: sum_robot_travel_distance; value: 101.634
metric: average_completed_tasks_by_robot; value: 0
metric: sd_completed_tasks_by_robot; value: 0
metric: max_completed_tasks_by_robot; value: 0
metric: min_completed_tasks_by_robot; value: 0
metric: final_reward; value: 0.791667
metric: computing_time; value: 2.24616
