info: solver_name; value: dec-mcts-bp-sp
info: reward_function; value: reward00
info: replica; value: 1
info: filename; value: ../logs/ablacion_bpcap/scenario_1E_24t_5r_dec-mcts-bp-sp_reward00_001.log
info: scenario_name; value: scenario_1E_24t_5r
info: scenario_name; value: scenario_1E_24t_5r
info: number_of_tasks; value: 24
info: number_of_robots; value: 5
info: number_of_recharging_stations; value: 1
info: scenario_size; value: (15,15)
event: recharging_station_spawn; timestamp: 0; recharging_station: 1; pos: (0, 0)
event: task_spawn; timestamp: 0; task: 1; pos: (0, 5); earliest_start: 40; latest_start: 51.29; state: PENDING; required_workers: 1; success_prob: 1; max_attempts: 1
event: task_spawn; timestamp: 0; task: 2; pos: (0.87, 4.5); earliest_start: 35; latest_start: 43.12; state: PENDING; required_workers: 1; success_prob: 1; max_attempts: 1
event: task_spawn; timestamp: 0; task: 3; pos: (0.87, 3.5); earliest_start: 39; latest_start: 48.36; state: PENDING; required_workers: 1; success_prob: 1; max_attempts: 1
event: task_spawn; timestamp: 0; task: 4; pos: (0, 3); earliest_start: 34; latest_start: 48.15; state: PENDING; required_workers: 1; success_prob: 1; max_attempts: 1
event: task_spawn; timestamp: 0; task: 5; pos: (-0.87, 3.5); earliest_start: 37; latest_start: 50.58; state: PENDING; required_workers: 1; success_prob: 1; max_attempts: 1
event: task_spawn; timestamp: 0; task: 6; pos: (-0.87, 4.5); earliest_start: 37; latest_start: 49.38; state: PENDING; required_workers: 1; success_prob: 1; max_attempts: 1
event: task_spawn; timestamp: 0; task: 7; pos: (4, 1); earliest_start: 46; latest_start: 58.49; state: PENDING; required_workers: 1; success_prob: 1; max_attempts: 1
event: task_spawn; timestamp: 0; task: 8; pos: (4.87, 0.5); earliest_start: 38; latest_start: 51.63; state: PENDING; required_workers: 1; success_prob: 1; max_attempts: 1
event: task_spawn; timestamp: 0; task: 9; pos: (4.87, -0.5); earliest_start: 2; latest_start: 8.44; state: PENDING; required_workers: 1; success_prob: 1; max_attempts: 1
event: task_spawn; timestamp: 0; task: 10; pos: (4, -1); earliest_start: 1; latest_start: 16.8; state: PENDING; required_workers: 1; success_prob: 1; max_attempts: 1
event: task_spawn; timestamp: 0; task: 11; pos: (3.13, -0.5); earliest_start: 49; latest_start: 65.38; state: PENDING; required_workers: 1; success_prob: 1; max_attempts: 1
event: task_spawn; timestamp: 0; task: 12; pos: (3.13, 0.5); earliest_start: 36; latest_start: 49.57; state: PENDING; required_workers: 1; success_prob: 1; max_attempts: 1
event: task_spawn; timestamp: 0; task: 13; pos: (0, -3); earliest_start: 36; latest_start: 45.81; state: PENDING; required_workers: 1; success_prob: 1; max_attempts: 1
event: task_spawn; timestamp: 0; task: 14; pos: (0.87, -3.5); earliest_start: 26; latest_start: 38.06; state: PENDING; required_workers: 1; success_prob: 1; max_attempts: 1
event: task_spawn; timestamp: 0; task: 15; pos: (0.87, -4.5); earliest_start: 40; latest_start: 49.45; state: PENDING; required_workers: 1; success_prob: 1; max_attempts: 1
event: task_spawn; timestamp: 0; task: 16; pos: (0, -5); earliest_start: 34; latest_start: 43.5; state: PENDING; required_workers: 1; success_prob: 1; max_attempts: 1
event: task_spawn; timestamp: 0; task: 17; pos: (-0.87, -4.5); earliest_start: 30; latest_start: 38.15; state: PENDING; required_workers: 1; success_prob: 1; max_attempts: 1
event: task_spawn; timestamp: 0; task: 18; pos: (-0.87, -3.5); earliest_start: 15; latest_start: 32.28; state: PENDING; required_workers: 1; success_prob: 1; max_attempts: 1
event: task_spawn; timestamp: 0; task: 19; pos: (-4, 1); earliest_start: 19; latest_start: 30.54; state: PENDING; required_workers: 1; success_prob: 1; max_attempts: 1
event: task_spawn; timestamp: 0; task: 20; pos: (-3.13, 0.5); earliest_start: 29; latest_start: 34.71; state: PENDING; required_workers: 1; success_prob: 1; max_attempts: 1
event: task_spawn; timestamp: 0; task: 21; pos: (-3.13, -0.5); earliest_start: 28; latest_start: 38.95; state: PENDING; required_workers: 1; success_prob: 1; max_attempts: 1
event: task_spawn; timestamp: 0; task: 22; pos: (-4, -1); earliest_start: 26; latest_start: 36.47; state: PENDING; required_workers: 1; success_prob: 1; max_attempts: 1
event: task_spawn; timestamp: 0; task: 23; pos: (-4.87, -0.5); earliest_start: 38; latest_start: 45.98; state: PENDING; required_workers: 1; success_prob: 1; max_attempts: 1
event: task_spawn; timestamp: 0; task: 24; pos: (-4.87, 0.5); earliest_start: 9; latest_start: 19.2; state: PENDING; required_workers: 1; success_prob: 1; max_attempts: 1
event: robot_spawn; timestamp: 0; robot: 1; pos: (0, 0); state: AVAILABLE; battery_level: 100; battery_capacity: 100; velocity: 1; battery_rate_nav: 1
event: robot_spawn; timestamp: 0; robot: 2; pos: (0, 0); state: AVAILABLE; battery_level: 100; battery_capacity: 100; velocity: 1; battery_rate_nav: 1
event: robot_spawn; timestamp: 0; robot: 3; pos: (0, 0); state: AVAILABLE; battery_level: 100; battery_capacity: 100; velocity: 1; battery_rate_nav: 1
event: robot_spawn; timestamp: 0; robot: 4; pos: (0, 0); state: AVAILABLE; battery_level: 100; battery_capacity: 100; velocity: 1; battery_rate_nav: 1
event: robot_spawn; timestamp: 0; robot: 5; pos: (0, 0); state: AVAILABLE; battery_level: 100; battery_capacity: 100; velocity: 1; battery_rate_nav: 1
event: battery_consumption; timestamp: 0; robot: 4; time: 4.8956; initial_level: 100; final_level: 95.1044
event: navigation; timestamp: 0; robot: 4; time: 4.8956; src: (0, 0); dst: (-4.87, 0.5)
event: battery_consumption; timestamp: 0; robot: 3; time: 4.8956; initial_level: 100; final_level: 95.1044
event: navigation; timestamp: 0; robot: 3; time: 4.8956; src: (0, 0); dst: (4.87, -0.5)
event: battery_consumption; timestamp: 0; robot: 5; time: 3.60651; initial_level: 100; final_level: 96.3935
event: navigation; timestamp: 0; robot: 5; time: 3.60651; src: (0, 0); dst: (-0.87, -3.5)
event: battery_consumption; timestamp: 1; robot: 2; time: 4.12311; initial_level: 100; final_level: 95.8769
event: navigation; timestamp: 1; robot: 2; time: 4.12311; src: (0, 0); dst: (4, -1)
event: battery_consumption; timestamp: 2; robot: 1; time: 3.60651; initial_level: 100; final_level: 96.3935
event: navigation; timestamp: 2; robot: 1; time: 3.60651; src: (0, 0); dst: (0.87, -3.5)
event: task_execution; timestamp: 4.8956; task: 9; robot: 3; pos: (4.87, -0.5); time: 10
event: battery_consumption; timestamp: 4.8956; robot: 3; time: 10; initial_level: 95.1044; final_level: 85.1044
event: task_resolution; timestamp: 14.8956; task: 9; pos: (4.87, -0.5); status: COMPLETED; attempt: 1
event: battery_consumption; timestamp: 14.8956; robot: 3; time: 8.99594; initial_level: 85.1044; final_level: 76.1085
event: navigation; timestamp: 14.8956; robot: 3; time: 8.99594; src: (4.87, -0.5); dst: (-4, 1)
event: task_execution; timestamp: 5.12311; task: 10; robot: 2; pos: (4, -1); time: 10
event: battery_consumption; timestamp: 5.12311; robot: 2; time: 10; initial_level: 95.8769; final_level: 85.8769
event: task_resolution; timestamp: 15.1231; task: 10; pos: (4, -1); status: COMPLETED; attempt: 1
event: battery_consumption; timestamp: 15.1231; robot: 2; time: 7.28608; initial_level: 85.8769; final_level: 78.5908
event: navigation; timestamp: 15.1231; robot: 2; time: 7.28608; src: (4, -1); dst: (-3.13, 0.5)
event: task_execution; timestamp: 9; task: 24; robot: 4; pos: (-4.87, 0.5); time: 10
event: battery_consumption; timestamp: 9; robot: 4; time: 10; initial_level: 95.1044; final_level: 85.1044
event: task_resolution; timestamp: 19; task: 24; pos: (-4.87, 0.5); status: COMPLETED; attempt: 1
event: battery_consumption; timestamp: 19; robot: 4; time: 2.00689; initial_level: 85.1044; final_level: 83.0975
event: navigation; timestamp: 19; robot: 4; time: 2.00689; src: (-4.87, 0.5); dst: (-3.13, -0.5)
event: task_execution; timestamp: 15; task: 18; robot: 5; pos: (-0.87, -3.5); time: 10
event: battery_consumption; timestamp: 15; robot: 5; time: 10; initial_level: 96.3935; final_level: 86.3935
event: task_resolution; timestamp: 25; task: 18; pos: (-0.87, -3.5); status: COMPLETED; attempt: 1
event: battery_consumption; timestamp: 25; robot: 5; time: 1; initial_level: 86.3935; final_level: 85.3935
event: navigation; timestamp: 25; robot: 5; time: 1; src: (-0.87, -3.5); dst: (-0.87, -4.5)
event: task_execution; timestamp: 23.8915; task: 19; robot: 3; pos: (-4, 1); time: 10
event: battery_consumption; timestamp: 23.8915; robot: 3; time: 10; initial_level: 76.1085; final_level: 66.1085
event: task_resolution; timestamp: 33.8915; task: 19; pos: (-4, 1); status: COMPLETED; attempt: 1
event: battery_consumption; timestamp: 33.8915; robot: 3; time: 4.00586; initial_level: 66.1085; final_level: 62.1026
event: navigation; timestamp: 33.8915; robot: 3; time: 4.00586; src: (-4, 1); dst: (-0.87, 3.5)
event: task_execution; timestamp: 26; task: 14; robot: 1; pos: (0.87, -3.5); time: 10
event: battery_consumption; timestamp: 26; robot: 1; time: 10; initial_level: 96.3935; final_level: 86.3935
event: task_resolution; timestamp: 36; task: 14; pos: (0.87, -3.5); status: COMPLETED; attempt: 1
event: battery_consumption; timestamp: 36; robot: 1; time: 1.73404; initial_level: 86.3935; final_level: 84.6595
event: navigation; timestamp: 36; robot: 1; time: 1.73404; src: (0.87, -3.5); dst: (0, -5)
event: task_execution; timestamp: 28; task: 21; robot: 4; pos: (-3.13, -0.5); time: 10
event: battery_consumption; timestamp: 28; robot: 4; time: 10; initial_level: 83.0975; final_level: 73.0975
event: task_resolution; timestamp: 38; task: 21; pos: (-3.13, -0.5); status: COMPLETED; attempt: 1
event: battery_consumption; timestamp: 38; robot: 4; time: 1.74; initial_level: 73.0975; final_level: 71.3575
event: navigation; timestamp: 38; robot: 4; time: 1.74; src: (-3.13, -0.5); dst: (-4.87, -0.5)
event: task_execution; timestamp: 29; task: 20; robot: 2; pos: (-3.13, 0.5); time: 10
event: battery_consumption; timestamp: 29; robot: 2; time: 10; initial_level: 78.5908; final_level: 68.5908
event: task_resolution; timestamp: 39; task: 20; pos: (-3.13, 0.5); status: COMPLETED; attempt: 1
event: battery_consumption; timestamp: 39; robot: 2; time: 8; initial_level: 68.5908; final_level: 60.5908
event: navigation; timestamp: 39; robot: 2; time: 8; src: (-3.13, 0.5); dst: (4.87, 0.5)
event: task_execution; timestamp: 30; task: 17; robot: 5; pos: (-0.87, -4.5); time: 10
event: battery_consumption; timestamp: 30; robot: 5; time: 10; initial_level: 85.3935; final_level: 75.3935
event: task_resolution; timestamp: 40; task: 17; pos: (-0.87, -4.5); status: COMPLETED; attempt: 1
event: battery_consumption; timestamp: 40; robot: 5; time: 7.55029; initial_level: 75.3935; final_level: 67.8432
event: navigation; timestamp: 40; robot: 5; time: 7.55029; src: (-0.87, -4.5); dst: (0, 3)
event: task_execution; timestamp: 37.734; task: 16; robot: 1; pos: (0, -5); time: 10
event: battery_consumption; timestamp: 37.734; robot: 1; time: 10; initial_level: 84.6595; final_level: 74.6595
event: task_resolution; timestamp: 47.734; task: 16; pos: (0, -5); status: COMPLETED; attempt: 1
event: battery_consumption; timestamp: 47.734; robot: 1; time: 1.00344; initial_level: 74.6595; final_level: 73.656
event: navigation; timestamp: 47.734; robot: 1; time: 1.00344; src: (0, -5); dst: (0.87, -4.5)
event: task_execution; timestamp: 37.8974; task: 5; robot: 3; pos: (-0.87, 3.5); time: 10
event: battery_consumption; timestamp: 37.8974; robot: 3; time: 10; initial_level: 62.1026; final_level: 52.1026
event: task_resolution; timestamp: 47.8974; task: 5; pos: (-0.87, 3.5); status: COMPLETED; attempt: 1
event: battery_consumption; timestamp: 47.8974; robot: 3; time: 1.74; initial_level: 52.1026; final_level: 50.3626
event: navigation; timestamp: 47.8974; robot: 3; time: 1.74; src: (-0.87, 3.5); dst: (0.87, 3.5)
event: task_execution; timestamp: 39.74; task: 23; robot: 4; pos: (-4.87, -0.5); time: 10
event: battery_consumption; timestamp: 39.74; robot: 4; time: 10; initial_level: 71.3575; final_level: 61.3575
event: task_resolution; timestamp: 49.74; task: 23; pos: (-4.87, -0.5); status: COMPLETED; attempt: 1
event: battery_consumption; timestamp: 49.74; robot: 4; time: 7.34622; initial_level: 61.3575; final_level: 54.0113
event: navigation; timestamp: 49.74; robot: 4; time: 7.34622; src: (-4.87, -0.5); dst: (0, 5)
event: task_execution; timestamp: 47; task: 8; robot: 2; pos: (4.87, 0.5); time: 10
event: battery_consumption; timestamp: 47; robot: 2; time: 10; initial_level: 60.5908; final_level: 50.5908
event: task_resolution; timestamp: 57; task: 8; pos: (4.87, 0.5); status: COMPLETED; attempt: 1
event: battery_consumption; timestamp: 57; robot: 2; time: 1.00344; initial_level: 50.5908; final_level: 49.5874
event: navigation; timestamp: 57; robot: 2; time: 1.00344; src: (4.87, 0.5); dst: (4, 1)
event: task_execution; timestamp: 47.5503; task: 4; robot: 5; pos: (0, 3); time: 10
event: battery_consumption; timestamp: 47.5503; robot: 5; time: 10; initial_level: 67.8432; final_level: 57.8432
event: task_resolution; timestamp: 57.5503; task: 4; pos: (0, 3); status: COMPLETED; attempt: 1
event: battery_consumption; timestamp: 58.5503; robot: 5; time: 3; initial_level: 57.8432; final_level: 54.8432
event: navigation; timestamp: 58.5503; robot: 5; time: 3; src: (0, 3); dst: (0, 0)
event: recharge; timestamp: 61.5503; robot: 5; recharging_station: 1; pos: (0, 0); level: 100
event: task_execution; timestamp: 48.7375; task: 15; robot: 1; pos: (0.87, -4.5); time: 10
event: battery_consumption; timestamp: 48.7375; robot: 1; time: 10; initial_level: 73.656; final_level: 63.656
event: task_resolution; timestamp: 58.7375; task: 15; pos: (0.87, -4.5); status: COMPLETED; attempt: 1
event: task_execution; timestamp: 49.6374; task: 3; robot: 3; pos: (0.87, 3.5); time: 10
event: battery_consumption; timestamp: 49.6374; robot: 3; time: 10; initial_level: 50.3626; final_level: 40.3626
event: task_resolution; timestamp: 59.6374; task: 3; pos: (0.87, 3.5); status: COMPLETED; attempt: 1
event: battery_consumption; timestamp: 59.6374; robot: 3; time: 3.60651; initial_level: 40.3626; final_level: 36.7561
event: navigation; timestamp: 59.6374; robot: 3; time: 3.60651; src: (0.87, 3.5); dst: (0, 0)
event: recharge; timestamp: 63.2439; robot: 3; recharging_station: 1; pos: (0, 0); level: 100
event: battery_consumption; timestamp: 59.7375; robot: 1; time: 4.5943; initial_level: 63.656; final_level: 59.0617
event: navigation; timestamp: 59.7375; robot: 1; time: 4.5943; src: (0.87, -4.5); dst: (3.13, -0.5)
event: robot_finished; timestamp: 61.5503; robot: 5; pos: (0, 0); battery: 100
event: robot_finished; timestamp: 64.2439; robot: 3; pos: (0, 0); battery: 100
event: task_execution; timestamp: 57.0862; task: 1; robot: 4; pos: (0, 5); time: 10
event: battery_consumption; timestamp: 57.0862; robot: 4; time: 10; initial_level: 54.0113; final_level: 44.0113
event: task_resolution; timestamp: 67.0862; task: 1; pos: (0, 5); status: COMPLETED; attempt: 1
event: task_execution; timestamp: 58.0034; task: 7; robot: 2; pos: (4, 1); time: 10
event: battery_consumption; timestamp: 58.0034; robot: 2; time: 10; initial_level: 49.5874; final_level: 39.5874
event: task_resolution; timestamp: 68.0034; task: 7; pos: (4, 1); status: COMPLETED; attempt: 1
event: battery_consumption; timestamp: 68.0034; robot: 2; time: 4.12311; initial_level: 39.5874; final_level: 35.4643
event: navigation; timestamp: 68.0034; robot: 2; time: 4.12311; src: (4, 1); dst: (0, 0)
event: robot_finished; timestamp: 72.1265; robot: 2; pos: (0, 0); battery: 35.4643
event: battery_consumption; timestamp: 68.0862; robot: 4; time: 5; initial_level: 44.0113; final_level: 39.0113
event: navigation; timestamp: 68.0862; robot: 4; time: 5; src: (0, 5); dst: (0, 0)
event: robot_finished; timestamp: 73.0862; robot: 4; pos: (0, 0); battery: 39.0113
event: task_execution; timestamp: 64.3318; task: 11; robot: 1; pos: (3.13, -0.5); time: 10
event: battery_consumption; timestamp: 64.3318; robot: 1; time: 10; initial_level: 59.0617; final_level: 49.0617
event: task_resolution; timestamp: 74.3318; task: 11; pos: (3.13, -0.5); status: COMPLETED; attempt: 1
event: battery_consumption; timestamp: 74.3318; robot: 1; time: 3.16968; initial_level: 49.0617; final_level: 45.892
event: navigation; timestamp: 74.3318; robot: 1; time: 3.16968; src: (3.13, -0.5); dst: (0, 0)
event: robot_finished; timestamp: 77.5015; robot: 1; pos: (0, 0); battery: 45.892
metric: available_agents; value: 0
metric: failed_agents; value: 0
metric: finished_agents; value: 5
metric: completed_tasks; value: 19
metric: pending_tasks; value: 0
metric: failed_tasks; value: 5
metric: average_robot_makespan; value: 69.7017
metric: sd_robot_makespan; value: 6.60311
metric: max_robot_makespan; value: 77.5015
metric: min_robot_makespan; value: 61.5503
metric: average_robot_travel_distance; value: 19.6066
metric: sd_robot_travel_distance; value: 4.72948
metric: max_robot_travel_distance; value: 24.5357
metric: min_robot_travel_distance; value: 14.108
metric: sum_robot_travel_distance; value: 98.0331
metric: average_completed_tasks_by_robot; value: 0
metric: sd_completed_tasks_by_robot; value: 0
metric: max_completed_tasks_by_robot; value: 0
metric: min_completed_tasks_by_robot; value: 0
metric: final_reward; value: 0.791667
metric: computing_time; value: 2.16498
