info: solver_name; value: dec-mcts-bp-sp
info: reward_function; value: reward00
info: replica; value: 1
info: filename; value: ../logs/ablacion_bpcap/scenario_1E_20t_4r_dec-mcts-bp-sp_reward00_001.log
info: scenario_name; value: scenario_1E_20t_4r
info: scenario_name; value: scenario_1E_20t_4r
info: number_of_tasks; value: 20
info: number_of_robots; value: 4
info: number_of_recharging_stations; value: 1
info: scenario_size; value: (15,15)
event: recharging_station_spawn; timestamp: 0; recharging_station: 1; pos: (0, 0)
event: task_spawn; timestamp: 0; task: 1; pos: (0, 5); earliest_start: 31; latest_start: 39.6; state: PENDING; required_workers: 1; success_prob: 1; max_attempts: 1
event: task_spawn; timestamp: 0; task: 2; pos: (0.95, 4.31); earliest_start: 38; latest_start: 48.39; state: PENDING; required_workers: 1; success_prob: 1; max_attempts: 1
event: task_spawn; timestamp: 0; task: 3; pos: (0.59, 3.19); earliest_start: 36; latest_start: 41.87; state: PENDING; required_workers: 1; success_prob: 1; max_attempts: 1
event: task_spawn; timestamp: 0; task: 4; pos: (-0.59, 3.19); earliest_start: 15; latest_start: 24.05; state: PENDING; required_workers: 1; success_prob: 1; max_attempts: 1
event: task_spawn; timestamp: 0; task: 5; pos: (-0.95, 4.31); earliest_start: 0; latest_start: 9.51; state: PENDING; required_workers: 1; success_prob: 1; max_attempts: 1
event: task_spawn; timestamp: 0; task: 6; pos: (4, 1); earliest_start: 39; latest_start: 46.56; state: PENDING; required_workers: 1; success_prob: 1; max_attempts: 1
event: task_spawn; timestamp: 0; task: 7; pos: (4.95, 0.31); earliest_start: 11; latest_start: 18.65; state: PENDING; required_workers: 1; success_prob: 1; max_attempts: 1
event: task_spawn; timestamp: 0; task: 8; pos: (4.59, -0.81); earliest_start: 5; latest_start: 18.12; state: PENDING; required_workers: 1; success_prob: 1; max_attempts: 1
event: task_spawn; timestamp: 0; task: 9; pos: (3.41, -0.81); earliest_start: 33; latest_start: 40.19; state: PENDING; required_workers: 1; success_prob: 1; max_attempts: 1
event: task_spawn; timestamp: 0; task: 10; pos: (3.05, 0.31); earliest_start: 34; latest_start: 43.58; state: PENDING; required_workers: 1; success_prob: 1; max_attempts: 1
event: task_spawn; timestamp: 0; task: 11; pos: (0, -3); earliest_start: 35; latest_start: 36.06; state: PENDING; required_workers: 1; success_prob: 1; max_attempts: 1
event: task_spawn; timestamp: 0; task: 12; pos: (0.95, -3.69); earliest_start: 1; latest_start: 10.59; state: PENDING; required_workers: 1; success_prob: 1; max_attempts: 1
event: task_spawn; timestamp: 0; task: 13; pos: (0.59, -4.81); earliest_start: 40; latest_start: 47.39; state: PENDING; required_workers: 1; success_prob: 1; max_attempts: 1
event: task_spawn; timestamp: 0; task: 14; pos: (-0.59, -4.81); earliest_start: 24; latest_start: 36.15; state: PENDING; required_workers: 1; success_prob: 1; max_attempts: 1
event: task_spawn; timestamp: 0; task: 15; pos: (-0.95, -3.69); earliest_start: 1; latest_start: 13.28; state: PENDING; required_workers: 1; success_prob: 1; max_attempts: 1
event: task_spawn; timestamp: 0; task: 16; pos: (-4, 1); earliest_start: 22; latest_start: 31.73; state: PENDING; required_workers: 1; success_prob: 1; max_attempts: 1
event: task_spawn; timestamp: 0; task: 17; pos: (-3.05, 0.31); earliest_start: 40; latest_start: 50.66; state: PENDING; required_workers: 1; success_prob: 1; max_attempts: 1
event: task_spawn; timestamp: 0; task: 18; pos: (-3.41, -0.81); earliest_start: 6; latest_start: 13.32; state: PENDING; required_workers: 1; success_prob: 1; max_attempts: 1
event: task_spawn; timestamp: 0; task: 19; pos: (-4.59, -0.81); earliest_start: 21; latest_start: 31.66; state: PENDING; required_workers: 1; success_prob: 1; max_attempts: 1
event: task_spawn; timestamp: 0; task: 20; pos: (-4.95, 0.31); earliest_start: 8; latest_start: 13.15; state: PENDING; required_workers: 1; success_prob: 1; max_attempts: 1
event: robot_spawn; timestamp: 0; robot: 1; pos: (0, 0); state: AVAILABLE; battery_level: 100; battery_capacity: 100; velocity: 1; battery_rate_nav: 1
event: robot_spawn; timestamp: 0; robot: 2; pos: (0, 0); state: AVAILABLE; battery_level: 100; battery_capacity: 100; velocity: 1; battery_rate_nav: 1
event: robot_spawn; timestamp: 0; robot: 3; pos: (0, 0); state: AVAILABLE; battery_level: 100; battery_capacity: 100; velocity: 1; battery_rate_nav: 1
event: robot_spawn; timestamp: 0; robot: 4; pos: (0, 0); state: AVAILABLE; battery_level: 100; battery_capacity: 100; velocity: 1; battery_rate_nav: 1
event: battery_consumption; timestamp: 0; robot: 2; time: 3.81033; initial_level: 100; final_level: 96.1897
event: navigation; timestamp: 0; robot: 2; time: 3.81033; src: (0, 0); dst: (-0.95, -3.69)
event: battery_consumption; timestamp: 0; robot: 4; time: 3.81033; initial_level: 100; final_level: 96.1897
event: navigation; timestamp: 0; robot: 4; time: 3.81033; src: (0, 0); dst: (0.95, -3.69)
event: battery_consumption; timestamp: 0; robot: 3; time: 4.66092; initial_level: 100; final_level: 95.3391
event: navigation; timestamp: 0; robot: 3; time: 4.66092; src: (0, 0); dst: (4.59, -0.81)
event: battery_consumption; timestamp: 0; robot: 1; time: 4.9597; initial_level: 100; final_level: 95.0403
event: navigation; timestamp: 0; robot: 1; time: 4.9597; src: (0, 0); dst: (4.95, 0.31)
event: task_execution; timestamp: 3.81033; task: 15; robot: 2; pos: (-0.95, -3.69); time: 10
event: battery_consumption; timestamp: 3.81033; robot: 2; time: 10; initial_level: 96.1897; final_level: 86.1897
event: task_resolution; timestamp: 13.8103; task: 15; pos: (-0.95, -3.69); status: COMPLETED; attempt: 1
event: task_execution; timestamp: 3.81033; task: 12; robot: 4; pos: (0.95, -3.69); time: 10
event: battery_consumption; timestamp: 3.81033; robot: 4; time: 10; initial_level: 96.1897; final_level: 86.1897
event: task_resolution; timestamp: 13.8103; task: 12; pos: (0.95, -3.69); status: COMPLETED; attempt: 1
event: battery_consumption; timestamp: 13.8103; robot: 2; time: 4.64155; initial_level: 86.1897; final_level: 81.5481
event: navigation; timestamp: 13.8103; robot: 2; time: 4.64155; src: (-0.95, -3.69); dst: (-4.59, -0.81)
event: battery_consumption; timestamp: 14.8103; robot: 4; time: 7.05025; initial_level: 86.1897; final_level: 79.1394
event: navigation; timestamp: 14.8103; robot: 4; time: 7.05025; src: (0.95, -3.69); dst: (-0.59, 3.19)
event: task_execution; timestamp: 5; task: 8; robot: 3; pos: (4.59, -0.81); time: 10
event: battery_consumption; timestamp: 5; robot: 3; time: 10; initial_level: 95.3391; final_level: 85.3391
event: task_resolution; timestamp: 15; task: 8; pos: (4.59, -0.81); status: COMPLETED; attempt: 1
event: battery_consumption; timestamp: 16; robot: 3; time: 6.54465; initial_level: 85.3391; final_level: 78.7944
event: navigation; timestamp: 16; robot: 3; time: 6.54465; src: (4.59, -0.81); dst: (-0.59, -4.81)
event: task_execution; timestamp: 11; task: 7; robot: 1; pos: (4.95, 0.31); time: 10
event: battery_consumption; timestamp: 11; robot: 1; time: 10; initial_level: 95.0403; final_level: 85.0403
event: task_resolution; timestamp: 21; task: 7; pos: (4.95, 0.31); status: COMPLETED; attempt: 1
event: battery_consumption; timestamp: 21; robot: 1; time: 8.97656; initial_level: 85.0403; final_level: 76.0637
event: navigation; timestamp: 21; robot: 1; time: 8.97656; src: (4.95, 0.31); dst: (-4, 1)
event: task_execution; timestamp: 21; task: 19; robot: 2; pos: (-4.59, -0.81); time: 10
event: battery_consumption; timestamp: 21; robot: 2; time: 10; initial_level: 81.5481; final_level: 71.5481
event: task_resolution; timestamp: 31; task: 19; pos: (-4.59, -0.81); status: COMPLETED; attempt: 1
event: battery_consumption; timestamp: 31; robot: 2; time: 5.08569; initial_level: 71.5481; final_level: 66.4624
event: navigation; timestamp: 31; robot: 2; time: 5.08569; src: (-4.59, -0.81); dst: (0, -3)
event: task_execution; timestamp: 21.8606; task: 4; robot: 4; pos: (-0.59, 3.19); time: 10
event: battery_consumption; timestamp: 21.8606; robot: 4; time: 10; initial_level: 79.1394; final_level: 69.1394
event: task_resolution; timestamp: 31.8606; task: 4; pos: (-0.59, 3.19); status: COMPLETED; attempt: 1
event: battery_consumption; timestamp: 31.8606; robot: 4; time: 1.90373; initial_level: 69.1394; final_level: 67.2357
event: navigation; timestamp: 31.8606; robot: 4; time: 1.90373; src: (-0.59, 3.19); dst: (0, 5)
event: task_execution; timestamp: 24; task: 14; robot: 3; pos: (-0.59, -4.81); time: 10
event: battery_consumption; timestamp: 24; robot: 3; time: 10; initial_level: 78.7944; final_level: 68.7944
event: task_resolution; timestamp: 34; task: 14; pos: (-0.59, -4.81); status: COMPLETED; attempt: 1
event: battery_consumption; timestamp: 34; robot: 3; time: 5.65685; initial_level: 68.7944; final_level: 63.1376
event: navigation; timestamp: 34; robot: 3; time: 5.65685; src: (-0.59, -4.81); dst: (3.41, -0.81)
event: task_execution; timestamp: 29.9766; task: 16; robot: 1; pos: (-4, 1); time: 10
event: battery_consumption; timestamp: 29.9766; robot: 1; time: 10; initial_level: 76.0637; final_level: 66.0637
event: task_resolution; timestamp: 39.9766; task: 16; pos: (-4, 1); status: COMPLETED; attempt: 1
event: battery_consumption; timestamp: 39.9766; robot: 1; time: 5.08569; initial_level: 66.0637; final_level: 60.9781
event: navigation; timestamp: 39.9766; robot: 1; time: 5.08569; src: (-4, 1); dst: (0.59, 3.19)
event: task_execution; timestamp: 33.7643; task: 1; robot: 4; pos: (0, 5); time: 10
event: battery_consumption; timestamp: 33.7643; robot: 4; time: 10; initial_level: 67.2357; final_level: 57.2357
event: task_resolution; timestamp: 43.7643; task: 1; pos: (0, 5); status: COMPLETED; attempt: 1
event: battery_consumption; timestamp: 43.7643; robot: 4; time: 9.82773; initial_level: 57.2357; final_level: 47.408
event: navigation; timestamp: 43.7643; robot: 4; time: 9.82773; src: (0, 5); dst: (0.59, -4.81)
event: task_execution; timestamp: 36.0857; task: 11; robot: 2; pos: (0, -3); time: 10
event: battery_consumption; timestamp: 36.0857; robot: 2; time: 10; initial_level: 66.4624; final_level: 56.4624
event: task_resolution; timestamp: 46.0857; task: 11; pos: (0, -3); status: COMPLETED; attempt: 1
event: battery_consumption; timestamp: 46.0857; robot: 2; time: 5.65685; initial_level: 56.4624; final_level: 50.8056
event: navigation; timestamp: 46.0857; robot: 2; time: 5.65685; src: (0, -3); dst: (4, 1)
event: task_execution; timestamp: 39.6569; task: 9; robot: 3; pos: (3.41, -0.81); time: 10
event: battery_consumption; timestamp: 39.6569; robot: 3; time: 10; initial_level: 63.1376; final_level: 53.1376
event: task_resolution; timestamp: 49.6569; task: 9; pos: (3.41, -0.81); status: COMPLETED; attempt: 1
event: battery_consumption; timestamp: 49.6569; robot: 3; time: 6.55637; initial_level: 53.1376; final_level: 46.5812
event: navigation; timestamp: 49.6569; robot: 3; time: 6.55637; src: (3.41, -0.81); dst: (-3.05, 0.31)
event: task_execution; timestamp: 45.0622; task: 3; robot: 1; pos: (0.59, 3.19); time: 10
event: battery_consumption; timestamp: 45.0622; robot: 1; time: 10; initial_level: 60.9781; final_level: 50.9781
event: task_resolution; timestamp: 55.0622; task: 3; pos: (0.59, 3.19); status: COMPLETED; attempt: 1
event: battery_consumption; timestamp: 56.0622; robot: 1; time: 3.2441; initial_level: 50.9781; final_level: 47.734
event: navigation; timestamp: 56.0622; robot: 1; time: 3.2441; src: (0.59, 3.19); dst: (0, 0)
event: robot_finished; timestamp: 59.3063; robot: 1; pos: (0, 0); battery: 47.734
event: task_execution; timestamp: 51.7425; task: 6; robot: 2; pos: (4, 1); time: 10
event: battery_consumption; timestamp: 51.7425; robot: 2; time: 10; initial_level: 50.8056; final_level: 40.8056
event: task_resolution; timestamp: 61.7425; task: 6; pos: (4, 1); status: COMPLETED; attempt: 1
event: battery_consumption; timestamp: 61.7425; robot: 2; time: 4.12311; initial_level: 40.8056; final_level: 36.6825
event: navigation; timestamp: 61.7425; robot: 2; time: 4.12311; src: (4, 1); dst: (0, 0)
event: robot_finished; timestamp: 65.8656; robot: 2; pos: (0, 0); battery: 36.6825
event: task_execution; timestamp: 53.592; task: 13; robot: 4; pos: (0.59, -4.81); time: 10
event: battery_consumption; timestamp: 53.592; robot: 4; time: 10; initial_level: 47.408; final_level: 37.408
event: task_resolution; timestamp: 63.592; task: 13; pos: (0.59, -4.81); status: COMPLETED; attempt: 1
event: battery_consumption; timestamp: 63.592; robot: 4; time: 4.84605; initial_level: 37.408; final_level: 32.5619
event: navigation; timestamp: 63.592; robot: 4; time: 4.84605; src: (0.59, -4.81); dst: (0, 0)
event: robot_finished; timestamp: 68.4381; robot: 4; pos: (0, 0); battery: 32.5619
event: task_execution; timestamp: 56.2132; task: 17; robot: 3; pos: (-3.05, 0.31); time: 10
event: battery_consumption; timestamp: 56.2132; robot: 3; time: 10; initial_level: 46.5812; final_level: 36.5812
event: task_resolution; timestamp: 66.2132; task: 17; pos: (-3.05, 0.31); status: COMPLETED; attempt: 1
event: battery_consumption; timestamp: 67.2132; robot: 3; time: 3.06571; initial_level: 36.5812; final_level: 33.5155
event: navigation; timestamp: 67.2132; robot: 3; time: 3.06571; src: (-3.05, 0.31); dst: (0, 0)
event: robot_finished; timestamp: 70.2789; robot: 3; pos: (0, 0); battery: 33.5155
metric: available_agents; value: 0
metric: failed_agents; value: 0
metric: finished_agents; value: 4
metric: completed_tasks; value: 15
metric: pending_tasks; value: 0
metric: failed_tasks; value: 5
metric: average_robot_makespan; value: 65.9723
metric: sd_robot_makespan; value: 4.79839
metric: max_robot_makespan; value: 70.2789
metric: min_robot_makespan; value: 59.3063
metric: average_robot_travel_distance; value: 24.8765
metric: sd_robot_travel_distance; value: 2.47604
metric: max_robot_travel_distance; value: 27.4381
metric: min_robot_travel_distance; value: 22.266
metric: sum_robot_travel_distance; value: 99.5062
metric: average_completed_tasks_by_robot; value: 0
metric: sd_completed_tasks_by_robot; value: 0
metric: max_completed_tasks_by_robot; value: 0
metric: min_completed_tasks_by_robot; value: 0
metric: final_reward; value: 0.75
metric: computing_time; value: 1.29538
