info: solver_name; value: dec-mcts-bp-09
info: reward_function; value: reward00
info: replica; value: 3
info: filename; value: ../logs/ablacion_bpcap/scenario_1E_16t_4r_dec-mcts-bp-09_reward00_003.log
info: scenario_name; value: scenario_1E_16t_4r
info: scenario_name; value: scenario_1E_16t_4r
info: number_of_tasks; value: 16
info: number_of_robots; value: 4
info: number_of_recharging_stations; value: 1
info: scenario_size; value: (15,15)
event: recharging_station_spawn; timestamp: 0; recharging_station: 1; pos: (0, 0)
event: task_spawn; timestamp: 0; task: 1; pos: (0, 5); earliest_start: 21; latest_start: 29.98; state: PENDING; required_workers: 1; success_prob: 1; max_attempts: 1
event: task_spawn; timestamp: 0; task: 2; pos: (1, 4); earliest_start: 30; latest_start: 44.7; state: PENDING; required_workers: 1; success_prob: 1; max_attempts: 1
event: task_spawn; timestamp: 0; task: 3; pos: (0, 3); earliest_start: 10; latest_start: 25.07; state: PENDING; required_workers: 1; success_prob: 1; max_attempts: 1
event: task_spawn; timestamp: 0; task: 4; pos: (-1, 4); earliest_start: 2; latest_start: 8.62; state: PENDING; required_workers: 1; success_prob: 1; max_attempts: 1
event: task_spawn; timestamp: 0; task: 5; pos: (4, 1); earliest_start: 11; latest_start: 19.56; state: PENDING; required_workers: 1; success_prob: 1; max_attempts: 1
event: task_spawn; timestamp: 0; task: 6; pos: (5, 0); earliest_start: 9; latest_start: 18.18; state: PENDING; required_workers: 1; success_prob: 1; max_attempts: 1
event: task_spawn; timestamp: 0; task: 7; pos: (4, -1); earliest_start: 12; latest_start: 26.55; state: PENDING; required_workers: 1; success_prob: 1; max_attempts: 1
event: task_spawn; timestamp: 0; task: 8; pos: (3, -0); earliest_start: 4; latest_start: 13.06; state: PENDING; required_workers: 1; success_prob: 1; max_attempts: 1
event: task_spawn; timestamp: 0; task: 9; pos: (0, -3); earliest_start: 9; latest_start: 13.15; state: PENDING; required_workers: 1; success_prob: 1; max_attempts: 1
event: task_spawn; timestamp: 0; task: 10; pos: (1, -4); earliest_start: 17; latest_start: 23.02; state: PENDING; required_workers: 1; success_prob: 1; max_attempts: 1
event: task_spawn; timestamp: 0; task: 11; pos: (0, -5); earliest_start: 26; latest_start: 32.2; state: PENDING; required_workers: 1; success_prob: 1; max_attempts: 1
event: task_spawn; timestamp: 0; task: 12; pos: (-1, -4); earliest_start: 4; latest_start: 17.72; state: PENDING; required_workers: 1; success_prob: 1; max_attempts: 1
event: task_spawn; timestamp: 0; task: 13; pos: (-4, 1); earliest_start: 23; latest_start: 30.29; state: PENDING; required_workers: 1; success_prob: 1; max_attempts: 1
event: task_spawn; timestamp: 0; task: 14; pos: (-3, 0); earliest_start: 21; latest_start: 26.06; state: PENDING; required_workers: 1; success_prob: 1; max_attempts: 1
event: task_spawn; timestamp: 0; task: 15; pos: (-4, -1); earliest_start: 21; latest_start: 32.13; state: PENDING; required_workers: 1; success_prob: 1; max_attempts: 1
event: task_spawn; timestamp: 0; task: 16; pos: (-5, -0); earliest_start: 13; latest_start: 22.31; state: PENDING; required_workers: 1; success_prob: 1; max_attempts: 1
event: robot_spawn; timestamp: 0; robot: 1; pos: (0, 0); state: AVAILABLE; battery_level: 100; battery_capacity: 100; velocity: 1; battery_rate_nav: 1
event: robot_spawn; timestamp: 0; robot: 2; pos: (0, 0); state: AVAILABLE; battery_level: 100; battery_capacity: 100; velocity: 1; battery_rate_nav: 1
event: robot_spawn; timestamp: 0; robot: 3; pos: (0, 0); state: AVAILABLE; battery_level: 100; battery_capacity: 100; velocity: 1; battery_rate_nav: 1
event: robot_spawn; timestamp: 0; robot: 4; pos: (0, 0); state: AVAILABLE; battery_level: 100; battery_capacity: 100; velocity: 1; battery_rate_nav: 1
event: battery_consumption; timestamp: 0; robot: 4; time: 3; initial_level: 100; final_level: 97
event: navigation; timestamp: 0; robot: 4; time: 3; src: (0, 0); dst: (3, -0)
event: battery_consumption; timestamp: 1; robot: 1; time: 4.12311; initial_level: 100; final_level: 95.8769
event: navigation; timestamp: 1; robot: 1; time: 4.12311; src: (0, 0); dst: (4, 1)
event: battery_consumption; timestamp: 1; robot: 3; time: 3; initial_level: 100; final_level: 97
event: navigation; timestamp: 1; robot: 3; time: 3; src: (0, 0); dst: (0, 3)
event: battery_consumption; timestamp: 1; robot: 2; time: 4.12311; initial_level: 100; final_level: 95.8769
event: navigation; timestamp: 1; robot: 2; time: 4.12311; src: (0, 0); dst: (-1, 4)
event: task_execution; timestamp: 4; task: 8; robot: 4; pos: (3, -0); time: 10
event: battery_consumption; timestamp: 4; robot: 4; time: 10; initial_level: 97; final_level: 87
event: task_resolution; timestamp: 14; task: 8; pos: (3, -0); status: COMPLETED; attempt: 1
event: battery_consumption; timestamp: 14; robot: 4; time: 2; initial_level: 87; final_level: 85
event: navigation; timestamp: 14; robot: 4; time: 2; src: (3, -0); dst: (5, 0)
event: task_execution; timestamp: 5.12311; task: 4; robot: 2; pos: (-1, 4); time: 10
event: battery_consumption; timestamp: 5.12311; robot: 2; time: 10; initial_level: 95.8769; final_level: 85.8769
event: task_resolution; timestamp: 15.1231; task: 4; pos: (-1, 4); status: COMPLETED; attempt: 1
event: battery_consumption; timestamp: 15.1231; robot: 2; time: 5.65685; initial_level: 85.8769; final_level: 80.22
event: navigation; timestamp: 15.1231; robot: 2; time: 5.65685; src: (-1, 4); dst: (-5, -0)
event: task_execution; timestamp: 10; task: 3; robot: 3; pos: (0, 3); time: 10
event: battery_consumption; timestamp: 10; robot: 3; time: 10; initial_level: 97; final_level: 87
event: task_resolution; timestamp: 20; task: 3; pos: (0, 3); status: COMPLETED; attempt: 1
event: battery_consumption; timestamp: 20; robot: 3; time: 2; initial_level: 87; final_level: 85
event: navigation; timestamp: 20; robot: 3; time: 2; src: (0, 3); dst: (0, 5)
event: task_execution; timestamp: 11; task: 5; robot: 1; pos: (4, 1); time: 10
event: battery_consumption; timestamp: 11; robot: 1; time: 10; initial_level: 95.8769; final_level: 85.8769
event: task_resolution; timestamp: 21; task: 5; pos: (4, 1); status: COMPLETED; attempt: 1
event: battery_consumption; timestamp: 21; robot: 1; time: 2; initial_level: 85.8769; final_level: 83.8769
event: navigation; timestamp: 21; robot: 1; time: 2; src: (4, 1); dst: (4, -1)
event: task_execution; timestamp: 16; task: 6; robot: 4; pos: (5, 0); time: 10
event: battery_consumption; timestamp: 16; robot: 4; time: 10; initial_level: 85; final_level: 75
event: task_resolution; timestamp: 26; task: 6; pos: (5, 0); status: COMPLETED; attempt: 1
event: battery_consumption; timestamp: 26; robot: 4; time: 8; initial_level: 75; final_level: 67
event: navigation; timestamp: 26; robot: 4; time: 8; src: (5, 0); dst: (-3, 0)
event: task_execution; timestamp: 20.78; task: 16; robot: 2; pos: (-5, -0); time: 10
event: battery_consumption; timestamp: 20.78; robot: 2; time: 10; initial_level: 80.22; final_level: 70.22
event: task_resolution; timestamp: 30.78; task: 16; pos: (-5, -0); status: COMPLETED; attempt: 1
event: battery_consumption; timestamp: 30.78; robot: 2; time: 1.41421; initial_level: 70.22; final_level: 68.8058
event: navigation; timestamp: 30.78; robot: 2; time: 1.41421; src: (-5, -0); dst: (-4, -1)
event: task_execution; timestamp: 22; task: 1; robot: 3; pos: (0, 5); time: 10
event: battery_consumption; timestamp: 22; robot: 3; time: 10; initial_level: 85; final_level: 75
event: task_resolution; timestamp: 32; task: 1; pos: (0, 5); status: COMPLETED; attempt: 1
event: battery_consumption; timestamp: 32; robot: 3; time: 10; initial_level: 75; final_level: 65
event: navigation; timestamp: 32; robot: 3; time: 10; src: (0, 5); dst: (0, -5)
event: task_execution; timestamp: 23; task: 7; robot: 1; pos: (4, -1); time: 10
event: battery_consumption; timestamp: 23; robot: 1; time: 10; initial_level: 83.8769; final_level: 73.8769
event: task_resolution; timestamp: 33; task: 7; pos: (4, -1); status: COMPLETED; attempt: 1
event: battery_consumption; timestamp: 33; robot: 1; time: 5.83095; initial_level: 73.8769; final_level: 68.0459
event: navigation; timestamp: 33; robot: 1; time: 5.83095; src: (4, -1); dst: (1, 4)
event: task_execution; timestamp: 32.1942; task: 15; robot: 2; pos: (-4, -1); time: 10
event: battery_consumption; timestamp: 32.1942; robot: 2; time: 10; initial_level: 68.8058; final_level: 58.8058
event: task_resolution; timestamp: 42.1942; task: 15; pos: (-4, -1); status: COMPLETED; attempt: 1
event: battery_consumption; timestamp: 43.1942; robot: 2; time: 4.12311; initial_level: 58.8058; final_level: 54.6827
event: navigation; timestamp: 43.1942; robot: 2; time: 4.12311; src: (-4, -1); dst: (0, 0)
event: robot_finished; timestamp: 47.3173; robot: 2; pos: (0, 0); battery: 54.6827
event: task_execution; timestamp: 34; task: 14; robot: 4; pos: (-3, 0); time: 10
event: battery_consumption; timestamp: 34; robot: 4; time: 10; initial_level: 67; final_level: 57
event: task_resolution; timestamp: 44; task: 14; pos: (-3, 0); status: COMPLETED; attempt: 1
event: battery_consumption; timestamp: 44; robot: 4; time: 3; initial_level: 57; final_level: 54
event: navigation; timestamp: 44; robot: 4; time: 3; src: (-3, 0); dst: (0, 0)
event: robot_finished; timestamp: 47; robot: 4; pos: (0, 0); battery: 54
event: task_execution; timestamp: 38.831; task: 2; robot: 1; pos: (1, 4); time: 10
event: battery_consumption; timestamp: 38.831; robot: 1; time: 10; initial_level: 68.0459; final_level: 58.0459
event: task_resolution; timestamp: 48.831; task: 2; pos: (1, 4); status: COMPLETED; attempt: 1
event: battery_consumption; timestamp: 49.831; robot: 1; time: 4.12311; initial_level: 58.0459; final_level: 53.9228
event: navigation; timestamp: 49.831; robot: 1; time: 4.12311; src: (1, 4); dst: (0, 0)
event: robot_finished; timestamp: 53.9541; robot: 1; pos: (0, 0); battery: 53.9228
event: task_execution; timestamp: 42; task: 11; robot: 3; pos: (0, -5); time: 10
event: battery_consumption; timestamp: 42; robot: 3; time: 10; initial_level: 65; final_level: 55
event: task_resolution; timestamp: 52; task: 11; pos: (0, -5); status: COMPLETED; attempt: 1
event: battery_consumption; timestamp: 52; robot: 3; time: 5; initial_level: 55; final_level: 50
event: navigation; timestamp: 52; robot: 3; time: 5; src: (0, -5); dst: (0, 0)
event: robot_finished; timestamp: 57; robot: 3; pos: (0, 0); battery: 50
metric: available_agents; value: 0
metric: failed_agents; value: 0
metric: finished_agents; value: 4
metric: completed_tasks; value: 12
metric: pending_tasks; value: 0
metric: failed_tasks; value: 4
metric: average_robot_makespan; value: 51.3178
metric: sd_robot_makespan; value: 4.96269
metric: max_robot_makespan; value: 57
metric: min_robot_makespan; value: 47
metric: average_robot_travel_distance; value: 16.8486
metric: sd_robot_travel_distance; value: 2.1285
metric: max_robot_travel_distance; value: 20
metric: min_robot_travel_distance; value: 15.3173
metric: sum_robot_travel_distance; value: 67.3944
metric: average_completed_tasks_by_robot; value: 0
metric: sd_completed_tasks_by_robot; value: 0
metric: max_completed_tasks_by_robot; value: 0
metric: min_completed_tasks_by_robot; value: 0
metric: final_reward; value: 0.75
metric: computing_time; value: 0.862242
