info: solver_name; value: dec-mcts-bp-05
info: reward_function; value: reward00
info: replica; value: 2
info: filename; value: ../logs/ablacion_bpcap/scenario_1E_24t_5r_dec-mcts-bp-05_reward00_002.log
info: scenario_name; value: scenario_1E_24t_5r
info: scenario_name; value: scenario_1E_24t_5r
info: number_of_tasks; value: 24
info: number_of_robots; value: 5
info: number_of_recharging_stations; value: 1
info: scenario_size; value: (15,15)
event: recharging_station_spawn; timestamp: 0; recharging_station: 1; pos: (0, 0)
event: task_spawn; timestamp: 0; task: 1; pos: (0, 5); earliest_start: 40; latest_start: 51.29; state: PENDING; required_workers: 1; success_prob: 1; max_attempts: 1
event: task_spawn; timestamp: 0; task: 2; pos: (0.87, 4.5); earliest_start: 35; latest_start: 43.12; state: PENDING; required_workers: 1; success_prob: 1; max_attempts: 1
event: task_spawn; timestamp: 0; task: 3; pos: (0.87, 3.5); earliest_start: 39; latest_start: 48.36; state: PENDING; required_workers: 1; success_prob: 1; max_attempts: 1
event: task_spawn; timestamp: 0; task: 4; pos: (0, 3); earliest_start: 34; latest_start: 48.15; state: PENDING; required_workers: 1; success_prob: 1; max_attempts: 1
event: task_spawn; timestamp: 0; task: 5; pos: (-0.87, 3.5); earliest_start: 37; latest_start: 50.58; state: PENDING; required_workers: 1; success_prob: 1; max_attempts: 1
event: task_spawn; timestamp: 0; task: 6; pos: (-0.87, 4.5); earliest_start: 37; latest_start: 49.38; state: PENDING; required_workers: 1; success_prob: 1; max_attempts: 1
event: task_spawn; timestamp: 0; task: 7; pos: (4, 1); earliest_start: 46; latest_start: 58.49; state: PENDING; required_workers: 1; success_prob: 1; max_attempts: 1
event: task_spawn; timestamp: 0; task: 8; pos: (4.87, 0.5); earliest_start: 38; latest_start: 51.63; state: PENDING; required_workers: 1; success_prob: 1; max_attempts: 1
event: task_spawn; timestamp: 0; task: 9; pos: (4.87, -0.5); earliest_start: 2; latest_start: 8.44; state: PENDING; required_workers: 1; success_prob: 1; max_attempts: 1
event: task_spawn; timestamp: 0; task: 10; pos: (4, -1); earliest_start: 1; latest_start: 16.8; state: PENDING; required_workers: 1; success_prob: 1; max_attempts: 1
event: task_spawn; timestamp: 0; task: 11; pos: (3.13, -0.5); earliest_start: 49; latest_start: 65.38; state: PENDING; required_workers: 1; success_prob: 1; max_attempts: 1
event: task_spawn; timestamp: 0; task: 12; pos: (3.13, 0.5); earliest_start: 36; latest_start: 49.57; state: PENDING; required_workers: 1; success_prob: 1; max_attempts: 1
event: task_spawn; timestamp: 0; task: 13; pos: (0, -3); earliest_start: 36; latest_start: 45.81; state: PENDING; required_workers: 1; success_prob: 1; max_attempts: 1
event: task_spawn; timestamp: 0; task: 14; pos: (0.87, -3.5); earliest_start: 26; latest_start: 38.06; state: PENDING; required_workers: 1; success_prob: 1; max_attempts: 1
event: task_spawn; timestamp: 0; task: 15; pos: (0.87, -4.5); earliest_start: 40; latest_start: 49.45; state: PENDING; required_workers: 1; success_prob: 1; max_attempts: 1
event: task_spawn; timestamp: 0; task: 16; pos: (0, -5); earliest_start: 34; latest_start: 43.5; state: PENDING; required_workers: 1; success_prob: 1; max_attempts: 1
event: task_spawn; timestamp: 0; task: 17; pos: (-0.87, -4.5); earliest_start: 30; latest_start: 38.15; state: PENDING; required_workers: 1; success_prob: 1; max_attempts: 1
event: task_spawn; timestamp: 0; task: 18; pos: (-0.87, -3.5); earliest_start: 15; latest_start: 32.28; state: PENDING; required_workers: 1; success_prob: 1; max_attempts: 1
event: task_spawn; timestamp: 0; task: 19; pos: (-4, 1); earliest_start: 19; latest_start: 30.54; state: PENDING; required_workers: 1; success_prob: 1; max_attempts: 1
event: task_spawn; timestamp: 0; task: 20; pos: (-3.13, 0.5); earliest_start: 29; latest_start: 34.71; state: PENDING; required_workers: 1; success_prob: 1; max_attempts: 1
event: task_spawn; timestamp: 0; task: 21; pos: (-3.13, -0.5); earliest_start: 28; latest_start: 38.95; state: PENDING; required_workers: 1; success_prob: 1; max_attempts: 1
event: task_spawn; timestamp: 0; task: 22; pos: (-4, -1); earliest_start: 26; latest_start: 36.47; state: PENDING; required_workers: 1; success_prob: 1; max_attempts: 1
event: task_spawn; timestamp: 0; task: 23; pos: (-4.87, -0.5); earliest_start: 38; latest_start: 45.98; state: PENDING; required_workers: 1; success_prob: 1; max_attempts: 1
event: task_spawn; timestamp: 0; task: 24; pos: (-4.87, 0.5); earliest_start: 9; latest_start: 19.2; state: PENDING; required_workers: 1; success_prob: 1; max_attempts: 1
event: robot_spawn; timestamp: 0; robot: 1; pos: (0, 0); state: AVAILABLE; battery_level: 100; battery_capacity: 100; velocity: 1; battery_rate_nav: 1
event: robot_spawn; timestamp: 0; robot: 2; pos: (0, 0); state: AVAILABLE; battery_level: 100; battery_capacity: 100; velocity: 1; battery_rate_nav: 1
event: robot_spawn; timestamp: 0; robot: 3; pos: (0, 0); state: AVAILABLE; battery_level: 100; battery_capacity: 100; velocity: 1; battery_rate_nav: 1
event: robot_spawn; timestamp: 0; robot: 4; pos: (0, 0); state: AVAILABLE; battery_level: 100; battery_capacity: 100; velocity: 1; battery_rate_nav: 1
event: robot_spawn; timestamp: 0; robot: 5; pos: (0, 0); state: AVAILABLE; battery_level: 100; battery_capacity: 100; velocity: 1; battery_rate_nav: 1
event: battery_consumption; timestamp: 0; robot: 2; time: 4.12311; initial_level: 100; final_level: 95.8769
event: navigation; timestamp: 0; robot: 2; time: 4.12311; src: (0, 0); dst: (4, -1)
event: battery_consumption; timestamp: 0; robot: 4; time: 4.8956; initial_level: 100; final_level: 95.1044
event: navigation; timestamp: 0; robot: 4; time: 4.8956; src: (0, 0); dst: (4.87, -0.5)
event: battery_consumption; timestamp: 0; robot: 1; time: 4.8956; initial_level: 100; final_level: 95.1044
event: navigation; timestamp: 0; robot: 1; time: 4.8956; src: (0, 0); dst: (-4.87, 0.5)
event: battery_consumption; timestamp: 1; robot: 5; time: 4.12311; initial_level: 100; final_level: 95.8769
event: navigation; timestamp: 1; robot: 5; time: 4.12311; src: (0, 0); dst: (-4, -1)
event: battery_consumption; timestamp: 1; robot: 3; time: 4.58333; initial_level: 100; final_level: 95.4167
event: navigation; timestamp: 1; robot: 3; time: 4.58333; src: (0, 0); dst: (-0.87, -4.5)
event: task_execution; timestamp: 4.12311; task: 10; robot: 2; pos: (4, -1); time: 10
event: battery_consumption; timestamp: 4.12311; robot: 2; time: 10; initial_level: 95.8769; final_level: 85.8769
event: task_resolution; timestamp: 14.1231; task: 10; pos: (4, -1); status: COMPLETED; attempt: 1
event: battery_consumption; timestamp: 14.1231; robot: 2; time: 5.4742; initial_level: 85.8769; final_level: 80.4027
event: navigation; timestamp: 14.1231; robot: 2; time: 5.4742; src: (4, -1); dst: (-0.87, -3.5)
event: task_execution; timestamp: 4.8956; task: 9; robot: 4; pos: (4.87, -0.5); time: 10
event: battery_consumption; timestamp: 4.8956; robot: 4; time: 10; initial_level: 95.1044; final_level: 85.1044
event: task_resolution; timestamp: 14.8956; task: 9; pos: (4.87, -0.5); status: COMPLETED; attempt: 1
event: battery_consumption; timestamp: 14.8956; robot: 4; time: 8.99594; initial_level: 85.1044; final_level: 76.1085
event: navigation; timestamp: 14.8956; robot: 4; time: 8.99594; src: (4.87, -0.5); dst: (-4, 1)
event: task_execution; timestamp: 9; task: 24; robot: 1; pos: (-4.87, 0.5); time: 10
event: battery_consumption; timestamp: 9; robot: 1; time: 10; initial_level: 95.1044; final_level: 85.1044
event: task_resolution; timestamp: 19; task: 24; pos: (-4.87, 0.5); status: COMPLETED; attempt: 1
event: battery_consumption; timestamp: 19; robot: 1; time: 1.74; initial_level: 85.1044; final_level: 83.3644
event: navigation; timestamp: 19; robot: 1; time: 1.74; src: (-4.87, 0.5); dst: (-3.13, 0.5)
event: task_execution; timestamp: 19.5973; task: 18; robot: 2; pos: (-0.87, -3.5); time: 10
event: battery_consumption; timestamp: 19.5973; robot: 2; time: 10; initial_level: 80.4027; final_level: 70.4027
event: task_resolution; timestamp: 29.5973; task: 18; pos: (-0.87, -3.5); status: COMPLETED; attempt: 1
event: battery_consumption; timestamp: 29.5973; robot: 2; time: 1.74; initial_level: 70.4027; final_level: 68.6627
event: navigation; timestamp: 29.5973; robot: 2; time: 1.74; src: (-0.87, -3.5); dst: (0.87, -3.5)
event: task_execution; timestamp: 23.8915; task: 19; robot: 4; pos: (-4, 1); time: 10
event: battery_consumption; timestamp: 23.8915; robot: 4; time: 10; initial_level: 76.1085; final_level: 66.1085
event: task_resolution; timestamp: 33.8915; task: 19; pos: (-4, 1); status: COMPLETED; attempt: 1
event: battery_consumption; timestamp: 33.8915; robot: 4; time: 4.47214; initial_level: 66.1085; final_level: 61.6363
event: navigation; timestamp: 33.8915; robot: 4; time: 4.47214; src: (-4, 1); dst: (0, 3)
event: task_execution; timestamp: 26; task: 22; robot: 5; pos: (-4, -1); time: 10
event: battery_consumption; timestamp: 26; robot: 5; time: 10; initial_level: 95.8769; final_level: 85.8769
event: task_resolution; timestamp: 36; task: 22; pos: (-4, -1); status: COMPLETED; attempt: 1
event: battery_consumption; timestamp: 36; robot: 5; time: 1.00344; initial_level: 85.8769; final_level: 84.8735
event: navigation; timestamp: 36; robot: 5; time: 1.00344; src: (-4, -1); dst: (-3.13, -0.5)
event: task_execution; timestamp: 29; task: 20; robot: 1; pos: (-3.13, 0.5); time: 10
event: battery_consumption; timestamp: 29; robot: 1; time: 10; initial_level: 83.3644; final_level: 73.3644
event: task_resolution; timestamp: 39; task: 20; pos: (-3.13, 0.5); status: COMPLETED; attempt: 1
event: battery_consumption; timestamp: 39; robot: 1; time: 6.32826; initial_level: 73.3644; final_level: 67.0361
event: navigation; timestamp: 39; robot: 1; time: 6.32826; src: (-3.13, 0.5); dst: (0, -5)
event: task_execution; timestamp: 30; task: 17; robot: 3; pos: (-0.87, -4.5); time: 10
event: battery_consumption; timestamp: 30; robot: 3; time: 10; initial_level: 95.4167; final_level: 85.4167
event: task_resolution; timestamp: 40; task: 17; pos: (-0.87, -4.5); status: COMPLETED; attempt: 1
event: battery_consumption; timestamp: 40; robot: 3; time: 1.74; initial_level: 85.4167; final_level: 83.6767
event: navigation; timestamp: 40; robot: 3; time: 1.74; src: (-0.87, -4.5); dst: (0.87, -4.5)
event: task_execution; timestamp: 31.3373; task: 14; robot: 2; pos: (0.87, -3.5); time: 10
event: battery_consumption; timestamp: 31.3373; robot: 2; time: 10; initial_level: 68.6627; final_level: 58.6627
event: task_resolution; timestamp: 41.3373; task: 14; pos: (0.87, -3.5); status: COMPLETED; attempt: 1
event: battery_consumption; timestamp: 41.3373; robot: 2; time: 1.00344; initial_level: 58.6627; final_level: 57.6592
event: navigation; timestamp: 41.3373; robot: 2; time: 1.00344; src: (0.87, -3.5); dst: (0, -3)
event: task_execution; timestamp: 37.0034; task: 21; robot: 5; pos: (-3.13, -0.5); time: 10
event: battery_consumption; timestamp: 37.0034; robot: 5; time: 10; initial_level: 84.8735; final_level: 74.8735
event: task_resolution; timestamp: 47.0034; task: 21; pos: (-3.13, -0.5); status: COMPLETED; attempt: 1
event: battery_consumption; timestamp: 47.0034; robot: 5; time: 5.65685; initial_level: 74.8735; final_level: 69.2166
event: navigation; timestamp: 47.0034; robot: 5; time: 5.65685; src: (-3.13, -0.5); dst: (0.87, 3.5)
event: task_execution; timestamp: 38.3637; task: 4; robot: 4; pos: (0, 3); time: 10
event: battery_consumption; timestamp: 38.3637; robot: 4; time: 10; initial_level: 61.6363; final_level: 51.6363
event: task_resolution; timestamp: 48.3637; task: 4; pos: (0, 3); status: COMPLETED; attempt: 1
event: battery_consumption; timestamp: 48.3637; robot: 4; time: 5.4742; initial_level: 51.6363; final_level: 46.1621
event: navigation; timestamp: 48.3637; robot: 4; time: 5.4742; src: (0, 3); dst: (4.87, 0.5)
event: task_execution; timestamp: 41.74; task: 15; robot: 3; pos: (0.87, -4.5); time: 10
event: battery_consumption; timestamp: 41.74; robot: 3; time: 10; initial_level: 83.6767; final_level: 73.6767
event: task_resolution; timestamp: 51.74; task: 15; pos: (0.87, -4.5); status: COMPLETED; attempt: 1
event: battery_consumption; timestamp: 51.74; robot: 3; time: 6.32826; initial_level: 73.6767; final_level: 67.3484
event: navigation; timestamp: 51.74; robot: 3; time: 6.32826; src: (0.87, -4.5); dst: (4, 1)
event: task_execution; timestamp: 42.3408; task: 13; robot: 2; pos: (0, -3); time: 10
event: battery_consumption; timestamp: 42.3408; robot: 2; time: 10; initial_level: 57.6592; final_level: 47.6592
event: task_resolution; timestamp: 52.3408; task: 13; pos: (0, -3); status: COMPLETED; attempt: 1
event: battery_consumption; timestamp: 53.3408; robot: 2; time: 4.00586; initial_level: 47.6592; final_level: 43.6534
event: navigation; timestamp: 53.3408; robot: 2; time: 4.00586; src: (0, -3); dst: (3.13, -0.5)
event: task_execution; timestamp: 45.3283; task: 16; robot: 1; pos: (0, -5); time: 10
event: battery_consumption; timestamp: 45.3283; robot: 1; time: 10; initial_level: 67.0361; final_level: 57.0361
event: task_resolution; timestamp: 55.3283; task: 16; pos: (0, -5); status: COMPLETED; attempt: 1
event: battery_consumption; timestamp: 57.3283; robot: 1; time: 5; initial_level: 57.0361; final_level: 52.0361
event: navigation; timestamp: 57.3283; robot: 1; time: 5; src: (0, -5); dst: (0, 0)
event: robot_finished; timestamp: 62.3283; robot: 1; pos: (0, 0); battery: 52.0361
event: task_execution; timestamp: 52.6603; task: 3; robot: 5; pos: (0.87, 3.5); time: 10
event: battery_consumption; timestamp: 52.6603; robot: 5; time: 10; initial_level: 69.2166; final_level: 59.2166
event: task_resolution; timestamp: 62.6603; task: 3; pos: (0.87, 3.5); status: COMPLETED; attempt: 1
event: battery_consumption; timestamp: 63.6603; robot: 5; time: 3.60651; initial_level: 59.2166; final_level: 55.6101
event: navigation; timestamp: 63.6603; robot: 5; time: 3.60651; src: (0.87, 3.5); dst: (0, 0)
event: robot_finished; timestamp: 67.2668; robot: 5; pos: (0, 0); battery: 55.6101
event: task_execution; timestamp: 53.8379; task: 8; robot: 4; pos: (4.87, 0.5); time: 10
event: battery_consumption; timestamp: 53.8379; robot: 4; time: 10; initial_level: 46.1621; final_level: 36.1621
event: task_resolution; timestamp: 63.8379; task: 8; pos: (4.87, 0.5); status: COMPLETED; attempt: 1
event: battery_consumption; timestamp: 65.8379; robot: 4; time: 4.8956; initial_level: 36.1621; final_level: 31.2665
event: navigation; timestamp: 65.8379; robot: 4; time: 4.8956; src: (4.87, 0.5); dst: (0, 0)
event: robot_finished; timestamp: 70.7335; robot: 4; pos: (0, 0); battery: 31.2665
event: task_execution; timestamp: 57.3466; task: 11; robot: 2; pos: (3.13, -0.5); time: 10
event: battery_consumption; timestamp: 57.3466; robot: 2; time: 10; initial_level: 43.6534; final_level: 33.6534
event: task_resolution; timestamp: 67.3466; task: 11; pos: (3.13, -0.5); status: COMPLETED; attempt: 1
event: battery_consumption; timestamp: 67.3466; robot: 2; time: 3.16968; initial_level: 33.6534; final_level: 30.4837
event: navigation; timestamp: 67.3466; robot: 2; time: 3.16968; src: (3.13, -0.5); dst: (0, 0)
event: robot_finished; timestamp: 70.5163; robot: 2; pos: (0, 0); battery: 30.4837
event: task_execution; timestamp: 58.0683; task: 7; robot: 3; pos: (4, 1); time: 10
event: battery_consumption; timestamp: 58.0683; robot: 3; time: 10; initial_level: 67.3484; final_level: 57.3484
event: task_resolution; timestamp: 68.0683; task: 7; pos: (4, 1); status: COMPLETED; attempt: 1
event: battery_consumption; timestamp: 68.0683; robot: 3; time: 4.12311; initial_level: 57.3484; final_level: 53.2253
event: navigation; timestamp: 68.0683; robot: 3; time: 4.12311; src: (4, 1); dst: (0, 0)
event: robot_finished; timestamp: 72.1914; robot: 3; pos: (0, 0); battery: 53.2253
metric: available_agents; value: 0
metric: failed_agents; value: 0
metric: finished_agents; value: 5
metric: completed_tasks; value: 18
metric: pending_tasks; value: 0
metric: failed_tasks; value: 6
metric: average_robot_makespan; value: 68.6072
metric: sd_robot_makespan; value: 3.94442
metric: max_robot_makespan; value: 72.1914
metric: min_robot_makespan; value: 62.3283
metric: average_robot_travel_distance; value: 19.4756
metric: sd_robot_travel_distance; value: 5.50351
metric: max_robot_travel_distance; value: 28.7335
metric: min_robot_travel_distance; value: 14.3899
metric: sum_robot_travel_distance; value: 97.3782
metric: average_completed_tasks_by_robot; value: 0
metric: sd_completed_tasks_by_robot; value: 0
metric: max_completed_tasks_by_robot; value: 0
metric: min_completed_tasks_by_robot; value: 0
metric: final_reward; value: 0.75
metric: computing_time; value: 2.33438
