info: solver_name; value: dec-mcts-bp-07
info: reward_function; value: reward00
info: replica; value: 1
info: filename; value: ../logs/ablacion_bpcap/scenario_1E_24t_5r_dec-mcts-bp-07_reward00_001.log
info: scenario_name; value: scenario_1E_24t_5r
info: scenario_name; value: scenario_1E_24t_5r
info: number_of_tasks; value: 24
info: number_of_robots; value: 5
info: number_of_recharging_stations; value: 1
info: scenario_size; value: (15,15)
event: recharging_station_spawn; timestamp: 0; recharging_station: 1; pos: (0, 0)
event: task_spawn; timestamp: 0; task: 1; pos: (0, 5); earliest_start: 40; latest_start: 51.29; state: PENDING; required_workers: 1; success_prob: 1; max_attempts: 1
event: task_spawn; timestamp: 0; task: 2; pos: (0.87, 4.5); earliest_start: 35; latest_start: 43.12; state: PENDING; required_workers: 1; success_prob: 1; max_attempts: 1
event: task_spawn; timestamp: 0; task: 3; pos: (0.87, 3.5); earliest_start: 39; latest_start: 48.36; state: PENDING; required_workers: 1; success_prob: 1; max_attempts: 1
event: task_spawn; timestamp: 0; task: 4; pos: (0, 3); earliest_start: 34; latest_start: 48.15; state: PENDING; required_workers: 1; success_prob: 1; max_attempts: 1
event: task_spawn; timestamp: 0; task: 5; pos: (-0.87, 3.5); earliest_start: 37; latest_start: 50.58; state: PENDING; required_workers: 1; success_prob: 1; max_attempts: 1
event: task_spawn; timestamp: 0; task: 6; pos: (-0.87, 4.5); earliest_start: 37; latest_start: 49.38; state: PENDING; required_workers: 1; success_prob: 1; max_attempts: 1
event: task_spawn; timestamp: 0; task: 7; pos: (4, 1); earliest_start: 46; latest_start: 58.49; state: PENDING; required_workers: 1; success_prob: 1; max_attempts: 1
event: task_spawn; timestamp: 0; task: 8; pos: (4.87, 0.5); earliest_start: 38; latest_start: 51.63; state: PENDING; required_workers: 1; success_prob: 1; max_attempts: 1
event: task_spawn; timestamp: 0; task: 9; pos: (4.87, -0.5); earliest_start: 2; latest_start: 8.44; state: PENDING; required_workers: 1; success_prob: 1; max_attempts: 1
event: task_spawn; timestamp: 0; task: 10; pos: (4, -1); earliest_start: 1; latest_start: 16.8; state: PENDING; required_workers: 1; success_prob: 1; max_attempts: 1
event: task_spawn; timestamp: 0; task: 11; pos: (3.13, -0.5); earliest_start: 49; latest_start: 65.38; state: PENDING; required_workers: 1; success_prob: 1; max_attempts: 1
event: task_spawn; timestamp: 0; task: 12; pos: (3.13, 0.5); earliest_start: 36; latest_start: 49.57; state: PENDING; required_workers: 1; success_prob: 1; max_attempts: 1
event: task_spawn; timestamp: 0; task: 13; pos: (0, -3); earliest_start: 36; latest_start: 45.81; state: PENDING; required_workers: 1; success_prob: 1; max_attempts: 1
event: task_spawn; timestamp: 0; task: 14; pos: (0.87, -3.5); earliest_start: 26; latest_start: 38.06; state: PENDING; required_workers: 1; success_prob: 1; max_attempts: 1
event: task_spawn; timestamp: 0; task: 15; pos: (0.87, -4.5); earliest_start: 40; latest_start: 49.45; state: PENDING; required_workers: 1; success_prob: 1; max_attempts: 1
event: task_spawn; timestamp: 0; task: 16; pos: (0, -5); earliest_start: 34; latest_start: 43.5; state: PENDING; required_workers: 1; success_prob: 1; max_attempts: 1
event: task_spawn; timestamp: 0; task: 17; pos: (-0.87, -4.5); earliest_start: 30; latest_start: 38.15; state: PENDING; required_workers: 1; success_prob: 1; max_attempts: 1
event: task_spawn; timestamp: 0; task: 18; pos: (-0.87, -3.5); earliest_start: 15; latest_start: 32.28; state: PENDING; required_workers: 1; success_prob: 1; max_attempts: 1
event: task_spawn; timestamp: 0; task: 19; pos: (-4, 1); earliest_start: 19; latest_start: 30.54; state: PENDING; required_workers: 1; success_prob: 1; max_attempts: 1
event: task_spawn; timestamp: 0; task: 20; pos: (-3.13, 0.5); earliest_start: 29; latest_start: 34.71; state: PENDING; required_workers: 1; success_prob: 1; max_attempts: 1
event: task_spawn; timestamp: 0; task: 21; pos: (-3.13, -0.5); earliest_start: 28; latest_start: 38.95; state: PENDING; required_workers: 1; success_prob: 1; max_attempts: 1
event: task_spawn; timestamp: 0; task: 22; pos: (-4, -1); earliest_start: 26; latest_start: 36.47; state: PENDING; required_workers: 1; success_prob: 1; max_attempts: 1
event: task_spawn; timestamp: 0; task: 23; pos: (-4.87, -0.5); earliest_start: 38; latest_start: 45.98; state: PENDING; required_workers: 1; success_prob: 1; max_attempts: 1
event: task_spawn; timestamp: 0; task: 24; pos: (-4.87, 0.5); earliest_start: 9; latest_start: 19.2; state: PENDING; required_workers: 1; success_prob: 1; max_attempts: 1
event: robot_spawn; timestamp: 0; robot: 1; pos: (0, 0); state: AVAILABLE; battery_level: 100; battery_capacity: 100; velocity: 1; battery_rate_nav: 1
event: robot_spawn; timestamp: 0; robot: 2; pos: (0, 0); state: AVAILABLE; battery_level: 100; battery_capacity: 100; velocity: 1; battery_rate_nav: 1
event: robot_spawn; timestamp: 0; robot: 3; pos: (0, 0); state: AVAILABLE; battery_level: 100; battery_capacity: 100; velocity: 1; battery_rate_nav: 1
event: robot_spawn; timestamp: 0; robot: 4; pos: (0, 0); state: AVAILABLE; battery_level: 100; battery_capacity: 100; velocity: 1; battery_rate_nav: 1
event: robot_spawn; timestamp: 0; robot: 5; pos: (0, 0); state: AVAILABLE; battery_level: 100; battery_capacity: 100; velocity: 1; battery_rate_nav: 1
event: battery_consumption; timestamp: 0; robot: 4; time: 4.8956; initial_level: 100; final_level: 95.1044
event: navigation; timestamp: 0; robot: 4; time: 4.8956; src: (0, 0); dst: (4.87, -0.5)
event: battery_consumption; timestamp: 0; robot: 2; time: 4.8956; initial_level: 100; final_level: 95.1044
event: navigation; timestamp: 0; robot: 2; time: 4.8956; src: (0, 0); dst: (-4.87, 0.5)
event: battery_consumption; timestamp: 0; robot: 1; time: 4.12311; initial_level: 100; final_level: 95.8769
event: navigation; timestamp: 0; robot: 1; time: 4.12311; src: (0, 0); dst: (4, -1)
event: battery_consumption; timestamp: 1; robot: 3; time: 4.12311; initial_level: 100; final_level: 95.8769
event: navigation; timestamp: 1; robot: 3; time: 4.12311; src: (0, 0); dst: (-4, 1)
event: battery_consumption; timestamp: 1; robot: 5; time: 3.60651; initial_level: 100; final_level: 96.3935
event: navigation; timestamp: 1; robot: 5; time: 3.60651; src: (0, 0); dst: (-0.87, 3.5)
event: task_execution; timestamp: 4.12311; task: 10; robot: 1; pos: (4, -1); time: 10
event: battery_consumption; timestamp: 4.12311; robot: 1; time: 10; initial_level: 95.8769; final_level: 85.8769
event: task_resolution; timestamp: 14.1231; task: 10; pos: (4, -1); status: COMPLETED; attempt: 1
event: battery_consumption; timestamp: 14.1231; robot: 1; time: 5.4742; initial_level: 85.8769; final_level: 80.4027
event: navigation; timestamp: 14.1231; robot: 1; time: 5.4742; src: (4, -1); dst: (-0.87, -3.5)
event: task_execution; timestamp: 4.8956; task: 9; robot: 4; pos: (4.87, -0.5); time: 10
event: battery_consumption; timestamp: 4.8956; robot: 4; time: 10; initial_level: 95.1044; final_level: 85.1044
event: task_resolution; timestamp: 14.8956; task: 9; pos: (4.87, -0.5); status: COMPLETED; attempt: 1
event: battery_consumption; timestamp: 14.8956; robot: 4; time: 8.88408; initial_level: 85.1044; final_level: 76.2203
event: navigation; timestamp: 14.8956; robot: 4; time: 8.88408; src: (4.87, -0.5); dst: (-4, -1)
event: task_execution; timestamp: 9; task: 24; robot: 2; pos: (-4.87, 0.5); time: 10
event: battery_consumption; timestamp: 9; robot: 2; time: 10; initial_level: 95.1044; final_level: 85.1044
event: task_resolution; timestamp: 19; task: 24; pos: (-4.87, 0.5); status: COMPLETED; attempt: 1
event: battery_consumption; timestamp: 19; robot: 2; time: 2.00689; initial_level: 85.1044; final_level: 83.0975
event: navigation; timestamp: 19; robot: 2; time: 2.00689; src: (-4.87, 0.5); dst: (-3.13, -0.5)
event: task_execution; timestamp: 19; task: 19; robot: 3; pos: (-4, 1); time: 10
event: battery_consumption; timestamp: 19; robot: 3; time: 10; initial_level: 95.8769; final_level: 85.8769
event: task_resolution; timestamp: 29; task: 19; pos: (-4, 1); status: COMPLETED; attempt: 1
event: battery_consumption; timestamp: 29; robot: 3; time: 1.00344; initial_level: 85.8769; final_level: 84.8735
event: navigation; timestamp: 29; robot: 3; time: 1.00344; src: (-4, 1); dst: (-3.13, 0.5)
event: task_execution; timestamp: 19.5973; task: 18; robot: 1; pos: (-0.87, -3.5); time: 10
event: battery_consumption; timestamp: 19.5973; robot: 1; time: 10; initial_level: 80.4027; final_level: 70.4027
event: task_resolution; timestamp: 29.5973; task: 18; pos: (-0.87, -3.5); status: COMPLETED; attempt: 1
event: battery_consumption; timestamp: 29.5973; robot: 1; time: 1; initial_level: 70.4027; final_level: 69.4027
event: navigation; timestamp: 29.5973; robot: 1; time: 1; src: (-0.87, -3.5); dst: (-0.87, -4.5)
event: task_execution; timestamp: 26; task: 22; robot: 4; pos: (-4, -1); time: 10
event: battery_consumption; timestamp: 26; robot: 4; time: 10; initial_level: 76.2203; final_level: 66.2203
event: task_resolution; timestamp: 36; task: 22; pos: (-4, -1); status: COMPLETED; attempt: 1
event: battery_consumption; timestamp: 36; robot: 4; time: 1.00344; initial_level: 66.2203; final_level: 65.2169
event: navigation; timestamp: 36; robot: 4; time: 1.00344; src: (-4, -1); dst: (-4.87, -0.5)
event: task_execution; timestamp: 28; task: 21; robot: 2; pos: (-3.13, -0.5); time: 10
event: battery_consumption; timestamp: 28; robot: 2; time: 10; initial_level: 83.0975; final_level: 73.0975
event: task_resolution; timestamp: 38; task: 21; pos: (-3.13, -0.5); status: COMPLETED; attempt: 1
event: battery_consumption; timestamp: 38; robot: 2; time: 5; initial_level: 73.0975; final_level: 68.0975
event: navigation; timestamp: 38; robot: 2; time: 5; src: (-3.13, -0.5); dst: (0.87, -3.5)
event: task_execution; timestamp: 30.0034; task: 20; robot: 3; pos: (-3.13, 0.5); time: 10
event: battery_consumption; timestamp: 30.0034; robot: 3; time: 10; initial_level: 84.8735; final_level: 74.8735
event: task_resolution; timestamp: 40.0034; task: 20; pos: (-3.13, 0.5); status: COMPLETED; attempt: 1
event: battery_consumption; timestamp: 40.0034; robot: 3; time: 6.40312; initial_level: 74.8735; final_level: 68.4703
event: navigation; timestamp: 40.0034; robot: 3; time: 6.40312; src: (-3.13, 0.5); dst: (0.87, -4.5)
event: task_execution; timestamp: 30.5973; task: 17; robot: 1; pos: (-0.87, -4.5); time: 10
event: battery_consumption; timestamp: 30.5973; robot: 1; time: 10; initial_level: 69.4027; final_level: 59.4027
event: task_resolution; timestamp: 40.5973; task: 17; pos: (-0.87, -4.5); status: COMPLETED; attempt: 1
event: battery_consumption; timestamp: 40.5973; robot: 1; time: 9.16666; initial_level: 59.4027; final_level: 50.236
event: navigation; timestamp: 40.5973; robot: 1; time: 9.16666; src: (-0.87, -4.5); dst: (0.87, 4.5)
event: task_execution; timestamp: 37; task: 5; robot: 5; pos: (-0.87, 3.5); time: 10
event: battery_consumption; timestamp: 37; robot: 5; time: 10; initial_level: 96.3935; final_level: 86.3935
event: task_resolution; timestamp: 47; task: 5; pos: (-0.87, 3.5); status: COMPLETED; attempt: 1
event: battery_consumption; timestamp: 47; robot: 5; time: 1; initial_level: 86.3935; final_level: 85.3935
event: navigation; timestamp: 47; robot: 5; time: 1; src: (-0.87, 3.5); dst: (-0.87, 4.5)
event: task_execution; timestamp: 38; task: 23; robot: 4; pos: (-4.87, -0.5); time: 10
event: battery_consumption; timestamp: 38; robot: 4; time: 10; initial_level: 65.2169; final_level: 55.2169
event: task_resolution; timestamp: 48; task: 23; pos: (-4.87, -0.5); status: COMPLETED; attempt: 1
event: battery_consumption; timestamp: 48; robot: 4; time: 8.06226; initial_level: 55.2169; final_level: 47.1546
event: navigation; timestamp: 48; robot: 4; time: 8.06226; src: (-4.87, -0.5); dst: (3.13, 0.5)
event: task_execution; timestamp: 43; task: 14; robot: 2; pos: (0.87, -3.5); time: 10
event: battery_consumption; timestamp: 43; robot: 2; time: 10; initial_level: 68.0975; final_level: 58.0975
event: task_resolution; timestamp: 53; task: 14; pos: (0.87, -3.5); status: COMPLETED; attempt: 1
event: battery_consumption; timestamp: 53; robot: 2; time: 5.48151; initial_level: 58.0975; final_level: 52.616
event: navigation; timestamp: 53; robot: 2; time: 5.48151; src: (0.87, -3.5); dst: (4, 1)
event: task_execution; timestamp: 46.4066; task: 15; robot: 3; pos: (0.87, -4.5); time: 10
event: battery_consumption; timestamp: 46.4066; robot: 3; time: 10; initial_level: 68.4703; final_level: 58.4703
event: task_resolution; timestamp: 56.4066; task: 15; pos: (0.87, -4.5); status: COMPLETED; attempt: 1
event: battery_consumption; timestamp: 57.4066; robot: 3; time: 4.58333; initial_level: 58.4703; final_level: 53.887
event: navigation; timestamp: 57.4066; robot: 3; time: 4.58333; src: (0.87, -4.5); dst: (0, 0)
event: robot_finished; timestamp: 61.9899; robot: 3; pos: (0, 0); battery: 53.887
event: task_execution; timestamp: 48; task: 6; robot: 5; pos: (-0.87, 4.5); time: 10
event: battery_consumption; timestamp: 48; robot: 5; time: 10; initial_level: 85.3935; final_level: 75.3935
event: task_resolution; timestamp: 58; task: 6; pos: (-0.87, 4.5); status: COMPLETED; attempt: 1
event: battery_consumption; timestamp: 59; robot: 5; time: 4.58333; initial_level: 75.3935; final_level: 70.8102
event: navigation; timestamp: 59; robot: 5; time: 4.58333; src: (-0.87, 4.5); dst: (0, 0)
event: robot_finished; timestamp: 63.5833; robot: 5; pos: (0, 0); battery: 70.8102
event: task_execution; timestamp: 49.764; task: 2; robot: 1; pos: (0.87, 4.5); time: 10
event: battery_consumption; timestamp: 49.764; robot: 1; time: 10; initial_level: 50.236; final_level: 40.236
event: task_resolution; timestamp: 59.764; task: 2; pos: (0.87, 4.5); status: COMPLETED; attempt: 1
event: battery_consumption; timestamp: 59.764; robot: 1; time: 5.48704; initial_level: 40.236; final_level: 34.749
event: navigation; timestamp: 59.764; robot: 1; time: 5.48704; src: (0.87, 4.5); dst: (3.13, -0.5)
event: task_execution; timestamp: 56.0623; task: 12; robot: 4; pos: (3.13, 0.5); time: 10
event: battery_consumption; timestamp: 56.0623; robot: 4; time: 10; initial_level: 47.1546; final_level: 37.1546
event: task_resolution; timestamp: 66.0623; task: 12; pos: (3.13, 0.5); status: COMPLETED; attempt: 1
event: battery_consumption; timestamp: 66.0623; robot: 4; time: 3.16968; initial_level: 37.1546; final_level: 33.9849
event: navigation; timestamp: 66.0623; robot: 4; time: 3.16968; src: (3.13, 0.5); dst: (0, 0)
event: recharge; timestamp: 69.2319; robot: 4; recharging_station: 1; pos: (0, 0); level: 100
event: task_execution; timestamp: 58.4815; task: 7; robot: 2; pos: (4, 1); time: 10
event: battery_consumption; timestamp: 58.4815; robot: 2; time: 10; initial_level: 52.616; final_level: 42.616
event: task_resolution; timestamp: 68.4815; task: 7; pos: (4, 1); status: COMPLETED; attempt: 1
event: battery_consumption; timestamp: 69.4815; robot: 2; time: 4.12311; initial_level: 42.616; final_level: 38.4929
event: navigation; timestamp: 69.4815; robot: 2; time: 4.12311; src: (4, 1); dst: (0, 0)
event: robot_finished; timestamp: 73.6046; robot: 2; pos: (0, 0); battery: 38.4929
event: robot_finished; timestamp: 70.2319; robot: 4; pos: (0, 0); battery: 100
event: task_execution; timestamp: 65.251; task: 11; robot: 1; pos: (3.13, -0.5); time: 10
event: battery_consumption; timestamp: 65.251; robot: 1; time: 10; initial_level: 34.749; final_level: 24.749
event: task_resolution; timestamp: 75.251; task: 11; pos: (3.13, -0.5); status: COMPLETED; attempt: 1
event: battery_consumption; timestamp: 75.251; robot: 1; time: 3.16968; initial_level: 24.749; final_level: 21.5793
event: navigation; timestamp: 75.251; robot: 1; time: 3.16968; src: (3.13, -0.5); dst: (0, 0)
event: robot_finished; timestamp: 78.4207; robot: 1; pos: (0, 0); battery: 21.5793
metric: available_agents; value: 0
metric: failed_agents; value: 0
metric: finished_agents; value: 5
metric: completed_tasks; value: 18
metric: pending_tasks; value: 0
metric: failed_tasks; value: 6
metric: average_robot_makespan; value: 69.5661
metric: sd_robot_makespan; value: 6.86202
metric: max_robot_makespan; value: 78.4207
metric: min_robot_makespan; value: 61.9899
metric: average_robot_travel_distance; value: 20.2491
metric: sd_robot_travel_distance; value: 7.76238
metric: max_robot_travel_distance; value: 28.4207
metric: min_robot_travel_distance; value: 9.18984
metric: sum_robot_travel_distance; value: 101.246
metric: average_completed_tasks_by_robot; value: 0
metric: sd_completed_tasks_by_robot; value: 0
metric: max_completed_tasks_by_robot; value: 0
metric: min_completed_tasks_by_robot; value: 0
metric: final_reward; value: 0.75
metric: computing_time; value: 2.30141
