info: solver_name; value: dec-mcts-bp-sp
info: reward_function; value: reward00
info: replica; value: 3
info: filename; value: ../logs/ablacion_bpcap/scenario_1E_24t_3r_dec-mcts-bp-sp_reward00_003.log
info: scenario_name; value: scenario_1E_24t_3r
info: scenario_name; value: scenario_1E_24t_3r
info: number_of_tasks; value: 24
info: number_of_robots; value: 3
info: number_of_recharging_stations; value: 1
info: scenario_size; value: (15,15)
event: recharging_station_spawn; timestamp: 0; recharging_station: 1; pos: (0, 0)
event: task_spawn; timestamp: 0; task: 1; pos: (0, 5); earliest_start: 28; latest_start: 35.25; state: PENDING; required_workers: 1; success_prob: 1; max_attempts: 1
event: task_spawn; timestamp: 0; task: 2; pos: (0.87, 4.5); earliest_start: 48; latest_start: 58.89; state: PENDING; required_workers: 1; success_prob: 1; max_attempts: 1
event: task_spawn; timestamp: 0; task: 3; pos: (0.87, 3.5); earliest_start: 23; latest_start: 34.45; state: PENDING; required_workers: 1; success_prob: 1; max_attempts: 1
event: task_spawn; timestamp: 0; task: 4; pos: (0, 3); earliest_start: 25; latest_start: 35.76; state: PENDING; required_workers: 1; success_prob: 1; max_attempts: 1
event: task_spawn; timestamp: 0; task: 5; pos: (-0.87, 3.5); earliest_start: 7; latest_start: 16.05; state: PENDING; required_workers: 1; success_prob: 1; max_attempts: 1
event: task_spawn; timestamp: 0; task: 6; pos: (-0.87, 4.5); earliest_start: 1; latest_start: 13.23; state: PENDING; required_workers: 1; success_prob: 1; max_attempts: 1
event: task_spawn; timestamp: 0; task: 7; pos: (4, 1); earliest_start: 24; latest_start: 33.68; state: PENDING; required_workers: 1; success_prob: 1; max_attempts: 1
event: task_spawn; timestamp: 0; task: 8; pos: (4.87, 0.5); earliest_start: 35; latest_start: 41.49; state: PENDING; required_workers: 1; success_prob: 1; max_attempts: 1
event: task_spawn; timestamp: 0; task: 9; pos: (4.87, -0.5); earliest_start: 45; latest_start: 58.83; state: PENDING; required_workers: 1; success_prob: 1; max_attempts: 1
event: task_spawn; timestamp: 0; task: 10; pos: (4, -1); earliest_start: 28; latest_start: 41.49; state: PENDING; required_workers: 1; success_prob: 1; max_attempts: 1
event: task_spawn; timestamp: 0; task: 11; pos: (3.13, -0.5); earliest_start: 44; latest_start: 54.91; state: PENDING; required_workers: 1; success_prob: 1; max_attempts: 1
event: task_spawn; timestamp: 0; task: 12; pos: (3.13, 0.5); earliest_start: 31; latest_start: 45.03; state: PENDING; required_workers: 1; success_prob: 1; max_attempts: 1
event: task_spawn; timestamp: 0; task: 13; pos: (0, -3); earliest_start: 4; latest_start: 14.5; state: PENDING; required_workers: 1; success_prob: 1; max_attempts: 1
event: task_spawn; timestamp: 0; task: 14; pos: (0.87, -3.5); earliest_start: 28; latest_start: 39.54; state: PENDING; required_workers: 1; success_prob: 1; max_attempts: 1
event: task_spawn; timestamp: 0; task: 15; pos: (0.87, -4.5); earliest_start: 5; latest_start: 17.22; state: PENDING; required_workers: 1; success_prob: 1; max_attempts: 1
event: task_spawn; timestamp: 0; task: 16; pos: (0, -5); earliest_start: 43; latest_start: 57.19; state: PENDING; required_workers: 1; success_prob: 1; max_attempts: 1
event: task_spawn; timestamp: 0; task: 17; pos: (-0.87, -4.5); earliest_start: 42; latest_start: 60.63; state: PENDING; required_workers: 1; success_prob: 1; max_attempts: 1
event: task_spawn; timestamp: 0; task: 18; pos: (-0.87, -3.5); earliest_start: 22; latest_start: 30.22; state: PENDING; required_workers: 1; success_prob: 1; max_attempts: 1
event: task_spawn; timestamp: 0; task: 19; pos: (-4, 1); earliest_start: 18; latest_start: 27.05; state: PENDING; required_workers: 1; success_prob: 1; max_attempts: 1
event: task_spawn; timestamp: 0; task: 20; pos: (-3.13, 0.5); earliest_start: 19; latest_start: 25.33; state: PENDING; required_workers: 1; success_prob: 1; max_attempts: 1
event: task_spawn; timestamp: 0; task: 21; pos: (-3.13, -0.5); earliest_start: 44; latest_start: 56.81; state: PENDING; required_workers: 1; success_prob: 1; max_attempts: 1
event: task_spawn; timestamp: 0; task: 22; pos: (-4, -1); earliest_start: 40; latest_start: 46.2; state: PENDING; required_workers: 1; success_prob: 1; max_attempts: 1
event: task_spawn; timestamp: 0; task: 23; pos: (-4.87, -0.5); earliest_start: 14; latest_start: 25.3; state: PENDING; required_workers: 1; success_prob: 1; max_attempts: 1
event: task_spawn; timestamp: 0; task: 24; pos: (-4.87, 0.5); earliest_start: 7; latest_start: 19.52; state: PENDING; required_workers: 1; success_prob: 1; max_attempts: 1
event: robot_spawn; timestamp: 0; robot: 1; pos: (0, 0); state: AVAILABLE; battery_level: 100; battery_capacity: 100; velocity: 1; battery_rate_nav: 1
event: robot_spawn; timestamp: 0; robot: 2; pos: (0, 0); state: AVAILABLE; battery_level: 100; battery_capacity: 100; velocity: 1; battery_rate_nav: 1
event: robot_spawn; timestamp: 0; robot: 3; pos: (0, 0); state: AVAILABLE; battery_level: 100; battery_capacity: 100; velocity: 1; battery_rate_nav: 1
event: battery_consumption; timestamp: 0; robot: 1; time: 3.60651; initial_level: 100; final_level: 96.3935
event: navigation; timestamp: 0; robot: 1; time: 3.60651; src: (0, 0); dst: (-0.87, 3.5)
event: battery_consumption; timestamp: 0; robot: 2; time: 4.58333; initial_level: 100; final_level: 95.4167
event: navigation; timestamp: 0; robot: 2; time: 4.58333; src: (0, 0); dst: (-0.87, 4.5)
event: battery_consumption; timestamp: 1; robot: 3; time: 4.8956; initial_level: 100; final_level: 95.1044
event: navigation; timestamp: 1; robot: 3; time: 4.8956; src: (0, 0); dst: (-4.87, 0.5)
event: task_execution; timestamp: 4.58333; task: 6; robot: 2; pos: (-0.87, 4.5); time: 10
event: battery_consumption; timestamp: 4.58333; robot: 2; time: 10; initial_level: 95.4167; final_level: 85.4167
event: task_resolution; timestamp: 14.5833; task: 6; pos: (-0.87, 4.5); status: COMPLETED; attempt: 1
event: battery_consumption; timestamp: 14.5833; robot: 2; time: 6.40312; initial_level: 85.4167; final_level: 79.0135
event: navigation; timestamp: 14.5833; robot: 2; time: 6.40312; src: (-0.87, 4.5); dst: (-4.87, -0.5)
event: task_execution; timestamp: 7; task: 5; robot: 1; pos: (-0.87, 3.5); time: 10
event: battery_consumption; timestamp: 7; robot: 1; time: 10; initial_level: 96.3935; final_level: 86.3935
event: task_resolution; timestamp: 17; task: 5; pos: (-0.87, 3.5); status: COMPLETED; attempt: 1
event: task_execution; timestamp: 7; task: 24; robot: 3; pos: (-4.87, 0.5); time: 10
event: battery_consumption; timestamp: 7; robot: 3; time: 10; initial_level: 95.1044; final_level: 85.1044
event: task_resolution; timestamp: 17; task: 24; pos: (-4.87, 0.5); status: COMPLETED; attempt: 1
event: battery_consumption; timestamp: 17; robot: 1; time: 5.4742; initial_level: 86.3935; final_level: 80.9193
event: navigation; timestamp: 17; robot: 1; time: 5.4742; src: (-0.87, 3.5); dst: (4, 1)
event: battery_consumption; timestamp: 17; robot: 3; time: 1.74; initial_level: 85.1044; final_level: 83.3644
event: navigation; timestamp: 17; robot: 3; time: 1.74; src: (-4.87, 0.5); dst: (-3.13, 0.5)
event: task_execution; timestamp: 19; task: 20; robot: 3; pos: (-3.13, 0.5); time: 10
event: battery_consumption; timestamp: 19; robot: 3; time: 10; initial_level: 83.3644; final_level: 73.3644
event: task_resolution; timestamp: 29; task: 20; pos: (-3.13, 0.5); status: COMPLETED; attempt: 1
event: battery_consumption; timestamp: 29; robot: 3; time: 4.5943; initial_level: 73.3644; final_level: 68.7701
event: navigation; timestamp: 29; robot: 3; time: 4.5943; src: (-3.13, 0.5); dst: (-0.87, -3.5)
event: task_execution; timestamp: 20.9865; task: 23; robot: 2; pos: (-4.87, -0.5); time: 10
event: battery_consumption; timestamp: 20.9865; robot: 2; time: 10; initial_level: 79.0135; final_level: 69.0135
event: task_resolution; timestamp: 30.9865; task: 23; pos: (-4.87, -0.5); status: COMPLETED; attempt: 1
event: battery_consumption; timestamp: 30.9865; robot: 2; time: 6.4767; initial_level: 69.0135; final_level: 62.5369
event: navigation; timestamp: 30.9865; robot: 2; time: 6.4767; src: (-4.87, -0.5); dst: (0.87, -3.5)
event: task_execution; timestamp: 24; task: 7; robot: 1; pos: (4, 1); time: 10
event: battery_consumption; timestamp: 24; robot: 1; time: 10; initial_level: 80.9193; final_level: 70.9193
event: task_resolution; timestamp: 34; task: 7; pos: (4, 1); status: COMPLETED; attempt: 1
event: battery_consumption; timestamp: 34; robot: 1; time: 4.47214; initial_level: 70.9193; final_level: 66.4472
event: navigation; timestamp: 34; robot: 1; time: 4.47214; src: (4, 1); dst: (0, 3)
event: task_execution; timestamp: 33.5943; task: 18; robot: 3; pos: (-0.87, -3.5); time: 10
event: battery_consumption; timestamp: 33.5943; robot: 3; time: 10; initial_level: 68.7701; final_level: 58.7701
event: task_resolution; timestamp: 43.5943; task: 18; pos: (-0.87, -3.5); status: COMPLETED; attempt: 1
event: battery_consumption; timestamp: 43.5943; robot: 3; time: 5; initial_level: 58.7701; final_level: 53.7701
event: navigation; timestamp: 43.5943; robot: 3; time: 5; src: (-0.87, -3.5); dst: (3.13, -0.5)
event: task_execution; timestamp: 37.4631; task: 14; robot: 2; pos: (0.87, -3.5); time: 10
event: battery_consumption; timestamp: 37.4631; robot: 2; time: 10; initial_level: 62.5369; final_level: 52.5369
event: task_resolution; timestamp: 47.4631; task: 14; pos: (0.87, -3.5); status: COMPLETED; attempt: 1
event: battery_consumption; timestamp: 47.4631; robot: 2; time: 1.73404; initial_level: 52.5369; final_level: 50.8028
event: navigation; timestamp: 47.4631; robot: 2; time: 1.73404; src: (0.87, -3.5); dst: (0, -5)
event: task_execution; timestamp: 38.4721; task: 4; robot: 1; pos: (0, 3); time: 10
event: battery_consumption; timestamp: 38.4721; robot: 1; time: 10; initial_level: 66.4472; final_level: 56.4472
event: task_resolution; timestamp: 48.4721; task: 4; pos: (0, 3); status: COMPLETED; attempt: 1
event: battery_consumption; timestamp: 48.4721; robot: 1; time: 4.69541; initial_level: 56.4472; final_level: 51.7517
event: navigation; timestamp: 48.4721; robot: 1; time: 4.69541; src: (0, 3); dst: (-3.13, -0.5)
event: task_execution; timestamp: 48.5943; task: 11; robot: 3; pos: (3.13, -0.5); time: 10
event: battery_consumption; timestamp: 48.5943; robot: 3; time: 10; initial_level: 53.7701; final_level: 43.7701
event: task_resolution; timestamp: 58.5943; task: 11; pos: (3.13, -0.5); status: COMPLETED; attempt: 1
event: battery_consumption; timestamp: 58.5943; robot: 3; time: 5.48704; initial_level: 43.7701; final_level: 38.2831
event: navigation; timestamp: 58.5943; robot: 3; time: 5.48704; src: (3.13, -0.5); dst: (0.87, 4.5)
event: task_execution; timestamp: 49.1972; task: 16; robot: 2; pos: (0, -5); time: 10
event: battery_consumption; timestamp: 49.1972; robot: 2; time: 10; initial_level: 50.8028; final_level: 40.8028
event: task_resolution; timestamp: 59.1972; task: 16; pos: (0, -5); status: COMPLETED; attempt: 1
event: battery_consumption; timestamp: 59.1972; robot: 2; time: 1.00344; initial_level: 40.8028; final_level: 39.7994
event: navigation; timestamp: 59.1972; robot: 2; time: 1.00344; src: (0, -5); dst: (-0.87, -4.5)
event: task_execution; timestamp: 53.1675; task: 21; robot: 1; pos: (-3.13, -0.5); time: 10
event: battery_consumption; timestamp: 53.1675; robot: 1; time: 10; initial_level: 51.7517; final_level: 41.7517
event: task_resolution; timestamp: 63.1675; task: 21; pos: (-3.13, -0.5); status: COMPLETED; attempt: 1
event: battery_consumption; timestamp: 63.1675; robot: 1; time: 3.16968; initial_level: 41.7517; final_level: 38.5821
event: navigation; timestamp: 63.1675; robot: 1; time: 3.16968; src: (-3.13, -0.5); dst: (0, 0)
event: robot_finished; timestamp: 66.3372; robot: 1; pos: (0, 0); battery: 38.5821
event: task_execution; timestamp: 60.2006; task: 17; robot: 2; pos: (-0.87, -4.5); time: 10
event: battery_consumption; timestamp: 60.2006; robot: 2; time: 10; initial_level: 39.7994; final_level: 29.7994
event: task_resolution; timestamp: 70.2006; task: 17; pos: (-0.87, -4.5); status: COMPLETED; attempt: 1
event: battery_consumption; timestamp: 70.2006; robot: 2; time: 4.58333; initial_level: 29.7994; final_level: 25.216
event: navigation; timestamp: 70.2006; robot: 2; time: 4.58333; src: (-0.87, -4.5); dst: (0, 0)
event: robot_finished; timestamp: 74.784; robot: 2; pos: (0, 0); battery: 25.216
event: task_execution; timestamp: 64.0813; task: 2; robot: 3; pos: (0.87, 4.5); time: 10
event: battery_consumption; timestamp: 64.0813; robot: 3; time: 10; initial_level: 38.2831; final_level: 28.2831
event: task_resolution; timestamp: 74.0813; task: 2; pos: (0.87, 4.5); status: COMPLETED; attempt: 1
event: battery_consumption; timestamp: 74.0813; robot: 3; time: 4.58333; initial_level: 28.2831; final_level: 23.6997
event: navigation; timestamp: 74.0813; robot: 3; time: 4.58333; src: (0.87, 4.5); dst: (0, 0)
event: robot_finished; timestamp: 78.6647; robot: 3; pos: (0, 0); battery: 23.6997
metric: available_agents; value: 0
metric: failed_agents; value: 0
metric: finished_agents; value: 3
metric: completed_tasks; value: 14
metric: pending_tasks; value: 0
metric: failed_tasks; value: 10
metric: average_robot_makespan; value: 73.262
metric: sd_robot_makespan; value: 6.30308
metric: max_robot_makespan; value: 78.6647
metric: min_robot_makespan; value: 66.3372
metric: average_robot_travel_distance; value: 24.1674
metric: sd_robot_travel_distance; value: 2.49888
metric: max_robot_travel_distance; value: 26.3003
metric: min_robot_travel_distance; value: 21.4179
metric: sum_robot_travel_distance; value: 72.5022
metric: average_completed_tasks_by_robot; value: 0
metric: sd_completed_tasks_by_robot; value: 0
metric: max_completed_tasks_by_robot; value: 0
metric: min_completed_tasks_by_robot; value: 0
metric: final_reward; value: 0.583333
metric: computing_time; value: 0.920276
