info: solver_name; value: dec-mcts-v4
info: reward_function; value: reward00
info: replica; value: 3
info: filename; value: ../logs/fixed_sim/scenario_1E_24t_3r_dec-mcts-v4_reward00_003.log
info: scenario_name; value: scenario_1E_24t_3r
info: scenario_name; value: scenario_1E_24t_3r
info: number_of_tasks; value: 24
info: number_of_robots; value: 3
info: number_of_recharging_stations; value: 1
info: scenario_size; value: (15,15)
event: recharging_station_spawn; timestamp: 0; recharging_station: 1; pos: (0, 0)
event: task_spawn; timestamp: 0; task: 1; pos: (0, 5); earliest_start: 28; latest_start: 35.25; state: PENDING; required_workers: 1; success_prob: 1; max_attempts: 1
event: task_spawn; timestamp: 0; task: 2; pos: (0.87, 4.5); earliest_start: 48; latest_start: 58.89; state: PENDING; required_workers: 1; success_prob: 1; max_attempts: 1
event: task_spawn; timestamp: 0; task: 3; pos: (0.87, 3.5); earliest_start: 23; latest_start: 34.45; state: PENDING; required_workers: 1; success_prob: 1; max_attempts: 1
event: task_spawn; timestamp: 0; task: 4; pos: (0, 3); earliest_start: 25; latest_start: 35.76; state: PENDING; required_workers: 1; success_prob: 1; max_attempts: 1
event: task_spawn; timestamp: 0; task: 5; pos: (-0.87, 3.5); earliest_start: 7; latest_start: 16.05; state: PENDING; required_workers: 1; success_prob: 1; max_attempts: 1
event: task_spawn; timestamp: 0; task: 6; pos: (-0.87, 4.5); earliest_start: 1; latest_start: 13.23; state: PENDING; required_workers: 1; success_prob: 1; max_attempts: 1
event: task_spawn; timestamp: 0; task: 7; pos: (4, 1); earliest_start: 24; latest_start: 33.68; state: PENDING; required_workers: 1; success_prob: 1; max_attempts: 1
event: task_spawn; timestamp: 0; task: 8; pos: (4.87, 0.5); earliest_start: 35; latest_start: 41.49; state: PENDING; required_workers: 1; success_prob: 1; max_attempts: 1
event: task_spawn; timestamp: 0; task: 9; pos: (4.87, -0.5); earliest_start: 45; latest_start: 58.83; state: PENDING; required_workers: 1; success_prob: 1; max_attempts: 1
event: task_spawn; timestamp: 0; task: 10; pos: (4, -1); earliest_start: 28; latest_start: 41.49; state: PENDING; required_workers: 1; success_prob: 1; max_attempts: 1
event: task_spawn; timestamp: 0; task: 11; pos: (3.13, -0.5); earliest_start: 44; latest_start: 54.91; state: PENDING; required_workers: 1; success_prob: 1; max_attempts: 1
event: task_spawn; timestamp: 0; task: 12; pos: (3.13, 0.5); earliest_start: 31; latest_start: 45.03; state: PENDING; required_workers: 1; success_prob: 1; max_attempts: 1
event: task_spawn; timestamp: 0; task: 13; pos: (0, -3); earliest_start: 4; latest_start: 14.5; state: PENDING; required_workers: 1; success_prob: 1; max_attempts: 1
event: task_spawn; timestamp: 0; task: 14; pos: (0.87, -3.5); earliest_start: 28; latest_start: 39.54; state: PENDING; required_workers: 1; success_prob: 1; max_attempts: 1
event: task_spawn; timestamp: 0; task: 15; pos: (0.87, -4.5); earliest_start: 5; latest_start: 17.22; state: PENDING; required_workers: 1; success_prob: 1; max_attempts: 1
event: task_spawn; timestamp: 0; task: 16; pos: (0, -5); earliest_start: 43; latest_start: 57.19; state: PENDING; required_workers: 1; success_prob: 1; max_attempts: 1
event: task_spawn; timestamp: 0; task: 17; pos: (-0.87, -4.5); earliest_start: 42; latest_start: 60.63; state: PENDING; required_workers: 1; success_prob: 1; max_attempts: 1
event: task_spawn; timestamp: 0; task: 18; pos: (-0.87, -3.5); earliest_start: 22; latest_start: 30.22; state: PENDING; required_workers: 1; success_prob: 1; max_attempts: 1
event: task_spawn; timestamp: 0; task: 19; pos: (-4, 1); earliest_start: 18; latest_start: 27.05; state: PENDING; required_workers: 1; success_prob: 1; max_attempts: 1
event: task_spawn; timestamp: 0; task: 20; pos: (-3.13, 0.5); earliest_start: 19; latest_start: 25.33; state: PENDING; required_workers: 1; success_prob: 1; max_attempts: 1
event: task_spawn; timestamp: 0; task: 21; pos: (-3.13, -0.5); earliest_start: 44; latest_start: 56.81; state: PENDING; required_workers: 1; success_prob: 1; max_attempts: 1
event: task_spawn; timestamp: 0; task: 22; pos: (-4, -1); earliest_start: 40; latest_start: 46.2; state: PENDING; required_workers: 1; success_prob: 1; max_attempts: 1
event: task_spawn; timestamp: 0; task: 23; pos: (-4.87, -0.5); earliest_start: 14; latest_start: 25.3; state: PENDING; required_workers: 1; success_prob: 1; max_attempts: 1
event: task_spawn; timestamp: 0; task: 24; pos: (-4.87, 0.5); earliest_start: 7; latest_start: 19.52; state: PENDING; required_workers: 1; success_prob: 1; max_attempts: 1
event: robot_spawn; timestamp: 0; robot: 1; pos: (0, 0); state: AVAILABLE; battery_level: 100; battery_capacity: 100; velocity: 1; battery_rate_nav: 1
event: robot_spawn; timestamp: 0; robot: 2; pos: (0, 0); state: AVAILABLE; battery_level: 100; battery_capacity: 100; velocity: 1; battery_rate_nav: 1
event: robot_spawn; timestamp: 0; robot: 3; pos: (0, 0); state: AVAILABLE; battery_level: 100; battery_capacity: 100; velocity: 1; battery_rate_nav: 1
event: battery_consumption; timestamp: 0; robot: 2; time: 3; initial_level: 100; final_level: 97
event: navigation; timestamp: 0; robot: 2; time: 3; src: (0, 0); dst: (0, -3)
event: battery_consumption; timestamp: 0; robot: 1; time: 3.60651; initial_level: 100; final_level: 96.3935
event: navigation; timestamp: 0; robot: 1; time: 3.60651; src: (0, 0); dst: (-0.87, 3.5)
event: battery_consumption; timestamp: 0; robot: 3; time: 4.58333; initial_level: 100; final_level: 95.4167
event: navigation; timestamp: 0; robot: 3; time: 4.58333; src: (0, 0); dst: (0.87, -4.5)
event: task_execution; timestamp: 4; task: 13; robot: 2; pos: (0, -3); time: 10
event: battery_consumption; timestamp: 4; robot: 2; time: 10; initial_level: 97; final_level: 87
event: task_resolution; timestamp: 14; task: 13; pos: (0, -3); status: COMPLETED; attempt: 1
event: battery_consumption; timestamp: 14; robot: 2; time: 1.00344; initial_level: 87; final_level: 85.9966
event: navigation; timestamp: 14; robot: 2; time: 1.00344; src: (0, -3); dst: (-0.87, -3.5)
event: task_execution; timestamp: 5; task: 15; robot: 3; pos: (0.87, -4.5); time: 10
event: battery_consumption; timestamp: 5; robot: 3; time: 10; initial_level: 95.4167; final_level: 85.4167
event: task_resolution; timestamp: 15; task: 15; pos: (0.87, -4.5); status: COMPLETED; attempt: 1
event: battery_consumption; timestamp: 15; robot: 3; time: 6.32826; initial_level: 85.4167; final_level: 79.0884
event: navigation; timestamp: 15; robot: 3; time: 6.32826; src: (0.87, -4.5); dst: (4, 1)
event: task_execution; timestamp: 7; task: 5; robot: 1; pos: (-0.87, 3.5); time: 10
event: battery_consumption; timestamp: 7; robot: 1; time: 10; initial_level: 96.3935; final_level: 86.3935
event: task_resolution; timestamp: 17; task: 5; pos: (-0.87, 3.5); status: COMPLETED; attempt: 1
event: battery_consumption; timestamp: 17; robot: 1; time: 1.74; initial_level: 86.3935; final_level: 84.6535
event: navigation; timestamp: 17; robot: 1; time: 1.74; src: (-0.87, 3.5); dst: (0.87, 3.5)
event: task_execution; timestamp: 22; task: 18; robot: 2; pos: (-0.87, -3.5); time: 10
event: battery_consumption; timestamp: 22; robot: 2; time: 10; initial_level: 85.9966; final_level: 75.9966
event: task_resolution; timestamp: 32; task: 18; pos: (-0.87, -3.5); status: COMPLETED; attempt: 1
event: battery_consumption; timestamp: 32; robot: 2; time: 4.00586; initial_level: 75.9966; final_level: 71.9907
event: navigation; timestamp: 32; robot: 2; time: 4.00586; src: (-0.87, -3.5); dst: (-4, -1)
event: task_execution; timestamp: 23; task: 3; robot: 1; pos: (0.87, 3.5); time: 10
event: battery_consumption; timestamp: 23; robot: 1; time: 10; initial_level: 84.6535; final_level: 74.6535
event: task_resolution; timestamp: 33; task: 3; pos: (0.87, 3.5); status: COMPLETED; attempt: 1
event: battery_consumption; timestamp: 33; robot: 1; time: 1.00344; initial_level: 74.6535; final_level: 73.65
event: navigation; timestamp: 33; robot: 1; time: 1.00344; src: (0.87, 3.5); dst: (0, 3)
event: task_execution; timestamp: 24; task: 7; robot: 3; pos: (4, 1); time: 10
event: battery_consumption; timestamp: 24; robot: 3; time: 10; initial_level: 79.0884; final_level: 69.0884
event: task_resolution; timestamp: 34; task: 7; pos: (4, 1); status: COMPLETED; attempt: 1
event: battery_consumption; timestamp: 34; robot: 3; time: 1.00344; initial_level: 69.0884; final_level: 68.085
event: navigation; timestamp: 34; robot: 3; time: 1.00344; src: (4, 1); dst: (4.87, 0.5)
event: task_execution; timestamp: 34.0034; task: 4; robot: 1; pos: (0, 3); time: 10
event: battery_consumption; timestamp: 34.0034; robot: 1; time: 10; initial_level: 73.65; final_level: 63.65
event: task_resolution; timestamp: 44.0034; task: 4; pos: (0, 3); status: COMPLETED; attempt: 1
event: battery_consumption; timestamp: 44.0034; robot: 1; time: 1.73404; initial_level: 63.65; final_level: 61.916
event: navigation; timestamp: 44.0034; robot: 1; time: 1.73404; src: (0, 3); dst: (0.87, 4.5)
event: task_execution; timestamp: 35.0034; task: 8; robot: 3; pos: (4.87, 0.5); time: 10
event: battery_consumption; timestamp: 35.0034; robot: 3; time: 10; initial_level: 68.085; final_level: 58.085
event: task_resolution; timestamp: 45.0034; task: 8; pos: (4.87, 0.5); status: COMPLETED; attempt: 1
event: battery_consumption; timestamp: 45.0034; robot: 3; time: 2.00689; initial_level: 58.085; final_level: 56.0781
event: navigation; timestamp: 45.0034; robot: 3; time: 2.00689; src: (4.87, 0.5); dst: (3.13, -0.5)
event: task_execution; timestamp: 40; task: 22; robot: 2; pos: (-4, -1); time: 10
event: battery_consumption; timestamp: 40; robot: 2; time: 10; initial_level: 71.9907; final_level: 61.9907
event: task_resolution; timestamp: 50; task: 22; pos: (-4, -1); status: COMPLETED; attempt: 1
event: battery_consumption; timestamp: 50; robot: 2; time: 1.00344; initial_level: 61.9907; final_level: 60.9873
event: navigation; timestamp: 50; robot: 2; time: 1.00344; src: (-4, -1); dst: (-3.13, -0.5)
event: task_execution; timestamp: 47.0103; task: 11; robot: 3; pos: (3.13, -0.5); time: 10
event: battery_consumption; timestamp: 47.0103; robot: 3; time: 10; initial_level: 56.0781; final_level: 46.0781
event: task_resolution; timestamp: 57.0103; task: 11; pos: (3.13, -0.5); status: COMPLETED; attempt: 1
event: battery_consumption; timestamp: 57.0103; robot: 3; time: 1.74; initial_level: 46.0781; final_level: 44.3381
event: navigation; timestamp: 57.0103; robot: 3; time: 1.74; src: (3.13, -0.5); dst: (4.87, -0.5)
event: task_execution; timestamp: 48; task: 2; robot: 1; pos: (0.87, 4.5); time: 10
event: battery_consumption; timestamp: 48; robot: 1; time: 10; initial_level: 61.916; final_level: 51.916
event: task_resolution; timestamp: 58; task: 2; pos: (0.87, 4.5); status: COMPLETED; attempt: 1
event: battery_consumption; timestamp: 58; robot: 1; time: 4.58333; initial_level: 51.916; final_level: 47.3327
event: navigation; timestamp: 58; robot: 1; time: 4.58333; src: (0.87, 4.5); dst: (0, 0)
event: robot_finished; timestamp: 62.5833; robot: 1; pos: (0, 0); battery: 47.3327
event: task_execution; timestamp: 51.0034; task: 21; robot: 2; pos: (-3.13, -0.5); time: 10
event: battery_consumption; timestamp: 51.0034; robot: 2; time: 10; initial_level: 60.9873; final_level: 50.9873
event: task_resolution; timestamp: 61.0034; task: 21; pos: (-3.13, -0.5); status: COMPLETED; attempt: 1
event: battery_consumption; timestamp: 61.0034; robot: 2; time: 3.16968; initial_level: 50.9873; final_level: 47.8176
event: navigation; timestamp: 61.0034; robot: 2; time: 3.16968; src: (-3.13, -0.5); dst: (0, 0)
event: robot_finished; timestamp: 64.1731; robot: 2; pos: (0, 0); battery: 47.8176
event: task_execution; timestamp: 58.7503; task: 9; robot: 3; pos: (4.87, -0.5); time: 10
event: battery_consumption; timestamp: 58.7503; robot: 3; time: 10; initial_level: 44.3381; final_level: 34.3381
event: task_resolution; timestamp: 68.7503; task: 9; pos: (4.87, -0.5); status: COMPLETED; attempt: 1
event: battery_consumption; timestamp: 68.7503; robot: 3; time: 4.8956; initial_level: 34.3381; final_level: 29.4425
event: navigation; timestamp: 68.7503; robot: 3; time: 4.8956; src: (4.87, -0.5); dst: (0, 0)
event: robot_finished; timestamp: 73.6459; robot: 3; pos: (0, 0); battery: 29.4425
metric: available_agents; value: 0
metric: failed_agents; value: 0
metric: finished_agents; value: 3
metric: completed_tasks; value: 13
metric: pending_tasks; value: 0
metric: failed_tasks; value: 11
metric: average_robot_makespan; value: 66.8008
metric: sd_robot_makespan; value: 5.98112
metric: max_robot_makespan; value: 73.6459
metric: min_robot_makespan; value: 62.5833
metric: average_robot_travel_distance; value: 15.1358
metric: sd_robot_travel_distance; value: 4.70164
metric: max_robot_travel_distance; value: 20.5575
metric: min_robot_travel_distance; value: 12.1824
metric: sum_robot_travel_distance; value: 45.4073
metric: average_completed_tasks_by_robot; value: 0
metric: sd_completed_tasks_by_robot; value: 0
metric: max_completed_tasks_by_robot; value: 0
metric: min_completed_tasks_by_robot; value: 0
metric: final_reward; value: 0.541667
metric: computing_time; value: 0.936694
