info: solver_name; value: dec-mcts-v2
info: reward_function; value: reward00
info: replica; value: 4
info: filename; value: ../logs/fixed_sim/scenario_1E_24t_2r_dec-mcts-v2_reward00_004.log
info: scenario_name; value: scenario_1E_24t_2r
info: scenario_name; value: scenario_1E_24t_2r
info: number_of_tasks; value: 24
info: number_of_robots; value: 2
info: number_of_recharging_stations; value: 1
info: scenario_size; value: (15,15)
event: recharging_station_spawn; timestamp: 0; recharging_station: 1; pos: (0, 0)
event: task_spawn; timestamp: 0; task: 1; pos: (0, 5); earliest_start: 5; latest_start: 16.53; state: PENDING; required_workers: 1; success_prob: 1; max_attempts: 1
event: task_spawn; timestamp: 0; task: 2; pos: (0.87, 4.5); earliest_start: 27; latest_start: 32.41; state: PENDING; required_workers: 1; success_prob: 1; max_attempts: 1
event: task_spawn; timestamp: 0; task: 3; pos: (0.87, 3.5); earliest_start: 34; latest_start: 39.54; state: PENDING; required_workers: 1; success_prob: 1; max_attempts: 1
event: task_spawn; timestamp: 0; task: 4; pos: (0, 3); earliest_start: 18; latest_start: 24.65; state: PENDING; required_workers: 1; success_prob: 1; max_attempts: 1
event: task_spawn; timestamp: 0; task: 5; pos: (-0.87, 3.5); earliest_start: 42; latest_start: 51.47; state: PENDING; required_workers: 1; success_prob: 1; max_attempts: 1
event: task_spawn; timestamp: 0; task: 6; pos: (-0.87, 4.5); earliest_start: 18; latest_start: 29.1; state: PENDING; required_workers: 1; success_prob: 1; max_attempts: 1
event: task_spawn; timestamp: 0; task: 7; pos: (4, 1); earliest_start: 27; latest_start: 35.58; state: PENDING; required_workers: 1; success_prob: 1; max_attempts: 1
event: task_spawn; timestamp: 0; task: 8; pos: (4.87, 0.5); earliest_start: 10; latest_start: 23.82; state: PENDING; required_workers: 1; success_prob: 1; max_attempts: 1
event: task_spawn; timestamp: 0; task: 9; pos: (4.87, -0.5); earliest_start: 2; latest_start: 10.97; state: PENDING; required_workers: 1; success_prob: 1; max_attempts: 1
event: task_spawn; timestamp: 0; task: 10; pos: (4, -1); earliest_start: 46; latest_start: 53.41; state: PENDING; required_workers: 1; success_prob: 1; max_attempts: 1
event: task_spawn; timestamp: 0; task: 11; pos: (3.13, -0.5); earliest_start: 27; latest_start: 38.92; state: PENDING; required_workers: 1; success_prob: 1; max_attempts: 1
event: task_spawn; timestamp: 0; task: 12; pos: (3.13, 0.5); earliest_start: 17; latest_start: 24.96; state: PENDING; required_workers: 1; success_prob: 1; max_attempts: 1
event: task_spawn; timestamp: 0; task: 13; pos: (0, -3); earliest_start: 3; latest_start: 9.6; state: PENDING; required_workers: 1; success_prob: 1; max_attempts: 1
event: task_spawn; timestamp: 0; task: 14; pos: (0.87, -3.5); earliest_start: 4; latest_start: 9.92; state: PENDING; required_workers: 1; success_prob: 1; max_attempts: 1
event: task_spawn; timestamp: 0; task: 15; pos: (0.87, -4.5); earliest_start: 32; latest_start: 40.54; state: PENDING; required_workers: 1; success_prob: 1; max_attempts: 1
event: task_spawn; timestamp: 0; task: 16; pos: (0, -5); earliest_start: 47; latest_start: 54.3; state: PENDING; required_workers: 1; success_prob: 1; max_attempts: 1
event: task_spawn; timestamp: 0; task: 17; pos: (-0.87, -4.5); earliest_start: 9; latest_start: 15.82; state: PENDING; required_workers: 1; success_prob: 1; max_attempts: 1
event: task_spawn; timestamp: 0; task: 18; pos: (-0.87, -3.5); earliest_start: 38; latest_start: 41.3; state: PENDING; required_workers: 1; success_prob: 1; max_attempts: 1
event: task_spawn; timestamp: 0; task: 19; pos: (-4, 1); earliest_start: 8; latest_start: 16.59; state: PENDING; required_workers: 1; success_prob: 1; max_attempts: 1
event: task_spawn; timestamp: 0; task: 20; pos: (-3.13, 0.5); earliest_start: 4; latest_start: 11.1; state: PENDING; required_workers: 1; success_prob: 1; max_attempts: 1
event: task_spawn; timestamp: 0; task: 21; pos: (-3.13, -0.5); earliest_start: 23; latest_start: 33.38; state: PENDING; required_workers: 1; success_prob: 1; max_attempts: 1
event: task_spawn; timestamp: 0; task: 22; pos: (-4, -1); earliest_start: 24; latest_start: 38.3; state: PENDING; required_workers: 1; success_prob: 1; max_attempts: 1
event: task_spawn; timestamp: 0; task: 23; pos: (-4.87, -0.5); earliest_start: 9; latest_start: 19.73; state: PENDING; required_workers: 1; success_prob: 1; max_attempts: 1
event: task_spawn; timestamp: 0; task: 24; pos: (-4.87, 0.5); earliest_start: 43; latest_start: 52.76; state: PENDING; required_workers: 1; success_prob: 1; max_attempts: 1
event: robot_spawn; timestamp: 0; robot: 1; pos: (0, 0); state: AVAILABLE; battery_level: 100; battery_capacity: 100; velocity: 1; battery_rate_nav: 1
event: robot_spawn; timestamp: 0; robot: 2; pos: (0, 0); state: AVAILABLE; battery_level: 100; battery_capacity: 100; velocity: 1; battery_rate_nav: 1
event: battery_consumption; timestamp: 0; robot: 2; time: 3.60651; initial_level: 100; final_level: 96.3935
event: navigation; timestamp: 0; robot: 2; time: 3.60651; src: (0, 0); dst: (0.87, -3.5)
event: battery_consumption; timestamp: 1; robot: 1; time: 4.8956; initial_level: 100; final_level: 95.1044
event: navigation; timestamp: 1; robot: 1; time: 4.8956; src: (0, 0); dst: (4.87, -0.5)
event: task_execution; timestamp: 4; task: 14; robot: 2; pos: (0.87, -3.5); time: 10
event: battery_consumption; timestamp: 4; robot: 2; time: 10; initial_level: 96.3935; final_level: 86.3935
event: task_resolution; timestamp: 14; task: 14; pos: (0.87, -3.5); status: COMPLETED; attempt: 1
event: battery_consumption; timestamp: 14; robot: 2; time: 2.00689; initial_level: 86.3935; final_level: 84.3866
event: navigation; timestamp: 14; robot: 2; time: 2.00689; src: (0.87, -3.5); dst: (-0.87, -4.5)
event: battery_consumption; timestamp: 15.82; robot: 2; time: 4.69541; initial_level: 84.3866; final_level: 79.6912
event: navigation; timestamp: 15.82; robot: 2; time: 4.69541; src: (-0.87, -4.5); dst: (-4, -1)
event: task_execution; timestamp: 5.8956; task: 9; robot: 1; pos: (4.87, -0.5); time: 10
event: battery_consumption; timestamp: 5.8956; robot: 1; time: 10; initial_level: 95.1044; final_level: 85.1044
event: task_resolution; timestamp: 15.8956; task: 9; pos: (4.87, -0.5); status: COMPLETED; attempt: 1
event: battery_consumption; timestamp: 15.8956; robot: 1; time: 1; initial_level: 85.1044; final_level: 84.1044
event: navigation; timestamp: 15.8956; robot: 1; time: 1; src: (4.87, -0.5); dst: (4.87, 0.5)
event: task_execution; timestamp: 16.8956; task: 8; robot: 1; pos: (4.87, 0.5); time: 10
event: battery_consumption; timestamp: 16.8956; robot: 1; time: 10; initial_level: 84.1044; final_level: 74.1044
event: task_resolution; timestamp: 26.8956; task: 8; pos: (4.87, 0.5); status: COMPLETED; attempt: 1
event: battery_consumption; timestamp: 26.8956; robot: 1; time: 5.65685; initial_level: 74.1044; final_level: 68.4475
event: navigation; timestamp: 26.8956; robot: 1; time: 5.65685; src: (4.87, 0.5); dst: (0.87, 4.5)
event: battery_consumption; timestamp: 32.41; robot: 1; time: 2.00689; initial_level: 68.4475; final_level: 66.4407
event: navigation; timestamp: 32.41; robot: 1; time: 2.00689; src: (0.87, 4.5); dst: (-0.87, 3.5)
event: task_execution; timestamp: 24; task: 22; robot: 2; pos: (-4, -1); time: 10
event: battery_consumption; timestamp: 24; robot: 2; time: 10; initial_level: 79.6912; final_level: 69.6912
event: task_resolution; timestamp: 34; task: 22; pos: (-4, -1); status: COMPLETED; attempt: 1
event: battery_consumption; timestamp: 34; robot: 2; time: 4.00586; initial_level: 69.6912; final_level: 65.6853
event: navigation; timestamp: 34; robot: 2; time: 4.00586; src: (-4, -1); dst: (-0.87, -3.5)
event: task_execution; timestamp: 38.0059; task: 18; robot: 2; pos: (-0.87, -3.5); time: 10
event: battery_consumption; timestamp: 38.0059; robot: 2; time: 10; initial_level: 65.6853; final_level: 55.6853
event: task_resolution; timestamp: 48.0059; task: 18; pos: (-0.87, -3.5); status: COMPLETED; attempt: 1
event: battery_consumption; timestamp: 48.0059; robot: 2; time: 1.73404; initial_level: 55.6853; final_level: 53.9513
event: navigation; timestamp: 48.0059; robot: 2; time: 1.73404; src: (-0.87, -3.5); dst: (0, -5)
event: task_execution; timestamp: 42; task: 5; robot: 1; pos: (-0.87, 3.5); time: 10
event: battery_consumption; timestamp: 42; robot: 1; time: 10; initial_level: 66.4407; final_level: 56.4407
event: task_resolution; timestamp: 52; task: 5; pos: (-0.87, 3.5); status: COMPLETED; attempt: 1
event: battery_consumption; timestamp: 52; robot: 1; time: 5; initial_level: 56.4407; final_level: 51.4407
event: navigation; timestamp: 52; robot: 1; time: 5; src: (-0.87, 3.5); dst: (-4.87, 0.5)
event: battery_consumption; timestamp: 52.76; robot: 1; time: 4.8956; initial_level: 51.4407; final_level: 46.5451
event: navigation; timestamp: 52.76; robot: 1; time: 4.8956; src: (-4.87, 0.5); dst: (0, 0)
event: robot_finished; timestamp: 57.6556; robot: 1; pos: (0, 0); battery: 46.5451
event: task_execution; timestamp: 49.7399; task: 16; robot: 2; pos: (0, -5); time: 10
event: battery_consumption; timestamp: 49.7399; robot: 2; time: 10; initial_level: 53.9513; final_level: 43.9513
event: task_resolution; timestamp: 59.7399; task: 16; pos: (0, -5); status: COMPLETED; attempt: 1
event: battery_consumption; timestamp: 59.7399; robot: 2; time: 5; initial_level: 43.9513; final_level: 38.9513
event: navigation; timestamp: 59.7399; robot: 2; time: 5; src: (0, -5); dst: (0, 0)
event: robot_finished; timestamp: 64.7399; robot: 2; pos: (0, 0); battery: 38.9513
metric: available_agents; value: 0
metric: failed_agents; value: 0
metric: finished_agents; value: 2
metric: completed_tasks; value: 7
metric: pending_tasks; value: 0
metric: failed_tasks; value: 17
metric: average_robot_makespan; value: 61.1977
metric: sd_robot_makespan; value: 5.00936
metric: max_robot_makespan; value: 64.7399
metric: min_robot_makespan; value: 57.6556
metric: average_robot_travel_distance; value: 22.2518
metric: sd_robot_travel_distance; value: 1.70146
metric: max_robot_travel_distance; value: 23.4549
metric: min_robot_travel_distance; value: 21.0487
metric: sum_robot_travel_distance; value: 44.5037
metric: average_completed_tasks_by_robot; value: 0
metric: sd_completed_tasks_by_robot; value: 0
metric: max_completed_tasks_by_robot; value: 0
metric: min_completed_tasks_by_robot; value: 0
metric: final_reward; value: 0.291667
metric: computing_time; value: 0.330358
