info: solver_name; value: greedy
info: reward_function; value: reward00
info: replica; value: 2
info: filename; value: ../logs/fixed_sim/scenario_1E_24t_3r_greedy_reward00_002.log
info: scenario_name; value: scenario_1E_24t_3r
info: scenario_name; value: scenario_1E_24t_3r
info: number_of_tasks; value: 24
info: number_of_robots; value: 3
info: number_of_recharging_stations; value: 1
info: scenario_size; value: (15,15)
event: recharging_station_spawn; timestamp: 0; recharging_station: 1; pos: (0, 0)
event: task_spawn; timestamp: 0; task: 1; pos: (0, 5); earliest_start: 28; latest_start: 35.25; state: PENDING; required_workers: 1; success_prob: 1; max_attempts: 1
event: task_spawn; timestamp: 0; task: 2; pos: (0.87, 4.5); earliest_start: 48; latest_start: 58.89; state: PENDING; required_workers: 1; success_prob: 1; max_attempts: 1
event: task_spawn; timestamp: 0; task: 3; pos: (0.87, 3.5); earliest_start: 23; latest_start: 34.45; state: PENDING; required_workers: 1; success_prob: 1; max_attempts: 1
event: task_spawn; timestamp: 0; task: 4; pos: (0, 3); earliest_start: 25; latest_start: 35.76; state: PENDING; required_workers: 1; success_prob: 1; max_attempts: 1
event: task_spawn; timestamp: 0; task: 5; pos: (-0.87, 3.5); earliest_start: 7; latest_start: 16.05; state: PENDING; required_workers: 1; success_prob: 1; max_attempts: 1
event: task_spawn; timestamp: 0; task: 6; pos: (-0.87, 4.5); earliest_start: 1; latest_start: 13.23; state: PENDING; required_workers: 1; success_prob: 1; max_attempts: 1
event: task_spawn; timestamp: 0; task: 7; pos: (4, 1); earliest_start: 24; latest_start: 33.68; state: PENDING; required_workers: 1; success_prob: 1; max_attempts: 1
event: task_spawn; timestamp: 0; task: 8; pos: (4.87, 0.5); earliest_start: 35; latest_start: 41.49; state: PENDING; required_workers: 1; success_prob: 1; max_attempts: 1
event: task_spawn; timestamp: 0; task: 9; pos: (4.87, -0.5); earliest_start: 45; latest_start: 58.83; state: PENDING; required_workers: 1; success_prob: 1; max_attempts: 1
event: task_spawn; timestamp: 0; task: 10; pos: (4, -1); earliest_start: 28; latest_start: 41.49; state: PENDING; required_workers: 1; success_prob: 1; max_attempts: 1
event: task_spawn; timestamp: 0; task: 11; pos: (3.13, -0.5); earliest_start: 44; latest_start: 54.91; state: PENDING; required_workers: 1; success_prob: 1; max_attempts: 1
event: task_spawn; timestamp: 0; task: 12; pos: (3.13, 0.5); earliest_start: 31; latest_start: 45.03; state: PENDING; required_workers: 1; success_prob: 1; max_attempts: 1
event: task_spawn; timestamp: 0; task: 13; pos: (0, -3); earliest_start: 4; latest_start: 14.5; state: PENDING; required_workers: 1; success_prob: 1; max_attempts: 1
event: task_spawn; timestamp: 0; task: 14; pos: (0.87, -3.5); earliest_start: 28; latest_start: 39.54; state: PENDING; required_workers: 1; success_prob: 1; max_attempts: 1
event: task_spawn; timestamp: 0; task: 15; pos: (0.87, -4.5); earliest_start: 5; latest_start: 17.22; state: PENDING; required_workers: 1; success_prob: 1; max_attempts: 1
event: task_spawn; timestamp: 0; task: 16; pos: (0, -5); earliest_start: 43; latest_start: 57.19; state: PENDING; required_workers: 1; success_prob: 1; max_attempts: 1
event: task_spawn; timestamp: 0; task: 17; pos: (-0.87, -4.5); earliest_start: 42; latest_start: 60.63; state: PENDING; required_workers: 1; success_prob: 1; max_attempts: 1
event: task_spawn; timestamp: 0; task: 18; pos: (-0.87, -3.5); earliest_start: 22; latest_start: 30.22; state: PENDING; required_workers: 1; success_prob: 1; max_attempts: 1
event: task_spawn; timestamp: 0; task: 19; pos: (-4, 1); earliest_start: 18; latest_start: 27.05; state: PENDING; required_workers: 1; success_prob: 1; max_attempts: 1
event: task_spawn; timestamp: 0; task: 20; pos: (-3.13, 0.5); earliest_start: 19; latest_start: 25.33; state: PENDING; required_workers: 1; success_prob: 1; max_attempts: 1
event: task_spawn; timestamp: 0; task: 21; pos: (-3.13, -0.5); earliest_start: 44; latest_start: 56.81; state: PENDING; required_workers: 1; success_prob: 1; max_attempts: 1
event: task_spawn; timestamp: 0; task: 22; pos: (-4, -1); earliest_start: 40; latest_start: 46.2; state: PENDING; required_workers: 1; success_prob: 1; max_attempts: 1
event: task_spawn; timestamp: 0; task: 23; pos: (-4.87, -0.5); earliest_start: 14; latest_start: 25.3; state: PENDING; required_workers: 1; success_prob: 1; max_attempts: 1
event: task_spawn; timestamp: 0; task: 24; pos: (-4.87, 0.5); earliest_start: 7; latest_start: 19.52; state: PENDING; required_workers: 1; success_prob: 1; max_attempts: 1
event: robot_spawn; timestamp: 0; robot: 1; pos: (0, 0); state: AVAILABLE; battery_level: 100; battery_capacity: 100; velocity: 1; battery_rate_nav: 1
event: robot_spawn; timestamp: 0; robot: 2; pos: (0, 0); state: AVAILABLE; battery_level: 100; battery_capacity: 100; velocity: 1; battery_rate_nav: 1
event: robot_spawn; timestamp: 0; robot: 3; pos: (0, 0); state: AVAILABLE; battery_level: 100; battery_capacity: 100; velocity: 1; battery_rate_nav: 1
event: battery_consumption; timestamp: 0; robot: 3; time: 3; initial_level: 100; final_level: 97
event: navigation; timestamp: 0; robot: 3; time: 3; src: (0, 0); dst: (0, 3)
event: battery_consumption; timestamp: 0; robot: 1; time: 3; initial_level: 100; final_level: 97
event: navigation; timestamp: 0; robot: 1; time: 3; src: (0, 0); dst: (0, -3)
event: battery_consumption; timestamp: 0; robot: 2; time: 3.16968; initial_level: 100; final_level: 96.8303
event: navigation; timestamp: 0; robot: 2; time: 3.16968; src: (0, 0); dst: (3.13, -0.5)
event: task_execution; timestamp: 4; task: 13; robot: 1; pos: (0, -3); time: 10
event: battery_consumption; timestamp: 4; robot: 1; time: 10; initial_level: 97; final_level: 87
event: task_resolution; timestamp: 14; task: 13; pos: (0, -3); status: COMPLETED; attempt: 1
event: battery_consumption; timestamp: 14; robot: 1; time: 1.00344; initial_level: 87; final_level: 85.9966
event: navigation; timestamp: 14; robot: 1; time: 1.00344; src: (0, -3); dst: (0.87, -3.5)
event: task_execution; timestamp: 25; task: 4; robot: 3; pos: (0, 3); time: 10
event: battery_consumption; timestamp: 25; robot: 3; time: 10; initial_level: 97; final_level: 87
event: task_resolution; timestamp: 35; task: 4; pos: (0, 3); status: COMPLETED; attempt: 1
event: battery_consumption; timestamp: 35; robot: 3; time: 1.73404; initial_level: 87; final_level: 85.266
event: navigation; timestamp: 35; robot: 3; time: 1.73404; src: (0, 3); dst: (0.87, 4.5)
event: task_execution; timestamp: 28; task: 14; robot: 1; pos: (0.87, -3.5); time: 10
event: battery_consumption; timestamp: 28; robot: 1; time: 10; initial_level: 85.9966; final_level: 75.9966
event: task_resolution; timestamp: 38; task: 14; pos: (0.87, -3.5); status: COMPLETED; attempt: 1
event: battery_consumption; timestamp: 38; robot: 1; time: 1.73404; initial_level: 75.9966; final_level: 74.2625
event: navigation; timestamp: 38; robot: 1; time: 1.73404; src: (0.87, -3.5); dst: (0, -5)
event: task_execution; timestamp: 43; task: 16; robot: 1; pos: (0, -5); time: 10
event: battery_consumption; timestamp: 43; robot: 1; time: 10; initial_level: 74.2625; final_level: 64.2625
event: task_resolution; timestamp: 53; task: 16; pos: (0, -5); status: COMPLETED; attempt: 1
event: battery_consumption; timestamp: 53; robot: 1; time: 1.00344; initial_level: 64.2625; final_level: 63.2591
event: navigation; timestamp: 53; robot: 1; time: 1.00344; src: (0, -5); dst: (-0.87, -4.5)
event: task_execution; timestamp: 44; task: 11; robot: 2; pos: (3.13, -0.5); time: 10
event: battery_consumption; timestamp: 44; robot: 2; time: 10; initial_level: 96.8303; final_level: 86.8303
event: task_resolution; timestamp: 54; task: 11; pos: (3.13, -0.5); status: COMPLETED; attempt: 1
event: battery_consumption; timestamp: 54; robot: 2; time: 1.74; initial_level: 86.8303; final_level: 85.0903
event: navigation; timestamp: 54; robot: 2; time: 1.74; src: (3.13, -0.5); dst: (4.87, -0.5)
event: task_execution; timestamp: 48; task: 2; robot: 3; pos: (0.87, 4.5); time: 10
event: battery_consumption; timestamp: 48; robot: 3; time: 10; initial_level: 85.266; final_level: 75.266
event: task_resolution; timestamp: 58; task: 2; pos: (0.87, 4.5); status: COMPLETED; attempt: 1
event: battery_consumption; timestamp: 58; robot: 3; time: 4.58333; initial_level: 75.266; final_level: 70.6826
event: navigation; timestamp: 58; robot: 3; time: 4.58333; src: (0.87, 4.5); dst: (0, 0)
event: robot_finished; timestamp: 62.5833; robot: 3; pos: (0, 0); battery: 70.6826
event: task_execution; timestamp: 54.0034; task: 17; robot: 1; pos: (-0.87, -4.5); time: 10
event: battery_consumption; timestamp: 54.0034; robot: 1; time: 10; initial_level: 63.2591; final_level: 53.2591
event: task_resolution; timestamp: 64.0034; task: 17; pos: (-0.87, -4.5); status: COMPLETED; attempt: 1
event: battery_consumption; timestamp: 64.0034; robot: 1; time: 4.58333; initial_level: 53.2591; final_level: 48.6757
event: navigation; timestamp: 64.0034; robot: 1; time: 4.58333; src: (-0.87, -4.5); dst: (0, 0)
event: robot_finished; timestamp: 68.5868; robot: 1; pos: (0, 0); battery: 48.6757
event: task_execution; timestamp: 55.74; task: 9; robot: 2; pos: (4.87, -0.5); time: 10
event: battery_consumption; timestamp: 55.74; robot: 2; time: 10; initial_level: 85.0903; final_level: 75.0903
event: task_resolution; timestamp: 65.74; task: 9; pos: (4.87, -0.5); status: COMPLETED; attempt: 1
event: battery_consumption; timestamp: 65.74; robot: 2; time: 4.8956; initial_level: 75.0903; final_level: 70.1947
event: navigation; timestamp: 65.74; robot: 2; time: 4.8956; src: (4.87, -0.5); dst: (0, 0)
event: robot_finished; timestamp: 70.6356; robot: 2; pos: (0, 0); battery: 70.1947
metric: available_agents; value: 0
metric: failed_agents; value: 0
metric: finished_agents; value: 3
metric: completed_tasks; value: 8
metric: pending_tasks; value: 0
metric: failed_tasks; value: 16
metric: average_robot_makespan; value: 67.2686
metric: sd_robot_makespan; value: 4.18486
metric: max_robot_makespan; value: 70.6356
metric: min_robot_makespan; value: 62.5833
metric: average_robot_travel_distance; value: 10.149
metric: sd_robot_travel_distance; value: 1.04666
metric: max_robot_travel_distance; value: 11.3243
metric: min_robot_travel_distance; value: 9.31737
metric: sum_robot_travel_distance; value: 30.4469
metric: average_completed_tasks_by_robot; value: 0
metric: sd_completed_tasks_by_robot; value: 0
metric: max_completed_tasks_by_robot; value: 0
metric: min_completed_tasks_by_robot; value: 0
metric: final_reward; value: 0.333333
metric: computing_time; value: 0.000226321
