info: solver_name; value: random
info: reward_function; value: reward00
info: replica; value: 2
info: filename; value: ../logs/fixed_sim/scenario_1E_20t_4r_random_reward00_002.log
info: scenario_name; value: scenario_1E_20t_4r
info: scenario_name; value: scenario_1E_20t_4r
info: number_of_tasks; value: 20
info: number_of_robots; value: 4
info: number_of_recharging_stations; value: 1
info: scenario_size; value: (15,15)
event: recharging_station_spawn; timestamp: 0; recharging_station: 1; pos: (0, 0)
event: task_spawn; timestamp: 0; task: 1; pos: (0, 5); earliest_start: 31; latest_start: 39.6; state: PENDING; required_workers: 1; success_prob: 1; max_attempts: 1
event: task_spawn; timestamp: 0; task: 2; pos: (0.95, 4.31); earliest_start: 38; latest_start: 48.39; state: PENDING; required_workers: 1; success_prob: 1; max_attempts: 1
event: task_spawn; timestamp: 0; task: 3; pos: (0.59, 3.19); earliest_start: 36; latest_start: 41.87; state: PENDING; required_workers: 1; success_prob: 1; max_attempts: 1
event: task_spawn; timestamp: 0; task: 4; pos: (-0.59, 3.19); earliest_start: 15; latest_start: 24.05; state: PENDING; required_workers: 1; success_prob: 1; max_attempts: 1
event: task_spawn; timestamp: 0; task: 5; pos: (-0.95, 4.31); earliest_start: 0; latest_start: 9.51; state: PENDING; required_workers: 1; success_prob: 1; max_attempts: 1
event: task_spawn; timestamp: 0; task: 6; pos: (4, 1); earliest_start: 39; latest_start: 46.56; state: PENDING; required_workers: 1; success_prob: 1; max_attempts: 1
event: task_spawn; timestamp: 0; task: 7; pos: (4.95, 0.31); earliest_start: 11; latest_start: 18.65; state: PENDING; required_workers: 1; success_prob: 1; max_attempts: 1
event: task_spawn; timestamp: 0; task: 8; pos: (4.59, -0.81); earliest_start: 5; latest_start: 18.12; state: PENDING; required_workers: 1; success_prob: 1; max_attempts: 1
event: task_spawn; timestamp: 0; task: 9; pos: (3.41, -0.81); earliest_start: 33; latest_start: 40.19; state: PENDING; required_workers: 1; success_prob: 1; max_attempts: 1
event: task_spawn; timestamp: 0; task: 10; pos: (3.05, 0.31); earliest_start: 34; latest_start: 43.58; state: PENDING; required_workers: 1; success_prob: 1; max_attempts: 1
event: task_spawn; timestamp: 0; task: 11; pos: (0, -3); earliest_start: 35; latest_start: 36.06; state: PENDING; required_workers: 1; success_prob: 1; max_attempts: 1
event: task_spawn; timestamp: 0; task: 12; pos: (0.95, -3.69); earliest_start: 1; latest_start: 10.59; state: PENDING; required_workers: 1; success_prob: 1; max_attempts: 1
event: task_spawn; timestamp: 0; task: 13; pos: (0.59, -4.81); earliest_start: 40; latest_start: 47.39; state: PENDING; required_workers: 1; success_prob: 1; max_attempts: 1
event: task_spawn; timestamp: 0; task: 14; pos: (-0.59, -4.81); earliest_start: 24; latest_start: 36.15; state: PENDING; required_workers: 1; success_prob: 1; max_attempts: 1
event: task_spawn; timestamp: 0; task: 15; pos: (-0.95, -3.69); earliest_start: 1; latest_start: 13.28; state: PENDING; required_workers: 1; success_prob: 1; max_attempts: 1
event: task_spawn; timestamp: 0; task: 16; pos: (-4, 1); earliest_start: 22; latest_start: 31.73; state: PENDING; required_workers: 1; success_prob: 1; max_attempts: 1
event: task_spawn; timestamp: 0; task: 17; pos: (-3.05, 0.31); earliest_start: 40; latest_start: 50.66; state: PENDING; required_workers: 1; success_prob: 1; max_attempts: 1
event: task_spawn; timestamp: 0; task: 18; pos: (-3.41, -0.81); earliest_start: 6; latest_start: 13.32; state: PENDING; required_workers: 1; success_prob: 1; max_attempts: 1
event: task_spawn; timestamp: 0; task: 19; pos: (-4.59, -0.81); earliest_start: 21; latest_start: 31.66; state: PENDING; required_workers: 1; success_prob: 1; max_attempts: 1
event: task_spawn; timestamp: 0; task: 20; pos: (-4.95, 0.31); earliest_start: 8; latest_start: 13.15; state: PENDING; required_workers: 1; success_prob: 1; max_attempts: 1
event: robot_spawn; timestamp: 0; robot: 1; pos: (0, 0); state: AVAILABLE; battery_level: 100; battery_capacity: 100; velocity: 1; battery_rate_nav: 1
event: robot_spawn; timestamp: 0; robot: 2; pos: (0, 0); state: AVAILABLE; battery_level: 100; battery_capacity: 100; velocity: 1; battery_rate_nav: 1
event: robot_spawn; timestamp: 0; robot: 3; pos: (0, 0); state: AVAILABLE; battery_level: 100; battery_capacity: 100; velocity: 1; battery_rate_nav: 1
event: robot_spawn; timestamp: 0; robot: 4; pos: (0, 0); state: AVAILABLE; battery_level: 100; battery_capacity: 100; velocity: 1; battery_rate_nav: 1
event: battery_consumption; timestamp: 0; robot: 3; time: 4.9597; initial_level: 100; final_level: 95.0403
event: navigation; timestamp: 0; robot: 3; time: 4.9597; src: (0, 0); dst: (-4.95, 0.31)
event: battery_consumption; timestamp: 0; robot: 4; time: 3.81033; initial_level: 100; final_level: 96.1897
event: navigation; timestamp: 0; robot: 4; time: 3.81033; src: (0, 0); dst: (-0.95, -3.69)
event: battery_consumption; timestamp: 0; robot: 1; time: 3.50488; initial_level: 100; final_level: 96.4951
event: navigation; timestamp: 0; robot: 1; time: 3.50488; src: (0, 0); dst: (3.41, -0.81)
event: battery_consumption; timestamp: 0; robot: 2; time: 3.2441; initial_level: 100; final_level: 96.7559
event: navigation; timestamp: 0; robot: 2; time: 3.2441; src: (0, 0); dst: (-0.59, 3.19)
event: task_execution; timestamp: 3.81033; task: 15; robot: 4; pos: (-0.95, -3.69); time: 10
event: battery_consumption; timestamp: 3.81033; robot: 4; time: 10; initial_level: 96.1897; final_level: 86.1897
event: task_resolution; timestamp: 13.8103; task: 15; pos: (-0.95, -3.69); status: COMPLETED; attempt: 1
event: battery_consumption; timestamp: 13.8103; robot: 4; time: 4.51774; initial_level: 86.1897; final_level: 81.6719
event: navigation; timestamp: 13.8103; robot: 4; time: 4.51774; src: (-0.95, -3.69); dst: (-3.05, 0.31)
event: task_execution; timestamp: 8; task: 20; robot: 3; pos: (-4.95, 0.31); time: 10
event: battery_consumption; timestamp: 8; robot: 3; time: 10; initial_level: 95.0403; final_level: 85.0403
event: task_resolution; timestamp: 18; task: 20; pos: (-4.95, 0.31); status: COMPLETED; attempt: 1
event: battery_consumption; timestamp: 18; robot: 3; time: 9.9; initial_level: 85.0403; final_level: 75.1403
event: navigation; timestamp: 18; robot: 3; time: 9.9; src: (-4.95, 0.31); dst: (4.95, 0.31)
event: battery_consumption; timestamp: 18.65; robot: 3; time: 5.22532; initial_level: 75.1403; final_level: 69.915
event: navigation; timestamp: 18.65; robot: 3; time: 5.22532; src: (4.95, 0.31); dst: (0.59, 3.19)
event: task_execution; timestamp: 15; task: 4; robot: 2; pos: (-0.59, 3.19); time: 10
event: battery_consumption; timestamp: 15; robot: 2; time: 10; initial_level: 96.7559; final_level: 86.7559
event: task_resolution; timestamp: 25; task: 4; pos: (-0.59, 3.19); status: COMPLETED; attempt: 1
event: battery_consumption; timestamp: 25; robot: 2; time: 6.21805; initial_level: 86.7559; final_level: 80.5378
event: navigation; timestamp: 25; robot: 2; time: 6.21805; src: (-0.59, 3.19); dst: (0, -3)
event: task_execution; timestamp: 33; task: 9; robot: 1; pos: (3.41, -0.81); time: 10
event: battery_consumption; timestamp: 33; robot: 1; time: 10; initial_level: 96.4951; final_level: 86.4951
event: task_resolution; timestamp: 43; task: 9; pos: (3.41, -0.81); status: COMPLETED; attempt: 1
event: battery_consumption; timestamp: 43; robot: 1; time: 1.90373; initial_level: 86.4951; final_level: 84.5914
event: navigation; timestamp: 43; robot: 1; time: 1.90373; src: (3.41, -0.81); dst: (4, 1)
event: task_execution; timestamp: 35; task: 11; robot: 2; pos: (0, -3); time: 10
event: battery_consumption; timestamp: 35; robot: 2; time: 10; initial_level: 80.5378; final_level: 70.5378
event: task_resolution; timestamp: 45; task: 11; pos: (0, -3); status: COMPLETED; attempt: 1
event: battery_consumption; timestamp: 45; robot: 2; time: 1.90373; initial_level: 70.5378; final_level: 68.6341
event: navigation; timestamp: 45; robot: 2; time: 1.90373; src: (0, -3); dst: (0.59, -4.81)
event: task_execution; timestamp: 36; task: 3; robot: 3; pos: (0.59, 3.19); time: 10
event: battery_consumption; timestamp: 36; robot: 3; time: 10; initial_level: 69.915; final_level: 59.915
event: task_resolution; timestamp: 46; task: 3; pos: (0.59, 3.19); status: COMPLETED; attempt: 1
event: battery_consumption; timestamp: 46; robot: 3; time: 1.17644; initial_level: 59.915; final_level: 58.7385
event: navigation; timestamp: 46; robot: 3; time: 1.17644; src: (0.59, 3.19); dst: (0.95, 4.31)
event: task_execution; timestamp: 40; task: 17; robot: 4; pos: (-3.05, 0.31); time: 10
event: battery_consumption; timestamp: 40; robot: 4; time: 10; initial_level: 81.6719; final_level: 71.6719
event: task_resolution; timestamp: 50; task: 17; pos: (-3.05, 0.31); status: COMPLETED; attempt: 1
event: battery_consumption; timestamp: 50; robot: 4; time: 3.06571; initial_level: 71.6719; final_level: 68.6062
event: navigation; timestamp: 50; robot: 4; time: 3.06571; src: (-3.05, 0.31); dst: (0, 0)
event: robot_finished; timestamp: 53.0657; robot: 4; pos: (0, 0); battery: 68.6062
event: task_execution; timestamp: 44.9037; task: 6; robot: 1; pos: (4, 1); time: 10
event: battery_consumption; timestamp: 44.9037; robot: 1; time: 10; initial_level: 84.5914; final_level: 74.5914
event: task_resolution; timestamp: 54.9037; task: 6; pos: (4, 1); status: COMPLETED; attempt: 1
event: battery_consumption; timestamp: 54.9037; robot: 1; time: 4.12311; initial_level: 74.5914; final_level: 70.4683
event: navigation; timestamp: 54.9037; robot: 1; time: 4.12311; src: (4, 1); dst: (0, 0)
event: robot_finished; timestamp: 59.0268; robot: 1; pos: (0, 0); battery: 70.4683
event: task_execution; timestamp: 46.9037; task: 13; robot: 2; pos: (0.59, -4.81); time: 10
event: battery_consumption; timestamp: 46.9037; robot: 2; time: 10; initial_level: 68.6341; final_level: 58.6341
event: task_resolution; timestamp: 56.9037; task: 13; pos: (0.59, -4.81); status: COMPLETED; attempt: 1
event: battery_consumption; timestamp: 56.9037; robot: 2; time: 4.84605; initial_level: 58.6341; final_level: 53.7881
event: navigation; timestamp: 56.9037; robot: 2; time: 4.84605; src: (0.59, -4.81); dst: (0, 0)
event: robot_finished; timestamp: 61.7498; robot: 2; pos: (0, 0); battery: 53.7881
event: task_execution; timestamp: 47.1764; task: 2; robot: 3; pos: (0.95, 4.31); time: 10
event: battery_consumption; timestamp: 47.1764; robot: 3; time: 10; initial_level: 58.7385; final_level: 48.7385
event: task_resolution; timestamp: 57.1764; task: 2; pos: (0.95, 4.31); status: COMPLETED; attempt: 1
event: battery_consumption; timestamp: 57.1764; robot: 3; time: 4.41346; initial_level: 48.7385; final_level: 44.3251
event: navigation; timestamp: 57.1764; robot: 3; time: 4.41346; src: (0.95, 4.31); dst: (0, 0)
event: robot_finished; timestamp: 61.5899; robot: 3; pos: (0, 0); battery: 44.3251
metric: available_agents; value: 0
metric: failed_agents; value: 0
metric: finished_agents; value: 4
metric: completed_tasks; value: 10
metric: pending_tasks; value: 0
metric: failed_tasks; value: 10
metric: average_robot_makespan; value: 58.8581
metric: sd_robot_makespan; value: 4.05811
metric: max_robot_makespan; value: 61.7498
metric: min_robot_makespan; value: 53.0657
metric: average_robot_travel_distance; value: 15.7031
metric: sd_robot_travel_distance; value: 7.21924
metric: max_robot_travel_distance; value: 25.6749
metric: min_robot_travel_distance; value: 9.53172
metric: sum_robot_travel_distance; value: 62.8124
metric: average_completed_tasks_by_robot; value: 0
metric: sd_completed_tasks_by_robot; value: 0
metric: max_completed_tasks_by_robot; value: 0
metric: min_completed_tasks_by_robot; value: 0
metric: final_reward; value: 0.5
metric: computing_time; value: 0.000255463
