info: solver_name; value: dec-mcts-v2
info: reward_function; value: reward00
info: replica; value: 2
info: filename; value: ../logs/fixed_sim/scenario_1E_24t_5r_dec-mcts-v2_reward00_002.log
info: scenario_name; value: scenario_1E_24t_5r
info: scenario_name; value: scenario_1E_24t_5r
info: number_of_tasks; value: 24
info: number_of_robots; value: 5
info: number_of_recharging_stations; value: 1
info: scenario_size; value: (15,15)
event: recharging_station_spawn; timestamp: 0; recharging_station: 1; pos: (0, 0)
event: task_spawn; timestamp: 0; task: 1; pos: (0, 5); earliest_start: 40; latest_start: 51.29; state: PENDING; required_workers: 1; success_prob: 1; max_attempts: 1
event: task_spawn; timestamp: 0; task: 2; pos: (0.87, 4.5); earliest_start: 35; latest_start: 43.12; state: PENDING; required_workers: 1; success_prob: 1; max_attempts: 1
event: task_spawn; timestamp: 0; task: 3; pos: (0.87, 3.5); earliest_start: 39; latest_start: 48.36; state: PENDING; required_workers: 1; success_prob: 1; max_attempts: 1
event: task_spawn; timestamp: 0; task: 4; pos: (0, 3); earliest_start: 34; latest_start: 48.15; state: PENDING; required_workers: 1; success_prob: 1; max_attempts: 1
event: task_spawn; timestamp: 0; task: 5; pos: (-0.87, 3.5); earliest_start: 37; latest_start: 50.58; state: PENDING; required_workers: 1; success_prob: 1; max_attempts: 1
event: task_spawn; timestamp: 0; task: 6; pos: (-0.87, 4.5); earliest_start: 37; latest_start: 49.38; state: PENDING; required_workers: 1; success_prob: 1; max_attempts: 1
event: task_spawn; timestamp: 0; task: 7; pos: (4, 1); earliest_start: 46; latest_start: 58.49; state: PENDING; required_workers: 1; success_prob: 1; max_attempts: 1
event: task_spawn; timestamp: 0; task: 8; pos: (4.87, 0.5); earliest_start: 38; latest_start: 51.63; state: PENDING; required_workers: 1; success_prob: 1; max_attempts: 1
event: task_spawn; timestamp: 0; task: 9; pos: (4.87, -0.5); earliest_start: 2; latest_start: 8.44; state: PENDING; required_workers: 1; success_prob: 1; max_attempts: 1
event: task_spawn; timestamp: 0; task: 10; pos: (4, -1); earliest_start: 1; latest_start: 16.8; state: PENDING; required_workers: 1; success_prob: 1; max_attempts: 1
event: task_spawn; timestamp: 0; task: 11; pos: (3.13, -0.5); earliest_start: 49; latest_start: 65.38; state: PENDING; required_workers: 1; success_prob: 1; max_attempts: 1
event: task_spawn; timestamp: 0; task: 12; pos: (3.13, 0.5); earliest_start: 36; latest_start: 49.57; state: PENDING; required_workers: 1; success_prob: 1; max_attempts: 1
event: task_spawn; timestamp: 0; task: 13; pos: (0, -3); earliest_start: 36; latest_start: 45.81; state: PENDING; required_workers: 1; success_prob: 1; max_attempts: 1
event: task_spawn; timestamp: 0; task: 14; pos: (0.87, -3.5); earliest_start: 26; latest_start: 38.06; state: PENDING; required_workers: 1; success_prob: 1; max_attempts: 1
event: task_spawn; timestamp: 0; task: 15; pos: (0.87, -4.5); earliest_start: 40; latest_start: 49.45; state: PENDING; required_workers: 1; success_prob: 1; max_attempts: 1
event: task_spawn; timestamp: 0; task: 16; pos: (0, -5); earliest_start: 34; latest_start: 43.5; state: PENDING; required_workers: 1; success_prob: 1; max_attempts: 1
event: task_spawn; timestamp: 0; task: 17; pos: (-0.87, -4.5); earliest_start: 30; latest_start: 38.15; state: PENDING; required_workers: 1; success_prob: 1; max_attempts: 1
event: task_spawn; timestamp: 0; task: 18; pos: (-0.87, -3.5); earliest_start: 15; latest_start: 32.28; state: PENDING; required_workers: 1; success_prob: 1; max_attempts: 1
event: task_spawn; timestamp: 0; task: 19; pos: (-4, 1); earliest_start: 19; latest_start: 30.54; state: PENDING; required_workers: 1; success_prob: 1; max_attempts: 1
event: task_spawn; timestamp: 0; task: 20; pos: (-3.13, 0.5); earliest_start: 29; latest_start: 34.71; state: PENDING; required_workers: 1; success_prob: 1; max_attempts: 1
event: task_spawn; timestamp: 0; task: 21; pos: (-3.13, -0.5); earliest_start: 28; latest_start: 38.95; state: PENDING; required_workers: 1; success_prob: 1; max_attempts: 1
event: task_spawn; timestamp: 0; task: 22; pos: (-4, -1); earliest_start: 26; latest_start: 36.47; state: PENDING; required_workers: 1; success_prob: 1; max_attempts: 1
event: task_spawn; timestamp: 0; task: 23; pos: (-4.87, -0.5); earliest_start: 38; latest_start: 45.98; state: PENDING; required_workers: 1; success_prob: 1; max_attempts: 1
event: task_spawn; timestamp: 0; task: 24; pos: (-4.87, 0.5); earliest_start: 9; latest_start: 19.2; state: PENDING; required_workers: 1; success_prob: 1; max_attempts: 1
event: robot_spawn; timestamp: 0; robot: 1; pos: (0, 0); state: AVAILABLE; battery_level: 100; battery_capacity: 100; velocity: 1; battery_rate_nav: 1
event: robot_spawn; timestamp: 0; robot: 2; pos: (0, 0); state: AVAILABLE; battery_level: 100; battery_capacity: 100; velocity: 1; battery_rate_nav: 1
event: robot_spawn; timestamp: 0; robot: 3; pos: (0, 0); state: AVAILABLE; battery_level: 100; battery_capacity: 100; velocity: 1; battery_rate_nav: 1
event: robot_spawn; timestamp: 0; robot: 4; pos: (0, 0); state: AVAILABLE; battery_level: 100; battery_capacity: 100; velocity: 1; battery_rate_nav: 1
event: robot_spawn; timestamp: 0; robot: 5; pos: (0, 0); state: AVAILABLE; battery_level: 100; battery_capacity: 100; velocity: 1; battery_rate_nav: 1
event: battery_consumption; timestamp: 0; robot: 4; time: 4.8956; initial_level: 100; final_level: 95.1044
event: navigation; timestamp: 0; robot: 4; time: 4.8956; src: (0, 0); dst: (4.87, -0.5)
event: battery_consumption; timestamp: 0; robot: 3; time: 4.8956; initial_level: 100; final_level: 95.1044
event: navigation; timestamp: 0; robot: 3; time: 4.8956; src: (0, 0); dst: (-4.87, 0.5)
event: battery_consumption; timestamp: 0; robot: 5; time: 4.12311; initial_level: 100; final_level: 95.8769
event: navigation; timestamp: 0; robot: 5; time: 4.12311; src: (0, 0); dst: (4, -1)
event: battery_consumption; timestamp: 0; robot: 1; time: 3.60651; initial_level: 100; final_level: 96.3935
event: navigation; timestamp: 0; robot: 1; time: 3.60651; src: (0, 0); dst: (-0.87, -3.5)
event: battery_consumption; timestamp: 1; robot: 2; time: 3.16968; initial_level: 100; final_level: 96.8303
event: navigation; timestamp: 1; robot: 2; time: 3.16968; src: (0, 0); dst: (-3.13, 0.5)
event: task_execution; timestamp: 4.12311; task: 10; robot: 5; pos: (4, -1); time: 10
event: battery_consumption; timestamp: 4.12311; robot: 5; time: 10; initial_level: 95.8769; final_level: 85.8769
event: task_resolution; timestamp: 14.1231; task: 10; pos: (4, -1); status: COMPLETED; attempt: 1
event: battery_consumption; timestamp: 14.1231; robot: 5; time: 8.24621; initial_level: 85.8769; final_level: 77.6307
event: navigation; timestamp: 14.1231; robot: 5; time: 8.24621; src: (4, -1); dst: (-4, 1)
event: task_execution; timestamp: 4.8956; task: 9; robot: 4; pos: (4.87, -0.5); time: 10
event: battery_consumption; timestamp: 4.8956; robot: 4; time: 10; initial_level: 95.1044; final_level: 85.1044
event: task_resolution; timestamp: 14.8956; task: 9; pos: (4.87, -0.5); status: COMPLETED; attempt: 1
event: battery_consumption; timestamp: 14.8956; robot: 4; time: 8.88408; initial_level: 85.1044; final_level: 76.2203
event: navigation; timestamp: 14.8956; robot: 4; time: 8.88408; src: (4.87, -0.5); dst: (-4, -1)
event: task_execution; timestamp: 9; task: 24; robot: 3; pos: (-4.87, 0.5); time: 10
event: battery_consumption; timestamp: 9; robot: 3; time: 10; initial_level: 95.1044; final_level: 85.1044
event: task_resolution; timestamp: 19; task: 24; pos: (-4.87, 0.5); status: COMPLETED; attempt: 1
event: battery_consumption; timestamp: 19; robot: 3; time: 2.00689; initial_level: 85.1044; final_level: 83.0975
event: navigation; timestamp: 19; robot: 3; time: 2.00689; src: (-4.87, 0.5); dst: (-3.13, -0.5)
event: task_execution; timestamp: 15; task: 18; robot: 1; pos: (-0.87, -3.5); time: 10
event: battery_consumption; timestamp: 15; robot: 1; time: 10; initial_level: 96.3935; final_level: 86.3935
event: task_resolution; timestamp: 25; task: 18; pos: (-0.87, -3.5); status: COMPLETED; attempt: 1
event: battery_consumption; timestamp: 25; robot: 1; time: 1; initial_level: 86.3935; final_level: 85.3935
event: navigation; timestamp: 25; robot: 1; time: 1; src: (-0.87, -3.5); dst: (-0.87, -4.5)
event: task_execution; timestamp: 22.3693; task: 19; robot: 5; pos: (-4, 1); time: 10
event: battery_consumption; timestamp: 22.3693; robot: 5; time: 10; initial_level: 77.6307; final_level: 67.6307
event: task_resolution; timestamp: 32.3693; task: 19; pos: (-4, 1); status: COMPLETED; attempt: 1
event: battery_consumption; timestamp: 32.3693; robot: 5; time: 4.00586; initial_level: 67.6307; final_level: 63.6248
event: navigation; timestamp: 32.3693; robot: 5; time: 4.00586; src: (-4, 1); dst: (-0.87, 3.5)
event: task_execution; timestamp: 26; task: 22; robot: 4; pos: (-4, -1); time: 10
event: battery_consumption; timestamp: 26; robot: 4; time: 10; initial_level: 76.2203; final_level: 66.2203
event: task_resolution; timestamp: 36; task: 22; pos: (-4, -1); status: COMPLETED; attempt: 1
event: battery_consumption; timestamp: 36; robot: 4; time: 1.00344; initial_level: 66.2203; final_level: 65.2169
event: navigation; timestamp: 36; robot: 4; time: 1.00344; src: (-4, -1); dst: (-4.87, -0.5)
event: task_execution; timestamp: 28; task: 21; robot: 3; pos: (-3.13, -0.5); time: 10
event: battery_consumption; timestamp: 28; robot: 3; time: 10; initial_level: 83.0975; final_level: 73.0975
event: task_resolution; timestamp: 38; task: 21; pos: (-3.13, -0.5); status: COMPLETED; attempt: 1
event: battery_consumption; timestamp: 38; robot: 3; time: 8.06226; initial_level: 73.0975; final_level: 65.0353
event: navigation; timestamp: 38; robot: 3; time: 8.06226; src: (-3.13, -0.5); dst: (4.87, 0.5)
event: task_execution; timestamp: 29; task: 20; robot: 2; pos: (-3.13, 0.5); time: 10
event: battery_consumption; timestamp: 29; robot: 2; time: 10; initial_level: 96.8303; final_level: 86.8303
event: task_resolution; timestamp: 39; task: 20; pos: (-3.13, 0.5); status: COMPLETED; attempt: 1
event: battery_consumption; timestamp: 39; robot: 2; time: 5.65685; initial_level: 86.8303; final_level: 81.1735
event: navigation; timestamp: 39; robot: 2; time: 5.65685; src: (-3.13, 0.5); dst: (0.87, 4.5)
event: task_execution; timestamp: 30; task: 17; robot: 1; pos: (-0.87, -4.5); time: 10
event: battery_consumption; timestamp: 30; robot: 1; time: 10; initial_level: 85.3935; final_level: 75.3935
event: task_resolution; timestamp: 40; task: 17; pos: (-0.87, -4.5); status: COMPLETED; attempt: 1
event: battery_consumption; timestamp: 40; robot: 1; time: 1.00344; initial_level: 75.3935; final_level: 74.39
event: navigation; timestamp: 40; robot: 1; time: 1.00344; src: (-0.87, -4.5); dst: (0, -5)
event: battery_consumption; timestamp: 44.12; robot: 2; time: 1; initial_level: 81.1735; final_level: 80.1735
event: navigation; timestamp: 44.12; robot: 2; time: 1; src: (0.87, 4.5); dst: (0.87, 3.5)
event: task_execution; timestamp: 37; task: 5; robot: 5; pos: (-0.87, 3.5); time: 10
event: battery_consumption; timestamp: 37; robot: 5; time: 10; initial_level: 63.6248; final_level: 53.6248
event: task_resolution; timestamp: 47; task: 5; pos: (-0.87, 3.5); status: COMPLETED; attempt: 1
event: battery_consumption; timestamp: 47; robot: 5; time: 1; initial_level: 53.6248; final_level: 52.6248
event: navigation; timestamp: 47; robot: 5; time: 1; src: (-0.87, 3.5); dst: (-0.87, 4.5)
event: task_execution; timestamp: 38; task: 23; robot: 4; pos: (-4.87, -0.5); time: 10
event: battery_consumption; timestamp: 38; robot: 4; time: 10; initial_level: 65.2169; final_level: 55.2169
event: task_resolution; timestamp: 48; task: 23; pos: (-4.87, -0.5); status: COMPLETED; attempt: 1
event: battery_consumption; timestamp: 48; robot: 4; time: 8.06226; initial_level: 55.2169; final_level: 47.1546
event: navigation; timestamp: 48; robot: 4; time: 8.06226; src: (-4.87, -0.5); dst: (3.13, 0.5)
event: battery_consumption; timestamp: 49.57; robot: 4; time: 3.16968; initial_level: 47.1546; final_level: 43.9849
event: navigation; timestamp: 49.57; robot: 4; time: 3.16968; src: (3.13, 0.5); dst: (0, 0)
event: robot_finished; timestamp: 52.7397; robot: 4; pos: (0, 0); battery: 43.9849
event: task_execution; timestamp: 41.0034; task: 16; robot: 1; pos: (0, -5); time: 10
event: battery_consumption; timestamp: 41.0034; robot: 1; time: 10; initial_level: 74.39; final_level: 64.39
event: task_resolution; timestamp: 51.0034; task: 16; pos: (0, -5); status: COMPLETED; attempt: 1
event: battery_consumption; timestamp: 51.0034; robot: 1; time: 10; initial_level: 64.39; final_level: 54.39
event: navigation; timestamp: 51.0034; robot: 1; time: 10; src: (0, -5); dst: (0, 5)
event: battery_consumption; timestamp: 51.29; robot: 1; time: 5; initial_level: 54.39; final_level: 49.39
event: navigation; timestamp: 51.29; robot: 1; time: 5; src: (0, 5); dst: (0, 0)
event: recharge; timestamp: 56.29; robot: 1; recharging_station: 1; pos: (0, 0); level: 100
event: task_execution; timestamp: 45.12; task: 3; robot: 2; pos: (0.87, 3.5); time: 10
event: battery_consumption; timestamp: 45.12; robot: 2; time: 10; initial_level: 80.1735; final_level: 70.1735
event: task_resolution; timestamp: 55.12; task: 3; pos: (0.87, 3.5); status: COMPLETED; attempt: 1
event: battery_consumption; timestamp: 55.12; robot: 2; time: 4.5943; initial_level: 70.1735; final_level: 65.5792
event: navigation; timestamp: 55.12; robot: 2; time: 4.5943; src: (0.87, 3.5); dst: (3.13, -0.5)
event: task_execution; timestamp: 46.0623; task: 8; robot: 3; pos: (4.87, 0.5); time: 10
event: battery_consumption; timestamp: 46.0623; robot: 3; time: 10; initial_level: 65.0353; final_level: 55.0353
event: task_resolution; timestamp: 56.0623; task: 8; pos: (4.87, 0.5); status: COMPLETED; attempt: 1
event: battery_consumption; timestamp: 56.0623; robot: 3; time: 1.00344; initial_level: 55.0353; final_level: 54.0318
event: navigation; timestamp: 56.0623; robot: 3; time: 1.00344; src: (4.87, 0.5); dst: (4, 1)
event: robot_finished; timestamp: 56.29; robot: 1; pos: (0, 0); battery: 100
event: task_execution; timestamp: 48; task: 6; robot: 5; pos: (-0.87, 4.5); time: 10
event: battery_consumption; timestamp: 48; robot: 5; time: 10; initial_level: 52.6248; final_level: 42.6248
event: task_resolution; timestamp: 58; task: 6; pos: (-0.87, 4.5); status: COMPLETED; attempt: 1
event: battery_consumption; timestamp: 58; robot: 5; time: 4.58333; initial_level: 42.6248; final_level: 38.0415
event: navigation; timestamp: 58; robot: 5; time: 4.58333; src: (-0.87, 4.5); dst: (0, 0)
event: robot_finished; timestamp: 62.5833; robot: 5; pos: (0, 0); battery: 38.0415
event: task_execution; timestamp: 57.0657; task: 7; robot: 3; pos: (4, 1); time: 10
event: battery_consumption; timestamp: 57.0657; robot: 3; time: 10; initial_level: 54.0318; final_level: 44.0318
event: task_resolution; timestamp: 67.0657; task: 7; pos: (4, 1); status: COMPLETED; attempt: 1
event: battery_consumption; timestamp: 67.0657; robot: 3; time: 4.12311; initial_level: 44.0318; final_level: 39.9087
event: navigation; timestamp: 67.0657; robot: 3; time: 4.12311; src: (4, 1); dst: (0, 0)
event: robot_finished; timestamp: 71.1888; robot: 3; pos: (0, 0); battery: 39.9087
event: task_execution; timestamp: 59.7143; task: 11; robot: 2; pos: (3.13, -0.5); time: 10
event: battery_consumption; timestamp: 59.7143; robot: 2; time: 10; initial_level: 65.5792; final_level: 55.5792
event: task_resolution; timestamp: 69.7143; task: 11; pos: (3.13, -0.5); status: COMPLETED; attempt: 1
event: battery_consumption; timestamp: 69.7143; robot: 2; time: 3.16968; initial_level: 55.5792; final_level: 52.4095
event: navigation; timestamp: 69.7143; robot: 2; time: 3.16968; src: (3.13, -0.5); dst: (0, 0)
event: robot_finished; timestamp: 72.884; robot: 2; pos: (0, 0); battery: 52.4095
metric: available_agents; value: 0
metric: failed_agents; value: 0
metric: finished_agents; value: 5
metric: completed_tasks; value: 17
metric: pending_tasks; value: 0
metric: failed_tasks; value: 7
metric: average_robot_makespan; value: 63.1372
metric: sd_robot_makespan; value: 8.87591
metric: max_robot_makespan; value: 72.884
metric: min_robot_makespan; value: 52.7397
metric: average_robot_travel_distance; value: 21.2531
metric: sd_robot_travel_distance; value: 3.09644
metric: max_robot_travel_distance; value: 26.0151
metric: min_robot_travel_distance; value: 17.5905
metric: sum_robot_travel_distance; value: 106.265
metric: average_completed_tasks_by_robot; value: 0
metric: sd_completed_tasks_by_robot; value: 0
metric: max_completed_tasks_by_robot; value: 0
metric: min_completed_tasks_by_robot; value: 0
metric: final_reward; value: 0.708333
metric: computing_time; value: 2.04179
