info: solver_name; value: dec-mcts-v4-c035
info: reward_function; value: reward00
info: replica; value: 2
info: filename; value: ../logs/fixed_sim/scenario_1E_24t_2r_dec-mcts-v4-c035_reward00_002.log
info: scenario_name; value: scenario_1E_24t_2r
info: scenario_name; value: scenario_1E_24t_2r
info: number_of_tasks; value: 24
info: number_of_robots; value: 2
info: number_of_recharging_stations; value: 1
info: scenario_size; value: (15,15)
event: recharging_station_spawn; timestamp: 0; recharging_station: 1; pos: (0, 0)
event: task_spawn; timestamp: 0; task: 1; pos: (0, 5); earliest_start: 5; latest_start: 16.53; state: PENDING; required_workers: 1; success_prob: 1; max_attempts: 1
event: task_spawn; timestamp: 0; task: 2; pos: (0.87, 4.5); earliest_start: 27; latest_start: 32.41; state: PENDING; required_workers: 1; success_prob: 1; max_attempts: 1
event: task_spawn; timestamp: 0; task: 3; pos: (0.87, 3.5); earliest_start: 34; latest_start: 39.54; state: PENDING; required_workers: 1; success_prob: 1; max_attempts: 1
event: task_spawn; timestamp: 0; task: 4; pos: (0, 3); earliest_start: 18; latest_start: 24.65; state: PENDING; required_workers: 1; success_prob: 1; max_attempts: 1
event: task_spawn; timestamp: 0; task: 5; pos: (-0.87, 3.5); earliest_start: 42; latest_start: 51.47; state: PENDING; required_workers: 1; success_prob: 1; max_attempts: 1
event: task_spawn; timestamp: 0; task: 6; pos: (-0.87, 4.5); earliest_start: 18; latest_start: 29.1; state: PENDING; required_workers: 1; success_prob: 1; max_attempts: 1
event: task_spawn; timestamp: 0; task: 7; pos: (4, 1); earliest_start: 27; latest_start: 35.58; state: PENDING; required_workers: 1; success_prob: 1; max_attempts: 1
event: task_spawn; timestamp: 0; task: 8; pos: (4.87, 0.5); earliest_start: 10; latest_start: 23.82; state: PENDING; required_workers: 1; success_prob: 1; max_attempts: 1
event: task_spawn; timestamp: 0; task: 9; pos: (4.87, -0.5); earliest_start: 2; latest_start: 10.97; state: PENDING; required_workers: 1; success_prob: 1; max_attempts: 1
event: task_spawn; timestamp: 0; task: 10; pos: (4, -1); earliest_start: 46; latest_start: 53.41; state: PENDING; required_workers: 1; success_prob: 1; max_attempts: 1
event: task_spawn; timestamp: 0; task: 11; pos: (3.13, -0.5); earliest_start: 27; latest_start: 38.92; state: PENDING; required_workers: 1; success_prob: 1; max_attempts: 1
event: task_spawn; timestamp: 0; task: 12; pos: (3.13, 0.5); earliest_start: 17; latest_start: 24.96; state: PENDING; required_workers: 1; success_prob: 1; max_attempts: 1
event: task_spawn; timestamp: 0; task: 13; pos: (0, -3); earliest_start: 3; latest_start: 9.6; state: PENDING; required_workers: 1; success_prob: 1; max_attempts: 1
event: task_spawn; timestamp: 0; task: 14; pos: (0.87, -3.5); earliest_start: 4; latest_start: 9.92; state: PENDING; required_workers: 1; success_prob: 1; max_attempts: 1
event: task_spawn; timestamp: 0; task: 15; pos: (0.87, -4.5); earliest_start: 32; latest_start: 40.54; state: PENDING; required_workers: 1; success_prob: 1; max_attempts: 1
event: task_spawn; timestamp: 0; task: 16; pos: (0, -5); earliest_start: 47; latest_start: 54.3; state: PENDING; required_workers: 1; success_prob: 1; max_attempts: 1
event: task_spawn; timestamp: 0; task: 17; pos: (-0.87, -4.5); earliest_start: 9; latest_start: 15.82; state: PENDING; required_workers: 1; success_prob: 1; max_attempts: 1
event: task_spawn; timestamp: 0; task: 18; pos: (-0.87, -3.5); earliest_start: 38; latest_start: 41.3; state: PENDING; required_workers: 1; success_prob: 1; max_attempts: 1
event: task_spawn; timestamp: 0; task: 19; pos: (-4, 1); earliest_start: 8; latest_start: 16.59; state: PENDING; required_workers: 1; success_prob: 1; max_attempts: 1
event: task_spawn; timestamp: 0; task: 20; pos: (-3.13, 0.5); earliest_start: 4; latest_start: 11.1; state: PENDING; required_workers: 1; success_prob: 1; max_attempts: 1
event: task_spawn; timestamp: 0; task: 21; pos: (-3.13, -0.5); earliest_start: 23; latest_start: 33.38; state: PENDING; required_workers: 1; success_prob: 1; max_attempts: 1
event: task_spawn; timestamp: 0; task: 22; pos: (-4, -1); earliest_start: 24; latest_start: 38.3; state: PENDING; required_workers: 1; success_prob: 1; max_attempts: 1
event: task_spawn; timestamp: 0; task: 23; pos: (-4.87, -0.5); earliest_start: 9; latest_start: 19.73; state: PENDING; required_workers: 1; success_prob: 1; max_attempts: 1
event: task_spawn; timestamp: 0; task: 24; pos: (-4.87, 0.5); earliest_start: 43; latest_start: 52.76; state: PENDING; required_workers: 1; success_prob: 1; max_attempts: 1
event: robot_spawn; timestamp: 0; robot: 1; pos: (0, 0); state: AVAILABLE; battery_level: 100; battery_capacity: 100; velocity: 1; battery_rate_nav: 1
event: robot_spawn; timestamp: 0; robot: 2; pos: (0, 0); state: AVAILABLE; battery_level: 100; battery_capacity: 100; velocity: 1; battery_rate_nav: 1
event: battery_consumption; timestamp: 0; robot: 2; time: 3.16968; initial_level: 100; final_level: 96.8303
event: navigation; timestamp: 0; robot: 2; time: 3.16968; src: (0, 0); dst: (-3.13, 0.5)
event: battery_consumption; timestamp: 0; robot: 1; time: 4.8956; initial_level: 100; final_level: 95.1044
event: navigation; timestamp: 0; robot: 1; time: 4.8956; src: (0, 0); dst: (4.87, -0.5)
event: task_execution; timestamp: 4; task: 20; robot: 2; pos: (-3.13, 0.5); time: 10
event: battery_consumption; timestamp: 4; robot: 2; time: 10; initial_level: 96.8303; final_level: 86.8303
event: task_resolution; timestamp: 14; task: 20; pos: (-3.13, 0.5); status: COMPLETED; attempt: 1
event: battery_consumption; timestamp: 14; robot: 2; time: 1.00344; initial_level: 86.8303; final_level: 85.8269
event: navigation; timestamp: 14; robot: 2; time: 1.00344; src: (-3.13, 0.5); dst: (-4, 1)
event: task_execution; timestamp: 4.8956; task: 9; robot: 1; pos: (4.87, -0.5); time: 10
event: battery_consumption; timestamp: 4.8956; robot: 1; time: 10; initial_level: 95.1044; final_level: 85.1044
event: task_resolution; timestamp: 14.8956; task: 9; pos: (4.87, -0.5); status: COMPLETED; attempt: 1
event: battery_consumption; timestamp: 14.8956; robot: 1; time: 1; initial_level: 85.1044; final_level: 84.1044
event: navigation; timestamp: 14.8956; robot: 1; time: 1; src: (4.87, -0.5); dst: (4.87, 0.5)
event: task_execution; timestamp: 15.0034; task: 19; robot: 2; pos: (-4, 1); time: 10
event: battery_consumption; timestamp: 15.0034; robot: 2; time: 10; initial_level: 85.8269; final_level: 75.8269
event: task_resolution; timestamp: 25.0034; task: 19; pos: (-4, 1); status: COMPLETED; attempt: 1
event: battery_consumption; timestamp: 25.0034; robot: 2; time: 1.73404; initial_level: 75.8269; final_level: 74.0928
event: navigation; timestamp: 25.0034; robot: 2; time: 1.73404; src: (-4, 1); dst: (-3.13, -0.5)
event: task_execution; timestamp: 15.8956; task: 8; robot: 1; pos: (4.87, 0.5); time: 10
event: battery_consumption; timestamp: 15.8956; robot: 1; time: 10; initial_level: 84.1044; final_level: 74.1044
event: task_resolution; timestamp: 25.8956; task: 8; pos: (4.87, 0.5); status: COMPLETED; attempt: 1
event: battery_consumption; timestamp: 25.8956; robot: 1; time: 1.00344; initial_level: 74.1044; final_level: 73.101
event: navigation; timestamp: 25.8956; robot: 1; time: 1.00344; src: (4.87, 0.5); dst: (4, 1)
event: task_execution; timestamp: 26.7375; task: 21; robot: 2; pos: (-3.13, -0.5); time: 10
event: battery_consumption; timestamp: 26.7375; robot: 2; time: 10; initial_level: 74.0928; final_level: 64.0928
event: task_resolution; timestamp: 36.7375; task: 21; pos: (-3.13, -0.5); status: COMPLETED; attempt: 1
event: battery_consumption; timestamp: 36.7375; robot: 2; time: 1.00344; initial_level: 64.0928; final_level: 63.0894
event: navigation; timestamp: 36.7375; robot: 2; time: 1.00344; src: (-3.13, -0.5); dst: (-4, -1)
event: task_execution; timestamp: 27; task: 7; robot: 1; pos: (4, 1); time: 10
event: battery_consumption; timestamp: 27; robot: 1; time: 10; initial_level: 73.101; final_level: 63.101
event: task_resolution; timestamp: 37; task: 7; pos: (4, 1); status: COMPLETED; attempt: 1
event: battery_consumption; timestamp: 37; robot: 1; time: 1.73404; initial_level: 63.101; final_level: 61.3669
event: navigation; timestamp: 37; robot: 1; time: 1.73404; src: (4, 1); dst: (3.13, -0.5)
event: task_execution; timestamp: 37.7409; task: 22; robot: 2; pos: (-4, -1); time: 10
event: battery_consumption; timestamp: 37.7409; robot: 2; time: 10; initial_level: 63.0894; final_level: 53.0894
event: task_resolution; timestamp: 47.7409; task: 22; pos: (-4, -1); status: COMPLETED; attempt: 1
event: battery_consumption; timestamp: 47.7409; robot: 2; time: 5.65685; initial_level: 53.0894; final_level: 47.4325
event: navigation; timestamp: 47.7409; robot: 2; time: 5.65685; src: (-4, -1); dst: (0, -5)
event: task_execution; timestamp: 38.734; task: 11; robot: 1; pos: (3.13, -0.5); time: 10
event: battery_consumption; timestamp: 38.734; robot: 1; time: 10; initial_level: 61.3669; final_level: 51.3669
event: task_resolution; timestamp: 48.734; task: 11; pos: (3.13, -0.5); status: COMPLETED; attempt: 1
event: battery_consumption; timestamp: 48.734; robot: 1; time: 1.00344; initial_level: 51.3669; final_level: 50.3635
event: navigation; timestamp: 48.734; robot: 1; time: 1.00344; src: (3.13, -0.5); dst: (4, -1)
event: task_execution; timestamp: 49.7375; task: 10; robot: 1; pos: (4, -1); time: 10
event: battery_consumption; timestamp: 49.7375; robot: 1; time: 10; initial_level: 50.3635; final_level: 40.3635
event: task_resolution; timestamp: 59.7375; task: 10; pos: (4, -1); status: COMPLETED; attempt: 1
event: battery_consumption; timestamp: 59.7375; robot: 1; time: 4.12311; initial_level: 40.3635; final_level: 36.2404
event: navigation; timestamp: 59.7375; robot: 1; time: 4.12311; src: (4, -1); dst: (0, 0)
event: robot_finished; timestamp: 63.8606; robot: 1; pos: (0, 0); battery: 36.2404
event: task_execution; timestamp: 53.3978; task: 16; robot: 2; pos: (0, -5); time: 10
event: battery_consumption; timestamp: 53.3978; robot: 2; time: 10; initial_level: 47.4325; final_level: 37.4325
event: task_resolution; timestamp: 63.3978; task: 16; pos: (0, -5); status: COMPLETED; attempt: 1
event: battery_consumption; timestamp: 63.3978; robot: 2; time: 5; initial_level: 37.4325; final_level: 32.4325
event: navigation; timestamp: 63.3978; robot: 2; time: 5; src: (0, -5); dst: (0, 0)
event: robot_finished; timestamp: 68.3978; robot: 2; pos: (0, 0); battery: 32.4325
metric: available_agents; value: 0
metric: failed_agents; value: 0
metric: finished_agents; value: 2
metric: completed_tasks; value: 10
metric: pending_tasks; value: 0
metric: failed_tasks; value: 14
metric: average_robot_makespan; value: 66.1292
metric: sd_robot_makespan; value: 3.20828
metric: max_robot_makespan; value: 68.3978
metric: min_robot_makespan; value: 63.8606
metric: average_robot_travel_distance; value: 15.6636
metric: sd_robot_travel_distance; value: 2.69254
metric: max_robot_travel_distance; value: 17.5675
metric: min_robot_travel_distance; value: 13.7596
metric: sum_robot_travel_distance; value: 31.3271
metric: average_completed_tasks_by_robot; value: 0
metric: sd_completed_tasks_by_robot; value: 0
metric: max_completed_tasks_by_robot; value: 0
metric: min_completed_tasks_by_robot; value: 0
metric: final_reward; value: 0.416667
metric: computing_time; value: 0.45581
