info: solver_name; value: cbba
info: reward_function; value: reward00
info: replica; value: 3
info: filename; value: ../logs/fixed_sim/scenario_1E_24t_3r_cbba_reward00_003.log
info: scenario_name; value: scenario_1E_24t_3r
info: scenario_name; value: scenario_1E_24t_3r
info: number_of_tasks; value: 24
info: number_of_robots; value: 3
info: number_of_recharging_stations; value: 1
info: scenario_size; value: (15,15)
event: recharging_station_spawn; timestamp: 0; recharging_station: 1; pos: (0, 0)
event: task_spawn; timestamp: 0; task: 1; pos: (0, 5); earliest_start: 28; latest_start: 35.25; state: PENDING; required_workers: 1; success_prob: 1; max_attempts: 1
event: task_spawn; timestamp: 0; task: 2; pos: (0.87, 4.5); earliest_start: 48; latest_start: 58.89; state: PENDING; required_workers: 1; success_prob: 1; max_attempts: 1
event: task_spawn; timestamp: 0; task: 3; pos: (0.87, 3.5); earliest_start: 23; latest_start: 34.45; state: PENDING; required_workers: 1; success_prob: 1; max_attempts: 1
event: task_spawn; timestamp: 0; task: 4; pos: (0, 3); earliest_start: 25; latest_start: 35.76; state: PENDING; required_workers: 1; success_prob: 1; max_attempts: 1
event: task_spawn; timestamp: 0; task: 5; pos: (-0.87, 3.5); earliest_start: 7; latest_start: 16.05; state: PENDING; required_workers: 1; success_prob: 1; max_attempts: 1
event: task_spawn; timestamp: 0; task: 6; pos: (-0.87, 4.5); earliest_start: 1; latest_start: 13.23; state: PENDING; required_workers: 1; success_prob: 1; max_attempts: 1
event: task_spawn; timestamp: 0; task: 7; pos: (4, 1); earliest_start: 24; latest_start: 33.68; state: PENDING; required_workers: 1; success_prob: 1; max_attempts: 1
event: task_spawn; timestamp: 0; task: 8; pos: (4.87, 0.5); earliest_start: 35; latest_start: 41.49; state: PENDING; required_workers: 1; success_prob: 1; max_attempts: 1
event: task_spawn; timestamp: 0; task: 9; pos: (4.87, -0.5); earliest_start: 45; latest_start: 58.83; state: PENDING; required_workers: 1; success_prob: 1; max_attempts: 1
event: task_spawn; timestamp: 0; task: 10; pos: (4, -1); earliest_start: 28; latest_start: 41.49; state: PENDING; required_workers: 1; success_prob: 1; max_attempts: 1
event: task_spawn; timestamp: 0; task: 11; pos: (3.13, -0.5); earliest_start: 44; latest_start: 54.91; state: PENDING; required_workers: 1; success_prob: 1; max_attempts: 1
event: task_spawn; timestamp: 0; task: 12; pos: (3.13, 0.5); earliest_start: 31; latest_start: 45.03; state: PENDING; required_workers: 1; success_prob: 1; max_attempts: 1
event: task_spawn; timestamp: 0; task: 13; pos: (0, -3); earliest_start: 4; latest_start: 14.5; state: PENDING; required_workers: 1; success_prob: 1; max_attempts: 1
event: task_spawn; timestamp: 0; task: 14; pos: (0.87, -3.5); earliest_start: 28; latest_start: 39.54; state: PENDING; required_workers: 1; success_prob: 1; max_attempts: 1
event: task_spawn; timestamp: 0; task: 15; pos: (0.87, -4.5); earliest_start: 5; latest_start: 17.22; state: PENDING; required_workers: 1; success_prob: 1; max_attempts: 1
event: task_spawn; timestamp: 0; task: 16; pos: (0, -5); earliest_start: 43; latest_start: 57.19; state: PENDING; required_workers: 1; success_prob: 1; max_attempts: 1
event: task_spawn; timestamp: 0; task: 17; pos: (-0.87, -4.5); earliest_start: 42; latest_start: 60.63; state: PENDING; required_workers: 1; success_prob: 1; max_attempts: 1
event: task_spawn; timestamp: 0; task: 18; pos: (-0.87, -3.5); earliest_start: 22; latest_start: 30.22; state: PENDING; required_workers: 1; success_prob: 1; max_attempts: 1
event: task_spawn; timestamp: 0; task: 19; pos: (-4, 1); earliest_start: 18; latest_start: 27.05; state: PENDING; required_workers: 1; success_prob: 1; max_attempts: 1
event: task_spawn; timestamp: 0; task: 20; pos: (-3.13, 0.5); earliest_start: 19; latest_start: 25.33; state: PENDING; required_workers: 1; success_prob: 1; max_attempts: 1
event: task_spawn; timestamp: 0; task: 21; pos: (-3.13, -0.5); earliest_start: 44; latest_start: 56.81; state: PENDING; required_workers: 1; success_prob: 1; max_attempts: 1
event: task_spawn; timestamp: 0; task: 22; pos: (-4, -1); earliest_start: 40; latest_start: 46.2; state: PENDING; required_workers: 1; success_prob: 1; max_attempts: 1
event: task_spawn; timestamp: 0; task: 23; pos: (-4.87, -0.5); earliest_start: 14; latest_start: 25.3; state: PENDING; required_workers: 1; success_prob: 1; max_attempts: 1
event: task_spawn; timestamp: 0; task: 24; pos: (-4.87, 0.5); earliest_start: 7; latest_start: 19.52; state: PENDING; required_workers: 1; success_prob: 1; max_attempts: 1
event: robot_spawn; timestamp: 0; robot: 1; pos: (0, 0); state: AVAILABLE; battery_level: 100; battery_capacity: 100; velocity: 1; battery_rate_nav: 1
event: robot_spawn; timestamp: 0; robot: 2; pos: (0, 0); state: AVAILABLE; battery_level: 100; battery_capacity: 100; velocity: 1; battery_rate_nav: 1
event: robot_spawn; timestamp: 0; robot: 3; pos: (0, 0); state: AVAILABLE; battery_level: 100; battery_capacity: 100; velocity: 1; battery_rate_nav: 1
event: battery_consumption; timestamp: 0; robot: 1; time: 3; initial_level: 100; final_level: 97
event: navigation; timestamp: 0; robot: 1; time: 3; src: (0, 0); dst: (0, -3)
event: battery_consumption; timestamp: 0; robot: 3; time: 4.58333; initial_level: 100; final_level: 95.4167
event: navigation; timestamp: 0; robot: 3; time: 4.58333; src: (0, 0); dst: (-0.87, 4.5)
event: battery_consumption; timestamp: 0; robot: 2; time: 4.8956; initial_level: 100; final_level: 95.1044
event: navigation; timestamp: 0; robot: 2; time: 4.8956; src: (0, 0); dst: (-4.87, 0.5)
event: task_execution; timestamp: 4; task: 13; robot: 1; pos: (0, -3); time: 10
event: battery_consumption; timestamp: 4; robot: 1; time: 10; initial_level: 97; final_level: 87
event: task_resolution; timestamp: 14; task: 13; pos: (0, -3); status: COMPLETED; attempt: 1
event: battery_consumption; timestamp: 14; robot: 1; time: 1.73404; initial_level: 87; final_level: 85.266
event: navigation; timestamp: 14; robot: 1; time: 1.73404; src: (0, -3); dst: (0.87, -4.5)
event: task_execution; timestamp: 4.58333; task: 6; robot: 3; pos: (-0.87, 4.5); time: 10
event: battery_consumption; timestamp: 4.58333; robot: 3; time: 10; initial_level: 95.4167; final_level: 85.4167
event: task_resolution; timestamp: 14.5833; task: 6; pos: (-0.87, 4.5); status: COMPLETED; attempt: 1
event: battery_consumption; timestamp: 14.5833; robot: 3; time: 1; initial_level: 85.4167; final_level: 84.4167
event: navigation; timestamp: 14.5833; robot: 3; time: 1; src: (-0.87, 4.5); dst: (-0.87, 3.5)
event: task_execution; timestamp: 7; task: 24; robot: 2; pos: (-4.87, 0.5); time: 10
event: battery_consumption; timestamp: 7; robot: 2; time: 10; initial_level: 95.1044; final_level: 85.1044
event: task_resolution; timestamp: 17; task: 24; pos: (-4.87, 0.5); status: COMPLETED; attempt: 1
event: battery_consumption; timestamp: 17; robot: 2; time: 1; initial_level: 85.1044; final_level: 84.1044
event: navigation; timestamp: 17; robot: 2; time: 1; src: (-4.87, 0.5); dst: (-4.87, -0.5)
event: task_execution; timestamp: 15.5833; task: 5; robot: 3; pos: (-0.87, 3.5); time: 10
event: battery_consumption; timestamp: 15.5833; robot: 3; time: 10; initial_level: 84.4167; final_level: 74.4167
event: task_resolution; timestamp: 25.5833; task: 5; pos: (-0.87, 3.5); status: COMPLETED; attempt: 1
event: battery_consumption; timestamp: 25.5833; robot: 3; time: 1.00344; initial_level: 74.4167; final_level: 73.4132
event: navigation; timestamp: 25.5833; robot: 3; time: 1.00344; src: (-0.87, 3.5); dst: (0, 3)
event: task_execution; timestamp: 15.734; task: 15; robot: 1; pos: (0.87, -4.5); time: 10
event: battery_consumption; timestamp: 15.734; robot: 1; time: 10; initial_level: 85.266; final_level: 75.266
event: task_resolution; timestamp: 25.734; task: 15; pos: (0.87, -4.5); status: COMPLETED; attempt: 1
event: battery_consumption; timestamp: 25.734; robot: 1; time: 2.00689; initial_level: 75.266; final_level: 73.2591
event: navigation; timestamp: 25.734; robot: 1; time: 2.00689; src: (0.87, -4.5); dst: (-0.87, -3.5)
event: task_execution; timestamp: 18; task: 23; robot: 2; pos: (-4.87, -0.5); time: 10
event: battery_consumption; timestamp: 18; robot: 2; time: 10; initial_level: 84.1044; final_level: 74.1044
event: task_resolution; timestamp: 28; task: 23; pos: (-4.87, -0.5); status: COMPLETED; attempt: 1
event: battery_consumption; timestamp: 28; robot: 2; time: 8.88408; initial_level: 74.1044; final_level: 65.2203
event: navigation; timestamp: 28; robot: 2; time: 8.88408; src: (-4.87, -0.5); dst: (4, -1)
event: task_execution; timestamp: 26.5868; task: 4; robot: 3; pos: (0, 3); time: 10
event: battery_consumption; timestamp: 26.5868; robot: 3; time: 10; initial_level: 73.4132; final_level: 63.4132
event: task_resolution; timestamp: 36.5868; task: 4; pos: (0, 3); status: COMPLETED; attempt: 1
event: battery_consumption; timestamp: 36.5868; robot: 3; time: 4.00586; initial_level: 63.4132; final_level: 59.4074
event: navigation; timestamp: 36.5868; robot: 3; time: 4.00586; src: (0, 3); dst: (3.13, 0.5)
event: task_execution; timestamp: 27.7409; task: 18; robot: 1; pos: (-0.87, -3.5); time: 10
event: battery_consumption; timestamp: 27.7409; robot: 1; time: 10; initial_level: 73.2591; final_level: 63.2591
event: task_resolution; timestamp: 37.7409; task: 18; pos: (-0.87, -3.5); status: COMPLETED; attempt: 1
event: battery_consumption; timestamp: 37.7409; robot: 1; time: 1.74; initial_level: 63.2591; final_level: 61.5191
event: navigation; timestamp: 37.7409; robot: 1; time: 1.74; src: (-0.87, -3.5); dst: (0.87, -3.5)
event: task_execution; timestamp: 36.8841; task: 10; robot: 2; pos: (4, -1); time: 10
event: battery_consumption; timestamp: 36.8841; robot: 2; time: 10; initial_level: 65.2203; final_level: 55.2203
event: task_resolution; timestamp: 46.8841; task: 10; pos: (4, -1); status: COMPLETED; attempt: 1
event: battery_consumption; timestamp: 46.8841; robot: 2; time: 1.00344; initial_level: 55.2203; final_level: 54.2169
event: navigation; timestamp: 46.8841; robot: 2; time: 1.00344; src: (4, -1); dst: (4.87, -0.5)
event: task_execution; timestamp: 39.4809; task: 14; robot: 1; pos: (0.87, -3.5); time: 10
event: battery_consumption; timestamp: 39.4809; robot: 1; time: 10; initial_level: 61.5191; final_level: 51.5191
event: task_resolution; timestamp: 49.4809; task: 14; pos: (0.87, -3.5); status: COMPLETED; attempt: 1
event: battery_consumption; timestamp: 49.4809; robot: 1; time: 1.73404; initial_level: 51.5191; final_level: 49.785
event: navigation; timestamp: 49.4809; robot: 1; time: 1.73404; src: (0.87, -3.5); dst: (0, -5)
event: task_execution; timestamp: 40.5926; task: 12; robot: 3; pos: (3.13, 0.5); time: 10
event: battery_consumption; timestamp: 40.5926; robot: 3; time: 10; initial_level: 59.4074; final_level: 49.4074
event: task_resolution; timestamp: 50.5926; task: 12; pos: (3.13, 0.5); status: COMPLETED; attempt: 1
event: battery_consumption; timestamp: 50.5926; robot: 3; time: 1; initial_level: 49.4074; final_level: 48.4074
event: navigation; timestamp: 50.5926; robot: 3; time: 1; src: (3.13, 0.5); dst: (3.13, -0.5)
event: task_execution; timestamp: 47.8875; task: 9; robot: 2; pos: (4.87, -0.5); time: 10
event: battery_consumption; timestamp: 47.8875; robot: 2; time: 10; initial_level: 54.2169; final_level: 44.2169
event: task_resolution; timestamp: 57.8875; task: 9; pos: (4.87, -0.5); status: COMPLETED; attempt: 1
event: battery_consumption; timestamp: 57.8875; robot: 2; time: 4.8956; initial_level: 44.2169; final_level: 39.3213
event: navigation; timestamp: 57.8875; robot: 2; time: 4.8956; src: (4.87, -0.5); dst: (0, 0)
event: robot_finished; timestamp: 62.7831; robot: 2; pos: (0, 0); battery: 39.3213
event: task_execution; timestamp: 51.215; task: 16; robot: 1; pos: (0, -5); time: 10
event: battery_consumption; timestamp: 51.215; robot: 1; time: 10; initial_level: 49.785; final_level: 39.785
event: task_resolution; timestamp: 61.215; task: 16; pos: (0, -5); status: COMPLETED; attempt: 1
event: battery_consumption; timestamp: 61.215; robot: 1; time: 5; initial_level: 39.785; final_level: 34.785
event: navigation; timestamp: 61.215; robot: 1; time: 5; src: (0, -5); dst: (0, 0)
event: robot_finished; timestamp: 66.215; robot: 1; pos: (0, 0); battery: 34.785
event: task_execution; timestamp: 51.5926; task: 11; robot: 3; pos: (3.13, -0.5); time: 10
event: battery_consumption; timestamp: 51.5926; robot: 3; time: 10; initial_level: 48.4074; final_level: 38.4074
event: task_resolution; timestamp: 61.5926; task: 11; pos: (3.13, -0.5); status: COMPLETED; attempt: 1
event: battery_consumption; timestamp: 61.5926; robot: 3; time: 3.16968; initial_level: 38.4074; final_level: 35.2377
event: navigation; timestamp: 61.5926; robot: 3; time: 3.16968; src: (3.13, -0.5); dst: (0, 0)
event: robot_finished; timestamp: 64.7623; robot: 3; pos: (0, 0); battery: 35.2377
metric: available_agents; value: 0
metric: failed_agents; value: 0
metric: finished_agents; value: 3
metric: completed_tasks; value: 14
metric: pending_tasks; value: 0
metric: failed_tasks; value: 10
metric: average_robot_makespan; value: 64.5868
metric: sd_robot_makespan; value: 1.72264
metric: max_robot_makespan; value: 66.215
metric: min_robot_makespan; value: 62.7831
metric: average_robot_travel_distance; value: 16.8853
metric: sd_robot_travel_distance; value: 3.29296
metric: max_robot_travel_distance; value: 20.6787
metric: min_robot_travel_distance; value: 14.7623
metric: sum_robot_travel_distance; value: 50.656
metric: average_completed_tasks_by_robot; value: 0
metric: sd_completed_tasks_by_robot; value: 0
metric: max_completed_tasks_by_robot; value: 0
metric: min_completed_tasks_by_robot; value: 0
metric: final_reward; value: 0.583333
metric: computing_time; value: 0.000610833
