info: solver_name; value: dec-mcts-v3
info: reward_function; value: reward00
info: replica; value: 2
info: filename; value: ../logs/fixed_sim/scenario_1E_20t_5r_dec-mcts-v3_reward00_002.log
info: scenario_name; value: scenario_1E_20t_5r
info: scenario_name; value: scenario_1E_20t_5r
info: number_of_tasks; value: 20
info: number_of_robots; value: 5
info: number_of_recharging_stations; value: 1
info: scenario_size; value: (15,15)
event: recharging_station_spawn; timestamp: 0; recharging_station: 1; pos: (0, 0)
event: task_spawn; timestamp: 0; task: 1; pos: (0, 5); earliest_start: 11; latest_start: 24.62; state: PENDING; required_workers: 1; success_prob: 1; max_attempts: 1
event: task_spawn; timestamp: 0; task: 2; pos: (0.95, 4.31); earliest_start: 29; latest_start: 40.04; state: PENDING; required_workers: 1; success_prob: 1; max_attempts: 1
event: task_spawn; timestamp: 0; task: 3; pos: (0.59, 3.19); earliest_start: 11; latest_start: 24.4; state: PENDING; required_workers: 1; success_prob: 1; max_attempts: 1
event: task_spawn; timestamp: 0; task: 4; pos: (-0.59, 3.19); earliest_start: 8; latest_start: 17.59; state: PENDING; required_workers: 1; success_prob: 1; max_attempts: 1
event: task_spawn; timestamp: 0; task: 5; pos: (-0.95, 4.31); earliest_start: 29; latest_start: 43.79; state: PENDING; required_workers: 1; success_prob: 1; max_attempts: 1
event: task_spawn; timestamp: 0; task: 6; pos: (4, 1); earliest_start: 2; latest_start: 14; state: PENDING; required_workers: 1; success_prob: 1; max_attempts: 1
event: task_spawn; timestamp: 0; task: 7; pos: (4.95, 0.31); earliest_start: 12; latest_start: 21.76; state: PENDING; required_workers: 1; success_prob: 1; max_attempts: 1
event: task_spawn; timestamp: 0; task: 8; pos: (4.59, -0.81); earliest_start: 2; latest_start: 12.86; state: PENDING; required_workers: 1; success_prob: 1; max_attempts: 1
event: task_spawn; timestamp: 0; task: 9; pos: (3.41, -0.81); earliest_start: 25; latest_start: 33.96; state: PENDING; required_workers: 1; success_prob: 1; max_attempts: 1
event: task_spawn; timestamp: 0; task: 10; pos: (3.05, 0.31); earliest_start: 34; latest_start: 46.37; state: PENDING; required_workers: 1; success_prob: 1; max_attempts: 1
event: task_spawn; timestamp: 0; task: 11; pos: (0, -3); earliest_start: 12; latest_start: 21.19; state: PENDING; required_workers: 1; success_prob: 1; max_attempts: 1
event: task_spawn; timestamp: 0; task: 12; pos: (0.95, -3.69); earliest_start: 18; latest_start: 28.14; state: PENDING; required_workers: 1; success_prob: 1; max_attempts: 1
event: task_spawn; timestamp: 0; task: 13; pos: (0.59, -4.81); earliest_start: 21; latest_start: 27.75; state: PENDING; required_workers: 1; success_prob: 1; max_attempts: 1
event: task_spawn; timestamp: 0; task: 14; pos: (-0.59, -4.81); earliest_start: 17; latest_start: 31.09; state: PENDING; required_workers: 1; success_prob: 1; max_attempts: 1
event: task_spawn; timestamp: 0; task: 15; pos: (-0.95, -3.69); earliest_start: 25; latest_start: 37.04; state: PENDING; required_workers: 1; success_prob: 1; max_attempts: 1
event: task_spawn; timestamp: 0; task: 16; pos: (-4, 1); earliest_start: 28; latest_start: 40.03; state: PENDING; required_workers: 1; success_prob: 1; max_attempts: 1
event: task_spawn; timestamp: 0; task: 17; pos: (-3.05, 0.31); earliest_start: 11; latest_start: 23.34; state: PENDING; required_workers: 1; success_prob: 1; max_attempts: 1
event: task_spawn; timestamp: 0; task: 18; pos: (-3.41, -0.81); earliest_start: 31; latest_start: 39.18; state: PENDING; required_workers: 1; success_prob: 1; max_attempts: 1
event: task_spawn; timestamp: 0; task: 19; pos: (-4.59, -0.81); earliest_start: 33; latest_start: 41.98; state: PENDING; required_workers: 1; success_prob: 1; max_attempts: 1
event: task_spawn; timestamp: 0; task: 20; pos: (-4.95, 0.31); earliest_start: 17; latest_start: 24.32; state: PENDING; required_workers: 1; success_prob: 1; max_attempts: 1
event: robot_spawn; timestamp: 0; robot: 1; pos: (0, 0); state: AVAILABLE; battery_level: 100; battery_capacity: 100; velocity: 1; battery_rate_nav: 1
event: robot_spawn; timestamp: 0; robot: 2; pos: (0, 0); state: AVAILABLE; battery_level: 100; battery_capacity: 100; velocity: 1; battery_rate_nav: 1
event: robot_spawn; timestamp: 0; robot: 3; pos: (0, 0); state: AVAILABLE; battery_level: 100; battery_capacity: 100; velocity: 1; battery_rate_nav: 1
event: robot_spawn; timestamp: 0; robot: 4; pos: (0, 0); state: AVAILABLE; battery_level: 100; battery_capacity: 100; velocity: 1; battery_rate_nav: 1
event: robot_spawn; timestamp: 0; robot: 5; pos: (0, 0); state: AVAILABLE; battery_level: 100; battery_capacity: 100; velocity: 1; battery_rate_nav: 1
event: battery_consumption; timestamp: 0; robot: 3; time: 4.12311; initial_level: 100; final_level: 95.8769
event: navigation; timestamp: 0; robot: 3; time: 4.12311; src: (0, 0); dst: (4, 1)
event: battery_consumption; timestamp: 1; robot: 5; time: 4.12311; initial_level: 100; final_level: 95.8769
event: navigation; timestamp: 1; robot: 5; time: 4.12311; src: (0, 0); dst: (-4, 1)
event: battery_consumption; timestamp: 1; robot: 4; time: 4.41346; initial_level: 100; final_level: 95.5865
event: navigation; timestamp: 1; robot: 4; time: 4.41346; src: (0, 0); dst: (0.95, 4.31)
event: battery_consumption; timestamp: 1; robot: 1; time: 3.2441; initial_level: 100; final_level: 96.7559
event: navigation; timestamp: 1; robot: 1; time: 3.2441; src: (0, 0); dst: (0.59, 3.19)
event: battery_consumption; timestamp: 2; robot: 2; time: 3; initial_level: 100; final_level: 97
event: navigation; timestamp: 2; robot: 2; time: 3; src: (0, 0); dst: (0, -3)
event: task_execution; timestamp: 4.12311; task: 6; robot: 3; pos: (4, 1); time: 10
event: battery_consumption; timestamp: 4.12311; robot: 3; time: 10; initial_level: 95.8769; final_level: 85.8769
event: task_resolution; timestamp: 14.1231; task: 6; pos: (4, 1); status: COMPLETED; attempt: 1
event: battery_consumption; timestamp: 14.1231; robot: 3; time: 1.17414; initial_level: 85.8769; final_level: 84.7028
event: navigation; timestamp: 14.1231; robot: 3; time: 1.17414; src: (4, 1); dst: (4.95, 0.31)
event: task_execution; timestamp: 11; task: 3; robot: 1; pos: (0.59, 3.19); time: 10
event: battery_consumption; timestamp: 11; robot: 1; time: 10; initial_level: 96.7559; final_level: 86.7559
event: task_resolution; timestamp: 21; task: 3; pos: (0.59, 3.19); status: COMPLETED; attempt: 1
event: battery_consumption; timestamp: 21; robot: 1; time: 1.90373; initial_level: 86.7559; final_level: 84.8522
event: navigation; timestamp: 21; robot: 1; time: 1.90373; src: (0.59, 3.19); dst: (0, 5)
event: task_execution; timestamp: 12; task: 11; robot: 2; pos: (0, -3); time: 10
event: battery_consumption; timestamp: 12; robot: 2; time: 10; initial_level: 97; final_level: 87
event: task_resolution; timestamp: 22; task: 11; pos: (0, -3); status: COMPLETED; attempt: 1
event: battery_consumption; timestamp: 22; robot: 2; time: 1.90373; initial_level: 87; final_level: 85.0963
event: navigation; timestamp: 22; robot: 2; time: 1.90373; src: (0, -3); dst: (-0.59, -4.81)
event: task_execution; timestamp: 15.2972; task: 7; robot: 3; pos: (4.95, 0.31); time: 10
event: battery_consumption; timestamp: 15.2972; robot: 3; time: 10; initial_level: 84.7028; final_level: 74.7028
event: task_resolution; timestamp: 25.2972; task: 7; pos: (4.95, 0.31); status: COMPLETED; attempt: 1
event: battery_consumption; timestamp: 25.2972; robot: 3; time: 8.43469; initial_level: 74.7028; final_level: 66.2681
event: navigation; timestamp: 25.2972; robot: 3; time: 8.43469; src: (4.95, 0.31); dst: (-3.41, -0.81)
event: task_execution; timestamp: 22.9037; task: 1; robot: 1; pos: (0, 5); time: 10
event: battery_consumption; timestamp: 22.9037; robot: 1; time: 10; initial_level: 84.8522; final_level: 74.8522
event: task_resolution; timestamp: 32.9037; task: 1; pos: (0, 5); status: COMPLETED; attempt: 1
event: battery_consumption; timestamp: 32.9037; robot: 1; time: 5.59452; initial_level: 74.8522; final_level: 69.2576
event: navigation; timestamp: 32.9037; robot: 1; time: 5.59452; src: (0, 5); dst: (3.05, 0.31)
event: task_execution; timestamp: 23.9037; task: 14; robot: 2; pos: (-0.59, -4.81); time: 10
event: battery_consumption; timestamp: 23.9037; robot: 2; time: 10; initial_level: 85.0963; final_level: 75.0963
event: task_resolution; timestamp: 33.9037; task: 14; pos: (-0.59, -4.81); status: COMPLETED; attempt: 1
event: battery_consumption; timestamp: 33.9037; robot: 2; time: 1.17644; initial_level: 75.0963; final_level: 73.9198
event: navigation; timestamp: 33.9037; robot: 2; time: 1.17644; src: (-0.59, -4.81); dst: (-0.95, -3.69)
event: task_execution; timestamp: 28; task: 16; robot: 5; pos: (-4, 1); time: 10
event: battery_consumption; timestamp: 28; robot: 5; time: 10; initial_level: 95.8769; final_level: 85.8769
event: task_resolution; timestamp: 38; task: 16; pos: (-4, 1); status: COMPLETED; attempt: 1
event: battery_consumption; timestamp: 38; robot: 5; time: 1.90373; initial_level: 85.8769; final_level: 83.9732
event: navigation; timestamp: 38; robot: 5; time: 1.90373; src: (-4, 1); dst: (-4.59, -0.81)
event: task_execution; timestamp: 29; task: 2; robot: 4; pos: (0.95, 4.31); time: 10
event: battery_consumption; timestamp: 29; robot: 4; time: 10; initial_level: 95.5865; final_level: 85.5865
event: task_resolution; timestamp: 39; task: 2; pos: (0.95, 4.31); status: COMPLETED; attempt: 1
event: battery_consumption; timestamp: 39; robot: 4; time: 1.9; initial_level: 85.5865; final_level: 83.6865
event: navigation; timestamp: 39; robot: 4; time: 1.9; src: (0.95, 4.31); dst: (-0.95, 4.31)
event: task_execution; timestamp: 33.7319; task: 18; robot: 3; pos: (-3.41, -0.81); time: 10
event: battery_consumption; timestamp: 33.7319; robot: 3; time: 10; initial_level: 66.2681; final_level: 56.2681
event: task_resolution; timestamp: 43.7319; task: 18; pos: (-3.41, -0.81); status: COMPLETED; attempt: 1
event: battery_consumption; timestamp: 43.7319; robot: 3; time: 3.50488; initial_level: 56.2681; final_level: 52.7632
event: navigation; timestamp: 43.7319; robot: 3; time: 3.50488; src: (-3.41, -0.81); dst: (0, 0)
event: robot_finished; timestamp: 47.2368; robot: 3; pos: (0, 0); battery: 52.7632
event: task_execution; timestamp: 35.0802; task: 15; robot: 2; pos: (-0.95, -3.69); time: 10
event: battery_consumption; timestamp: 35.0802; robot: 2; time: 10; initial_level: 73.9198; final_level: 63.9198
event: task_resolution; timestamp: 45.0802; task: 15; pos: (-0.95, -3.69); status: COMPLETED; attempt: 1
event: battery_consumption; timestamp: 45.0802; robot: 2; time: 3.81033; initial_level: 63.9198; final_level: 60.1095
event: navigation; timestamp: 45.0802; robot: 2; time: 3.81033; src: (-0.95, -3.69); dst: (0, 0)
event: robot_finished; timestamp: 48.8905; robot: 2; pos: (0, 0); battery: 60.1095
event: task_execution; timestamp: 38.4982; task: 10; robot: 1; pos: (3.05, 0.31); time: 10
event: battery_consumption; timestamp: 38.4982; robot: 1; time: 10; initial_level: 69.2576; final_level: 59.2576
event: task_resolution; timestamp: 48.4982; task: 10; pos: (3.05, 0.31); status: COMPLETED; attempt: 1
event: battery_consumption; timestamp: 48.4982; robot: 1; time: 3.06571; initial_level: 59.2576; final_level: 56.1919
event: navigation; timestamp: 48.4982; robot: 1; time: 3.06571; src: (3.05, 0.31); dst: (0, 0)
event: robot_finished; timestamp: 51.564; robot: 1; pos: (0, 0); battery: 56.1919
event: task_execution; timestamp: 39.9037; task: 19; robot: 5; pos: (-4.59, -0.81); time: 10
event: battery_consumption; timestamp: 39.9037; robot: 5; time: 10; initial_level: 83.9732; final_level: 73.9732
event: task_resolution; timestamp: 49.9037; task: 19; pos: (-4.59, -0.81); status: COMPLETED; attempt: 1
event: battery_consumption; timestamp: 49.9037; robot: 5; time: 4.66092; initial_level: 73.9732; final_level: 69.3122
event: navigation; timestamp: 49.9037; robot: 5; time: 4.66092; src: (-4.59, -0.81); dst: (0, 0)
event: robot_finished; timestamp: 54.5647; robot: 5; pos: (0, 0); battery: 69.3122
event: task_execution; timestamp: 40.9; task: 5; robot: 4; pos: (-0.95, 4.31); time: 10
event: battery_consumption; timestamp: 40.9; robot: 4; time: 10; initial_level: 83.6865; final_level: 73.6865
event: task_resolution; timestamp: 50.9; task: 5; pos: (-0.95, 4.31); status: COMPLETED; attempt: 1
event: battery_consumption; timestamp: 50.9; robot: 4; time: 4.41346; initial_level: 73.6865; final_level: 69.2731
event: navigation; timestamp: 50.9; robot: 4; time: 4.41346; src: (-0.95, 4.31); dst: (0, 0)
event: robot_finished; timestamp: 55.3135; robot: 4; pos: (0, 0); battery: 69.2731
metric: available_agents; value: 0
metric: failed_agents; value: 0
metric: finished_agents; value: 5
metric: completed_tasks; value: 13
metric: pending_tasks; value: 0
metric: failed_tasks; value: 7
metric: average_robot_makespan; value: 51.5139
metric: sd_robot_makespan; value: 3.49721
metric: max_robot_makespan; value: 55.3135
metric: min_robot_makespan; value: 47.2368
metric: average_robot_travel_distance; value: 12.47
metric: sd_robot_travel_distance; value: 3.05702
metric: max_robot_travel_distance; value: 17.2368
metric: min_robot_travel_distance; value: 9.8905
metric: sum_robot_travel_distance; value: 62.3501
metric: average_completed_tasks_by_robot; value: 0
metric: sd_completed_tasks_by_robot; value: 0
metric: max_completed_tasks_by_robot; value: 0
metric: min_completed_tasks_by_robot; value: 0
metric: final_reward; value: 0.65
metric: computing_time; value: 1.37238
