info: solver_name; value: dec-mcts-v2
info: reward_function; value: reward00
info: replica; value: 1
info: filename; value: ../logs/fixed_sim/scenario_1E_24t_4r_dec-mcts-v2_reward00_001.log
info: scenario_name; value: scenario_1E_24t_4r
info: scenario_name; value: scenario_1E_24t_4r
info: number_of_tasks; value: 24
info: number_of_robots; value: 4
info: number_of_recharging_stations; value: 1
info: scenario_size; value: (15,15)
event: recharging_station_spawn; timestamp: 0; recharging_station: 1; pos: (0, 0)
event: task_spawn; timestamp: 0; task: 1; pos: (0, 5); earliest_start: 15; latest_start: 30.29; state: PENDING; required_workers: 1; success_prob: 1; max_attempts: 1
event: task_spawn; timestamp: 0; task: 2; pos: (0.87, 4.5); earliest_start: 50; latest_start: 59.5; state: PENDING; required_workers: 1; success_prob: 1; max_attempts: 1
event: task_spawn; timestamp: 0; task: 3; pos: (0.87, 3.5); earliest_start: 36; latest_start: 43.16; state: PENDING; required_workers: 1; success_prob: 1; max_attempts: 1
event: task_spawn; timestamp: 0; task: 4; pos: (0, 3); earliest_start: 23; latest_start: 33.11; state: PENDING; required_workers: 1; success_prob: 1; max_attempts: 1
event: task_spawn; timestamp: 0; task: 5; pos: (-0.87, 3.5); earliest_start: 8; latest_start: 9.61; state: PENDING; required_workers: 1; success_prob: 1; max_attempts: 1
event: task_spawn; timestamp: 0; task: 6; pos: (-0.87, 4.5); earliest_start: 39; latest_start: 50.74; state: PENDING; required_workers: 1; success_prob: 1; max_attempts: 1
event: task_spawn; timestamp: 0; task: 7; pos: (4, 1); earliest_start: 25; latest_start: 35.83; state: PENDING; required_workers: 1; success_prob: 1; max_attempts: 1
event: task_spawn; timestamp: 0; task: 8; pos: (4.87, 0.5); earliest_start: 45; latest_start: 54.26; state: PENDING; required_workers: 1; success_prob: 1; max_attempts: 1
event: task_spawn; timestamp: 0; task: 9; pos: (4.87, -0.5); earliest_start: 49; latest_start: 58.29; state: PENDING; required_workers: 1; success_prob: 1; max_attempts: 1
event: task_spawn; timestamp: 0; task: 10; pos: (4, -1); earliest_start: 26; latest_start: 32.41; state: PENDING; required_workers: 1; success_prob: 1; max_attempts: 1
event: task_spawn; timestamp: 0; task: 11; pos: (3.13, -0.5); earliest_start: 20; latest_start: 30.52; state: PENDING; required_workers: 1; success_prob: 1; max_attempts: 1
event: task_spawn; timestamp: 0; task: 12; pos: (3.13, 0.5); earliest_start: 41; latest_start: 49.95; state: PENDING; required_workers: 1; success_prob: 1; max_attempts: 1
event: task_spawn; timestamp: 0; task: 13; pos: (0, -3); earliest_start: 33; latest_start: 46; state: PENDING; required_workers: 1; success_prob: 1; max_attempts: 1
event: task_spawn; timestamp: 0; task: 14; pos: (0.87, -3.5); earliest_start: 22; latest_start: 33.51; state: PENDING; required_workers: 1; success_prob: 1; max_attempts: 1
event: task_spawn; timestamp: 0; task: 15; pos: (0.87, -4.5); earliest_start: 35; latest_start: 48.9; state: PENDING; required_workers: 1; success_prob: 1; max_attempts: 1
event: task_spawn; timestamp: 0; task: 16; pos: (0, -5); earliest_start: 40; latest_start: 54.07; state: PENDING; required_workers: 1; success_prob: 1; max_attempts: 1
event: task_spawn; timestamp: 0; task: 17; pos: (-0.87, -4.5); earliest_start: 8; latest_start: 13.63; state: PENDING; required_workers: 1; success_prob: 1; max_attempts: 1
event: task_spawn; timestamp: 0; task: 18; pos: (-0.87, -3.5); earliest_start: 27; latest_start: 34.31; state: PENDING; required_workers: 1; success_prob: 1; max_attempts: 1
event: task_spawn; timestamp: 0; task: 19; pos: (-4, 1); earliest_start: 7; latest_start: 10.96; state: PENDING; required_workers: 1; success_prob: 1; max_attempts: 1
event: task_spawn; timestamp: 0; task: 20; pos: (-3.13, 0.5); earliest_start: 33; latest_start: 42.89; state: PENDING; required_workers: 1; success_prob: 1; max_attempts: 1
event: task_spawn; timestamp: 0; task: 21; pos: (-3.13, -0.5); earliest_start: 20; latest_start: 31.03; state: PENDING; required_workers: 1; success_prob: 1; max_attempts: 1
event: task_spawn; timestamp: 0; task: 22; pos: (-4, -1); earliest_start: 45; latest_start: 56.48; state: PENDING; required_workers: 1; success_prob: 1; max_attempts: 1
event: task_spawn; timestamp: 0; task: 23; pos: (-4.87, -0.5); earliest_start: 33; latest_start: 44.12; state: PENDING; required_workers: 1; success_prob: 1; max_attempts: 1
event: task_spawn; timestamp: 0; task: 24; pos: (-4.87, 0.5); earliest_start: 18; latest_start: 35.2; state: PENDING; required_workers: 1; success_prob: 1; max_attempts: 1
event: robot_spawn; timestamp: 0; robot: 1; pos: (0, 0); state: AVAILABLE; battery_level: 100; battery_capacity: 100; velocity: 1; battery_rate_nav: 1
event: robot_spawn; timestamp: 0; robot: 2; pos: (0, 0); state: AVAILABLE; battery_level: 100; battery_capacity: 100; velocity: 1; battery_rate_nav: 1
event: robot_spawn; timestamp: 0; robot: 3; pos: (0, 0); state: AVAILABLE; battery_level: 100; battery_capacity: 100; velocity: 1; battery_rate_nav: 1
event: robot_spawn; timestamp: 0; robot: 4; pos: (0, 0); state: AVAILABLE; battery_level: 100; battery_capacity: 100; velocity: 1; battery_rate_nav: 1
event: battery_consumption; timestamp: 0; robot: 4; time: 5; initial_level: 100; final_level: 95
event: navigation; timestamp: 0; robot: 4; time: 5; src: (0, 0); dst: (0, 5)
event: battery_consumption; timestamp: 0; robot: 2; time: 3.60651; initial_level: 100; final_level: 96.3935
event: navigation; timestamp: 0; robot: 2; time: 3.60651; src: (0, 0); dst: (-0.87, 3.5)
event: battery_consumption; timestamp: 1; robot: 3; time: 3.16968; initial_level: 100; final_level: 96.8303
event: navigation; timestamp: 1; robot: 3; time: 3.16968; src: (0, 0); dst: (-3.13, -0.5)
event: battery_consumption; timestamp: 1; robot: 1; time: 4.12311; initial_level: 100; final_level: 95.8769
event: navigation; timestamp: 1; robot: 1; time: 4.12311; src: (0, 0); dst: (-4, 1)
event: task_execution; timestamp: 7; task: 19; robot: 1; pos: (-4, 1); time: 10
event: battery_consumption; timestamp: 7; robot: 1; time: 10; initial_level: 95.8769; final_level: 85.8769
event: task_resolution; timestamp: 17; task: 19; pos: (-4, 1); status: COMPLETED; attempt: 1
event: battery_consumption; timestamp: 17; robot: 1; time: 8; initial_level: 85.8769; final_level: 77.8769
event: navigation; timestamp: 17; robot: 1; time: 8; src: (-4, 1); dst: (4, 1)
event: task_execution; timestamp: 8; task: 5; robot: 2; pos: (-0.87, 3.5); time: 10
event: battery_consumption; timestamp: 8; robot: 2; time: 10; initial_level: 96.3935; final_level: 86.3935
event: task_resolution; timestamp: 18; task: 5; pos: (-0.87, 3.5); status: COMPLETED; attempt: 1
event: battery_consumption; timestamp: 18; robot: 2; time: 5; initial_level: 86.3935; final_level: 81.3935
event: navigation; timestamp: 18; robot: 2; time: 5; src: (-0.87, 3.5); dst: (-4.87, 0.5)
event: task_execution; timestamp: 15; task: 1; robot: 4; pos: (0, 5); time: 10
event: battery_consumption; timestamp: 15; robot: 4; time: 10; initial_level: 95; final_level: 85
event: task_resolution; timestamp: 25; task: 1; pos: (0, 5); status: COMPLETED; attempt: 1
event: battery_consumption; timestamp: 25; robot: 4; time: 2; initial_level: 85; final_level: 83
event: navigation; timestamp: 25; robot: 4; time: 2; src: (0, 5); dst: (0, 3)
event: task_execution; timestamp: 20; task: 21; robot: 3; pos: (-3.13, -0.5); time: 10
event: battery_consumption; timestamp: 20; robot: 3; time: 10; initial_level: 96.8303; final_level: 86.8303
event: task_resolution; timestamp: 30; task: 21; pos: (-3.13, -0.5); status: COMPLETED; attempt: 1
event: battery_consumption; timestamp: 30; robot: 3; time: 5.65685; initial_level: 86.8303; final_level: 81.1735
event: navigation; timestamp: 30; robot: 3; time: 5.65685; src: (-3.13, -0.5); dst: (0.87, -4.5)
event: task_execution; timestamp: 23; task: 24; robot: 2; pos: (-4.87, 0.5); time: 10
event: battery_consumption; timestamp: 23; robot: 2; time: 10; initial_level: 81.3935; final_level: 71.3935
event: task_resolution; timestamp: 33; task: 24; pos: (-4.87, 0.5); status: COMPLETED; attempt: 1
event: battery_consumption; timestamp: 33; robot: 2; time: 5.65685; initial_level: 71.3935; final_level: 65.7366
event: navigation; timestamp: 33; robot: 2; time: 5.65685; src: (-4.87, 0.5); dst: (-0.87, -3.5)
event: battery_consumption; timestamp: 34.31; robot: 2; time: 5.65685; initial_level: 65.7366; final_level: 60.0798
event: navigation; timestamp: 34.31; robot: 2; time: 5.65685; src: (-0.87, -3.5); dst: (3.13, 0.5)
event: task_execution; timestamp: 25; task: 7; robot: 1; pos: (4, 1); time: 10
event: battery_consumption; timestamp: 25; robot: 1; time: 10; initial_level: 77.8769; final_level: 67.8769
event: task_resolution; timestamp: 35; task: 7; pos: (4, 1); status: COMPLETED; attempt: 1
event: battery_consumption; timestamp: 35; robot: 1; time: 4.00586; initial_level: 67.8769; final_level: 63.871
event: navigation; timestamp: 35; robot: 1; time: 4.00586; src: (4, 1); dst: (0.87, 3.5)
event: task_execution; timestamp: 27; task: 4; robot: 4; pos: (0, 3); time: 10
event: battery_consumption; timestamp: 27; robot: 4; time: 10; initial_level: 83; final_level: 73
event: task_resolution; timestamp: 37; task: 4; pos: (0, 3); status: COMPLETED; attempt: 1
event: battery_consumption; timestamp: 37; robot: 4; time: 1.73404; initial_level: 73; final_level: 71.266
event: navigation; timestamp: 37; robot: 4; time: 1.73404; src: (0, 3); dst: (-0.87, 4.5)
event: task_execution; timestamp: 35.6569; task: 15; robot: 3; pos: (0.87, -4.5); time: 10
event: battery_consumption; timestamp: 35.6569; robot: 3; time: 10; initial_level: 81.1735; final_level: 71.1735
event: task_resolution; timestamp: 45.6569; task: 15; pos: (0.87, -4.5); status: COMPLETED; attempt: 1
event: battery_consumption; timestamp: 45.6569; robot: 3; time: 1.00344; initial_level: 71.1735; final_level: 70.17
event: navigation; timestamp: 45.6569; robot: 3; time: 1.00344; src: (0.87, -4.5); dst: (0, -5)
event: task_execution; timestamp: 39; task: 6; robot: 4; pos: (-0.87, 4.5); time: 10
event: battery_consumption; timestamp: 39; robot: 4; time: 10; initial_level: 71.266; final_level: 61.266
event: task_resolution; timestamp: 49; task: 6; pos: (-0.87, 4.5); status: COMPLETED; attempt: 1
event: battery_consumption; timestamp: 49; robot: 4; time: 6.32826; initial_level: 61.266; final_level: 54.9377
event: navigation; timestamp: 49; robot: 4; time: 6.32826; src: (-0.87, 4.5); dst: (-4, -1)
event: task_execution; timestamp: 39.0059; task: 3; robot: 1; pos: (0.87, 3.5); time: 10
event: battery_consumption; timestamp: 39.0059; robot: 1; time: 10; initial_level: 63.871; final_level: 53.871
event: task_resolution; timestamp: 49.0059; task: 3; pos: (0.87, 3.5); status: COMPLETED; attempt: 1
event: battery_consumption; timestamp: 49.0059; robot: 1; time: 5; initial_level: 53.871; final_level: 48.871
event: navigation; timestamp: 49.0059; robot: 1; time: 5; src: (0.87, 3.5); dst: (4.87, 0.5)
event: task_execution; timestamp: 41; task: 12; robot: 2; pos: (3.13, 0.5); time: 10
event: battery_consumption; timestamp: 41; robot: 2; time: 10; initial_level: 60.0798; final_level: 50.0798
event: task_resolution; timestamp: 51; task: 12; pos: (3.13, 0.5); status: COMPLETED; attempt: 1
event: battery_consumption; timestamp: 51; robot: 2; time: 2.00689; initial_level: 50.0798; final_level: 48.0729
event: navigation; timestamp: 51; robot: 2; time: 2.00689; src: (3.13, 0.5); dst: (4.87, -0.5)
event: task_execution; timestamp: 46.6603; task: 16; robot: 3; pos: (0, -5); time: 10
event: battery_consumption; timestamp: 46.6603; robot: 3; time: 10; initial_level: 70.17; final_level: 60.17
event: task_resolution; timestamp: 56.6603; task: 16; pos: (0, -5); status: COMPLETED; attempt: 1
event: battery_consumption; timestamp: 56.6603; robot: 3; time: 9.53975; initial_level: 60.17; final_level: 50.6303
event: navigation; timestamp: 56.6603; robot: 3; time: 9.53975; src: (0, -5); dst: (0.87, 4.5)
event: battery_consumption; timestamp: 59.5; robot: 3; time: 4.58333; initial_level: 50.6303; final_level: 46.0469
event: navigation; timestamp: 59.5; robot: 3; time: 4.58333; src: (0.87, 4.5); dst: (0, 0)
event: robot_finished; timestamp: 64.0833; robot: 3; pos: (0, 0); battery: 46.0469
event: task_execution; timestamp: 53.0069; task: 9; robot: 2; pos: (4.87, -0.5); time: 10
event: battery_consumption; timestamp: 53.0069; robot: 2; time: 10; initial_level: 48.0729; final_level: 38.0729
event: task_resolution; timestamp: 63.0069; task: 9; pos: (4.87, -0.5); status: COMPLETED; attempt: 1
event: battery_consumption; timestamp: 63.0069; robot: 2; time: 4.8956; initial_level: 38.0729; final_level: 33.1773
event: navigation; timestamp: 63.0069; robot: 2; time: 4.8956; src: (4.87, -0.5); dst: (0, 0)
event: recharge; timestamp: 67.9025; robot: 2; recharging_station: 1; pos: (0, 0); level: 100
event: task_execution; timestamp: 54.0059; task: 8; robot: 1; pos: (4.87, 0.5); time: 10
event: battery_consumption; timestamp: 54.0059; robot: 1; time: 10; initial_level: 48.871; final_level: 38.871
event: task_resolution; timestamp: 64.0059; task: 8; pos: (4.87, 0.5); status: COMPLETED; attempt: 1
event: battery_consumption; timestamp: 64.0059; robot: 1; time: 4.8956; initial_level: 38.871; final_level: 33.9754
event: navigation; timestamp: 64.0059; robot: 1; time: 4.8956; src: (4.87, 0.5); dst: (0, 0)
event: recharge; timestamp: 68.9015; robot: 1; recharging_station: 1; pos: (0, 0); level: 100
event: task_execution; timestamp: 55.3283; task: 22; robot: 4; pos: (-4, -1); time: 10
event: battery_consumption; timestamp: 55.3283; robot: 4; time: 10; initial_level: 54.9377; final_level: 44.9377
event: task_resolution; timestamp: 65.3283; task: 22; pos: (-4, -1); status: COMPLETED; attempt: 1
event: battery_consumption; timestamp: 66.3283; robot: 4; time: 4.12311; initial_level: 44.9377; final_level: 40.8146
event: navigation; timestamp: 66.3283; robot: 4; time: 4.12311; src: (-4, -1); dst: (0, 0)
event: robot_finished; timestamp: 70.4514; robot: 4; pos: (0, 0); battery: 40.8146
event: robot_finished; timestamp: 67.9025; robot: 2; pos: (0, 0); battery: 100
event: robot_finished; timestamp: 69.9015; robot: 1; pos: (0, 0); battery: 100
metric: available_agents; value: 0
metric: failed_agents; value: 0
metric: finished_agents; value: 4
metric: completed_tasks; value: 15
metric: pending_tasks; value: 0
metric: failed_tasks; value: 9
metric: average_robot_makespan; value: 68.0847
metric: sd_robot_makespan; value: 2.88363
metric: max_robot_makespan; value: 70.4514
metric: min_robot_makespan; value: 64.0833
metric: average_robot_travel_distance; value: 23.9964
metric: sd_robot_travel_distance; value: 3.42778
metric: max_robot_travel_distance; value: 26.8227
metric: min_robot_travel_distance; value: 19.1854
metric: sum_robot_travel_distance; value: 95.9857
metric: average_completed_tasks_by_robot; value: 0
metric: sd_completed_tasks_by_robot; value: 0
metric: max_completed_tasks_by_robot; value: 0
metric: min_completed_tasks_by_robot; value: 0
metric: final_reward; value: 0.625
metric: computing_time; value: 1.30878
