info: solver_name; value: dec-mcts-v3
info: reward_function; value: reward00
info: replica; value: 2
info: filename; value: ../logs/fixed_sim/scenario_1E_24t_3r_dec-mcts-v3_reward00_002.log
info: scenario_name; value: scenario_1E_24t_3r
info: scenario_name; value: scenario_1E_24t_3r
info: number_of_tasks; value: 24
info: number_of_robots; value: 3
info: number_of_recharging_stations; value: 1
info: scenario_size; value: (15,15)
event: recharging_station_spawn; timestamp: 0; recharging_station: 1; pos: (0, 0)
event: task_spawn; timestamp: 0; task: 1; pos: (0, 5); earliest_start: 28; latest_start: 35.25; state: PENDING; required_workers: 1; success_prob: 1; max_attempts: 1
event: task_spawn; timestamp: 0; task: 2; pos: (0.87, 4.5); earliest_start: 48; latest_start: 58.89; state: PENDING; required_workers: 1; success_prob: 1; max_attempts: 1
event: task_spawn; timestamp: 0; task: 3; pos: (0.87, 3.5); earliest_start: 23; latest_start: 34.45; state: PENDING; required_workers: 1; success_prob: 1; max_attempts: 1
event: task_spawn; timestamp: 0; task: 4; pos: (0, 3); earliest_start: 25; latest_start: 35.76; state: PENDING; required_workers: 1; success_prob: 1; max_attempts: 1
event: task_spawn; timestamp: 0; task: 5; pos: (-0.87, 3.5); earliest_start: 7; latest_start: 16.05; state: PENDING; required_workers: 1; success_prob: 1; max_attempts: 1
event: task_spawn; timestamp: 0; task: 6; pos: (-0.87, 4.5); earliest_start: 1; latest_start: 13.23; state: PENDING; required_workers: 1; success_prob: 1; max_attempts: 1
event: task_spawn; timestamp: 0; task: 7; pos: (4, 1); earliest_start: 24; latest_start: 33.68; state: PENDING; required_workers: 1; success_prob: 1; max_attempts: 1
event: task_spawn; timestamp: 0; task: 8; pos: (4.87, 0.5); earliest_start: 35; latest_start: 41.49; state: PENDING; required_workers: 1; success_prob: 1; max_attempts: 1
event: task_spawn; timestamp: 0; task: 9; pos: (4.87, -0.5); earliest_start: 45; latest_start: 58.83; state: PENDING; required_workers: 1; success_prob: 1; max_attempts: 1
event: task_spawn; timestamp: 0; task: 10; pos: (4, -1); earliest_start: 28; latest_start: 41.49; state: PENDING; required_workers: 1; success_prob: 1; max_attempts: 1
event: task_spawn; timestamp: 0; task: 11; pos: (3.13, -0.5); earliest_start: 44; latest_start: 54.91; state: PENDING; required_workers: 1; success_prob: 1; max_attempts: 1
event: task_spawn; timestamp: 0; task: 12; pos: (3.13, 0.5); earliest_start: 31; latest_start: 45.03; state: PENDING; required_workers: 1; success_prob: 1; max_attempts: 1
event: task_spawn; timestamp: 0; task: 13; pos: (0, -3); earliest_start: 4; latest_start: 14.5; state: PENDING; required_workers: 1; success_prob: 1; max_attempts: 1
event: task_spawn; timestamp: 0; task: 14; pos: (0.87, -3.5); earliest_start: 28; latest_start: 39.54; state: PENDING; required_workers: 1; success_prob: 1; max_attempts: 1
event: task_spawn; timestamp: 0; task: 15; pos: (0.87, -4.5); earliest_start: 5; latest_start: 17.22; state: PENDING; required_workers: 1; success_prob: 1; max_attempts: 1
event: task_spawn; timestamp: 0; task: 16; pos: (0, -5); earliest_start: 43; latest_start: 57.19; state: PENDING; required_workers: 1; success_prob: 1; max_attempts: 1
event: task_spawn; timestamp: 0; task: 17; pos: (-0.87, -4.5); earliest_start: 42; latest_start: 60.63; state: PENDING; required_workers: 1; success_prob: 1; max_attempts: 1
event: task_spawn; timestamp: 0; task: 18; pos: (-0.87, -3.5); earliest_start: 22; latest_start: 30.22; state: PENDING; required_workers: 1; success_prob: 1; max_attempts: 1
event: task_spawn; timestamp: 0; task: 19; pos: (-4, 1); earliest_start: 18; latest_start: 27.05; state: PENDING; required_workers: 1; success_prob: 1; max_attempts: 1
event: task_spawn; timestamp: 0; task: 20; pos: (-3.13, 0.5); earliest_start: 19; latest_start: 25.33; state: PENDING; required_workers: 1; success_prob: 1; max_attempts: 1
event: task_spawn; timestamp: 0; task: 21; pos: (-3.13, -0.5); earliest_start: 44; latest_start: 56.81; state: PENDING; required_workers: 1; success_prob: 1; max_attempts: 1
event: task_spawn; timestamp: 0; task: 22; pos: (-4, -1); earliest_start: 40; latest_start: 46.2; state: PENDING; required_workers: 1; success_prob: 1; max_attempts: 1
event: task_spawn; timestamp: 0; task: 23; pos: (-4.87, -0.5); earliest_start: 14; latest_start: 25.3; state: PENDING; required_workers: 1; success_prob: 1; max_attempts: 1
event: task_spawn; timestamp: 0; task: 24; pos: (-4.87, 0.5); earliest_start: 7; latest_start: 19.52; state: PENDING; required_workers: 1; success_prob: 1; max_attempts: 1
event: robot_spawn; timestamp: 0; robot: 1; pos: (0, 0); state: AVAILABLE; battery_level: 100; battery_capacity: 100; velocity: 1; battery_rate_nav: 1
event: robot_spawn; timestamp: 0; robot: 2; pos: (0, 0); state: AVAILABLE; battery_level: 100; battery_capacity: 100; velocity: 1; battery_rate_nav: 1
event: robot_spawn; timestamp: 0; robot: 3; pos: (0, 0); state: AVAILABLE; battery_level: 100; battery_capacity: 100; velocity: 1; battery_rate_nav: 1
event: battery_consumption; timestamp: 0; robot: 2; time: 3; initial_level: 100; final_level: 97
event: navigation; timestamp: 0; robot: 2; time: 3; src: (0, 0); dst: (0, -3)
event: battery_consumption; timestamp: 0; robot: 3; time: 4.8956; initial_level: 100; final_level: 95.1044
event: navigation; timestamp: 0; robot: 3; time: 4.8956; src: (0, 0); dst: (-4.87, 0.5)
event: battery_consumption; timestamp: 1; robot: 1; time: 4.58333; initial_level: 100; final_level: 95.4167
event: navigation; timestamp: 1; robot: 1; time: 4.58333; src: (0, 0); dst: (0.87, -4.5)
event: task_execution; timestamp: 4; task: 13; robot: 2; pos: (0, -3); time: 10
event: battery_consumption; timestamp: 4; robot: 2; time: 10; initial_level: 97; final_level: 87
event: task_resolution; timestamp: 14; task: 13; pos: (0, -3); status: COMPLETED; attempt: 1
event: battery_consumption; timestamp: 14; robot: 2; time: 4.69541; initial_level: 87; final_level: 82.3046
event: navigation; timestamp: 14; robot: 2; time: 4.69541; src: (0, -3); dst: (-3.13, 0.5)
event: task_execution; timestamp: 5.58333; task: 15; robot: 1; pos: (0.87, -4.5); time: 10
event: battery_consumption; timestamp: 5.58333; robot: 1; time: 10; initial_level: 95.4167; final_level: 85.4167
event: task_resolution; timestamp: 15.5833; task: 15; pos: (0.87, -4.5); status: COMPLETED; attempt: 1
event: battery_consumption; timestamp: 15.5833; robot: 1; time: 8; initial_level: 85.4167; final_level: 77.4167
event: navigation; timestamp: 15.5833; robot: 1; time: 8; src: (0.87, -4.5); dst: (0.87, 3.5)
event: task_execution; timestamp: 7; task: 24; robot: 3; pos: (-4.87, 0.5); time: 10
event: battery_consumption; timestamp: 7; robot: 3; time: 10; initial_level: 95.1044; final_level: 85.1044
event: task_resolution; timestamp: 17; task: 24; pos: (-4.87, 0.5); status: COMPLETED; attempt: 1
event: battery_consumption; timestamp: 17; robot: 3; time: 1.00344; initial_level: 85.1044; final_level: 84.101
event: navigation; timestamp: 17; robot: 3; time: 1.00344; src: (-4.87, 0.5); dst: (-4, 1)
event: task_execution; timestamp: 18.0034; task: 19; robot: 3; pos: (-4, 1); time: 10
event: battery_consumption; timestamp: 18.0034; robot: 3; time: 10; initial_level: 84.101; final_level: 74.101
event: task_resolution; timestamp: 28.0034; task: 19; pos: (-4, 1); status: COMPLETED; attempt: 1
event: battery_consumption; timestamp: 28.0034; robot: 3; time: 5.99724; initial_level: 74.101; final_level: 68.1037
event: navigation; timestamp: 28.0034; robot: 3; time: 5.99724; src: (-4, 1); dst: (0.87, 4.5)
event: task_execution; timestamp: 19; task: 20; robot: 2; pos: (-3.13, 0.5); time: 10
event: battery_consumption; timestamp: 19; robot: 2; time: 10; initial_level: 82.3046; final_level: 72.3046
event: task_resolution; timestamp: 29; task: 20; pos: (-3.13, 0.5); status: COMPLETED; attempt: 1
event: battery_consumption; timestamp: 29; robot: 2; time: 6.26; initial_level: 72.3046; final_level: 66.0446
event: navigation; timestamp: 29; robot: 2; time: 6.26; src: (-3.13, 0.5); dst: (3.13, 0.5)
event: task_execution; timestamp: 23.5833; task: 3; robot: 1; pos: (0.87, 3.5); time: 10
event: battery_consumption; timestamp: 23.5833; robot: 1; time: 10; initial_level: 77.4167; final_level: 67.4167
event: task_resolution; timestamp: 33.5833; task: 3; pos: (0.87, 3.5); status: COMPLETED; attempt: 1
event: battery_consumption; timestamp: 33.5833; robot: 1; time: 6.63075; initial_level: 67.4167; final_level: 60.7859
event: navigation; timestamp: 33.5833; robot: 1; time: 6.63075; src: (0.87, 3.5); dst: (-4, -1)
event: task_execution; timestamp: 35.26; task: 12; robot: 2; pos: (3.13, 0.5); time: 10
event: battery_consumption; timestamp: 35.26; robot: 2; time: 10; initial_level: 66.0446; final_level: 56.0446
event: task_resolution; timestamp: 45.26; task: 12; pos: (3.13, 0.5); status: COMPLETED; attempt: 1
event: battery_consumption; timestamp: 45.26; robot: 2; time: 1; initial_level: 56.0446; final_level: 55.0446
event: navigation; timestamp: 45.26; robot: 2; time: 1; src: (3.13, 0.5); dst: (3.13, -0.5)
event: task_execution; timestamp: 40.2141; task: 22; robot: 1; pos: (-4, -1); time: 10
event: battery_consumption; timestamp: 40.2141; robot: 1; time: 10; initial_level: 60.7859; final_level: 50.7859
event: task_resolution; timestamp: 50.2141; task: 22; pos: (-4, -1); status: COMPLETED; attempt: 1
event: battery_consumption; timestamp: 50.2141; robot: 1; time: 4.69541; initial_level: 50.7859; final_level: 46.0905
event: navigation; timestamp: 50.2141; robot: 1; time: 4.69541; src: (-4, -1); dst: (-0.87, -4.5)
event: task_execution; timestamp: 46.26; task: 11; robot: 2; pos: (3.13, -0.5); time: 10
event: battery_consumption; timestamp: 46.26; robot: 2; time: 10; initial_level: 55.0446; final_level: 45.0446
event: task_resolution; timestamp: 56.26; task: 11; pos: (3.13, -0.5); status: COMPLETED; attempt: 1
event: battery_consumption; timestamp: 56.26; robot: 2; time: 1.74; initial_level: 45.0446; final_level: 43.3046
event: navigation; timestamp: 56.26; robot: 2; time: 1.74; src: (3.13, -0.5); dst: (4.87, -0.5)
event: task_execution; timestamp: 48; task: 2; robot: 3; pos: (0.87, 4.5); time: 10
event: battery_consumption; timestamp: 48; robot: 3; time: 10; initial_level: 68.1037; final_level: 58.1037
event: task_resolution; timestamp: 58; task: 2; pos: (0.87, 4.5); status: COMPLETED; attempt: 1
event: battery_consumption; timestamp: 58; robot: 3; time: 4.58333; initial_level: 58.1037; final_level: 53.5204
event: navigation; timestamp: 58; robot: 3; time: 4.58333; src: (0.87, 4.5); dst: (0, 0)
event: robot_finished; timestamp: 62.5833; robot: 3; pos: (0, 0); battery: 53.5204
event: task_execution; timestamp: 54.9095; task: 17; robot: 1; pos: (-0.87, -4.5); time: 10
event: battery_consumption; timestamp: 54.9095; robot: 1; time: 10; initial_level: 46.0905; final_level: 36.0905
event: task_resolution; timestamp: 64.9095; task: 17; pos: (-0.87, -4.5); status: COMPLETED; attempt: 1
event: battery_consumption; timestamp: 64.9095; robot: 1; time: 4.58333; initial_level: 36.0905; final_level: 31.5072
event: navigation; timestamp: 64.9095; robot: 1; time: 4.58333; src: (-0.87, -4.5); dst: (0, 0)
event: robot_finished; timestamp: 69.4928; robot: 1; pos: (0, 0); battery: 31.5072
event: task_execution; timestamp: 58; task: 9; robot: 2; pos: (4.87, -0.5); time: 10
event: battery_consumption; timestamp: 58; robot: 2; time: 10; initial_level: 43.3046; final_level: 33.3046
event: task_resolution; timestamp: 68; task: 9; pos: (4.87, -0.5); status: COMPLETED; attempt: 1
event: battery_consumption; timestamp: 68; robot: 2; time: 4.8956; initial_level: 33.3046; final_level: 28.409
event: navigation; timestamp: 68; robot: 2; time: 4.8956; src: (4.87, -0.5); dst: (0, 0)
event: robot_finished; timestamp: 72.8956; robot: 2; pos: (0, 0); battery: 28.409
metric: available_agents; value: 0
metric: failed_agents; value: 0
metric: finished_agents; value: 3
metric: completed_tasks; value: 12
metric: pending_tasks; value: 0
metric: failed_tasks; value: 12
metric: average_robot_makespan; value: 68.3239
metric: sd_robot_makespan; value: 5.25457
metric: max_robot_makespan; value: 72.8956
metric: min_robot_makespan; value: 62.5833
metric: average_robot_travel_distance; value: 22.1878
metric: sd_robot_travel_distance; value: 6.0288
metric: max_robot_travel_distance; value: 28.4928
metric: min_robot_travel_distance; value: 16.4796
metric: sum_robot_travel_distance; value: 66.5635
metric: average_completed_tasks_by_robot; value: 0
metric: sd_completed_tasks_by_robot; value: 0
metric: max_completed_tasks_by_robot; value: 0
metric: min_completed_tasks_by_robot; value: 0
metric: final_reward; value: 0.5
metric: computing_time; value: 1.04331
